
running 1 test
Initializing CPU
lobyte: FA
hibyte: EB
00|00|00|FF |EBFA |1/7  |00100100 |0
CPU initialized


00|00|00|FF |EBFA |1/7  |00100100 |0
00|00|00|FF |EBFA |2/7  |00100100 |1
00|00|00|FF |EBFA |3/7  |00100100 |2
00|00|00|FF |EBFA |4/7  |00100100 |3
00|00|00|FF |EBFA |5/7  |00100100 |4
00|00|00|FF |EBFA |6/7  |00100100 |5
00|00|00|FF |EBFA |7/7  |00100100 |6


---------------
Opcode: A9
ll: FF
Instruction:LDA Addressing Mode:Immediate - Operand (Value: "0xFF", Address: "None")
Instruction cycle count set to 2
A |X |Y |SP |PC   |T/MT |NV-BDIZC |CYCLE
----------------------------------------
FF|00|00|FF |EBFC |1/2  |10100100 |7
FF|00|00|FF |EBFC |2/2  |10100100 |8


---------------
Opcode: 8D
ll: 24 hh: 02
Instruction:STA Addressing Mode:Absolute - Operand (Value: "0x00", Address: "0x0224")
Writing value 0xFF to address: 0x0224
0x0224: 0xFF
Instruction cycle count set to 4
A |X |Y |SP |PC   |T/MT |NV-BDIZC |CYCLE
----------------------------------------
FF|00|00|FF |EBFF |1/4  |10100100 |9
FF|00|00|FF |EBFF |2/4  |10100100 |10
FF|00|00|FF |EBFF |3/4  |10100100 |11
FF|00|00|FF |EBFF |4/4  |10100100 |12


---------------
Opcode: A9
ll: 00
Instruction:LDA Addressing Mode:Immediate - Operand (Value: "0x00", Address: "None")
Instruction cycle count set to 2
A |X |Y |SP |PC   |T/MT |NV-BDIZC |CYCLE
----------------------------------------
00|00|00|FF |EC01 |1/2  |00100110 |13
00|00|00|FF |EC01 |2/2  |00100110 |14


---------------
Opcode: 48
Instruction:PHA Addressing Mode:Implied - Operand (Value: "None", Address: "None")
Writing value 0x00 to address: 0x01FF
0x01FF: 0x00
Instruction cycle count set to 3
A |X |Y |SP |PC   |T/MT |NV-BDIZC |CYCLE
----------------------------------------
00|00|00|FE |EC02 |1/3  |00100110 |15
00|00|00|FE |EC02 |2/3  |00100110 |16
00|00|00|FE |EC02 |3/3  |00100110 |17


---------------
Opcode: A2
ll: 00
Instruction:LDX Addressing Mode:Immediate - Operand (Value: "0x00", Address: "None")
Instruction cycle count set to 2
A |X |Y |SP |PC   |T/MT |NV-BDIZC |CYCLE
----------------------------------------
00|00|00|FE |EC04 |1/2  |00100110 |18
00|00|00|FE |EC04 |2/2  |00100110 |19


---------------
Opcode: BD
ll: 10 hh: EC
Instruction:LDA Addressing Mode:AbsoluteX - Operand (Value: "0xA9", Address: "0xEC10")
Instruction cycle count set to 4
A |X |Y |SP |PC   |T/MT |NV-BDIZC |CYCLE
----------------------------------------
A9|00|00|FE |EC07 |1/4  |10100100 |20
A9|00|00|FE |EC07 |2/4  |10100100 |21
A9|00|00|FE |EC07 |3/4  |10100100 |22
A9|00|00|FE |EC07 |4/4  |10100100 |23


---------------
Opcode: 9D
ll: 00 hh: 07
Instruction:STA Addressing Mode:AbsoluteX - Operand (Value: "0x00", Address: "0x0700")
Writing value 0xA9 to address: 0x0700
0x0700: 0xA9
Instruction cycle count set to 5
A |X |Y |SP |PC   |T/MT |NV-BDIZC |CYCLE
----------------------------------------
A9|00|00|FE |EC0A |1/5  |10100100 |24
A9|00|00|FE |EC0A |2/5  |10100100 |25
A9|00|00|FE |EC0A |3/5  |10100100 |26
A9|00|00|FE |EC0A |4/5  |10100100 |27
A9|00|00|FE |EC0A |5/5  |10100100 |28


---------------
Opcode: E8
Instruction:INX Addressing Mode:Implied - Operand (Value: "None", Address: "None")
Instruction cycle count set to 2
A |X |Y |SP |PC   |T/MT |NV-BDIZC |CYCLE
----------------------------------------
A9|01|00|FE |EC0B |1/2  |00100100 |29
A9|01|00|FE |EC0B |2/2  |00100100 |30


---------------
Opcode: D0
ll: F7
Old PC: EC0D Offset:-9 New PC: EC04
Instruction:BNE Addressing Mode:Relative - Operand (Value: "None", Address: "0xEC04")
Instruction cycle count set to 2
A |X |Y |SP |PC   |T/MT |NV-BDIZC |CYCLE
----------------------------------------
A9|01|00|FE |EC04 |1/3  |00100100 |31
A9|01|00|FE |EC04 |2/3  |00100100 |32
A9|01|00|FE |EC04 |3/3  |00100100 |33


---------------
Opcode: BD
ll: 10 hh: EC
Instruction:LDA Addressing Mode:AbsoluteX - Operand (Value: "0x40", Address: "0xEC11")
Instruction cycle count set to 4
A |X |Y |SP |PC   |T/MT |NV-BDIZC |CYCLE
----------------------------------------
40|01|00|FE |EC07 |1/4  |00100100 |34
40|01|00|FE |EC07 |2/4  |00100100 |35
40|01|00|FE |EC07 |3/4  |00100100 |36
40|01|00|FE |EC07 |4/4  |00100100 |37


---------------
Opcode: 9D
ll: 00 hh: 07
Instruction:STA Addressing Mode:AbsoluteX - Operand (Value: "0x00", Address: "0x0701")
Writing value 0x40 to address: 0x0701
0x0701: 0x40
Instruction cycle count set to 5
A |X |Y |SP |PC   |T/MT |NV-BDIZC |CYCLE
----------------------------------------
40|01|00|FE |EC0A |1/5  |00100100 |38
40|01|00|FE |EC0A |2/5  |00100100 |39
40|01|00|FE |EC0A |3/5  |00100100 |40
40|01|00|FE |EC0A |4/5  |00100100 |41
40|01|00|FE |EC0A |5/5  |00100100 |42


---------------
Opcode: E8
Instruction:INX Addressing Mode:Implied - Operand (Value: "None", Address: "None")
Instruction cycle count set to 2
A |X |Y |SP |PC   |T/MT |NV-BDIZC |CYCLE
----------------------------------------
40|02|00|FE |EC0B |1/2  |00100100 |43
40|02|00|FE |EC0B |2/2  |00100100 |44


---------------
Opcode: D0
ll: F7
Old PC: EC0D Offset:-9 New PC: EC04
Instruction:BNE Addressing Mode:Relative - Operand (Value: "None", Address: "0xEC04")
Instruction cycle count set to 2
A |X |Y |SP |PC   |T/MT |NV-BDIZC |CYCLE
----------------------------------------
40|02|00|FE |EC04 |1/3  |00100100 |45
40|02|00|FE |EC04 |2/3  |00100100 |46
40|02|00|FE |EC04 |3/3  |00100100 |47


---------------
Opcode: BD
ll: 10 hh: EC
Instruction:LDA Addressing Mode:AbsoluteX - Operand (Value: "0x8D", Address: "0xEC12")
Instruction cycle count set to 4
A |X |Y |SP |PC   |T/MT |NV-BDIZC |CYCLE
----------------------------------------
8D|02|00|FE |EC07 |1/4  |10100100 |48
8D|02|00|FE |EC07 |2/4  |10100100 |49
8D|02|00|FE |EC07 |3/4  |10100100 |50
8D|02|00|FE |EC07 |4/4  |10100100 |51


---------------
Opcode: 9D
ll: 00 hh: 07
Instruction:STA Addressing Mode:AbsoluteX - Operand (Value: "0x00", Address: "0x0702")
Writing value 0x8D to address: 0x0702
0x0702: 0x8D
Instruction cycle count set to 5
A |X |Y |SP |PC   |T/MT |NV-BDIZC |CYCLE
----------------------------------------
8D|02|00|FE |EC0A |1/5  |10100100 |52
8D|02|00|FE |EC0A |2/5  |10100100 |53
8D|02|00|FE |EC0A |3/5  |10100100 |54
8D|02|00|FE |EC0A |4/5  |10100100 |55
8D|02|00|FE |EC0A |5/5  |10100100 |56


---------------
Opcode: E8
Instruction:INX Addressing Mode:Implied - Operand (Value: "None", Address: "None")
Instruction cycle count set to 2
A |X |Y |SP |PC   |T/MT |NV-BDIZC |CYCLE
----------------------------------------
8D|03|00|FE |EC0B |1/2  |00100100 |57
8D|03|00|FE |EC0B |2/2  |00100100 |58


---------------
Opcode: D0
ll: F7
Old PC: EC0D Offset:-9 New PC: EC04
Instruction:BNE Addressing Mode:Relative - Operand (Value: "None", Address: "0xEC04")
Instruction cycle count set to 2
A |X |Y |SP |PC   |T/MT |NV-BDIZC |CYCLE
----------------------------------------
8D|03|00|FE |EC04 |1/3  |00100100 |59
8D|03|00|FE |EC04 |2/3  |00100100 |60
8D|03|00|FE |EC04 |3/3  |00100100 |61


---------------
Opcode: BD
ll: 10 hh: EC
Instruction:LDA Addressing Mode:AbsoluteX - Operand (Value: "0x00", Address: "0xEC13")
Instruction cycle count set to 4
A |X |Y |SP |PC   |T/MT |NV-BDIZC |CYCLE
----------------------------------------
00|03|00|FE |EC07 |1/4  |00100110 |62
00|03|00|FE |EC07 |2/4  |00100110 |63
00|03|00|FE |EC07 |3/4  |00100110 |64
00|03|00|FE |EC07 |4/4  |00100110 |65


---------------
Opcode: 9D
ll: 00 hh: 07
Instruction:STA Addressing Mode:AbsoluteX - Operand (Value: "0x00", Address: "0x0703")
Writing value 0x00 to address: 0x0703
0x0703: 0x00
Instruction cycle count set to 5
A |X |Y |SP |PC   |T/MT |NV-BDIZC |CYCLE
----------------------------------------
00|03|00|FE |EC0A |1/5  |00100110 |66
00|03|00|FE |EC0A |2/5  |00100110 |67
00|03|00|FE |EC0A |3/5  |00100110 |68
00|03|00|FE |EC0A |4/5  |00100110 |69
00|03|00|FE |EC0A |5/5  |00100110 |70


---------------
Opcode: E8
Instruction:INX Addressing Mode:Implied - Operand (Value: "None", Address: "None")
Instruction cycle count set to 2
A |X |Y |SP |PC   |T/MT |NV-BDIZC |CYCLE
----------------------------------------
00|04|00|FE |EC0B |1/2  |00100100 |71
00|04|00|FE |EC0B |2/2  |00100100 |72


---------------
Opcode: D0
ll: F7
Old PC: EC0D Offset:-9 New PC: EC04
Instruction:BNE Addressing Mode:Relative - Operand (Value: "None", Address: "0xEC04")
Instruction cycle count set to 2
A |X |Y |SP |PC   |T/MT |NV-BDIZC |CYCLE
----------------------------------------
00|04|00|FE |EC04 |1/3  |00100100 |73
00|04|00|FE |EC04 |2/3  |00100100 |74
00|04|00|FE |EC04 |3/3  |00100100 |75


---------------
Opcode: BD
ll: 10 hh: EC
Instruction:LDA Addressing Mode:AbsoluteX - Operand (Value: "0xA0", Address: "0xEC14")
Instruction cycle count set to 4
A |X |Y |SP |PC   |T/MT |NV-BDIZC |CYCLE
----------------------------------------
A0|04|00|FE |EC07 |1/4  |10100100 |76
A0|04|00|FE |EC07 |2/4  |10100100 |77
A0|04|00|FE |EC07 |3/4  |10100100 |78
A0|04|00|FE |EC07 |4/4  |10100100 |79


---------------
Opcode: 9D
ll: 00 hh: 07
Instruction:STA Addressing Mode:AbsoluteX - Operand (Value: "0x00", Address: "0x0704")
Writing value 0xA0 to address: 0x0704
0x0704: 0xA0
Instruction cycle count set to 5
A |X |Y |SP |PC   |T/MT |NV-BDIZC |CYCLE
----------------------------------------
A0|04|00|FE |EC0A |1/5  |10100100 |80
A0|04|00|FE |EC0A |2/5  |10100100 |81
A0|04|00|FE |EC0A |3/5  |10100100 |82
A0|04|00|FE |EC0A |4/5  |10100100 |83
A0|04|00|FE |EC0A |5/5  |10100100 |84


---------------
Opcode: E8
Instruction:INX Addressing Mode:Implied - Operand (Value: "None", Address: "None")
Instruction cycle count set to 2
A |X |Y |SP |PC   |T/MT |NV-BDIZC |CYCLE
----------------------------------------
A0|05|00|FE |EC0B |1/2  |00100100 |85
A0|05|00|FE |EC0B |2/2  |00100100 |86


---------------
Opcode: D0
ll: F7
Old PC: EC0D Offset:-9 New PC: EC04
Instruction:BNE Addressing Mode:Relative - Operand (Value: "None", Address: "0xEC04")
Instruction cycle count set to 2
A |X |Y |SP |PC   |T/MT |NV-BDIZC |CYCLE
----------------------------------------
A0|05|00|FE |EC04 |1/3  |00100100 |87
A0|05|00|FE |EC04 |2/3  |00100100 |88
A0|05|00|FE |EC04 |3/3  |00100100 |89


---------------
Opcode: BD
ll: 10 hh: EC
Instruction:LDA Addressing Mode:AbsoluteX - Operand (Value: "0x4A", Address: "0xEC15")
Instruction cycle count set to 4
A |X |Y |SP |PC   |T/MT |NV-BDIZC |CYCLE
----------------------------------------
4A|05|00|FE |EC07 |1/4  |00100100 |90
4A|05|00|FE |EC07 |2/4  |00100100 |91
4A|05|00|FE |EC07 |3/4  |00100100 |92
4A|05|00|FE |EC07 |4/4  |00100100 |93


---------------
Opcode: 9D
ll: 00 hh: 07
Instruction:STA Addressing Mode:AbsoluteX - Operand (Value: "0x00", Address: "0x0705")
Writing value 0x4A to address: 0x0705
0x0705: 0x4A
Instruction cycle count set to 5
A |X |Y |SP |PC   |T/MT |NV-BDIZC |CYCLE
----------------------------------------
4A|05|00|FE |EC0A |1/5  |00100100 |94
4A|05|00|FE |EC0A |2/5  |00100100 |95
4A|05|00|FE |EC0A |3/5  |00100100 |96
4A|05|00|FE |EC0A |4/5  |00100100 |97
4A|05|00|FE |EC0A |5/5  |00100100 |98


---------------
Opcode: E8
Instruction:INX Addressing Mode:Implied - Operand (Value: "None", Address: "None")
Instruction cycle count set to 2
A |X |Y |SP |PC   |T/MT |NV-BDIZC |CYCLE
----------------------------------------
4A|06|00|FE |EC0B |1/2  |00100100 |99
4A|06|00|FE |EC0B |2/2  |00100100 |100


---------------
Opcode: D0
ll: F7
Old PC: EC0D Offset:-9 New PC: EC04
Instruction:BNE Addressing Mode:Relative - Operand (Value: "None", Address: "0xEC04")
Instruction cycle count set to 2
A |X |Y |SP |PC   |T/MT |NV-BDIZC |CYCLE
----------------------------------------
4A|06|00|FE |EC04 |1/3  |00100100 |101
4A|06|00|FE |EC04 |2/3  |00100100 |102
4A|06|00|FE |EC04 |3/3  |00100100 |103


---------------
Opcode: BD
ll: 10 hh: EC
Instruction:LDA Addressing Mode:AbsoluteX - Operand (Value: "0xC9", Address: "0xEC16")
Instruction cycle count set to 4
A |X |Y |SP |PC   |T/MT |NV-BDIZC |CYCLE
----------------------------------------
C9|06|00|FE |EC07 |1/4  |10100100 |104
C9|06|00|FE |EC07 |2/4  |10100100 |105
C9|06|00|FE |EC07 |3/4  |10100100 |106
C9|06|00|FE |EC07 |4/4  |10100100 |107


---------------
Opcode: 9D
ll: 00 hh: 07
Instruction:STA Addressing Mode:AbsoluteX - Operand (Value: "0x00", Address: "0x0706")
Writing value 0xC9 to address: 0x0706
0x0706: 0xC9
Instruction cycle count set to 5
A |X |Y |SP |PC   |T/MT |NV-BDIZC |CYCLE
----------------------------------------
C9|06|00|FE |EC0A |1/5  |10100100 |108
C9|06|00|FE |EC0A |2/5  |10100100 |109
C9|06|00|FE |EC0A |3/5  |10100100 |110
C9|06|00|FE |EC0A |4/5  |10100100 |111
C9|06|00|FE |EC0A |5/5  |10100100 |112


---------------
Opcode: E8
Instruction:INX Addressing Mode:Implied - Operand (Value: "None", Address: "None")
Instruction cycle count set to 2
A |X |Y |SP |PC   |T/MT |NV-BDIZC |CYCLE
----------------------------------------
C9|07|00|FE |EC0B |1/2  |00100100 |113
C9|07|00|FE |EC0B |2/2  |00100100 |114


---------------
Opcode: D0
ll: F7
Old PC: EC0D Offset:-9 New PC: EC04
Instruction:BNE Addressing Mode:Relative - Operand (Value: "None", Address: "0xEC04")
Instruction cycle count set to 2
A |X |Y |SP |PC   |T/MT |NV-BDIZC |CYCLE
----------------------------------------
C9|07|00|FE |EC04 |1/3  |00100100 |115
C9|07|00|FE |EC04 |2/3  |00100100 |116
C9|07|00|FE |EC04 |3/3  |00100100 |117


---------------
Opcode: BD
ll: 10 hh: EC
Instruction:LDA Addressing Mode:AbsoluteX - Operand (Value: "0x02", Address: "0xEC17")
Instruction cycle count set to 4
A |X |Y |SP |PC   |T/MT |NV-BDIZC |CYCLE
----------------------------------------
02|07|00|FE |EC07 |1/4  |00100100 |118
02|07|00|FE |EC07 |2/4  |00100100 |119
02|07|00|FE |EC07 |3/4  |00100100 |120
02|07|00|FE |EC07 |4/4  |00100100 |121


---------------
Opcode: 9D
ll: 00 hh: 07
Instruction:STA Addressing Mode:AbsoluteX - Operand (Value: "0x00", Address: "0x0707")
Writing value 0x02 to address: 0x0707
0x0707: 0x02
Instruction cycle count set to 5
A |X |Y |SP |PC   |T/MT |NV-BDIZC |CYCLE
----------------------------------------
02|07|00|FE |EC0A |1/5  |00100100 |122
02|07|00|FE |EC0A |2/5  |00100100 |123
02|07|00|FE |EC0A |3/5  |00100100 |124
02|07|00|FE |EC0A |4/5  |00100100 |125
02|07|00|FE |EC0A |5/5  |00100100 |126


---------------
Opcode: E8
Instruction:INX Addressing Mode:Implied - Operand (Value: "None", Address: "None")
Instruction cycle count set to 2
A |X |Y |SP |PC   |T/MT |NV-BDIZC |CYCLE
----------------------------------------
02|08|00|FE |EC0B |1/2  |00100100 |127
02|08|00|FE |EC0B |2/2  |00100100 |128


---------------
Opcode: D0
ll: F7
Old PC: EC0D Offset:-9 New PC: EC04
Instruction:BNE Addressing Mode:Relative - Operand (Value: "None", Address: "0xEC04")
Instruction cycle count set to 2
A |X |Y |SP |PC   |T/MT |NV-BDIZC |CYCLE
----------------------------------------
02|08|00|FE |EC04 |1/3  |00100100 |129
02|08|00|FE |EC04 |2/3  |00100100 |130
02|08|00|FE |EC04 |3/3  |00100100 |131


---------------
Opcode: BD
ll: 10 hh: EC
Instruction:LDA Addressing Mode:AbsoluteX - Operand (Value: "0xD0", Address: "0xEC18")
Instruction cycle count set to 4
A |X |Y |SP |PC   |T/MT |NV-BDIZC |CYCLE
----------------------------------------
D0|08|00|FE |EC07 |1/4  |10100100 |132
D0|08|00|FE |EC07 |2/4  |10100100 |133
D0|08|00|FE |EC07 |3/4  |10100100 |134
D0|08|00|FE |EC07 |4/4  |10100100 |135


---------------
Opcode: 9D
ll: 00 hh: 07
Instruction:STA Addressing Mode:AbsoluteX - Operand (Value: "0x00", Address: "0x0708")
Writing value 0xD0 to address: 0x0708
0x0708: 0xD0
Instruction cycle count set to 5
A |X |Y |SP |PC   |T/MT |NV-BDIZC |CYCLE
----------------------------------------
D0|08|00|FE |EC0A |1/5  |10100100 |136
D0|08|00|FE |EC0A |2/5  |10100100 |137
D0|08|00|FE |EC0A |3/5  |10100100 |138
D0|08|00|FE |EC0A |4/5  |10100100 |139
D0|08|00|FE |EC0A |5/5  |10100100 |140


---------------
Opcode: E8
Instruction:INX Addressing Mode:Implied - Operand (Value: "None", Address: "None")
Instruction cycle count set to 2
A |X |Y |SP |PC   |T/MT |NV-BDIZC |CYCLE
----------------------------------------
D0|09|00|FE |EC0B |1/2  |00100100 |141
D0|09|00|FE |EC0B |2/2  |00100100 |142


---------------
Opcode: D0
ll: F7
Old PC: EC0D Offset:-9 New PC: EC04
Instruction:BNE Addressing Mode:Relative - Operand (Value: "None", Address: "0xEC04")
Instruction cycle count set to 2
A |X |Y |SP |PC   |T/MT |NV-BDIZC |CYCLE
----------------------------------------
D0|09|00|FE |EC04 |1/3  |00100100 |143
D0|09|00|FE |EC04 |2/3  |00100100 |144
D0|09|00|FE |EC04 |3/3  |00100100 |145


---------------
Opcode: BD
ll: 10 hh: EC
Instruction:LDA Addressing Mode:AbsoluteX - Operand (Value: "0xF8", Address: "0xEC19")
Instruction cycle count set to 4
A |X |Y |SP |PC   |T/MT |NV-BDIZC |CYCLE
----------------------------------------
F8|09|00|FE |EC07 |1/4  |10100100 |146
F8|09|00|FE |EC07 |2/4  |10100100 |147
F8|09|00|FE |EC07 |3/4  |10100100 |148
F8|09|00|FE |EC07 |4/4  |10100100 |149


---------------
Opcode: 9D
ll: 00 hh: 07
Instruction:STA Addressing Mode:AbsoluteX - Operand (Value: "0x00", Address: "0x0709")
Writing value 0xF8 to address: 0x0709
0x0709: 0xF8
Instruction cycle count set to 5
A |X |Y |SP |PC   |T/MT |NV-BDIZC |CYCLE
----------------------------------------
F8|09|00|FE |EC0A |1/5  |10100100 |150
F8|09|00|FE |EC0A |2/5  |10100100 |151
F8|09|00|FE |EC0A |3/5  |10100100 |152
F8|09|00|FE |EC0A |4/5  |10100100 |153
F8|09|00|FE |EC0A |5/5  |10100100 |154


---------------
Opcode: E8
Instruction:INX Addressing Mode:Implied - Operand (Value: "None", Address: "None")
Instruction cycle count set to 2
A |X |Y |SP |PC   |T/MT |NV-BDIZC |CYCLE
----------------------------------------
F8|0A|00|FE |EC0B |1/2  |00100100 |155
F8|0A|00|FE |EC0B |2/2  |00100100 |156


---------------
Opcode: D0
ll: F7
Old PC: EC0D Offset:-9 New PC: EC04
Instruction:BNE Addressing Mode:Relative - Operand (Value: "None", Address: "0xEC04")
Instruction cycle count set to 2
A |X |Y |SP |PC   |T/MT |NV-BDIZC |CYCLE
----------------------------------------
F8|0A|00|FE |EC04 |1/3  |00100100 |157
F8|0A|00|FE |EC04 |2/3  |00100100 |158
F8|0A|00|FE |EC04 |3/3  |00100100 |159


---------------
Opcode: BD
ll: 10 hh: EC
Instruction:LDA Addressing Mode:AbsoluteX - Operand (Value: "0xA9", Address: "0xEC1A")
Instruction cycle count set to 4
A |X |Y |SP |PC   |T/MT |NV-BDIZC |CYCLE
----------------------------------------
A9|0A|00|FE |EC07 |1/4  |10100100 |160
A9|0A|00|FE |EC07 |2/4  |10100100 |161
A9|0A|00|FE |EC07 |3/4  |10100100 |162
A9|0A|00|FE |EC07 |4/4  |10100100 |163


---------------
Opcode: 9D
ll: 00 hh: 07
Instruction:STA Addressing Mode:AbsoluteX - Operand (Value: "0x00", Address: "0x070A")
Writing value 0xA9 to address: 0x070A
0x070A: 0xA9
Instruction cycle count set to 5
A |X |Y |SP |PC   |T/MT |NV-BDIZC |CYCLE
----------------------------------------
A9|0A|00|FE |EC0A |1/5  |10100100 |164
A9|0A|00|FE |EC0A |2/5  |10100100 |165
A9|0A|00|FE |EC0A |3/5  |10100100 |166
A9|0A|00|FE |EC0A |4/5  |10100100 |167
A9|0A|00|FE |EC0A |5/5  |10100100 |168


---------------
Opcode: E8
Instruction:INX Addressing Mode:Implied - Operand (Value: "None", Address: "None")
Instruction cycle count set to 2
A |X |Y |SP |PC   |T/MT |NV-BDIZC |CYCLE
----------------------------------------
A9|0B|00|FE |EC0B |1/2  |00100100 |169
A9|0B|00|FE |EC0B |2/2  |00100100 |170


---------------
Opcode: D0
ll: F7
Old PC: EC0D Offset:-9 New PC: EC04
Instruction:BNE Addressing Mode:Relative - Operand (Value: "None", Address: "0xEC04")
Instruction cycle count set to 2
A |X |Y |SP |PC   |T/MT |NV-BDIZC |CYCLE
----------------------------------------
A9|0B|00|FE |EC04 |1/3  |00100100 |171
A9|0B|00|FE |EC04 |2/3  |00100100 |172
A9|0B|00|FE |EC04 |3/3  |00100100 |173


---------------
Opcode: BD
ll: 10 hh: EC
Instruction:LDA Addressing Mode:AbsoluteX - Operand (Value: "0x41", Address: "0xEC1B")
Instruction cycle count set to 4
A |X |Y |SP |PC   |T/MT |NV-BDIZC |CYCLE
----------------------------------------
41|0B|00|FE |EC07 |1/4  |00100100 |174
41|0B|00|FE |EC07 |2/4  |00100100 |175
41|0B|00|FE |EC07 |3/4  |00100100 |176
41|0B|00|FE |EC07 |4/4  |00100100 |177


---------------
Opcode: 9D
ll: 00 hh: 07
Instruction:STA Addressing Mode:AbsoluteX - Operand (Value: "0x00", Address: "0x070B")
Writing value 0x41 to address: 0x070B
0x070B: 0x41
Instruction cycle count set to 5
A |X |Y |SP |PC   |T/MT |NV-BDIZC |CYCLE
----------------------------------------
41|0B|00|FE |EC0A |1/5  |00100100 |178
41|0B|00|FE |EC0A |2/5  |00100100 |179
41|0B|00|FE |EC0A |3/5  |00100100 |180
41|0B|00|FE |EC0A |4/5  |00100100 |181
41|0B|00|FE |EC0A |5/5  |00100100 |182


---------------
Opcode: E8
Instruction:INX Addressing Mode:Implied - Operand (Value: "None", Address: "None")
Instruction cycle count set to 2
A |X |Y |SP |PC   |T/MT |NV-BDIZC |CYCLE
----------------------------------------
41|0C|00|FE |EC0B |1/2  |00100100 |183
41|0C|00|FE |EC0B |2/2  |00100100 |184


---------------
Opcode: D0
ll: F7
Old PC: EC0D Offset:-9 New PC: EC04
Instruction:BNE Addressing Mode:Relative - Operand (Value: "None", Address: "0xEC04")
Instruction cycle count set to 2
A |X |Y |SP |PC   |T/MT |NV-BDIZC |CYCLE
----------------------------------------
41|0C|00|FE |EC04 |1/3  |00100100 |185
41|0C|00|FE |EC04 |2/3  |00100100 |186
41|0C|00|FE |EC04 |3/3  |00100100 |187


---------------
Opcode: BD
ll: 10 hh: EC
Instruction:LDA Addressing Mode:AbsoluteX - Operand (Value: "0x8D", Address: "0xEC1C")
Instruction cycle count set to 4
A |X |Y |SP |PC   |T/MT |NV-BDIZC |CYCLE
----------------------------------------
8D|0C|00|FE |EC07 |1/4  |10100100 |188
8D|0C|00|FE |EC07 |2/4  |10100100 |189
8D|0C|00|FE |EC07 |3/4  |10100100 |190
8D|0C|00|FE |EC07 |4/4  |10100100 |191


---------------
Opcode: 9D
ll: 00 hh: 07
Instruction:STA Addressing Mode:AbsoluteX - Operand (Value: "0x00", Address: "0x070C")
Writing value 0x8D to address: 0x070C
0x070C: 0x8D
Instruction cycle count set to 5
A |X |Y |SP |PC   |T/MT |NV-BDIZC |CYCLE
----------------------------------------
8D|0C|00|FE |EC0A |1/5  |10100100 |192
8D|0C|00|FE |EC0A |2/5  |10100100 |193
8D|0C|00|FE |EC0A |3/5  |10100100 |194
8D|0C|00|FE |EC0A |4/5  |10100100 |195
8D|0C|00|FE |EC0A |5/5  |10100100 |196


---------------
Opcode: E8
Instruction:INX Addressing Mode:Implied - Operand (Value: "None", Address: "None")
Instruction cycle count set to 2
A |X |Y |SP |PC   |T/MT |NV-BDIZC |CYCLE
----------------------------------------
8D|0D|00|FE |EC0B |1/2  |00100100 |197
8D|0D|00|FE |EC0B |2/2  |00100100 |198


---------------
Opcode: D0
ll: F7
Old PC: EC0D Offset:-9 New PC: EC04
Instruction:BNE Addressing Mode:Relative - Operand (Value: "None", Address: "0xEC04")
Instruction cycle count set to 2
A |X |Y |SP |PC   |T/MT |NV-BDIZC |CYCLE
----------------------------------------
8D|0D|00|FE |EC04 |1/3  |00100100 |199
8D|0D|00|FE |EC04 |2/3  |00100100 |200
8D|0D|00|FE |EC04 |3/3  |00100100 |201


---------------
Opcode: BD
ll: 10 hh: EC
Instruction:LDA Addressing Mode:AbsoluteX - Operand (Value: "0x00", Address: "0xEC1D")
Instruction cycle count set to 4
A |X |Y |SP |PC   |T/MT |NV-BDIZC |CYCLE
----------------------------------------
00|0D|00|FE |EC07 |1/4  |00100110 |202
00|0D|00|FE |EC07 |2/4  |00100110 |203
00|0D|00|FE |EC07 |3/4  |00100110 |204
00|0D|00|FE |EC07 |4/4  |00100110 |205


---------------
Opcode: 9D
ll: 00 hh: 07
Instruction:STA Addressing Mode:AbsoluteX - Operand (Value: "0x00", Address: "0x070D")
Writing value 0x00 to address: 0x070D
0x070D: 0x00
Instruction cycle count set to 5
A |X |Y |SP |PC   |T/MT |NV-BDIZC |CYCLE
----------------------------------------
00|0D|00|FE |EC0A |1/5  |00100110 |206
00|0D|00|FE |EC0A |2/5  |00100110 |207
00|0D|00|FE |EC0A |3/5  |00100110 |208
00|0D|00|FE |EC0A |4/5  |00100110 |209
00|0D|00|FE |EC0A |5/5  |00100110 |210


---------------
Opcode: E8
Instruction:INX Addressing Mode:Implied - Operand (Value: "None", Address: "None")
Instruction cycle count set to 2
A |X |Y |SP |PC   |T/MT |NV-BDIZC |CYCLE
----------------------------------------
00|0E|00|FE |EC0B |1/2  |00100100 |211
00|0E|00|FE |EC0B |2/2  |00100100 |212


---------------
Opcode: D0
ll: F7
Old PC: EC0D Offset:-9 New PC: EC04
Instruction:BNE Addressing Mode:Relative - Operand (Value: "None", Address: "0xEC04")
Instruction cycle count set to 2
A |X |Y |SP |PC   |T/MT |NV-BDIZC |CYCLE
----------------------------------------
00|0E|00|FE |EC04 |1/3  |00100100 |213
00|0E|00|FE |EC04 |2/3  |00100100 |214
00|0E|00|FE |EC04 |3/3  |00100100 |215


---------------
Opcode: BD
ll: 10 hh: EC
Instruction:LDA Addressing Mode:AbsoluteX - Operand (Value: "0xC0", Address: "0xEC1E")
Instruction cycle count set to 4
A |X |Y |SP |PC   |T/MT |NV-BDIZC |CYCLE
----------------------------------------
C0|0E|00|FE |EC07 |1/4  |10100100 |216
C0|0E|00|FE |EC07 |2/4  |10100100 |217
C0|0E|00|FE |EC07 |3/4  |10100100 |218
C0|0E|00|FE |EC07 |4/4  |10100100 |219


---------------
Opcode: 9D
ll: 00 hh: 07
Instruction:STA Addressing Mode:AbsoluteX - Operand (Value: "0x00", Address: "0x070E")
Writing value 0xC0 to address: 0x070E
0x070E: 0xC0
Instruction cycle count set to 5
A |X |Y |SP |PC   |T/MT |NV-BDIZC |CYCLE
----------------------------------------
C0|0E|00|FE |EC0A |1/5  |10100100 |220
C0|0E|00|FE |EC0A |2/5  |10100100 |221
C0|0E|00|FE |EC0A |3/5  |10100100 |222
C0|0E|00|FE |EC0A |4/5  |10100100 |223
C0|0E|00|FE |EC0A |5/5  |10100100 |224


---------------
Opcode: E8
Instruction:INX Addressing Mode:Implied - Operand (Value: "None", Address: "None")
Instruction cycle count set to 2
A |X |Y |SP |PC   |T/MT |NV-BDIZC |CYCLE
----------------------------------------
C0|0F|00|FE |EC0B |1/2  |00100100 |225
C0|0F|00|FE |EC0B |2/2  |00100100 |226


---------------
Opcode: D0
ll: F7
Old PC: EC0D Offset:-9 New PC: EC04
Instruction:BNE Addressing Mode:Relative - Operand (Value: "None", Address: "0xEC04")
Instruction cycle count set to 2
A |X |Y |SP |PC   |T/MT |NV-BDIZC |CYCLE
----------------------------------------
C0|0F|00|FE |EC04 |1/3  |00100100 |227
C0|0F|00|FE |EC04 |2/3  |00100100 |228
C0|0F|00|FE |EC04 |3/3  |00100100 |229


---------------
Opcode: BD
ll: 10 hh: EC
Instruction:LDA Addressing Mode:AbsoluteX - Operand (Value: "0x4A", Address: "0xEC1F")
Instruction cycle count set to 4
A |X |Y |SP |PC   |T/MT |NV-BDIZC |CYCLE
----------------------------------------
4A|0F|00|FE |EC07 |1/4  |00100100 |230
4A|0F|00|FE |EC07 |2/4  |00100100 |231
4A|0F|00|FE |EC07 |3/4  |00100100 |232
4A|0F|00|FE |EC07 |4/4  |00100100 |233


---------------
Opcode: 9D
ll: 00 hh: 07
Instruction:STA Addressing Mode:AbsoluteX - Operand (Value: "0x00", Address: "0x070F")
Writing value 0x4A to address: 0x070F
0x070F: 0x4A
Instruction cycle count set to 5
A |X |Y |SP |PC   |T/MT |NV-BDIZC |CYCLE
----------------------------------------
4A|0F|00|FE |EC0A |1/5  |00100100 |234
4A|0F|00|FE |EC0A |2/5  |00100100 |235
4A|0F|00|FE |EC0A |3/5  |00100100 |236
4A|0F|00|FE |EC0A |4/5  |00100100 |237
4A|0F|00|FE |EC0A |5/5  |00100100 |238


---------------
Opcode: E8
Instruction:INX Addressing Mode:Implied - Operand (Value: "None", Address: "None")
Instruction cycle count set to 2
A |X |Y |SP |PC   |T/MT |NV-BDIZC |CYCLE
----------------------------------------
4A|10|00|FE |EC0B |1/2  |00100100 |239
4A|10|00|FE |EC0B |2/2  |00100100 |240


---------------
Opcode: D0
ll: F7
Old PC: EC0D Offset:-9 New PC: EC04
Instruction:BNE Addressing Mode:Relative - Operand (Value: "None", Address: "0xEC04")
Instruction cycle count set to 2
A |X |Y |SP |PC   |T/MT |NV-BDIZC |CYCLE
----------------------------------------
4A|10|00|FE |EC04 |1/3  |00100100 |241
4A|10|00|FE |EC04 |2/3  |00100100 |242
4A|10|00|FE |EC04 |3/3  |00100100 |243


---------------
Opcode: BD
ll: 10 hh: EC
Instruction:LDA Addressing Mode:AbsoluteX - Operand (Value: "0xC9", Address: "0xEC20")
Instruction cycle count set to 4
A |X |Y |SP |PC   |T/MT |NV-BDIZC |CYCLE
----------------------------------------
C9|10|00|FE |EC07 |1/4  |10100100 |244
C9|10|00|FE |EC07 |2/4  |10100100 |245
C9|10|00|FE |EC07 |3/4  |10100100 |246
C9|10|00|FE |EC07 |4/4  |10100100 |247


---------------
Opcode: 9D
ll: 00 hh: 07
Instruction:STA Addressing Mode:AbsoluteX - Operand (Value: "0x00", Address: "0x0710")
Writing value 0xC9 to address: 0x0710
0x0710: 0xC9
Instruction cycle count set to 5
A |X |Y |SP |PC   |T/MT |NV-BDIZC |CYCLE
----------------------------------------
C9|10|00|FE |EC0A |1/5  |10100100 |248
C9|10|00|FE |EC0A |2/5  |10100100 |249
C9|10|00|FE |EC0A |3/5  |10100100 |250
C9|10|00|FE |EC0A |4/5  |10100100 |251
C9|10|00|FE |EC0A |5/5  |10100100 |252


---------------
Opcode: E8
Instruction:INX Addressing Mode:Implied - Operand (Value: "None", Address: "None")
Instruction cycle count set to 2
A |X |Y |SP |PC   |T/MT |NV-BDIZC |CYCLE
----------------------------------------
C9|11|00|FE |EC0B |1/2  |00100100 |253
C9|11|00|FE |EC0B |2/2  |00100100 |254


---------------
Opcode: D0
ll: F7
Old PC: EC0D Offset:-9 New PC: EC04
Instruction:BNE Addressing Mode:Relative - Operand (Value: "None", Address: "0xEC04")
Instruction cycle count set to 2
A |X |Y |SP |PC   |T/MT |NV-BDIZC |CYCLE
----------------------------------------
C9|11|00|FE |EC04 |1/3  |00100100 |255
C9|11|00|FE |EC04 |2/3  |00100100 |256
C9|11|00|FE |EC04 |3/3  |00100100 |257


---------------
Opcode: BD
ll: 10 hh: EC
Instruction:LDA Addressing Mode:AbsoluteX - Operand (Value: "0x02", Address: "0xEC21")
Instruction cycle count set to 4
A |X |Y |SP |PC   |T/MT |NV-BDIZC |CYCLE
----------------------------------------
02|11|00|FE |EC07 |1/4  |00100100 |258
02|11|00|FE |EC07 |2/4  |00100100 |259
02|11|00|FE |EC07 |3/4  |00100100 |260
02|11|00|FE |EC07 |4/4  |00100100 |261


---------------
Opcode: 9D
ll: 00 hh: 07
Instruction:STA Addressing Mode:AbsoluteX - Operand (Value: "0x00", Address: "0x0711")
Writing value 0x02 to address: 0x0711
0x0711: 0x02
Instruction cycle count set to 5
A |X |Y |SP |PC   |T/MT |NV-BDIZC |CYCLE
----------------------------------------
02|11|00|FE |EC0A |1/5  |00100100 |262
02|11|00|FE |EC0A |2/5  |00100100 |263
02|11|00|FE |EC0A |3/5  |00100100 |264
02|11|00|FE |EC0A |4/5  |00100100 |265
02|11|00|FE |EC0A |5/5  |00100100 |266


---------------
Opcode: E8
Instruction:INX Addressing Mode:Implied - Operand (Value: "None", Address: "None")
Instruction cycle count set to 2
A |X |Y |SP |PC   |T/MT |NV-BDIZC |CYCLE
----------------------------------------
02|12|00|FE |EC0B |1/2  |00100100 |267
02|12|00|FE |EC0B |2/2  |00100100 |268


---------------
Opcode: D0
ll: F7
Old PC: EC0D Offset:-9 New PC: EC04
Instruction:BNE Addressing Mode:Relative - Operand (Value: "None", Address: "0xEC04")
Instruction cycle count set to 2
A |X |Y |SP |PC   |T/MT |NV-BDIZC |CYCLE
----------------------------------------
02|12|00|FE |EC04 |1/3  |00100100 |269
02|12|00|FE |EC04 |2/3  |00100100 |270
02|12|00|FE |EC04 |3/3  |00100100 |271


---------------
Opcode: BD
ll: 10 hh: EC
Instruction:LDA Addressing Mode:AbsoluteX - Operand (Value: "0xD0", Address: "0xEC22")
Instruction cycle count set to 4
A |X |Y |SP |PC   |T/MT |NV-BDIZC |CYCLE
----------------------------------------
D0|12|00|FE |EC07 |1/4  |10100100 |272
D0|12|00|FE |EC07 |2/4  |10100100 |273
D0|12|00|FE |EC07 |3/4  |10100100 |274
D0|12|00|FE |EC07 |4/4  |10100100 |275


---------------
Opcode: 9D
ll: 00 hh: 07
Instruction:STA Addressing Mode:AbsoluteX - Operand (Value: "0x00", Address: "0x0712")
Writing value 0xD0 to address: 0x0712
0x0712: 0xD0
Instruction cycle count set to 5
A |X |Y |SP |PC   |T/MT |NV-BDIZC |CYCLE
----------------------------------------
D0|12|00|FE |EC0A |1/5  |10100100 |276
D0|12|00|FE |EC0A |2/5  |10100100 |277
D0|12|00|FE |EC0A |3/5  |10100100 |278
D0|12|00|FE |EC0A |4/5  |10100100 |279
D0|12|00|FE |EC0A |5/5  |10100100 |280


---------------
Opcode: E8
Instruction:INX Addressing Mode:Implied - Operand (Value: "None", Address: "None")
Instruction cycle count set to 2
A |X |Y |SP |PC   |T/MT |NV-BDIZC |CYCLE
----------------------------------------
D0|13|00|FE |EC0B |1/2  |00100100 |281
D0|13|00|FE |EC0B |2/2  |00100100 |282


---------------
Opcode: D0
ll: F7
Old PC: EC0D Offset:-9 New PC: EC04
Instruction:BNE Addressing Mode:Relative - Operand (Value: "None", Address: "0xEC04")
Instruction cycle count set to 2
A |X |Y |SP |PC   |T/MT |NV-BDIZC |CYCLE
----------------------------------------
D0|13|00|FE |EC04 |1/3  |00100100 |283
D0|13|00|FE |EC04 |2/3  |00100100 |284
D0|13|00|FE |EC04 |3/3  |00100100 |285


---------------
Opcode: BD
ll: 10 hh: EC
Instruction:LDA Addressing Mode:AbsoluteX - Operand (Value: "0xF8", Address: "0xEC23")
Instruction cycle count set to 4
A |X |Y |SP |PC   |T/MT |NV-BDIZC |CYCLE
----------------------------------------
F8|13|00|FE |EC07 |1/4  |10100100 |286
F8|13|00|FE |EC07 |2/4  |10100100 |287
F8|13|00|FE |EC07 |3/4  |10100100 |288
F8|13|00|FE |EC07 |4/4  |10100100 |289


---------------
Opcode: 9D
ll: 00 hh: 07
Instruction:STA Addressing Mode:AbsoluteX - Operand (Value: "0x00", Address: "0x0713")
Writing value 0xF8 to address: 0x0713
0x0713: 0xF8
Instruction cycle count set to 5
A |X |Y |SP |PC   |T/MT |NV-BDIZC |CYCLE
----------------------------------------
F8|13|00|FE |EC0A |1/5  |10100100 |290
F8|13|00|FE |EC0A |2/5  |10100100 |291
F8|13|00|FE |EC0A |3/5  |10100100 |292
F8|13|00|FE |EC0A |4/5  |10100100 |293
F8|13|00|FE |EC0A |5/5  |10100100 |294


---------------
Opcode: E8
Instruction:INX Addressing Mode:Implied - Operand (Value: "None", Address: "None")
Instruction cycle count set to 2
A |X |Y |SP |PC   |T/MT |NV-BDIZC |CYCLE
----------------------------------------
F8|14|00|FE |EC0B |1/2  |00100100 |295
F8|14|00|FE |EC0B |2/2  |00100100 |296


---------------
Opcode: D0
ll: F7
Old PC: EC0D Offset:-9 New PC: EC04
Instruction:BNE Addressing Mode:Relative - Operand (Value: "None", Address: "0xEC04")
Instruction cycle count set to 2
A |X |Y |SP |PC   |T/MT |NV-BDIZC |CYCLE
----------------------------------------
F8|14|00|FE |EC04 |1/3  |00100100 |297
F8|14|00|FE |EC04 |2/3  |00100100 |298
F8|14|00|FE |EC04 |3/3  |00100100 |299


---------------
Opcode: BD
ll: 10 hh: EC
Instruction:LDA Addressing Mode:AbsoluteX - Operand (Value: "0xA9", Address: "0xEC24")
Instruction cycle count set to 4
A |X |Y |SP |PC   |T/MT |NV-BDIZC |CYCLE
----------------------------------------
A9|14|00|FE |EC07 |1/4  |10100100 |300
A9|14|00|FE |EC07 |2/4  |10100100 |301
A9|14|00|FE |EC07 |3/4  |10100100 |302
A9|14|00|FE |EC07 |4/4  |10100100 |303


---------------
Opcode: 9D
ll: 00 hh: 07
Instruction:STA Addressing Mode:AbsoluteX - Operand (Value: "0x00", Address: "0x0714")
Writing value 0xA9 to address: 0x0714
0x0714: 0xA9
Instruction cycle count set to 5
A |X |Y |SP |PC   |T/MT |NV-BDIZC |CYCLE
----------------------------------------
A9|14|00|FE |EC0A |1/5  |10100100 |304
A9|14|00|FE |EC0A |2/5  |10100100 |305
A9|14|00|FE |EC0A |3/5  |10100100 |306
A9|14|00|FE |EC0A |4/5  |10100100 |307
A9|14|00|FE |EC0A |5/5  |10100100 |308


---------------
Opcode: E8
Instruction:INX Addressing Mode:Implied - Operand (Value: "None", Address: "None")
Instruction cycle count set to 2
A |X |Y |SP |PC   |T/MT |NV-BDIZC |CYCLE
----------------------------------------
A9|15|00|FE |EC0B |1/2  |00100100 |309
A9|15|00|FE |EC0B |2/2  |00100100 |310


---------------
Opcode: D0
ll: F7
Old PC: EC0D Offset:-9 New PC: EC04
Instruction:BNE Addressing Mode:Relative - Operand (Value: "None", Address: "0xEC04")
Instruction cycle count set to 2
A |X |Y |SP |PC   |T/MT |NV-BDIZC |CYCLE
----------------------------------------
A9|15|00|FE |EC04 |1/3  |00100100 |311
A9|15|00|FE |EC04 |2/3  |00100100 |312
A9|15|00|FE |EC04 |3/3  |00100100 |313


---------------
Opcode: BD
ll: 10 hh: EC
Instruction:LDA Addressing Mode:AbsoluteX - Operand (Value: "0x94", Address: "0xEC25")
Instruction cycle count set to 4
A |X |Y |SP |PC   |T/MT |NV-BDIZC |CYCLE
----------------------------------------
94|15|00|FE |EC07 |1/4  |10100100 |314
94|15|00|FE |EC07 |2/4  |10100100 |315
94|15|00|FE |EC07 |3/4  |10100100 |316
94|15|00|FE |EC07 |4/4  |10100100 |317


---------------
Opcode: 9D
ll: 00 hh: 07
Instruction:STA Addressing Mode:AbsoluteX - Operand (Value: "0x00", Address: "0x0715")
Writing value 0x94 to address: 0x0715
0x0715: 0x94
Instruction cycle count set to 5
A |X |Y |SP |PC   |T/MT |NV-BDIZC |CYCLE
----------------------------------------
94|15|00|FE |EC0A |1/5  |10100100 |318
94|15|00|FE |EC0A |2/5  |10100100 |319
94|15|00|FE |EC0A |3/5  |10100100 |320
94|15|00|FE |EC0A |4/5  |10100100 |321
94|15|00|FE |EC0A |5/5  |10100100 |322


---------------
Opcode: E8
Instruction:INX Addressing Mode:Implied - Operand (Value: "None", Address: "None")
Instruction cycle count set to 2
A |X |Y |SP |PC   |T/MT |NV-BDIZC |CYCLE
----------------------------------------
94|16|00|FE |EC0B |1/2  |00100100 |323
94|16|00|FE |EC0B |2/2  |00100100 |324


---------------
Opcode: D0
ll: F7
Old PC: EC0D Offset:-9 New PC: EC04
Instruction:BNE Addressing Mode:Relative - Operand (Value: "None", Address: "0xEC04")
Instruction cycle count set to 2
A |X |Y |SP |PC   |T/MT |NV-BDIZC |CYCLE
----------------------------------------
94|16|00|FE |EC04 |1/3  |00100100 |325
94|16|00|FE |EC04 |2/3  |00100100 |326
94|16|00|FE |EC04 |3/3  |00100100 |327


---------------
Opcode: BD
ll: 10 hh: EC
Instruction:LDA Addressing Mode:AbsoluteX - Operand (Value: "0x8D", Address: "0xEC26")
Instruction cycle count set to 4
A |X |Y |SP |PC   |T/MT |NV-BDIZC |CYCLE
----------------------------------------
8D|16|00|FE |EC07 |1/4  |10100100 |328
8D|16|00|FE |EC07 |2/4  |10100100 |329
8D|16|00|FE |EC07 |3/4  |10100100 |330
8D|16|00|FE |EC07 |4/4  |10100100 |331


---------------
Opcode: 9D
ll: 00 hh: 07
Instruction:STA Addressing Mode:AbsoluteX - Operand (Value: "0x00", Address: "0x0716")
Writing value 0x8D to address: 0x0716
0x0716: 0x8D
Instruction cycle count set to 5
A |X |Y |SP |PC   |T/MT |NV-BDIZC |CYCLE
----------------------------------------
8D|16|00|FE |EC0A |1/5  |10100100 |332
8D|16|00|FE |EC0A |2/5  |10100100 |333
8D|16|00|FE |EC0A |3/5  |10100100 |334
8D|16|00|FE |EC0A |4/5  |10100100 |335
8D|16|00|FE |EC0A |5/5  |10100100 |336


---------------
Opcode: E8
Instruction:INX Addressing Mode:Implied - Operand (Value: "None", Address: "None")
Instruction cycle count set to 2
A |X |Y |SP |PC   |T/MT |NV-BDIZC |CYCLE
----------------------------------------
8D|17|00|FE |EC0B |1/2  |00100100 |337
8D|17|00|FE |EC0B |2/2  |00100100 |338


---------------
Opcode: D0
ll: F7
Old PC: EC0D Offset:-9 New PC: EC04
Instruction:BNE Addressing Mode:Relative - Operand (Value: "None", Address: "0xEC04")
Instruction cycle count set to 2
A |X |Y |SP |PC   |T/MT |NV-BDIZC |CYCLE
----------------------------------------
8D|17|00|FE |EC04 |1/3  |00100100 |339
8D|17|00|FE |EC04 |2/3  |00100100 |340
8D|17|00|FE |EC04 |3/3  |00100100 |341


---------------
Opcode: BD
ll: 10 hh: EC
Instruction:LDA Addressing Mode:AbsoluteX - Operand (Value: "0x00", Address: "0xEC27")
Instruction cycle count set to 4
A |X |Y |SP |PC   |T/MT |NV-BDIZC |CYCLE
----------------------------------------
00|17|00|FE |EC07 |1/4  |00100110 |342
00|17|00|FE |EC07 |2/4  |00100110 |343
00|17|00|FE |EC07 |3/4  |00100110 |344
00|17|00|FE |EC07 |4/4  |00100110 |345


---------------
Opcode: 9D
ll: 00 hh: 07
Instruction:STA Addressing Mode:AbsoluteX - Operand (Value: "0x00", Address: "0x0717")
Writing value 0x00 to address: 0x0717
0x0717: 0x00
Instruction cycle count set to 5
A |X |Y |SP |PC   |T/MT |NV-BDIZC |CYCLE
----------------------------------------
00|17|00|FE |EC0A |1/5  |00100110 |346
00|17|00|FE |EC0A |2/5  |00100110 |347
00|17|00|FE |EC0A |3/5  |00100110 |348
00|17|00|FE |EC0A |4/5  |00100110 |349
00|17|00|FE |EC0A |5/5  |00100110 |350


---------------
Opcode: E8
Instruction:INX Addressing Mode:Implied - Operand (Value: "None", Address: "None")
Instruction cycle count set to 2
A |X |Y |SP |PC   |T/MT |NV-BDIZC |CYCLE
----------------------------------------
00|18|00|FE |EC0B |1/2  |00100100 |351
00|18|00|FE |EC0B |2/2  |00100100 |352


---------------
Opcode: D0
ll: F7
Old PC: EC0D Offset:-9 New PC: EC04
Instruction:BNE Addressing Mode:Relative - Operand (Value: "None", Address: "0xEC04")
Instruction cycle count set to 2
A |X |Y |SP |PC   |T/MT |NV-BDIZC |CYCLE
----------------------------------------
00|18|00|FE |EC04 |1/3  |00100100 |353
00|18|00|FE |EC04 |2/3  |00100100 |354
00|18|00|FE |EC04 |3/3  |00100100 |355


---------------
Opcode: BD
ll: 10 hh: EC
Instruction:LDA Addressing Mode:AbsoluteX - Operand (Value: "0x80", Address: "0xEC28")
Instruction cycle count set to 4
A |X |Y |SP |PC   |T/MT |NV-BDIZC |CYCLE
----------------------------------------
80|18|00|FE |EC07 |1/4  |10100100 |356
80|18|00|FE |EC07 |2/4  |10100100 |357
80|18|00|FE |EC07 |3/4  |10100100 |358
80|18|00|FE |EC07 |4/4  |10100100 |359


---------------
Opcode: 9D
ll: 00 hh: 07
Instruction:STA Addressing Mode:AbsoluteX - Operand (Value: "0x00", Address: "0x0718")
Writing value 0x80 to address: 0x0718
0x0718: 0x80
Instruction cycle count set to 5
A |X |Y |SP |PC   |T/MT |NV-BDIZC |CYCLE
----------------------------------------
80|18|00|FE |EC0A |1/5  |10100100 |360
80|18|00|FE |EC0A |2/5  |10100100 |361
80|18|00|FE |EC0A |3/5  |10100100 |362
80|18|00|FE |EC0A |4/5  |10100100 |363
80|18|00|FE |EC0A |5/5  |10100100 |364


---------------
Opcode: E8
Instruction:INX Addressing Mode:Implied - Operand (Value: "None", Address: "None")
Instruction cycle count set to 2
A |X |Y |SP |PC   |T/MT |NV-BDIZC |CYCLE
----------------------------------------
80|19|00|FE |EC0B |1/2  |00100100 |365
80|19|00|FE |EC0B |2/2  |00100100 |366


---------------
Opcode: D0
ll: F7
Old PC: EC0D Offset:-9 New PC: EC04
Instruction:BNE Addressing Mode:Relative - Operand (Value: "None", Address: "0xEC04")
Instruction cycle count set to 2
A |X |Y |SP |PC   |T/MT |NV-BDIZC |CYCLE
----------------------------------------
80|19|00|FE |EC04 |1/3  |00100100 |367
80|19|00|FE |EC04 |2/3  |00100100 |368
80|19|00|FE |EC04 |3/3  |00100100 |369


---------------
Opcode: BD
ll: 10 hh: EC
Instruction:LDA Addressing Mode:AbsoluteX - Operand (Value: "0x4A", Address: "0xEC29")
Instruction cycle count set to 4
A |X |Y |SP |PC   |T/MT |NV-BDIZC |CYCLE
----------------------------------------
4A|19|00|FE |EC07 |1/4  |00100100 |370
4A|19|00|FE |EC07 |2/4  |00100100 |371
4A|19|00|FE |EC07 |3/4  |00100100 |372
4A|19|00|FE |EC07 |4/4  |00100100 |373


---------------
Opcode: 9D
ll: 00 hh: 07
Instruction:STA Addressing Mode:AbsoluteX - Operand (Value: "0x00", Address: "0x0719")
Writing value 0x4A to address: 0x0719
0x0719: 0x4A
Instruction cycle count set to 5
A |X |Y |SP |PC   |T/MT |NV-BDIZC |CYCLE
----------------------------------------
4A|19|00|FE |EC0A |1/5  |00100100 |374
4A|19|00|FE |EC0A |2/5  |00100100 |375
4A|19|00|FE |EC0A |3/5  |00100100 |376
4A|19|00|FE |EC0A |4/5  |00100100 |377
4A|19|00|FE |EC0A |5/5  |00100100 |378


---------------
Opcode: E8
Instruction:INX Addressing Mode:Implied - Operand (Value: "None", Address: "None")
Instruction cycle count set to 2
A |X |Y |SP |PC   |T/MT |NV-BDIZC |CYCLE
----------------------------------------
4A|1A|00|FE |EC0B |1/2  |00100100 |379
4A|1A|00|FE |EC0B |2/2  |00100100 |380


---------------
Opcode: D0
ll: F7
Old PC: EC0D Offset:-9 New PC: EC04
Instruction:BNE Addressing Mode:Relative - Operand (Value: "None", Address: "0xEC04")
Instruction cycle count set to 2
A |X |Y |SP |PC   |T/MT |NV-BDIZC |CYCLE
----------------------------------------
4A|1A|00|FE |EC04 |1/3  |00100100 |381
4A|1A|00|FE |EC04 |2/3  |00100100 |382
4A|1A|00|FE |EC04 |3/3  |00100100 |383


---------------
Opcode: BD
ll: 10 hh: EC
Instruction:LDA Addressing Mode:AbsoluteX - Operand (Value: "0xC9", Address: "0xEC2A")
Instruction cycle count set to 4
A |X |Y |SP |PC   |T/MT |NV-BDIZC |CYCLE
----------------------------------------
C9|1A|00|FE |EC07 |1/4  |10100100 |384
C9|1A|00|FE |EC07 |2/4  |10100100 |385
C9|1A|00|FE |EC07 |3/4  |10100100 |386
C9|1A|00|FE |EC07 |4/4  |10100100 |387


---------------
Opcode: 9D
ll: 00 hh: 07
Instruction:STA Addressing Mode:AbsoluteX - Operand (Value: "0x00", Address: "0x071A")
Writing value 0xC9 to address: 0x071A
0x071A: 0xC9
Instruction cycle count set to 5
A |X |Y |SP |PC   |T/MT |NV-BDIZC |CYCLE
----------------------------------------
C9|1A|00|FE |EC0A |1/5  |10100100 |388
C9|1A|00|FE |EC0A |2/5  |10100100 |389
C9|1A|00|FE |EC0A |3/5  |10100100 |390
C9|1A|00|FE |EC0A |4/5  |10100100 |391
C9|1A|00|FE |EC0A |5/5  |10100100 |392


---------------
Opcode: E8
Instruction:INX Addressing Mode:Implied - Operand (Value: "None", Address: "None")
Instruction cycle count set to 2
A |X |Y |SP |PC   |T/MT |NV-BDIZC |CYCLE
----------------------------------------
C9|1B|00|FE |EC0B |1/2  |00100100 |393
C9|1B|00|FE |EC0B |2/2  |00100100 |394


---------------
Opcode: D0
ll: F7
Old PC: EC0D Offset:-9 New PC: EC04
Instruction:BNE Addressing Mode:Relative - Operand (Value: "None", Address: "0xEC04")
Instruction cycle count set to 2
A |X |Y |SP |PC   |T/MT |NV-BDIZC |CYCLE
----------------------------------------
C9|1B|00|FE |EC04 |1/3  |00100100 |395
C9|1B|00|FE |EC04 |2/3  |00100100 |396
C9|1B|00|FE |EC04 |3/3  |00100100 |397


---------------
Opcode: BD
ll: 10 hh: EC
Instruction:LDA Addressing Mode:AbsoluteX - Operand (Value: "0x02", Address: "0xEC2B")
Instruction cycle count set to 4
A |X |Y |SP |PC   |T/MT |NV-BDIZC |CYCLE
----------------------------------------
02|1B|00|FE |EC07 |1/4  |00100100 |398
02|1B|00|FE |EC07 |2/4  |00100100 |399
02|1B|00|FE |EC07 |3/4  |00100100 |400
02|1B|00|FE |EC07 |4/4  |00100100 |401


---------------
Opcode: 9D
ll: 00 hh: 07
Instruction:STA Addressing Mode:AbsoluteX - Operand (Value: "0x00", Address: "0x071B")
Writing value 0x02 to address: 0x071B
0x071B: 0x02
Instruction cycle count set to 5
A |X |Y |SP |PC   |T/MT |NV-BDIZC |CYCLE
----------------------------------------
02|1B|00|FE |EC0A |1/5  |00100100 |402
02|1B|00|FE |EC0A |2/5  |00100100 |403
02|1B|00|FE |EC0A |3/5  |00100100 |404
02|1B|00|FE |EC0A |4/5  |00100100 |405
02|1B|00|FE |EC0A |5/5  |00100100 |406


---------------
Opcode: E8
Instruction:INX Addressing Mode:Implied - Operand (Value: "None", Address: "None")
Instruction cycle count set to 2
A |X |Y |SP |PC   |T/MT |NV-BDIZC |CYCLE
----------------------------------------
02|1C|00|FE |EC0B |1/2  |00100100 |407
02|1C|00|FE |EC0B |2/2  |00100100 |408


---------------
Opcode: D0
ll: F7
Old PC: EC0D Offset:-9 New PC: EC04
Instruction:BNE Addressing Mode:Relative - Operand (Value: "None", Address: "0xEC04")
Instruction cycle count set to 2
A |X |Y |SP |PC   |T/MT |NV-BDIZC |CYCLE
----------------------------------------
02|1C|00|FE |EC04 |1/3  |00100100 |409
02|1C|00|FE |EC04 |2/3  |00100100 |410
02|1C|00|FE |EC04 |3/3  |00100100 |411


---------------
Opcode: BD
ll: 10 hh: EC
Instruction:LDA Addressing Mode:AbsoluteX - Operand (Value: "0xD0", Address: "0xEC2C")
Instruction cycle count set to 4
A |X |Y |SP |PC   |T/MT |NV-BDIZC |CYCLE
----------------------------------------
D0|1C|00|FE |EC07 |1/4  |10100100 |412
D0|1C|00|FE |EC07 |2/4  |10100100 |413
D0|1C|00|FE |EC07 |3/4  |10100100 |414
D0|1C|00|FE |EC07 |4/4  |10100100 |415


---------------
Opcode: 9D
ll: 00 hh: 07
Instruction:STA Addressing Mode:AbsoluteX - Operand (Value: "0x00", Address: "0x071C")
Writing value 0xD0 to address: 0x071C
0x071C: 0xD0
Instruction cycle count set to 5
A |X |Y |SP |PC   |T/MT |NV-BDIZC |CYCLE
----------------------------------------
D0|1C|00|FE |EC0A |1/5  |10100100 |416
D0|1C|00|FE |EC0A |2/5  |10100100 |417
D0|1C|00|FE |EC0A |3/5  |10100100 |418
D0|1C|00|FE |EC0A |4/5  |10100100 |419
D0|1C|00|FE |EC0A |5/5  |10100100 |420


---------------
Opcode: E8
Instruction:INX Addressing Mode:Implied - Operand (Value: "None", Address: "None")
Instruction cycle count set to 2
A |X |Y |SP |PC   |T/MT |NV-BDIZC |CYCLE
----------------------------------------
D0|1D|00|FE |EC0B |1/2  |00100100 |421
D0|1D|00|FE |EC0B |2/2  |00100100 |422


---------------
Opcode: D0
ll: F7
Old PC: EC0D Offset:-9 New PC: EC04
Instruction:BNE Addressing Mode:Relative - Operand (Value: "None", Address: "0xEC04")
Instruction cycle count set to 2
A |X |Y |SP |PC   |T/MT |NV-BDIZC |CYCLE
----------------------------------------
D0|1D|00|FE |EC04 |1/3  |00100100 |423
D0|1D|00|FE |EC04 |2/3  |00100100 |424
D0|1D|00|FE |EC04 |3/3  |00100100 |425


---------------
Opcode: BD
ll: 10 hh: EC
Instruction:LDA Addressing Mode:AbsoluteX - Operand (Value: "0xF8", Address: "0xEC2D")
Instruction cycle count set to 4
A |X |Y |SP |PC   |T/MT |NV-BDIZC |CYCLE
----------------------------------------
F8|1D|00|FE |EC07 |1/4  |10100100 |426
F8|1D|00|FE |EC07 |2/4  |10100100 |427
F8|1D|00|FE |EC07 |3/4  |10100100 |428
F8|1D|00|FE |EC07 |4/4  |10100100 |429


---------------
Opcode: 9D
ll: 00 hh: 07
Instruction:STA Addressing Mode:AbsoluteX - Operand (Value: "0x00", Address: "0x071D")
Writing value 0xF8 to address: 0x071D
0x071D: 0xF8
Instruction cycle count set to 5
A |X |Y |SP |PC   |T/MT |NV-BDIZC |CYCLE
----------------------------------------
F8|1D|00|FE |EC0A |1/5  |10100100 |430
F8|1D|00|FE |EC0A |2/5  |10100100 |431
F8|1D|00|FE |EC0A |3/5  |10100100 |432
F8|1D|00|FE |EC0A |4/5  |10100100 |433
F8|1D|00|FE |EC0A |5/5  |10100100 |434


---------------
Opcode: E8
Instruction:INX Addressing Mode:Implied - Operand (Value: "None", Address: "None")
Instruction cycle count set to 2
A |X |Y |SP |PC   |T/MT |NV-BDIZC |CYCLE
----------------------------------------
F8|1E|00|FE |EC0B |1/2  |00100100 |435
F8|1E|00|FE |EC0B |2/2  |00100100 |436


---------------
Opcode: D0
ll: F7
Old PC: EC0D Offset:-9 New PC: EC04
Instruction:BNE Addressing Mode:Relative - Operand (Value: "None", Address: "0xEC04")
Instruction cycle count set to 2
A |X |Y |SP |PC   |T/MT |NV-BDIZC |CYCLE
----------------------------------------
F8|1E|00|FE |EC04 |1/3  |00100100 |437
F8|1E|00|FE |EC04 |2/3  |00100100 |438
F8|1E|00|FE |EC04 |3/3  |00100100 |439


---------------
Opcode: BD
ll: 10 hh: EC
Instruction:LDA Addressing Mode:AbsoluteX - Operand (Value: "0xA9", Address: "0xEC2E")
Instruction cycle count set to 4
A |X |Y |SP |PC   |T/MT |NV-BDIZC |CYCLE
----------------------------------------
A9|1E|00|FE |EC07 |1/4  |10100100 |440
A9|1E|00|FE |EC07 |2/4  |10100100 |441
A9|1E|00|FE |EC07 |3/4  |10100100 |442
A9|1E|00|FE |EC07 |4/4  |10100100 |443


---------------
Opcode: 9D
ll: 00 hh: 07
Instruction:STA Addressing Mode:AbsoluteX - Operand (Value: "0x00", Address: "0x071E")
Writing value 0xA9 to address: 0x071E
0x071E: 0xA9
Instruction cycle count set to 5
A |X |Y |SP |PC   |T/MT |NV-BDIZC |CYCLE
----------------------------------------
A9|1E|00|FE |EC0A |1/5  |10100100 |444
A9|1E|00|FE |EC0A |2/5  |10100100 |445
A9|1E|00|FE |EC0A |3/5  |10100100 |446
A9|1E|00|FE |EC0A |4/5  |10100100 |447
A9|1E|00|FE |EC0A |5/5  |10100100 |448


---------------
Opcode: E8
Instruction:INX Addressing Mode:Implied - Operand (Value: "None", Address: "None")
Instruction cycle count set to 2
A |X |Y |SP |PC   |T/MT |NV-BDIZC |CYCLE
----------------------------------------
A9|1F|00|FE |EC0B |1/2  |00100100 |449
A9|1F|00|FE |EC0B |2/2  |00100100 |450


---------------
Opcode: D0
ll: F7
Old PC: EC0D Offset:-9 New PC: EC04
Instruction:BNE Addressing Mode:Relative - Operand (Value: "None", Address: "0xEC04")
Instruction cycle count set to 2
A |X |Y |SP |PC   |T/MT |NV-BDIZC |CYCLE
----------------------------------------
A9|1F|00|FE |EC04 |1/3  |00100100 |451
A9|1F|00|FE |EC04 |2/3  |00100100 |452
A9|1F|00|FE |EC04 |3/3  |00100100 |453


---------------
Opcode: BD
ll: 10 hh: EC
Instruction:LDA Addressing Mode:AbsoluteX - Operand (Value: "0x40", Address: "0xEC2F")
Instruction cycle count set to 4
A |X |Y |SP |PC   |T/MT |NV-BDIZC |CYCLE
----------------------------------------
40|1F|00|FE |EC07 |1/4  |00100100 |454
40|1F|00|FE |EC07 |2/4  |00100100 |455
40|1F|00|FE |EC07 |3/4  |00100100 |456
40|1F|00|FE |EC07 |4/4  |00100100 |457


---------------
Opcode: 9D
ll: 00 hh: 07
Instruction:STA Addressing Mode:AbsoluteX - Operand (Value: "0x00", Address: "0x071F")
Writing value 0x40 to address: 0x071F
0x071F: 0x40
Instruction cycle count set to 5
A |X |Y |SP |PC   |T/MT |NV-BDIZC |CYCLE
----------------------------------------
40|1F|00|FE |EC0A |1/5  |00100100 |458
40|1F|00|FE |EC0A |2/5  |00100100 |459
40|1F|00|FE |EC0A |3/5  |00100100 |460
40|1F|00|FE |EC0A |4/5  |00100100 |461
40|1F|00|FE |EC0A |5/5  |00100100 |462


---------------
Opcode: E8
Instruction:INX Addressing Mode:Implied - Operand (Value: "None", Address: "None")
Instruction cycle count set to 2
A |X |Y |SP |PC   |T/MT |NV-BDIZC |CYCLE
----------------------------------------
40|20|00|FE |EC0B |1/2  |00100100 |463
40|20|00|FE |EC0B |2/2  |00100100 |464


---------------
Opcode: D0
ll: F7
Old PC: EC0D Offset:-9 New PC: EC04
Instruction:BNE Addressing Mode:Relative - Operand (Value: "None", Address: "0xEC04")
Instruction cycle count set to 2
A |X |Y |SP |PC   |T/MT |NV-BDIZC |CYCLE
----------------------------------------
40|20|00|FE |EC04 |1/3  |00100100 |465
40|20|00|FE |EC04 |2/3  |00100100 |466
40|20|00|FE |EC04 |3/3  |00100100 |467


---------------
Opcode: BD
ll: 10 hh: EC
Instruction:LDA Addressing Mode:AbsoluteX - Operand (Value: "0x8D", Address: "0xEC30")
Instruction cycle count set to 4
A |X |Y |SP |PC   |T/MT |NV-BDIZC |CYCLE
----------------------------------------
8D|20|00|FE |EC07 |1/4  |10100100 |468
8D|20|00|FE |EC07 |2/4  |10100100 |469
8D|20|00|FE |EC07 |3/4  |10100100 |470
8D|20|00|FE |EC07 |4/4  |10100100 |471


---------------
Opcode: 9D
ll: 00 hh: 07
Instruction:STA Addressing Mode:AbsoluteX - Operand (Value: "0x00", Address: "0x0720")
Writing value 0x8D to address: 0x0720
0x0720: 0x8D
Instruction cycle count set to 5
A |X |Y |SP |PC   |T/MT |NV-BDIZC |CYCLE
----------------------------------------
8D|20|00|FE |EC0A |1/5  |10100100 |472
8D|20|00|FE |EC0A |2/5  |10100100 |473
8D|20|00|FE |EC0A |3/5  |10100100 |474
8D|20|00|FE |EC0A |4/5  |10100100 |475
8D|20|00|FE |EC0A |5/5  |10100100 |476


---------------
Opcode: E8
Instruction:INX Addressing Mode:Implied - Operand (Value: "None", Address: "None")
Instruction cycle count set to 2
A |X |Y |SP |PC   |T/MT |NV-BDIZC |CYCLE
----------------------------------------
8D|21|00|FE |EC0B |1/2  |00100100 |477
8D|21|00|FE |EC0B |2/2  |00100100 |478


---------------
Opcode: D0
ll: F7
Old PC: EC0D Offset:-9 New PC: EC04
Instruction:BNE Addressing Mode:Relative - Operand (Value: "None", Address: "0xEC04")
Instruction cycle count set to 2
A |X |Y |SP |PC   |T/MT |NV-BDIZC |CYCLE
----------------------------------------
8D|21|00|FE |EC04 |1/3  |00100100 |479
8D|21|00|FE |EC04 |2/3  |00100100 |480
8D|21|00|FE |EC04 |3/3  |00100100 |481


---------------
Opcode: BD
ll: 10 hh: EC
Instruction:LDA Addressing Mode:AbsoluteX - Operand (Value: "0x00", Address: "0xEC31")
Instruction cycle count set to 4
A |X |Y |SP |PC   |T/MT |NV-BDIZC |CYCLE
----------------------------------------
00|21|00|FE |EC07 |1/4  |00100110 |482
00|21|00|FE |EC07 |2/4  |00100110 |483
00|21|00|FE |EC07 |3/4  |00100110 |484
00|21|00|FE |EC07 |4/4  |00100110 |485


---------------
Opcode: 9D
ll: 00 hh: 07
Instruction:STA Addressing Mode:AbsoluteX - Operand (Value: "0x00", Address: "0x0721")
Writing value 0x00 to address: 0x0721
0x0721: 0x00
Instruction cycle count set to 5
A |X |Y |SP |PC   |T/MT |NV-BDIZC |CYCLE
----------------------------------------
00|21|00|FE |EC0A |1/5  |00100110 |486
00|21|00|FE |EC0A |2/5  |00100110 |487
00|21|00|FE |EC0A |3/5  |00100110 |488
00|21|00|FE |EC0A |4/5  |00100110 |489
00|21|00|FE |EC0A |5/5  |00100110 |490


---------------
Opcode: E8
Instruction:INX Addressing Mode:Implied - Operand (Value: "None", Address: "None")
Instruction cycle count set to 2
A |X |Y |SP |PC   |T/MT |NV-BDIZC |CYCLE
----------------------------------------
00|22|00|FE |EC0B |1/2  |00100100 |491
00|22|00|FE |EC0B |2/2  |00100100 |492


---------------
Opcode: D0
ll: F7
Old PC: EC0D Offset:-9 New PC: EC04
Instruction:BNE Addressing Mode:Relative - Operand (Value: "None", Address: "0xEC04")
Instruction cycle count set to 2
A |X |Y |SP |PC   |T/MT |NV-BDIZC |CYCLE
----------------------------------------
00|22|00|FE |EC04 |1/3  |00100100 |493
00|22|00|FE |EC04 |2/3  |00100100 |494
00|22|00|FE |EC04 |3/3  |00100100 |495


---------------
Opcode: BD
ll: 10 hh: EC
Instruction:LDA Addressing Mode:AbsoluteX - Operand (Value: "0xE0", Address: "0xEC32")
Instruction cycle count set to 4
A |X |Y |SP |PC   |T/MT |NV-BDIZC |CYCLE
----------------------------------------
E0|22|00|FE |EC07 |1/4  |10100100 |496
E0|22|00|FE |EC07 |2/4  |10100100 |497
E0|22|00|FE |EC07 |3/4  |10100100 |498
E0|22|00|FE |EC07 |4/4  |10100100 |499


---------------
Opcode: 9D
ll: 00 hh: 07
Instruction:STA Addressing Mode:AbsoluteX - Operand (Value: "0x00", Address: "0x0722")
Writing value 0xE0 to address: 0x0722
0x0722: 0xE0
Instruction cycle count set to 5
A |X |Y |SP |PC   |T/MT |NV-BDIZC |CYCLE
----------------------------------------
E0|22|00|FE |EC0A |1/5  |10100100 |500
E0|22|00|FE |EC0A |2/5  |10100100 |501
E0|22|00|FE |EC0A |3/5  |10100100 |502
E0|22|00|FE |EC0A |4/5  |10100100 |503
E0|22|00|FE |EC0A |5/5  |10100100 |504


---------------
Opcode: E8
Instruction:INX Addressing Mode:Implied - Operand (Value: "None", Address: "None")
Instruction cycle count set to 2
A |X |Y |SP |PC   |T/MT |NV-BDIZC |CYCLE
----------------------------------------
E0|23|00|FE |EC0B |1/2  |00100100 |505
E0|23|00|FE |EC0B |2/2  |00100100 |506


---------------
Opcode: D0
ll: F7
Old PC: EC0D Offset:-9 New PC: EC04
Instruction:BNE Addressing Mode:Relative - Operand (Value: "None", Address: "0xEC04")
Instruction cycle count set to 2
A |X |Y |SP |PC   |T/MT |NV-BDIZC |CYCLE
----------------------------------------
E0|23|00|FE |EC04 |1/3  |00100100 |507
E0|23|00|FE |EC04 |2/3  |00100100 |508
E0|23|00|FE |EC04 |3/3  |00100100 |509


---------------
Opcode: BD
ll: 10 hh: EC
Instruction:LDA Addressing Mode:AbsoluteX - Operand (Value: "0x4A", Address: "0xEC33")
Instruction cycle count set to 4
A |X |Y |SP |PC   |T/MT |NV-BDIZC |CYCLE
----------------------------------------
4A|23|00|FE |EC07 |1/4  |00100100 |510
4A|23|00|FE |EC07 |2/4  |00100100 |511
4A|23|00|FE |EC07 |3/4  |00100100 |512
4A|23|00|FE |EC07 |4/4  |00100100 |513


---------------
Opcode: 9D
ll: 00 hh: 07
Instruction:STA Addressing Mode:AbsoluteX - Operand (Value: "0x00", Address: "0x0723")
Writing value 0x4A to address: 0x0723
0x0723: 0x4A
Instruction cycle count set to 5
A |X |Y |SP |PC   |T/MT |NV-BDIZC |CYCLE
----------------------------------------
4A|23|00|FE |EC0A |1/5  |00100100 |514
4A|23|00|FE |EC0A |2/5  |00100100 |515
4A|23|00|FE |EC0A |3/5  |00100100 |516
4A|23|00|FE |EC0A |4/5  |00100100 |517
4A|23|00|FE |EC0A |5/5  |00100100 |518


---------------
Opcode: E8
Instruction:INX Addressing Mode:Implied - Operand (Value: "None", Address: "None")
Instruction cycle count set to 2
A |X |Y |SP |PC   |T/MT |NV-BDIZC |CYCLE
----------------------------------------
4A|24|00|FE |EC0B |1/2  |00100100 |519
4A|24|00|FE |EC0B |2/2  |00100100 |520


---------------
Opcode: D0
ll: F7
Old PC: EC0D Offset:-9 New PC: EC04
Instruction:BNE Addressing Mode:Relative - Operand (Value: "None", Address: "0xEC04")
Instruction cycle count set to 2
A |X |Y |SP |PC   |T/MT |NV-BDIZC |CYCLE
----------------------------------------
4A|24|00|FE |EC04 |1/3  |00100100 |521
4A|24|00|FE |EC04 |2/3  |00100100 |522
4A|24|00|FE |EC04 |3/3  |00100100 |523


---------------
Opcode: BD
ll: 10 hh: EC
Instruction:LDA Addressing Mode:AbsoluteX - Operand (Value: "0xC9", Address: "0xEC34")
Instruction cycle count set to 4
A |X |Y |SP |PC   |T/MT |NV-BDIZC |CYCLE
----------------------------------------
C9|24|00|FE |EC07 |1/4  |10100100 |524
C9|24|00|FE |EC07 |2/4  |10100100 |525
C9|24|00|FE |EC07 |3/4  |10100100 |526
C9|24|00|FE |EC07 |4/4  |10100100 |527


---------------
Opcode: 9D
ll: 00 hh: 07
Instruction:STA Addressing Mode:AbsoluteX - Operand (Value: "0x00", Address: "0x0724")
Writing value 0xC9 to address: 0x0724
0x0724: 0xC9
Instruction cycle count set to 5
A |X |Y |SP |PC   |T/MT |NV-BDIZC |CYCLE
----------------------------------------
C9|24|00|FE |EC0A |1/5  |10100100 |528
C9|24|00|FE |EC0A |2/5  |10100100 |529
C9|24|00|FE |EC0A |3/5  |10100100 |530
C9|24|00|FE |EC0A |4/5  |10100100 |531
C9|24|00|FE |EC0A |5/5  |10100100 |532


---------------
Opcode: E8
Instruction:INX Addressing Mode:Implied - Operand (Value: "None", Address: "None")
Instruction cycle count set to 2
A |X |Y |SP |PC   |T/MT |NV-BDIZC |CYCLE
----------------------------------------
C9|25|00|FE |EC0B |1/2  |00100100 |533
C9|25|00|FE |EC0B |2/2  |00100100 |534


---------------
Opcode: D0
ll: F7
Old PC: EC0D Offset:-9 New PC: EC04
Instruction:BNE Addressing Mode:Relative - Operand (Value: "None", Address: "0xEC04")
Instruction cycle count set to 2
A |X |Y |SP |PC   |T/MT |NV-BDIZC |CYCLE
----------------------------------------
C9|25|00|FE |EC04 |1/3  |00100100 |535
C9|25|00|FE |EC04 |2/3  |00100100 |536
C9|25|00|FE |EC04 |3/3  |00100100 |537


---------------
Opcode: BD
ll: 10 hh: EC
Instruction:LDA Addressing Mode:AbsoluteX - Operand (Value: "0x02", Address: "0xEC35")
Instruction cycle count set to 4
A |X |Y |SP |PC   |T/MT |NV-BDIZC |CYCLE
----------------------------------------
02|25|00|FE |EC07 |1/4  |00100100 |538
02|25|00|FE |EC07 |2/4  |00100100 |539
02|25|00|FE |EC07 |3/4  |00100100 |540
02|25|00|FE |EC07 |4/4  |00100100 |541


---------------
Opcode: 9D
ll: 00 hh: 07
Instruction:STA Addressing Mode:AbsoluteX - Operand (Value: "0x00", Address: "0x0725")
Writing value 0x02 to address: 0x0725
0x0725: 0x02
Instruction cycle count set to 5
A |X |Y |SP |PC   |T/MT |NV-BDIZC |CYCLE
----------------------------------------
02|25|00|FE |EC0A |1/5  |00100100 |542
02|25|00|FE |EC0A |2/5  |00100100 |543
02|25|00|FE |EC0A |3/5  |00100100 |544
02|25|00|FE |EC0A |4/5  |00100100 |545
02|25|00|FE |EC0A |5/5  |00100100 |546


---------------
Opcode: E8
Instruction:INX Addressing Mode:Implied - Operand (Value: "None", Address: "None")
Instruction cycle count set to 2
A |X |Y |SP |PC   |T/MT |NV-BDIZC |CYCLE
----------------------------------------
02|26|00|FE |EC0B |1/2  |00100100 |547
02|26|00|FE |EC0B |2/2  |00100100 |548


---------------
Opcode: D0
ll: F7
Old PC: EC0D Offset:-9 New PC: EC04
Instruction:BNE Addressing Mode:Relative - Operand (Value: "None", Address: "0xEC04")
Instruction cycle count set to 2
A |X |Y |SP |PC   |T/MT |NV-BDIZC |CYCLE
----------------------------------------
02|26|00|FE |EC04 |1/3  |00100100 |549
02|26|00|FE |EC04 |2/3  |00100100 |550
02|26|00|FE |EC04 |3/3  |00100100 |551


---------------
Opcode: BD
ll: 10 hh: EC
Instruction:LDA Addressing Mode:AbsoluteX - Operand (Value: "0xD0", Address: "0xEC36")
Instruction cycle count set to 4
A |X |Y |SP |PC   |T/MT |NV-BDIZC |CYCLE
----------------------------------------
D0|26|00|FE |EC07 |1/4  |10100100 |552
D0|26|00|FE |EC07 |2/4  |10100100 |553
D0|26|00|FE |EC07 |3/4  |10100100 |554
D0|26|00|FE |EC07 |4/4  |10100100 |555


---------------
Opcode: 9D
ll: 00 hh: 07
Instruction:STA Addressing Mode:AbsoluteX - Operand (Value: "0x00", Address: "0x0726")
Writing value 0xD0 to address: 0x0726
0x0726: 0xD0
Instruction cycle count set to 5
A |X |Y |SP |PC   |T/MT |NV-BDIZC |CYCLE
----------------------------------------
D0|26|00|FE |EC0A |1/5  |10100100 |556
D0|26|00|FE |EC0A |2/5  |10100100 |557
D0|26|00|FE |EC0A |3/5  |10100100 |558
D0|26|00|FE |EC0A |4/5  |10100100 |559
D0|26|00|FE |EC0A |5/5  |10100100 |560


---------------
Opcode: E8
Instruction:INX Addressing Mode:Implied - Operand (Value: "None", Address: "None")
Instruction cycle count set to 2
A |X |Y |SP |PC   |T/MT |NV-BDIZC |CYCLE
----------------------------------------
D0|27|00|FE |EC0B |1/2  |00100100 |561
D0|27|00|FE |EC0B |2/2  |00100100 |562


---------------
Opcode: D0
ll: F7
Old PC: EC0D Offset:-9 New PC: EC04
Instruction:BNE Addressing Mode:Relative - Operand (Value: "None", Address: "0xEC04")
Instruction cycle count set to 2
A |X |Y |SP |PC   |T/MT |NV-BDIZC |CYCLE
----------------------------------------
D0|27|00|FE |EC04 |1/3  |00100100 |563
D0|27|00|FE |EC04 |2/3  |00100100 |564
D0|27|00|FE |EC04 |3/3  |00100100 |565


---------------
Opcode: BD
ll: 10 hh: EC
Instruction:LDA Addressing Mode:AbsoluteX - Operand (Value: "0xF8", Address: "0xEC37")
Instruction cycle count set to 4
A |X |Y |SP |PC   |T/MT |NV-BDIZC |CYCLE
----------------------------------------
F8|27|00|FE |EC07 |1/4  |10100100 |566
F8|27|00|FE |EC07 |2/4  |10100100 |567
F8|27|00|FE |EC07 |3/4  |10100100 |568
F8|27|00|FE |EC07 |4/4  |10100100 |569


---------------
Opcode: 9D
ll: 00 hh: 07
Instruction:STA Addressing Mode:AbsoluteX - Operand (Value: "0x00", Address: "0x0727")
Writing value 0xF8 to address: 0x0727
0x0727: 0xF8
Instruction cycle count set to 5
A |X |Y |SP |PC   |T/MT |NV-BDIZC |CYCLE
----------------------------------------
F8|27|00|FE |EC0A |1/5  |10100100 |570
F8|27|00|FE |EC0A |2/5  |10100100 |571
F8|27|00|FE |EC0A |3/5  |10100100 |572
F8|27|00|FE |EC0A |4/5  |10100100 |573
F8|27|00|FE |EC0A |5/5  |10100100 |574


---------------
Opcode: E8
Instruction:INX Addressing Mode:Implied - Operand (Value: "None", Address: "None")
Instruction cycle count set to 2
A |X |Y |SP |PC   |T/MT |NV-BDIZC |CYCLE
----------------------------------------
F8|28|00|FE |EC0B |1/2  |00100100 |575
F8|28|00|FE |EC0B |2/2  |00100100 |576


---------------
Opcode: D0
ll: F7
Old PC: EC0D Offset:-9 New PC: EC04
Instruction:BNE Addressing Mode:Relative - Operand (Value: "None", Address: "0xEC04")
Instruction cycle count set to 2
A |X |Y |SP |PC   |T/MT |NV-BDIZC |CYCLE
----------------------------------------
F8|28|00|FE |EC04 |1/3  |00100100 |577
F8|28|00|FE |EC04 |2/3  |00100100 |578
F8|28|00|FE |EC04 |3/3  |00100100 |579


---------------
Opcode: BD
ll: 10 hh: EC
Instruction:LDA Addressing Mode:AbsoluteX - Operand (Value: "0x68", Address: "0xEC38")
Instruction cycle count set to 4
A |X |Y |SP |PC   |T/MT |NV-BDIZC |CYCLE
----------------------------------------
68|28|00|FE |EC07 |1/4  |00100100 |580
68|28|00|FE |EC07 |2/4  |00100100 |581
68|28|00|FE |EC07 |3/4  |00100100 |582
68|28|00|FE |EC07 |4/4  |00100100 |583


---------------
Opcode: 9D
ll: 00 hh: 07
Instruction:STA Addressing Mode:AbsoluteX - Operand (Value: "0x00", Address: "0x0728")
Writing value 0x68 to address: 0x0728
0x0728: 0x68
Instruction cycle count set to 5
A |X |Y |SP |PC   |T/MT |NV-BDIZC |CYCLE
----------------------------------------
68|28|00|FE |EC0A |1/5  |00100100 |584
68|28|00|FE |EC0A |2/5  |00100100 |585
68|28|00|FE |EC0A |3/5  |00100100 |586
68|28|00|FE |EC0A |4/5  |00100100 |587
68|28|00|FE |EC0A |5/5  |00100100 |588


---------------
Opcode: E8
Instruction:INX Addressing Mode:Implied - Operand (Value: "None", Address: "None")
Instruction cycle count set to 2
A |X |Y |SP |PC   |T/MT |NV-BDIZC |CYCLE
----------------------------------------
68|29|00|FE |EC0B |1/2  |00100100 |589
68|29|00|FE |EC0B |2/2  |00100100 |590


---------------
Opcode: D0
ll: F7
Old PC: EC0D Offset:-9 New PC: EC04
Instruction:BNE Addressing Mode:Relative - Operand (Value: "None", Address: "0xEC04")
Instruction cycle count set to 2
A |X |Y |SP |PC   |T/MT |NV-BDIZC |CYCLE
----------------------------------------
68|29|00|FE |EC04 |1/3  |00100100 |591
68|29|00|FE |EC04 |2/3  |00100100 |592
68|29|00|FE |EC04 |3/3  |00100100 |593


---------------
Opcode: BD
ll: 10 hh: EC
Instruction:LDA Addressing Mode:AbsoluteX - Operand (Value: "0x6C", Address: "0xEC39")
Instruction cycle count set to 4
A |X |Y |SP |PC   |T/MT |NV-BDIZC |CYCLE
----------------------------------------
6C|29|00|FE |EC07 |1/4  |00100100 |594
6C|29|00|FE |EC07 |2/4  |00100100 |595
6C|29|00|FE |EC07 |3/4  |00100100 |596
6C|29|00|FE |EC07 |4/4  |00100100 |597


---------------
Opcode: 9D
ll: 00 hh: 07
Instruction:STA Addressing Mode:AbsoluteX - Operand (Value: "0x00", Address: "0x0729")
Writing value 0x6C to address: 0x0729
0x0729: 0x6C
Instruction cycle count set to 5
A |X |Y |SP |PC   |T/MT |NV-BDIZC |CYCLE
----------------------------------------
6C|29|00|FE |EC0A |1/5  |00100100 |598
6C|29|00|FE |EC0A |2/5  |00100100 |599
6C|29|00|FE |EC0A |3/5  |00100100 |600
6C|29|00|FE |EC0A |4/5  |00100100 |601
6C|29|00|FE |EC0A |5/5  |00100100 |602


---------------
Opcode: E8
Instruction:INX Addressing Mode:Implied - Operand (Value: "None", Address: "None")
Instruction cycle count set to 2
A |X |Y |SP |PC   |T/MT |NV-BDIZC |CYCLE
----------------------------------------
6C|2A|00|FE |EC0B |1/2  |00100100 |603
6C|2A|00|FE |EC0B |2/2  |00100100 |604


---------------
Opcode: D0
ll: F7
Old PC: EC0D Offset:-9 New PC: EC04
Instruction:BNE Addressing Mode:Relative - Operand (Value: "None", Address: "0xEC04")
Instruction cycle count set to 2
A |X |Y |SP |PC   |T/MT |NV-BDIZC |CYCLE
----------------------------------------
6C|2A|00|FE |EC04 |1/3  |00100100 |605
6C|2A|00|FE |EC04 |2/3  |00100100 |606
6C|2A|00|FE |EC04 |3/3  |00100100 |607


---------------
Opcode: BD
ll: 10 hh: EC
Instruction:LDA Addressing Mode:AbsoluteX - Operand (Value: "0xF8", Address: "0xEC3A")
Instruction cycle count set to 4
A |X |Y |SP |PC   |T/MT |NV-BDIZC |CYCLE
----------------------------------------
F8|2A|00|FE |EC07 |1/4  |10100100 |608
F8|2A|00|FE |EC07 |2/4  |10100100 |609
F8|2A|00|FE |EC07 |3/4  |10100100 |610
F8|2A|00|FE |EC07 |4/4  |10100100 |611


---------------
Opcode: 9D
ll: 00 hh: 07
Instruction:STA Addressing Mode:AbsoluteX - Operand (Value: "0x00", Address: "0x072A")
Writing value 0xF8 to address: 0x072A
0x072A: 0xF8
Instruction cycle count set to 5
A |X |Y |SP |PC   |T/MT |NV-BDIZC |CYCLE
----------------------------------------
F8|2A|00|FE |EC0A |1/5  |10100100 |612
F8|2A|00|FE |EC0A |2/5  |10100100 |613
F8|2A|00|FE |EC0A |3/5  |10100100 |614
F8|2A|00|FE |EC0A |4/5  |10100100 |615
F8|2A|00|FE |EC0A |5/5  |10100100 |616


---------------
Opcode: E8
Instruction:INX Addressing Mode:Implied - Operand (Value: "None", Address: "None")
Instruction cycle count set to 2
A |X |Y |SP |PC   |T/MT |NV-BDIZC |CYCLE
----------------------------------------
F8|2B|00|FE |EC0B |1/2  |00100100 |617
F8|2B|00|FE |EC0B |2/2  |00100100 |618


---------------
Opcode: D0
ll: F7
Old PC: EC0D Offset:-9 New PC: EC04
Instruction:BNE Addressing Mode:Relative - Operand (Value: "None", Address: "0xEC04")
Instruction cycle count set to 2
A |X |Y |SP |PC   |T/MT |NV-BDIZC |CYCLE
----------------------------------------
F8|2B|00|FE |EC04 |1/3  |00100100 |619
F8|2B|00|FE |EC04 |2/3  |00100100 |620
F8|2B|00|FE |EC04 |3/3  |00100100 |621


---------------
Opcode: BD
ll: 10 hh: EC
Instruction:LDA Addressing Mode:AbsoluteX - Operand (Value: "0xFF", Address: "0xEC3B")
Instruction cycle count set to 4
A |X |Y |SP |PC   |T/MT |NV-BDIZC |CYCLE
----------------------------------------
FF|2B|00|FE |EC07 |1/4  |10100100 |622
FF|2B|00|FE |EC07 |2/4  |10100100 |623
FF|2B|00|FE |EC07 |3/4  |10100100 |624
FF|2B|00|FE |EC07 |4/4  |10100100 |625


---------------
Opcode: 9D
ll: 00 hh: 07
Instruction:STA Addressing Mode:AbsoluteX - Operand (Value: "0x00", Address: "0x072B")
Writing value 0xFF to address: 0x072B
0x072B: 0xFF
Instruction cycle count set to 5
A |X |Y |SP |PC   |T/MT |NV-BDIZC |CYCLE
----------------------------------------
FF|2B|00|FE |EC0A |1/5  |10100100 |626
FF|2B|00|FE |EC0A |2/5  |10100100 |627
FF|2B|00|FE |EC0A |3/5  |10100100 |628
FF|2B|00|FE |EC0A |4/5  |10100100 |629
FF|2B|00|FE |EC0A |5/5  |10100100 |630


---------------
Opcode: E8
Instruction:INX Addressing Mode:Implied - Operand (Value: "None", Address: "None")
Instruction cycle count set to 2
A |X |Y |SP |PC   |T/MT |NV-BDIZC |CYCLE
----------------------------------------
FF|2C|00|FE |EC0B |1/2  |00100100 |631
FF|2C|00|FE |EC0B |2/2  |00100100 |632


---------------
Opcode: D0
ll: F7
Old PC: EC0D Offset:-9 New PC: EC04
Instruction:BNE Addressing Mode:Relative - Operand (Value: "None", Address: "0xEC04")
Instruction cycle count set to 2
A |X |Y |SP |PC   |T/MT |NV-BDIZC |CYCLE
----------------------------------------
FF|2C|00|FE |EC04 |1/3  |00100100 |633
FF|2C|00|FE |EC04 |2/3  |00100100 |634
FF|2C|00|FE |EC04 |3/3  |00100100 |635


---------------
Opcode: BD
ll: 10 hh: EC
Instruction:LDA Addressing Mode:AbsoluteX - Operand (Value: "0xC9", Address: "0xEC3C")
Instruction cycle count set to 4
A |X |Y |SP |PC   |T/MT |NV-BDIZC |CYCLE
----------------------------------------
C9|2C|00|FE |EC07 |1/4  |10100100 |636
C9|2C|00|FE |EC07 |2/4  |10100100 |637
C9|2C|00|FE |EC07 |3/4  |10100100 |638
C9|2C|00|FE |EC07 |4/4  |10100100 |639


---------------
Opcode: 9D
ll: 00 hh: 07
Instruction:STA Addressing Mode:AbsoluteX - Operand (Value: "0x00", Address: "0x072C")
Writing value 0xC9 to address: 0x072C
0x072C: 0xC9
Instruction cycle count set to 5
A |X |Y |SP |PC   |T/MT |NV-BDIZC |CYCLE
----------------------------------------
C9|2C|00|FE |EC0A |1/5  |10100100 |640
C9|2C|00|FE |EC0A |2/5  |10100100 |641
C9|2C|00|FE |EC0A |3/5  |10100100 |642
C9|2C|00|FE |EC0A |4/5  |10100100 |643
C9|2C|00|FE |EC0A |5/5  |10100100 |644


---------------
Opcode: E8
Instruction:INX Addressing Mode:Implied - Operand (Value: "None", Address: "None")
Instruction cycle count set to 2
A |X |Y |SP |PC   |T/MT |NV-BDIZC |CYCLE
----------------------------------------
C9|2D|00|FE |EC0B |1/2  |00100100 |645
C9|2D|00|FE |EC0B |2/2  |00100100 |646


---------------
Opcode: D0
ll: F7
Old PC: EC0D Offset:-9 New PC: EC04
Instruction:BNE Addressing Mode:Relative - Operand (Value: "None", Address: "0xEC04")
Instruction cycle count set to 2
A |X |Y |SP |PC   |T/MT |NV-BDIZC |CYCLE
----------------------------------------
C9|2D|00|FE |EC04 |1/3  |00100100 |647
C9|2D|00|FE |EC04 |2/3  |00100100 |648
C9|2D|00|FE |EC04 |3/3  |00100100 |649


---------------
Opcode: BD
ll: 10 hh: EC
Instruction:LDA Addressing Mode:AbsoluteX - Operand (Value: "0x00", Address: "0xEC3D")
Instruction cycle count set to 4
A |X |Y |SP |PC   |T/MT |NV-BDIZC |CYCLE
----------------------------------------
00|2D|00|FE |EC07 |1/4  |00100110 |650
00|2D|00|FE |EC07 |2/4  |00100110 |651
00|2D|00|FE |EC07 |3/4  |00100110 |652
00|2D|00|FE |EC07 |4/4  |00100110 |653


---------------
Opcode: 9D
ll: 00 hh: 07
Instruction:STA Addressing Mode:AbsoluteX - Operand (Value: "0x00", Address: "0x072D")
Writing value 0x00 to address: 0x072D
0x072D: 0x00
Instruction cycle count set to 5
A |X |Y |SP |PC   |T/MT |NV-BDIZC |CYCLE
----------------------------------------
00|2D|00|FE |EC0A |1/5  |00100110 |654
00|2D|00|FE |EC0A |2/5  |00100110 |655
00|2D|00|FE |EC0A |3/5  |00100110 |656
00|2D|00|FE |EC0A |4/5  |00100110 |657
00|2D|00|FE |EC0A |5/5  |00100110 |658


---------------
Opcode: E8
Instruction:INX Addressing Mode:Implied - Operand (Value: "None", Address: "None")
Instruction cycle count set to 2
A |X |Y |SP |PC   |T/MT |NV-BDIZC |CYCLE
----------------------------------------
00|2E|00|FE |EC0B |1/2  |00100100 |659
00|2E|00|FE |EC0B |2/2  |00100100 |660


---------------
Opcode: D0
ll: F7
Old PC: EC0D Offset:-9 New PC: EC04
Instruction:BNE Addressing Mode:Relative - Operand (Value: "None", Address: "0xEC04")
Instruction cycle count set to 2
A |X |Y |SP |PC   |T/MT |NV-BDIZC |CYCLE
----------------------------------------
00|2E|00|FE |EC04 |1/3  |00100100 |661
00|2E|00|FE |EC04 |2/3  |00100100 |662
00|2E|00|FE |EC04 |3/3  |00100100 |663


---------------
Opcode: BD
ll: 10 hh: EC
Instruction:LDA Addressing Mode:AbsoluteX - Operand (Value: "0xF0", Address: "0xEC3E")
Instruction cycle count set to 4
A |X |Y |SP |PC   |T/MT |NV-BDIZC |CYCLE
----------------------------------------
F0|2E|00|FE |EC07 |1/4  |10100100 |664
F0|2E|00|FE |EC07 |2/4  |10100100 |665
F0|2E|00|FE |EC07 |3/4  |10100100 |666
F0|2E|00|FE |EC07 |4/4  |10100100 |667


---------------
Opcode: 9D
ll: 00 hh: 07
Instruction:STA Addressing Mode:AbsoluteX - Operand (Value: "0x00", Address: "0x072E")
Writing value 0xF0 to address: 0x072E
0x072E: 0xF0
Instruction cycle count set to 5
A |X |Y |SP |PC   |T/MT |NV-BDIZC |CYCLE
----------------------------------------
F0|2E|00|FE |EC0A |1/5  |10100100 |668
F0|2E|00|FE |EC0A |2/5  |10100100 |669
F0|2E|00|FE |EC0A |3/5  |10100100 |670
F0|2E|00|FE |EC0A |4/5  |10100100 |671
F0|2E|00|FE |EC0A |5/5  |10100100 |672


---------------
Opcode: E8
Instruction:INX Addressing Mode:Implied - Operand (Value: "None", Address: "None")
Instruction cycle count set to 2
A |X |Y |SP |PC   |T/MT |NV-BDIZC |CYCLE
----------------------------------------
F0|2F|00|FE |EC0B |1/2  |00100100 |673
F0|2F|00|FE |EC0B |2/2  |00100100 |674


---------------
Opcode: D0
ll: F7
Old PC: EC0D Offset:-9 New PC: EC04
Instruction:BNE Addressing Mode:Relative - Operand (Value: "None", Address: "0xEC04")
Instruction cycle count set to 2
A |X |Y |SP |PC   |T/MT |NV-BDIZC |CYCLE
----------------------------------------
F0|2F|00|FE |EC04 |1/3  |00100100 |675
F0|2F|00|FE |EC04 |2/3  |00100100 |676
F0|2F|00|FE |EC04 |3/3  |00100100 |677


---------------
Opcode: BD
ll: 10 hh: EC
Instruction:LDA Addressing Mode:AbsoluteX - Operand (Value: "0x20", Address: "0xEC3F")
Instruction cycle count set to 4
A |X |Y |SP |PC   |T/MT |NV-BDIZC |CYCLE
----------------------------------------
20|2F|00|FE |EC07 |1/4  |00100100 |678
20|2F|00|FE |EC07 |2/4  |00100100 |679
20|2F|00|FE |EC07 |3/4  |00100100 |680
20|2F|00|FE |EC07 |4/4  |00100100 |681


---------------
Opcode: 9D
ll: 00 hh: 07
Instruction:STA Addressing Mode:AbsoluteX - Operand (Value: "0x00", Address: "0x072F")
Writing value 0x20 to address: 0x072F
0x072F: 0x20
Instruction cycle count set to 5
A |X |Y |SP |PC   |T/MT |NV-BDIZC |CYCLE
----------------------------------------
20|2F|00|FE |EC0A |1/5  |00100100 |682
20|2F|00|FE |EC0A |2/5  |00100100 |683
20|2F|00|FE |EC0A |3/5  |00100100 |684
20|2F|00|FE |EC0A |4/5  |00100100 |685
20|2F|00|FE |EC0A |5/5  |00100100 |686


---------------
Opcode: E8
Instruction:INX Addressing Mode:Implied - Operand (Value: "None", Address: "None")
Instruction cycle count set to 2
A |X |Y |SP |PC   |T/MT |NV-BDIZC |CYCLE
----------------------------------------
20|30|00|FE |EC0B |1/2  |00100100 |687
20|30|00|FE |EC0B |2/2  |00100100 |688


---------------
Opcode: D0
ll: F7
Old PC: EC0D Offset:-9 New PC: EC04
Instruction:BNE Addressing Mode:Relative - Operand (Value: "None", Address: "0xEC04")
Instruction cycle count set to 2
A |X |Y |SP |PC   |T/MT |NV-BDIZC |CYCLE
----------------------------------------
20|30|00|FE |EC04 |1/3  |00100100 |689
20|30|00|FE |EC04 |2/3  |00100100 |690
20|30|00|FE |EC04 |3/3  |00100100 |691


---------------
Opcode: BD
ll: 10 hh: EC
Instruction:LDA Addressing Mode:AbsoluteX - Operand (Value: "0x20", Address: "0xEC40")
Instruction cycle count set to 4
A |X |Y |SP |PC   |T/MT |NV-BDIZC |CYCLE
----------------------------------------
20|30|00|FE |EC07 |1/4  |00100100 |692
20|30|00|FE |EC07 |2/4  |00100100 |693
20|30|00|FE |EC07 |3/4  |00100100 |694
20|30|00|FE |EC07 |4/4  |00100100 |695


---------------
Opcode: 9D
ll: 00 hh: 07
Instruction:STA Addressing Mode:AbsoluteX - Operand (Value: "0x00", Address: "0x0730")
Writing value 0x20 to address: 0x0730
0x0730: 0x20
Instruction cycle count set to 5
A |X |Y |SP |PC   |T/MT |NV-BDIZC |CYCLE
----------------------------------------
20|30|00|FE |EC0A |1/5  |00100100 |696
20|30|00|FE |EC0A |2/5  |00100100 |697
20|30|00|FE |EC0A |3/5  |00100100 |698
20|30|00|FE |EC0A |4/5  |00100100 |699
20|30|00|FE |EC0A |5/5  |00100100 |700


---------------
Opcode: E8
Instruction:INX Addressing Mode:Implied - Operand (Value: "None", Address: "None")
Instruction cycle count set to 2
A |X |Y |SP |PC   |T/MT |NV-BDIZC |CYCLE
----------------------------------------
20|31|00|FE |EC0B |1/2  |00100100 |701
20|31|00|FE |EC0B |2/2  |00100100 |702


---------------
Opcode: D0
ll: F7
Old PC: EC0D Offset:-9 New PC: EC04
Instruction:BNE Addressing Mode:Relative - Operand (Value: "None", Address: "0xEC04")
Instruction cycle count set to 2
A |X |Y |SP |PC   |T/MT |NV-BDIZC |CYCLE
----------------------------------------
20|31|00|FE |EC04 |1/3  |00100100 |703
20|31|00|FE |EC04 |2/3  |00100100 |704
20|31|00|FE |EC04 |3/3  |00100100 |705


---------------
Opcode: BD
ll: 10 hh: EC
Instruction:LDA Addressing Mode:AbsoluteX - Operand (Value: "0x01", Address: "0xEC41")
Instruction cycle count set to 4
A |X |Y |SP |PC   |T/MT |NV-BDIZC |CYCLE
----------------------------------------
01|31|00|FE |EC07 |1/4  |00100100 |706
01|31|00|FE |EC07 |2/4  |00100100 |707
01|31|00|FE |EC07 |3/4  |00100100 |708
01|31|00|FE |EC07 |4/4  |00100100 |709


---------------
Opcode: 9D
ll: 00 hh: 07
Instruction:STA Addressing Mode:AbsoluteX - Operand (Value: "0x00", Address: "0x0731")
Writing value 0x01 to address: 0x0731
0x0731: 0x01
Instruction cycle count set to 5
A |X |Y |SP |PC   |T/MT |NV-BDIZC |CYCLE
----------------------------------------
01|31|00|FE |EC0A |1/5  |00100100 |710
01|31|00|FE |EC0A |2/5  |00100100 |711
01|31|00|FE |EC0A |3/5  |00100100 |712
01|31|00|FE |EC0A |4/5  |00100100 |713
01|31|00|FE |EC0A |5/5  |00100100 |714


---------------
Opcode: E8
Instruction:INX Addressing Mode:Implied - Operand (Value: "None", Address: "None")
Instruction cycle count set to 2
A |X |Y |SP |PC   |T/MT |NV-BDIZC |CYCLE
----------------------------------------
01|32|00|FE |EC0B |1/2  |00100100 |715
01|32|00|FE |EC0B |2/2  |00100100 |716


---------------
Opcode: D0
ll: F7
Old PC: EC0D Offset:-9 New PC: EC04
Instruction:BNE Addressing Mode:Relative - Operand (Value: "None", Address: "0xEC04")
Instruction cycle count set to 2
A |X |Y |SP |PC   |T/MT |NV-BDIZC |CYCLE
----------------------------------------
01|32|00|FE |EC04 |1/3  |00100100 |717
01|32|00|FE |EC04 |2/3  |00100100 |718
01|32|00|FE |EC04 |3/3  |00100100 |719


---------------
Opcode: BD
ll: 10 hh: EC
Instruction:LDA Addressing Mode:AbsoluteX - Operand (Value: "0xE6", Address: "0xEC42")
Instruction cycle count set to 4
A |X |Y |SP |PC   |T/MT |NV-BDIZC |CYCLE
----------------------------------------
E6|32|00|FE |EC07 |1/4  |10100100 |720
E6|32|00|FE |EC07 |2/4  |10100100 |721
E6|32|00|FE |EC07 |3/4  |10100100 |722
E6|32|00|FE |EC07 |4/4  |10100100 |723


---------------
Opcode: 9D
ll: 00 hh: 07
Instruction:STA Addressing Mode:AbsoluteX - Operand (Value: "0x00", Address: "0x0732")
Writing value 0xE6 to address: 0x0732
0x0732: 0xE6
Instruction cycle count set to 5
A |X |Y |SP |PC   |T/MT |NV-BDIZC |CYCLE
----------------------------------------
E6|32|00|FE |EC0A |1/5  |10100100 |724
E6|32|00|FE |EC0A |2/5  |10100100 |725
E6|32|00|FE |EC0A |3/5  |10100100 |726
E6|32|00|FE |EC0A |4/5  |10100100 |727
E6|32|00|FE |EC0A |5/5  |10100100 |728


---------------
Opcode: E8
Instruction:INX Addressing Mode:Implied - Operand (Value: "None", Address: "None")
Instruction cycle count set to 2
A |X |Y |SP |PC   |T/MT |NV-BDIZC |CYCLE
----------------------------------------
E6|33|00|FE |EC0B |1/2  |00100100 |729
E6|33|00|FE |EC0B |2/2  |00100100 |730


---------------
Opcode: D0
ll: F7
Old PC: EC0D Offset:-9 New PC: EC04
Instruction:BNE Addressing Mode:Relative - Operand (Value: "None", Address: "0xEC04")
Instruction cycle count set to 2
A |X |Y |SP |PC   |T/MT |NV-BDIZC |CYCLE
----------------------------------------
E6|33|00|FE |EC04 |1/3  |00100100 |731
E6|33|00|FE |EC04 |2/3  |00100100 |732
E6|33|00|FE |EC04 |3/3  |00100100 |733


---------------
Opcode: BD
ll: 10 hh: EC
Instruction:LDA Addressing Mode:AbsoluteX - Operand (Value: "0x0A", Address: "0xEC43")
Instruction cycle count set to 4
A |X |Y |SP |PC   |T/MT |NV-BDIZC |CYCLE
----------------------------------------
0A|33|00|FE |EC07 |1/4  |00100100 |734
0A|33|00|FE |EC07 |2/4  |00100100 |735
0A|33|00|FE |EC07 |3/4  |00100100 |736
0A|33|00|FE |EC07 |4/4  |00100100 |737


---------------
Opcode: 9D
ll: 00 hh: 07
Instruction:STA Addressing Mode:AbsoluteX - Operand (Value: "0x00", Address: "0x0733")
Writing value 0x0A to address: 0x0733
0x0733: 0x0A
Instruction cycle count set to 5
A |X |Y |SP |PC   |T/MT |NV-BDIZC |CYCLE
----------------------------------------
0A|33|00|FE |EC0A |1/5  |00100100 |738
0A|33|00|FE |EC0A |2/5  |00100100 |739
0A|33|00|FE |EC0A |3/5  |00100100 |740
0A|33|00|FE |EC0A |4/5  |00100100 |741
0A|33|00|FE |EC0A |5/5  |00100100 |742


---------------
Opcode: E8
Instruction:INX Addressing Mode:Implied - Operand (Value: "None", Address: "None")
Instruction cycle count set to 2
A |X |Y |SP |PC   |T/MT |NV-BDIZC |CYCLE
----------------------------------------
0A|34|00|FE |EC0B |1/2  |00100100 |743
0A|34|00|FE |EC0B |2/2  |00100100 |744


---------------
Opcode: D0
ll: F7
Old PC: EC0D Offset:-9 New PC: EC04
Instruction:BNE Addressing Mode:Relative - Operand (Value: "None", Address: "0xEC04")
Instruction cycle count set to 2
A |X |Y |SP |PC   |T/MT |NV-BDIZC |CYCLE
----------------------------------------
0A|34|00|FE |EC04 |1/3  |00100100 |745
0A|34|00|FE |EC04 |2/3  |00100100 |746
0A|34|00|FE |EC04 |3/3  |00100100 |747


---------------
Opcode: BD
ll: 10 hh: EC
Instruction:LDA Addressing Mode:AbsoluteX - Operand (Value: "0x57", Address: "0xEC44")
Instruction cycle count set to 4
A |X |Y |SP |PC   |T/MT |NV-BDIZC |CYCLE
----------------------------------------
57|34|00|FE |EC07 |1/4  |00100100 |748
57|34|00|FE |EC07 |2/4  |00100100 |749
57|34|00|FE |EC07 |3/4  |00100100 |750
57|34|00|FE |EC07 |4/4  |00100100 |751


---------------
Opcode: 9D
ll: 00 hh: 07
Instruction:STA Addressing Mode:AbsoluteX - Operand (Value: "0x00", Address: "0x0734")
Writing value 0x57 to address: 0x0734
0x0734: 0x57
Instruction cycle count set to 5
A |X |Y |SP |PC   |T/MT |NV-BDIZC |CYCLE
----------------------------------------
57|34|00|FE |EC0A |1/5  |00100100 |752
57|34|00|FE |EC0A |2/5  |00100100 |753
57|34|00|FE |EC0A |3/5  |00100100 |754
57|34|00|FE |EC0A |4/5  |00100100 |755
57|34|00|FE |EC0A |5/5  |00100100 |756


---------------
Opcode: E8
Instruction:INX Addressing Mode:Implied - Operand (Value: "None", Address: "None")
Instruction cycle count set to 2
A |X |Y |SP |PC   |T/MT |NV-BDIZC |CYCLE
----------------------------------------
57|35|00|FE |EC0B |1/2  |00100100 |757
57|35|00|FE |EC0B |2/2  |00100100 |758


---------------
Opcode: D0
ll: F7
Old PC: EC0D Offset:-9 New PC: EC04
Instruction:BNE Addressing Mode:Relative - Operand (Value: "None", Address: "0xEC04")
Instruction cycle count set to 2
A |X |Y |SP |PC   |T/MT |NV-BDIZC |CYCLE
----------------------------------------
57|35|00|FE |EC04 |1/3  |00100100 |759
57|35|00|FE |EC04 |2/3  |00100100 |760
57|35|00|FE |EC04 |3/3  |00100100 |761


---------------
Opcode: BD
ll: 10 hh: EC
Instruction:LDA Addressing Mode:AbsoluteX - Operand (Value: "0x68", Address: "0xEC45")
Instruction cycle count set to 4
A |X |Y |SP |PC   |T/MT |NV-BDIZC |CYCLE
----------------------------------------
68|35|00|FE |EC07 |1/4  |00100100 |762
68|35|00|FE |EC07 |2/4  |00100100 |763
68|35|00|FE |EC07 |3/4  |00100100 |764
68|35|00|FE |EC07 |4/4  |00100100 |765


---------------
Opcode: 9D
ll: 00 hh: 07
Instruction:STA Addressing Mode:AbsoluteX - Operand (Value: "0x00", Address: "0x0735")
Writing value 0x68 to address: 0x0735
0x0735: 0x68
Instruction cycle count set to 5
A |X |Y |SP |PC   |T/MT |NV-BDIZC |CYCLE
----------------------------------------
68|35|00|FE |EC0A |1/5  |00100100 |766
68|35|00|FE |EC0A |2/5  |00100100 |767
68|35|00|FE |EC0A |3/5  |00100100 |768
68|35|00|FE |EC0A |4/5  |00100100 |769
68|35|00|FE |EC0A |5/5  |00100100 |770


---------------
Opcode: E8
Instruction:INX Addressing Mode:Implied - Operand (Value: "None", Address: "None")
Instruction cycle count set to 2
A |X |Y |SP |PC   |T/MT |NV-BDIZC |CYCLE
----------------------------------------
68|36|00|FE |EC0B |1/2  |00100100 |771
68|36|00|FE |EC0B |2/2  |00100100 |772


---------------
Opcode: D0
ll: F7
Old PC: EC0D Offset:-9 New PC: EC04
Instruction:BNE Addressing Mode:Relative - Operand (Value: "None", Address: "0xEC04")
Instruction cycle count set to 2
A |X |Y |SP |PC   |T/MT |NV-BDIZC |CYCLE
----------------------------------------
68|36|00|FE |EC04 |1/3  |00100100 |773
68|36|00|FE |EC04 |2/3  |00100100 |774
68|36|00|FE |EC04 |3/3  |00100100 |775


---------------
Opcode: BD
ll: 10 hh: EC
Instruction:LDA Addressing Mode:AbsoluteX - Operand (Value: "0x69", Address: "0xEC46")
Instruction cycle count set to 4
A |X |Y |SP |PC   |T/MT |NV-BDIZC |CYCLE
----------------------------------------
69|36|00|FE |EC07 |1/4  |00100100 |776
69|36|00|FE |EC07 |2/4  |00100100 |777
69|36|00|FE |EC07 |3/4  |00100100 |778
69|36|00|FE |EC07 |4/4  |00100100 |779


---------------
Opcode: 9D
ll: 00 hh: 07
Instruction:STA Addressing Mode:AbsoluteX - Operand (Value: "0x00", Address: "0x0736")
Writing value 0x69 to address: 0x0736
0x0736: 0x69
Instruction cycle count set to 5
A |X |Y |SP |PC   |T/MT |NV-BDIZC |CYCLE
----------------------------------------
69|36|00|FE |EC0A |1/5  |00100100 |780
69|36|00|FE |EC0A |2/5  |00100100 |781
69|36|00|FE |EC0A |3/5  |00100100 |782
69|36|00|FE |EC0A |4/5  |00100100 |783
69|36|00|FE |EC0A |5/5  |00100100 |784


---------------
Opcode: E8
Instruction:INX Addressing Mode:Implied - Operand (Value: "None", Address: "None")
Instruction cycle count set to 2
A |X |Y |SP |PC   |T/MT |NV-BDIZC |CYCLE
----------------------------------------
69|37|00|FE |EC0B |1/2  |00100100 |785
69|37|00|FE |EC0B |2/2  |00100100 |786


---------------
Opcode: D0
ll: F7
Old PC: EC0D Offset:-9 New PC: EC04
Instruction:BNE Addressing Mode:Relative - Operand (Value: "None", Address: "0xEC04")
Instruction cycle count set to 2
A |X |Y |SP |PC   |T/MT |NV-BDIZC |CYCLE
----------------------------------------
69|37|00|FE |EC04 |1/3  |00100100 |787
69|37|00|FE |EC04 |2/3  |00100100 |788
69|37|00|FE |EC04 |3/3  |00100100 |789


---------------
Opcode: BD
ll: 10 hh: EC
Instruction:LDA Addressing Mode:AbsoluteX - Operand (Value: "0x6C", Address: "0xEC47")
Instruction cycle count set to 4
A |X |Y |SP |PC   |T/MT |NV-BDIZC |CYCLE
----------------------------------------
6C|37|00|FE |EC07 |1/4  |00100100 |790
6C|37|00|FE |EC07 |2/4  |00100100 |791
6C|37|00|FE |EC07 |3/4  |00100100 |792
6C|37|00|FE |EC07 |4/4  |00100100 |793


---------------
Opcode: 9D
ll: 00 hh: 07
Instruction:STA Addressing Mode:AbsoluteX - Operand (Value: "0x00", Address: "0x0737")
Writing value 0x6C to address: 0x0737
0x0737: 0x6C
Instruction cycle count set to 5
A |X |Y |SP |PC   |T/MT |NV-BDIZC |CYCLE
----------------------------------------
6C|37|00|FE |EC0A |1/5  |00100100 |794
6C|37|00|FE |EC0A |2/5  |00100100 |795
6C|37|00|FE |EC0A |3/5  |00100100 |796
6C|37|00|FE |EC0A |4/5  |00100100 |797
6C|37|00|FE |EC0A |5/5  |00100100 |798


---------------
Opcode: E8
Instruction:INX Addressing Mode:Implied - Operand (Value: "None", Address: "None")
Instruction cycle count set to 2
A |X |Y |SP |PC   |T/MT |NV-BDIZC |CYCLE
----------------------------------------
6C|38|00|FE |EC0B |1/2  |00100100 |799
6C|38|00|FE |EC0B |2/2  |00100100 |800


---------------
Opcode: D0
ll: F7
Old PC: EC0D Offset:-9 New PC: EC04
Instruction:BNE Addressing Mode:Relative - Operand (Value: "None", Address: "0xEC04")
Instruction cycle count set to 2
A |X |Y |SP |PC   |T/MT |NV-BDIZC |CYCLE
----------------------------------------
6C|38|00|FE |EC04 |1/3  |00100100 |801
6C|38|00|FE |EC04 |2/3  |00100100 |802
6C|38|00|FE |EC04 |3/3  |00100100 |803


---------------
Opcode: BD
ll: 10 hh: EC
Instruction:LDA Addressing Mode:AbsoluteX - Operand (Value: "0x65", Address: "0xEC48")
Instruction cycle count set to 4
A |X |Y |SP |PC   |T/MT |NV-BDIZC |CYCLE
----------------------------------------
65|38|00|FE |EC07 |1/4  |00100100 |804
65|38|00|FE |EC07 |2/4  |00100100 |805
65|38|00|FE |EC07 |3/4  |00100100 |806
65|38|00|FE |EC07 |4/4  |00100100 |807


---------------
Opcode: 9D
ll: 00 hh: 07
Instruction:STA Addressing Mode:AbsoluteX - Operand (Value: "0x00", Address: "0x0738")
Writing value 0x65 to address: 0x0738
0x0738: 0x65
Instruction cycle count set to 5
A |X |Y |SP |PC   |T/MT |NV-BDIZC |CYCLE
----------------------------------------
65|38|00|FE |EC0A |1/5  |00100100 |808
65|38|00|FE |EC0A |2/5  |00100100 |809
65|38|00|FE |EC0A |3/5  |00100100 |810
65|38|00|FE |EC0A |4/5  |00100100 |811
65|38|00|FE |EC0A |5/5  |00100100 |812


---------------
Opcode: E8
Instruction:INX Addressing Mode:Implied - Operand (Value: "None", Address: "None")
Instruction cycle count set to 2
A |X |Y |SP |PC   |T/MT |NV-BDIZC |CYCLE
----------------------------------------
65|39|00|FE |EC0B |1/2  |00100100 |813
65|39|00|FE |EC0B |2/2  |00100100 |814


---------------
Opcode: D0
ll: F7
Old PC: EC0D Offset:-9 New PC: EC04
Instruction:BNE Addressing Mode:Relative - Operand (Value: "None", Address: "0xEC04")
Instruction cycle count set to 2
A |X |Y |SP |PC   |T/MT |NV-BDIZC |CYCLE
----------------------------------------
65|39|00|FE |EC04 |1/3  |00100100 |815
65|39|00|FE |EC04 |2/3  |00100100 |816
65|39|00|FE |EC04 |3/3  |00100100 |817


---------------
Opcode: BD
ll: 10 hh: EC
Instruction:LDA Addressing Mode:AbsoluteX - Operand (Value: "0x20", Address: "0xEC49")
Instruction cycle count set to 4
A |X |Y |SP |PC   |T/MT |NV-BDIZC |CYCLE
----------------------------------------
20|39|00|FE |EC07 |1/4  |00100100 |818
20|39|00|FE |EC07 |2/4  |00100100 |819
20|39|00|FE |EC07 |3/4  |00100100 |820
20|39|00|FE |EC07 |4/4  |00100100 |821


---------------
Opcode: 9D
ll: 00 hh: 07
Instruction:STA Addressing Mode:AbsoluteX - Operand (Value: "0x00", Address: "0x0739")
Writing value 0x20 to address: 0x0739
0x0739: 0x20
Instruction cycle count set to 5
A |X |Y |SP |PC   |T/MT |NV-BDIZC |CYCLE
----------------------------------------
20|39|00|FE |EC0A |1/5  |00100100 |822
20|39|00|FE |EC0A |2/5  |00100100 |823
20|39|00|FE |EC0A |3/5  |00100100 |824
20|39|00|FE |EC0A |4/5  |00100100 |825
20|39|00|FE |EC0A |5/5  |00100100 |826


---------------
Opcode: E8
Instruction:INX Addressing Mode:Implied - Operand (Value: "None", Address: "None")
Instruction cycle count set to 2
A |X |Y |SP |PC   |T/MT |NV-BDIZC |CYCLE
----------------------------------------
20|3A|00|FE |EC0B |1/2  |00100100 |827
20|3A|00|FE |EC0B |2/2  |00100100 |828


---------------
Opcode: D0
ll: F7
Old PC: EC0D Offset:-9 New PC: EC04
Instruction:BNE Addressing Mode:Relative - Operand (Value: "None", Address: "0xEC04")
Instruction cycle count set to 2
A |X |Y |SP |PC   |T/MT |NV-BDIZC |CYCLE
----------------------------------------
20|3A|00|FE |EC04 |1/3  |00100100 |829
20|3A|00|FE |EC04 |2/3  |00100100 |830
20|3A|00|FE |EC04 |3/3  |00100100 |831


---------------
Opcode: BD
ll: 10 hh: EC
Instruction:LDA Addressing Mode:AbsoluteX - Operand (Value: "0x72", Address: "0xEC4A")
Instruction cycle count set to 4
A |X |Y |SP |PC   |T/MT |NV-BDIZC |CYCLE
----------------------------------------
72|3A|00|FE |EC07 |1/4  |00100100 |832
72|3A|00|FE |EC07 |2/4  |00100100 |833
72|3A|00|FE |EC07 |3/4  |00100100 |834
72|3A|00|FE |EC07 |4/4  |00100100 |835


---------------
Opcode: 9D
ll: 00 hh: 07
Instruction:STA Addressing Mode:AbsoluteX - Operand (Value: "0x00", Address: "0x073A")
Writing value 0x72 to address: 0x073A
0x073A: 0x72
Instruction cycle count set to 5
A |X |Y |SP |PC   |T/MT |NV-BDIZC |CYCLE
----------------------------------------
72|3A|00|FE |EC0A |1/5  |00100100 |836
72|3A|00|FE |EC0A |2/5  |00100100 |837
72|3A|00|FE |EC0A |3/5  |00100100 |838
72|3A|00|FE |EC0A |4/5  |00100100 |839
72|3A|00|FE |EC0A |5/5  |00100100 |840


---------------
Opcode: E8
Instruction:INX Addressing Mode:Implied - Operand (Value: "None", Address: "None")
Instruction cycle count set to 2
A |X |Y |SP |PC   |T/MT |NV-BDIZC |CYCLE
----------------------------------------
72|3B|00|FE |EC0B |1/2  |00100100 |841
72|3B|00|FE |EC0B |2/2  |00100100 |842


---------------
Opcode: D0
ll: F7
Old PC: EC0D Offset:-9 New PC: EC04
Instruction:BNE Addressing Mode:Relative - Operand (Value: "None", Address: "0xEC04")
Instruction cycle count set to 2
A |X |Y |SP |PC   |T/MT |NV-BDIZC |CYCLE
----------------------------------------
72|3B|00|FE |EC04 |1/3  |00100100 |843
72|3B|00|FE |EC04 |2/3  |00100100 |844
72|3B|00|FE |EC04 |3/3  |00100100 |845


---------------
Opcode: BD
ll: 10 hh: EC
Instruction:LDA Addressing Mode:AbsoluteX - Operand (Value: "0x75", Address: "0xEC4B")
Instruction cycle count set to 4
A |X |Y |SP |PC   |T/MT |NV-BDIZC |CYCLE
----------------------------------------
75|3B|00|FE |EC07 |1/4  |00100100 |846
75|3B|00|FE |EC07 |2/4  |00100100 |847
75|3B|00|FE |EC07 |3/4  |00100100 |848
75|3B|00|FE |EC07 |4/4  |00100100 |849


---------------
Opcode: 9D
ll: 00 hh: 07
Instruction:STA Addressing Mode:AbsoluteX - Operand (Value: "0x00", Address: "0x073B")
Writing value 0x75 to address: 0x073B
0x073B: 0x75
Instruction cycle count set to 5
A |X |Y |SP |PC   |T/MT |NV-BDIZC |CYCLE
----------------------------------------
75|3B|00|FE |EC0A |1/5  |00100100 |850
75|3B|00|FE |EC0A |2/5  |00100100 |851
75|3B|00|FE |EC0A |3/5  |00100100 |852
75|3B|00|FE |EC0A |4/5  |00100100 |853
75|3B|00|FE |EC0A |5/5  |00100100 |854


---------------
Opcode: E8
Instruction:INX Addressing Mode:Implied - Operand (Value: "None", Address: "None")
Instruction cycle count set to 2
A |X |Y |SP |PC   |T/MT |NV-BDIZC |CYCLE
----------------------------------------
75|3C|00|FE |EC0B |1/2  |00100100 |855
75|3C|00|FE |EC0B |2/2  |00100100 |856


---------------
Opcode: D0
ll: F7
Old PC: EC0D Offset:-9 New PC: EC04
Instruction:BNE Addressing Mode:Relative - Operand (Value: "None", Address: "0xEC04")
Instruction cycle count set to 2
A |X |Y |SP |PC   |T/MT |NV-BDIZC |CYCLE
----------------------------------------
75|3C|00|FE |EC04 |1/3  |00100100 |857
75|3C|00|FE |EC04 |2/3  |00100100 |858
75|3C|00|FE |EC04 |3/3  |00100100 |859


---------------
Opcode: BD
ll: 10 hh: EC
Instruction:LDA Addressing Mode:AbsoluteX - Operand (Value: "0x6E", Address: "0xEC4C")
Instruction cycle count set to 4
A |X |Y |SP |PC   |T/MT |NV-BDIZC |CYCLE
----------------------------------------
6E|3C|00|FE |EC07 |1/4  |00100100 |860
6E|3C|00|FE |EC07 |2/4  |00100100 |861
6E|3C|00|FE |EC07 |3/4  |00100100 |862
6E|3C|00|FE |EC07 |4/4  |00100100 |863


---------------
Opcode: 9D
ll: 00 hh: 07
Instruction:STA Addressing Mode:AbsoluteX - Operand (Value: "0x00", Address: "0x073C")
Writing value 0x6E to address: 0x073C
0x073C: 0x6E
Instruction cycle count set to 5
A |X |Y |SP |PC   |T/MT |NV-BDIZC |CYCLE
----------------------------------------
6E|3C|00|FE |EC0A |1/5  |00100100 |864
6E|3C|00|FE |EC0A |2/5  |00100100 |865
6E|3C|00|FE |EC0A |3/5  |00100100 |866
6E|3C|00|FE |EC0A |4/5  |00100100 |867
6E|3C|00|FE |EC0A |5/5  |00100100 |868


---------------
Opcode: E8
Instruction:INX Addressing Mode:Implied - Operand (Value: "None", Address: "None")
Instruction cycle count set to 2
A |X |Y |SP |PC   |T/MT |NV-BDIZC |CYCLE
----------------------------------------
6E|3D|00|FE |EC0B |1/2  |00100100 |869
6E|3D|00|FE |EC0B |2/2  |00100100 |870


---------------
Opcode: D0
ll: F7
Old PC: EC0D Offset:-9 New PC: EC04
Instruction:BNE Addressing Mode:Relative - Operand (Value: "None", Address: "0xEC04")
Instruction cycle count set to 2
A |X |Y |SP |PC   |T/MT |NV-BDIZC |CYCLE
----------------------------------------
6E|3D|00|FE |EC04 |1/3  |00100100 |871
6E|3D|00|FE |EC04 |2/3  |00100100 |872
6E|3D|00|FE |EC04 |3/3  |00100100 |873


---------------
Opcode: BD
ll: 10 hh: EC
Instruction:LDA Addressing Mode:AbsoluteX - Operand (Value: "0x6E", Address: "0xEC4D")
Instruction cycle count set to 4
A |X |Y |SP |PC   |T/MT |NV-BDIZC |CYCLE
----------------------------------------
6E|3D|00|FE |EC07 |1/4  |00100100 |874
6E|3D|00|FE |EC07 |2/4  |00100100 |875
6E|3D|00|FE |EC07 |3/4  |00100100 |876
6E|3D|00|FE |EC07 |4/4  |00100100 |877


---------------
Opcode: 9D
ll: 00 hh: 07
Instruction:STA Addressing Mode:AbsoluteX - Operand (Value: "0x00", Address: "0x073D")
Writing value 0x6E to address: 0x073D
0x073D: 0x6E
Instruction cycle count set to 5
A |X |Y |SP |PC   |T/MT |NV-BDIZC |CYCLE
----------------------------------------
6E|3D|00|FE |EC0A |1/5  |00100100 |878
6E|3D|00|FE |EC0A |2/5  |00100100 |879
6E|3D|00|FE |EC0A |3/5  |00100100 |880
6E|3D|00|FE |EC0A |4/5  |00100100 |881
6E|3D|00|FE |EC0A |5/5  |00100100 |882


---------------
Opcode: E8
Instruction:INX Addressing Mode:Implied - Operand (Value: "None", Address: "None")
Instruction cycle count set to 2
A |X |Y |SP |PC   |T/MT |NV-BDIZC |CYCLE
----------------------------------------
6E|3E|00|FE |EC0B |1/2  |00100100 |883
6E|3E|00|FE |EC0B |2/2  |00100100 |884


---------------
Opcode: D0
ll: F7
Old PC: EC0D Offset:-9 New PC: EC04
Instruction:BNE Addressing Mode:Relative - Operand (Value: "None", Address: "0xEC04")
Instruction cycle count set to 2
A |X |Y |SP |PC   |T/MT |NV-BDIZC |CYCLE
----------------------------------------
6E|3E|00|FE |EC04 |1/3  |00100100 |885
6E|3E|00|FE |EC04 |2/3  |00100100 |886
6E|3E|00|FE |EC04 |3/3  |00100100 |887


---------------
Opcode: BD
ll: 10 hh: EC
Instruction:LDA Addressing Mode:AbsoluteX - Operand (Value: "0x69", Address: "0xEC4E")
Instruction cycle count set to 4
A |X |Y |SP |PC   |T/MT |NV-BDIZC |CYCLE
----------------------------------------
69|3E|00|FE |EC07 |1/4  |00100100 |888
69|3E|00|FE |EC07 |2/4  |00100100 |889
69|3E|00|FE |EC07 |3/4  |00100100 |890
69|3E|00|FE |EC07 |4/4  |00100100 |891


---------------
Opcode: 9D
ll: 00 hh: 07
Instruction:STA Addressing Mode:AbsoluteX - Operand (Value: "0x00", Address: "0x073E")
Writing value 0x69 to address: 0x073E
0x073E: 0x69
Instruction cycle count set to 5
A |X |Y |SP |PC   |T/MT |NV-BDIZC |CYCLE
----------------------------------------
69|3E|00|FE |EC0A |1/5  |00100100 |892
69|3E|00|FE |EC0A |2/5  |00100100 |893
69|3E|00|FE |EC0A |3/5  |00100100 |894
69|3E|00|FE |EC0A |4/5  |00100100 |895
69|3E|00|FE |EC0A |5/5  |00100100 |896


---------------
Opcode: E8
Instruction:INX Addressing Mode:Implied - Operand (Value: "None", Address: "None")
Instruction cycle count set to 2
A |X |Y |SP |PC   |T/MT |NV-BDIZC |CYCLE
----------------------------------------
69|3F|00|FE |EC0B |1/2  |00100100 |897
69|3F|00|FE |EC0B |2/2  |00100100 |898


---------------
Opcode: D0
ll: F7
Old PC: EC0D Offset:-9 New PC: EC04
Instruction:BNE Addressing Mode:Relative - Operand (Value: "None", Address: "0xEC04")
Instruction cycle count set to 2
A |X |Y |SP |PC   |T/MT |NV-BDIZC |CYCLE
----------------------------------------
69|3F|00|FE |EC04 |1/3  |00100100 |899
69|3F|00|FE |EC04 |2/3  |00100100 |900
69|3F|00|FE |EC04 |3/3  |00100100 |901


---------------
Opcode: BD
ll: 10 hh: EC
Instruction:LDA Addressing Mode:AbsoluteX - Operand (Value: "0x6E", Address: "0xEC4F")
Instruction cycle count set to 4
A |X |Y |SP |PC   |T/MT |NV-BDIZC |CYCLE
----------------------------------------
6E|3F|00|FE |EC07 |1/4  |00100100 |902
6E|3F|00|FE |EC07 |2/4  |00100100 |903
6E|3F|00|FE |EC07 |3/4  |00100100 |904
6E|3F|00|FE |EC07 |4/4  |00100100 |905


---------------
Opcode: 9D
ll: 00 hh: 07
Instruction:STA Addressing Mode:AbsoluteX - Operand (Value: "0x00", Address: "0x073F")
Writing value 0x6E to address: 0x073F
0x073F: 0x6E
Instruction cycle count set to 5
A |X |Y |SP |PC   |T/MT |NV-BDIZC |CYCLE
----------------------------------------
6E|3F|00|FE |EC0A |1/5  |00100100 |906
6E|3F|00|FE |EC0A |2/5  |00100100 |907
6E|3F|00|FE |EC0A |3/5  |00100100 |908
6E|3F|00|FE |EC0A |4/5  |00100100 |909
6E|3F|00|FE |EC0A |5/5  |00100100 |910


---------------
Opcode: E8
Instruction:INX Addressing Mode:Implied - Operand (Value: "None", Address: "None")
Instruction cycle count set to 2
A |X |Y |SP |PC   |T/MT |NV-BDIZC |CYCLE
----------------------------------------
6E|40|00|FE |EC0B |1/2  |00100100 |911
6E|40|00|FE |EC0B |2/2  |00100100 |912


---------------
Opcode: D0
ll: F7
Old PC: EC0D Offset:-9 New PC: EC04
Instruction:BNE Addressing Mode:Relative - Operand (Value: "None", Address: "0xEC04")
Instruction cycle count set to 2
A |X |Y |SP |PC   |T/MT |NV-BDIZC |CYCLE
----------------------------------------
6E|40|00|FE |EC04 |1/3  |00100100 |913
6E|40|00|FE |EC04 |2/3  |00100100 |914
6E|40|00|FE |EC04 |3/3  |00100100 |915


---------------
Opcode: BD
ll: 10 hh: EC
Instruction:LDA Addressing Mode:AbsoluteX - Operand (Value: "0x67", Address: "0xEC50")
Instruction cycle count set to 4
A |X |Y |SP |PC   |T/MT |NV-BDIZC |CYCLE
----------------------------------------
67|40|00|FE |EC07 |1/4  |00100100 |916
67|40|00|FE |EC07 |2/4  |00100100 |917
67|40|00|FE |EC07 |3/4  |00100100 |918
67|40|00|FE |EC07 |4/4  |00100100 |919


---------------
Opcode: 9D
ll: 00 hh: 07
Instruction:STA Addressing Mode:AbsoluteX - Operand (Value: "0x00", Address: "0x0740")
Writing value 0x67 to address: 0x0740
0x0740: 0x67
Instruction cycle count set to 5
A |X |Y |SP |PC   |T/MT |NV-BDIZC |CYCLE
----------------------------------------
67|40|00|FE |EC0A |1/5  |00100100 |920
67|40|00|FE |EC0A |2/5  |00100100 |921
67|40|00|FE |EC0A |3/5  |00100100 |922
67|40|00|FE |EC0A |4/5  |00100100 |923
67|40|00|FE |EC0A |5/5  |00100100 |924


---------------
Opcode: E8
Instruction:INX Addressing Mode:Implied - Operand (Value: "None", Address: "None")
Instruction cycle count set to 2
A |X |Y |SP |PC   |T/MT |NV-BDIZC |CYCLE
----------------------------------------
67|41|00|FE |EC0B |1/2  |00100100 |925
67|41|00|FE |EC0B |2/2  |00100100 |926


---------------
Opcode: D0
ll: F7
Old PC: EC0D Offset:-9 New PC: EC04
Instruction:BNE Addressing Mode:Relative - Operand (Value: "None", Address: "0xEC04")
Instruction cycle count set to 2
A |X |Y |SP |PC   |T/MT |NV-BDIZC |CYCLE
----------------------------------------
67|41|00|FE |EC04 |1/3  |00100100 |927
67|41|00|FE |EC04 |2/3  |00100100 |928
67|41|00|FE |EC04 |3/3  |00100100 |929


---------------
Opcode: BD
ll: 10 hh: EC
Instruction:LDA Addressing Mode:AbsoluteX - Operand (Value: "0x20", Address: "0xEC51")
Instruction cycle count set to 4
A |X |Y |SP |PC   |T/MT |NV-BDIZC |CYCLE
----------------------------------------
20|41|00|FE |EC07 |1/4  |00100100 |930
20|41|00|FE |EC07 |2/4  |00100100 |931
20|41|00|FE |EC07 |3/4  |00100100 |932
20|41|00|FE |EC07 |4/4  |00100100 |933


---------------
Opcode: 9D
ll: 00 hh: 07
Instruction:STA Addressing Mode:AbsoluteX - Operand (Value: "0x00", Address: "0x0741")
Writing value 0x20 to address: 0x0741
0x0741: 0x20
Instruction cycle count set to 5
A |X |Y |SP |PC   |T/MT |NV-BDIZC |CYCLE
----------------------------------------
20|41|00|FE |EC0A |1/5  |00100100 |934
20|41|00|FE |EC0A |2/5  |00100100 |935
20|41|00|FE |EC0A |3/5  |00100100 |936
20|41|00|FE |EC0A |4/5  |00100100 |937
20|41|00|FE |EC0A |5/5  |00100100 |938


---------------
Opcode: E8
Instruction:INX Addressing Mode:Implied - Operand (Value: "None", Address: "None")
Instruction cycle count set to 2
A |X |Y |SP |PC   |T/MT |NV-BDIZC |CYCLE
----------------------------------------
20|42|00|FE |EC0B |1/2  |00100100 |939
20|42|00|FE |EC0B |2/2  |00100100 |940


---------------
Opcode: D0
ll: F7
Old PC: EC0D Offset:-9 New PC: EC04
Instruction:BNE Addressing Mode:Relative - Operand (Value: "None", Address: "0xEC04")
Instruction cycle count set to 2
A |X |Y |SP |PC   |T/MT |NV-BDIZC |CYCLE
----------------------------------------
20|42|00|FE |EC04 |1/3  |00100100 |941
20|42|00|FE |EC04 |2/3  |00100100 |942
20|42|00|FE |EC04 |3/3  |00100100 |943


---------------
Opcode: BD
ll: 10 hh: EC
Instruction:LDA Addressing Mode:AbsoluteX - Operand (Value: "0x74", Address: "0xEC52")
Instruction cycle count set to 4
A |X |Y |SP |PC   |T/MT |NV-BDIZC |CYCLE
----------------------------------------
74|42|00|FE |EC07 |1/4  |00100100 |944
74|42|00|FE |EC07 |2/4  |00100100 |945
74|42|00|FE |EC07 |3/4  |00100100 |946
74|42|00|FE |EC07 |4/4  |00100100 |947


---------------
Opcode: 9D
ll: 00 hh: 07
Instruction:STA Addressing Mode:AbsoluteX - Operand (Value: "0x00", Address: "0x0742")
Writing value 0x74 to address: 0x0742
0x0742: 0x74
Instruction cycle count set to 5
A |X |Y |SP |PC   |T/MT |NV-BDIZC |CYCLE
----------------------------------------
74|42|00|FE |EC0A |1/5  |00100100 |948
74|42|00|FE |EC0A |2/5  |00100100 |949
74|42|00|FE |EC0A |3/5  |00100100 |950
74|42|00|FE |EC0A |4/5  |00100100 |951
74|42|00|FE |EC0A |5/5  |00100100 |952


---------------
Opcode: E8
Instruction:INX Addressing Mode:Implied - Operand (Value: "None", Address: "None")
Instruction cycle count set to 2
A |X |Y |SP |PC   |T/MT |NV-BDIZC |CYCLE
----------------------------------------
74|43|00|FE |EC0B |1/2  |00100100 |953
74|43|00|FE |EC0B |2/2  |00100100 |954


---------------
Opcode: D0
ll: F7
Old PC: EC0D Offset:-9 New PC: EC04
Instruction:BNE Addressing Mode:Relative - Operand (Value: "None", Address: "0xEC04")
Instruction cycle count set to 2
A |X |Y |SP |PC   |T/MT |NV-BDIZC |CYCLE
----------------------------------------
74|43|00|FE |EC04 |1/3  |00100100 |955
74|43|00|FE |EC04 |2/3  |00100100 |956
74|43|00|FE |EC04 |3/3  |00100100 |957


---------------
Opcode: BD
ll: 10 hh: EC
Instruction:LDA Addressing Mode:AbsoluteX - Operand (Value: "0x65", Address: "0xEC53")
Instruction cycle count set to 4
A |X |Y |SP |PC   |T/MT |NV-BDIZC |CYCLE
----------------------------------------
65|43|00|FE |EC07 |1/4  |00100100 |958
65|43|00|FE |EC07 |2/4  |00100100 |959
65|43|00|FE |EC07 |3/4  |00100100 |960
65|43|00|FE |EC07 |4/4  |00100100 |961


---------------
Opcode: 9D
ll: 00 hh: 07
Instruction:STA Addressing Mode:AbsoluteX - Operand (Value: "0x00", Address: "0x0743")
Writing value 0x65 to address: 0x0743
0x0743: 0x65
Instruction cycle count set to 5
A |X |Y |SP |PC   |T/MT |NV-BDIZC |CYCLE
----------------------------------------
65|43|00|FE |EC0A |1/5  |00100100 |962
65|43|00|FE |EC0A |2/5  |00100100 |963
65|43|00|FE |EC0A |3/5  |00100100 |964
65|43|00|FE |EC0A |4/5  |00100100 |965
65|43|00|FE |EC0A |5/5  |00100100 |966


---------------
Opcode: E8
Instruction:INX Addressing Mode:Implied - Operand (Value: "None", Address: "None")
Instruction cycle count set to 2
A |X |Y |SP |PC   |T/MT |NV-BDIZC |CYCLE
----------------------------------------
65|44|00|FE |EC0B |1/2  |00100100 |967
65|44|00|FE |EC0B |2/2  |00100100 |968


---------------
Opcode: D0
ll: F7
Old PC: EC0D Offset:-9 New PC: EC04
Instruction:BNE Addressing Mode:Relative - Operand (Value: "None", Address: "0xEC04")
Instruction cycle count set to 2
A |X |Y |SP |PC   |T/MT |NV-BDIZC |CYCLE
----------------------------------------
65|44|00|FE |EC04 |1/3  |00100100 |969
65|44|00|FE |EC04 |2/3  |00100100 |970
65|44|00|FE |EC04 |3/3  |00100100 |971


---------------
Opcode: BD
ll: 10 hh: EC
Instruction:LDA Addressing Mode:AbsoluteX - Operand (Value: "0x73", Address: "0xEC54")
Instruction cycle count set to 4
A |X |Y |SP |PC   |T/MT |NV-BDIZC |CYCLE
----------------------------------------
73|44|00|FE |EC07 |1/4  |00100100 |972
73|44|00|FE |EC07 |2/4  |00100100 |973
73|44|00|FE |EC07 |3/4  |00100100 |974
73|44|00|FE |EC07 |4/4  |00100100 |975


---------------
Opcode: 9D
ll: 00 hh: 07
Instruction:STA Addressing Mode:AbsoluteX - Operand (Value: "0x00", Address: "0x0744")
Writing value 0x73 to address: 0x0744
0x0744: 0x73
Instruction cycle count set to 5
A |X |Y |SP |PC   |T/MT |NV-BDIZC |CYCLE
----------------------------------------
73|44|00|FE |EC0A |1/5  |00100100 |976
73|44|00|FE |EC0A |2/5  |00100100 |977
73|44|00|FE |EC0A |3/5  |00100100 |978
73|44|00|FE |EC0A |4/5  |00100100 |979
73|44|00|FE |EC0A |5/5  |00100100 |980


---------------
Opcode: E8
Instruction:INX Addressing Mode:Implied - Operand (Value: "None", Address: "None")
Instruction cycle count set to 2
A |X |Y |SP |PC   |T/MT |NV-BDIZC |CYCLE
----------------------------------------
73|45|00|FE |EC0B |1/2  |00100100 |981
73|45|00|FE |EC0B |2/2  |00100100 |982


---------------
Opcode: D0
ll: F7
Old PC: EC0D Offset:-9 New PC: EC04
Instruction:BNE Addressing Mode:Relative - Operand (Value: "None", Address: "0xEC04")
Instruction cycle count set to 2
A |X |Y |SP |PC   |T/MT |NV-BDIZC |CYCLE
----------------------------------------
73|45|00|FE |EC04 |1/3  |00100100 |983
73|45|00|FE |EC04 |2/3  |00100100 |984
73|45|00|FE |EC04 |3/3  |00100100 |985


---------------
Opcode: BD
ll: 10 hh: EC
Instruction:LDA Addressing Mode:AbsoluteX - Operand (Value: "0x74", Address: "0xEC55")
Instruction cycle count set to 4
A |X |Y |SP |PC   |T/MT |NV-BDIZC |CYCLE
----------------------------------------
74|45|00|FE |EC07 |1/4  |00100100 |986
74|45|00|FE |EC07 |2/4  |00100100 |987
74|45|00|FE |EC07 |3/4  |00100100 |988
74|45|00|FE |EC07 |4/4  |00100100 |989


---------------
Opcode: 9D
ll: 00 hh: 07
Instruction:STA Addressing Mode:AbsoluteX - Operand (Value: "0x00", Address: "0x0745")
Writing value 0x74 to address: 0x0745
0x0745: 0x74
Instruction cycle count set to 5
A |X |Y |SP |PC   |T/MT |NV-BDIZC |CYCLE
----------------------------------------
74|45|00|FE |EC0A |1/5  |00100100 |990
74|45|00|FE |EC0A |2/5  |00100100 |991
74|45|00|FE |EC0A |3/5  |00100100 |992
74|45|00|FE |EC0A |4/5  |00100100 |993
74|45|00|FE |EC0A |5/5  |00100100 |994


---------------
Opcode: E8
Instruction:INX Addressing Mode:Implied - Operand (Value: "None", Address: "None")
Instruction cycle count set to 2
A |X |Y |SP |PC   |T/MT |NV-BDIZC |CYCLE
----------------------------------------
74|46|00|FE |EC0B |1/2  |00100100 |995
74|46|00|FE |EC0B |2/2  |00100100 |996


---------------
Opcode: D0
ll: F7
Old PC: EC0D Offset:-9 New PC: EC04
Instruction:BNE Addressing Mode:Relative - Operand (Value: "None", Address: "0xEC04")
Instruction cycle count set to 2
A |X |Y |SP |PC   |T/MT |NV-BDIZC |CYCLE
----------------------------------------
74|46|00|FE |EC04 |1/3  |00100100 |997
74|46|00|FE |EC04 |2/3  |00100100 |998
74|46|00|FE |EC04 |3/3  |00100100 |999


---------------
Opcode: BD
ll: 10 hh: EC
Instruction:LDA Addressing Mode:AbsoluteX - Operand (Value: "0x20", Address: "0xEC56")
Instruction cycle count set to 4
A |X |Y |SP |PC   |T/MT |NV-BDIZC |CYCLE
----------------------------------------
20|46|00|FE |EC07 |1/4  |00100100 |1000
20|46|00|FE |EC07 |2/4  |00100100 |1001
20|46|00|FE |EC07 |3/4  |00100100 |1002
20|46|00|FE |EC07 |4/4  |00100100 |1003


---------------
Opcode: 9D
ll: 00 hh: 07
Instruction:STA Addressing Mode:AbsoluteX - Operand (Value: "0x00", Address: "0x0746")
Writing value 0x20 to address: 0x0746
0x0746: 0x20
Instruction cycle count set to 5
A |X |Y |SP |PC   |T/MT |NV-BDIZC |CYCLE
----------------------------------------
20|46|00|FE |EC0A |1/5  |00100100 |1004
20|46|00|FE |EC0A |2/5  |00100100 |1005
20|46|00|FE |EC0A |3/5  |00100100 |1006
20|46|00|FE |EC0A |4/5  |00100100 |1007
20|46|00|FE |EC0A |5/5  |00100100 |1008


---------------
Opcode: E8
Instruction:INX Addressing Mode:Implied - Operand (Value: "None", Address: "None")
Instruction cycle count set to 2
A |X |Y |SP |PC   |T/MT |NV-BDIZC |CYCLE
----------------------------------------
20|47|00|FE |EC0B |1/2  |00100100 |1009
20|47|00|FE |EC0B |2/2  |00100100 |1010


---------------
Opcode: D0
ll: F7
Old PC: EC0D Offset:-9 New PC: EC04
Instruction:BNE Addressing Mode:Relative - Operand (Value: "None", Address: "0xEC04")
Instruction cycle count set to 2
A |X |Y |SP |PC   |T/MT |NV-BDIZC |CYCLE
----------------------------------------
20|47|00|FE |EC04 |1/3  |00100100 |1011
20|47|00|FE |EC04 |2/3  |00100100 |1012
20|47|00|FE |EC04 |3/3  |00100100 |1013


---------------
Opcode: BD
ll: 10 hh: EC
Instruction:LDA Addressing Mode:AbsoluteX - Operand (Value: "0x00", Address: "0xEC57")
Instruction cycle count set to 4
A |X |Y |SP |PC   |T/MT |NV-BDIZC |CYCLE
----------------------------------------
00|47|00|FE |EC07 |1/4  |00100110 |1014
00|47|00|FE |EC07 |2/4  |00100110 |1015
00|47|00|FE |EC07 |3/4  |00100110 |1016
00|47|00|FE |EC07 |4/4  |00100110 |1017


---------------
Opcode: 9D
ll: 00 hh: 07
Instruction:STA Addressing Mode:AbsoluteX - Operand (Value: "0x00", Address: "0x0747")
Writing value 0x00 to address: 0x0747
0x0747: 0x00
Instruction cycle count set to 5
A |X |Y |SP |PC   |T/MT |NV-BDIZC |CYCLE
----------------------------------------
00|47|00|FE |EC0A |1/5  |00100110 |1018
00|47|00|FE |EC0A |2/5  |00100110 |1019
00|47|00|FE |EC0A |3/5  |00100110 |1020
00|47|00|FE |EC0A |4/5  |00100110 |1021
00|47|00|FE |EC0A |5/5  |00100110 |1022


---------------
Opcode: E8
Instruction:INX Addressing Mode:Implied - Operand (Value: "None", Address: "None")
Instruction cycle count set to 2
A |X |Y |SP |PC   |T/MT |NV-BDIZC |CYCLE
----------------------------------------
00|48|00|FE |EC0B |1/2  |00100100 |1023
00|48|00|FE |EC0B |2/2  |00100100 |1024


---------------
Opcode: D0
ll: F7
Old PC: EC0D Offset:-9 New PC: EC04
Instruction:BNE Addressing Mode:Relative - Operand (Value: "None", Address: "0xEC04")
Instruction cycle count set to 2
A |X |Y |SP |PC   |T/MT |NV-BDIZC |CYCLE
----------------------------------------
00|48|00|FE |EC04 |1/3  |00100100 |1025
00|48|00|FE |EC04 |2/3  |00100100 |1026
00|48|00|FE |EC04 |3/3  |00100100 |1027


---------------
Opcode: BD
ll: 10 hh: EC
Instruction:LDA Addressing Mode:AbsoluteX - Operand (Value: "0x20", Address: "0xEC58")
Instruction cycle count set to 4
A |X |Y |SP |PC   |T/MT |NV-BDIZC |CYCLE
----------------------------------------
20|48|00|FE |EC07 |1/4  |00100100 |1028
20|48|00|FE |EC07 |2/4  |00100100 |1029
20|48|00|FE |EC07 |3/4  |00100100 |1030
20|48|00|FE |EC07 |4/4  |00100100 |1031


---------------
Opcode: 9D
ll: 00 hh: 07
Instruction:STA Addressing Mode:AbsoluteX - Operand (Value: "0x00", Address: "0x0748")
Writing value 0x20 to address: 0x0748
0x0748: 0x20
Instruction cycle count set to 5
A |X |Y |SP |PC   |T/MT |NV-BDIZC |CYCLE
----------------------------------------
20|48|00|FE |EC0A |1/5  |00100100 |1032
20|48|00|FE |EC0A |2/5  |00100100 |1033
20|48|00|FE |EC0A |3/5  |00100100 |1034
20|48|00|FE |EC0A |4/5  |00100100 |1035
20|48|00|FE |EC0A |5/5  |00100100 |1036


---------------
Opcode: E8
Instruction:INX Addressing Mode:Implied - Operand (Value: "None", Address: "None")
Instruction cycle count set to 2
A |X |Y |SP |PC   |T/MT |NV-BDIZC |CYCLE
----------------------------------------
20|49|00|FE |EC0B |1/2  |00100100 |1037
20|49|00|FE |EC0B |2/2  |00100100 |1038


---------------
Opcode: D0
ll: F7
Old PC: EC0D Offset:-9 New PC: EC04
Instruction:BNE Addressing Mode:Relative - Operand (Value: "None", Address: "0xEC04")
Instruction cycle count set to 2
A |X |Y |SP |PC   |T/MT |NV-BDIZC |CYCLE
----------------------------------------
20|49|00|FE |EC04 |1/3  |00100100 |1039
20|49|00|FE |EC04 |2/3  |00100100 |1040
20|49|00|FE |EC04 |3/3  |00100100 |1041


---------------
Opcode: BD
ll: 10 hh: EC
Instruction:LDA Addressing Mode:AbsoluteX - Operand (Value: "0xDC", Address: "0xEC59")
Instruction cycle count set to 4
A |X |Y |SP |PC   |T/MT |NV-BDIZC |CYCLE
----------------------------------------
DC|49|00|FE |EC07 |1/4  |10100100 |1042
DC|49|00|FE |EC07 |2/4  |10100100 |1043
DC|49|00|FE |EC07 |3/4  |10100100 |1044
DC|49|00|FE |EC07 |4/4  |10100100 |1045


---------------
Opcode: 9D
ll: 00 hh: 07
Instruction:STA Addressing Mode:AbsoluteX - Operand (Value: "0x00", Address: "0x0749")
Writing value 0xDC to address: 0x0749
0x0749: 0xDC
Instruction cycle count set to 5
A |X |Y |SP |PC   |T/MT |NV-BDIZC |CYCLE
----------------------------------------
DC|49|00|FE |EC0A |1/5  |10100100 |1046
DC|49|00|FE |EC0A |2/5  |10100100 |1047
DC|49|00|FE |EC0A |3/5  |10100100 |1048
DC|49|00|FE |EC0A |4/5  |10100100 |1049
DC|49|00|FE |EC0A |5/5  |10100100 |1050


---------------
Opcode: E8
Instruction:INX Addressing Mode:Implied - Operand (Value: "None", Address: "None")
Instruction cycle count set to 2
A |X |Y |SP |PC   |T/MT |NV-BDIZC |CYCLE
----------------------------------------
DC|4A|00|FE |EC0B |1/2  |00100100 |1051
DC|4A|00|FE |EC0B |2/2  |00100100 |1052


---------------
Opcode: D0
ll: F7
Old PC: EC0D Offset:-9 New PC: EC04
Instruction:BNE Addressing Mode:Relative - Operand (Value: "None", Address: "0xEC04")
Instruction cycle count set to 2
A |X |Y |SP |PC   |T/MT |NV-BDIZC |CYCLE
----------------------------------------
DC|4A|00|FE |EC04 |1/3  |00100100 |1053
DC|4A|00|FE |EC04 |2/3  |00100100 |1054
DC|4A|00|FE |EC04 |3/3  |00100100 |1055


---------------
Opcode: BD
ll: 10 hh: EC
Instruction:LDA Addressing Mode:AbsoluteX - Operand (Value: "0xEC", Address: "0xEC5A")
Instruction cycle count set to 4
A |X |Y |SP |PC   |T/MT |NV-BDIZC |CYCLE
----------------------------------------
EC|4A|00|FE |EC07 |1/4  |10100100 |1056
EC|4A|00|FE |EC07 |2/4  |10100100 |1057
EC|4A|00|FE |EC07 |3/4  |10100100 |1058
EC|4A|00|FE |EC07 |4/4  |10100100 |1059


---------------
Opcode: 9D
ll: 00 hh: 07
Instruction:STA Addressing Mode:AbsoluteX - Operand (Value: "0x00", Address: "0x074A")
Writing value 0xEC to address: 0x074A
0x074A: 0xEC
Instruction cycle count set to 5
A |X |Y |SP |PC   |T/MT |NV-BDIZC |CYCLE
----------------------------------------
EC|4A|00|FE |EC0A |1/5  |10100100 |1060
EC|4A|00|FE |EC0A |2/5  |10100100 |1061
EC|4A|00|FE |EC0A |3/5  |10100100 |1062
EC|4A|00|FE |EC0A |4/5  |10100100 |1063
EC|4A|00|FE |EC0A |5/5  |10100100 |1064


---------------
Opcode: E8
Instruction:INX Addressing Mode:Implied - Operand (Value: "None", Address: "None")
Instruction cycle count set to 2
A |X |Y |SP |PC   |T/MT |NV-BDIZC |CYCLE
----------------------------------------
EC|4B|00|FE |EC0B |1/2  |00100100 |1065
EC|4B|00|FE |EC0B |2/2  |00100100 |1066


---------------
Opcode: D0
ll: F7
Old PC: EC0D Offset:-9 New PC: EC04
Instruction:BNE Addressing Mode:Relative - Operand (Value: "None", Address: "0xEC04")
Instruction cycle count set to 2
A |X |Y |SP |PC   |T/MT |NV-BDIZC |CYCLE
----------------------------------------
EC|4B|00|FE |EC04 |1/3  |00100100 |1067
EC|4B|00|FE |EC04 |2/3  |00100100 |1068
EC|4B|00|FE |EC04 |3/3  |00100100 |1069


---------------
Opcode: BD
ll: 10 hh: EC
Instruction:LDA Addressing Mode:AbsoluteX - Operand (Value: "0xA9", Address: "0xEC5B")
Instruction cycle count set to 4
A |X |Y |SP |PC   |T/MT |NV-BDIZC |CYCLE
----------------------------------------
A9|4B|00|FE |EC07 |1/4  |10100100 |1070
A9|4B|00|FE |EC07 |2/4  |10100100 |1071
A9|4B|00|FE |EC07 |3/4  |10100100 |1072
A9|4B|00|FE |EC07 |4/4  |10100100 |1073


---------------
Opcode: 9D
ll: 00 hh: 07
Instruction:STA Addressing Mode:AbsoluteX - Operand (Value: "0x00", Address: "0x074B")
Writing value 0xA9 to address: 0x074B
0x074B: 0xA9
Instruction cycle count set to 5
A |X |Y |SP |PC   |T/MT |NV-BDIZC |CYCLE
----------------------------------------
A9|4B|00|FE |EC0A |1/5  |10100100 |1074
A9|4B|00|FE |EC0A |2/5  |10100100 |1075
A9|4B|00|FE |EC0A |3/5  |10100100 |1076
A9|4B|00|FE |EC0A |4/5  |10100100 |1077
A9|4B|00|FE |EC0A |5/5  |10100100 |1078


---------------
Opcode: E8
Instruction:INX Addressing Mode:Implied - Operand (Value: "None", Address: "None")
Instruction cycle count set to 2
A |X |Y |SP |PC   |T/MT |NV-BDIZC |CYCLE
----------------------------------------
A9|4C|00|FE |EC0B |1/2  |00100100 |1079
A9|4C|00|FE |EC0B |2/2  |00100100 |1080


---------------
Opcode: D0
ll: F7
Old PC: EC0D Offset:-9 New PC: EC04
Instruction:BNE Addressing Mode:Relative - Operand (Value: "None", Address: "0xEC04")
Instruction cycle count set to 2
A |X |Y |SP |PC   |T/MT |NV-BDIZC |CYCLE
----------------------------------------
A9|4C|00|FE |EC04 |1/3  |00100100 |1081
A9|4C|00|FE |EC04 |2/3  |00100100 |1082
A9|4C|00|FE |EC04 |3/3  |00100100 |1083


---------------
Opcode: BD
ll: 10 hh: EC
Instruction:LDA Addressing Mode:AbsoluteX - Operand (Value: "0x01", Address: "0xEC5C")
Instruction cycle count set to 4
A |X |Y |SP |PC   |T/MT |NV-BDIZC |CYCLE
----------------------------------------
01|4C|00|FE |EC07 |1/4  |00100100 |1084
01|4C|00|FE |EC07 |2/4  |00100100 |1085
01|4C|00|FE |EC07 |3/4  |00100100 |1086
01|4C|00|FE |EC07 |4/4  |00100100 |1087


---------------
Opcode: 9D
ll: 00 hh: 07
Instruction:STA Addressing Mode:AbsoluteX - Operand (Value: "0x00", Address: "0x074C")
Writing value 0x01 to address: 0x074C
0x074C: 0x01
Instruction cycle count set to 5
A |X |Y |SP |PC   |T/MT |NV-BDIZC |CYCLE
----------------------------------------
01|4C|00|FE |EC0A |1/5  |00100100 |1088
01|4C|00|FE |EC0A |2/5  |00100100 |1089
01|4C|00|FE |EC0A |3/5  |00100100 |1090
01|4C|00|FE |EC0A |4/5  |00100100 |1091
01|4C|00|FE |EC0A |5/5  |00100100 |1092


---------------
Opcode: E8
Instruction:INX Addressing Mode:Implied - Operand (Value: "None", Address: "None")
Instruction cycle count set to 2
A |X |Y |SP |PC   |T/MT |NV-BDIZC |CYCLE
----------------------------------------
01|4D|00|FE |EC0B |1/2  |00100100 |1093
01|4D|00|FE |EC0B |2/2  |00100100 |1094


---------------
Opcode: D0
ll: F7
Old PC: EC0D Offset:-9 New PC: EC04
Instruction:BNE Addressing Mode:Relative - Operand (Value: "None", Address: "0xEC04")
Instruction cycle count set to 2
A |X |Y |SP |PC   |T/MT |NV-BDIZC |CYCLE
----------------------------------------
01|4D|00|FE |EC04 |1/3  |00100100 |1095
01|4D|00|FE |EC04 |2/3  |00100100 |1096
01|4D|00|FE |EC04 |3/3  |00100100 |1097


---------------
Opcode: BD
ll: 10 hh: EC
Instruction:LDA Addressing Mode:AbsoluteX - Operand (Value: "0x4C", Address: "0xEC5D")
Instruction cycle count set to 4
A |X |Y |SP |PC   |T/MT |NV-BDIZC |CYCLE
----------------------------------------
4C|4D|00|FE |EC07 |1/4  |00100100 |1098
4C|4D|00|FE |EC07 |2/4  |00100100 |1099
4C|4D|00|FE |EC07 |3/4  |00100100 |1100
4C|4D|00|FE |EC07 |4/4  |00100100 |1101


---------------
Opcode: 9D
ll: 00 hh: 07
Instruction:STA Addressing Mode:AbsoluteX - Operand (Value: "0x00", Address: "0x074D")
Writing value 0x4C to address: 0x074D
0x074D: 0x4C
Instruction cycle count set to 5
A |X |Y |SP |PC   |T/MT |NV-BDIZC |CYCLE
----------------------------------------
4C|4D|00|FE |EC0A |1/5  |00100100 |1102
4C|4D|00|FE |EC0A |2/5  |00100100 |1103
4C|4D|00|FE |EC0A |3/5  |00100100 |1104
4C|4D|00|FE |EC0A |4/5  |00100100 |1105
4C|4D|00|FE |EC0A |5/5  |00100100 |1106


---------------
Opcode: E8
Instruction:INX Addressing Mode:Implied - Operand (Value: "None", Address: "None")
Instruction cycle count set to 2
A |X |Y |SP |PC   |T/MT |NV-BDIZC |CYCLE
----------------------------------------
4C|4E|00|FE |EC0B |1/2  |00100100 |1107
4C|4E|00|FE |EC0B |2/2  |00100100 |1108


---------------
Opcode: D0
ll: F7
Old PC: EC0D Offset:-9 New PC: EC04
Instruction:BNE Addressing Mode:Relative - Operand (Value: "None", Address: "0xEC04")
Instruction cycle count set to 2
A |X |Y |SP |PC   |T/MT |NV-BDIZC |CYCLE
----------------------------------------
4C|4E|00|FE |EC04 |1/3  |00100100 |1109
4C|4E|00|FE |EC04 |2/3  |00100100 |1110
4C|4E|00|FE |EC04 |3/3  |00100100 |1111


---------------
Opcode: BD
ll: 10 hh: EC
Instruction:LDA Addressing Mode:AbsoluteX - Operand (Value: "0xF2", Address: "0xEC5E")
Instruction cycle count set to 4
A |X |Y |SP |PC   |T/MT |NV-BDIZC |CYCLE
----------------------------------------
F2|4E|00|FE |EC07 |1/4  |10100100 |1112
F2|4E|00|FE |EC07 |2/4  |10100100 |1113
F2|4E|00|FE |EC07 |3/4  |10100100 |1114
F2|4E|00|FE |EC07 |4/4  |10100100 |1115


---------------
Opcode: 9D
ll: 00 hh: 07
Instruction:STA Addressing Mode:AbsoluteX - Operand (Value: "0x00", Address: "0x074E")
Writing value 0xF2 to address: 0x074E
0x074E: 0xF2
Instruction cycle count set to 5
A |X |Y |SP |PC   |T/MT |NV-BDIZC |CYCLE
----------------------------------------
F2|4E|00|FE |EC0A |1/5  |10100100 |1116
F2|4E|00|FE |EC0A |2/5  |10100100 |1117
F2|4E|00|FE |EC0A |3/5  |10100100 |1118
F2|4E|00|FE |EC0A |4/5  |10100100 |1119
F2|4E|00|FE |EC0A |5/5  |10100100 |1120


---------------
Opcode: E8
Instruction:INX Addressing Mode:Implied - Operand (Value: "None", Address: "None")
Instruction cycle count set to 2
A |X |Y |SP |PC   |T/MT |NV-BDIZC |CYCLE
----------------------------------------
F2|4F|00|FE |EC0B |1/2  |00100100 |1121
F2|4F|00|FE |EC0B |2/2  |00100100 |1122


---------------
Opcode: D0
ll: F7
Old PC: EC0D Offset:-9 New PC: EC04
Instruction:BNE Addressing Mode:Relative - Operand (Value: "None", Address: "0xEC04")
Instruction cycle count set to 2
A |X |Y |SP |PC   |T/MT |NV-BDIZC |CYCLE
----------------------------------------
F2|4F|00|FE |EC04 |1/3  |00100100 |1123
F2|4F|00|FE |EC04 |2/3  |00100100 |1124
F2|4F|00|FE |EC04 |3/3  |00100100 |1125


---------------
Opcode: BD
ll: 10 hh: EC
Instruction:LDA Addressing Mode:AbsoluteX - Operand (Value: "0xEC", Address: "0xEC5F")
Instruction cycle count set to 4
A |X |Y |SP |PC   |T/MT |NV-BDIZC |CYCLE
----------------------------------------
EC|4F|00|FE |EC07 |1/4  |10100100 |1126
EC|4F|00|FE |EC07 |2/4  |10100100 |1127
EC|4F|00|FE |EC07 |3/4  |10100100 |1128
EC|4F|00|FE |EC07 |4/4  |10100100 |1129


---------------
Opcode: 9D
ll: 00 hh: 07
Instruction:STA Addressing Mode:AbsoluteX - Operand (Value: "0x00", Address: "0x074F")
Writing value 0xEC to address: 0x074F
0x074F: 0xEC
Instruction cycle count set to 5
A |X |Y |SP |PC   |T/MT |NV-BDIZC |CYCLE
----------------------------------------
EC|4F|00|FE |EC0A |1/5  |10100100 |1130
EC|4F|00|FE |EC0A |2/5  |10100100 |1131
EC|4F|00|FE |EC0A |3/5  |10100100 |1132
EC|4F|00|FE |EC0A |4/5  |10100100 |1133
EC|4F|00|FE |EC0A |5/5  |10100100 |1134


---------------
Opcode: E8
Instruction:INX Addressing Mode:Implied - Operand (Value: "None", Address: "None")
Instruction cycle count set to 2
A |X |Y |SP |PC   |T/MT |NV-BDIZC |CYCLE
----------------------------------------
EC|50|00|FE |EC0B |1/2  |00100100 |1135
EC|50|00|FE |EC0B |2/2  |00100100 |1136


---------------
Opcode: D0
ll: F7
Old PC: EC0D Offset:-9 New PC: EC04
Instruction:BNE Addressing Mode:Relative - Operand (Value: "None", Address: "0xEC04")
Instruction cycle count set to 2
A |X |Y |SP |PC   |T/MT |NV-BDIZC |CYCLE
----------------------------------------
EC|50|00|FE |EC04 |1/3  |00100100 |1137
EC|50|00|FE |EC04 |2/3  |00100100 |1138
EC|50|00|FE |EC04 |3/3  |00100100 |1139


---------------
Opcode: BD
ll: 10 hh: EC
Instruction:LDA Addressing Mode:AbsoluteX - Operand (Value: "0x20", Address: "0xEC60")
Instruction cycle count set to 4
A |X |Y |SP |PC   |T/MT |NV-BDIZC |CYCLE
----------------------------------------
20|50|00|FE |EC07 |1/4  |00100100 |1140
20|50|00|FE |EC07 |2/4  |00100100 |1141
20|50|00|FE |EC07 |3/4  |00100100 |1142
20|50|00|FE |EC07 |4/4  |00100100 |1143


---------------
Opcode: 9D
ll: 00 hh: 07
Instruction:STA Addressing Mode:AbsoluteX - Operand (Value: "0x00", Address: "0x0750")
Writing value 0x20 to address: 0x0750
0x0750: 0x20
Instruction cycle count set to 5
A |X |Y |SP |PC   |T/MT |NV-BDIZC |CYCLE
----------------------------------------
20|50|00|FE |EC0A |1/5  |00100100 |1144
20|50|00|FE |EC0A |2/5  |00100100 |1145
20|50|00|FE |EC0A |3/5  |00100100 |1146
20|50|00|FE |EC0A |4/5  |00100100 |1147
20|50|00|FE |EC0A |5/5  |00100100 |1148


---------------
Opcode: E8
Instruction:INX Addressing Mode:Implied - Operand (Value: "None", Address: "None")
Instruction cycle count set to 2
A |X |Y |SP |PC   |T/MT |NV-BDIZC |CYCLE
----------------------------------------
20|51|00|FE |EC0B |1/2  |00100100 |1149
20|51|00|FE |EC0B |2/2  |00100100 |1150


---------------
Opcode: D0
ll: F7
Old PC: EC0D Offset:-9 New PC: EC04
Instruction:BNE Addressing Mode:Relative - Operand (Value: "None", Address: "0xEC04")
Instruction cycle count set to 2
A |X |Y |SP |PC   |T/MT |NV-BDIZC |CYCLE
----------------------------------------
20|51|00|FE |EC04 |1/3  |00100100 |1151
20|51|00|FE |EC04 |2/3  |00100100 |1152
20|51|00|FE |EC04 |3/3  |00100100 |1153


---------------
Opcode: BD
ll: 10 hh: EC
Instruction:LDA Addressing Mode:AbsoluteX - Operand (Value: "0xA2", Address: "0xEC61")
Instruction cycle count set to 4
A |X |Y |SP |PC   |T/MT |NV-BDIZC |CYCLE
----------------------------------------
A2|51|00|FE |EC07 |1/4  |10100100 |1154
A2|51|00|FE |EC07 |2/4  |10100100 |1155
A2|51|00|FE |EC07 |3/4  |10100100 |1156
A2|51|00|FE |EC07 |4/4  |10100100 |1157


---------------
Opcode: 9D
ll: 00 hh: 07
Instruction:STA Addressing Mode:AbsoluteX - Operand (Value: "0x00", Address: "0x0751")
Writing value 0xA2 to address: 0x0751
0x0751: 0xA2
Instruction cycle count set to 5
A |X |Y |SP |PC   |T/MT |NV-BDIZC |CYCLE
----------------------------------------
A2|51|00|FE |EC0A |1/5  |10100100 |1158
A2|51|00|FE |EC0A |2/5  |10100100 |1159
A2|51|00|FE |EC0A |3/5  |10100100 |1160
A2|51|00|FE |EC0A |4/5  |10100100 |1161
A2|51|00|FE |EC0A |5/5  |10100100 |1162


---------------
Opcode: E8
Instruction:INX Addressing Mode:Implied - Operand (Value: "None", Address: "None")
Instruction cycle count set to 2
A |X |Y |SP |PC   |T/MT |NV-BDIZC |CYCLE
----------------------------------------
A2|52|00|FE |EC0B |1/2  |00100100 |1163
A2|52|00|FE |EC0B |2/2  |00100100 |1164


---------------
Opcode: D0
ll: F7
Old PC: EC0D Offset:-9 New PC: EC04
Instruction:BNE Addressing Mode:Relative - Operand (Value: "None", Address: "0xEC04")
Instruction cycle count set to 2
A |X |Y |SP |PC   |T/MT |NV-BDIZC |CYCLE
----------------------------------------
A2|52|00|FE |EC04 |1/3  |00100100 |1165
A2|52|00|FE |EC04 |2/3  |00100100 |1166
A2|52|00|FE |EC04 |3/3  |00100100 |1167


---------------
Opcode: BD
ll: 10 hh: EC
Instruction:LDA Addressing Mode:AbsoluteX - Operand (Value: "0xE7", Address: "0xEC62")
Instruction cycle count set to 4
A |X |Y |SP |PC   |T/MT |NV-BDIZC |CYCLE
----------------------------------------
E7|52|00|FE |EC07 |1/4  |10100100 |1168
E7|52|00|FE |EC07 |2/4  |10100100 |1169
E7|52|00|FE |EC07 |3/4  |10100100 |1170
E7|52|00|FE |EC07 |4/4  |10100100 |1171


---------------
Opcode: 9D
ll: 00 hh: 07
Instruction:STA Addressing Mode:AbsoluteX - Operand (Value: "0x00", Address: "0x0752")
Writing value 0xE7 to address: 0x0752
0x0752: 0xE7
Instruction cycle count set to 5
A |X |Y |SP |PC   |T/MT |NV-BDIZC |CYCLE
----------------------------------------
E7|52|00|FE |EC0A |1/5  |10100100 |1172
E7|52|00|FE |EC0A |2/5  |10100100 |1173
E7|52|00|FE |EC0A |3/5  |10100100 |1174
E7|52|00|FE |EC0A |4/5  |10100100 |1175
E7|52|00|FE |EC0A |5/5  |10100100 |1176


---------------
Opcode: E8
Instruction:INX Addressing Mode:Implied - Operand (Value: "None", Address: "None")
Instruction cycle count set to 2
A |X |Y |SP |PC   |T/MT |NV-BDIZC |CYCLE
----------------------------------------
E7|53|00|FE |EC0B |1/2  |00100100 |1177
E7|53|00|FE |EC0B |2/2  |00100100 |1178


---------------
Opcode: D0
ll: F7
Old PC: EC0D Offset:-9 New PC: EC04
Instruction:BNE Addressing Mode:Relative - Operand (Value: "None", Address: "0xEC04")
Instruction cycle count set to 2
A |X |Y |SP |PC   |T/MT |NV-BDIZC |CYCLE
----------------------------------------
E7|53|00|FE |EC04 |1/3  |00100100 |1179
E7|53|00|FE |EC04 |2/3  |00100100 |1180
E7|53|00|FE |EC04 |3/3  |00100100 |1181


---------------
Opcode: BD
ll: 10 hh: EC
Instruction:LDA Addressing Mode:AbsoluteX - Operand (Value: "0xEE", Address: "0xEC63")
Instruction cycle count set to 4
A |X |Y |SP |PC   |T/MT |NV-BDIZC |CYCLE
----------------------------------------
EE|53|00|FE |EC07 |1/4  |10100100 |1182
EE|53|00|FE |EC07 |2/4  |10100100 |1183
EE|53|00|FE |EC07 |3/4  |10100100 |1184
EE|53|00|FE |EC07 |4/4  |10100100 |1185


---------------
Opcode: 9D
ll: 00 hh: 07
Instruction:STA Addressing Mode:AbsoluteX - Operand (Value: "0x00", Address: "0x0753")
Writing value 0xEE to address: 0x0753
0x0753: 0xEE
Instruction cycle count set to 5
A |X |Y |SP |PC   |T/MT |NV-BDIZC |CYCLE
----------------------------------------
EE|53|00|FE |EC0A |1/5  |10100100 |1186
EE|53|00|FE |EC0A |2/5  |10100100 |1187
EE|53|00|FE |EC0A |3/5  |10100100 |1188
EE|53|00|FE |EC0A |4/5  |10100100 |1189
EE|53|00|FE |EC0A |5/5  |10100100 |1190


---------------
Opcode: E8
Instruction:INX Addressing Mode:Implied - Operand (Value: "None", Address: "None")
Instruction cycle count set to 2
A |X |Y |SP |PC   |T/MT |NV-BDIZC |CYCLE
----------------------------------------
EE|54|00|FE |EC0B |1/2  |00100100 |1191
EE|54|00|FE |EC0B |2/2  |00100100 |1192


---------------
Opcode: D0
ll: F7
Old PC: EC0D Offset:-9 New PC: EC04
Instruction:BNE Addressing Mode:Relative - Operand (Value: "None", Address: "0xEC04")
Instruction cycle count set to 2
A |X |Y |SP |PC   |T/MT |NV-BDIZC |CYCLE
----------------------------------------
EE|54|00|FE |EC04 |1/3  |00100100 |1193
EE|54|00|FE |EC04 |2/3  |00100100 |1194
EE|54|00|FE |EC04 |3/3  |00100100 |1195


---------------
Opcode: BD
ll: 10 hh: EC
Instruction:LDA Addressing Mode:AbsoluteX - Operand (Value: "0x24", Address: "0xEC64")
Instruction cycle count set to 4
A |X |Y |SP |PC   |T/MT |NV-BDIZC |CYCLE
----------------------------------------
24|54|00|FE |EC07 |1/4  |00100100 |1196
24|54|00|FE |EC07 |2/4  |00100100 |1197
24|54|00|FE |EC07 |3/4  |00100100 |1198
24|54|00|FE |EC07 |4/4  |00100100 |1199


---------------
Opcode: 9D
ll: 00 hh: 07
Instruction:STA Addressing Mode:AbsoluteX - Operand (Value: "0x00", Address: "0x0754")
Writing value 0x24 to address: 0x0754
0x0754: 0x24
Instruction cycle count set to 5
A |X |Y |SP |PC   |T/MT |NV-BDIZC |CYCLE
----------------------------------------
24|54|00|FE |EC0A |1/5  |00100100 |1200
24|54|00|FE |EC0A |2/5  |00100100 |1201
24|54|00|FE |EC0A |3/5  |00100100 |1202
24|54|00|FE |EC0A |4/5  |00100100 |1203
24|54|00|FE |EC0A |5/5  |00100100 |1204


---------------
Opcode: E8
Instruction:INX Addressing Mode:Implied - Operand (Value: "None", Address: "None")
Instruction cycle count set to 2
A |X |Y |SP |PC   |T/MT |NV-BDIZC |CYCLE
----------------------------------------
24|55|00|FE |EC0B |1/2  |00100100 |1205
24|55|00|FE |EC0B |2/2  |00100100 |1206


---------------
Opcode: D0
ll: F7
Old PC: EC0D Offset:-9 New PC: EC04
Instruction:BNE Addressing Mode:Relative - Operand (Value: "None", Address: "0xEC04")
Instruction cycle count set to 2
A |X |Y |SP |PC   |T/MT |NV-BDIZC |CYCLE
----------------------------------------
24|55|00|FE |EC04 |1/3  |00100100 |1207
24|55|00|FE |EC04 |2/3  |00100100 |1208
24|55|00|FE |EC04 |3/3  |00100100 |1209


---------------
Opcode: BD
ll: 10 hh: EC
Instruction:LDA Addressing Mode:AbsoluteX - Operand (Value: "0x02", Address: "0xEC65")
Instruction cycle count set to 4
A |X |Y |SP |PC   |T/MT |NV-BDIZC |CYCLE
----------------------------------------
02|55|00|FE |EC07 |1/4  |00100100 |1210
02|55|00|FE |EC07 |2/4  |00100100 |1211
02|55|00|FE |EC07 |3/4  |00100100 |1212
02|55|00|FE |EC07 |4/4  |00100100 |1213


---------------
Opcode: 9D
ll: 00 hh: 07
Instruction:STA Addressing Mode:AbsoluteX - Operand (Value: "0x00", Address: "0x0755")
Writing value 0x02 to address: 0x0755
0x0755: 0x02
Instruction cycle count set to 5
A |X |Y |SP |PC   |T/MT |NV-BDIZC |CYCLE
----------------------------------------
02|55|00|FE |EC0A |1/5  |00100100 |1214
02|55|00|FE |EC0A |2/5  |00100100 |1215
02|55|00|FE |EC0A |3/5  |00100100 |1216
02|55|00|FE |EC0A |4/5  |00100100 |1217
02|55|00|FE |EC0A |5/5  |00100100 |1218


---------------
Opcode: E8
Instruction:INX Addressing Mode:Implied - Operand (Value: "None", Address: "None")
Instruction cycle count set to 2
A |X |Y |SP |PC   |T/MT |NV-BDIZC |CYCLE
----------------------------------------
02|56|00|FE |EC0B |1/2  |00100100 |1219
02|56|00|FE |EC0B |2/2  |00100100 |1220


---------------
Opcode: D0
ll: F7
Old PC: EC0D Offset:-9 New PC: EC04
Instruction:BNE Addressing Mode:Relative - Operand (Value: "None", Address: "0xEC04")
Instruction cycle count set to 2
A |X |Y |SP |PC   |T/MT |NV-BDIZC |CYCLE
----------------------------------------
02|56|00|FE |EC04 |1/3  |00100100 |1221
02|56|00|FE |EC04 |2/3  |00100100 |1222
02|56|00|FE |EC04 |3/3  |00100100 |1223


---------------
Opcode: BD
ll: 10 hh: EC
Instruction:LDA Addressing Mode:AbsoluteX - Operand (Value: "0xAD", Address: "0xEC66")
Instruction cycle count set to 4
A |X |Y |SP |PC   |T/MT |NV-BDIZC |CYCLE
----------------------------------------
AD|56|00|FE |EC07 |1/4  |10100100 |1224
AD|56|00|FE |EC07 |2/4  |10100100 |1225
AD|56|00|FE |EC07 |3/4  |10100100 |1226
AD|56|00|FE |EC07 |4/4  |10100100 |1227


---------------
Opcode: 9D
ll: 00 hh: 07
Instruction:STA Addressing Mode:AbsoluteX - Operand (Value: "0x00", Address: "0x0756")
Writing value 0xAD to address: 0x0756
0x0756: 0xAD
Instruction cycle count set to 5
A |X |Y |SP |PC   |T/MT |NV-BDIZC |CYCLE
----------------------------------------
AD|56|00|FE |EC0A |1/5  |10100100 |1228
AD|56|00|FE |EC0A |2/5  |10100100 |1229
AD|56|00|FE |EC0A |3/5  |10100100 |1230
AD|56|00|FE |EC0A |4/5  |10100100 |1231
AD|56|00|FE |EC0A |5/5  |10100100 |1232


---------------
Opcode: E8
Instruction:INX Addressing Mode:Implied - Operand (Value: "None", Address: "None")
Instruction cycle count set to 2
A |X |Y |SP |PC   |T/MT |NV-BDIZC |CYCLE
----------------------------------------
AD|57|00|FE |EC0B |1/2  |00100100 |1233
AD|57|00|FE |EC0B |2/2  |00100100 |1234


---------------
Opcode: D0
ll: F7
Old PC: EC0D Offset:-9 New PC: EC04
Instruction:BNE Addressing Mode:Relative - Operand (Value: "None", Address: "0xEC04")
Instruction cycle count set to 2
A |X |Y |SP |PC   |T/MT |NV-BDIZC |CYCLE
----------------------------------------
AD|57|00|FE |EC04 |1/3  |00100100 |1235
AD|57|00|FE |EC04 |2/3  |00100100 |1236
AD|57|00|FE |EC04 |3/3  |00100100 |1237


---------------
Opcode: BD
ll: 10 hh: EC
Instruction:LDA Addressing Mode:AbsoluteX - Operand (Value: "0x24", Address: "0xEC67")
Instruction cycle count set to 4
A |X |Y |SP |PC   |T/MT |NV-BDIZC |CYCLE
----------------------------------------
24|57|00|FE |EC07 |1/4  |00100100 |1238
24|57|00|FE |EC07 |2/4  |00100100 |1239
24|57|00|FE |EC07 |3/4  |00100100 |1240
24|57|00|FE |EC07 |4/4  |00100100 |1241


---------------
Opcode: 9D
ll: 00 hh: 07
Instruction:STA Addressing Mode:AbsoluteX - Operand (Value: "0x00", Address: "0x0757")
Writing value 0x24 to address: 0x0757
0x0757: 0x24
Instruction cycle count set to 5
A |X |Y |SP |PC   |T/MT |NV-BDIZC |CYCLE
----------------------------------------
24|57|00|FE |EC0A |1/5  |00100100 |1242
24|57|00|FE |EC0A |2/5  |00100100 |1243
24|57|00|FE |EC0A |3/5  |00100100 |1244
24|57|00|FE |EC0A |4/5  |00100100 |1245
24|57|00|FE |EC0A |5/5  |00100100 |1246


---------------
Opcode: E8
Instruction:INX Addressing Mode:Implied - Operand (Value: "None", Address: "None")
Instruction cycle count set to 2
A |X |Y |SP |PC   |T/MT |NV-BDIZC |CYCLE
----------------------------------------
24|58|00|FE |EC0B |1/2  |00100100 |1247
24|58|00|FE |EC0B |2/2  |00100100 |1248


---------------
Opcode: D0
ll: F7
Old PC: EC0D Offset:-9 New PC: EC04
Instruction:BNE Addressing Mode:Relative - Operand (Value: "None", Address: "0xEC04")
Instruction cycle count set to 2
A |X |Y |SP |PC   |T/MT |NV-BDIZC |CYCLE
----------------------------------------
24|58|00|FE |EC04 |1/3  |00100100 |1249
24|58|00|FE |EC04 |2/3  |00100100 |1250
24|58|00|FE |EC04 |3/3  |00100100 |1251


---------------
Opcode: BD
ll: 10 hh: EC
Instruction:LDA Addressing Mode:AbsoluteX - Operand (Value: "0x02", Address: "0xEC68")
Instruction cycle count set to 4
A |X |Y |SP |PC   |T/MT |NV-BDIZC |CYCLE
----------------------------------------
02|58|00|FE |EC07 |1/4  |00100100 |1252
02|58|00|FE |EC07 |2/4  |00100100 |1253
02|58|00|FE |EC07 |3/4  |00100100 |1254
02|58|00|FE |EC07 |4/4  |00100100 |1255


---------------
Opcode: 9D
ll: 00 hh: 07
Instruction:STA Addressing Mode:AbsoluteX - Operand (Value: "0x00", Address: "0x0758")
Writing value 0x02 to address: 0x0758
0x0758: 0x02
Instruction cycle count set to 5
A |X |Y |SP |PC   |T/MT |NV-BDIZC |CYCLE
----------------------------------------
02|58|00|FE |EC0A |1/5  |00100100 |1256
02|58|00|FE |EC0A |2/5  |00100100 |1257
02|58|00|FE |EC0A |3/5  |00100100 |1258
02|58|00|FE |EC0A |4/5  |00100100 |1259
02|58|00|FE |EC0A |5/5  |00100100 |1260


---------------
Opcode: E8
Instruction:INX Addressing Mode:Implied - Operand (Value: "None", Address: "None")
Instruction cycle count set to 2
A |X |Y |SP |PC   |T/MT |NV-BDIZC |CYCLE
----------------------------------------
02|59|00|FE |EC0B |1/2  |00100100 |1261
02|59|00|FE |EC0B |2/2  |00100100 |1262


---------------
Opcode: D0
ll: F7
Old PC: EC0D Offset:-9 New PC: EC04
Instruction:BNE Addressing Mode:Relative - Operand (Value: "None", Address: "0xEC04")
Instruction cycle count set to 2
A |X |Y |SP |PC   |T/MT |NV-BDIZC |CYCLE
----------------------------------------
02|59|00|FE |EC04 |1/3  |00100100 |1263
02|59|00|FE |EC04 |2/3  |00100100 |1264
02|59|00|FE |EC04 |3/3  |00100100 |1265


---------------
Opcode: BD
ll: 10 hh: EC
Instruction:LDA Addressing Mode:AbsoluteX - Operand (Value: "0xC9", Address: "0xEC69")
Instruction cycle count set to 4
A |X |Y |SP |PC   |T/MT |NV-BDIZC |CYCLE
----------------------------------------
C9|59|00|FE |EC07 |1/4  |10100100 |1266
C9|59|00|FE |EC07 |2/4  |10100100 |1267
C9|59|00|FE |EC07 |3/4  |10100100 |1268
C9|59|00|FE |EC07 |4/4  |10100100 |1269


---------------
Opcode: 9D
ll: 00 hh: 07
Instruction:STA Addressing Mode:AbsoluteX - Operand (Value: "0x00", Address: "0x0759")
Writing value 0xC9 to address: 0x0759
0x0759: 0xC9
Instruction cycle count set to 5
A |X |Y |SP |PC   |T/MT |NV-BDIZC |CYCLE
----------------------------------------
C9|59|00|FE |EC0A |1/5  |10100100 |1270
C9|59|00|FE |EC0A |2/5  |10100100 |1271
C9|59|00|FE |EC0A |3/5  |10100100 |1272
C9|59|00|FE |EC0A |4/5  |10100100 |1273
C9|59|00|FE |EC0A |5/5  |10100100 |1274


---------------
Opcode: E8
Instruction:INX Addressing Mode:Implied - Operand (Value: "None", Address: "None")
Instruction cycle count set to 2
A |X |Y |SP |PC   |T/MT |NV-BDIZC |CYCLE
----------------------------------------
C9|5A|00|FE |EC0B |1/2  |00100100 |1275
C9|5A|00|FE |EC0B |2/2  |00100100 |1276


---------------
Opcode: D0
ll: F7
Old PC: EC0D Offset:-9 New PC: EC04
Instruction:BNE Addressing Mode:Relative - Operand (Value: "None", Address: "0xEC04")
Instruction cycle count set to 2
A |X |Y |SP |PC   |T/MT |NV-BDIZC |CYCLE
----------------------------------------
C9|5A|00|FE |EC04 |1/3  |00100100 |1277
C9|5A|00|FE |EC04 |2/3  |00100100 |1278
C9|5A|00|FE |EC04 |3/3  |00100100 |1279


---------------
Opcode: BD
ll: 10 hh: EC
Instruction:LDA Addressing Mode:AbsoluteX - Operand (Value: "0x10", Address: "0xEC6A")
Instruction cycle count set to 4
A |X |Y |SP |PC   |T/MT |NV-BDIZC |CYCLE
----------------------------------------
10|5A|00|FE |EC07 |1/4  |00100100 |1280
10|5A|00|FE |EC07 |2/4  |00100100 |1281
10|5A|00|FE |EC07 |3/4  |00100100 |1282
10|5A|00|FE |EC07 |4/4  |00100100 |1283


---------------
Opcode: 9D
ll: 00 hh: 07
Instruction:STA Addressing Mode:AbsoluteX - Operand (Value: "0x00", Address: "0x075A")
Writing value 0x10 to address: 0x075A
0x075A: 0x10
Instruction cycle count set to 5
A |X |Y |SP |PC   |T/MT |NV-BDIZC |CYCLE
----------------------------------------
10|5A|00|FE |EC0A |1/5  |00100100 |1284
10|5A|00|FE |EC0A |2/5  |00100100 |1285
10|5A|00|FE |EC0A |3/5  |00100100 |1286
10|5A|00|FE |EC0A |4/5  |00100100 |1287
10|5A|00|FE |EC0A |5/5  |00100100 |1288


---------------
Opcode: E8
Instruction:INX Addressing Mode:Implied - Operand (Value: "None", Address: "None")
Instruction cycle count set to 2
A |X |Y |SP |PC   |T/MT |NV-BDIZC |CYCLE
----------------------------------------
10|5B|00|FE |EC0B |1/2  |00100100 |1289
10|5B|00|FE |EC0B |2/2  |00100100 |1290


---------------
Opcode: D0
ll: F7
Old PC: EC0D Offset:-9 New PC: EC04
Instruction:BNE Addressing Mode:Relative - Operand (Value: "None", Address: "0xEC04")
Instruction cycle count set to 2
A |X |Y |SP |PC   |T/MT |NV-BDIZC |CYCLE
----------------------------------------
10|5B|00|FE |EC04 |1/3  |00100100 |1291
10|5B|00|FE |EC04 |2/3  |00100100 |1292
10|5B|00|FE |EC04 |3/3  |00100100 |1293


---------------
Opcode: BD
ll: 10 hh: EC
Instruction:LDA Addressing Mode:AbsoluteX - Operand (Value: "0xF0", Address: "0xEC6B")
Instruction cycle count set to 4
A |X |Y |SP |PC   |T/MT |NV-BDIZC |CYCLE
----------------------------------------
F0|5B|00|FE |EC07 |1/4  |10100100 |1294
F0|5B|00|FE |EC07 |2/4  |10100100 |1295
F0|5B|00|FE |EC07 |3/4  |10100100 |1296
F0|5B|00|FE |EC07 |4/4  |10100100 |1297


---------------
Opcode: 9D
ll: 00 hh: 07
Instruction:STA Addressing Mode:AbsoluteX - Operand (Value: "0x00", Address: "0x075B")
Writing value 0xF0 to address: 0x075B
0x075B: 0xF0
Instruction cycle count set to 5
A |X |Y |SP |PC   |T/MT |NV-BDIZC |CYCLE
----------------------------------------
F0|5B|00|FE |EC0A |1/5  |10100100 |1298
F0|5B|00|FE |EC0A |2/5  |10100100 |1299
F0|5B|00|FE |EC0A |3/5  |10100100 |1300
F0|5B|00|FE |EC0A |4/5  |10100100 |1301
F0|5B|00|FE |EC0A |5/5  |10100100 |1302


---------------
Opcode: E8
Instruction:INX Addressing Mode:Implied - Operand (Value: "None", Address: "None")
Instruction cycle count set to 2
A |X |Y |SP |PC   |T/MT |NV-BDIZC |CYCLE
----------------------------------------
F0|5C|00|FE |EC0B |1/2  |00100100 |1303
F0|5C|00|FE |EC0B |2/2  |00100100 |1304


---------------
Opcode: D0
ll: F7
Old PC: EC0D Offset:-9 New PC: EC04
Instruction:BNE Addressing Mode:Relative - Operand (Value: "None", Address: "0xEC04")
Instruction cycle count set to 2
A |X |Y |SP |PC   |T/MT |NV-BDIZC |CYCLE
----------------------------------------
F0|5C|00|FE |EC04 |1/3  |00100100 |1305
F0|5C|00|FE |EC04 |2/3  |00100100 |1306
F0|5C|00|FE |EC04 |3/3  |00100100 |1307


---------------
Opcode: BD
ll: 10 hh: EC
Instruction:LDA Addressing Mode:AbsoluteX - Operand (Value: "0x4D", Address: "0xEC6C")
Instruction cycle count set to 4
A |X |Y |SP |PC   |T/MT |NV-BDIZC |CYCLE
----------------------------------------
4D|5C|00|FE |EC07 |1/4  |00100100 |1308
4D|5C|00|FE |EC07 |2/4  |00100100 |1309
4D|5C|00|FE |EC07 |3/4  |00100100 |1310
4D|5C|00|FE |EC07 |4/4  |00100100 |1311


---------------
Opcode: 9D
ll: 00 hh: 07
Instruction:STA Addressing Mode:AbsoluteX - Operand (Value: "0x00", Address: "0x075C")
Writing value 0x4D to address: 0x075C
0x075C: 0x4D
Instruction cycle count set to 5
A |X |Y |SP |PC   |T/MT |NV-BDIZC |CYCLE
----------------------------------------
4D|5C|00|FE |EC0A |1/5  |00100100 |1312
4D|5C|00|FE |EC0A |2/5  |00100100 |1313
4D|5C|00|FE |EC0A |3/5  |00100100 |1314
4D|5C|00|FE |EC0A |4/5  |00100100 |1315
4D|5C|00|FE |EC0A |5/5  |00100100 |1316


---------------
Opcode: E8
Instruction:INX Addressing Mode:Implied - Operand (Value: "None", Address: "None")
Instruction cycle count set to 2
A |X |Y |SP |PC   |T/MT |NV-BDIZC |CYCLE
----------------------------------------
4D|5D|00|FE |EC0B |1/2  |00100100 |1317
4D|5D|00|FE |EC0B |2/2  |00100100 |1318


---------------
Opcode: D0
ll: F7
Old PC: EC0D Offset:-9 New PC: EC04
Instruction:BNE Addressing Mode:Relative - Operand (Value: "None", Address: "0xEC04")
Instruction cycle count set to 2
A |X |Y |SP |PC   |T/MT |NV-BDIZC |CYCLE
----------------------------------------
4D|5D|00|FE |EC04 |1/3  |00100100 |1319
4D|5D|00|FE |EC04 |2/3  |00100100 |1320
4D|5D|00|FE |EC04 |3/3  |00100100 |1321


---------------
Opcode: BD
ll: 10 hh: EC
Instruction:LDA Addressing Mode:AbsoluteX - Operand (Value: "0x20", Address: "0xEC6D")
Instruction cycle count set to 4
A |X |Y |SP |PC   |T/MT |NV-BDIZC |CYCLE
----------------------------------------
20|5D|00|FE |EC07 |1/4  |00100100 |1322
20|5D|00|FE |EC07 |2/4  |00100100 |1323
20|5D|00|FE |EC07 |3/4  |00100100 |1324
20|5D|00|FE |EC07 |4/4  |00100100 |1325


---------------
Opcode: 9D
ll: 00 hh: 07
Instruction:STA Addressing Mode:AbsoluteX - Operand (Value: "0x00", Address: "0x075D")
Writing value 0x20 to address: 0x075D
0x075D: 0x20
Instruction cycle count set to 5
A |X |Y |SP |PC   |T/MT |NV-BDIZC |CYCLE
----------------------------------------
20|5D|00|FE |EC0A |1/5  |00100100 |1326
20|5D|00|FE |EC0A |2/5  |00100100 |1327
20|5D|00|FE |EC0A |3/5  |00100100 |1328
20|5D|00|FE |EC0A |4/5  |00100100 |1329
20|5D|00|FE |EC0A |5/5  |00100100 |1330


---------------
Opcode: E8
Instruction:INX Addressing Mode:Implied - Operand (Value: "None", Address: "None")
Instruction cycle count set to 2
A |X |Y |SP |PC   |T/MT |NV-BDIZC |CYCLE
----------------------------------------
20|5E|00|FE |EC0B |1/2  |00100100 |1331
20|5E|00|FE |EC0B |2/2  |00100100 |1332


---------------
Opcode: D0
ll: F7
Old PC: EC0D Offset:-9 New PC: EC04
Instruction:BNE Addressing Mode:Relative - Operand (Value: "None", Address: "0xEC04")
Instruction cycle count set to 2
A |X |Y |SP |PC   |T/MT |NV-BDIZC |CYCLE
----------------------------------------
20|5E|00|FE |EC04 |1/3  |00100100 |1333
20|5E|00|FE |EC04 |2/3  |00100100 |1334
20|5E|00|FE |EC04 |3/3  |00100100 |1335


---------------
Opcode: BD
ll: 10 hh: EC
Instruction:LDA Addressing Mode:AbsoluteX - Operand (Value: "0x01", Address: "0xEC6E")
Instruction cycle count set to 4
A |X |Y |SP |PC   |T/MT |NV-BDIZC |CYCLE
----------------------------------------
01|5E|00|FE |EC07 |1/4  |00100100 |1336
01|5E|00|FE |EC07 |2/4  |00100100 |1337
01|5E|00|FE |EC07 |3/4  |00100100 |1338
01|5E|00|FE |EC07 |4/4  |00100100 |1339


---------------
Opcode: 9D
ll: 00 hh: 07
Instruction:STA Addressing Mode:AbsoluteX - Operand (Value: "0x00", Address: "0x075E")
Writing value 0x01 to address: 0x075E
0x075E: 0x01
Instruction cycle count set to 5
A |X |Y |SP |PC   |T/MT |NV-BDIZC |CYCLE
----------------------------------------
01|5E|00|FE |EC0A |1/5  |00100100 |1340
01|5E|00|FE |EC0A |2/5  |00100100 |1341
01|5E|00|FE |EC0A |3/5  |00100100 |1342
01|5E|00|FE |EC0A |4/5  |00100100 |1343
01|5E|00|FE |EC0A |5/5  |00100100 |1344


---------------
Opcode: E8
Instruction:INX Addressing Mode:Implied - Operand (Value: "None", Address: "None")
Instruction cycle count set to 2
A |X |Y |SP |PC   |T/MT |NV-BDIZC |CYCLE
----------------------------------------
01|5F|00|FE |EC0B |1/2  |00100100 |1345
01|5F|00|FE |EC0B |2/2  |00100100 |1346


---------------
Opcode: D0
ll: F7
Old PC: EC0D Offset:-9 New PC: EC04
Instruction:BNE Addressing Mode:Relative - Operand (Value: "None", Address: "0xEC04")
Instruction cycle count set to 2
A |X |Y |SP |PC   |T/MT |NV-BDIZC |CYCLE
----------------------------------------
01|5F|00|FE |EC04 |1/3  |00100100 |1347
01|5F|00|FE |EC04 |2/3  |00100100 |1348
01|5F|00|FE |EC04 |3/3  |00100100 |1349


---------------
Opcode: BD
ll: 10 hh: EC
Instruction:LDA Addressing Mode:AbsoluteX - Operand (Value: "0xE6", Address: "0xEC6F")
Instruction cycle count set to 4
A |X |Y |SP |PC   |T/MT |NV-BDIZC |CYCLE
----------------------------------------
E6|5F|00|FE |EC07 |1/4  |10100100 |1350
E6|5F|00|FE |EC07 |2/4  |10100100 |1351
E6|5F|00|FE |EC07 |3/4  |10100100 |1352
E6|5F|00|FE |EC07 |4/4  |10100100 |1353


---------------
Opcode: 9D
ll: 00 hh: 07
Instruction:STA Addressing Mode:AbsoluteX - Operand (Value: "0x00", Address: "0x075F")
Writing value 0xE6 to address: 0x075F
0x075F: 0xE6
Instruction cycle count set to 5
A |X |Y |SP |PC   |T/MT |NV-BDIZC |CYCLE
----------------------------------------
E6|5F|00|FE |EC0A |1/5  |10100100 |1354
E6|5F|00|FE |EC0A |2/5  |10100100 |1355
E6|5F|00|FE |EC0A |3/5  |10100100 |1356
E6|5F|00|FE |EC0A |4/5  |10100100 |1357
E6|5F|00|FE |EC0A |5/5  |10100100 |1358


---------------
Opcode: E8
Instruction:INX Addressing Mode:Implied - Operand (Value: "None", Address: "None")
Instruction cycle count set to 2
A |X |Y |SP |PC   |T/MT |NV-BDIZC |CYCLE
----------------------------------------
E6|60|00|FE |EC0B |1/2  |00100100 |1359
E6|60|00|FE |EC0B |2/2  |00100100 |1360


---------------
Opcode: D0
ll: F7
Old PC: EC0D Offset:-9 New PC: EC04
Instruction:BNE Addressing Mode:Relative - Operand (Value: "None", Address: "0xEC04")
Instruction cycle count set to 2
A |X |Y |SP |PC   |T/MT |NV-BDIZC |CYCLE
----------------------------------------
E6|60|00|FE |EC04 |1/3  |00100100 |1361
E6|60|00|FE |EC04 |2/3  |00100100 |1362
E6|60|00|FE |EC04 |3/3  |00100100 |1363


---------------
Opcode: BD
ll: 10 hh: EC
Instruction:LDA Addressing Mode:AbsoluteX - Operand (Value: "0x52", Address: "0xEC70")
Instruction cycle count set to 4
A |X |Y |SP |PC   |T/MT |NV-BDIZC |CYCLE
----------------------------------------
52|60|00|FE |EC07 |1/4  |00100100 |1364
52|60|00|FE |EC07 |2/4  |00100100 |1365
52|60|00|FE |EC07 |3/4  |00100100 |1366
52|60|00|FE |EC07 |4/4  |00100100 |1367


---------------
Opcode: 9D
ll: 00 hh: 07
Instruction:STA Addressing Mode:AbsoluteX - Operand (Value: "0x00", Address: "0x0760")
Writing value 0x52 to address: 0x0760
0x0760: 0x52
Instruction cycle count set to 5
A |X |Y |SP |PC   |T/MT |NV-BDIZC |CYCLE
----------------------------------------
52|60|00|FE |EC0A |1/5  |00100100 |1368
52|60|00|FE |EC0A |2/5  |00100100 |1369
52|60|00|FE |EC0A |3/5  |00100100 |1370
52|60|00|FE |EC0A |4/5  |00100100 |1371
52|60|00|FE |EC0A |5/5  |00100100 |1372


---------------
Opcode: E8
Instruction:INX Addressing Mode:Implied - Operand (Value: "None", Address: "None")
Instruction cycle count set to 2
A |X |Y |SP |PC   |T/MT |NV-BDIZC |CYCLE
----------------------------------------
52|61|00|FE |EC0B |1/2  |00100100 |1373
52|61|00|FE |EC0B |2/2  |00100100 |1374


---------------
Opcode: D0
ll: F7
Old PC: EC0D Offset:-9 New PC: EC04
Instruction:BNE Addressing Mode:Relative - Operand (Value: "None", Address: "0xEC04")
Instruction cycle count set to 2
A |X |Y |SP |PC   |T/MT |NV-BDIZC |CYCLE
----------------------------------------
52|61|00|FE |EC04 |1/3  |00100100 |1375
52|61|00|FE |EC04 |2/3  |00100100 |1376
52|61|00|FE |EC04 |3/3  |00100100 |1377


---------------
Opcode: BD
ll: 10 hh: EC
Instruction:LDA Addressing Mode:AbsoluteX - Operand (Value: "0x75", Address: "0xEC71")
Instruction cycle count set to 4
A |X |Y |SP |PC   |T/MT |NV-BDIZC |CYCLE
----------------------------------------
75|61|00|FE |EC07 |1/4  |00100100 |1378
75|61|00|FE |EC07 |2/4  |00100100 |1379
75|61|00|FE |EC07 |3/4  |00100100 |1380
75|61|00|FE |EC07 |4/4  |00100100 |1381


---------------
Opcode: 9D
ll: 00 hh: 07
Instruction:STA Addressing Mode:AbsoluteX - Operand (Value: "0x00", Address: "0x0761")
Writing value 0x75 to address: 0x0761
0x0761: 0x75
Instruction cycle count set to 5
A |X |Y |SP |PC   |T/MT |NV-BDIZC |CYCLE
----------------------------------------
75|61|00|FE |EC0A |1/5  |00100100 |1382
75|61|00|FE |EC0A |2/5  |00100100 |1383
75|61|00|FE |EC0A |3/5  |00100100 |1384
75|61|00|FE |EC0A |4/5  |00100100 |1385
75|61|00|FE |EC0A |5/5  |00100100 |1386


---------------
Opcode: E8
Instruction:INX Addressing Mode:Implied - Operand (Value: "None", Address: "None")
Instruction cycle count set to 2
A |X |Y |SP |PC   |T/MT |NV-BDIZC |CYCLE
----------------------------------------
75|62|00|FE |EC0B |1/2  |00100100 |1387
75|62|00|FE |EC0B |2/2  |00100100 |1388


---------------
Opcode: D0
ll: F7
Old PC: EC0D Offset:-9 New PC: EC04
Instruction:BNE Addressing Mode:Relative - Operand (Value: "None", Address: "0xEC04")
Instruction cycle count set to 2
A |X |Y |SP |PC   |T/MT |NV-BDIZC |CYCLE
----------------------------------------
75|62|00|FE |EC04 |1/3  |00100100 |1389
75|62|00|FE |EC04 |2/3  |00100100 |1390
75|62|00|FE |EC04 |3/3  |00100100 |1391


---------------
Opcode: BD
ll: 10 hh: EC
Instruction:LDA Addressing Mode:AbsoluteX - Operand (Value: "0x6E", Address: "0xEC72")
Instruction cycle count set to 4
A |X |Y |SP |PC   |T/MT |NV-BDIZC |CYCLE
----------------------------------------
6E|62|00|FE |EC07 |1/4  |00100100 |1392
6E|62|00|FE |EC07 |2/4  |00100100 |1393
6E|62|00|FE |EC07 |3/4  |00100100 |1394
6E|62|00|FE |EC07 |4/4  |00100100 |1395


---------------
Opcode: 9D
ll: 00 hh: 07
Instruction:STA Addressing Mode:AbsoluteX - Operand (Value: "0x00", Address: "0x0762")
Writing value 0x6E to address: 0x0762
0x0762: 0x6E
Instruction cycle count set to 5
A |X |Y |SP |PC   |T/MT |NV-BDIZC |CYCLE
----------------------------------------
6E|62|00|FE |EC0A |1/5  |00100100 |1396
6E|62|00|FE |EC0A |2/5  |00100100 |1397
6E|62|00|FE |EC0A |3/5  |00100100 |1398
6E|62|00|FE |EC0A |4/5  |00100100 |1399
6E|62|00|FE |EC0A |5/5  |00100100 |1400


---------------
Opcode: E8
Instruction:INX Addressing Mode:Implied - Operand (Value: "None", Address: "None")
Instruction cycle count set to 2
A |X |Y |SP |PC   |T/MT |NV-BDIZC |CYCLE
----------------------------------------
6E|63|00|FE |EC0B |1/2  |00100100 |1401
6E|63|00|FE |EC0B |2/2  |00100100 |1402


---------------
Opcode: D0
ll: F7
Old PC: EC0D Offset:-9 New PC: EC04
Instruction:BNE Addressing Mode:Relative - Operand (Value: "None", Address: "0xEC04")
Instruction cycle count set to 2
A |X |Y |SP |PC   |T/MT |NV-BDIZC |CYCLE
----------------------------------------
6E|63|00|FE |EC04 |1/3  |00100100 |1403
6E|63|00|FE |EC04 |2/3  |00100100 |1404
6E|63|00|FE |EC04 |3/3  |00100100 |1405


---------------
Opcode: BD
ll: 10 hh: EC
Instruction:LDA Addressing Mode:AbsoluteX - Operand (Value: "0x6E", Address: "0xEC73")
Instruction cycle count set to 4
A |X |Y |SP |PC   |T/MT |NV-BDIZC |CYCLE
----------------------------------------
6E|63|00|FE |EC07 |1/4  |00100100 |1406
6E|63|00|FE |EC07 |2/4  |00100100 |1407
6E|63|00|FE |EC07 |3/4  |00100100 |1408
6E|63|00|FE |EC07 |4/4  |00100100 |1409


---------------
Opcode: 9D
ll: 00 hh: 07
Instruction:STA Addressing Mode:AbsoluteX - Operand (Value: "0x00", Address: "0x0763")
Writing value 0x6E to address: 0x0763
0x0763: 0x6E
Instruction cycle count set to 5
A |X |Y |SP |PC   |T/MT |NV-BDIZC |CYCLE
----------------------------------------
6E|63|00|FE |EC0A |1/5  |00100100 |1410
6E|63|00|FE |EC0A |2/5  |00100100 |1411
6E|63|00|FE |EC0A |3/5  |00100100 |1412
6E|63|00|FE |EC0A |4/5  |00100100 |1413
6E|63|00|FE |EC0A |5/5  |00100100 |1414


---------------
Opcode: E8
Instruction:INX Addressing Mode:Implied - Operand (Value: "None", Address: "None")
Instruction cycle count set to 2
A |X |Y |SP |PC   |T/MT |NV-BDIZC |CYCLE
----------------------------------------
6E|64|00|FE |EC0B |1/2  |00100100 |1415
6E|64|00|FE |EC0B |2/2  |00100100 |1416


---------------
Opcode: D0
ll: F7
Old PC: EC0D Offset:-9 New PC: EC04
Instruction:BNE Addressing Mode:Relative - Operand (Value: "None", Address: "0xEC04")
Instruction cycle count set to 2
A |X |Y |SP |PC   |T/MT |NV-BDIZC |CYCLE
----------------------------------------
6E|64|00|FE |EC04 |1/3  |00100100 |1417
6E|64|00|FE |EC04 |2/3  |00100100 |1418
6E|64|00|FE |EC04 |3/3  |00100100 |1419


---------------
Opcode: BD
ll: 10 hh: EC
Instruction:LDA Addressing Mode:AbsoluteX - Operand (Value: "0x69", Address: "0xEC74")
Instruction cycle count set to 4
A |X |Y |SP |PC   |T/MT |NV-BDIZC |CYCLE
----------------------------------------
69|64|00|FE |EC07 |1/4  |00100100 |1420
69|64|00|FE |EC07 |2/4  |00100100 |1421
69|64|00|FE |EC07 |3/4  |00100100 |1422
69|64|00|FE |EC07 |4/4  |00100100 |1423


---------------
Opcode: 9D
ll: 00 hh: 07
Instruction:STA Addressing Mode:AbsoluteX - Operand (Value: "0x00", Address: "0x0764")
Writing value 0x69 to address: 0x0764
0x0764: 0x69
Instruction cycle count set to 5
A |X |Y |SP |PC   |T/MT |NV-BDIZC |CYCLE
----------------------------------------
69|64|00|FE |EC0A |1/5  |00100100 |1424
69|64|00|FE |EC0A |2/5  |00100100 |1425
69|64|00|FE |EC0A |3/5  |00100100 |1426
69|64|00|FE |EC0A |4/5  |00100100 |1427
69|64|00|FE |EC0A |5/5  |00100100 |1428


---------------
Opcode: E8
Instruction:INX Addressing Mode:Implied - Operand (Value: "None", Address: "None")
Instruction cycle count set to 2
A |X |Y |SP |PC   |T/MT |NV-BDIZC |CYCLE
----------------------------------------
69|65|00|FE |EC0B |1/2  |00100100 |1429
69|65|00|FE |EC0B |2/2  |00100100 |1430


---------------
Opcode: D0
ll: F7
Old PC: EC0D Offset:-9 New PC: EC04
Instruction:BNE Addressing Mode:Relative - Operand (Value: "None", Address: "0xEC04")
Instruction cycle count set to 2
A |X |Y |SP |PC   |T/MT |NV-BDIZC |CYCLE
----------------------------------------
69|65|00|FE |EC04 |1/3  |00100100 |1431
69|65|00|FE |EC04 |2/3  |00100100 |1432
69|65|00|FE |EC04 |3/3  |00100100 |1433


---------------
Opcode: BD
ll: 10 hh: EC
Instruction:LDA Addressing Mode:AbsoluteX - Operand (Value: "0x6E", Address: "0xEC75")
Instruction cycle count set to 4
A |X |Y |SP |PC   |T/MT |NV-BDIZC |CYCLE
----------------------------------------
6E|65|00|FE |EC07 |1/4  |00100100 |1434
6E|65|00|FE |EC07 |2/4  |00100100 |1435
6E|65|00|FE |EC07 |3/4  |00100100 |1436
6E|65|00|FE |EC07 |4/4  |00100100 |1437


---------------
Opcode: 9D
ll: 00 hh: 07
Instruction:STA Addressing Mode:AbsoluteX - Operand (Value: "0x00", Address: "0x0765")
Writing value 0x6E to address: 0x0765
0x0765: 0x6E
Instruction cycle count set to 5
A |X |Y |SP |PC   |T/MT |NV-BDIZC |CYCLE
----------------------------------------
6E|65|00|FE |EC0A |1/5  |00100100 |1438
6E|65|00|FE |EC0A |2/5  |00100100 |1439
6E|65|00|FE |EC0A |3/5  |00100100 |1440
6E|65|00|FE |EC0A |4/5  |00100100 |1441
6E|65|00|FE |EC0A |5/5  |00100100 |1442


---------------
Opcode: E8
Instruction:INX Addressing Mode:Implied - Operand (Value: "None", Address: "None")
Instruction cycle count set to 2
A |X |Y |SP |PC   |T/MT |NV-BDIZC |CYCLE
----------------------------------------
6E|66|00|FE |EC0B |1/2  |00100100 |1443
6E|66|00|FE |EC0B |2/2  |00100100 |1444


---------------
Opcode: D0
ll: F7
Old PC: EC0D Offset:-9 New PC: EC04
Instruction:BNE Addressing Mode:Relative - Operand (Value: "None", Address: "0xEC04")
Instruction cycle count set to 2
A |X |Y |SP |PC   |T/MT |NV-BDIZC |CYCLE
----------------------------------------
6E|66|00|FE |EC04 |1/3  |00100100 |1445
6E|66|00|FE |EC04 |2/3  |00100100 |1446
6E|66|00|FE |EC04 |3/3  |00100100 |1447


---------------
Opcode: BD
ll: 10 hh: EC
Instruction:LDA Addressing Mode:AbsoluteX - Operand (Value: "0x67", Address: "0xEC76")
Instruction cycle count set to 4
A |X |Y |SP |PC   |T/MT |NV-BDIZC |CYCLE
----------------------------------------
67|66|00|FE |EC07 |1/4  |00100100 |1448
67|66|00|FE |EC07 |2/4  |00100100 |1449
67|66|00|FE |EC07 |3/4  |00100100 |1450
67|66|00|FE |EC07 |4/4  |00100100 |1451


---------------
Opcode: 9D
ll: 00 hh: 07
Instruction:STA Addressing Mode:AbsoluteX - Operand (Value: "0x00", Address: "0x0766")
Writing value 0x67 to address: 0x0766
0x0766: 0x67
Instruction cycle count set to 5
A |X |Y |SP |PC   |T/MT |NV-BDIZC |CYCLE
----------------------------------------
67|66|00|FE |EC0A |1/5  |00100100 |1452
67|66|00|FE |EC0A |2/5  |00100100 |1453
67|66|00|FE |EC0A |3/5  |00100100 |1454
67|66|00|FE |EC0A |4/5  |00100100 |1455
67|66|00|FE |EC0A |5/5  |00100100 |1456


---------------
Opcode: E8
Instruction:INX Addressing Mode:Implied - Operand (Value: "None", Address: "None")
Instruction cycle count set to 2
A |X |Y |SP |PC   |T/MT |NV-BDIZC |CYCLE
----------------------------------------
67|67|00|FE |EC0B |1/2  |00100100 |1457
67|67|00|FE |EC0B |2/2  |00100100 |1458


---------------
Opcode: D0
ll: F7
Old PC: EC0D Offset:-9 New PC: EC04
Instruction:BNE Addressing Mode:Relative - Operand (Value: "None", Address: "0xEC04")
Instruction cycle count set to 2
A |X |Y |SP |PC   |T/MT |NV-BDIZC |CYCLE
----------------------------------------
67|67|00|FE |EC04 |1/3  |00100100 |1459
67|67|00|FE |EC04 |2/3  |00100100 |1460
67|67|00|FE |EC04 |3/3  |00100100 |1461


---------------
Opcode: BD
ll: 10 hh: EC
Instruction:LDA Addressing Mode:AbsoluteX - Operand (Value: "0x20", Address: "0xEC77")
Instruction cycle count set to 4
A |X |Y |SP |PC   |T/MT |NV-BDIZC |CYCLE
----------------------------------------
20|67|00|FE |EC07 |1/4  |00100100 |1462
20|67|00|FE |EC07 |2/4  |00100100 |1463
20|67|00|FE |EC07 |3/4  |00100100 |1464
20|67|00|FE |EC07 |4/4  |00100100 |1465


---------------
Opcode: 9D
ll: 00 hh: 07
Instruction:STA Addressing Mode:AbsoluteX - Operand (Value: "0x00", Address: "0x0767")
Writing value 0x20 to address: 0x0767
0x0767: 0x20
Instruction cycle count set to 5
A |X |Y |SP |PC   |T/MT |NV-BDIZC |CYCLE
----------------------------------------
20|67|00|FE |EC0A |1/5  |00100100 |1466
20|67|00|FE |EC0A |2/5  |00100100 |1467
20|67|00|FE |EC0A |3/5  |00100100 |1468
20|67|00|FE |EC0A |4/5  |00100100 |1469
20|67|00|FE |EC0A |5/5  |00100100 |1470


---------------
Opcode: E8
Instruction:INX Addressing Mode:Implied - Operand (Value: "None", Address: "None")
Instruction cycle count set to 2
A |X |Y |SP |PC   |T/MT |NV-BDIZC |CYCLE
----------------------------------------
20|68|00|FE |EC0B |1/2  |00100100 |1471
20|68|00|FE |EC0B |2/2  |00100100 |1472


---------------
Opcode: D0
ll: F7
Old PC: EC0D Offset:-9 New PC: EC04
Instruction:BNE Addressing Mode:Relative - Operand (Value: "None", Address: "0xEC04")
Instruction cycle count set to 2
A |X |Y |SP |PC   |T/MT |NV-BDIZC |CYCLE
----------------------------------------
20|68|00|FE |EC04 |1/3  |00100100 |1473
20|68|00|FE |EC04 |2/3  |00100100 |1474
20|68|00|FE |EC04 |3/3  |00100100 |1475


---------------
Opcode: BD
ll: 10 hh: EC
Instruction:LDA Addressing Mode:AbsoluteX - Operand (Value: "0x74", Address: "0xEC78")
Instruction cycle count set to 4
A |X |Y |SP |PC   |T/MT |NV-BDIZC |CYCLE
----------------------------------------
74|68|00|FE |EC07 |1/4  |00100100 |1476
74|68|00|FE |EC07 |2/4  |00100100 |1477
74|68|00|FE |EC07 |3/4  |00100100 |1478
74|68|00|FE |EC07 |4/4  |00100100 |1479


---------------
Opcode: 9D
ll: 00 hh: 07
Instruction:STA Addressing Mode:AbsoluteX - Operand (Value: "0x00", Address: "0x0768")
Writing value 0x74 to address: 0x0768
0x0768: 0x74
Instruction cycle count set to 5
A |X |Y |SP |PC   |T/MT |NV-BDIZC |CYCLE
----------------------------------------
74|68|00|FE |EC0A |1/5  |00100100 |1480
74|68|00|FE |EC0A |2/5  |00100100 |1481
74|68|00|FE |EC0A |3/5  |00100100 |1482
74|68|00|FE |EC0A |4/5  |00100100 |1483
74|68|00|FE |EC0A |5/5  |00100100 |1484


---------------
Opcode: E8
Instruction:INX Addressing Mode:Implied - Operand (Value: "None", Address: "None")
Instruction cycle count set to 2
A |X |Y |SP |PC   |T/MT |NV-BDIZC |CYCLE
----------------------------------------
74|69|00|FE |EC0B |1/2  |00100100 |1485
74|69|00|FE |EC0B |2/2  |00100100 |1486


---------------
Opcode: D0
ll: F7
Old PC: EC0D Offset:-9 New PC: EC04
Instruction:BNE Addressing Mode:Relative - Operand (Value: "None", Address: "0xEC04")
Instruction cycle count set to 2
A |X |Y |SP |PC   |T/MT |NV-BDIZC |CYCLE
----------------------------------------
74|69|00|FE |EC04 |1/3  |00100100 |1487
74|69|00|FE |EC04 |2/3  |00100100 |1488
74|69|00|FE |EC04 |3/3  |00100100 |1489


---------------
Opcode: BD
ll: 10 hh: EC
Instruction:LDA Addressing Mode:AbsoluteX - Operand (Value: "0x65", Address: "0xEC79")
Instruction cycle count set to 4
A |X |Y |SP |PC   |T/MT |NV-BDIZC |CYCLE
----------------------------------------
65|69|00|FE |EC07 |1/4  |00100100 |1490
65|69|00|FE |EC07 |2/4  |00100100 |1491
65|69|00|FE |EC07 |3/4  |00100100 |1492
65|69|00|FE |EC07 |4/4  |00100100 |1493


---------------
Opcode: 9D
ll: 00 hh: 07
Instruction:STA Addressing Mode:AbsoluteX - Operand (Value: "0x00", Address: "0x0769")
Writing value 0x65 to address: 0x0769
0x0769: 0x65
Instruction cycle count set to 5
A |X |Y |SP |PC   |T/MT |NV-BDIZC |CYCLE
----------------------------------------
65|69|00|FE |EC0A |1/5  |00100100 |1494
65|69|00|FE |EC0A |2/5  |00100100 |1495
65|69|00|FE |EC0A |3/5  |00100100 |1496
65|69|00|FE |EC0A |4/5  |00100100 |1497
65|69|00|FE |EC0A |5/5  |00100100 |1498


---------------
Opcode: E8
Instruction:INX Addressing Mode:Implied - Operand (Value: "None", Address: "None")
Instruction cycle count set to 2
A |X |Y |SP |PC   |T/MT |NV-BDIZC |CYCLE
----------------------------------------
65|6A|00|FE |EC0B |1/2  |00100100 |1499
65|6A|00|FE |EC0B |2/2  |00100100 |1500


---------------
Opcode: D0
ll: F7
Old PC: EC0D Offset:-9 New PC: EC04
Instruction:BNE Addressing Mode:Relative - Operand (Value: "None", Address: "0xEC04")
Instruction cycle count set to 2
A |X |Y |SP |PC   |T/MT |NV-BDIZC |CYCLE
----------------------------------------
65|6A|00|FE |EC04 |1/3  |00100100 |1501
65|6A|00|FE |EC04 |2/3  |00100100 |1502
65|6A|00|FE |EC04 |3/3  |00100100 |1503


---------------
Opcode: BD
ll: 10 hh: EC
Instruction:LDA Addressing Mode:AbsoluteX - Operand (Value: "0x73", Address: "0xEC7A")
Instruction cycle count set to 4
A |X |Y |SP |PC   |T/MT |NV-BDIZC |CYCLE
----------------------------------------
73|6A|00|FE |EC07 |1/4  |00100100 |1504
73|6A|00|FE |EC07 |2/4  |00100100 |1505
73|6A|00|FE |EC07 |3/4  |00100100 |1506
73|6A|00|FE |EC07 |4/4  |00100100 |1507


---------------
Opcode: 9D
ll: 00 hh: 07
Instruction:STA Addressing Mode:AbsoluteX - Operand (Value: "0x00", Address: "0x076A")
Writing value 0x73 to address: 0x076A
0x076A: 0x73
Instruction cycle count set to 5
A |X |Y |SP |PC   |T/MT |NV-BDIZC |CYCLE
----------------------------------------
73|6A|00|FE |EC0A |1/5  |00100100 |1508
73|6A|00|FE |EC0A |2/5  |00100100 |1509
73|6A|00|FE |EC0A |3/5  |00100100 |1510
73|6A|00|FE |EC0A |4/5  |00100100 |1511
73|6A|00|FE |EC0A |5/5  |00100100 |1512


---------------
Opcode: E8
Instruction:INX Addressing Mode:Implied - Operand (Value: "None", Address: "None")
Instruction cycle count set to 2
A |X |Y |SP |PC   |T/MT |NV-BDIZC |CYCLE
----------------------------------------
73|6B|00|FE |EC0B |1/2  |00100100 |1513
73|6B|00|FE |EC0B |2/2  |00100100 |1514


---------------
Opcode: D0
ll: F7
Old PC: EC0D Offset:-9 New PC: EC04
Instruction:BNE Addressing Mode:Relative - Operand (Value: "None", Address: "0xEC04")
Instruction cycle count set to 2
A |X |Y |SP |PC   |T/MT |NV-BDIZC |CYCLE
----------------------------------------
73|6B|00|FE |EC04 |1/3  |00100100 |1515
73|6B|00|FE |EC04 |2/3  |00100100 |1516
73|6B|00|FE |EC04 |3/3  |00100100 |1517


---------------
Opcode: BD
ll: 10 hh: EC
Instruction:LDA Addressing Mode:AbsoluteX - Operand (Value: "0x74", Address: "0xEC7B")
Instruction cycle count set to 4
A |X |Y |SP |PC   |T/MT |NV-BDIZC |CYCLE
----------------------------------------
74|6B|00|FE |EC07 |1/4  |00100100 |1518
74|6B|00|FE |EC07 |2/4  |00100100 |1519
74|6B|00|FE |EC07 |3/4  |00100100 |1520
74|6B|00|FE |EC07 |4/4  |00100100 |1521


---------------
Opcode: 9D
ll: 00 hh: 07
Instruction:STA Addressing Mode:AbsoluteX - Operand (Value: "0x00", Address: "0x076B")
Writing value 0x74 to address: 0x076B
0x076B: 0x74
Instruction cycle count set to 5
A |X |Y |SP |PC   |T/MT |NV-BDIZC |CYCLE
----------------------------------------
74|6B|00|FE |EC0A |1/5  |00100100 |1522
74|6B|00|FE |EC0A |2/5  |00100100 |1523
74|6B|00|FE |EC0A |3/5  |00100100 |1524
74|6B|00|FE |EC0A |4/5  |00100100 |1525
74|6B|00|FE |EC0A |5/5  |00100100 |1526


---------------
Opcode: E8
Instruction:INX Addressing Mode:Implied - Operand (Value: "None", Address: "None")
Instruction cycle count set to 2
A |X |Y |SP |PC   |T/MT |NV-BDIZC |CYCLE
----------------------------------------
74|6C|00|FE |EC0B |1/2  |00100100 |1527
74|6C|00|FE |EC0B |2/2  |00100100 |1528


---------------
Opcode: D0
ll: F7
Old PC: EC0D Offset:-9 New PC: EC04
Instruction:BNE Addressing Mode:Relative - Operand (Value: "None", Address: "0xEC04")
Instruction cycle count set to 2
A |X |Y |SP |PC   |T/MT |NV-BDIZC |CYCLE
----------------------------------------
74|6C|00|FE |EC04 |1/3  |00100100 |1529
74|6C|00|FE |EC04 |2/3  |00100100 |1530
74|6C|00|FE |EC04 |3/3  |00100100 |1531


---------------
Opcode: BD
ll: 10 hh: EC
Instruction:LDA Addressing Mode:AbsoluteX - Operand (Value: "0x20", Address: "0xEC7C")
Instruction cycle count set to 4
A |X |Y |SP |PC   |T/MT |NV-BDIZC |CYCLE
----------------------------------------
20|6C|00|FE |EC07 |1/4  |00100100 |1532
20|6C|00|FE |EC07 |2/4  |00100100 |1533
20|6C|00|FE |EC07 |3/4  |00100100 |1534
20|6C|00|FE |EC07 |4/4  |00100100 |1535


---------------
Opcode: 9D
ll: 00 hh: 07
Instruction:STA Addressing Mode:AbsoluteX - Operand (Value: "0x00", Address: "0x076C")
Writing value 0x20 to address: 0x076C
0x076C: 0x20
Instruction cycle count set to 5
A |X |Y |SP |PC   |T/MT |NV-BDIZC |CYCLE
----------------------------------------
20|6C|00|FE |EC0A |1/5  |00100100 |1536
20|6C|00|FE |EC0A |2/5  |00100100 |1537
20|6C|00|FE |EC0A |3/5  |00100100 |1538
20|6C|00|FE |EC0A |4/5  |00100100 |1539
20|6C|00|FE |EC0A |5/5  |00100100 |1540


---------------
Opcode: E8
Instruction:INX Addressing Mode:Implied - Operand (Value: "None", Address: "None")
Instruction cycle count set to 2
A |X |Y |SP |PC   |T/MT |NV-BDIZC |CYCLE
----------------------------------------
20|6D|00|FE |EC0B |1/2  |00100100 |1541
20|6D|00|FE |EC0B |2/2  |00100100 |1542


---------------
Opcode: D0
ll: F7
Old PC: EC0D Offset:-9 New PC: EC04
Instruction:BNE Addressing Mode:Relative - Operand (Value: "None", Address: "0xEC04")
Instruction cycle count set to 2
A |X |Y |SP |PC   |T/MT |NV-BDIZC |CYCLE
----------------------------------------
20|6D|00|FE |EC04 |1/3  |00100100 |1543
20|6D|00|FE |EC04 |2/3  |00100100 |1544
20|6D|00|FE |EC04 |3/3  |00100100 |1545


---------------
Opcode: BD
ll: 10 hh: EC
Instruction:LDA Addressing Mode:AbsoluteX - Operand (Value: "0x00", Address: "0xEC7D")
Instruction cycle count set to 4
A |X |Y |SP |PC   |T/MT |NV-BDIZC |CYCLE
----------------------------------------
00|6D|00|FE |EC07 |1/4  |00100110 |1546
00|6D|00|FE |EC07 |2/4  |00100110 |1547
00|6D|00|FE |EC07 |3/4  |00100110 |1548
00|6D|00|FE |EC07 |4/4  |00100110 |1549


---------------
Opcode: 9D
ll: 00 hh: 07
Instruction:STA Addressing Mode:AbsoluteX - Operand (Value: "0x00", Address: "0x076D")
Writing value 0x00 to address: 0x076D
0x076D: 0x00
Instruction cycle count set to 5
A |X |Y |SP |PC   |T/MT |NV-BDIZC |CYCLE
----------------------------------------
00|6D|00|FE |EC0A |1/5  |00100110 |1550
00|6D|00|FE |EC0A |2/5  |00100110 |1551
00|6D|00|FE |EC0A |3/5  |00100110 |1552
00|6D|00|FE |EC0A |4/5  |00100110 |1553
00|6D|00|FE |EC0A |5/5  |00100110 |1554


---------------
Opcode: E8
Instruction:INX Addressing Mode:Implied - Operand (Value: "None", Address: "None")
Instruction cycle count set to 2
A |X |Y |SP |PC   |T/MT |NV-BDIZC |CYCLE
----------------------------------------
00|6E|00|FE |EC0B |1/2  |00100100 |1555
00|6E|00|FE |EC0B |2/2  |00100100 |1556


---------------
Opcode: D0
ll: F7
Old PC: EC0D Offset:-9 New PC: EC04
Instruction:BNE Addressing Mode:Relative - Operand (Value: "None", Address: "0xEC04")
Instruction cycle count set to 2
A |X |Y |SP |PC   |T/MT |NV-BDIZC |CYCLE
----------------------------------------
00|6E|00|FE |EC04 |1/3  |00100100 |1557
00|6E|00|FE |EC04 |2/3  |00100100 |1558
00|6E|00|FE |EC04 |3/3  |00100100 |1559


---------------
Opcode: BD
ll: 10 hh: EC
Instruction:LDA Addressing Mode:AbsoluteX - Operand (Value: "0x20", Address: "0xEC7E")
Instruction cycle count set to 4
A |X |Y |SP |PC   |T/MT |NV-BDIZC |CYCLE
----------------------------------------
20|6E|00|FE |EC07 |1/4  |00100100 |1560
20|6E|00|FE |EC07 |2/4  |00100100 |1561
20|6E|00|FE |EC07 |3/4  |00100100 |1562
20|6E|00|FE |EC07 |4/4  |00100100 |1563


---------------
Opcode: 9D
ll: 00 hh: 07
Instruction:STA Addressing Mode:AbsoluteX - Operand (Value: "0x00", Address: "0x076E")
Writing value 0x20 to address: 0x076E
0x076E: 0x20
Instruction cycle count set to 5
A |X |Y |SP |PC   |T/MT |NV-BDIZC |CYCLE
----------------------------------------
20|6E|00|FE |EC0A |1/5  |00100100 |1564
20|6E|00|FE |EC0A |2/5  |00100100 |1565
20|6E|00|FE |EC0A |3/5  |00100100 |1566
20|6E|00|FE |EC0A |4/5  |00100100 |1567
20|6E|00|FE |EC0A |5/5  |00100100 |1568


---------------
Opcode: E8
Instruction:INX Addressing Mode:Implied - Operand (Value: "None", Address: "None")
Instruction cycle count set to 2
A |X |Y |SP |PC   |T/MT |NV-BDIZC |CYCLE
----------------------------------------
20|6F|00|FE |EC0B |1/2  |00100100 |1569
20|6F|00|FE |EC0B |2/2  |00100100 |1570


---------------
Opcode: D0
ll: F7
Old PC: EC0D Offset:-9 New PC: EC04
Instruction:BNE Addressing Mode:Relative - Operand (Value: "None", Address: "0xEC04")
Instruction cycle count set to 2
A |X |Y |SP |PC   |T/MT |NV-BDIZC |CYCLE
----------------------------------------
20|6F|00|FE |EC04 |1/3  |00100100 |1571
20|6F|00|FE |EC04 |2/3  |00100100 |1572
20|6F|00|FE |EC04 |3/3  |00100100 |1573


---------------
Opcode: BD
ll: 10 hh: EC
Instruction:LDA Addressing Mode:AbsoluteX - Operand (Value: "0xDC", Address: "0xEC7F")
Instruction cycle count set to 4
A |X |Y |SP |PC   |T/MT |NV-BDIZC |CYCLE
----------------------------------------
DC|6F|00|FE |EC07 |1/4  |10100100 |1574
DC|6F|00|FE |EC07 |2/4  |10100100 |1575
DC|6F|00|FE |EC07 |3/4  |10100100 |1576
DC|6F|00|FE |EC07 |4/4  |10100100 |1577


---------------
Opcode: 9D
ll: 00 hh: 07
Instruction:STA Addressing Mode:AbsoluteX - Operand (Value: "0x00", Address: "0x076F")
Writing value 0xDC to address: 0x076F
0x076F: 0xDC
Instruction cycle count set to 5
A |X |Y |SP |PC   |T/MT |NV-BDIZC |CYCLE
----------------------------------------
DC|6F|00|FE |EC0A |1/5  |10100100 |1578
DC|6F|00|FE |EC0A |2/5  |10100100 |1579
DC|6F|00|FE |EC0A |3/5  |10100100 |1580
DC|6F|00|FE |EC0A |4/5  |10100100 |1581
DC|6F|00|FE |EC0A |5/5  |10100100 |1582


---------------
Opcode: E8
Instruction:INX Addressing Mode:Implied - Operand (Value: "None", Address: "None")
Instruction cycle count set to 2
A |X |Y |SP |PC   |T/MT |NV-BDIZC |CYCLE
----------------------------------------
DC|70|00|FE |EC0B |1/2  |00100100 |1583
DC|70|00|FE |EC0B |2/2  |00100100 |1584


---------------
Opcode: D0
ll: F7
Old PC: EC0D Offset:-9 New PC: EC04
Instruction:BNE Addressing Mode:Relative - Operand (Value: "None", Address: "0xEC04")
Instruction cycle count set to 2
A |X |Y |SP |PC   |T/MT |NV-BDIZC |CYCLE
----------------------------------------
DC|70|00|FE |EC04 |1/3  |00100100 |1585
DC|70|00|FE |EC04 |2/3  |00100100 |1586
DC|70|00|FE |EC04 |3/3  |00100100 |1587


---------------
Opcode: BD
ll: 10 hh: EC
Instruction:LDA Addressing Mode:AbsoluteX - Operand (Value: "0xEC", Address: "0xEC80")
Instruction cycle count set to 4
A |X |Y |SP |PC   |T/MT |NV-BDIZC |CYCLE
----------------------------------------
EC|70|00|FE |EC07 |1/4  |10100100 |1588
EC|70|00|FE |EC07 |2/4  |10100100 |1589
EC|70|00|FE |EC07 |3/4  |10100100 |1590
EC|70|00|FE |EC07 |4/4  |10100100 |1591


---------------
Opcode: 9D
ll: 00 hh: 07
Instruction:STA Addressing Mode:AbsoluteX - Operand (Value: "0x00", Address: "0x0770")
Writing value 0xEC to address: 0x0770
0x0770: 0xEC
Instruction cycle count set to 5
A |X |Y |SP |PC   |T/MT |NV-BDIZC |CYCLE
----------------------------------------
EC|70|00|FE |EC0A |1/5  |10100100 |1592
EC|70|00|FE |EC0A |2/5  |10100100 |1593
EC|70|00|FE |EC0A |3/5  |10100100 |1594
EC|70|00|FE |EC0A |4/5  |10100100 |1595
EC|70|00|FE |EC0A |5/5  |10100100 |1596


---------------
Opcode: E8
Instruction:INX Addressing Mode:Implied - Operand (Value: "None", Address: "None")
Instruction cycle count set to 2
A |X |Y |SP |PC   |T/MT |NV-BDIZC |CYCLE
----------------------------------------
EC|71|00|FE |EC0B |1/2  |00100100 |1597
EC|71|00|FE |EC0B |2/2  |00100100 |1598


---------------
Opcode: D0
ll: F7
Old PC: EC0D Offset:-9 New PC: EC04
Instruction:BNE Addressing Mode:Relative - Operand (Value: "None", Address: "0xEC04")
Instruction cycle count set to 2
A |X |Y |SP |PC   |T/MT |NV-BDIZC |CYCLE
----------------------------------------
EC|71|00|FE |EC04 |1/3  |00100100 |1599
EC|71|00|FE |EC04 |2/3  |00100100 |1600
EC|71|00|FE |EC04 |3/3  |00100100 |1601


---------------
Opcode: BD
ll: 10 hh: EC
Instruction:LDA Addressing Mode:AbsoluteX - Operand (Value: "0xA9", Address: "0xEC81")
Instruction cycle count set to 4
A |X |Y |SP |PC   |T/MT |NV-BDIZC |CYCLE
----------------------------------------
A9|71|00|FE |EC07 |1/4  |10100100 |1602
A9|71|00|FE |EC07 |2/4  |10100100 |1603
A9|71|00|FE |EC07 |3/4  |10100100 |1604
A9|71|00|FE |EC07 |4/4  |10100100 |1605


---------------
Opcode: 9D
ll: 00 hh: 07
Instruction:STA Addressing Mode:AbsoluteX - Operand (Value: "0x00", Address: "0x0771")
Writing value 0xA9 to address: 0x0771
0x0771: 0xA9
Instruction cycle count set to 5
A |X |Y |SP |PC   |T/MT |NV-BDIZC |CYCLE
----------------------------------------
A9|71|00|FE |EC0A |1/5  |10100100 |1606
A9|71|00|FE |EC0A |2/5  |10100100 |1607
A9|71|00|FE |EC0A |3/5  |10100100 |1608
A9|71|00|FE |EC0A |4/5  |10100100 |1609
A9|71|00|FE |EC0A |5/5  |10100100 |1610


---------------
Opcode: E8
Instruction:INX Addressing Mode:Implied - Operand (Value: "None", Address: "None")
Instruction cycle count set to 2
A |X |Y |SP |PC   |T/MT |NV-BDIZC |CYCLE
----------------------------------------
A9|72|00|FE |EC0B |1/2  |00100100 |1611
A9|72|00|FE |EC0B |2/2  |00100100 |1612


---------------
Opcode: D0
ll: F7
Old PC: EC0D Offset:-9 New PC: EC04
Instruction:BNE Addressing Mode:Relative - Operand (Value: "None", Address: "0xEC04")
Instruction cycle count set to 2
A |X |Y |SP |PC   |T/MT |NV-BDIZC |CYCLE
----------------------------------------
A9|72|00|FE |EC04 |1/3  |00100100 |1613
A9|72|00|FE |EC04 |2/3  |00100100 |1614
A9|72|00|FE |EC04 |3/3  |00100100 |1615


---------------
Opcode: BD
ll: 10 hh: EC
Instruction:LDA Addressing Mode:AbsoluteX - Operand (Value: "0x30", Address: "0xEC82")
Instruction cycle count set to 4
A |X |Y |SP |PC   |T/MT |NV-BDIZC |CYCLE
----------------------------------------
30|72|00|FE |EC07 |1/4  |00100100 |1616
30|72|00|FE |EC07 |2/4  |00100100 |1617
30|72|00|FE |EC07 |3/4  |00100100 |1618
30|72|00|FE |EC07 |4/4  |00100100 |1619


---------------
Opcode: 9D
ll: 00 hh: 07
Instruction:STA Addressing Mode:AbsoluteX - Operand (Value: "0x00", Address: "0x0772")
Writing value 0x30 to address: 0x0772
0x0772: 0x30
Instruction cycle count set to 5
A |X |Y |SP |PC   |T/MT |NV-BDIZC |CYCLE
----------------------------------------
30|72|00|FE |EC0A |1/5  |00100100 |1620
30|72|00|FE |EC0A |2/5  |00100100 |1621
30|72|00|FE |EC0A |3/5  |00100100 |1622
30|72|00|FE |EC0A |4/5  |00100100 |1623
30|72|00|FE |EC0A |5/5  |00100100 |1624


---------------
Opcode: E8
Instruction:INX Addressing Mode:Implied - Operand (Value: "None", Address: "None")
Instruction cycle count set to 2
A |X |Y |SP |PC   |T/MT |NV-BDIZC |CYCLE
----------------------------------------
30|73|00|FE |EC0B |1/2  |00100100 |1625
30|73|00|FE |EC0B |2/2  |00100100 |1626


---------------
Opcode: D0
ll: F7
Old PC: EC0D Offset:-9 New PC: EC04
Instruction:BNE Addressing Mode:Relative - Operand (Value: "None", Address: "0xEC04")
Instruction cycle count set to 2
A |X |Y |SP |PC   |T/MT |NV-BDIZC |CYCLE
----------------------------------------
30|73|00|FE |EC04 |1/3  |00100100 |1627
30|73|00|FE |EC04 |2/3  |00100100 |1628
30|73|00|FE |EC04 |3/3  |00100100 |1629


---------------
Opcode: BD
ll: 10 hh: EC
Instruction:LDA Addressing Mode:AbsoluteX - Operand (Value: "0x20", Address: "0xEC83")
Instruction cycle count set to 4
A |X |Y |SP |PC   |T/MT |NV-BDIZC |CYCLE
----------------------------------------
20|73|00|FE |EC07 |1/4  |00100100 |1630
20|73|00|FE |EC07 |2/4  |00100100 |1631
20|73|00|FE |EC07 |3/4  |00100100 |1632
20|73|00|FE |EC07 |4/4  |00100100 |1633


---------------
Opcode: 9D
ll: 00 hh: 07
Instruction:STA Addressing Mode:AbsoluteX - Operand (Value: "0x00", Address: "0x0773")
Writing value 0x20 to address: 0x0773
0x0773: 0x20
Instruction cycle count set to 5
A |X |Y |SP |PC   |T/MT |NV-BDIZC |CYCLE
----------------------------------------
20|73|00|FE |EC0A |1/5  |00100100 |1634
20|73|00|FE |EC0A |2/5  |00100100 |1635
20|73|00|FE |EC0A |3/5  |00100100 |1636
20|73|00|FE |EC0A |4/5  |00100100 |1637
20|73|00|FE |EC0A |5/5  |00100100 |1638


---------------
Opcode: E8
Instruction:INX Addressing Mode:Implied - Operand (Value: "None", Address: "None")
Instruction cycle count set to 2
A |X |Y |SP |PC   |T/MT |NV-BDIZC |CYCLE
----------------------------------------
20|74|00|FE |EC0B |1/2  |00100100 |1639
20|74|00|FE |EC0B |2/2  |00100100 |1640


---------------
Opcode: D0
ll: F7
Old PC: EC0D Offset:-9 New PC: EC04
Instruction:BNE Addressing Mode:Relative - Operand (Value: "None", Address: "0xEC04")
Instruction cycle count set to 2
A |X |Y |SP |PC   |T/MT |NV-BDIZC |CYCLE
----------------------------------------
20|74|00|FE |EC04 |1/3  |00100100 |1641
20|74|00|FE |EC04 |2/3  |00100100 |1642
20|74|00|FE |EC04 |3/3  |00100100 |1643


---------------
Opcode: BD
ll: 10 hh: EC
Instruction:LDA Addressing Mode:AbsoluteX - Operand (Value: "0xE2", Address: "0xEC84")
Instruction cycle count set to 4
A |X |Y |SP |PC   |T/MT |NV-BDIZC |CYCLE
----------------------------------------
E2|74|00|FE |EC07 |1/4  |10100100 |1644
E2|74|00|FE |EC07 |2/4  |10100100 |1645
E2|74|00|FE |EC07 |3/4  |10100100 |1646
E2|74|00|FE |EC07 |4/4  |10100100 |1647


---------------
Opcode: 9D
ll: 00 hh: 07
Instruction:STA Addressing Mode:AbsoluteX - Operand (Value: "0x00", Address: "0x0774")
Writing value 0xE2 to address: 0x0774
0x0774: 0xE2
Instruction cycle count set to 5
A |X |Y |SP |PC   |T/MT |NV-BDIZC |CYCLE
----------------------------------------
E2|74|00|FE |EC0A |1/5  |10100100 |1648
E2|74|00|FE |EC0A |2/5  |10100100 |1649
E2|74|00|FE |EC0A |3/5  |10100100 |1650
E2|74|00|FE |EC0A |4/5  |10100100 |1651
E2|74|00|FE |EC0A |5/5  |10100100 |1652


---------------
Opcode: E8
Instruction:INX Addressing Mode:Implied - Operand (Value: "None", Address: "None")
Instruction cycle count set to 2
A |X |Y |SP |PC   |T/MT |NV-BDIZC |CYCLE
----------------------------------------
E2|75|00|FE |EC0B |1/2  |00100100 |1653
E2|75|00|FE |EC0B |2/2  |00100100 |1654


---------------
Opcode: D0
ll: F7
Old PC: EC0D Offset:-9 New PC: EC04
Instruction:BNE Addressing Mode:Relative - Operand (Value: "None", Address: "0xEC04")
Instruction cycle count set to 2
A |X |Y |SP |PC   |T/MT |NV-BDIZC |CYCLE
----------------------------------------
E2|75|00|FE |EC04 |1/3  |00100100 |1655
E2|75|00|FE |EC04 |2/3  |00100100 |1656
E2|75|00|FE |EC04 |3/3  |00100100 |1657


---------------
Opcode: BD
ll: 10 hh: EC
Instruction:LDA Addressing Mode:AbsoluteX - Operand (Value: "0xEA", Address: "0xEC85")
Instruction cycle count set to 4
A |X |Y |SP |PC   |T/MT |NV-BDIZC |CYCLE
----------------------------------------
EA|75|00|FE |EC07 |1/4  |10100100 |1658
EA|75|00|FE |EC07 |2/4  |10100100 |1659
EA|75|00|FE |EC07 |3/4  |10100100 |1660
EA|75|00|FE |EC07 |4/4  |10100100 |1661


---------------
Opcode: 9D
ll: 00 hh: 07
Instruction:STA Addressing Mode:AbsoluteX - Operand (Value: "0x00", Address: "0x0775")
Writing value 0xEA to address: 0x0775
0x0775: 0xEA
Instruction cycle count set to 5
A |X |Y |SP |PC   |T/MT |NV-BDIZC |CYCLE
----------------------------------------
EA|75|00|FE |EC0A |1/5  |10100100 |1662
EA|75|00|FE |EC0A |2/5  |10100100 |1663
EA|75|00|FE |EC0A |3/5  |10100100 |1664
EA|75|00|FE |EC0A |4/5  |10100100 |1665
EA|75|00|FE |EC0A |5/5  |10100100 |1666


---------------
Opcode: E8
Instruction:INX Addressing Mode:Implied - Operand (Value: "None", Address: "None")
Instruction cycle count set to 2
A |X |Y |SP |PC   |T/MT |NV-BDIZC |CYCLE
----------------------------------------
EA|76|00|FE |EC0B |1/2  |00100100 |1667
EA|76|00|FE |EC0B |2/2  |00100100 |1668


---------------
Opcode: D0
ll: F7
Old PC: EC0D Offset:-9 New PC: EC04
Instruction:BNE Addressing Mode:Relative - Operand (Value: "None", Address: "0xEC04")
Instruction cycle count set to 2
A |X |Y |SP |PC   |T/MT |NV-BDIZC |CYCLE
----------------------------------------
EA|76|00|FE |EC04 |1/3  |00100100 |1669
EA|76|00|FE |EC04 |2/3  |00100100 |1670
EA|76|00|FE |EC04 |3/3  |00100100 |1671


---------------
Opcode: BD
ll: 10 hh: EC
Instruction:LDA Addressing Mode:AbsoluteX - Operand (Value: "0x08", Address: "0xEC86")
Instruction cycle count set to 4
A |X |Y |SP |PC   |T/MT |NV-BDIZC |CYCLE
----------------------------------------
08|76|00|FE |EC07 |1/4  |00100100 |1672
08|76|00|FE |EC07 |2/4  |00100100 |1673
08|76|00|FE |EC07 |3/4  |00100100 |1674
08|76|00|FE |EC07 |4/4  |00100100 |1675


---------------
Opcode: 9D
ll: 00 hh: 07
Instruction:STA Addressing Mode:AbsoluteX - Operand (Value: "0x00", Address: "0x0776")
Writing value 0x08 to address: 0x0776
0x0776: 0x08
Instruction cycle count set to 5
A |X |Y |SP |PC   |T/MT |NV-BDIZC |CYCLE
----------------------------------------
08|76|00|FE |EC0A |1/5  |00100100 |1676
08|76|00|FE |EC0A |2/5  |00100100 |1677
08|76|00|FE |EC0A |3/5  |00100100 |1678
08|76|00|FE |EC0A |4/5  |00100100 |1679
08|76|00|FE |EC0A |5/5  |00100100 |1680


---------------
Opcode: E8
Instruction:INX Addressing Mode:Implied - Operand (Value: "None", Address: "None")
Instruction cycle count set to 2
A |X |Y |SP |PC   |T/MT |NV-BDIZC |CYCLE
----------------------------------------
08|77|00|FE |EC0B |1/2  |00100100 |1681
08|77|00|FE |EC0B |2/2  |00100100 |1682


---------------
Opcode: D0
ll: F7
Old PC: EC0D Offset:-9 New PC: EC04
Instruction:BNE Addressing Mode:Relative - Operand (Value: "None", Address: "0xEC04")
Instruction cycle count set to 2
A |X |Y |SP |PC   |T/MT |NV-BDIZC |CYCLE
----------------------------------------
08|77|00|FE |EC04 |1/3  |00100100 |1683
08|77|00|FE |EC04 |2/3  |00100100 |1684
08|77|00|FE |EC04 |3/3  |00100100 |1685


---------------
Opcode: BD
ll: 10 hh: EC
Instruction:LDA Addressing Mode:AbsoluteX - Operand (Value: "0x48", Address: "0xEC87")
Instruction cycle count set to 4
A |X |Y |SP |PC   |T/MT |NV-BDIZC |CYCLE
----------------------------------------
48|77|00|FE |EC07 |1/4  |00100100 |1686
48|77|00|FE |EC07 |2/4  |00100100 |1687
48|77|00|FE |EC07 |3/4  |00100100 |1688
48|77|00|FE |EC07 |4/4  |00100100 |1689


---------------
Opcode: 9D
ll: 00 hh: 07
Instruction:STA Addressing Mode:AbsoluteX - Operand (Value: "0x00", Address: "0x0777")
Writing value 0x48 to address: 0x0777
0x0777: 0x48
Instruction cycle count set to 5
A |X |Y |SP |PC   |T/MT |NV-BDIZC |CYCLE
----------------------------------------
48|77|00|FE |EC0A |1/5  |00100100 |1690
48|77|00|FE |EC0A |2/5  |00100100 |1691
48|77|00|FE |EC0A |3/5  |00100100 |1692
48|77|00|FE |EC0A |4/5  |00100100 |1693
48|77|00|FE |EC0A |5/5  |00100100 |1694


---------------
Opcode: E8
Instruction:INX Addressing Mode:Implied - Operand (Value: "None", Address: "None")
Instruction cycle count set to 2
A |X |Y |SP |PC   |T/MT |NV-BDIZC |CYCLE
----------------------------------------
48|78|00|FE |EC0B |1/2  |00100100 |1695
48|78|00|FE |EC0B |2/2  |00100100 |1696


---------------
Opcode: D0
ll: F7
Old PC: EC0D Offset:-9 New PC: EC04
Instruction:BNE Addressing Mode:Relative - Operand (Value: "None", Address: "0xEC04")
Instruction cycle count set to 2
A |X |Y |SP |PC   |T/MT |NV-BDIZC |CYCLE
----------------------------------------
48|78|00|FE |EC04 |1/3  |00100100 |1697
48|78|00|FE |EC04 |2/3  |00100100 |1698
48|78|00|FE |EC04 |3/3  |00100100 |1699


---------------
Opcode: BD
ll: 10 hh: EC
Instruction:LDA Addressing Mode:AbsoluteX - Operand (Value: "0xA9", Address: "0xEC88")
Instruction cycle count set to 4
A |X |Y |SP |PC   |T/MT |NV-BDIZC |CYCLE
----------------------------------------
A9|78|00|FE |EC07 |1/4  |10100100 |1700
A9|78|00|FE |EC07 |2/4  |10100100 |1701
A9|78|00|FE |EC07 |3/4  |10100100 |1702
A9|78|00|FE |EC07 |4/4  |10100100 |1703


---------------
Opcode: 9D
ll: 00 hh: 07
Instruction:STA Addressing Mode:AbsoluteX - Operand (Value: "0x00", Address: "0x0778")
Writing value 0xA9 to address: 0x0778
0x0778: 0xA9
Instruction cycle count set to 5
A |X |Y |SP |PC   |T/MT |NV-BDIZC |CYCLE
----------------------------------------
A9|78|00|FE |EC0A |1/5  |10100100 |1704
A9|78|00|FE |EC0A |2/5  |10100100 |1705
A9|78|00|FE |EC0A |3/5  |10100100 |1706
A9|78|00|FE |EC0A |4/5  |10100100 |1707
A9|78|00|FE |EC0A |5/5  |10100100 |1708


---------------
Opcode: E8
Instruction:INX Addressing Mode:Implied - Operand (Value: "None", Address: "None")
Instruction cycle count set to 2
A |X |Y |SP |PC   |T/MT |NV-BDIZC |CYCLE
----------------------------------------
A9|79|00|FE |EC0B |1/2  |00100100 |1709
A9|79|00|FE |EC0B |2/2  |00100100 |1710


---------------
Opcode: D0
ll: F7
Old PC: EC0D Offset:-9 New PC: EC04
Instruction:BNE Addressing Mode:Relative - Operand (Value: "None", Address: "0xEC04")
Instruction cycle count set to 2
A |X |Y |SP |PC   |T/MT |NV-BDIZC |CYCLE
----------------------------------------
A9|79|00|FE |EC04 |1/3  |00100100 |1711
A9|79|00|FE |EC04 |2/3  |00100100 |1712
A9|79|00|FE |EC04 |3/3  |00100100 |1713


---------------
Opcode: BD
ll: 10 hh: EC
Instruction:LDA Addressing Mode:AbsoluteX - Operand (Value: "0x0D", Address: "0xEC89")
Instruction cycle count set to 4
A |X |Y |SP |PC   |T/MT |NV-BDIZC |CYCLE
----------------------------------------
0D|79|00|FE |EC07 |1/4  |00100100 |1714
0D|79|00|FE |EC07 |2/4  |00100100 |1715
0D|79|00|FE |EC07 |3/4  |00100100 |1716
0D|79|00|FE |EC07 |4/4  |00100100 |1717


---------------
Opcode: 9D
ll: 00 hh: 07
Instruction:STA Addressing Mode:AbsoluteX - Operand (Value: "0x00", Address: "0x0779")
Writing value 0x0D to address: 0x0779
0x0779: 0x0D
Instruction cycle count set to 5
A |X |Y |SP |PC   |T/MT |NV-BDIZC |CYCLE
----------------------------------------
0D|79|00|FE |EC0A |1/5  |00100100 |1718
0D|79|00|FE |EC0A |2/5  |00100100 |1719
0D|79|00|FE |EC0A |3/5  |00100100 |1720
0D|79|00|FE |EC0A |4/5  |00100100 |1721
0D|79|00|FE |EC0A |5/5  |00100100 |1722


---------------
Opcode: E8
Instruction:INX Addressing Mode:Implied - Operand (Value: "None", Address: "None")
Instruction cycle count set to 2
A |X |Y |SP |PC   |T/MT |NV-BDIZC |CYCLE
----------------------------------------
0D|7A|00|FE |EC0B |1/2  |00100100 |1723
0D|7A|00|FE |EC0B |2/2  |00100100 |1724


---------------
Opcode: D0
ll: F7
Old PC: EC0D Offset:-9 New PC: EC04
Instruction:BNE Addressing Mode:Relative - Operand (Value: "None", Address: "0xEC04")
Instruction cycle count set to 2
A |X |Y |SP |PC   |T/MT |NV-BDIZC |CYCLE
----------------------------------------
0D|7A|00|FE |EC04 |1/3  |00100100 |1725
0D|7A|00|FE |EC04 |2/3  |00100100 |1726
0D|7A|00|FE |EC04 |3/3  |00100100 |1727


---------------
Opcode: BD
ll: 10 hh: EC
Instruction:LDA Addressing Mode:AbsoluteX - Operand (Value: "0x20", Address: "0xEC8A")
Instruction cycle count set to 4
A |X |Y |SP |PC   |T/MT |NV-BDIZC |CYCLE
----------------------------------------
20|7A|00|FE |EC07 |1/4  |00100100 |1728
20|7A|00|FE |EC07 |2/4  |00100100 |1729
20|7A|00|FE |EC07 |3/4  |00100100 |1730
20|7A|00|FE |EC07 |4/4  |00100100 |1731


---------------
Opcode: 9D
ll: 00 hh: 07
Instruction:STA Addressing Mode:AbsoluteX - Operand (Value: "0x00", Address: "0x077A")
Writing value 0x20 to address: 0x077A
0x077A: 0x20
Instruction cycle count set to 5
A |X |Y |SP |PC   |T/MT |NV-BDIZC |CYCLE
----------------------------------------
20|7A|00|FE |EC0A |1/5  |00100100 |1732
20|7A|00|FE |EC0A |2/5  |00100100 |1733
20|7A|00|FE |EC0A |3/5  |00100100 |1734
20|7A|00|FE |EC0A |4/5  |00100100 |1735
20|7A|00|FE |EC0A |5/5  |00100100 |1736


---------------
Opcode: E8
Instruction:INX Addressing Mode:Implied - Operand (Value: "None", Address: "None")
Instruction cycle count set to 2
A |X |Y |SP |PC   |T/MT |NV-BDIZC |CYCLE
----------------------------------------
20|7B|00|FE |EC0B |1/2  |00100100 |1737
20|7B|00|FE |EC0B |2/2  |00100100 |1738


---------------
Opcode: D0
ll: F7
Old PC: EC0D Offset:-9 New PC: EC04
Instruction:BNE Addressing Mode:Relative - Operand (Value: "None", Address: "0xEC04")
Instruction cycle count set to 2
A |X |Y |SP |PC   |T/MT |NV-BDIZC |CYCLE
----------------------------------------
20|7B|00|FE |EC04 |1/3  |00100100 |1739
20|7B|00|FE |EC04 |2/3  |00100100 |1740
20|7B|00|FE |EC04 |3/3  |00100100 |1741


---------------
Opcode: BD
ll: 10 hh: EC
Instruction:LDA Addressing Mode:AbsoluteX - Operand (Value: "0x6A", Address: "0xEC8B")
Instruction cycle count set to 4
A |X |Y |SP |PC   |T/MT |NV-BDIZC |CYCLE
----------------------------------------
6A|7B|00|FE |EC07 |1/4  |00100100 |1742
6A|7B|00|FE |EC07 |2/4  |00100100 |1743
6A|7B|00|FE |EC07 |3/4  |00100100 |1744
6A|7B|00|FE |EC07 |4/4  |00100100 |1745


---------------
Opcode: 9D
ll: 00 hh: 07
Instruction:STA Addressing Mode:AbsoluteX - Operand (Value: "0x00", Address: "0x077B")
Writing value 0x6A to address: 0x077B
0x077B: 0x6A
Instruction cycle count set to 5
A |X |Y |SP |PC   |T/MT |NV-BDIZC |CYCLE
----------------------------------------
6A|7B|00|FE |EC0A |1/5  |00100100 |1746
6A|7B|00|FE |EC0A |2/5  |00100100 |1747
6A|7B|00|FE |EC0A |3/5  |00100100 |1748
6A|7B|00|FE |EC0A |4/5  |00100100 |1749
6A|7B|00|FE |EC0A |5/5  |00100100 |1750


---------------
Opcode: E8
Instruction:INX Addressing Mode:Implied - Operand (Value: "None", Address: "None")
Instruction cycle count set to 2
A |X |Y |SP |PC   |T/MT |NV-BDIZC |CYCLE
----------------------------------------
6A|7C|00|FE |EC0B |1/2  |00100100 |1751
6A|7C|00|FE |EC0B |2/2  |00100100 |1752


---------------
Opcode: D0
ll: F7
Old PC: EC0D Offset:-9 New PC: EC04
Instruction:BNE Addressing Mode:Relative - Operand (Value: "None", Address: "0xEC04")
Instruction cycle count set to 2
A |X |Y |SP |PC   |T/MT |NV-BDIZC |CYCLE
----------------------------------------
6A|7C|00|FE |EC04 |1/3  |00100100 |1753
6A|7C|00|FE |EC04 |2/3  |00100100 |1754
6A|7C|00|FE |EC04 |3/3  |00100100 |1755


---------------
Opcode: BD
ll: 10 hh: EC
Instruction:LDA Addressing Mode:AbsoluteX - Operand (Value: "0xE5", Address: "0xEC8C")
Instruction cycle count set to 4
A |X |Y |SP |PC   |T/MT |NV-BDIZC |CYCLE
----------------------------------------
E5|7C|00|FE |EC07 |1/4  |10100100 |1756
E5|7C|00|FE |EC07 |2/4  |10100100 |1757
E5|7C|00|FE |EC07 |3/4  |10100100 |1758
E5|7C|00|FE |EC07 |4/4  |10100100 |1759


---------------
Opcode: 9D
ll: 00 hh: 07
Instruction:STA Addressing Mode:AbsoluteX - Operand (Value: "0x00", Address: "0x077C")
Writing value 0xE5 to address: 0x077C
0x077C: 0xE5
Instruction cycle count set to 5
A |X |Y |SP |PC   |T/MT |NV-BDIZC |CYCLE
----------------------------------------
E5|7C|00|FE |EC0A |1/5  |10100100 |1760
E5|7C|00|FE |EC0A |2/5  |10100100 |1761
E5|7C|00|FE |EC0A |3/5  |10100100 |1762
E5|7C|00|FE |EC0A |4/5  |10100100 |1763
E5|7C|00|FE |EC0A |5/5  |10100100 |1764


---------------
Opcode: E8
Instruction:INX Addressing Mode:Implied - Operand (Value: "None", Address: "None")
Instruction cycle count set to 2
A |X |Y |SP |PC   |T/MT |NV-BDIZC |CYCLE
----------------------------------------
E5|7D|00|FE |EC0B |1/2  |00100100 |1765
E5|7D|00|FE |EC0B |2/2  |00100100 |1766


---------------
Opcode: D0
ll: F7
Old PC: EC0D Offset:-9 New PC: EC04
Instruction:BNE Addressing Mode:Relative - Operand (Value: "None", Address: "0xEC04")
Instruction cycle count set to 2
A |X |Y |SP |PC   |T/MT |NV-BDIZC |CYCLE
----------------------------------------
E5|7D|00|FE |EC04 |1/3  |00100100 |1767
E5|7D|00|FE |EC04 |2/3  |00100100 |1768
E5|7D|00|FE |EC04 |3/3  |00100100 |1769


---------------
Opcode: BD
ll: 10 hh: EC
Instruction:LDA Addressing Mode:AbsoluteX - Operand (Value: "0xA9", Address: "0xEC8D")
Instruction cycle count set to 4
A |X |Y |SP |PC   |T/MT |NV-BDIZC |CYCLE
----------------------------------------
A9|7D|00|FE |EC07 |1/4  |10100100 |1770
A9|7D|00|FE |EC07 |2/4  |10100100 |1771
A9|7D|00|FE |EC07 |3/4  |10100100 |1772
A9|7D|00|FE |EC07 |4/4  |10100100 |1773


---------------
Opcode: 9D
ll: 00 hh: 07
Instruction:STA Addressing Mode:AbsoluteX - Operand (Value: "0x00", Address: "0x077D")
Writing value 0xA9 to address: 0x077D
0x077D: 0xA9
Instruction cycle count set to 5
A |X |Y |SP |PC   |T/MT |NV-BDIZC |CYCLE
----------------------------------------
A9|7D|00|FE |EC0A |1/5  |10100100 |1774
A9|7D|00|FE |EC0A |2/5  |10100100 |1775
A9|7D|00|FE |EC0A |3/5  |10100100 |1776
A9|7D|00|FE |EC0A |4/5  |10100100 |1777
A9|7D|00|FE |EC0A |5/5  |10100100 |1778


---------------
Opcode: E8
Instruction:INX Addressing Mode:Implied - Operand (Value: "None", Address: "None")
Instruction cycle count set to 2
A |X |Y |SP |PC   |T/MT |NV-BDIZC |CYCLE
----------------------------------------
A9|7E|00|FE |EC0B |1/2  |00100100 |1779
A9|7E|00|FE |EC0B |2/2  |00100100 |1780


---------------
Opcode: D0
ll: F7
Old PC: EC0D Offset:-9 New PC: EC04
Instruction:BNE Addressing Mode:Relative - Operand (Value: "None", Address: "0xEC04")
Instruction cycle count set to 2
A |X |Y |SP |PC   |T/MT |NV-BDIZC |CYCLE
----------------------------------------
A9|7E|00|FE |EC04 |1/3  |00100100 |1781
A9|7E|00|FE |EC04 |2/3  |00100100 |1782
A9|7E|00|FE |EC04 |3/3  |00100100 |1783


---------------
Opcode: BD
ll: 10 hh: EC
Instruction:LDA Addressing Mode:AbsoluteX - Operand (Value: "0x2B", Address: "0xEC8E")
Instruction cycle count set to 4
A |X |Y |SP |PC   |T/MT |NV-BDIZC |CYCLE
----------------------------------------
2B|7E|00|FE |EC07 |1/4  |00100100 |1784
2B|7E|00|FE |EC07 |2/4  |00100100 |1785
2B|7E|00|FE |EC07 |3/4  |00100100 |1786
2B|7E|00|FE |EC07 |4/4  |00100100 |1787


---------------
Opcode: 9D
ll: 00 hh: 07
Instruction:STA Addressing Mode:AbsoluteX - Operand (Value: "0x00", Address: "0x077E")
Writing value 0x2B to address: 0x077E
0x077E: 0x2B
Instruction cycle count set to 5
A |X |Y |SP |PC   |T/MT |NV-BDIZC |CYCLE
----------------------------------------
2B|7E|00|FE |EC0A |1/5  |00100100 |1788
2B|7E|00|FE |EC0A |2/5  |00100100 |1789
2B|7E|00|FE |EC0A |3/5  |00100100 |1790
2B|7E|00|FE |EC0A |4/5  |00100100 |1791
2B|7E|00|FE |EC0A |5/5  |00100100 |1792


---------------
Opcode: E8
Instruction:INX Addressing Mode:Implied - Operand (Value: "None", Address: "None")
Instruction cycle count set to 2
A |X |Y |SP |PC   |T/MT |NV-BDIZC |CYCLE
----------------------------------------
2B|7F|00|FE |EC0B |1/2  |00100100 |1793
2B|7F|00|FE |EC0B |2/2  |00100100 |1794


---------------
Opcode: D0
ll: F7
Old PC: EC0D Offset:-9 New PC: EC04
Instruction:BNE Addressing Mode:Relative - Operand (Value: "None", Address: "0xEC04")
Instruction cycle count set to 2
A |X |Y |SP |PC   |T/MT |NV-BDIZC |CYCLE
----------------------------------------
2B|7F|00|FE |EC04 |1/3  |00100100 |1795
2B|7F|00|FE |EC04 |2/3  |00100100 |1796
2B|7F|00|FE |EC04 |3/3  |00100100 |1797


---------------
Opcode: BD
ll: 10 hh: EC
Instruction:LDA Addressing Mode:AbsoluteX - Operand (Value: "0x20", Address: "0xEC8F")
Instruction cycle count set to 4
A |X |Y |SP |PC   |T/MT |NV-BDIZC |CYCLE
----------------------------------------
20|7F|00|FE |EC07 |1/4  |00100100 |1798
20|7F|00|FE |EC07 |2/4  |00100100 |1799
20|7F|00|FE |EC07 |3/4  |00100100 |1800
20|7F|00|FE |EC07 |4/4  |00100100 |1801


---------------
Opcode: 9D
ll: 00 hh: 07
Instruction:STA Addressing Mode:AbsoluteX - Operand (Value: "0x00", Address: "0x077F")
Writing value 0x20 to address: 0x077F
0x077F: 0x20
Instruction cycle count set to 5
A |X |Y |SP |PC   |T/MT |NV-BDIZC |CYCLE
----------------------------------------
20|7F|00|FE |EC0A |1/5  |00100100 |1802
20|7F|00|FE |EC0A |2/5  |00100100 |1803
20|7F|00|FE |EC0A |3/5  |00100100 |1804
20|7F|00|FE |EC0A |4/5  |00100100 |1805
20|7F|00|FE |EC0A |5/5  |00100100 |1806


---------------
Opcode: E8
Instruction:INX Addressing Mode:Implied - Operand (Value: "None", Address: "None")
Instruction cycle count set to 2
A |X |Y |SP |PC   |T/MT |NV-BDIZC |CYCLE
----------------------------------------
20|80|00|FE |EC0B |1/2  |10100100 |1807
20|80|00|FE |EC0B |2/2  |10100100 |1808


---------------
Opcode: D0
ll: F7
Old PC: EC0D Offset:-9 New PC: EC04
Instruction:BNE Addressing Mode:Relative - Operand (Value: "None", Address: "0xEC04")
Instruction cycle count set to 2
A |X |Y |SP |PC   |T/MT |NV-BDIZC |CYCLE
----------------------------------------
20|80|00|FE |EC04 |1/3  |10100100 |1809
20|80|00|FE |EC04 |2/3  |10100100 |1810
20|80|00|FE |EC04 |3/3  |10100100 |1811


---------------
Opcode: BD
ll: 10 hh: EC
Instruction:LDA Addressing Mode:AbsoluteX - Operand (Value: "0x58", Address: "0xEC90")
Instruction cycle count set to 4
A |X |Y |SP |PC   |T/MT |NV-BDIZC |CYCLE
----------------------------------------
58|80|00|FE |EC07 |1/4  |00100100 |1812
58|80|00|FE |EC07 |2/4  |00100100 |1813
58|80|00|FE |EC07 |3/4  |00100100 |1814
58|80|00|FE |EC07 |4/4  |00100100 |1815


---------------
Opcode: 9D
ll: 00 hh: 07
Instruction:STA Addressing Mode:AbsoluteX - Operand (Value: "0x00", Address: "0x0780")
Writing value 0x58 to address: 0x0780
0x0780: 0x58
Instruction cycle count set to 5
A |X |Y |SP |PC   |T/MT |NV-BDIZC |CYCLE
----------------------------------------
58|80|00|FE |EC0A |1/5  |00100100 |1816
58|80|00|FE |EC0A |2/5  |00100100 |1817
58|80|00|FE |EC0A |3/5  |00100100 |1818
58|80|00|FE |EC0A |4/5  |00100100 |1819
58|80|00|FE |EC0A |5/5  |00100100 |1820


---------------
Opcode: E8
Instruction:INX Addressing Mode:Implied - Operand (Value: "None", Address: "None")
Instruction cycle count set to 2
A |X |Y |SP |PC   |T/MT |NV-BDIZC |CYCLE
----------------------------------------
58|81|00|FE |EC0B |1/2  |10100100 |1821
58|81|00|FE |EC0B |2/2  |10100100 |1822


---------------
Opcode: D0
ll: F7
Old PC: EC0D Offset:-9 New PC: EC04
Instruction:BNE Addressing Mode:Relative - Operand (Value: "None", Address: "0xEC04")
Instruction cycle count set to 2
A |X |Y |SP |PC   |T/MT |NV-BDIZC |CYCLE
----------------------------------------
58|81|00|FE |EC04 |1/3  |10100100 |1823
58|81|00|FE |EC04 |2/3  |10100100 |1824
58|81|00|FE |EC04 |3/3  |10100100 |1825


---------------
Opcode: BD
ll: 10 hh: EC
Instruction:LDA Addressing Mode:AbsoluteX - Operand (Value: "0xE5", Address: "0xEC91")
Instruction cycle count set to 4
A |X |Y |SP |PC   |T/MT |NV-BDIZC |CYCLE
----------------------------------------
E5|81|00|FE |EC07 |1/4  |10100100 |1826
E5|81|00|FE |EC07 |2/4  |10100100 |1827
E5|81|00|FE |EC07 |3/4  |10100100 |1828
E5|81|00|FE |EC07 |4/4  |10100100 |1829


---------------
Opcode: 9D
ll: 00 hh: 07
Instruction:STA Addressing Mode:AbsoluteX - Operand (Value: "0x00", Address: "0x0781")
Writing value 0xE5 to address: 0x0781
0x0781: 0xE5
Instruction cycle count set to 5
A |X |Y |SP |PC   |T/MT |NV-BDIZC |CYCLE
----------------------------------------
E5|81|00|FE |EC0A |1/5  |10100100 |1830
E5|81|00|FE |EC0A |2/5  |10100100 |1831
E5|81|00|FE |EC0A |3/5  |10100100 |1832
E5|81|00|FE |EC0A |4/5  |10100100 |1833
E5|81|00|FE |EC0A |5/5  |10100100 |1834


---------------
Opcode: E8
Instruction:INX Addressing Mode:Implied - Operand (Value: "None", Address: "None")
Instruction cycle count set to 2
A |X |Y |SP |PC   |T/MT |NV-BDIZC |CYCLE
----------------------------------------
E5|82|00|FE |EC0B |1/2  |10100100 |1835
E5|82|00|FE |EC0B |2/2  |10100100 |1836


---------------
Opcode: D0
ll: F7
Old PC: EC0D Offset:-9 New PC: EC04
Instruction:BNE Addressing Mode:Relative - Operand (Value: "None", Address: "0xEC04")
Instruction cycle count set to 2
A |X |Y |SP |PC   |T/MT |NV-BDIZC |CYCLE
----------------------------------------
E5|82|00|FE |EC04 |1/3  |10100100 |1837
E5|82|00|FE |EC04 |2/3  |10100100 |1838
E5|82|00|FE |EC04 |3/3  |10100100 |1839


---------------
Opcode: BD
ll: 10 hh: EC
Instruction:LDA Addressing Mode:AbsoluteX - Operand (Value: "0xA9", Address: "0xEC92")
Instruction cycle count set to 4
A |X |Y |SP |PC   |T/MT |NV-BDIZC |CYCLE
----------------------------------------
A9|82|00|FE |EC07 |1/4  |10100100 |1840
A9|82|00|FE |EC07 |2/4  |10100100 |1841
A9|82|00|FE |EC07 |3/4  |10100100 |1842
A9|82|00|FE |EC07 |4/4  |10100100 |1843


---------------
Opcode: 9D
ll: 00 hh: 07
Instruction:STA Addressing Mode:AbsoluteX - Operand (Value: "0x00", Address: "0x0782")
Writing value 0xA9 to address: 0x0782
0x0782: 0xA9
Instruction cycle count set to 5
A |X |Y |SP |PC   |T/MT |NV-BDIZC |CYCLE
----------------------------------------
A9|82|00|FE |EC0A |1/5  |10100100 |1844
A9|82|00|FE |EC0A |2/5  |10100100 |1845
A9|82|00|FE |EC0A |3/5  |10100100 |1846
A9|82|00|FE |EC0A |4/5  |10100100 |1847
A9|82|00|FE |EC0A |5/5  |10100100 |1848


---------------
Opcode: E8
Instruction:INX Addressing Mode:Implied - Operand (Value: "None", Address: "None")
Instruction cycle count set to 2
A |X |Y |SP |PC   |T/MT |NV-BDIZC |CYCLE
----------------------------------------
A9|83|00|FE |EC0B |1/2  |10100100 |1849
A9|83|00|FE |EC0B |2/2  |10100100 |1850


---------------
Opcode: D0
ll: F7
Old PC: EC0D Offset:-9 New PC: EC04
Instruction:BNE Addressing Mode:Relative - Operand (Value: "None", Address: "0xEC04")
Instruction cycle count set to 2
A |X |Y |SP |PC   |T/MT |NV-BDIZC |CYCLE
----------------------------------------
A9|83|00|FE |EC04 |1/3  |10100100 |1851
A9|83|00|FE |EC04 |2/3  |10100100 |1852
A9|83|00|FE |EC04 |3/3  |10100100 |1853


---------------
Opcode: BD
ll: 10 hh: EC
Instruction:LDA Addressing Mode:AbsoluteX - Operand (Value: "0x34", Address: "0xEC93")
Instruction cycle count set to 4
A |X |Y |SP |PC   |T/MT |NV-BDIZC |CYCLE
----------------------------------------
34|83|00|FE |EC07 |1/4  |00100100 |1854
34|83|00|FE |EC07 |2/4  |00100100 |1855
34|83|00|FE |EC07 |3/4  |00100100 |1856
34|83|00|FE |EC07 |4/4  |00100100 |1857


---------------
Opcode: 9D
ll: 00 hh: 07
Instruction:STA Addressing Mode:AbsoluteX - Operand (Value: "0x00", Address: "0x0783")
Writing value 0x34 to address: 0x0783
0x0783: 0x34
Instruction cycle count set to 5
A |X |Y |SP |PC   |T/MT |NV-BDIZC |CYCLE
----------------------------------------
34|83|00|FE |EC0A |1/5  |00100100 |1858
34|83|00|FE |EC0A |2/5  |00100100 |1859
34|83|00|FE |EC0A |3/5  |00100100 |1860
34|83|00|FE |EC0A |4/5  |00100100 |1861
34|83|00|FE |EC0A |5/5  |00100100 |1862


---------------
Opcode: E8
Instruction:INX Addressing Mode:Implied - Operand (Value: "None", Address: "None")
Instruction cycle count set to 2
A |X |Y |SP |PC   |T/MT |NV-BDIZC |CYCLE
----------------------------------------
34|84|00|FE |EC0B |1/2  |10100100 |1863
34|84|00|FE |EC0B |2/2  |10100100 |1864


---------------
Opcode: D0
ll: F7
Old PC: EC0D Offset:-9 New PC: EC04
Instruction:BNE Addressing Mode:Relative - Operand (Value: "None", Address: "0xEC04")
Instruction cycle count set to 2
A |X |Y |SP |PC   |T/MT |NV-BDIZC |CYCLE
----------------------------------------
34|84|00|FE |EC04 |1/3  |10100100 |1865
34|84|00|FE |EC04 |2/3  |10100100 |1866
34|84|00|FE |EC04 |3/3  |10100100 |1867


---------------
Opcode: BD
ll: 10 hh: EC
Instruction:LDA Addressing Mode:AbsoluteX - Operand (Value: "0x20", Address: "0xEC94")
Instruction cycle count set to 4
A |X |Y |SP |PC   |T/MT |NV-BDIZC |CYCLE
----------------------------------------
20|84|00|FE |EC07 |1/4  |00100100 |1868
20|84|00|FE |EC07 |2/4  |00100100 |1869
20|84|00|FE |EC07 |3/4  |00100100 |1870
20|84|00|FE |EC07 |4/4  |00100100 |1871


---------------
Opcode: 9D
ll: 00 hh: 07
Instruction:STA Addressing Mode:AbsoluteX - Operand (Value: "0x00", Address: "0x0784")
Writing value 0x20 to address: 0x0784
0x0784: 0x20
Instruction cycle count set to 5
A |X |Y |SP |PC   |T/MT |NV-BDIZC |CYCLE
----------------------------------------
20|84|00|FE |EC0A |1/5  |00100100 |1872
20|84|00|FE |EC0A |2/5  |00100100 |1873
20|84|00|FE |EC0A |3/5  |00100100 |1874
20|84|00|FE |EC0A |4/5  |00100100 |1875
20|84|00|FE |EC0A |5/5  |00100100 |1876


---------------
Opcode: E8
Instruction:INX Addressing Mode:Implied - Operand (Value: "None", Address: "None")
Instruction cycle count set to 2
A |X |Y |SP |PC   |T/MT |NV-BDIZC |CYCLE
----------------------------------------
20|85|00|FE |EC0B |1/2  |10100100 |1877
20|85|00|FE |EC0B |2/2  |10100100 |1878


---------------
Opcode: D0
ll: F7
Old PC: EC0D Offset:-9 New PC: EC04
Instruction:BNE Addressing Mode:Relative - Operand (Value: "None", Address: "0xEC04")
Instruction cycle count set to 2
A |X |Y |SP |PC   |T/MT |NV-BDIZC |CYCLE
----------------------------------------
20|85|00|FE |EC04 |1/3  |10100100 |1879
20|85|00|FE |EC04 |2/3  |10100100 |1880
20|85|00|FE |EC04 |3/3  |10100100 |1881


---------------
Opcode: BD
ll: 10 hh: EC
Instruction:LDA Addressing Mode:AbsoluteX - Operand (Value: "0x42", Address: "0xEC95")
Instruction cycle count set to 4
A |X |Y |SP |PC   |T/MT |NV-BDIZC |CYCLE
----------------------------------------
42|85|00|FE |EC07 |1/4  |00100100 |1882
42|85|00|FE |EC07 |2/4  |00100100 |1883
42|85|00|FE |EC07 |3/4  |00100100 |1884
42|85|00|FE |EC07 |4/4  |00100100 |1885


---------------
Opcode: 9D
ll: 00 hh: 07
Instruction:STA Addressing Mode:AbsoluteX - Operand (Value: "0x00", Address: "0x0785")
Writing value 0x42 to address: 0x0785
0x0785: 0x42
Instruction cycle count set to 5
A |X |Y |SP |PC   |T/MT |NV-BDIZC |CYCLE
----------------------------------------
42|85|00|FE |EC0A |1/5  |00100100 |1886
42|85|00|FE |EC0A |2/5  |00100100 |1887
42|85|00|FE |EC0A |3/5  |00100100 |1888
42|85|00|FE |EC0A |4/5  |00100100 |1889
42|85|00|FE |EC0A |5/5  |00100100 |1890


---------------
Opcode: E8
Instruction:INX Addressing Mode:Implied - Operand (Value: "None", Address: "None")
Instruction cycle count set to 2
A |X |Y |SP |PC   |T/MT |NV-BDIZC |CYCLE
----------------------------------------
42|86|00|FE |EC0B |1/2  |10100100 |1891
42|86|00|FE |EC0B |2/2  |10100100 |1892


---------------
Opcode: D0
ll: F7
Old PC: EC0D Offset:-9 New PC: EC04
Instruction:BNE Addressing Mode:Relative - Operand (Value: "None", Address: "0xEC04")
Instruction cycle count set to 2
A |X |Y |SP |PC   |T/MT |NV-BDIZC |CYCLE
----------------------------------------
42|86|00|FE |EC04 |1/3  |10100100 |1893
42|86|00|FE |EC04 |2/3  |10100100 |1894
42|86|00|FE |EC04 |3/3  |10100100 |1895


---------------
Opcode: BD
ll: 10 hh: EC
Instruction:LDA Addressing Mode:AbsoluteX - Operand (Value: "0xE5", Address: "0xEC96")
Instruction cycle count set to 4
A |X |Y |SP |PC   |T/MT |NV-BDIZC |CYCLE
----------------------------------------
E5|86|00|FE |EC07 |1/4  |10100100 |1896
E5|86|00|FE |EC07 |2/4  |10100100 |1897
E5|86|00|FE |EC07 |3/4  |10100100 |1898
E5|86|00|FE |EC07 |4/4  |10100100 |1899


---------------
Opcode: 9D
ll: 00 hh: 07
Instruction:STA Addressing Mode:AbsoluteX - Operand (Value: "0x00", Address: "0x0786")
Writing value 0xE5 to address: 0x0786
0x0786: 0xE5
Instruction cycle count set to 5
A |X |Y |SP |PC   |T/MT |NV-BDIZC |CYCLE
----------------------------------------
E5|86|00|FE |EC0A |1/5  |10100100 |1900
E5|86|00|FE |EC0A |2/5  |10100100 |1901
E5|86|00|FE |EC0A |3/5  |10100100 |1902
E5|86|00|FE |EC0A |4/5  |10100100 |1903
E5|86|00|FE |EC0A |5/5  |10100100 |1904


---------------
Opcode: E8
Instruction:INX Addressing Mode:Implied - Operand (Value: "None", Address: "None")
Instruction cycle count set to 2
A |X |Y |SP |PC   |T/MT |NV-BDIZC |CYCLE
----------------------------------------
E5|87|00|FE |EC0B |1/2  |10100100 |1905
E5|87|00|FE |EC0B |2/2  |10100100 |1906


---------------
Opcode: D0
ll: F7
Old PC: EC0D Offset:-9 New PC: EC04
Instruction:BNE Addressing Mode:Relative - Operand (Value: "None", Address: "0xEC04")
Instruction cycle count set to 2
A |X |Y |SP |PC   |T/MT |NV-BDIZC |CYCLE
----------------------------------------
E5|87|00|FE |EC04 |1/3  |10100100 |1907
E5|87|00|FE |EC04 |2/3  |10100100 |1908
E5|87|00|FE |EC04 |3/3  |10100100 |1909


---------------
Opcode: BD
ll: 10 hh: EC
Instruction:LDA Addressing Mode:AbsoluteX - Operand (Value: "0x68", Address: "0xEC97")
Instruction cycle count set to 4
A |X |Y |SP |PC   |T/MT |NV-BDIZC |CYCLE
----------------------------------------
68|87|00|FE |EC07 |1/4  |00100100 |1910
68|87|00|FE |EC07 |2/4  |00100100 |1911
68|87|00|FE |EC07 |3/4  |00100100 |1912
68|87|00|FE |EC07 |4/4  |00100100 |1913


---------------
Opcode: 9D
ll: 00 hh: 07
Instruction:STA Addressing Mode:AbsoluteX - Operand (Value: "0x00", Address: "0x0787")
Writing value 0x68 to address: 0x0787
0x0787: 0x68
Instruction cycle count set to 5
A |X |Y |SP |PC   |T/MT |NV-BDIZC |CYCLE
----------------------------------------
68|87|00|FE |EC0A |1/5  |00100100 |1914
68|87|00|FE |EC0A |2/5  |00100100 |1915
68|87|00|FE |EC0A |3/5  |00100100 |1916
68|87|00|FE |EC0A |4/5  |00100100 |1917
68|87|00|FE |EC0A |5/5  |00100100 |1918


---------------
Opcode: E8
Instruction:INX Addressing Mode:Implied - Operand (Value: "None", Address: "None")
Instruction cycle count set to 2
A |X |Y |SP |PC   |T/MT |NV-BDIZC |CYCLE
----------------------------------------
68|88|00|FE |EC0B |1/2  |10100100 |1919
68|88|00|FE |EC0B |2/2  |10100100 |1920


---------------
Opcode: D0
ll: F7
Old PC: EC0D Offset:-9 New PC: EC04
Instruction:BNE Addressing Mode:Relative - Operand (Value: "None", Address: "0xEC04")
Instruction cycle count set to 2
A |X |Y |SP |PC   |T/MT |NV-BDIZC |CYCLE
----------------------------------------
68|88|00|FE |EC04 |1/3  |10100100 |1921
68|88|00|FE |EC04 |2/3  |10100100 |1922
68|88|00|FE |EC04 |3/3  |10100100 |1923


---------------
Opcode: BD
ll: 10 hh: EC
Instruction:LDA Addressing Mode:AbsoluteX - Operand (Value: "0x28", Address: "0xEC98")
Instruction cycle count set to 4
A |X |Y |SP |PC   |T/MT |NV-BDIZC |CYCLE
----------------------------------------
28|88|00|FE |EC07 |1/4  |00100100 |1924
28|88|00|FE |EC07 |2/4  |00100100 |1925
28|88|00|FE |EC07 |3/4  |00100100 |1926
28|88|00|FE |EC07 |4/4  |00100100 |1927


---------------
Opcode: 9D
ll: 00 hh: 07
Instruction:STA Addressing Mode:AbsoluteX - Operand (Value: "0x00", Address: "0x0788")
Writing value 0x28 to address: 0x0788
0x0788: 0x28
Instruction cycle count set to 5
A |X |Y |SP |PC   |T/MT |NV-BDIZC |CYCLE
----------------------------------------
28|88|00|FE |EC0A |1/5  |00100100 |1928
28|88|00|FE |EC0A |2/5  |00100100 |1929
28|88|00|FE |EC0A |3/5  |00100100 |1930
28|88|00|FE |EC0A |4/5  |00100100 |1931
28|88|00|FE |EC0A |5/5  |00100100 |1932


---------------
Opcode: E8
Instruction:INX Addressing Mode:Implied - Operand (Value: "None", Address: "None")
Instruction cycle count set to 2
A |X |Y |SP |PC   |T/MT |NV-BDIZC |CYCLE
----------------------------------------
28|89|00|FE |EC0B |1/2  |10100100 |1933
28|89|00|FE |EC0B |2/2  |10100100 |1934


---------------
Opcode: D0
ll: F7
Old PC: EC0D Offset:-9 New PC: EC04
Instruction:BNE Addressing Mode:Relative - Operand (Value: "None", Address: "0xEC04")
Instruction cycle count set to 2
A |X |Y |SP |PC   |T/MT |NV-BDIZC |CYCLE
----------------------------------------
28|89|00|FE |EC04 |1/3  |10100100 |1935
28|89|00|FE |EC04 |2/3  |10100100 |1936
28|89|00|FE |EC04 |3/3  |10100100 |1937


---------------
Opcode: BD
ll: 10 hh: EC
Instruction:LDA Addressing Mode:AbsoluteX - Operand (Value: "0x20", Address: "0xEC99")
Instruction cycle count set to 4
A |X |Y |SP |PC   |T/MT |NV-BDIZC |CYCLE
----------------------------------------
20|89|00|FE |EC07 |1/4  |00100100 |1938
20|89|00|FE |EC07 |2/4  |00100100 |1939
20|89|00|FE |EC07 |3/4  |00100100 |1940
20|89|00|FE |EC07 |4/4  |00100100 |1941


---------------
Opcode: 9D
ll: 00 hh: 07
Instruction:STA Addressing Mode:AbsoluteX - Operand (Value: "0x00", Address: "0x0789")
Writing value 0x20 to address: 0x0789
0x0789: 0x20
Instruction cycle count set to 5
A |X |Y |SP |PC   |T/MT |NV-BDIZC |CYCLE
----------------------------------------
20|89|00|FE |EC0A |1/5  |00100100 |1942
20|89|00|FE |EC0A |2/5  |00100100 |1943
20|89|00|FE |EC0A |3/5  |00100100 |1944
20|89|00|FE |EC0A |4/5  |00100100 |1945
20|89|00|FE |EC0A |5/5  |00100100 |1946


---------------
Opcode: E8
Instruction:INX Addressing Mode:Implied - Operand (Value: "None", Address: "None")
Instruction cycle count set to 2
A |X |Y |SP |PC   |T/MT |NV-BDIZC |CYCLE
----------------------------------------
20|8A|00|FE |EC0B |1/2  |10100100 |1947
20|8A|00|FE |EC0B |2/2  |10100100 |1948


---------------
Opcode: D0
ll: F7
Old PC: EC0D Offset:-9 New PC: EC04
Instruction:BNE Addressing Mode:Relative - Operand (Value: "None", Address: "0xEC04")
Instruction cycle count set to 2
A |X |Y |SP |PC   |T/MT |NV-BDIZC |CYCLE
----------------------------------------
20|8A|00|FE |EC04 |1/3  |10100100 |1949
20|8A|00|FE |EC04 |2/3  |10100100 |1950
20|8A|00|FE |EC04 |3/3  |10100100 |1951


---------------
Opcode: BD
ll: 10 hh: EC
Instruction:LDA Addressing Mode:AbsoluteX - Operand (Value: "0xFC", Address: "0xEC9A")
Instruction cycle count set to 4
A |X |Y |SP |PC   |T/MT |NV-BDIZC |CYCLE
----------------------------------------
FC|8A|00|FE |EC07 |1/4  |10100100 |1952
FC|8A|00|FE |EC07 |2/4  |10100100 |1953
FC|8A|00|FE |EC07 |3/4  |10100100 |1954
FC|8A|00|FE |EC07 |4/4  |10100100 |1955


---------------
Opcode: 9D
ll: 00 hh: 07
Instruction:STA Addressing Mode:AbsoluteX - Operand (Value: "0x00", Address: "0x078A")
Writing value 0xFC to address: 0x078A
0x078A: 0xFC
Instruction cycle count set to 5
A |X |Y |SP |PC   |T/MT |NV-BDIZC |CYCLE
----------------------------------------
FC|8A|00|FE |EC0A |1/5  |10100100 |1956
FC|8A|00|FE |EC0A |2/5  |10100100 |1957
FC|8A|00|FE |EC0A |3/5  |10100100 |1958
FC|8A|00|FE |EC0A |4/5  |10100100 |1959
FC|8A|00|FE |EC0A |5/5  |10100100 |1960


---------------
Opcode: E8
Instruction:INX Addressing Mode:Implied - Operand (Value: "None", Address: "None")
Instruction cycle count set to 2
A |X |Y |SP |PC   |T/MT |NV-BDIZC |CYCLE
----------------------------------------
FC|8B|00|FE |EC0B |1/2  |10100100 |1961
FC|8B|00|FE |EC0B |2/2  |10100100 |1962


---------------
Opcode: D0
ll: F7
Old PC: EC0D Offset:-9 New PC: EC04
Instruction:BNE Addressing Mode:Relative - Operand (Value: "None", Address: "0xEC04")
Instruction cycle count set to 2
A |X |Y |SP |PC   |T/MT |NV-BDIZC |CYCLE
----------------------------------------
FC|8B|00|FE |EC04 |1/3  |10100100 |1963
FC|8B|00|FE |EC04 |2/3  |10100100 |1964
FC|8B|00|FE |EC04 |3/3  |10100100 |1965


---------------
Opcode: BD
ll: 10 hh: EC
Instruction:LDA Addressing Mode:AbsoluteX - Operand (Value: "0xE9", Address: "0xEC9B")
Instruction cycle count set to 4
A |X |Y |SP |PC   |T/MT |NV-BDIZC |CYCLE
----------------------------------------
E9|8B|00|FE |EC07 |1/4  |10100100 |1966
E9|8B|00|FE |EC07 |2/4  |10100100 |1967
E9|8B|00|FE |EC07 |3/4  |10100100 |1968
E9|8B|00|FE |EC07 |4/4  |10100100 |1969


---------------
Opcode: 9D
ll: 00 hh: 07
Instruction:STA Addressing Mode:AbsoluteX - Operand (Value: "0x00", Address: "0x078B")
Writing value 0xE9 to address: 0x078B
0x078B: 0xE9
Instruction cycle count set to 5
A |X |Y |SP |PC   |T/MT |NV-BDIZC |CYCLE
----------------------------------------
E9|8B|00|FE |EC0A |1/5  |10100100 |1970
E9|8B|00|FE |EC0A |2/5  |10100100 |1971
E9|8B|00|FE |EC0A |3/5  |10100100 |1972
E9|8B|00|FE |EC0A |4/5  |10100100 |1973
E9|8B|00|FE |EC0A |5/5  |10100100 |1974


---------------
Opcode: E8
Instruction:INX Addressing Mode:Implied - Operand (Value: "None", Address: "None")
Instruction cycle count set to 2
A |X |Y |SP |PC   |T/MT |NV-BDIZC |CYCLE
----------------------------------------
E9|8C|00|FE |EC0B |1/2  |10100100 |1975
E9|8C|00|FE |EC0B |2/2  |10100100 |1976


---------------
Opcode: D0
ll: F7
Old PC: EC0D Offset:-9 New PC: EC04
Instruction:BNE Addressing Mode:Relative - Operand (Value: "None", Address: "0xEC04")
Instruction cycle count set to 2
A |X |Y |SP |PC   |T/MT |NV-BDIZC |CYCLE
----------------------------------------
E9|8C|00|FE |EC04 |1/3  |10100100 |1977
E9|8C|00|FE |EC04 |2/3  |10100100 |1978
E9|8C|00|FE |EC04 |3/3  |10100100 |1979


---------------
Opcode: BD
ll: 10 hh: EC
Instruction:LDA Addressing Mode:AbsoluteX - Operand (Value: "0xA2", Address: "0xEC9C")
Instruction cycle count set to 4
A |X |Y |SP |PC   |T/MT |NV-BDIZC |CYCLE
----------------------------------------
A2|8C|00|FE |EC07 |1/4  |10100100 |1980
A2|8C|00|FE |EC07 |2/4  |10100100 |1981
A2|8C|00|FE |EC07 |3/4  |10100100 |1982
A2|8C|00|FE |EC07 |4/4  |10100100 |1983


---------------
Opcode: 9D
ll: 00 hh: 07
Instruction:STA Addressing Mode:AbsoluteX - Operand (Value: "0x00", Address: "0x078C")
Writing value 0xA2 to address: 0x078C
0x078C: 0xA2
Instruction cycle count set to 5
A |X |Y |SP |PC   |T/MT |NV-BDIZC |CYCLE
----------------------------------------
A2|8C|00|FE |EC0A |1/5  |10100100 |1984
A2|8C|00|FE |EC0A |2/5  |10100100 |1985
A2|8C|00|FE |EC0A |3/5  |10100100 |1986
A2|8C|00|FE |EC0A |4/5  |10100100 |1987
A2|8C|00|FE |EC0A |5/5  |10100100 |1988


---------------
Opcode: E8
Instruction:INX Addressing Mode:Implied - Operand (Value: "None", Address: "None")
Instruction cycle count set to 2
A |X |Y |SP |PC   |T/MT |NV-BDIZC |CYCLE
----------------------------------------
A2|8D|00|FE |EC0B |1/2  |10100100 |1989
A2|8D|00|FE |EC0B |2/2  |10100100 |1990


---------------
Opcode: D0
ll: F7
Old PC: EC0D Offset:-9 New PC: EC04
Instruction:BNE Addressing Mode:Relative - Operand (Value: "None", Address: "0xEC04")
Instruction cycle count set to 2
A |X |Y |SP |PC   |T/MT |NV-BDIZC |CYCLE
----------------------------------------
A2|8D|00|FE |EC04 |1/3  |10100100 |1991
A2|8D|00|FE |EC04 |2/3  |10100100 |1992
A2|8D|00|FE |EC04 |3/3  |10100100 |1993


---------------
Opcode: BD
ll: 10 hh: EC
Instruction:LDA Addressing Mode:AbsoluteX - Operand (Value: "0x00", Address: "0xEC9D")
Instruction cycle count set to 4
A |X |Y |SP |PC   |T/MT |NV-BDIZC |CYCLE
----------------------------------------
00|8D|00|FE |EC07 |1/4  |00100110 |1994
00|8D|00|FE |EC07 |2/4  |00100110 |1995
00|8D|00|FE |EC07 |3/4  |00100110 |1996
00|8D|00|FE |EC07 |4/4  |00100110 |1997


---------------
Opcode: 9D
ll: 00 hh: 07
Instruction:STA Addressing Mode:AbsoluteX - Operand (Value: "0x00", Address: "0x078D")
Writing value 0x00 to address: 0x078D
0x078D: 0x00
Instruction cycle count set to 5
A |X |Y |SP |PC   |T/MT |NV-BDIZC |CYCLE
----------------------------------------
00|8D|00|FE |EC0A |1/5  |00100110 |1998
00|8D|00|FE |EC0A |2/5  |00100110 |1999
00|8D|00|FE |EC0A |3/5  |00100110 |2000
00|8D|00|FE |EC0A |4/5  |00100110 |2001
00|8D|00|FE |EC0A |5/5  |00100110 |2002


---------------
Opcode: E8
Instruction:INX Addressing Mode:Implied - Operand (Value: "None", Address: "None")
Instruction cycle count set to 2
A |X |Y |SP |PC   |T/MT |NV-BDIZC |CYCLE
----------------------------------------
00|8E|00|FE |EC0B |1/2  |10100100 |2003
00|8E|00|FE |EC0B |2/2  |10100100 |2004


---------------
Opcode: D0
ll: F7
Old PC: EC0D Offset:-9 New PC: EC04
Instruction:BNE Addressing Mode:Relative - Operand (Value: "None", Address: "0xEC04")
Instruction cycle count set to 2
A |X |Y |SP |PC   |T/MT |NV-BDIZC |CYCLE
----------------------------------------
00|8E|00|FE |EC04 |1/3  |10100100 |2005
00|8E|00|FE |EC04 |2/3  |10100100 |2006
00|8E|00|FE |EC04 |3/3  |10100100 |2007


---------------
Opcode: BD
ll: 10 hh: EC
Instruction:LDA Addressing Mode:AbsoluteX - Operand (Value: "0xBD", Address: "0xEC9E")
Instruction cycle count set to 4
A |X |Y |SP |PC   |T/MT |NV-BDIZC |CYCLE
----------------------------------------
BD|8E|00|FE |EC07 |1/4  |10100100 |2008
BD|8E|00|FE |EC07 |2/4  |10100100 |2009
BD|8E|00|FE |EC07 |3/4  |10100100 |2010
BD|8E|00|FE |EC07 |4/4  |10100100 |2011


---------------
Opcode: 9D
ll: 00 hh: 07
Instruction:STA Addressing Mode:AbsoluteX - Operand (Value: "0x00", Address: "0x078E")
Writing value 0xBD to address: 0x078E
0x078E: 0xBD
Instruction cycle count set to 5
A |X |Y |SP |PC   |T/MT |NV-BDIZC |CYCLE
----------------------------------------
BD|8E|00|FE |EC0A |1/5  |10100100 |2012
BD|8E|00|FE |EC0A |2/5  |10100100 |2013
BD|8E|00|FE |EC0A |3/5  |10100100 |2014
BD|8E|00|FE |EC0A |4/5  |10100100 |2015
BD|8E|00|FE |EC0A |5/5  |10100100 |2016


---------------
Opcode: E8
Instruction:INX Addressing Mode:Implied - Operand (Value: "None", Address: "None")
Instruction cycle count set to 2
A |X |Y |SP |PC   |T/MT |NV-BDIZC |CYCLE
----------------------------------------
BD|8F|00|FE |EC0B |1/2  |10100100 |2017
BD|8F|00|FE |EC0B |2/2  |10100100 |2018


---------------
Opcode: D0
ll: F7
Old PC: EC0D Offset:-9 New PC: EC04
Instruction:BNE Addressing Mode:Relative - Operand (Value: "None", Address: "0xEC04")
Instruction cycle count set to 2
A |X |Y |SP |PC   |T/MT |NV-BDIZC |CYCLE
----------------------------------------
BD|8F|00|FE |EC04 |1/3  |10100100 |2019
BD|8F|00|FE |EC04 |2/3  |10100100 |2020
BD|8F|00|FE |EC04 |3/3  |10100100 |2021


---------------
Opcode: BD
ll: 10 hh: EC
Instruction:LDA Addressing Mode:AbsoluteX - Operand (Value: "0xAA", Address: "0xEC9F")
Instruction cycle count set to 4
A |X |Y |SP |PC   |T/MT |NV-BDIZC |CYCLE
----------------------------------------
AA|8F|00|FE |EC07 |1/4  |10100100 |2022
AA|8F|00|FE |EC07 |2/4  |10100100 |2023
AA|8F|00|FE |EC07 |3/4  |10100100 |2024
AA|8F|00|FE |EC07 |4/4  |10100100 |2025


---------------
Opcode: 9D
ll: 00 hh: 07
Instruction:STA Addressing Mode:AbsoluteX - Operand (Value: "0x00", Address: "0x078F")
Writing value 0xAA to address: 0x078F
0x078F: 0xAA
Instruction cycle count set to 5
A |X |Y |SP |PC   |T/MT |NV-BDIZC |CYCLE
----------------------------------------
AA|8F|00|FE |EC0A |1/5  |10100100 |2026
AA|8F|00|FE |EC0A |2/5  |10100100 |2027
AA|8F|00|FE |EC0A |3/5  |10100100 |2028
AA|8F|00|FE |EC0A |4/5  |10100100 |2029
AA|8F|00|FE |EC0A |5/5  |10100100 |2030


---------------
Opcode: E8
Instruction:INX Addressing Mode:Implied - Operand (Value: "None", Address: "None")
Instruction cycle count set to 2
A |X |Y |SP |PC   |T/MT |NV-BDIZC |CYCLE
----------------------------------------
AA|90|00|FE |EC0B |1/2  |10100100 |2031
AA|90|00|FE |EC0B |2/2  |10100100 |2032


---------------
Opcode: D0
ll: F7
Old PC: EC0D Offset:-9 New PC: EC04
Instruction:BNE Addressing Mode:Relative - Operand (Value: "None", Address: "0xEC04")
Instruction cycle count set to 2
A |X |Y |SP |PC   |T/MT |NV-BDIZC |CYCLE
----------------------------------------
AA|90|00|FE |EC04 |1/3  |10100100 |2033
AA|90|00|FE |EC04 |2/3  |10100100 |2034
AA|90|00|FE |EC04 |3/3  |10100100 |2035


---------------
Opcode: BD
ll: 10 hh: EC
Instruction:LDA Addressing Mode:AbsoluteX - Operand (Value: "0xEC", Address: "0xECA0")
Instruction cycle count set to 4
A |X |Y |SP |PC   |T/MT |NV-BDIZC |CYCLE
----------------------------------------
EC|90|00|FE |EC07 |1/4  |10100100 |2036
EC|90|00|FE |EC07 |2/4  |10100100 |2037
EC|90|00|FE |EC07 |3/4  |10100100 |2038
EC|90|00|FE |EC07 |4/4  |10100100 |2039


---------------
Opcode: 9D
ll: 00 hh: 07
Instruction:STA Addressing Mode:AbsoluteX - Operand (Value: "0x00", Address: "0x0790")
Writing value 0xEC to address: 0x0790
0x0790: 0xEC
Instruction cycle count set to 5
A |X |Y |SP |PC   |T/MT |NV-BDIZC |CYCLE
----------------------------------------
EC|90|00|FE |EC0A |1/5  |10100100 |2040
EC|90|00|FE |EC0A |2/5  |10100100 |2041
EC|90|00|FE |EC0A |3/5  |10100100 |2042
EC|90|00|FE |EC0A |4/5  |10100100 |2043
EC|90|00|FE |EC0A |5/5  |10100100 |2044


---------------
Opcode: E8
Instruction:INX Addressing Mode:Implied - Operand (Value: "None", Address: "None")
Instruction cycle count set to 2
A |X |Y |SP |PC   |T/MT |NV-BDIZC |CYCLE
----------------------------------------
EC|91|00|FE |EC0B |1/2  |10100100 |2045
EC|91|00|FE |EC0B |2/2  |10100100 |2046


---------------
Opcode: D0
ll: F7
Old PC: EC0D Offset:-9 New PC: EC04
Instruction:BNE Addressing Mode:Relative - Operand (Value: "None", Address: "0xEC04")
Instruction cycle count set to 2
A |X |Y |SP |PC   |T/MT |NV-BDIZC |CYCLE
----------------------------------------
EC|91|00|FE |EC04 |1/3  |10100100 |2047
EC|91|00|FE |EC04 |2/3  |10100100 |2048
EC|91|00|FE |EC04 |3/3  |10100100 |2049


---------------
Opcode: BD
ll: 10 hh: EC
Instruction:LDA Addressing Mode:AbsoluteX - Operand (Value: "0x9D", Address: "0xECA1")
Instruction cycle count set to 4
A |X |Y |SP |PC   |T/MT |NV-BDIZC |CYCLE
----------------------------------------
9D|91|00|FE |EC07 |1/4  |10100100 |2050
9D|91|00|FE |EC07 |2/4  |10100100 |2051
9D|91|00|FE |EC07 |3/4  |10100100 |2052
9D|91|00|FE |EC07 |4/4  |10100100 |2053


---------------
Opcode: 9D
ll: 00 hh: 07
Instruction:STA Addressing Mode:AbsoluteX - Operand (Value: "0x00", Address: "0x0791")
Writing value 0x9D to address: 0x0791
0x0791: 0x9D
Instruction cycle count set to 5
A |X |Y |SP |PC   |T/MT |NV-BDIZC |CYCLE
----------------------------------------
9D|91|00|FE |EC0A |1/5  |10100100 |2054
9D|91|00|FE |EC0A |2/5  |10100100 |2055
9D|91|00|FE |EC0A |3/5  |10100100 |2056
9D|91|00|FE |EC0A |4/5  |10100100 |2057
9D|91|00|FE |EC0A |5/5  |10100100 |2058


---------------
Opcode: E8
Instruction:INX Addressing Mode:Implied - Operand (Value: "None", Address: "None")
Instruction cycle count set to 2
A |X |Y |SP |PC   |T/MT |NV-BDIZC |CYCLE
----------------------------------------
9D|92|00|FE |EC0B |1/2  |10100100 |2059
9D|92|00|FE |EC0B |2/2  |10100100 |2060


---------------
Opcode: D0
ll: F7
Old PC: EC0D Offset:-9 New PC: EC04
Instruction:BNE Addressing Mode:Relative - Operand (Value: "None", Address: "0xEC04")
Instruction cycle count set to 2
A |X |Y |SP |PC   |T/MT |NV-BDIZC |CYCLE
----------------------------------------
9D|92|00|FE |EC04 |1/3  |10100100 |2061
9D|92|00|FE |EC04 |2/3  |10100100 |2062
9D|92|00|FE |EC04 |3/3  |10100100 |2063


---------------
Opcode: BD
ll: 10 hh: EC
Instruction:LDA Addressing Mode:AbsoluteX - Operand (Value: "0x00", Address: "0xECA2")
Instruction cycle count set to 4
A |X |Y |SP |PC   |T/MT |NV-BDIZC |CYCLE
----------------------------------------
00|92|00|FE |EC07 |1/4  |00100110 |2064
00|92|00|FE |EC07 |2/4  |00100110 |2065
00|92|00|FE |EC07 |3/4  |00100110 |2066
00|92|00|FE |EC07 |4/4  |00100110 |2067


---------------
Opcode: 9D
ll: 00 hh: 07
Instruction:STA Addressing Mode:AbsoluteX - Operand (Value: "0x00", Address: "0x0792")
Writing value 0x00 to address: 0x0792
0x0792: 0x00
Instruction cycle count set to 5
A |X |Y |SP |PC   |T/MT |NV-BDIZC |CYCLE
----------------------------------------
00|92|00|FE |EC0A |1/5  |00100110 |2068
00|92|00|FE |EC0A |2/5  |00100110 |2069
00|92|00|FE |EC0A |3/5  |00100110 |2070
00|92|00|FE |EC0A |4/5  |00100110 |2071
00|92|00|FE |EC0A |5/5  |00100110 |2072


---------------
Opcode: E8
Instruction:INX Addressing Mode:Implied - Operand (Value: "None", Address: "None")
Instruction cycle count set to 2
A |X |Y |SP |PC   |T/MT |NV-BDIZC |CYCLE
----------------------------------------
00|93|00|FE |EC0B |1/2  |10100100 |2073
00|93|00|FE |EC0B |2/2  |10100100 |2074


---------------
Opcode: D0
ll: F7
Old PC: EC0D Offset:-9 New PC: EC04
Instruction:BNE Addressing Mode:Relative - Operand (Value: "None", Address: "0xEC04")
Instruction cycle count set to 2
A |X |Y |SP |PC   |T/MT |NV-BDIZC |CYCLE
----------------------------------------
00|93|00|FE |EC04 |1/3  |10100100 |2075
00|93|00|FE |EC04 |2/3  |10100100 |2076
00|93|00|FE |EC04 |3/3  |10100100 |2077


---------------
Opcode: BD
ll: 10 hh: EC
Instruction:LDA Addressing Mode:AbsoluteX - Operand (Value: "0x07", Address: "0xECA3")
Instruction cycle count set to 4
A |X |Y |SP |PC   |T/MT |NV-BDIZC |CYCLE
----------------------------------------
07|93|00|FE |EC07 |1/4  |00100100 |2078
07|93|00|FE |EC07 |2/4  |00100100 |2079
07|93|00|FE |EC07 |3/4  |00100100 |2080
07|93|00|FE |EC07 |4/4  |00100100 |2081


---------------
Opcode: 9D
ll: 00 hh: 07
Instruction:STA Addressing Mode:AbsoluteX - Operand (Value: "0x00", Address: "0x0793")
Writing value 0x07 to address: 0x0793
0x0793: 0x07
Instruction cycle count set to 5
A |X |Y |SP |PC   |T/MT |NV-BDIZC |CYCLE
----------------------------------------
07|93|00|FE |EC0A |1/5  |00100100 |2082
07|93|00|FE |EC0A |2/5  |00100100 |2083
07|93|00|FE |EC0A |3/5  |00100100 |2084
07|93|00|FE |EC0A |4/5  |00100100 |2085
07|93|00|FE |EC0A |5/5  |00100100 |2086


---------------
Opcode: E8
Instruction:INX Addressing Mode:Implied - Operand (Value: "None", Address: "None")
Instruction cycle count set to 2
A |X |Y |SP |PC   |T/MT |NV-BDIZC |CYCLE
----------------------------------------
07|94|00|FE |EC0B |1/2  |10100100 |2087
07|94|00|FE |EC0B |2/2  |10100100 |2088


---------------
Opcode: D0
ll: F7
Old PC: EC0D Offset:-9 New PC: EC04
Instruction:BNE Addressing Mode:Relative - Operand (Value: "None", Address: "0xEC04")
Instruction cycle count set to 2
A |X |Y |SP |PC   |T/MT |NV-BDIZC |CYCLE
----------------------------------------
07|94|00|FE |EC04 |1/3  |10100100 |2089
07|94|00|FE |EC04 |2/3  |10100100 |2090
07|94|00|FE |EC04 |3/3  |10100100 |2091


---------------
Opcode: BD
ll: 10 hh: EC
Instruction:LDA Addressing Mode:AbsoluteX - Operand (Value: "0xE8", Address: "0xECA4")
Instruction cycle count set to 4
A |X |Y |SP |PC   |T/MT |NV-BDIZC |CYCLE
----------------------------------------
E8|94|00|FE |EC07 |1/4  |10100100 |2092
E8|94|00|FE |EC07 |2/4  |10100100 |2093
E8|94|00|FE |EC07 |3/4  |10100100 |2094
E8|94|00|FE |EC07 |4/4  |10100100 |2095


---------------
Opcode: 9D
ll: 00 hh: 07
Instruction:STA Addressing Mode:AbsoluteX - Operand (Value: "0x00", Address: "0x0794")
Writing value 0xE8 to address: 0x0794
0x0794: 0xE8
Instruction cycle count set to 5
A |X |Y |SP |PC   |T/MT |NV-BDIZC |CYCLE
----------------------------------------
E8|94|00|FE |EC0A |1/5  |10100100 |2096
E8|94|00|FE |EC0A |2/5  |10100100 |2097
E8|94|00|FE |EC0A |3/5  |10100100 |2098
E8|94|00|FE |EC0A |4/5  |10100100 |2099
E8|94|00|FE |EC0A |5/5  |10100100 |2100


---------------
Opcode: E8
Instruction:INX Addressing Mode:Implied - Operand (Value: "None", Address: "None")
Instruction cycle count set to 2
A |X |Y |SP |PC   |T/MT |NV-BDIZC |CYCLE
----------------------------------------
E8|95|00|FE |EC0B |1/2  |10100100 |2101
E8|95|00|FE |EC0B |2/2  |10100100 |2102


---------------
Opcode: D0
ll: F7
Old PC: EC0D Offset:-9 New PC: EC04
Instruction:BNE Addressing Mode:Relative - Operand (Value: "None", Address: "0xEC04")
Instruction cycle count set to 2
A |X |Y |SP |PC   |T/MT |NV-BDIZC |CYCLE
----------------------------------------
E8|95|00|FE |EC04 |1/3  |10100100 |2103
E8|95|00|FE |EC04 |2/3  |10100100 |2104
E8|95|00|FE |EC04 |3/3  |10100100 |2105


---------------
Opcode: BD
ll: 10 hh: EC
Instruction:LDA Addressing Mode:AbsoluteX - Operand (Value: "0xD0", Address: "0xECA5")
Instruction cycle count set to 4
A |X |Y |SP |PC   |T/MT |NV-BDIZC |CYCLE
----------------------------------------
D0|95|00|FE |EC07 |1/4  |10100100 |2106
D0|95|00|FE |EC07 |2/4  |10100100 |2107
D0|95|00|FE |EC07 |3/4  |10100100 |2108
D0|95|00|FE |EC07 |4/4  |10100100 |2109


---------------
Opcode: 9D
ll: 00 hh: 07
Instruction:STA Addressing Mode:AbsoluteX - Operand (Value: "0x00", Address: "0x0795")
Writing value 0xD0 to address: 0x0795
0x0795: 0xD0
Instruction cycle count set to 5
A |X |Y |SP |PC   |T/MT |NV-BDIZC |CYCLE
----------------------------------------
D0|95|00|FE |EC0A |1/5  |10100100 |2110
D0|95|00|FE |EC0A |2/5  |10100100 |2111
D0|95|00|FE |EC0A |3/5  |10100100 |2112
D0|95|00|FE |EC0A |4/5  |10100100 |2113
D0|95|00|FE |EC0A |5/5  |10100100 |2114


---------------
Opcode: E8
Instruction:INX Addressing Mode:Implied - Operand (Value: "None", Address: "None")
Instruction cycle count set to 2
A |X |Y |SP |PC   |T/MT |NV-BDIZC |CYCLE
----------------------------------------
D0|96|00|FE |EC0B |1/2  |10100100 |2115
D0|96|00|FE |EC0B |2/2  |10100100 |2116


---------------
Opcode: D0
ll: F7
Old PC: EC0D Offset:-9 New PC: EC04
Instruction:BNE Addressing Mode:Relative - Operand (Value: "None", Address: "0xEC04")
Instruction cycle count set to 2
A |X |Y |SP |PC   |T/MT |NV-BDIZC |CYCLE
----------------------------------------
D0|96|00|FE |EC04 |1/3  |10100100 |2117
D0|96|00|FE |EC04 |2/3  |10100100 |2118
D0|96|00|FE |EC04 |3/3  |10100100 |2119


---------------
Opcode: BD
ll: 10 hh: EC
Instruction:LDA Addressing Mode:AbsoluteX - Operand (Value: "0xF7", Address: "0xECA6")
Instruction cycle count set to 4
A |X |Y |SP |PC   |T/MT |NV-BDIZC |CYCLE
----------------------------------------
F7|96|00|FE |EC07 |1/4  |10100100 |2120
F7|96|00|FE |EC07 |2/4  |10100100 |2121
F7|96|00|FE |EC07 |3/4  |10100100 |2122
F7|96|00|FE |EC07 |4/4  |10100100 |2123


---------------
Opcode: 9D
ll: 00 hh: 07
Instruction:STA Addressing Mode:AbsoluteX - Operand (Value: "0x00", Address: "0x0796")
Writing value 0xF7 to address: 0x0796
0x0796: 0xF7
Instruction cycle count set to 5
A |X |Y |SP |PC   |T/MT |NV-BDIZC |CYCLE
----------------------------------------
F7|96|00|FE |EC0A |1/5  |10100100 |2124
F7|96|00|FE |EC0A |2/5  |10100100 |2125
F7|96|00|FE |EC0A |3/5  |10100100 |2126
F7|96|00|FE |EC0A |4/5  |10100100 |2127
F7|96|00|FE |EC0A |5/5  |10100100 |2128


---------------
Opcode: E8
Instruction:INX Addressing Mode:Implied - Operand (Value: "None", Address: "None")
Instruction cycle count set to 2
A |X |Y |SP |PC   |T/MT |NV-BDIZC |CYCLE
----------------------------------------
F7|97|00|FE |EC0B |1/2  |10100100 |2129
F7|97|00|FE |EC0B |2/2  |10100100 |2130


---------------
Opcode: D0
ll: F7
Old PC: EC0D Offset:-9 New PC: EC04
Instruction:BNE Addressing Mode:Relative - Operand (Value: "None", Address: "0xEC04")
Instruction cycle count set to 2
A |X |Y |SP |PC   |T/MT |NV-BDIZC |CYCLE
----------------------------------------
F7|97|00|FE |EC04 |1/3  |10100100 |2131
F7|97|00|FE |EC04 |2/3  |10100100 |2132
F7|97|00|FE |EC04 |3/3  |10100100 |2133


---------------
Opcode: BD
ll: 10 hh: EC
Instruction:LDA Addressing Mode:AbsoluteX - Operand (Value: "0x4C", Address: "0xECA7")
Instruction cycle count set to 4
A |X |Y |SP |PC   |T/MT |NV-BDIZC |CYCLE
----------------------------------------
4C|97|00|FE |EC07 |1/4  |00100100 |2134
4C|97|00|FE |EC07 |2/4  |00100100 |2135
4C|97|00|FE |EC07 |3/4  |00100100 |2136
4C|97|00|FE |EC07 |4/4  |00100100 |2137


---------------
Opcode: 9D
ll: 00 hh: 07
Instruction:STA Addressing Mode:AbsoluteX - Operand (Value: "0x00", Address: "0x0797")
Writing value 0x4C to address: 0x0797
0x0797: 0x4C
Instruction cycle count set to 5
A |X |Y |SP |PC   |T/MT |NV-BDIZC |CYCLE
----------------------------------------
4C|97|00|FE |EC0A |1/5  |00100100 |2138
4C|97|00|FE |EC0A |2/5  |00100100 |2139
4C|97|00|FE |EC0A |3/5  |00100100 |2140
4C|97|00|FE |EC0A |4/5  |00100100 |2141
4C|97|00|FE |EC0A |5/5  |00100100 |2142


---------------
Opcode: E8
Instruction:INX Addressing Mode:Implied - Operand (Value: "None", Address: "None")
Instruction cycle count set to 2
A |X |Y |SP |PC   |T/MT |NV-BDIZC |CYCLE
----------------------------------------
4C|98|00|FE |EC0B |1/2  |10100100 |2143
4C|98|00|FE |EC0B |2/2  |10100100 |2144


---------------
Opcode: D0
ll: F7
Old PC: EC0D Offset:-9 New PC: EC04
Instruction:BNE Addressing Mode:Relative - Operand (Value: "None", Address: "0xEC04")
Instruction cycle count set to 2
A |X |Y |SP |PC   |T/MT |NV-BDIZC |CYCLE
----------------------------------------
4C|98|00|FE |EC04 |1/3  |10100100 |2145
4C|98|00|FE |EC04 |2/3  |10100100 |2146
4C|98|00|FE |EC04 |3/3  |10100100 |2147


---------------
Opcode: BD
ll: 10 hh: EC
Instruction:LDA Addressing Mode:AbsoluteX - Operand (Value: "0x00", Address: "0xECA8")
Instruction cycle count set to 4
A |X |Y |SP |PC   |T/MT |NV-BDIZC |CYCLE
----------------------------------------
00|98|00|FE |EC07 |1/4  |00100110 |2148
00|98|00|FE |EC07 |2/4  |00100110 |2149
00|98|00|FE |EC07 |3/4  |00100110 |2150
00|98|00|FE |EC07 |4/4  |00100110 |2151


---------------
Opcode: 9D
ll: 00 hh: 07
Instruction:STA Addressing Mode:AbsoluteX - Operand (Value: "0x00", Address: "0x0798")
Writing value 0x00 to address: 0x0798
0x0798: 0x00
Instruction cycle count set to 5
A |X |Y |SP |PC   |T/MT |NV-BDIZC |CYCLE
----------------------------------------
00|98|00|FE |EC0A |1/5  |00100110 |2152
00|98|00|FE |EC0A |2/5  |00100110 |2153
00|98|00|FE |EC0A |3/5  |00100110 |2154
00|98|00|FE |EC0A |4/5  |00100110 |2155
00|98|00|FE |EC0A |5/5  |00100110 |2156


---------------
Opcode: E8
Instruction:INX Addressing Mode:Implied - Operand (Value: "None", Address: "None")
Instruction cycle count set to 2
A |X |Y |SP |PC   |T/MT |NV-BDIZC |CYCLE
----------------------------------------
00|99|00|FE |EC0B |1/2  |10100100 |2157
00|99|00|FE |EC0B |2/2  |10100100 |2158


---------------
Opcode: D0
ll: F7
Old PC: EC0D Offset:-9 New PC: EC04
Instruction:BNE Addressing Mode:Relative - Operand (Value: "None", Address: "0xEC04")
Instruction cycle count set to 2
A |X |Y |SP |PC   |T/MT |NV-BDIZC |CYCLE
----------------------------------------
00|99|00|FE |EC04 |1/3  |10100100 |2159
00|99|00|FE |EC04 |2/3  |10100100 |2160
00|99|00|FE |EC04 |3/3  |10100100 |2161


---------------
Opcode: BD
ll: 10 hh: EC
Instruction:LDA Addressing Mode:AbsoluteX - Operand (Value: "0x07", Address: "0xECA9")
Instruction cycle count set to 4
A |X |Y |SP |PC   |T/MT |NV-BDIZC |CYCLE
----------------------------------------
07|99|00|FE |EC07 |1/4  |00100100 |2162
07|99|00|FE |EC07 |2/4  |00100100 |2163
07|99|00|FE |EC07 |3/4  |00100100 |2164
07|99|00|FE |EC07 |4/4  |00100100 |2165


---------------
Opcode: 9D
ll: 00 hh: 07
Instruction:STA Addressing Mode:AbsoluteX - Operand (Value: "0x00", Address: "0x0799")
Writing value 0x07 to address: 0x0799
0x0799: 0x07
Instruction cycle count set to 5
A |X |Y |SP |PC   |T/MT |NV-BDIZC |CYCLE
----------------------------------------
07|99|00|FE |EC0A |1/5  |00100100 |2166
07|99|00|FE |EC0A |2/5  |00100100 |2167
07|99|00|FE |EC0A |3/5  |00100100 |2168
07|99|00|FE |EC0A |4/5  |00100100 |2169
07|99|00|FE |EC0A |5/5  |00100100 |2170


---------------
Opcode: E8
Instruction:INX Addressing Mode:Implied - Operand (Value: "None", Address: "None")
Instruction cycle count set to 2
A |X |Y |SP |PC   |T/MT |NV-BDIZC |CYCLE
----------------------------------------
07|9A|00|FE |EC0B |1/2  |10100100 |2171
07|9A|00|FE |EC0B |2/2  |10100100 |2172


---------------
Opcode: D0
ll: F7
Old PC: EC0D Offset:-9 New PC: EC04
Instruction:BNE Addressing Mode:Relative - Operand (Value: "None", Address: "0xEC04")
Instruction cycle count set to 2
A |X |Y |SP |PC   |T/MT |NV-BDIZC |CYCLE
----------------------------------------
07|9A|00|FE |EC04 |1/3  |10100100 |2173
07|9A|00|FE |EC04 |2/3  |10100100 |2174
07|9A|00|FE |EC04 |3/3  |10100100 |2175


---------------
Opcode: BD
ll: 10 hh: EC
Instruction:LDA Addressing Mode:AbsoluteX - Operand (Value: "0xAD", Address: "0xECAA")
Instruction cycle count set to 4
A |X |Y |SP |PC   |T/MT |NV-BDIZC |CYCLE
----------------------------------------
AD|9A|00|FE |EC07 |1/4  |10100100 |2176
AD|9A|00|FE |EC07 |2/4  |10100100 |2177
AD|9A|00|FE |EC07 |3/4  |10100100 |2178
AD|9A|00|FE |EC07 |4/4  |10100100 |2179


---------------
Opcode: 9D
ll: 00 hh: 07
Instruction:STA Addressing Mode:AbsoluteX - Operand (Value: "0x00", Address: "0x079A")
Writing value 0xAD to address: 0x079A
0x079A: 0xAD
Instruction cycle count set to 5
A |X |Y |SP |PC   |T/MT |NV-BDIZC |CYCLE
----------------------------------------
AD|9A|00|FE |EC0A |1/5  |10100100 |2180
AD|9A|00|FE |EC0A |2/5  |10100100 |2181
AD|9A|00|FE |EC0A |3/5  |10100100 |2182
AD|9A|00|FE |EC0A |4/5  |10100100 |2183
AD|9A|00|FE |EC0A |5/5  |10100100 |2184


---------------
Opcode: E8
Instruction:INX Addressing Mode:Implied - Operand (Value: "None", Address: "None")
Instruction cycle count set to 2
A |X |Y |SP |PC   |T/MT |NV-BDIZC |CYCLE
----------------------------------------
AD|9B|00|FE |EC0B |1/2  |10100100 |2185
AD|9B|00|FE |EC0B |2/2  |10100100 |2186


---------------
Opcode: D0
ll: F7
Old PC: EC0D Offset:-9 New PC: EC04
Instruction:BNE Addressing Mode:Relative - Operand (Value: "None", Address: "0xEC04")
Instruction cycle count set to 2
A |X |Y |SP |PC   |T/MT |NV-BDIZC |CYCLE
----------------------------------------
AD|9B|00|FE |EC04 |1/3  |10100100 |2187
AD|9B|00|FE |EC04 |2/3  |10100100 |2188
AD|9B|00|FE |EC04 |3/3  |10100100 |2189


---------------
Opcode: BD
ll: 10 hh: EC
Instruction:LDA Addressing Mode:AbsoluteX - Operand (Value: "0x24", Address: "0xECAB")
Instruction cycle count set to 4
A |X |Y |SP |PC   |T/MT |NV-BDIZC |CYCLE
----------------------------------------
24|9B|00|FE |EC07 |1/4  |00100100 |2190
24|9B|00|FE |EC07 |2/4  |00100100 |2191
24|9B|00|FE |EC07 |3/4  |00100100 |2192
24|9B|00|FE |EC07 |4/4  |00100100 |2193


---------------
Opcode: 9D
ll: 00 hh: 07
Instruction:STA Addressing Mode:AbsoluteX - Operand (Value: "0x00", Address: "0x079B")
Writing value 0x24 to address: 0x079B
0x079B: 0x24
Instruction cycle count set to 5
A |X |Y |SP |PC   |T/MT |NV-BDIZC |CYCLE
----------------------------------------
24|9B|00|FE |EC0A |1/5  |00100100 |2194
24|9B|00|FE |EC0A |2/5  |00100100 |2195
24|9B|00|FE |EC0A |3/5  |00100100 |2196
24|9B|00|FE |EC0A |4/5  |00100100 |2197
24|9B|00|FE |EC0A |5/5  |00100100 |2198


---------------
Opcode: E8
Instruction:INX Addressing Mode:Implied - Operand (Value: "None", Address: "None")
Instruction cycle count set to 2
A |X |Y |SP |PC   |T/MT |NV-BDIZC |CYCLE
----------------------------------------
24|9C|00|FE |EC0B |1/2  |10100100 |2199
24|9C|00|FE |EC0B |2/2  |10100100 |2200


---------------
Opcode: D0
ll: F7
Old PC: EC0D Offset:-9 New PC: EC04
Instruction:BNE Addressing Mode:Relative - Operand (Value: "None", Address: "0xEC04")
Instruction cycle count set to 2
A |X |Y |SP |PC   |T/MT |NV-BDIZC |CYCLE
----------------------------------------
24|9C|00|FE |EC04 |1/3  |10100100 |2201
24|9C|00|FE |EC04 |2/3  |10100100 |2202
24|9C|00|FE |EC04 |3/3  |10100100 |2203


---------------
Opcode: BD
ll: 10 hh: EC
Instruction:LDA Addressing Mode:AbsoluteX - Operand (Value: "0x02", Address: "0xECAC")
Instruction cycle count set to 4
A |X |Y |SP |PC   |T/MT |NV-BDIZC |CYCLE
----------------------------------------
02|9C|00|FE |EC07 |1/4  |00100100 |2204
02|9C|00|FE |EC07 |2/4  |00100100 |2205
02|9C|00|FE |EC07 |3/4  |00100100 |2206
02|9C|00|FE |EC07 |4/4  |00100100 |2207


---------------
Opcode: 9D
ll: 00 hh: 07
Instruction:STA Addressing Mode:AbsoluteX - Operand (Value: "0x00", Address: "0x079C")
Writing value 0x02 to address: 0x079C
0x079C: 0x02
Instruction cycle count set to 5
A |X |Y |SP |PC   |T/MT |NV-BDIZC |CYCLE
----------------------------------------
02|9C|00|FE |EC0A |1/5  |00100100 |2208
02|9C|00|FE |EC0A |2/5  |00100100 |2209
02|9C|00|FE |EC0A |3/5  |00100100 |2210
02|9C|00|FE |EC0A |4/5  |00100100 |2211
02|9C|00|FE |EC0A |5/5  |00100100 |2212


---------------
Opcode: E8
Instruction:INX Addressing Mode:Implied - Operand (Value: "None", Address: "None")
Instruction cycle count set to 2
A |X |Y |SP |PC   |T/MT |NV-BDIZC |CYCLE
----------------------------------------
02|9D|00|FE |EC0B |1/2  |10100100 |2213
02|9D|00|FE |EC0B |2/2  |10100100 |2214


---------------
Opcode: D0
ll: F7
Old PC: EC0D Offset:-9 New PC: EC04
Instruction:BNE Addressing Mode:Relative - Operand (Value: "None", Address: "0xEC04")
Instruction cycle count set to 2
A |X |Y |SP |PC   |T/MT |NV-BDIZC |CYCLE
----------------------------------------
02|9D|00|FE |EC04 |1/3  |10100100 |2215
02|9D|00|FE |EC04 |2/3  |10100100 |2216
02|9D|00|FE |EC04 |3/3  |10100100 |2217


---------------
Opcode: BD
ll: 10 hh: EC
Instruction:LDA Addressing Mode:AbsoluteX - Operand (Value: "0x09", Address: "0xECAD")
Instruction cycle count set to 4
A |X |Y |SP |PC   |T/MT |NV-BDIZC |CYCLE
----------------------------------------
09|9D|00|FE |EC07 |1/4  |00100100 |2218
09|9D|00|FE |EC07 |2/4  |00100100 |2219
09|9D|00|FE |EC07 |3/4  |00100100 |2220
09|9D|00|FE |EC07 |4/4  |00100100 |2221


---------------
Opcode: 9D
ll: 00 hh: 07
Instruction:STA Addressing Mode:AbsoluteX - Operand (Value: "0x00", Address: "0x079D")
Writing value 0x09 to address: 0x079D
0x079D: 0x09
Instruction cycle count set to 5
A |X |Y |SP |PC   |T/MT |NV-BDIZC |CYCLE
----------------------------------------
09|9D|00|FE |EC0A |1/5  |00100100 |2222
09|9D|00|FE |EC0A |2/5  |00100100 |2223
09|9D|00|FE |EC0A |3/5  |00100100 |2224
09|9D|00|FE |EC0A |4/5  |00100100 |2225
09|9D|00|FE |EC0A |5/5  |00100100 |2226


---------------
Opcode: E8
Instruction:INX Addressing Mode:Implied - Operand (Value: "None", Address: "None")
Instruction cycle count set to 2
A |X |Y |SP |PC   |T/MT |NV-BDIZC |CYCLE
----------------------------------------
09|9E|00|FE |EC0B |1/2  |10100100 |2227
09|9E|00|FE |EC0B |2/2  |10100100 |2228


---------------
Opcode: D0
ll: F7
Old PC: EC0D Offset:-9 New PC: EC04
Instruction:BNE Addressing Mode:Relative - Operand (Value: "None", Address: "0xEC04")
Instruction cycle count set to 2
A |X |Y |SP |PC   |T/MT |NV-BDIZC |CYCLE
----------------------------------------
09|9E|00|FE |EC04 |1/3  |10100100 |2229
09|9E|00|FE |EC04 |2/3  |10100100 |2230
09|9E|00|FE |EC04 |3/3  |10100100 |2231


---------------
Opcode: BD
ll: 10 hh: EC
Instruction:LDA Addressing Mode:AbsoluteX - Operand (Value: "0x40", Address: "0xECAE")
Instruction cycle count set to 4
A |X |Y |SP |PC   |T/MT |NV-BDIZC |CYCLE
----------------------------------------
40|9E|00|FE |EC07 |1/4  |00100100 |2232
40|9E|00|FE |EC07 |2/4  |00100100 |2233
40|9E|00|FE |EC07 |3/4  |00100100 |2234
40|9E|00|FE |EC07 |4/4  |00100100 |2235


---------------
Opcode: 9D
ll: 00 hh: 07
Instruction:STA Addressing Mode:AbsoluteX - Operand (Value: "0x00", Address: "0x079E")
Writing value 0x40 to address: 0x079E
0x079E: 0x40
Instruction cycle count set to 5
A |X |Y |SP |PC   |T/MT |NV-BDIZC |CYCLE
----------------------------------------
40|9E|00|FE |EC0A |1/5  |00100100 |2236
40|9E|00|FE |EC0A |2/5  |00100100 |2237
40|9E|00|FE |EC0A |3/5  |00100100 |2238
40|9E|00|FE |EC0A |4/5  |00100100 |2239
40|9E|00|FE |EC0A |5/5  |00100100 |2240


---------------
Opcode: E8
Instruction:INX Addressing Mode:Implied - Operand (Value: "None", Address: "None")
Instruction cycle count set to 2
A |X |Y |SP |PC   |T/MT |NV-BDIZC |CYCLE
----------------------------------------
40|9F|00|FE |EC0B |1/2  |10100100 |2241
40|9F|00|FE |EC0B |2/2  |10100100 |2242


---------------
Opcode: D0
ll: F7
Old PC: EC0D Offset:-9 New PC: EC04
Instruction:BNE Addressing Mode:Relative - Operand (Value: "None", Address: "0xEC04")
Instruction cycle count set to 2
A |X |Y |SP |PC   |T/MT |NV-BDIZC |CYCLE
----------------------------------------
40|9F|00|FE |EC04 |1/3  |10100100 |2243
40|9F|00|FE |EC04 |2/3  |10100100 |2244
40|9F|00|FE |EC04 |3/3  |10100100 |2245


---------------
Opcode: BD
ll: 10 hh: EC
Instruction:LDA Addressing Mode:AbsoluteX - Operand (Value: "0x8D", Address: "0xECAF")
Instruction cycle count set to 4
A |X |Y |SP |PC   |T/MT |NV-BDIZC |CYCLE
----------------------------------------
8D|9F|00|FE |EC07 |1/4  |10100100 |2246
8D|9F|00|FE |EC07 |2/4  |10100100 |2247
8D|9F|00|FE |EC07 |3/4  |10100100 |2248
8D|9F|00|FE |EC07 |4/4  |10100100 |2249


---------------
Opcode: 9D
ll: 00 hh: 07
Instruction:STA Addressing Mode:AbsoluteX - Operand (Value: "0x00", Address: "0x079F")
Writing value 0x8D to address: 0x079F
0x079F: 0x8D
Instruction cycle count set to 5
A |X |Y |SP |PC   |T/MT |NV-BDIZC |CYCLE
----------------------------------------
8D|9F|00|FE |EC0A |1/5  |10100100 |2250
8D|9F|00|FE |EC0A |2/5  |10100100 |2251
8D|9F|00|FE |EC0A |3/5  |10100100 |2252
8D|9F|00|FE |EC0A |4/5  |10100100 |2253
8D|9F|00|FE |EC0A |5/5  |10100100 |2254


---------------
Opcode: E8
Instruction:INX Addressing Mode:Implied - Operand (Value: "None", Address: "None")
Instruction cycle count set to 2
A |X |Y |SP |PC   |T/MT |NV-BDIZC |CYCLE
----------------------------------------
8D|A0|00|FE |EC0B |1/2  |10100100 |2255
8D|A0|00|FE |EC0B |2/2  |10100100 |2256


---------------
Opcode: D0
ll: F7
Old PC: EC0D Offset:-9 New PC: EC04
Instruction:BNE Addressing Mode:Relative - Operand (Value: "None", Address: "0xEC04")
Instruction cycle count set to 2
A |X |Y |SP |PC   |T/MT |NV-BDIZC |CYCLE
----------------------------------------
8D|A0|00|FE |EC04 |1/3  |10100100 |2257
8D|A0|00|FE |EC04 |2/3  |10100100 |2258
8D|A0|00|FE |EC04 |3/3  |10100100 |2259


---------------
Opcode: BD
ll: 10 hh: EC
Instruction:LDA Addressing Mode:AbsoluteX - Operand (Value: "0x00", Address: "0xECB0")
Instruction cycle count set to 4
A |X |Y |SP |PC   |T/MT |NV-BDIZC |CYCLE
----------------------------------------
00|A0|00|FE |EC07 |1/4  |00100110 |2260
00|A0|00|FE |EC07 |2/4  |00100110 |2261
00|A0|00|FE |EC07 |3/4  |00100110 |2262
00|A0|00|FE |EC07 |4/4  |00100110 |2263


---------------
Opcode: 9D
ll: 00 hh: 07
Instruction:STA Addressing Mode:AbsoluteX - Operand (Value: "0x00", Address: "0x07A0")
Writing value 0x00 to address: 0x07A0
0x07A0: 0x00
Instruction cycle count set to 5
A |X |Y |SP |PC   |T/MT |NV-BDIZC |CYCLE
----------------------------------------
00|A0|00|FE |EC0A |1/5  |00100110 |2264
00|A0|00|FE |EC0A |2/5  |00100110 |2265
00|A0|00|FE |EC0A |3/5  |00100110 |2266
00|A0|00|FE |EC0A |4/5  |00100110 |2267
00|A0|00|FE |EC0A |5/5  |00100110 |2268


---------------
Opcode: E8
Instruction:INX Addressing Mode:Implied - Operand (Value: "None", Address: "None")
Instruction cycle count set to 2
A |X |Y |SP |PC   |T/MT |NV-BDIZC |CYCLE
----------------------------------------
00|A1|00|FE |EC0B |1/2  |10100100 |2269
00|A1|00|FE |EC0B |2/2  |10100100 |2270


---------------
Opcode: D0
ll: F7
Old PC: EC0D Offset:-9 New PC: EC04
Instruction:BNE Addressing Mode:Relative - Operand (Value: "None", Address: "0xEC04")
Instruction cycle count set to 2
A |X |Y |SP |PC   |T/MT |NV-BDIZC |CYCLE
----------------------------------------
00|A1|00|FE |EC04 |1/3  |10100100 |2271
00|A1|00|FE |EC04 |2/3  |10100100 |2272
00|A1|00|FE |EC04 |3/3  |10100100 |2273


---------------
Opcode: BD
ll: 10 hh: EC
Instruction:LDA Addressing Mode:AbsoluteX - Operand (Value: "0xE0", Address: "0xECB1")
Instruction cycle count set to 4
A |X |Y |SP |PC   |T/MT |NV-BDIZC |CYCLE
----------------------------------------
E0|A1|00|FE |EC07 |1/4  |10100100 |2274
E0|A1|00|FE |EC07 |2/4  |10100100 |2275
E0|A1|00|FE |EC07 |3/4  |10100100 |2276
E0|A1|00|FE |EC07 |4/4  |10100100 |2277


---------------
Opcode: 9D
ll: 00 hh: 07
Instruction:STA Addressing Mode:AbsoluteX - Operand (Value: "0x00", Address: "0x07A1")
Writing value 0xE0 to address: 0x07A1
0x07A1: 0xE0
Instruction cycle count set to 5
A |X |Y |SP |PC   |T/MT |NV-BDIZC |CYCLE
----------------------------------------
E0|A1|00|FE |EC0A |1/5  |10100100 |2278
E0|A1|00|FE |EC0A |2/5  |10100100 |2279
E0|A1|00|FE |EC0A |3/5  |10100100 |2280
E0|A1|00|FE |EC0A |4/5  |10100100 |2281
E0|A1|00|FE |EC0A |5/5  |10100100 |2282


---------------
Opcode: E8
Instruction:INX Addressing Mode:Implied - Operand (Value: "None", Address: "None")
Instruction cycle count set to 2
A |X |Y |SP |PC   |T/MT |NV-BDIZC |CYCLE
----------------------------------------
E0|A2|00|FE |EC0B |1/2  |10100100 |2283
E0|A2|00|FE |EC0B |2/2  |10100100 |2284


---------------
Opcode: D0
ll: F7
Old PC: EC0D Offset:-9 New PC: EC04
Instruction:BNE Addressing Mode:Relative - Operand (Value: "None", Address: "0xEC04")
Instruction cycle count set to 2
A |X |Y |SP |PC   |T/MT |NV-BDIZC |CYCLE
----------------------------------------
E0|A2|00|FE |EC04 |1/3  |10100100 |2285
E0|A2|00|FE |EC04 |2/3  |10100100 |2286
E0|A2|00|FE |EC04 |3/3  |10100100 |2287


---------------
Opcode: BD
ll: 10 hh: EC
Instruction:LDA Addressing Mode:AbsoluteX - Operand (Value: "0x4A", Address: "0xECB2")
Instruction cycle count set to 4
A |X |Y |SP |PC   |T/MT |NV-BDIZC |CYCLE
----------------------------------------
4A|A2|00|FE |EC07 |1/4  |00100100 |2288
4A|A2|00|FE |EC07 |2/4  |00100100 |2289
4A|A2|00|FE |EC07 |3/4  |00100100 |2290
4A|A2|00|FE |EC07 |4/4  |00100100 |2291


---------------
Opcode: 9D
ll: 00 hh: 07
Instruction:STA Addressing Mode:AbsoluteX - Operand (Value: "0x00", Address: "0x07A2")
Writing value 0x4A to address: 0x07A2
0x07A2: 0x4A
Instruction cycle count set to 5
A |X |Y |SP |PC   |T/MT |NV-BDIZC |CYCLE
----------------------------------------
4A|A2|00|FE |EC0A |1/5  |00100100 |2292
4A|A2|00|FE |EC0A |2/5  |00100100 |2293
4A|A2|00|FE |EC0A |3/5  |00100100 |2294
4A|A2|00|FE |EC0A |4/5  |00100100 |2295
4A|A2|00|FE |EC0A |5/5  |00100100 |2296


---------------
Opcode: E8
Instruction:INX Addressing Mode:Implied - Operand (Value: "None", Address: "None")
Instruction cycle count set to 2
A |X |Y |SP |PC   |T/MT |NV-BDIZC |CYCLE
----------------------------------------
4A|A3|00|FE |EC0B |1/2  |10100100 |2297
4A|A3|00|FE |EC0B |2/2  |10100100 |2298


---------------
Opcode: D0
ll: F7
Old PC: EC0D Offset:-9 New PC: EC04
Instruction:BNE Addressing Mode:Relative - Operand (Value: "None", Address: "0xEC04")
Instruction cycle count set to 2
A |X |Y |SP |PC   |T/MT |NV-BDIZC |CYCLE
----------------------------------------
4A|A3|00|FE |EC04 |1/3  |10100100 |2299
4A|A3|00|FE |EC04 |2/3  |10100100 |2300
4A|A3|00|FE |EC04 |3/3  |10100100 |2301


---------------
Opcode: BD
ll: 10 hh: EC
Instruction:LDA Addressing Mode:AbsoluteX - Operand (Value: "0xC9", Address: "0xECB3")
Instruction cycle count set to 4
A |X |Y |SP |PC   |T/MT |NV-BDIZC |CYCLE
----------------------------------------
C9|A3|00|FE |EC07 |1/4  |10100100 |2302
C9|A3|00|FE |EC07 |2/4  |10100100 |2303
C9|A3|00|FE |EC07 |3/4  |10100100 |2304
C9|A3|00|FE |EC07 |4/4  |10100100 |2305


---------------
Opcode: 9D
ll: 00 hh: 07
Instruction:STA Addressing Mode:AbsoluteX - Operand (Value: "0x00", Address: "0x07A3")
Writing value 0xC9 to address: 0x07A3
0x07A3: 0xC9
Instruction cycle count set to 5
A |X |Y |SP |PC   |T/MT |NV-BDIZC |CYCLE
----------------------------------------
C9|A3|00|FE |EC0A |1/5  |10100100 |2306
C9|A3|00|FE |EC0A |2/5  |10100100 |2307
C9|A3|00|FE |EC0A |3/5  |10100100 |2308
C9|A3|00|FE |EC0A |4/5  |10100100 |2309
C9|A3|00|FE |EC0A |5/5  |10100100 |2310


---------------
Opcode: E8
Instruction:INX Addressing Mode:Implied - Operand (Value: "None", Address: "None")
Instruction cycle count set to 2
A |X |Y |SP |PC   |T/MT |NV-BDIZC |CYCLE
----------------------------------------
C9|A4|00|FE |EC0B |1/2  |10100100 |2311
C9|A4|00|FE |EC0B |2/2  |10100100 |2312


---------------
Opcode: D0
ll: F7
Old PC: EC0D Offset:-9 New PC: EC04
Instruction:BNE Addressing Mode:Relative - Operand (Value: "None", Address: "0xEC04")
Instruction cycle count set to 2
A |X |Y |SP |PC   |T/MT |NV-BDIZC |CYCLE
----------------------------------------
C9|A4|00|FE |EC04 |1/3  |10100100 |2313
C9|A4|00|FE |EC04 |2/3  |10100100 |2314
C9|A4|00|FE |EC04 |3/3  |10100100 |2315


---------------
Opcode: BD
ll: 10 hh: EC
Instruction:LDA Addressing Mode:AbsoluteX - Operand (Value: "0x02", Address: "0xECB4")
Instruction cycle count set to 4
A |X |Y |SP |PC   |T/MT |NV-BDIZC |CYCLE
----------------------------------------
02|A4|00|FE |EC07 |1/4  |00100100 |2316
02|A4|00|FE |EC07 |2/4  |00100100 |2317
02|A4|00|FE |EC07 |3/4  |00100100 |2318
02|A4|00|FE |EC07 |4/4  |00100100 |2319


---------------
Opcode: 9D
ll: 00 hh: 07
Instruction:STA Addressing Mode:AbsoluteX - Operand (Value: "0x00", Address: "0x07A4")
Writing value 0x02 to address: 0x07A4
0x07A4: 0x02
Instruction cycle count set to 5
A |X |Y |SP |PC   |T/MT |NV-BDIZC |CYCLE
----------------------------------------
02|A4|00|FE |EC0A |1/5  |00100100 |2320
02|A4|00|FE |EC0A |2/5  |00100100 |2321
02|A4|00|FE |EC0A |3/5  |00100100 |2322
02|A4|00|FE |EC0A |4/5  |00100100 |2323
02|A4|00|FE |EC0A |5/5  |00100100 |2324


---------------
Opcode: E8
Instruction:INX Addressing Mode:Implied - Operand (Value: "None", Address: "None")
Instruction cycle count set to 2
A |X |Y |SP |PC   |T/MT |NV-BDIZC |CYCLE
----------------------------------------
02|A5|00|FE |EC0B |1/2  |10100100 |2325
02|A5|00|FE |EC0B |2/2  |10100100 |2326


---------------
Opcode: D0
ll: F7
Old PC: EC0D Offset:-9 New PC: EC04
Instruction:BNE Addressing Mode:Relative - Operand (Value: "None", Address: "0xEC04")
Instruction cycle count set to 2
A |X |Y |SP |PC   |T/MT |NV-BDIZC |CYCLE
----------------------------------------
02|A5|00|FE |EC04 |1/3  |10100100 |2327
02|A5|00|FE |EC04 |2/3  |10100100 |2328
02|A5|00|FE |EC04 |3/3  |10100100 |2329


---------------
Opcode: BD
ll: 10 hh: EC
Instruction:LDA Addressing Mode:AbsoluteX - Operand (Value: "0xD0", Address: "0xECB5")
Instruction cycle count set to 4
A |X |Y |SP |PC   |T/MT |NV-BDIZC |CYCLE
----------------------------------------
D0|A5|00|FE |EC07 |1/4  |10100100 |2330
D0|A5|00|FE |EC07 |2/4  |10100100 |2331
D0|A5|00|FE |EC07 |3/4  |10100100 |2332
D0|A5|00|FE |EC07 |4/4  |10100100 |2333


---------------
Opcode: 9D
ll: 00 hh: 07
Instruction:STA Addressing Mode:AbsoluteX - Operand (Value: "0x00", Address: "0x07A5")
Writing value 0xD0 to address: 0x07A5
0x07A5: 0xD0
Instruction cycle count set to 5
A |X |Y |SP |PC   |T/MT |NV-BDIZC |CYCLE
----------------------------------------
D0|A5|00|FE |EC0A |1/5  |10100100 |2334
D0|A5|00|FE |EC0A |2/5  |10100100 |2335
D0|A5|00|FE |EC0A |3/5  |10100100 |2336
D0|A5|00|FE |EC0A |4/5  |10100100 |2337
D0|A5|00|FE |EC0A |5/5  |10100100 |2338


---------------
Opcode: E8
Instruction:INX Addressing Mode:Implied - Operand (Value: "None", Address: "None")
Instruction cycle count set to 2
A |X |Y |SP |PC   |T/MT |NV-BDIZC |CYCLE
----------------------------------------
D0|A6|00|FE |EC0B |1/2  |10100100 |2339
D0|A6|00|FE |EC0B |2/2  |10100100 |2340


---------------
Opcode: D0
ll: F7
Old PC: EC0D Offset:-9 New PC: EC04
Instruction:BNE Addressing Mode:Relative - Operand (Value: "None", Address: "0xEC04")
Instruction cycle count set to 2
A |X |Y |SP |PC   |T/MT |NV-BDIZC |CYCLE
----------------------------------------
D0|A6|00|FE |EC04 |1/3  |10100100 |2341
D0|A6|00|FE |EC04 |2/3  |10100100 |2342
D0|A6|00|FE |EC04 |3/3  |10100100 |2343


---------------
Opcode: BD
ll: 10 hh: EC
Instruction:LDA Addressing Mode:AbsoluteX - Operand (Value: "0xF8", Address: "0xECB6")
Instruction cycle count set to 4
A |X |Y |SP |PC   |T/MT |NV-BDIZC |CYCLE
----------------------------------------
F8|A6|00|FE |EC07 |1/4  |10100100 |2344
F8|A6|00|FE |EC07 |2/4  |10100100 |2345
F8|A6|00|FE |EC07 |3/4  |10100100 |2346
F8|A6|00|FE |EC07 |4/4  |10100100 |2347


---------------
Opcode: 9D
ll: 00 hh: 07
Instruction:STA Addressing Mode:AbsoluteX - Operand (Value: "0x00", Address: "0x07A6")
Writing value 0xF8 to address: 0x07A6
0x07A6: 0xF8
Instruction cycle count set to 5
A |X |Y |SP |PC   |T/MT |NV-BDIZC |CYCLE
----------------------------------------
F8|A6|00|FE |EC0A |1/5  |10100100 |2348
F8|A6|00|FE |EC0A |2/5  |10100100 |2349
F8|A6|00|FE |EC0A |3/5  |10100100 |2350
F8|A6|00|FE |EC0A |4/5  |10100100 |2351
F8|A6|00|FE |EC0A |5/5  |10100100 |2352


---------------
Opcode: E8
Instruction:INX Addressing Mode:Implied - Operand (Value: "None", Address: "None")
Instruction cycle count set to 2
A |X |Y |SP |PC   |T/MT |NV-BDIZC |CYCLE
----------------------------------------
F8|A7|00|FE |EC0B |1/2  |10100100 |2353
F8|A7|00|FE |EC0B |2/2  |10100100 |2354


---------------
Opcode: D0
ll: F7
Old PC: EC0D Offset:-9 New PC: EC04
Instruction:BNE Addressing Mode:Relative - Operand (Value: "None", Address: "0xEC04")
Instruction cycle count set to 2
A |X |Y |SP |PC   |T/MT |NV-BDIZC |CYCLE
----------------------------------------
F8|A7|00|FE |EC04 |1/3  |10100100 |2355
F8|A7|00|FE |EC04 |2/3  |10100100 |2356
F8|A7|00|FE |EC04 |3/3  |10100100 |2357


---------------
Opcode: BD
ll: 10 hh: EC
Instruction:LDA Addressing Mode:AbsoluteX - Operand (Value: "0x6C", Address: "0xECB7")
Instruction cycle count set to 4
A |X |Y |SP |PC   |T/MT |NV-BDIZC |CYCLE
----------------------------------------
6C|A7|00|FE |EC07 |1/4  |00100100 |2358
6C|A7|00|FE |EC07 |2/4  |00100100 |2359
6C|A7|00|FE |EC07 |3/4  |00100100 |2360
6C|A7|00|FE |EC07 |4/4  |00100100 |2361


---------------
Opcode: 9D
ll: 00 hh: 07
Instruction:STA Addressing Mode:AbsoluteX - Operand (Value: "0x00", Address: "0x07A7")
Writing value 0x6C to address: 0x07A7
0x07A7: 0x6C
Instruction cycle count set to 5
A |X |Y |SP |PC   |T/MT |NV-BDIZC |CYCLE
----------------------------------------
6C|A7|00|FE |EC0A |1/5  |00100100 |2362
6C|A7|00|FE |EC0A |2/5  |00100100 |2363
6C|A7|00|FE |EC0A |3/5  |00100100 |2364
6C|A7|00|FE |EC0A |4/5  |00100100 |2365
6C|A7|00|FE |EC0A |5/5  |00100100 |2366


---------------
Opcode: E8
Instruction:INX Addressing Mode:Implied - Operand (Value: "None", Address: "None")
Instruction cycle count set to 2
A |X |Y |SP |PC   |T/MT |NV-BDIZC |CYCLE
----------------------------------------
6C|A8|00|FE |EC0B |1/2  |10100100 |2367
6C|A8|00|FE |EC0B |2/2  |10100100 |2368


---------------
Opcode: D0
ll: F7
Old PC: EC0D Offset:-9 New PC: EC04
Instruction:BNE Addressing Mode:Relative - Operand (Value: "None", Address: "0xEC04")
Instruction cycle count set to 2
A |X |Y |SP |PC   |T/MT |NV-BDIZC |CYCLE
----------------------------------------
6C|A8|00|FE |EC04 |1/3  |10100100 |2369
6C|A8|00|FE |EC04 |2/3  |10100100 |2370
6C|A8|00|FE |EC04 |3/3  |10100100 |2371


---------------
Opcode: BD
ll: 10 hh: EC
Instruction:LDA Addressing Mode:AbsoluteX - Operand (Value: "0xF6", Address: "0xECB8")
Instruction cycle count set to 4
A |X |Y |SP |PC   |T/MT |NV-BDIZC |CYCLE
----------------------------------------
F6|A8|00|FE |EC07 |1/4  |10100100 |2372
F6|A8|00|FE |EC07 |2/4  |10100100 |2373
F6|A8|00|FE |EC07 |3/4  |10100100 |2374
F6|A8|00|FE |EC07 |4/4  |10100100 |2375


---------------
Opcode: 9D
ll: 00 hh: 07
Instruction:STA Addressing Mode:AbsoluteX - Operand (Value: "0x00", Address: "0x07A8")
Writing value 0xF6 to address: 0x07A8
0x07A8: 0xF6
Instruction cycle count set to 5
A |X |Y |SP |PC   |T/MT |NV-BDIZC |CYCLE
----------------------------------------
F6|A8|00|FE |EC0A |1/5  |10100100 |2376
F6|A8|00|FE |EC0A |2/5  |10100100 |2377
F6|A8|00|FE |EC0A |3/5  |10100100 |2378
F6|A8|00|FE |EC0A |4/5  |10100100 |2379
F6|A8|00|FE |EC0A |5/5  |10100100 |2380


---------------
Opcode: E8
Instruction:INX Addressing Mode:Implied - Operand (Value: "None", Address: "None")
Instruction cycle count set to 2
A |X |Y |SP |PC   |T/MT |NV-BDIZC |CYCLE
----------------------------------------
F6|A9|00|FE |EC0B |1/2  |10100100 |2381
F6|A9|00|FE |EC0B |2/2  |10100100 |2382


---------------
Opcode: D0
ll: F7
Old PC: EC0D Offset:-9 New PC: EC04
Instruction:BNE Addressing Mode:Relative - Operand (Value: "None", Address: "0xEC04")
Instruction cycle count set to 2
A |X |Y |SP |PC   |T/MT |NV-BDIZC |CYCLE
----------------------------------------
F6|A9|00|FE |EC04 |1/3  |10100100 |2383
F6|A9|00|FE |EC04 |2/3  |10100100 |2384
F6|A9|00|FE |EC04 |3/3  |10100100 |2385


---------------
Opcode: BD
ll: 10 hh: EC
Instruction:LDA Addressing Mode:AbsoluteX - Operand (Value: "0xFF", Address: "0xECB9")
Instruction cycle count set to 4
A |X |Y |SP |PC   |T/MT |NV-BDIZC |CYCLE
----------------------------------------
FF|A9|00|FE |EC07 |1/4  |10100100 |2386
FF|A9|00|FE |EC07 |2/4  |10100100 |2387
FF|A9|00|FE |EC07 |3/4  |10100100 |2388
FF|A9|00|FE |EC07 |4/4  |10100100 |2389


---------------
Opcode: 9D
ll: 00 hh: 07
Instruction:STA Addressing Mode:AbsoluteX - Operand (Value: "0x00", Address: "0x07A9")
Writing value 0xFF to address: 0x07A9
0x07A9: 0xFF
Instruction cycle count set to 5
A |X |Y |SP |PC   |T/MT |NV-BDIZC |CYCLE
----------------------------------------
FF|A9|00|FE |EC0A |1/5  |10100100 |2390
FF|A9|00|FE |EC0A |2/5  |10100100 |2391
FF|A9|00|FE |EC0A |3/5  |10100100 |2392
FF|A9|00|FE |EC0A |4/5  |10100100 |2393
FF|A9|00|FE |EC0A |5/5  |10100100 |2394


---------------
Opcode: E8
Instruction:INX Addressing Mode:Implied - Operand (Value: "None", Address: "None")
Instruction cycle count set to 2
A |X |Y |SP |PC   |T/MT |NV-BDIZC |CYCLE
----------------------------------------
FF|AA|00|FE |EC0B |1/2  |10100100 |2395
FF|AA|00|FE |EC0B |2/2  |10100100 |2396


---------------
Opcode: D0
ll: F7
Old PC: EC0D Offset:-9 New PC: EC04
Instruction:BNE Addressing Mode:Relative - Operand (Value: "None", Address: "0xEC04")
Instruction cycle count set to 2
A |X |Y |SP |PC   |T/MT |NV-BDIZC |CYCLE
----------------------------------------
FF|AA|00|FE |EC04 |1/3  |10100100 |2397
FF|AA|00|FE |EC04 |2/3  |10100100 |2398
FF|AA|00|FE |EC04 |3/3  |10100100 |2399


---------------
Opcode: BD
ll: 10 hh: EC
Instruction:LDA Addressing Mode:AbsoluteX - Operand (Value: "0x20", Address: "0xECBA")
Instruction cycle count set to 4
A |X |Y |SP |PC   |T/MT |NV-BDIZC |CYCLE
----------------------------------------
20|AA|00|FE |EC07 |1/4  |00100100 |2400
20|AA|00|FE |EC07 |2/4  |00100100 |2401
20|AA|00|FE |EC07 |3/4  |00100100 |2402
20|AA|00|FE |EC07 |4/4  |00100100 |2403


---------------
Opcode: 9D
ll: 00 hh: 07
Instruction:STA Addressing Mode:AbsoluteX - Operand (Value: "0x00", Address: "0x07AA")
Writing value 0x20 to address: 0x07AA
0x07AA: 0x20
Instruction cycle count set to 5
A |X |Y |SP |PC   |T/MT |NV-BDIZC |CYCLE
----------------------------------------
20|AA|00|FE |EC0A |1/5  |00100100 |2404
20|AA|00|FE |EC0A |2/5  |00100100 |2405
20|AA|00|FE |EC0A |3/5  |00100100 |2406
20|AA|00|FE |EC0A |4/5  |00100100 |2407
20|AA|00|FE |EC0A |5/5  |00100100 |2408


---------------
Opcode: E8
Instruction:INX Addressing Mode:Implied - Operand (Value: "None", Address: "None")
Instruction cycle count set to 2
A |X |Y |SP |PC   |T/MT |NV-BDIZC |CYCLE
----------------------------------------
20|AB|00|FE |EC0B |1/2  |10100100 |2409
20|AB|00|FE |EC0B |2/2  |10100100 |2410


---------------
Opcode: D0
ll: F7
Old PC: EC0D Offset:-9 New PC: EC04
Instruction:BNE Addressing Mode:Relative - Operand (Value: "None", Address: "0xEC04")
Instruction cycle count set to 2
A |X |Y |SP |PC   |T/MT |NV-BDIZC |CYCLE
----------------------------------------
20|AB|00|FE |EC04 |1/3  |10100100 |2411
20|AB|00|FE |EC04 |2/3  |10100100 |2412
20|AB|00|FE |EC04 |3/3  |10100100 |2413


---------------
Opcode: BD
ll: 10 hh: EC
Instruction:LDA Addressing Mode:AbsoluteX - Operand (Value: "0xA2", Address: "0xECBB")
Instruction cycle count set to 4
A |X |Y |SP |PC   |T/MT |NV-BDIZC |CYCLE
----------------------------------------
A2|AB|00|FE |EC07 |1/4  |10100100 |2414
A2|AB|00|FE |EC07 |2/4  |10100100 |2415
A2|AB|00|FE |EC07 |3/4  |10100100 |2416
A2|AB|00|FE |EC07 |4/4  |10100100 |2417


---------------
Opcode: 9D
ll: 00 hh: 07
Instruction:STA Addressing Mode:AbsoluteX - Operand (Value: "0x00", Address: "0x07AB")
Writing value 0xA2 to address: 0x07AB
0x07AB: 0xA2
Instruction cycle count set to 5
A |X |Y |SP |PC   |T/MT |NV-BDIZC |CYCLE
----------------------------------------
A2|AB|00|FE |EC0A |1/5  |10100100 |2418
A2|AB|00|FE |EC0A |2/5  |10100100 |2419
A2|AB|00|FE |EC0A |3/5  |10100100 |2420
A2|AB|00|FE |EC0A |4/5  |10100100 |2421
A2|AB|00|FE |EC0A |5/5  |10100100 |2422


---------------
Opcode: E8
Instruction:INX Addressing Mode:Implied - Operand (Value: "None", Address: "None")
Instruction cycle count set to 2
A |X |Y |SP |PC   |T/MT |NV-BDIZC |CYCLE
----------------------------------------
A2|AC|00|FE |EC0B |1/2  |10100100 |2423
A2|AC|00|FE |EC0B |2/2  |10100100 |2424


---------------
Opcode: D0
ll: F7
Old PC: EC0D Offset:-9 New PC: EC04
Instruction:BNE Addressing Mode:Relative - Operand (Value: "None", Address: "0xEC04")
Instruction cycle count set to 2
A |X |Y |SP |PC   |T/MT |NV-BDIZC |CYCLE
----------------------------------------
A2|AC|00|FE |EC04 |1/3  |10100100 |2425
A2|AC|00|FE |EC04 |2/3  |10100100 |2426
A2|AC|00|FE |EC04 |3/3  |10100100 |2427


---------------
Opcode: BD
ll: 10 hh: EC
Instruction:LDA Addressing Mode:AbsoluteX - Operand (Value: "0xE7", Address: "0xECBC")
Instruction cycle count set to 4
A |X |Y |SP |PC   |T/MT |NV-BDIZC |CYCLE
----------------------------------------
E7|AC|00|FE |EC07 |1/4  |10100100 |2428
E7|AC|00|FE |EC07 |2/4  |10100100 |2429
E7|AC|00|FE |EC07 |3/4  |10100100 |2430
E7|AC|00|FE |EC07 |4/4  |10100100 |2431


---------------
Opcode: 9D
ll: 00 hh: 07
Instruction:STA Addressing Mode:AbsoluteX - Operand (Value: "0x00", Address: "0x07AC")
Writing value 0xE7 to address: 0x07AC
0x07AC: 0xE7
Instruction cycle count set to 5
A |X |Y |SP |PC   |T/MT |NV-BDIZC |CYCLE
----------------------------------------
E7|AC|00|FE |EC0A |1/5  |10100100 |2432
E7|AC|00|FE |EC0A |2/5  |10100100 |2433
E7|AC|00|FE |EC0A |3/5  |10100100 |2434
E7|AC|00|FE |EC0A |4/5  |10100100 |2435
E7|AC|00|FE |EC0A |5/5  |10100100 |2436


---------------
Opcode: E8
Instruction:INX Addressing Mode:Implied - Operand (Value: "None", Address: "None")
Instruction cycle count set to 2
A |X |Y |SP |PC   |T/MT |NV-BDIZC |CYCLE
----------------------------------------
E7|AD|00|FE |EC0B |1/2  |10100100 |2437
E7|AD|00|FE |EC0B |2/2  |10100100 |2438


---------------
Opcode: D0
ll: F7
Old PC: EC0D Offset:-9 New PC: EC04
Instruction:BNE Addressing Mode:Relative - Operand (Value: "None", Address: "0xEC04")
Instruction cycle count set to 2
A |X |Y |SP |PC   |T/MT |NV-BDIZC |CYCLE
----------------------------------------
E7|AD|00|FE |EC04 |1/3  |10100100 |2439
E7|AD|00|FE |EC04 |2/3  |10100100 |2440
E7|AD|00|FE |EC04 |3/3  |10100100 |2441


---------------
Opcode: BD
ll: 10 hh: EC
Instruction:LDA Addressing Mode:AbsoluteX - Operand (Value: "0x20", Address: "0xECBD")
Instruction cycle count set to 4
A |X |Y |SP |PC   |T/MT |NV-BDIZC |CYCLE
----------------------------------------
20|AD|00|FE |EC07 |1/4  |00100100 |2442
20|AD|00|FE |EC07 |2/4  |00100100 |2443
20|AD|00|FE |EC07 |3/4  |00100100 |2444
20|AD|00|FE |EC07 |4/4  |00100100 |2445


---------------
Opcode: 9D
ll: 00 hh: 07
Instruction:STA Addressing Mode:AbsoluteX - Operand (Value: "0x00", Address: "0x07AD")
Writing value 0x20 to address: 0x07AD
0x07AD: 0x20
Instruction cycle count set to 5
A |X |Y |SP |PC   |T/MT |NV-BDIZC |CYCLE
----------------------------------------
20|AD|00|FE |EC0A |1/5  |00100100 |2446
20|AD|00|FE |EC0A |2/5  |00100100 |2447
20|AD|00|FE |EC0A |3/5  |00100100 |2448
20|AD|00|FE |EC0A |4/5  |00100100 |2449
20|AD|00|FE |EC0A |5/5  |00100100 |2450


---------------
Opcode: E8
Instruction:INX Addressing Mode:Implied - Operand (Value: "None", Address: "None")
Instruction cycle count set to 2
A |X |Y |SP |PC   |T/MT |NV-BDIZC |CYCLE
----------------------------------------
20|AE|00|FE |EC0B |1/2  |10100100 |2451
20|AE|00|FE |EC0B |2/2  |10100100 |2452


---------------
Opcode: D0
ll: F7
Old PC: EC0D Offset:-9 New PC: EC04
Instruction:BNE Addressing Mode:Relative - Operand (Value: "None", Address: "0xEC04")
Instruction cycle count set to 2
A |X |Y |SP |PC   |T/MT |NV-BDIZC |CYCLE
----------------------------------------
20|AE|00|FE |EC04 |1/3  |10100100 |2453
20|AE|00|FE |EC04 |2/3  |10100100 |2454
20|AE|00|FE |EC04 |3/3  |10100100 |2455


---------------
Opcode: BD
ll: 10 hh: EC
Instruction:LDA Addressing Mode:AbsoluteX - Operand (Value: "0x01", Address: "0xECBE")
Instruction cycle count set to 4
A |X |Y |SP |PC   |T/MT |NV-BDIZC |CYCLE
----------------------------------------
01|AE|00|FE |EC07 |1/4  |00100100 |2456
01|AE|00|FE |EC07 |2/4  |00100100 |2457
01|AE|00|FE |EC07 |3/4  |00100100 |2458
01|AE|00|FE |EC07 |4/4  |00100100 |2459


---------------
Opcode: 9D
ll: 00 hh: 07
Instruction:STA Addressing Mode:AbsoluteX - Operand (Value: "0x00", Address: "0x07AE")
Writing value 0x01 to address: 0x07AE
0x07AE: 0x01
Instruction cycle count set to 5
A |X |Y |SP |PC   |T/MT |NV-BDIZC |CYCLE
----------------------------------------
01|AE|00|FE |EC0A |1/5  |00100100 |2460
01|AE|00|FE |EC0A |2/5  |00100100 |2461
01|AE|00|FE |EC0A |3/5  |00100100 |2462
01|AE|00|FE |EC0A |4/5  |00100100 |2463
01|AE|00|FE |EC0A |5/5  |00100100 |2464


---------------
Opcode: E8
Instruction:INX Addressing Mode:Implied - Operand (Value: "None", Address: "None")
Instruction cycle count set to 2
A |X |Y |SP |PC   |T/MT |NV-BDIZC |CYCLE
----------------------------------------
01|AF|00|FE |EC0B |1/2  |10100100 |2465
01|AF|00|FE |EC0B |2/2  |10100100 |2466


---------------
Opcode: D0
ll: F7
Old PC: EC0D Offset:-9 New PC: EC04
Instruction:BNE Addressing Mode:Relative - Operand (Value: "None", Address: "0xEC04")
Instruction cycle count set to 2
A |X |Y |SP |PC   |T/MT |NV-BDIZC |CYCLE
----------------------------------------
01|AF|00|FE |EC04 |1/3  |10100100 |2467
01|AF|00|FE |EC04 |2/3  |10100100 |2468
01|AF|00|FE |EC04 |3/3  |10100100 |2469


---------------
Opcode: BD
ll: 10 hh: EC
Instruction:LDA Addressing Mode:AbsoluteX - Operand (Value: "0xE6", Address: "0xECBF")
Instruction cycle count set to 4
A |X |Y |SP |PC   |T/MT |NV-BDIZC |CYCLE
----------------------------------------
E6|AF|00|FE |EC07 |1/4  |10100100 |2470
E6|AF|00|FE |EC07 |2/4  |10100100 |2471
E6|AF|00|FE |EC07 |3/4  |10100100 |2472
E6|AF|00|FE |EC07 |4/4  |10100100 |2473


---------------
Opcode: 9D
ll: 00 hh: 07
Instruction:STA Addressing Mode:AbsoluteX - Operand (Value: "0x00", Address: "0x07AF")
Writing value 0xE6 to address: 0x07AF
0x07AF: 0xE6
Instruction cycle count set to 5
A |X |Y |SP |PC   |T/MT |NV-BDIZC |CYCLE
----------------------------------------
E6|AF|00|FE |EC0A |1/5  |10100100 |2474
E6|AF|00|FE |EC0A |2/5  |10100100 |2475
E6|AF|00|FE |EC0A |3/5  |10100100 |2476
E6|AF|00|FE |EC0A |4/5  |10100100 |2477
E6|AF|00|FE |EC0A |5/5  |10100100 |2478


---------------
Opcode: E8
Instruction:INX Addressing Mode:Implied - Operand (Value: "None", Address: "None")
Instruction cycle count set to 2
A |X |Y |SP |PC   |T/MT |NV-BDIZC |CYCLE
----------------------------------------
E6|B0|00|FE |EC0B |1/2  |10100100 |2479
E6|B0|00|FE |EC0B |2/2  |10100100 |2480


---------------
Opcode: D0
ll: F7
Old PC: EC0D Offset:-9 New PC: EC04
Instruction:BNE Addressing Mode:Relative - Operand (Value: "None", Address: "0xEC04")
Instruction cycle count set to 2
A |X |Y |SP |PC   |T/MT |NV-BDIZC |CYCLE
----------------------------------------
E6|B0|00|FE |EC04 |1/3  |10100100 |2481
E6|B0|00|FE |EC04 |2/3  |10100100 |2482
E6|B0|00|FE |EC04 |3/3  |10100100 |2483


---------------
Opcode: BD
ll: 10 hh: EC
Instruction:LDA Addressing Mode:AbsoluteX - Operand (Value: "0x41", Address: "0xECC0")
Instruction cycle count set to 4
A |X |Y |SP |PC   |T/MT |NV-BDIZC |CYCLE
----------------------------------------
41|B0|00|FE |EC07 |1/4  |00100100 |2484
41|B0|00|FE |EC07 |2/4  |00100100 |2485
41|B0|00|FE |EC07 |3/4  |00100100 |2486
41|B0|00|FE |EC07 |4/4  |00100100 |2487


---------------
Opcode: 9D
ll: 00 hh: 07
Instruction:STA Addressing Mode:AbsoluteX - Operand (Value: "0x00", Address: "0x07B0")
Writing value 0x41 to address: 0x07B0
0x07B0: 0x41
Instruction cycle count set to 5
A |X |Y |SP |PC   |T/MT |NV-BDIZC |CYCLE
----------------------------------------
41|B0|00|FE |EC0A |1/5  |00100100 |2488
41|B0|00|FE |EC0A |2/5  |00100100 |2489
41|B0|00|FE |EC0A |3/5  |00100100 |2490
41|B0|00|FE |EC0A |4/5  |00100100 |2491
41|B0|00|FE |EC0A |5/5  |00100100 |2492


---------------
Opcode: E8
Instruction:INX Addressing Mode:Implied - Operand (Value: "None", Address: "None")
Instruction cycle count set to 2
A |X |Y |SP |PC   |T/MT |NV-BDIZC |CYCLE
----------------------------------------
41|B1|00|FE |EC0B |1/2  |10100100 |2493
41|B1|00|FE |EC0B |2/2  |10100100 |2494


---------------
Opcode: D0
ll: F7
Old PC: EC0D Offset:-9 New PC: EC04
Instruction:BNE Addressing Mode:Relative - Operand (Value: "None", Address: "0xEC04")
Instruction cycle count set to 2
A |X |Y |SP |PC   |T/MT |NV-BDIZC |CYCLE
----------------------------------------
41|B1|00|FE |EC04 |1/3  |10100100 |2495
41|B1|00|FE |EC04 |2/3  |10100100 |2496
41|B1|00|FE |EC04 |3/3  |10100100 |2497


---------------
Opcode: BD
ll: 10 hh: EC
Instruction:LDA Addressing Mode:AbsoluteX - Operand (Value: "0x6C", Address: "0xECC1")
Instruction cycle count set to 4
A |X |Y |SP |PC   |T/MT |NV-BDIZC |CYCLE
----------------------------------------
6C|B1|00|FE |EC07 |1/4  |00100100 |2498
6C|B1|00|FE |EC07 |2/4  |00100100 |2499
6C|B1|00|FE |EC07 |3/4  |00100100 |2500
6C|B1|00|FE |EC07 |4/4  |00100100 |2501


---------------
Opcode: 9D
ll: 00 hh: 07
Instruction:STA Addressing Mode:AbsoluteX - Operand (Value: "0x00", Address: "0x07B1")
Writing value 0x6C to address: 0x07B1
0x07B1: 0x6C
Instruction cycle count set to 5
A |X |Y |SP |PC   |T/MT |NV-BDIZC |CYCLE
----------------------------------------
6C|B1|00|FE |EC0A |1/5  |00100100 |2502
6C|B1|00|FE |EC0A |2/5  |00100100 |2503
6C|B1|00|FE |EC0A |3/5  |00100100 |2504
6C|B1|00|FE |EC0A |4/5  |00100100 |2505
6C|B1|00|FE |EC0A |5/5  |00100100 |2506


---------------
Opcode: E8
Instruction:INX Addressing Mode:Implied - Operand (Value: "None", Address: "None")
Instruction cycle count set to 2
A |X |Y |SP |PC   |T/MT |NV-BDIZC |CYCLE
----------------------------------------
6C|B2|00|FE |EC0B |1/2  |10100100 |2507
6C|B2|00|FE |EC0B |2/2  |10100100 |2508


---------------
Opcode: D0
ll: F7
Old PC: EC0D Offset:-9 New PC: EC04
Instruction:BNE Addressing Mode:Relative - Operand (Value: "None", Address: "0xEC04")
Instruction cycle count set to 2
A |X |Y |SP |PC   |T/MT |NV-BDIZC |CYCLE
----------------------------------------
6C|B2|00|FE |EC04 |1/3  |10100100 |2509
6C|B2|00|FE |EC04 |2/3  |10100100 |2510
6C|B2|00|FE |EC04 |3/3  |10100100 |2511


---------------
Opcode: BD
ll: 10 hh: EC
Instruction:LDA Addressing Mode:AbsoluteX - Operand (Value: "0x6C", Address: "0xECC2")
Instruction cycle count set to 4
A |X |Y |SP |PC   |T/MT |NV-BDIZC |CYCLE
----------------------------------------
6C|B2|00|FE |EC07 |1/4  |00100100 |2512
6C|B2|00|FE |EC07 |2/4  |00100100 |2513
6C|B2|00|FE |EC07 |3/4  |00100100 |2514
6C|B2|00|FE |EC07 |4/4  |00100100 |2515


---------------
Opcode: 9D
ll: 00 hh: 07
Instruction:STA Addressing Mode:AbsoluteX - Operand (Value: "0x00", Address: "0x07B2")
Writing value 0x6C to address: 0x07B2
0x07B2: 0x6C
Instruction cycle count set to 5
A |X |Y |SP |PC   |T/MT |NV-BDIZC |CYCLE
----------------------------------------
6C|B2|00|FE |EC0A |1/5  |00100100 |2516
6C|B2|00|FE |EC0A |2/5  |00100100 |2517
6C|B2|00|FE |EC0A |3/5  |00100100 |2518
6C|B2|00|FE |EC0A |4/5  |00100100 |2519
6C|B2|00|FE |EC0A |5/5  |00100100 |2520


---------------
Opcode: E8
Instruction:INX Addressing Mode:Implied - Operand (Value: "None", Address: "None")
Instruction cycle count set to 2
A |X |Y |SP |PC   |T/MT |NV-BDIZC |CYCLE
----------------------------------------
6C|B3|00|FE |EC0B |1/2  |10100100 |2521
6C|B3|00|FE |EC0B |2/2  |10100100 |2522


---------------
Opcode: D0
ll: F7
Old PC: EC0D Offset:-9 New PC: EC04
Instruction:BNE Addressing Mode:Relative - Operand (Value: "None", Address: "0xEC04")
Instruction cycle count set to 2
A |X |Y |SP |PC   |T/MT |NV-BDIZC |CYCLE
----------------------------------------
6C|B3|00|FE |EC04 |1/3  |10100100 |2523
6C|B3|00|FE |EC04 |2/3  |10100100 |2524
6C|B3|00|FE |EC04 |3/3  |10100100 |2525


---------------
Opcode: BD
ll: 10 hh: EC
Instruction:LDA Addressing Mode:AbsoluteX - Operand (Value: "0x20", Address: "0xECC3")
Instruction cycle count set to 4
A |X |Y |SP |PC   |T/MT |NV-BDIZC |CYCLE
----------------------------------------
20|B3|00|FE |EC07 |1/4  |00100100 |2526
20|B3|00|FE |EC07 |2/4  |00100100 |2527
20|B3|00|FE |EC07 |3/4  |00100100 |2528
20|B3|00|FE |EC07 |4/4  |00100100 |2529


---------------
Opcode: 9D
ll: 00 hh: 07
Instruction:STA Addressing Mode:AbsoluteX - Operand (Value: "0x00", Address: "0x07B3")
Writing value 0x20 to address: 0x07B3
0x07B3: 0x20
Instruction cycle count set to 5
A |X |Y |SP |PC   |T/MT |NV-BDIZC |CYCLE
----------------------------------------
20|B3|00|FE |EC0A |1/5  |00100100 |2530
20|B3|00|FE |EC0A |2/5  |00100100 |2531
20|B3|00|FE |EC0A |3/5  |00100100 |2532
20|B3|00|FE |EC0A |4/5  |00100100 |2533
20|B3|00|FE |EC0A |5/5  |00100100 |2534


---------------
Opcode: E8
Instruction:INX Addressing Mode:Implied - Operand (Value: "None", Address: "None")
Instruction cycle count set to 2
A |X |Y |SP |PC   |T/MT |NV-BDIZC |CYCLE
----------------------------------------
20|B4|00|FE |EC0B |1/2  |10100100 |2535
20|B4|00|FE |EC0B |2/2  |10100100 |2536


---------------
Opcode: D0
ll: F7
Old PC: EC0D Offset:-9 New PC: EC04
Instruction:BNE Addressing Mode:Relative - Operand (Value: "None", Address: "0xEC04")
Instruction cycle count set to 2
A |X |Y |SP |PC   |T/MT |NV-BDIZC |CYCLE
----------------------------------------
20|B4|00|FE |EC04 |1/3  |10100100 |2537
20|B4|00|FE |EC04 |2/3  |10100100 |2538
20|B4|00|FE |EC04 |3/3  |10100100 |2539


---------------
Opcode: BD
ll: 10 hh: EC
Instruction:LDA Addressing Mode:AbsoluteX - Operand (Value: "0x31", Address: "0xECC4")
Instruction cycle count set to 4
A |X |Y |SP |PC   |T/MT |NV-BDIZC |CYCLE
----------------------------------------
31|B4|00|FE |EC07 |1/4  |00100100 |2540
31|B4|00|FE |EC07 |2/4  |00100100 |2541
31|B4|00|FE |EC07 |3/4  |00100100 |2542
31|B4|00|FE |EC07 |4/4  |00100100 |2543


---------------
Opcode: 9D
ll: 00 hh: 07
Instruction:STA Addressing Mode:AbsoluteX - Operand (Value: "0x00", Address: "0x07B4")
Writing value 0x31 to address: 0x07B4
0x07B4: 0x31
Instruction cycle count set to 5
A |X |Y |SP |PC   |T/MT |NV-BDIZC |CYCLE
----------------------------------------
31|B4|00|FE |EC0A |1/5  |00100100 |2544
31|B4|00|FE |EC0A |2/5  |00100100 |2545
31|B4|00|FE |EC0A |3/5  |00100100 |2546
31|B4|00|FE |EC0A |4/5  |00100100 |2547
31|B4|00|FE |EC0A |5/5  |00100100 |2548


---------------
Opcode: E8
Instruction:INX Addressing Mode:Implied - Operand (Value: "None", Address: "None")
Instruction cycle count set to 2
A |X |Y |SP |PC   |T/MT |NV-BDIZC |CYCLE
----------------------------------------
31|B5|00|FE |EC0B |1/2  |10100100 |2549
31|B5|00|FE |EC0B |2/2  |10100100 |2550


---------------
Opcode: D0
ll: F7
Old PC: EC0D Offset:-9 New PC: EC04
Instruction:BNE Addressing Mode:Relative - Operand (Value: "None", Address: "0xEC04")
Instruction cycle count set to 2
A |X |Y |SP |PC   |T/MT |NV-BDIZC |CYCLE
----------------------------------------
31|B5|00|FE |EC04 |1/3  |10100100 |2551
31|B5|00|FE |EC04 |2/3  |10100100 |2552
31|B5|00|FE |EC04 |3/3  |10100100 |2553


---------------
Opcode: BD
ll: 10 hh: EC
Instruction:LDA Addressing Mode:AbsoluteX - Operand (Value: "0x36", Address: "0xECC5")
Instruction cycle count set to 4
A |X |Y |SP |PC   |T/MT |NV-BDIZC |CYCLE
----------------------------------------
36|B5|00|FE |EC07 |1/4  |00100100 |2554
36|B5|00|FE |EC07 |2/4  |00100100 |2555
36|B5|00|FE |EC07 |3/4  |00100100 |2556
36|B5|00|FE |EC07 |4/4  |00100100 |2557


---------------
Opcode: 9D
ll: 00 hh: 07
Instruction:STA Addressing Mode:AbsoluteX - Operand (Value: "0x00", Address: "0x07B5")
Writing value 0x36 to address: 0x07B5
0x07B5: 0x36
Instruction cycle count set to 5
A |X |Y |SP |PC   |T/MT |NV-BDIZC |CYCLE
----------------------------------------
36|B5|00|FE |EC0A |1/5  |00100100 |2558
36|B5|00|FE |EC0A |2/5  |00100100 |2559
36|B5|00|FE |EC0A |3/5  |00100100 |2560
36|B5|00|FE |EC0A |4/5  |00100100 |2561
36|B5|00|FE |EC0A |5/5  |00100100 |2562


---------------
Opcode: E8
Instruction:INX Addressing Mode:Implied - Operand (Value: "None", Address: "None")
Instruction cycle count set to 2
A |X |Y |SP |PC   |T/MT |NV-BDIZC |CYCLE
----------------------------------------
36|B6|00|FE |EC0B |1/2  |10100100 |2563
36|B6|00|FE |EC0B |2/2  |10100100 |2564


---------------
Opcode: D0
ll: F7
Old PC: EC0D Offset:-9 New PC: EC04
Instruction:BNE Addressing Mode:Relative - Operand (Value: "None", Address: "0xEC04")
Instruction cycle count set to 2
A |X |Y |SP |PC   |T/MT |NV-BDIZC |CYCLE
----------------------------------------
36|B6|00|FE |EC04 |1/3  |10100100 |2565
36|B6|00|FE |EC04 |2/3  |10100100 |2566
36|B6|00|FE |EC04 |3/3  |10100100 |2567


---------------
Opcode: BD
ll: 10 hh: EC
Instruction:LDA Addressing Mode:AbsoluteX - Operand (Value: "0x20", Address: "0xECC6")
Instruction cycle count set to 4
A |X |Y |SP |PC   |T/MT |NV-BDIZC |CYCLE
----------------------------------------
20|B6|00|FE |EC07 |1/4  |00100100 |2568
20|B6|00|FE |EC07 |2/4  |00100100 |2569
20|B6|00|FE |EC07 |3/4  |00100100 |2570
20|B6|00|FE |EC07 |4/4  |00100100 |2571


---------------
Opcode: 9D
ll: 00 hh: 07
Instruction:STA Addressing Mode:AbsoluteX - Operand (Value: "0x00", Address: "0x07B6")
Writing value 0x20 to address: 0x07B6
0x07B6: 0x20
Instruction cycle count set to 5
A |X |Y |SP |PC   |T/MT |NV-BDIZC |CYCLE
----------------------------------------
20|B6|00|FE |EC0A |1/5  |00100100 |2572
20|B6|00|FE |EC0A |2/5  |00100100 |2573
20|B6|00|FE |EC0A |3/5  |00100100 |2574
20|B6|00|FE |EC0A |4/5  |00100100 |2575
20|B6|00|FE |EC0A |5/5  |00100100 |2576


---------------
Opcode: E8
Instruction:INX Addressing Mode:Implied - Operand (Value: "None", Address: "None")
Instruction cycle count set to 2
A |X |Y |SP |PC   |T/MT |NV-BDIZC |CYCLE
----------------------------------------
20|B7|00|FE |EC0B |1/2  |10100100 |2577
20|B7|00|FE |EC0B |2/2  |10100100 |2578


---------------
Opcode: D0
ll: F7
Old PC: EC0D Offset:-9 New PC: EC04
Instruction:BNE Addressing Mode:Relative - Operand (Value: "None", Address: "0xEC04")
Instruction cycle count set to 2
A |X |Y |SP |PC   |T/MT |NV-BDIZC |CYCLE
----------------------------------------
20|B7|00|FE |EC04 |1/3  |10100100 |2579
20|B7|00|FE |EC04 |2/3  |10100100 |2580
20|B7|00|FE |EC04 |3/3  |10100100 |2581


---------------
Opcode: BD
ll: 10 hh: EC
Instruction:LDA Addressing Mode:AbsoluteX - Operand (Value: "0x74", Address: "0xECC7")
Instruction cycle count set to 4
A |X |Y |SP |PC   |T/MT |NV-BDIZC |CYCLE
----------------------------------------
74|B7|00|FE |EC07 |1/4  |00100100 |2582
74|B7|00|FE |EC07 |2/4  |00100100 |2583
74|B7|00|FE |EC07 |3/4  |00100100 |2584
74|B7|00|FE |EC07 |4/4  |00100100 |2585


---------------
Opcode: 9D
ll: 00 hh: 07
Instruction:STA Addressing Mode:AbsoluteX - Operand (Value: "0x00", Address: "0x07B7")
Writing value 0x74 to address: 0x07B7
0x07B7: 0x74
Instruction cycle count set to 5
A |X |Y |SP |PC   |T/MT |NV-BDIZC |CYCLE
----------------------------------------
74|B7|00|FE |EC0A |1/5  |00100100 |2586
74|B7|00|FE |EC0A |2/5  |00100100 |2587
74|B7|00|FE |EC0A |3/5  |00100100 |2588
74|B7|00|FE |EC0A |4/5  |00100100 |2589
74|B7|00|FE |EC0A |5/5  |00100100 |2590


---------------
Opcode: E8
Instruction:INX Addressing Mode:Implied - Operand (Value: "None", Address: "None")
Instruction cycle count set to 2
A |X |Y |SP |PC   |T/MT |NV-BDIZC |CYCLE
----------------------------------------
74|B8|00|FE |EC0B |1/2  |10100100 |2591
74|B8|00|FE |EC0B |2/2  |10100100 |2592


---------------
Opcode: D0
ll: F7
Old PC: EC0D Offset:-9 New PC: EC04
Instruction:BNE Addressing Mode:Relative - Operand (Value: "None", Address: "0xEC04")
Instruction cycle count set to 2
A |X |Y |SP |PC   |T/MT |NV-BDIZC |CYCLE
----------------------------------------
74|B8|00|FE |EC04 |1/3  |10100100 |2593
74|B8|00|FE |EC04 |2/3  |10100100 |2594
74|B8|00|FE |EC04 |3/3  |10100100 |2595


---------------
Opcode: BD
ll: 10 hh: EC
Instruction:LDA Addressing Mode:AbsoluteX - Operand (Value: "0x65", Address: "0xECC8")
Instruction cycle count set to 4
A |X |Y |SP |PC   |T/MT |NV-BDIZC |CYCLE
----------------------------------------
65|B8|00|FE |EC07 |1/4  |00100100 |2596
65|B8|00|FE |EC07 |2/4  |00100100 |2597
65|B8|00|FE |EC07 |3/4  |00100100 |2598
65|B8|00|FE |EC07 |4/4  |00100100 |2599


---------------
Opcode: 9D
ll: 00 hh: 07
Instruction:STA Addressing Mode:AbsoluteX - Operand (Value: "0x00", Address: "0x07B8")
Writing value 0x65 to address: 0x07B8
0x07B8: 0x65
Instruction cycle count set to 5
A |X |Y |SP |PC   |T/MT |NV-BDIZC |CYCLE
----------------------------------------
65|B8|00|FE |EC0A |1/5  |00100100 |2600
65|B8|00|FE |EC0A |2/5  |00100100 |2601
65|B8|00|FE |EC0A |3/5  |00100100 |2602
65|B8|00|FE |EC0A |4/5  |00100100 |2603
65|B8|00|FE |EC0A |5/5  |00100100 |2604


---------------
Opcode: E8
Instruction:INX Addressing Mode:Implied - Operand (Value: "None", Address: "None")
Instruction cycle count set to 2
A |X |Y |SP |PC   |T/MT |NV-BDIZC |CYCLE
----------------------------------------
65|B9|00|FE |EC0B |1/2  |10100100 |2605
65|B9|00|FE |EC0B |2/2  |10100100 |2606


---------------
Opcode: D0
ll: F7
Old PC: EC0D Offset:-9 New PC: EC04
Instruction:BNE Addressing Mode:Relative - Operand (Value: "None", Address: "0xEC04")
Instruction cycle count set to 2
A |X |Y |SP |PC   |T/MT |NV-BDIZC |CYCLE
----------------------------------------
65|B9|00|FE |EC04 |1/3  |10100100 |2607
65|B9|00|FE |EC04 |2/3  |10100100 |2608
65|B9|00|FE |EC04 |3/3  |10100100 |2609


---------------
Opcode: BD
ll: 10 hh: EC
Instruction:LDA Addressing Mode:AbsoluteX - Operand (Value: "0x73", Address: "0xECC9")
Instruction cycle count set to 4
A |X |Y |SP |PC   |T/MT |NV-BDIZC |CYCLE
----------------------------------------
73|B9|00|FE |EC07 |1/4  |00100100 |2610
73|B9|00|FE |EC07 |2/4  |00100100 |2611
73|B9|00|FE |EC07 |3/4  |00100100 |2612
73|B9|00|FE |EC07 |4/4  |00100100 |2613


---------------
Opcode: 9D
ll: 00 hh: 07
Instruction:STA Addressing Mode:AbsoluteX - Operand (Value: "0x00", Address: "0x07B9")
Writing value 0x73 to address: 0x07B9
0x07B9: 0x73
Instruction cycle count set to 5
A |X |Y |SP |PC   |T/MT |NV-BDIZC |CYCLE
----------------------------------------
73|B9|00|FE |EC0A |1/5  |00100100 |2614
73|B9|00|FE |EC0A |2/5  |00100100 |2615
73|B9|00|FE |EC0A |3/5  |00100100 |2616
73|B9|00|FE |EC0A |4/5  |00100100 |2617
73|B9|00|FE |EC0A |5/5  |00100100 |2618


---------------
Opcode: E8
Instruction:INX Addressing Mode:Implied - Operand (Value: "None", Address: "None")
Instruction cycle count set to 2
A |X |Y |SP |PC   |T/MT |NV-BDIZC |CYCLE
----------------------------------------
73|BA|00|FE |EC0B |1/2  |10100100 |2619
73|BA|00|FE |EC0B |2/2  |10100100 |2620


---------------
Opcode: D0
ll: F7
Old PC: EC0D Offset:-9 New PC: EC04
Instruction:BNE Addressing Mode:Relative - Operand (Value: "None", Address: "0xEC04")
Instruction cycle count set to 2
A |X |Y |SP |PC   |T/MT |NV-BDIZC |CYCLE
----------------------------------------
73|BA|00|FE |EC04 |1/3  |10100100 |2621
73|BA|00|FE |EC04 |2/3  |10100100 |2622
73|BA|00|FE |EC04 |3/3  |10100100 |2623


---------------
Opcode: BD
ll: 10 hh: EC
Instruction:LDA Addressing Mode:AbsoluteX - Operand (Value: "0x74", Address: "0xECCA")
Instruction cycle count set to 4
A |X |Y |SP |PC   |T/MT |NV-BDIZC |CYCLE
----------------------------------------
74|BA|00|FE |EC07 |1/4  |00100100 |2624
74|BA|00|FE |EC07 |2/4  |00100100 |2625
74|BA|00|FE |EC07 |3/4  |00100100 |2626
74|BA|00|FE |EC07 |4/4  |00100100 |2627


---------------
Opcode: 9D
ll: 00 hh: 07
Instruction:STA Addressing Mode:AbsoluteX - Operand (Value: "0x00", Address: "0x07BA")
Writing value 0x74 to address: 0x07BA
0x07BA: 0x74
Instruction cycle count set to 5
A |X |Y |SP |PC   |T/MT |NV-BDIZC |CYCLE
----------------------------------------
74|BA|00|FE |EC0A |1/5  |00100100 |2628
74|BA|00|FE |EC0A |2/5  |00100100 |2629
74|BA|00|FE |EC0A |3/5  |00100100 |2630
74|BA|00|FE |EC0A |4/5  |00100100 |2631
74|BA|00|FE |EC0A |5/5  |00100100 |2632


---------------
Opcode: E8
Instruction:INX Addressing Mode:Implied - Operand (Value: "None", Address: "None")
Instruction cycle count set to 2
A |X |Y |SP |PC   |T/MT |NV-BDIZC |CYCLE
----------------------------------------
74|BB|00|FE |EC0B |1/2  |10100100 |2633
74|BB|00|FE |EC0B |2/2  |10100100 |2634


---------------
Opcode: D0
ll: F7
Old PC: EC0D Offset:-9 New PC: EC04
Instruction:BNE Addressing Mode:Relative - Operand (Value: "None", Address: "0xEC04")
Instruction cycle count set to 2
A |X |Y |SP |PC   |T/MT |NV-BDIZC |CYCLE
----------------------------------------
74|BB|00|FE |EC04 |1/3  |10100100 |2635
74|BB|00|FE |EC04 |2/3  |10100100 |2636
74|BB|00|FE |EC04 |3/3  |10100100 |2637


---------------
Opcode: BD
ll: 10 hh: EC
Instruction:LDA Addressing Mode:AbsoluteX - Operand (Value: "0x73", Address: "0xECCB")
Instruction cycle count set to 4
A |X |Y |SP |PC   |T/MT |NV-BDIZC |CYCLE
----------------------------------------
73|BB|00|FE |EC07 |1/4  |00100100 |2638
73|BB|00|FE |EC07 |2/4  |00100100 |2639
73|BB|00|FE |EC07 |3/4  |00100100 |2640
73|BB|00|FE |EC07 |4/4  |00100100 |2641


---------------
Opcode: 9D
ll: 00 hh: 07
Instruction:STA Addressing Mode:AbsoluteX - Operand (Value: "0x00", Address: "0x07BB")
Writing value 0x73 to address: 0x07BB
0x07BB: 0x73
Instruction cycle count set to 5
A |X |Y |SP |PC   |T/MT |NV-BDIZC |CYCLE
----------------------------------------
73|BB|00|FE |EC0A |1/5  |00100100 |2642
73|BB|00|FE |EC0A |2/5  |00100100 |2643
73|BB|00|FE |EC0A |3/5  |00100100 |2644
73|BB|00|FE |EC0A |4/5  |00100100 |2645
73|BB|00|FE |EC0A |5/5  |00100100 |2646


---------------
Opcode: E8
Instruction:INX Addressing Mode:Implied - Operand (Value: "None", Address: "None")
Instruction cycle count set to 2
A |X |Y |SP |PC   |T/MT |NV-BDIZC |CYCLE
----------------------------------------
73|BC|00|FE |EC0B |1/2  |10100100 |2647
73|BC|00|FE |EC0B |2/2  |10100100 |2648


---------------
Opcode: D0
ll: F7
Old PC: EC0D Offset:-9 New PC: EC04
Instruction:BNE Addressing Mode:Relative - Operand (Value: "None", Address: "0xEC04")
Instruction cycle count set to 2
A |X |Y |SP |PC   |T/MT |NV-BDIZC |CYCLE
----------------------------------------
73|BC|00|FE |EC04 |1/3  |10100100 |2649
73|BC|00|FE |EC04 |2/3  |10100100 |2650
73|BC|00|FE |EC04 |3/3  |10100100 |2651


---------------
Opcode: BD
ll: 10 hh: EC
Instruction:LDA Addressing Mode:AbsoluteX - Operand (Value: "0x20", Address: "0xECCC")
Instruction cycle count set to 4
A |X |Y |SP |PC   |T/MT |NV-BDIZC |CYCLE
----------------------------------------
20|BC|00|FE |EC07 |1/4  |00100100 |2652
20|BC|00|FE |EC07 |2/4  |00100100 |2653
20|BC|00|FE |EC07 |3/4  |00100100 |2654
20|BC|00|FE |EC07 |4/4  |00100100 |2655


---------------
Opcode: 9D
ll: 00 hh: 07
Instruction:STA Addressing Mode:AbsoluteX - Operand (Value: "0x00", Address: "0x07BC")
Writing value 0x20 to address: 0x07BC
0x07BC: 0x20
Instruction cycle count set to 5
A |X |Y |SP |PC   |T/MT |NV-BDIZC |CYCLE
----------------------------------------
20|BC|00|FE |EC0A |1/5  |00100100 |2656
20|BC|00|FE |EC0A |2/5  |00100100 |2657
20|BC|00|FE |EC0A |3/5  |00100100 |2658
20|BC|00|FE |EC0A |4/5  |00100100 |2659
20|BC|00|FE |EC0A |5/5  |00100100 |2660


---------------
Opcode: E8
Instruction:INX Addressing Mode:Implied - Operand (Value: "None", Address: "None")
Instruction cycle count set to 2
A |X |Y |SP |PC   |T/MT |NV-BDIZC |CYCLE
----------------------------------------
20|BD|00|FE |EC0B |1/2  |10100100 |2661
20|BD|00|FE |EC0B |2/2  |10100100 |2662


---------------
Opcode: D0
ll: F7
Old PC: EC0D Offset:-9 New PC: EC04
Instruction:BNE Addressing Mode:Relative - Operand (Value: "None", Address: "0xEC04")
Instruction cycle count set to 2
A |X |Y |SP |PC   |T/MT |NV-BDIZC |CYCLE
----------------------------------------
20|BD|00|FE |EC04 |1/3  |10100100 |2663
20|BD|00|FE |EC04 |2/3  |10100100 |2664
20|BD|00|FE |EC04 |3/3  |10100100 |2665


---------------
Opcode: BD
ll: 10 hh: EC
Instruction:LDA Addressing Mode:AbsoluteX - Operand (Value: "0x70", Address: "0xECCD")
Instruction cycle count set to 4
A |X |Y |SP |PC   |T/MT |NV-BDIZC |CYCLE
----------------------------------------
70|BD|00|FE |EC07 |1/4  |00100100 |2666
70|BD|00|FE |EC07 |2/4  |00100100 |2667
70|BD|00|FE |EC07 |3/4  |00100100 |2668
70|BD|00|FE |EC07 |4/4  |00100100 |2669


---------------
Opcode: 9D
ll: 00 hh: 07
Instruction:STA Addressing Mode:AbsoluteX - Operand (Value: "0x00", Address: "0x07BD")
Writing value 0x70 to address: 0x07BD
0x07BD: 0x70
Instruction cycle count set to 5
A |X |Y |SP |PC   |T/MT |NV-BDIZC |CYCLE
----------------------------------------
70|BD|00|FE |EC0A |1/5  |00100100 |2670
70|BD|00|FE |EC0A |2/5  |00100100 |2671
70|BD|00|FE |EC0A |3/5  |00100100 |2672
70|BD|00|FE |EC0A |4/5  |00100100 |2673
70|BD|00|FE |EC0A |5/5  |00100100 |2674


---------------
Opcode: E8
Instruction:INX Addressing Mode:Implied - Operand (Value: "None", Address: "None")
Instruction cycle count set to 2
A |X |Y |SP |PC   |T/MT |NV-BDIZC |CYCLE
----------------------------------------
70|BE|00|FE |EC0B |1/2  |10100100 |2675
70|BE|00|FE |EC0B |2/2  |10100100 |2676


---------------
Opcode: D0
ll: F7
Old PC: EC0D Offset:-9 New PC: EC04
Instruction:BNE Addressing Mode:Relative - Operand (Value: "None", Address: "0xEC04")
Instruction cycle count set to 2
A |X |Y |SP |PC   |T/MT |NV-BDIZC |CYCLE
----------------------------------------
70|BE|00|FE |EC04 |1/3  |10100100 |2677
70|BE|00|FE |EC04 |2/3  |10100100 |2678
70|BE|00|FE |EC04 |3/3  |10100100 |2679


---------------
Opcode: BD
ll: 10 hh: EC
Instruction:LDA Addressing Mode:AbsoluteX - Operand (Value: "0x61", Address: "0xECCE")
Instruction cycle count set to 4
A |X |Y |SP |PC   |T/MT |NV-BDIZC |CYCLE
----------------------------------------
61|BE|00|FE |EC07 |1/4  |00100100 |2680
61|BE|00|FE |EC07 |2/4  |00100100 |2681
61|BE|00|FE |EC07 |3/4  |00100100 |2682
61|BE|00|FE |EC07 |4/4  |00100100 |2683


---------------
Opcode: 9D
ll: 00 hh: 07
Instruction:STA Addressing Mode:AbsoluteX - Operand (Value: "0x00", Address: "0x07BE")
Writing value 0x61 to address: 0x07BE
0x07BE: 0x61
Instruction cycle count set to 5
A |X |Y |SP |PC   |T/MT |NV-BDIZC |CYCLE
----------------------------------------
61|BE|00|FE |EC0A |1/5  |00100100 |2684
61|BE|00|FE |EC0A |2/5  |00100100 |2685
61|BE|00|FE |EC0A |3/5  |00100100 |2686
61|BE|00|FE |EC0A |4/5  |00100100 |2687
61|BE|00|FE |EC0A |5/5  |00100100 |2688


---------------
Opcode: E8
Instruction:INX Addressing Mode:Implied - Operand (Value: "None", Address: "None")
Instruction cycle count set to 2
A |X |Y |SP |PC   |T/MT |NV-BDIZC |CYCLE
----------------------------------------
61|BF|00|FE |EC0B |1/2  |10100100 |2689
61|BF|00|FE |EC0B |2/2  |10100100 |2690


---------------
Opcode: D0
ll: F7
Old PC: EC0D Offset:-9 New PC: EC04
Instruction:BNE Addressing Mode:Relative - Operand (Value: "None", Address: "0xEC04")
Instruction cycle count set to 2
A |X |Y |SP |PC   |T/MT |NV-BDIZC |CYCLE
----------------------------------------
61|BF|00|FE |EC04 |1/3  |10100100 |2691
61|BF|00|FE |EC04 |2/3  |10100100 |2692
61|BF|00|FE |EC04 |3/3  |10100100 |2693


---------------
Opcode: BD
ll: 10 hh: EC
Instruction:LDA Addressing Mode:AbsoluteX - Operand (Value: "0x73", Address: "0xECCF")
Instruction cycle count set to 4
A |X |Y |SP |PC   |T/MT |NV-BDIZC |CYCLE
----------------------------------------
73|BF|00|FE |EC07 |1/4  |00100100 |2694
73|BF|00|FE |EC07 |2/4  |00100100 |2695
73|BF|00|FE |EC07 |3/4  |00100100 |2696
73|BF|00|FE |EC07 |4/4  |00100100 |2697


---------------
Opcode: 9D
ll: 00 hh: 07
Instruction:STA Addressing Mode:AbsoluteX - Operand (Value: "0x00", Address: "0x07BF")
Writing value 0x73 to address: 0x07BF
0x07BF: 0x73
Instruction cycle count set to 5
A |X |Y |SP |PC   |T/MT |NV-BDIZC |CYCLE
----------------------------------------
73|BF|00|FE |EC0A |1/5  |00100100 |2698
73|BF|00|FE |EC0A |2/5  |00100100 |2699
73|BF|00|FE |EC0A |3/5  |00100100 |2700
73|BF|00|FE |EC0A |4/5  |00100100 |2701
73|BF|00|FE |EC0A |5/5  |00100100 |2702


---------------
Opcode: E8
Instruction:INX Addressing Mode:Implied - Operand (Value: "None", Address: "None")
Instruction cycle count set to 2
A |X |Y |SP |PC   |T/MT |NV-BDIZC |CYCLE
----------------------------------------
73|C0|00|FE |EC0B |1/2  |10100100 |2703
73|C0|00|FE |EC0B |2/2  |10100100 |2704


---------------
Opcode: D0
ll: F7
Old PC: EC0D Offset:-9 New PC: EC04
Instruction:BNE Addressing Mode:Relative - Operand (Value: "None", Address: "0xEC04")
Instruction cycle count set to 2
A |X |Y |SP |PC   |T/MT |NV-BDIZC |CYCLE
----------------------------------------
73|C0|00|FE |EC04 |1/3  |10100100 |2705
73|C0|00|FE |EC04 |2/3  |10100100 |2706
73|C0|00|FE |EC04 |3/3  |10100100 |2707


---------------
Opcode: BD
ll: 10 hh: EC
Instruction:LDA Addressing Mode:AbsoluteX - Operand (Value: "0x73", Address: "0xECD0")
Instruction cycle count set to 4
A |X |Y |SP |PC   |T/MT |NV-BDIZC |CYCLE
----------------------------------------
73|C0|00|FE |EC07 |1/4  |00100100 |2708
73|C0|00|FE |EC07 |2/4  |00100100 |2709
73|C0|00|FE |EC07 |3/4  |00100100 |2710
73|C0|00|FE |EC07 |4/4  |00100100 |2711


---------------
Opcode: 9D
ll: 00 hh: 07
Instruction:STA Addressing Mode:AbsoluteX - Operand (Value: "0x00", Address: "0x07C0")
Writing value 0x73 to address: 0x07C0
0x07C0: 0x73
Instruction cycle count set to 5
A |X |Y |SP |PC   |T/MT |NV-BDIZC |CYCLE
----------------------------------------
73|C0|00|FE |EC0A |1/5  |00100100 |2712
73|C0|00|FE |EC0A |2/5  |00100100 |2713
73|C0|00|FE |EC0A |3/5  |00100100 |2714
73|C0|00|FE |EC0A |4/5  |00100100 |2715
73|C0|00|FE |EC0A |5/5  |00100100 |2716


---------------
Opcode: E8
Instruction:INX Addressing Mode:Implied - Operand (Value: "None", Address: "None")
Instruction cycle count set to 2
A |X |Y |SP |PC   |T/MT |NV-BDIZC |CYCLE
----------------------------------------
73|C1|00|FE |EC0B |1/2  |10100100 |2717
73|C1|00|FE |EC0B |2/2  |10100100 |2718


---------------
Opcode: D0
ll: F7
Old PC: EC0D Offset:-9 New PC: EC04
Instruction:BNE Addressing Mode:Relative - Operand (Value: "None", Address: "0xEC04")
Instruction cycle count set to 2
A |X |Y |SP |PC   |T/MT |NV-BDIZC |CYCLE
----------------------------------------
73|C1|00|FE |EC04 |1/3  |10100100 |2719
73|C1|00|FE |EC04 |2/3  |10100100 |2720
73|C1|00|FE |EC04 |3/3  |10100100 |2721


---------------
Opcode: BD
ll: 10 hh: EC
Instruction:LDA Addressing Mode:AbsoluteX - Operand (Value: "0x65", Address: "0xECD1")
Instruction cycle count set to 4
A |X |Y |SP |PC   |T/MT |NV-BDIZC |CYCLE
----------------------------------------
65|C1|00|FE |EC07 |1/4  |00100100 |2722
65|C1|00|FE |EC07 |2/4  |00100100 |2723
65|C1|00|FE |EC07 |3/4  |00100100 |2724
65|C1|00|FE |EC07 |4/4  |00100100 |2725


---------------
Opcode: 9D
ll: 00 hh: 07
Instruction:STA Addressing Mode:AbsoluteX - Operand (Value: "0x00", Address: "0x07C1")
Writing value 0x65 to address: 0x07C1
0x07C1: 0x65
Instruction cycle count set to 5
A |X |Y |SP |PC   |T/MT |NV-BDIZC |CYCLE
----------------------------------------
65|C1|00|FE |EC0A |1/5  |00100100 |2726
65|C1|00|FE |EC0A |2/5  |00100100 |2727
65|C1|00|FE |EC0A |3/5  |00100100 |2728
65|C1|00|FE |EC0A |4/5  |00100100 |2729
65|C1|00|FE |EC0A |5/5  |00100100 |2730


---------------
Opcode: E8
Instruction:INX Addressing Mode:Implied - Operand (Value: "None", Address: "None")
Instruction cycle count set to 2
A |X |Y |SP |PC   |T/MT |NV-BDIZC |CYCLE
----------------------------------------
65|C2|00|FE |EC0B |1/2  |10100100 |2731
65|C2|00|FE |EC0B |2/2  |10100100 |2732


---------------
Opcode: D0
ll: F7
Old PC: EC0D Offset:-9 New PC: EC04
Instruction:BNE Addressing Mode:Relative - Operand (Value: "None", Address: "0xEC04")
Instruction cycle count set to 2
A |X |Y |SP |PC   |T/MT |NV-BDIZC |CYCLE
----------------------------------------
65|C2|00|FE |EC04 |1/3  |10100100 |2733
65|C2|00|FE |EC04 |2/3  |10100100 |2734
65|C2|00|FE |EC04 |3/3  |10100100 |2735


---------------
Opcode: BD
ll: 10 hh: EC
Instruction:LDA Addressing Mode:AbsoluteX - Operand (Value: "0x64", Address: "0xECD2")
Instruction cycle count set to 4
A |X |Y |SP |PC   |T/MT |NV-BDIZC |CYCLE
----------------------------------------
64|C2|00|FE |EC07 |1/4  |00100100 |2736
64|C2|00|FE |EC07 |2/4  |00100100 |2737
64|C2|00|FE |EC07 |3/4  |00100100 |2738
64|C2|00|FE |EC07 |4/4  |00100100 |2739


---------------
Opcode: 9D
ll: 00 hh: 07
Instruction:STA Addressing Mode:AbsoluteX - Operand (Value: "0x00", Address: "0x07C2")
Writing value 0x64 to address: 0x07C2
0x07C2: 0x64
Instruction cycle count set to 5
A |X |Y |SP |PC   |T/MT |NV-BDIZC |CYCLE
----------------------------------------
64|C2|00|FE |EC0A |1/5  |00100100 |2740
64|C2|00|FE |EC0A |2/5  |00100100 |2741
64|C2|00|FE |EC0A |3/5  |00100100 |2742
64|C2|00|FE |EC0A |4/5  |00100100 |2743
64|C2|00|FE |EC0A |5/5  |00100100 |2744


---------------
Opcode: E8
Instruction:INX Addressing Mode:Implied - Operand (Value: "None", Address: "None")
Instruction cycle count set to 2
A |X |Y |SP |PC   |T/MT |NV-BDIZC |CYCLE
----------------------------------------
64|C3|00|FE |EC0B |1/2  |10100100 |2745
64|C3|00|FE |EC0B |2/2  |10100100 |2746


---------------
Opcode: D0
ll: F7
Old PC: EC0D Offset:-9 New PC: EC04
Instruction:BNE Addressing Mode:Relative - Operand (Value: "None", Address: "0xEC04")
Instruction cycle count set to 2
A |X |Y |SP |PC   |T/MT |NV-BDIZC |CYCLE
----------------------------------------
64|C3|00|FE |EC04 |1/3  |10100100 |2747
64|C3|00|FE |EC04 |2/3  |10100100 |2748
64|C3|00|FE |EC04 |3/3  |10100100 |2749


---------------
Opcode: BD
ll: 10 hh: EC
Instruction:LDA Addressing Mode:AbsoluteX - Operand (Value: "0x0A", Address: "0xECD3")
Instruction cycle count set to 4
A |X |Y |SP |PC   |T/MT |NV-BDIZC |CYCLE
----------------------------------------
0A|C3|00|FE |EC07 |1/4  |00100100 |2750
0A|C3|00|FE |EC07 |2/4  |00100100 |2751
0A|C3|00|FE |EC07 |3/4  |00100100 |2752
0A|C3|00|FE |EC07 |4/4  |00100100 |2753


---------------
Opcode: 9D
ll: 00 hh: 07
Instruction:STA Addressing Mode:AbsoluteX - Operand (Value: "0x00", Address: "0x07C3")
Writing value 0x0A to address: 0x07C3
0x07C3: 0x0A
Instruction cycle count set to 5
A |X |Y |SP |PC   |T/MT |NV-BDIZC |CYCLE
----------------------------------------
0A|C3|00|FE |EC0A |1/5  |00100100 |2754
0A|C3|00|FE |EC0A |2/5  |00100100 |2755
0A|C3|00|FE |EC0A |3/5  |00100100 |2756
0A|C3|00|FE |EC0A |4/5  |00100100 |2757
0A|C3|00|FE |EC0A |5/5  |00100100 |2758


---------------
Opcode: E8
Instruction:INX Addressing Mode:Implied - Operand (Value: "None", Address: "None")
Instruction cycle count set to 2
A |X |Y |SP |PC   |T/MT |NV-BDIZC |CYCLE
----------------------------------------
0A|C4|00|FE |EC0B |1/2  |10100100 |2759
0A|C4|00|FE |EC0B |2/2  |10100100 |2760


---------------
Opcode: D0
ll: F7
Old PC: EC0D Offset:-9 New PC: EC04
Instruction:BNE Addressing Mode:Relative - Operand (Value: "None", Address: "0xEC04")
Instruction cycle count set to 2
A |X |Y |SP |PC   |T/MT |NV-BDIZC |CYCLE
----------------------------------------
0A|C4|00|FE |EC04 |1/3  |10100100 |2761
0A|C4|00|FE |EC04 |2/3  |10100100 |2762
0A|C4|00|FE |EC04 |3/3  |10100100 |2763


---------------
Opcode: BD
ll: 10 hh: EC
Instruction:LDA Addressing Mode:AbsoluteX - Operand (Value: "0x0A", Address: "0xECD4")
Instruction cycle count set to 4
A |X |Y |SP |PC   |T/MT |NV-BDIZC |CYCLE
----------------------------------------
0A|C4|00|FE |EC07 |1/4  |00100100 |2764
0A|C4|00|FE |EC07 |2/4  |00100100 |2765
0A|C4|00|FE |EC07 |3/4  |00100100 |2766
0A|C4|00|FE |EC07 |4/4  |00100100 |2767


---------------
Opcode: 9D
ll: 00 hh: 07
Instruction:STA Addressing Mode:AbsoluteX - Operand (Value: "0x00", Address: "0x07C4")
Writing value 0x0A to address: 0x07C4
0x07C4: 0x0A
Instruction cycle count set to 5
A |X |Y |SP |PC   |T/MT |NV-BDIZC |CYCLE
----------------------------------------
0A|C4|00|FE |EC0A |1/5  |00100100 |2768
0A|C4|00|FE |EC0A |2/5  |00100100 |2769
0A|C4|00|FE |EC0A |3/5  |00100100 |2770
0A|C4|00|FE |EC0A |4/5  |00100100 |2771
0A|C4|00|FE |EC0A |5/5  |00100100 |2772


---------------
Opcode: E8
Instruction:INX Addressing Mode:Implied - Operand (Value: "None", Address: "None")
Instruction cycle count set to 2
A |X |Y |SP |PC   |T/MT |NV-BDIZC |CYCLE
----------------------------------------
0A|C5|00|FE |EC0B |1/2  |10100100 |2773
0A|C5|00|FE |EC0B |2/2  |10100100 |2774


---------------
Opcode: D0
ll: F7
Old PC: EC0D Offset:-9 New PC: EC04
Instruction:BNE Addressing Mode:Relative - Operand (Value: "None", Address: "0xEC04")
Instruction cycle count set to 2
A |X |Y |SP |PC   |T/MT |NV-BDIZC |CYCLE
----------------------------------------
0A|C5|00|FE |EC04 |1/3  |10100100 |2775
0A|C5|00|FE |EC04 |2/3  |10100100 |2776
0A|C5|00|FE |EC04 |3/3  |10100100 |2777


---------------
Opcode: BD
ll: 10 hh: EC
Instruction:LDA Addressing Mode:AbsoluteX - Operand (Value: "0x0A", Address: "0xECD5")
Instruction cycle count set to 4
A |X |Y |SP |PC   |T/MT |NV-BDIZC |CYCLE
----------------------------------------
0A|C5|00|FE |EC07 |1/4  |00100100 |2778
0A|C5|00|FE |EC07 |2/4  |00100100 |2779
0A|C5|00|FE |EC07 |3/4  |00100100 |2780
0A|C5|00|FE |EC07 |4/4  |00100100 |2781


---------------
Opcode: 9D
ll: 00 hh: 07
Instruction:STA Addressing Mode:AbsoluteX - Operand (Value: "0x00", Address: "0x07C5")
Writing value 0x0A to address: 0x07C5
0x07C5: 0x0A
Instruction cycle count set to 5
A |X |Y |SP |PC   |T/MT |NV-BDIZC |CYCLE
----------------------------------------
0A|C5|00|FE |EC0A |1/5  |00100100 |2782
0A|C5|00|FE |EC0A |2/5  |00100100 |2783
0A|C5|00|FE |EC0A |3/5  |00100100 |2784
0A|C5|00|FE |EC0A |4/5  |00100100 |2785
0A|C5|00|FE |EC0A |5/5  |00100100 |2786


---------------
Opcode: E8
Instruction:INX Addressing Mode:Implied - Operand (Value: "None", Address: "None")
Instruction cycle count set to 2
A |X |Y |SP |PC   |T/MT |NV-BDIZC |CYCLE
----------------------------------------
0A|C6|00|FE |EC0B |1/2  |10100100 |2787
0A|C6|00|FE |EC0B |2/2  |10100100 |2788


---------------
Opcode: D0
ll: F7
Old PC: EC0D Offset:-9 New PC: EC04
Instruction:BNE Addressing Mode:Relative - Operand (Value: "None", Address: "0xEC04")
Instruction cycle count set to 2
A |X |Y |SP |PC   |T/MT |NV-BDIZC |CYCLE
----------------------------------------
0A|C6|00|FE |EC04 |1/3  |10100100 |2789
0A|C6|00|FE |EC04 |2/3  |10100100 |2790
0A|C6|00|FE |EC04 |3/3  |10100100 |2791


---------------
Opcode: BD
ll: 10 hh: EC
Instruction:LDA Addressing Mode:AbsoluteX - Operand (Value: "0x00", Address: "0xECD6")
Instruction cycle count set to 4
A |X |Y |SP |PC   |T/MT |NV-BDIZC |CYCLE
----------------------------------------
00|C6|00|FE |EC07 |1/4  |00100110 |2792
00|C6|00|FE |EC07 |2/4  |00100110 |2793
00|C6|00|FE |EC07 |3/4  |00100110 |2794
00|C6|00|FE |EC07 |4/4  |00100110 |2795


---------------
Opcode: 9D
ll: 00 hh: 07
Instruction:STA Addressing Mode:AbsoluteX - Operand (Value: "0x00", Address: "0x07C6")
Writing value 0x00 to address: 0x07C6
0x07C6: 0x00
Instruction cycle count set to 5
A |X |Y |SP |PC   |T/MT |NV-BDIZC |CYCLE
----------------------------------------
00|C6|00|FE |EC0A |1/5  |00100110 |2796
00|C6|00|FE |EC0A |2/5  |00100110 |2797
00|C6|00|FE |EC0A |3/5  |00100110 |2798
00|C6|00|FE |EC0A |4/5  |00100110 |2799
00|C6|00|FE |EC0A |5/5  |00100110 |2800


---------------
Opcode: E8
Instruction:INX Addressing Mode:Implied - Operand (Value: "None", Address: "None")
Instruction cycle count set to 2
A |X |Y |SP |PC   |T/MT |NV-BDIZC |CYCLE
----------------------------------------
00|C7|00|FE |EC0B |1/2  |10100100 |2801
00|C7|00|FE |EC0B |2/2  |10100100 |2802


---------------
Opcode: D0
ll: F7
Old PC: EC0D Offset:-9 New PC: EC04
Instruction:BNE Addressing Mode:Relative - Operand (Value: "None", Address: "0xEC04")
Instruction cycle count set to 2
A |X |Y |SP |PC   |T/MT |NV-BDIZC |CYCLE
----------------------------------------
00|C7|00|FE |EC04 |1/3  |10100100 |2803
00|C7|00|FE |EC04 |2/3  |10100100 |2804
00|C7|00|FE |EC04 |3/3  |10100100 |2805


---------------
Opcode: BD
ll: 10 hh: EC
Instruction:LDA Addressing Mode:AbsoluteX - Operand (Value: "0xA9", Address: "0xECD7")
Instruction cycle count set to 4
A |X |Y |SP |PC   |T/MT |NV-BDIZC |CYCLE
----------------------------------------
A9|C7|00|FE |EC07 |1/4  |10100100 |2806
A9|C7|00|FE |EC07 |2/4  |10100100 |2807
A9|C7|00|FE |EC07 |3/4  |10100100 |2808
A9|C7|00|FE |EC07 |4/4  |10100100 |2809


---------------
Opcode: 9D
ll: 00 hh: 07
Instruction:STA Addressing Mode:AbsoluteX - Operand (Value: "0x00", Address: "0x07C7")
Writing value 0xA9 to address: 0x07C7
0x07C7: 0xA9
Instruction cycle count set to 5
A |X |Y |SP |PC   |T/MT |NV-BDIZC |CYCLE
----------------------------------------
A9|C7|00|FE |EC0A |1/5  |10100100 |2810
A9|C7|00|FE |EC0A |2/5  |10100100 |2811
A9|C7|00|FE |EC0A |3/5  |10100100 |2812
A9|C7|00|FE |EC0A |4/5  |10100100 |2813
A9|C7|00|FE |EC0A |5/5  |10100100 |2814


---------------
Opcode: E8
Instruction:INX Addressing Mode:Implied - Operand (Value: "None", Address: "None")
Instruction cycle count set to 2
A |X |Y |SP |PC   |T/MT |NV-BDIZC |CYCLE
----------------------------------------
A9|C8|00|FE |EC0B |1/2  |10100100 |2815
A9|C8|00|FE |EC0B |2/2  |10100100 |2816


---------------
Opcode: D0
ll: F7
Old PC: EC0D Offset:-9 New PC: EC04
Instruction:BNE Addressing Mode:Relative - Operand (Value: "None", Address: "0xEC04")
Instruction cycle count set to 2
A |X |Y |SP |PC   |T/MT |NV-BDIZC |CYCLE
----------------------------------------
A9|C8|00|FE |EC04 |1/3  |10100100 |2817
A9|C8|00|FE |EC04 |2/3  |10100100 |2818
A9|C8|00|FE |EC04 |3/3  |10100100 |2819


---------------
Opcode: BD
ll: 10 hh: EC
Instruction:LDA Addressing Mode:AbsoluteX - Operand (Value: "0x00", Address: "0xECD8")
Instruction cycle count set to 4
A |X |Y |SP |PC   |T/MT |NV-BDIZC |CYCLE
----------------------------------------
00|C8|00|FE |EC07 |1/4  |00100110 |2820
00|C8|00|FE |EC07 |2/4  |00100110 |2821
00|C8|00|FE |EC07 |3/4  |00100110 |2822
00|C8|00|FE |EC07 |4/4  |00100110 |2823


---------------
Opcode: 9D
ll: 00 hh: 07
Instruction:STA Addressing Mode:AbsoluteX - Operand (Value: "0x00", Address: "0x07C8")
Writing value 0x00 to address: 0x07C8
0x07C8: 0x00
Instruction cycle count set to 5
A |X |Y |SP |PC   |T/MT |NV-BDIZC |CYCLE
----------------------------------------
00|C8|00|FE |EC0A |1/5  |00100110 |2824
00|C8|00|FE |EC0A |2/5  |00100110 |2825
00|C8|00|FE |EC0A |3/5  |00100110 |2826
00|C8|00|FE |EC0A |4/5  |00100110 |2827
00|C8|00|FE |EC0A |5/5  |00100110 |2828


---------------
Opcode: E8
Instruction:INX Addressing Mode:Implied - Operand (Value: "None", Address: "None")
Instruction cycle count set to 2
A |X |Y |SP |PC   |T/MT |NV-BDIZC |CYCLE
----------------------------------------
00|C9|00|FE |EC0B |1/2  |10100100 |2829
00|C9|00|FE |EC0B |2/2  |10100100 |2830


---------------
Opcode: D0
ll: F7
Old PC: EC0D Offset:-9 New PC: EC04
Instruction:BNE Addressing Mode:Relative - Operand (Value: "None", Address: "0xEC04")
Instruction cycle count set to 2
A |X |Y |SP |PC   |T/MT |NV-BDIZC |CYCLE
----------------------------------------
00|C9|00|FE |EC04 |1/3  |10100100 |2831
00|C9|00|FE |EC04 |2/3  |10100100 |2832
00|C9|00|FE |EC04 |3/3  |10100100 |2833


---------------
Opcode: BD
ll: 10 hh: EC
Instruction:LDA Addressing Mode:AbsoluteX - Operand (Value: "0x4C", Address: "0xECD9")
Instruction cycle count set to 4
A |X |Y |SP |PC   |T/MT |NV-BDIZC |CYCLE
----------------------------------------
4C|C9|00|FE |EC07 |1/4  |00100100 |2834
4C|C9|00|FE |EC07 |2/4  |00100100 |2835
4C|C9|00|FE |EC07 |3/4  |00100100 |2836
4C|C9|00|FE |EC07 |4/4  |00100100 |2837


---------------
Opcode: 9D
ll: 00 hh: 07
Instruction:STA Addressing Mode:AbsoluteX - Operand (Value: "0x00", Address: "0x07C9")
Writing value 0x4C to address: 0x07C9
0x07C9: 0x4C
Instruction cycle count set to 5
A |X |Y |SP |PC   |T/MT |NV-BDIZC |CYCLE
----------------------------------------
4C|C9|00|FE |EC0A |1/5  |00100100 |2838
4C|C9|00|FE |EC0A |2/5  |00100100 |2839
4C|C9|00|FE |EC0A |3/5  |00100100 |2840
4C|C9|00|FE |EC0A |4/5  |00100100 |2841
4C|C9|00|FE |EC0A |5/5  |00100100 |2842


---------------
Opcode: E8
Instruction:INX Addressing Mode:Implied - Operand (Value: "None", Address: "None")
Instruction cycle count set to 2
A |X |Y |SP |PC   |T/MT |NV-BDIZC |CYCLE
----------------------------------------
4C|CA|00|FE |EC0B |1/2  |10100100 |2843
4C|CA|00|FE |EC0B |2/2  |10100100 |2844


---------------
Opcode: D0
ll: F7
Old PC: EC0D Offset:-9 New PC: EC04
Instruction:BNE Addressing Mode:Relative - Operand (Value: "None", Address: "0xEC04")
Instruction cycle count set to 2
A |X |Y |SP |PC   |T/MT |NV-BDIZC |CYCLE
----------------------------------------
4C|CA|00|FE |EC04 |1/3  |10100100 |2845
4C|CA|00|FE |EC04 |2/3  |10100100 |2846
4C|CA|00|FE |EC04 |3/3  |10100100 |2847


---------------
Opcode: BD
ll: 10 hh: EC
Instruction:LDA Addressing Mode:AbsoluteX - Operand (Value: "0xF2", Address: "0xECDA")
Instruction cycle count set to 4
A |X |Y |SP |PC   |T/MT |NV-BDIZC |CYCLE
----------------------------------------
F2|CA|00|FE |EC07 |1/4  |10100100 |2848
F2|CA|00|FE |EC07 |2/4  |10100100 |2849
F2|CA|00|FE |EC07 |3/4  |10100100 |2850
F2|CA|00|FE |EC07 |4/4  |10100100 |2851


---------------
Opcode: 9D
ll: 00 hh: 07
Instruction:STA Addressing Mode:AbsoluteX - Operand (Value: "0x00", Address: "0x07CA")
Writing value 0xF2 to address: 0x07CA
0x07CA: 0xF2
Instruction cycle count set to 5
A |X |Y |SP |PC   |T/MT |NV-BDIZC |CYCLE
----------------------------------------
F2|CA|00|FE |EC0A |1/5  |10100100 |2852
F2|CA|00|FE |EC0A |2/5  |10100100 |2853
F2|CA|00|FE |EC0A |3/5  |10100100 |2854
F2|CA|00|FE |EC0A |4/5  |10100100 |2855
F2|CA|00|FE |EC0A |5/5  |10100100 |2856


---------------
Opcode: E8
Instruction:INX Addressing Mode:Implied - Operand (Value: "None", Address: "None")
Instruction cycle count set to 2
A |X |Y |SP |PC   |T/MT |NV-BDIZC |CYCLE
----------------------------------------
F2|CB|00|FE |EC0B |1/2  |10100100 |2857
F2|CB|00|FE |EC0B |2/2  |10100100 |2858


---------------
Opcode: D0
ll: F7
Old PC: EC0D Offset:-9 New PC: EC04
Instruction:BNE Addressing Mode:Relative - Operand (Value: "None", Address: "0xEC04")
Instruction cycle count set to 2
A |X |Y |SP |PC   |T/MT |NV-BDIZC |CYCLE
----------------------------------------
F2|CB|00|FE |EC04 |1/3  |10100100 |2859
F2|CB|00|FE |EC04 |2/3  |10100100 |2860
F2|CB|00|FE |EC04 |3/3  |10100100 |2861


---------------
Opcode: BD
ll: 10 hh: EC
Instruction:LDA Addressing Mode:AbsoluteX - Operand (Value: "0xEC", Address: "0xECDB")
Instruction cycle count set to 4
A |X |Y |SP |PC   |T/MT |NV-BDIZC |CYCLE
----------------------------------------
EC|CB|00|FE |EC07 |1/4  |10100100 |2862
EC|CB|00|FE |EC07 |2/4  |10100100 |2863
EC|CB|00|FE |EC07 |3/4  |10100100 |2864
EC|CB|00|FE |EC07 |4/4  |10100100 |2865


---------------
Opcode: 9D
ll: 00 hh: 07
Instruction:STA Addressing Mode:AbsoluteX - Operand (Value: "0x00", Address: "0x07CB")
Writing value 0xEC to address: 0x07CB
0x07CB: 0xEC
Instruction cycle count set to 5
A |X |Y |SP |PC   |T/MT |NV-BDIZC |CYCLE
----------------------------------------
EC|CB|00|FE |EC0A |1/5  |10100100 |2866
EC|CB|00|FE |EC0A |2/5  |10100100 |2867
EC|CB|00|FE |EC0A |3/5  |10100100 |2868
EC|CB|00|FE |EC0A |4/5  |10100100 |2869
EC|CB|00|FE |EC0A |5/5  |10100100 |2870


---------------
Opcode: E8
Instruction:INX Addressing Mode:Implied - Operand (Value: "None", Address: "None")
Instruction cycle count set to 2
A |X |Y |SP |PC   |T/MT |NV-BDIZC |CYCLE
----------------------------------------
EC|CC|00|FE |EC0B |1/2  |10100100 |2871
EC|CC|00|FE |EC0B |2/2  |10100100 |2872


---------------
Opcode: D0
ll: F7
Old PC: EC0D Offset:-9 New PC: EC04
Instruction:BNE Addressing Mode:Relative - Operand (Value: "None", Address: "0xEC04")
Instruction cycle count set to 2
A |X |Y |SP |PC   |T/MT |NV-BDIZC |CYCLE
----------------------------------------
EC|CC|00|FE |EC04 |1/3  |10100100 |2873
EC|CC|00|FE |EC04 |2/3  |10100100 |2874
EC|CC|00|FE |EC04 |3/3  |10100100 |2875


---------------
Opcode: BD
ll: 10 hh: EC
Instruction:LDA Addressing Mode:AbsoluteX - Operand (Value: "0xAE", Address: "0xECDC")
Instruction cycle count set to 4
A |X |Y |SP |PC   |T/MT |NV-BDIZC |CYCLE
----------------------------------------
AE|CC|00|FE |EC07 |1/4  |10100100 |2876
AE|CC|00|FE |EC07 |2/4  |10100100 |2877
AE|CC|00|FE |EC07 |3/4  |10100100 |2878
AE|CC|00|FE |EC07 |4/4  |10100100 |2879


---------------
Opcode: 9D
ll: 00 hh: 07
Instruction:STA Addressing Mode:AbsoluteX - Operand (Value: "0x00", Address: "0x07CC")
Writing value 0xAE to address: 0x07CC
0x07CC: 0xAE
Instruction cycle count set to 5
A |X |Y |SP |PC   |T/MT |NV-BDIZC |CYCLE
----------------------------------------
AE|CC|00|FE |EC0A |1/5  |10100100 |2880
AE|CC|00|FE |EC0A |2/5  |10100100 |2881
AE|CC|00|FE |EC0A |3/5  |10100100 |2882
AE|CC|00|FE |EC0A |4/5  |10100100 |2883
AE|CC|00|FE |EC0A |5/5  |10100100 |2884


---------------
Opcode: E8
Instruction:INX Addressing Mode:Implied - Operand (Value: "None", Address: "None")
Instruction cycle count set to 2
A |X |Y |SP |PC   |T/MT |NV-BDIZC |CYCLE
----------------------------------------
AE|CD|00|FE |EC0B |1/2  |10100100 |2885
AE|CD|00|FE |EC0B |2/2  |10100100 |2886


---------------
Opcode: D0
ll: F7
Old PC: EC0D Offset:-9 New PC: EC04
Instruction:BNE Addressing Mode:Relative - Operand (Value: "None", Address: "0xEC04")
Instruction cycle count set to 2
A |X |Y |SP |PC   |T/MT |NV-BDIZC |CYCLE
----------------------------------------
AE|CD|00|FE |EC04 |1/3  |10100100 |2887
AE|CD|00|FE |EC04 |2/3  |10100100 |2888
AE|CD|00|FE |EC04 |3/3  |10100100 |2889


---------------
Opcode: BD
ll: 10 hh: EC
Instruction:LDA Addressing Mode:AbsoluteX - Operand (Value: "0x24", Address: "0xECDD")
Instruction cycle count set to 4
A |X |Y |SP |PC   |T/MT |NV-BDIZC |CYCLE
----------------------------------------
24|CD|00|FE |EC07 |1/4  |00100100 |2890
24|CD|00|FE |EC07 |2/4  |00100100 |2891
24|CD|00|FE |EC07 |3/4  |00100100 |2892
24|CD|00|FE |EC07 |4/4  |00100100 |2893


---------------
Opcode: 9D
ll: 00 hh: 07
Instruction:STA Addressing Mode:AbsoluteX - Operand (Value: "0x00", Address: "0x07CD")
Writing value 0x24 to address: 0x07CD
0x07CD: 0x24
Instruction cycle count set to 5
A |X |Y |SP |PC   |T/MT |NV-BDIZC |CYCLE
----------------------------------------
24|CD|00|FE |EC0A |1/5  |00100100 |2894
24|CD|00|FE |EC0A |2/5  |00100100 |2895
24|CD|00|FE |EC0A |3/5  |00100100 |2896
24|CD|00|FE |EC0A |4/5  |00100100 |2897
24|CD|00|FE |EC0A |5/5  |00100100 |2898


---------------
Opcode: E8
Instruction:INX Addressing Mode:Implied - Operand (Value: "None", Address: "None")
Instruction cycle count set to 2
A |X |Y |SP |PC   |T/MT |NV-BDIZC |CYCLE
----------------------------------------
24|CE|00|FE |EC0B |1/2  |10100100 |2899
24|CE|00|FE |EC0B |2/2  |10100100 |2900


---------------
Opcode: D0
ll: F7
Old PC: EC0D Offset:-9 New PC: EC04
Instruction:BNE Addressing Mode:Relative - Operand (Value: "None", Address: "0xEC04")
Instruction cycle count set to 2
A |X |Y |SP |PC   |T/MT |NV-BDIZC |CYCLE
----------------------------------------
24|CE|00|FE |EC04 |1/3  |10100100 |2901
24|CE|00|FE |EC04 |2/3  |10100100 |2902
24|CE|00|FE |EC04 |3/3  |10100100 |2903


---------------
Opcode: BD
ll: 10 hh: EC
Instruction:LDA Addressing Mode:AbsoluteX - Operand (Value: "0x02", Address: "0xECDE")
Instruction cycle count set to 4
A |X |Y |SP |PC   |T/MT |NV-BDIZC |CYCLE
----------------------------------------
02|CE|00|FE |EC07 |1/4  |00100100 |2904
02|CE|00|FE |EC07 |2/4  |00100100 |2905
02|CE|00|FE |EC07 |3/4  |00100100 |2906
02|CE|00|FE |EC07 |4/4  |00100100 |2907


---------------
Opcode: 9D
ll: 00 hh: 07
Instruction:STA Addressing Mode:AbsoluteX - Operand (Value: "0x00", Address: "0x07CE")
Writing value 0x02 to address: 0x07CE
0x07CE: 0x02
Instruction cycle count set to 5
A |X |Y |SP |PC   |T/MT |NV-BDIZC |CYCLE
----------------------------------------
02|CE|00|FE |EC0A |1/5  |00100100 |2908
02|CE|00|FE |EC0A |2/5  |00100100 |2909
02|CE|00|FE |EC0A |3/5  |00100100 |2910
02|CE|00|FE |EC0A |4/5  |00100100 |2911
02|CE|00|FE |EC0A |5/5  |00100100 |2912


---------------
Opcode: E8
Instruction:INX Addressing Mode:Implied - Operand (Value: "None", Address: "None")
Instruction cycle count set to 2
A |X |Y |SP |PC   |T/MT |NV-BDIZC |CYCLE
----------------------------------------
02|CF|00|FE |EC0B |1/2  |10100100 |2913
02|CF|00|FE |EC0B |2/2  |10100100 |2914


---------------
Opcode: D0
ll: F7
Old PC: EC0D Offset:-9 New PC: EC04
Instruction:BNE Addressing Mode:Relative - Operand (Value: "None", Address: "0xEC04")
Instruction cycle count set to 2
A |X |Y |SP |PC   |T/MT |NV-BDIZC |CYCLE
----------------------------------------
02|CF|00|FE |EC04 |1/3  |10100100 |2915
02|CF|00|FE |EC04 |2/3  |10100100 |2916
02|CF|00|FE |EC04 |3/3  |10100100 |2917


---------------
Opcode: BD
ll: 10 hh: EC
Instruction:LDA Addressing Mode:AbsoluteX - Operand (Value: "0xE8", Address: "0xECDF")
Instruction cycle count set to 4
A |X |Y |SP |PC   |T/MT |NV-BDIZC |CYCLE
----------------------------------------
E8|CF|00|FE |EC07 |1/4  |10100100 |2918
E8|CF|00|FE |EC07 |2/4  |10100100 |2919
E8|CF|00|FE |EC07 |3/4  |10100100 |2920
E8|CF|00|FE |EC07 |4/4  |10100100 |2921


---------------
Opcode: 9D
ll: 00 hh: 07
Instruction:STA Addressing Mode:AbsoluteX - Operand (Value: "0x00", Address: "0x07CF")
Writing value 0xE8 to address: 0x07CF
0x07CF: 0xE8
Instruction cycle count set to 5
A |X |Y |SP |PC   |T/MT |NV-BDIZC |CYCLE
----------------------------------------
E8|CF|00|FE |EC0A |1/5  |10100100 |2922
E8|CF|00|FE |EC0A |2/5  |10100100 |2923
E8|CF|00|FE |EC0A |3/5  |10100100 |2924
E8|CF|00|FE |EC0A |4/5  |10100100 |2925
E8|CF|00|FE |EC0A |5/5  |10100100 |2926


---------------
Opcode: E8
Instruction:INX Addressing Mode:Implied - Operand (Value: "None", Address: "None")
Instruction cycle count set to 2
A |X |Y |SP |PC   |T/MT |NV-BDIZC |CYCLE
----------------------------------------
E8|D0|00|FE |EC0B |1/2  |10100100 |2927
E8|D0|00|FE |EC0B |2/2  |10100100 |2928


---------------
Opcode: D0
ll: F7
Old PC: EC0D Offset:-9 New PC: EC04
Instruction:BNE Addressing Mode:Relative - Operand (Value: "None", Address: "0xEC04")
Instruction cycle count set to 2
A |X |Y |SP |PC   |T/MT |NV-BDIZC |CYCLE
----------------------------------------
E8|D0|00|FE |EC04 |1/3  |10100100 |2929
E8|D0|00|FE |EC04 |2/3  |10100100 |2930
E8|D0|00|FE |EC04 |3/3  |10100100 |2931


---------------
Opcode: BD
ll: 10 hh: EC
Instruction:LDA Addressing Mode:AbsoluteX - Operand (Value: "0x8A", Address: "0xECE0")
Instruction cycle count set to 4
A |X |Y |SP |PC   |T/MT |NV-BDIZC |CYCLE
----------------------------------------
8A|D0|00|FE |EC07 |1/4  |10100100 |2932
8A|D0|00|FE |EC07 |2/4  |10100100 |2933
8A|D0|00|FE |EC07 |3/4  |10100100 |2934
8A|D0|00|FE |EC07 |4/4  |10100100 |2935


---------------
Opcode: 9D
ll: 00 hh: 07
Instruction:STA Addressing Mode:AbsoluteX - Operand (Value: "0x00", Address: "0x07D0")
Writing value 0x8A to address: 0x07D0
0x07D0: 0x8A
Instruction cycle count set to 5
A |X |Y |SP |PC   |T/MT |NV-BDIZC |CYCLE
----------------------------------------
8A|D0|00|FE |EC0A |1/5  |10100100 |2936
8A|D0|00|FE |EC0A |2/5  |10100100 |2937
8A|D0|00|FE |EC0A |3/5  |10100100 |2938
8A|D0|00|FE |EC0A |4/5  |10100100 |2939
8A|D0|00|FE |EC0A |5/5  |10100100 |2940


---------------
Opcode: E8
Instruction:INX Addressing Mode:Implied - Operand (Value: "None", Address: "None")
Instruction cycle count set to 2
A |X |Y |SP |PC   |T/MT |NV-BDIZC |CYCLE
----------------------------------------
8A|D1|00|FE |EC0B |1/2  |10100100 |2941
8A|D1|00|FE |EC0B |2/2  |10100100 |2942


---------------
Opcode: D0
ll: F7
Old PC: EC0D Offset:-9 New PC: EC04
Instruction:BNE Addressing Mode:Relative - Operand (Value: "None", Address: "0xEC04")
Instruction cycle count set to 2
A |X |Y |SP |PC   |T/MT |NV-BDIZC |CYCLE
----------------------------------------
8A|D1|00|FE |EC04 |1/3  |10100100 |2943
8A|D1|00|FE |EC04 |2/3  |10100100 |2944
8A|D1|00|FE |EC04 |3/3  |10100100 |2945


---------------
Opcode: BD
ll: 10 hh: EC
Instruction:LDA Addressing Mode:AbsoluteX - Operand (Value: "0x20", Address: "0xECE1")
Instruction cycle count set to 4
A |X |Y |SP |PC   |T/MT |NV-BDIZC |CYCLE
----------------------------------------
20|D1|00|FE |EC07 |1/4  |00100100 |2946
20|D1|00|FE |EC07 |2/4  |00100100 |2947
20|D1|00|FE |EC07 |3/4  |00100100 |2948
20|D1|00|FE |EC07 |4/4  |00100100 |2949


---------------
Opcode: 9D
ll: 00 hh: 07
Instruction:STA Addressing Mode:AbsoluteX - Operand (Value: "0x00", Address: "0x07D1")
Writing value 0x20 to address: 0x07D1
0x07D1: 0x20
Instruction cycle count set to 5
A |X |Y |SP |PC   |T/MT |NV-BDIZC |CYCLE
----------------------------------------
20|D1|00|FE |EC0A |1/5  |00100100 |2950
20|D1|00|FE |EC0A |2/5  |00100100 |2951
20|D1|00|FE |EC0A |3/5  |00100100 |2952
20|D1|00|FE |EC0A |4/5  |00100100 |2953
20|D1|00|FE |EC0A |5/5  |00100100 |2954


---------------
Opcode: E8
Instruction:INX Addressing Mode:Implied - Operand (Value: "None", Address: "None")
Instruction cycle count set to 2
A |X |Y |SP |PC   |T/MT |NV-BDIZC |CYCLE
----------------------------------------
20|D2|00|FE |EC0B |1/2  |10100100 |2955
20|D2|00|FE |EC0B |2/2  |10100100 |2956


---------------
Opcode: D0
ll: F7
Old PC: EC0D Offset:-9 New PC: EC04
Instruction:BNE Addressing Mode:Relative - Operand (Value: "None", Address: "0xEC04")
Instruction cycle count set to 2
A |X |Y |SP |PC   |T/MT |NV-BDIZC |CYCLE
----------------------------------------
20|D2|00|FE |EC04 |1/3  |10100100 |2957
20|D2|00|FE |EC04 |2/3  |10100100 |2958
20|D2|00|FE |EC04 |3/3  |10100100 |2959


---------------
Opcode: BD
ll: 10 hh: EC
Instruction:LDA Addressing Mode:AbsoluteX - Operand (Value: "0x2F", Address: "0xECE2")
Instruction cycle count set to 4
A |X |Y |SP |PC   |T/MT |NV-BDIZC |CYCLE
----------------------------------------
2F|D2|00|FE |EC07 |1/4  |00100100 |2960
2F|D2|00|FE |EC07 |2/4  |00100100 |2961
2F|D2|00|FE |EC07 |3/4  |00100100 |2962
2F|D2|00|FE |EC07 |4/4  |00100100 |2963


---------------
Opcode: 9D
ll: 00 hh: 07
Instruction:STA Addressing Mode:AbsoluteX - Operand (Value: "0x00", Address: "0x07D2")
Writing value 0x2F to address: 0x07D2
0x07D2: 0x2F
Instruction cycle count set to 5
A |X |Y |SP |PC   |T/MT |NV-BDIZC |CYCLE
----------------------------------------
2F|D2|00|FE |EC0A |1/5  |00100100 |2964
2F|D2|00|FE |EC0A |2/5  |00100100 |2965
2F|D2|00|FE |EC0A |3/5  |00100100 |2966
2F|D2|00|FE |EC0A |4/5  |00100100 |2967
2F|D2|00|FE |EC0A |5/5  |00100100 |2968


---------------
Opcode: E8
Instruction:INX Addressing Mode:Implied - Operand (Value: "None", Address: "None")
Instruction cycle count set to 2
A |X |Y |SP |PC   |T/MT |NV-BDIZC |CYCLE
----------------------------------------
2F|D3|00|FE |EC0B |1/2  |10100100 |2969
2F|D3|00|FE |EC0B |2/2  |10100100 |2970


---------------
Opcode: D0
ll: F7
Old PC: EC0D Offset:-9 New PC: EC04
Instruction:BNE Addressing Mode:Relative - Operand (Value: "None", Address: "0xEC04")
Instruction cycle count set to 2
A |X |Y |SP |PC   |T/MT |NV-BDIZC |CYCLE
----------------------------------------
2F|D3|00|FE |EC04 |1/3  |10100100 |2971
2F|D3|00|FE |EC04 |2/3  |10100100 |2972
2F|D3|00|FE |EC04 |3/3  |10100100 |2973


---------------
Opcode: BD
ll: 10 hh: EC
Instruction:LDA Addressing Mode:AbsoluteX - Operand (Value: "0xE6", Address: "0xECE3")
Instruction cycle count set to 4
A |X |Y |SP |PC   |T/MT |NV-BDIZC |CYCLE
----------------------------------------
E6|D3|00|FE |EC07 |1/4  |10100100 |2974
E6|D3|00|FE |EC07 |2/4  |10100100 |2975
E6|D3|00|FE |EC07 |3/4  |10100100 |2976
E6|D3|00|FE |EC07 |4/4  |10100100 |2977


---------------
Opcode: 9D
ll: 00 hh: 07
Instruction:STA Addressing Mode:AbsoluteX - Operand (Value: "0x00", Address: "0x07D3")
Writing value 0xE6 to address: 0x07D3
0x07D3: 0xE6
Instruction cycle count set to 5
A |X |Y |SP |PC   |T/MT |NV-BDIZC |CYCLE
----------------------------------------
E6|D3|00|FE |EC0A |1/5  |10100100 |2978
E6|D3|00|FE |EC0A |2/5  |10100100 |2979
E6|D3|00|FE |EC0A |3/5  |10100100 |2980
E6|D3|00|FE |EC0A |4/5  |10100100 |2981
E6|D3|00|FE |EC0A |5/5  |10100100 |2982


---------------
Opcode: E8
Instruction:INX Addressing Mode:Implied - Operand (Value: "None", Address: "None")
Instruction cycle count set to 2
A |X |Y |SP |PC   |T/MT |NV-BDIZC |CYCLE
----------------------------------------
E6|D4|00|FE |EC0B |1/2  |10100100 |2983
E6|D4|00|FE |EC0B |2/2  |10100100 |2984


---------------
Opcode: D0
ll: F7
Old PC: EC0D Offset:-9 New PC: EC04
Instruction:BNE Addressing Mode:Relative - Operand (Value: "None", Address: "0xEC04")
Instruction cycle count set to 2
A |X |Y |SP |PC   |T/MT |NV-BDIZC |CYCLE
----------------------------------------
E6|D4|00|FE |EC04 |1/3  |10100100 |2985
E6|D4|00|FE |EC04 |2/3  |10100100 |2986
E6|D4|00|FE |EC04 |3/3  |10100100 |2987


---------------
Opcode: BD
ll: 10 hh: EC
Instruction:LDA Addressing Mode:AbsoluteX - Operand (Value: "0x20", Address: "0xECE4")
Instruction cycle count set to 4
A |X |Y |SP |PC   |T/MT |NV-BDIZC |CYCLE
----------------------------------------
20|D4|00|FE |EC07 |1/4  |00100100 |2988
20|D4|00|FE |EC07 |2/4  |00100100 |2989
20|D4|00|FE |EC07 |3/4  |00100100 |2990
20|D4|00|FE |EC07 |4/4  |00100100 |2991


---------------
Opcode: 9D
ll: 00 hh: 07
Instruction:STA Addressing Mode:AbsoluteX - Operand (Value: "0x00", Address: "0x07D4")
Writing value 0x20 to address: 0x07D4
0x07D4: 0x20
Instruction cycle count set to 5
A |X |Y |SP |PC   |T/MT |NV-BDIZC |CYCLE
----------------------------------------
20|D4|00|FE |EC0A |1/5  |00100100 |2992
20|D4|00|FE |EC0A |2/5  |00100100 |2993
20|D4|00|FE |EC0A |3/5  |00100100 |2994
20|D4|00|FE |EC0A |4/5  |00100100 |2995
20|D4|00|FE |EC0A |5/5  |00100100 |2996


---------------
Opcode: E8
Instruction:INX Addressing Mode:Implied - Operand (Value: "None", Address: "None")
Instruction cycle count set to 2
A |X |Y |SP |PC   |T/MT |NV-BDIZC |CYCLE
----------------------------------------
20|D5|00|FE |EC0B |1/2  |10100100 |2997
20|D5|00|FE |EC0B |2/2  |10100100 |2998
emulation behind by 210.464736ms. trying to catch up...


---------------
Opcode: D0
ll: F7
Old PC: EC0D Offset:-9 New PC: EC04
Instruction:BNE Addressing Mode:Relative - Operand (Value: "None", Address: "0xEC04")
Instruction cycle count set to 2
A |X |Y |SP |PC   |T/MT |NV-BDIZC |CYCLE
----------------------------------------
20|D5|00|FE |EC04 |1/3  |10100100 |2999
20|D5|00|FE |EC04 |2/3  |10100100 |3000
20|D5|00|FE |EC04 |3/3  |10100100 |3001


---------------
Opcode: BD
ll: 10 hh: EC
Instruction:LDA Addressing Mode:AbsoluteX - Operand (Value: "0x01", Address: "0xECE5")
Instruction cycle count set to 4
A |X |Y |SP |PC   |T/MT |NV-BDIZC |CYCLE
----------------------------------------
01|D5|00|FE |EC07 |1/4  |00100100 |3002
01|D5|00|FE |EC07 |2/4  |00100100 |3003
01|D5|00|FE |EC07 |3/4  |00100100 |3004
01|D5|00|FE |EC07 |4/4  |00100100 |3005


---------------
Opcode: 9D
ll: 00 hh: 07
Instruction:STA Addressing Mode:AbsoluteX - Operand (Value: "0x00", Address: "0x07D5")
Writing value 0x01 to address: 0x07D5
0x07D5: 0x01
Instruction cycle count set to 5
A |X |Y |SP |PC   |T/MT |NV-BDIZC |CYCLE
----------------------------------------
01|D5|00|FE |EC0A |1/5  |00100100 |3006
01|D5|00|FE |EC0A |2/5  |00100100 |3007
01|D5|00|FE |EC0A |3/5  |00100100 |3008
01|D5|00|FE |EC0A |4/5  |00100100 |3009
01|D5|00|FE |EC0A |5/5  |00100100 |3010


---------------
Opcode: E8
Instruction:INX Addressing Mode:Implied - Operand (Value: "None", Address: "None")
Instruction cycle count set to 2
A |X |Y |SP |PC   |T/MT |NV-BDIZC |CYCLE
----------------------------------------
01|D6|00|FE |EC0B |1/2  |10100100 |3011
01|D6|00|FE |EC0B |2/2  |10100100 |3012


---------------
Opcode: D0
ll: F7
Old PC: EC0D Offset:-9 New PC: EC04
Instruction:BNE Addressing Mode:Relative - Operand (Value: "None", Address: "0xEC04")
Instruction cycle count set to 2
A |X |Y |SP |PC   |T/MT |NV-BDIZC |CYCLE
----------------------------------------
01|D6|00|FE |EC04 |1/3  |10100100 |3013
01|D6|00|FE |EC04 |2/3  |10100100 |3014
01|D6|00|FE |EC04 |3/3  |10100100 |3015


---------------
Opcode: BD
ll: 10 hh: EC
Instruction:LDA Addressing Mode:AbsoluteX - Operand (Value: "0xE6", Address: "0xECE6")
Instruction cycle count set to 4
A |X |Y |SP |PC   |T/MT |NV-BDIZC |CYCLE
----------------------------------------
E6|D6|00|FE |EC07 |1/4  |10100100 |3016
E6|D6|00|FE |EC07 |2/4  |10100100 |3017
E6|D6|00|FE |EC07 |3/4  |10100100 |3018
E6|D6|00|FE |EC07 |4/4  |10100100 |3019


---------------
Opcode: 9D
ll: 00 hh: 07
Instruction:STA Addressing Mode:AbsoluteX - Operand (Value: "0x00", Address: "0x07D6")
Writing value 0xE6 to address: 0x07D6
0x07D6: 0xE6
Instruction cycle count set to 5
A |X |Y |SP |PC   |T/MT |NV-BDIZC |CYCLE
----------------------------------------
E6|D6|00|FE |EC0A |1/5  |10100100 |3020
E6|D6|00|FE |EC0A |2/5  |10100100 |3021
E6|D6|00|FE |EC0A |3/5  |10100100 |3022
E6|D6|00|FE |EC0A |4/5  |10100100 |3023
E6|D6|00|FE |EC0A |5/5  |10100100 |3024


---------------
Opcode: E8
Instruction:INX Addressing Mode:Implied - Operand (Value: "None", Address: "None")
Instruction cycle count set to 2
A |X |Y |SP |PC   |T/MT |NV-BDIZC |CYCLE
----------------------------------------
E6|D7|00|FE |EC0B |1/2  |10100100 |3025
E6|D7|00|FE |EC0B |2/2  |10100100 |3026


---------------
Opcode: D0
ll: F7
Old PC: EC0D Offset:-9 New PC: EC04
Instruction:BNE Addressing Mode:Relative - Operand (Value: "None", Address: "0xEC04")
Instruction cycle count set to 2
A |X |Y |SP |PC   |T/MT |NV-BDIZC |CYCLE
----------------------------------------
E6|D7|00|FE |EC04 |1/3  |10100100 |3027
E6|D7|00|FE |EC04 |2/3  |10100100 |3028
E6|D7|00|FE |EC04 |3/3  |10100100 |3029


---------------
Opcode: BD
ll: 10 hh: EC
Instruction:LDA Addressing Mode:AbsoluteX - Operand (Value: "0x20", Address: "0xECE7")
Instruction cycle count set to 4
A |X |Y |SP |PC   |T/MT |NV-BDIZC |CYCLE
----------------------------------------
20|D7|00|FE |EC07 |1/4  |00100100 |3030
20|D7|00|FE |EC07 |2/4  |00100100 |3031
20|D7|00|FE |EC07 |3/4  |00100100 |3032
20|D7|00|FE |EC07 |4/4  |00100100 |3033


---------------
Opcode: 9D
ll: 00 hh: 07
Instruction:STA Addressing Mode:AbsoluteX - Operand (Value: "0x00", Address: "0x07D7")
Writing value 0x20 to address: 0x07D7
0x07D7: 0x20
Instruction cycle count set to 5
A |X |Y |SP |PC   |T/MT |NV-BDIZC |CYCLE
----------------------------------------
20|D7|00|FE |EC0A |1/5  |00100100 |3034
20|D7|00|FE |EC0A |2/5  |00100100 |3035
20|D7|00|FE |EC0A |3/5  |00100100 |3036
20|D7|00|FE |EC0A |4/5  |00100100 |3037
20|D7|00|FE |EC0A |5/5  |00100100 |3038


---------------
Opcode: E8
Instruction:INX Addressing Mode:Implied - Operand (Value: "None", Address: "None")
Instruction cycle count set to 2
A |X |Y |SP |PC   |T/MT |NV-BDIZC |CYCLE
----------------------------------------
20|D8|00|FE |EC0B |1/2  |10100100 |3039
20|D8|00|FE |EC0B |2/2  |10100100 |3040


---------------
Opcode: D0
ll: F7
Old PC: EC0D Offset:-9 New PC: EC04
Instruction:BNE Addressing Mode:Relative - Operand (Value: "None", Address: "0xEC04")
Instruction cycle count set to 2
A |X |Y |SP |PC   |T/MT |NV-BDIZC |CYCLE
----------------------------------------
20|D8|00|FE |EC04 |1/3  |10100100 |3041
20|D8|00|FE |EC04 |2/3  |10100100 |3042
20|D8|00|FE |EC04 |3/3  |10100100 |3043


---------------
Opcode: BD
ll: 10 hh: EC
Instruction:LDA Addressing Mode:AbsoluteX - Operand (Value: "0x6F", Address: "0xECE8")
Instruction cycle count set to 4
A |X |Y |SP |PC   |T/MT |NV-BDIZC |CYCLE
----------------------------------------
6F|D8|00|FE |EC07 |1/4  |00100100 |3044
6F|D8|00|FE |EC07 |2/4  |00100100 |3045
6F|D8|00|FE |EC07 |3/4  |00100100 |3046
6F|D8|00|FE |EC07 |4/4  |00100100 |3047


---------------
Opcode: 9D
ll: 00 hh: 07
Instruction:STA Addressing Mode:AbsoluteX - Operand (Value: "0x00", Address: "0x07D8")
Writing value 0x6F to address: 0x07D8
0x07D8: 0x6F
Instruction cycle count set to 5
A |X |Y |SP |PC   |T/MT |NV-BDIZC |CYCLE
----------------------------------------
6F|D8|00|FE |EC0A |1/5  |00100100 |3048
6F|D8|00|FE |EC0A |2/5  |00100100 |3049
6F|D8|00|FE |EC0A |3/5  |00100100 |3050
6F|D8|00|FE |EC0A |4/5  |00100100 |3051
6F|D8|00|FE |EC0A |5/5  |00100100 |3052


---------------
Opcode: E8
Instruction:INX Addressing Mode:Implied - Operand (Value: "None", Address: "None")
Instruction cycle count set to 2
A |X |Y |SP |PC   |T/MT |NV-BDIZC |CYCLE
----------------------------------------
6F|D9|00|FE |EC0B |1/2  |10100100 |3053
6F|D9|00|FE |EC0B |2/2  |10100100 |3054


---------------
Opcode: D0
ll: F7
Old PC: EC0D Offset:-9 New PC: EC04
Instruction:BNE Addressing Mode:Relative - Operand (Value: "None", Address: "0xEC04")
Instruction cycle count set to 2
A |X |Y |SP |PC   |T/MT |NV-BDIZC |CYCLE
----------------------------------------
6F|D9|00|FE |EC04 |1/3  |10100100 |3055
6F|D9|00|FE |EC04 |2/3  |10100100 |3056
6F|D9|00|FE |EC04 |3/3  |10100100 |3057


---------------
Opcode: BD
ll: 10 hh: EC
Instruction:LDA Addressing Mode:AbsoluteX - Operand (Value: "0x66", Address: "0xECE9")
Instruction cycle count set to 4
A |X |Y |SP |PC   |T/MT |NV-BDIZC |CYCLE
----------------------------------------
66|D9|00|FE |EC07 |1/4  |00100100 |3058
66|D9|00|FE |EC07 |2/4  |00100100 |3059
66|D9|00|FE |EC07 |3/4  |00100100 |3060
66|D9|00|FE |EC07 |4/4  |00100100 |3061


---------------
Opcode: 9D
ll: 00 hh: 07
Instruction:STA Addressing Mode:AbsoluteX - Operand (Value: "0x00", Address: "0x07D9")
Writing value 0x66 to address: 0x07D9
0x07D9: 0x66
Instruction cycle count set to 5
A |X |Y |SP |PC   |T/MT |NV-BDIZC |CYCLE
----------------------------------------
66|D9|00|FE |EC0A |1/5  |00100100 |3062
66|D9|00|FE |EC0A |2/5  |00100100 |3063
66|D9|00|FE |EC0A |3/5  |00100100 |3064
66|D9|00|FE |EC0A |4/5  |00100100 |3065
66|D9|00|FE |EC0A |5/5  |00100100 |3066


---------------
Opcode: E8
Instruction:INX Addressing Mode:Implied - Operand (Value: "None", Address: "None")
Instruction cycle count set to 2
A |X |Y |SP |PC   |T/MT |NV-BDIZC |CYCLE
----------------------------------------
66|DA|00|FE |EC0B |1/2  |10100100 |3067
66|DA|00|FE |EC0B |2/2  |10100100 |3068


---------------
Opcode: D0
ll: F7
Old PC: EC0D Offset:-9 New PC: EC04
Instruction:BNE Addressing Mode:Relative - Operand (Value: "None", Address: "0xEC04")
Instruction cycle count set to 2
A |X |Y |SP |PC   |T/MT |NV-BDIZC |CYCLE
----------------------------------------
66|DA|00|FE |EC04 |1/3  |10100100 |3069
66|DA|00|FE |EC04 |2/3  |10100100 |3070
66|DA|00|FE |EC04 |3/3  |10100100 |3071


---------------
Opcode: BD
ll: 10 hh: EC
Instruction:LDA Addressing Mode:AbsoluteX - Operand (Value: "0x20", Address: "0xECEA")
Instruction cycle count set to 4
A |X |Y |SP |PC   |T/MT |NV-BDIZC |CYCLE
----------------------------------------
20|DA|00|FE |EC07 |1/4  |00100100 |3072
20|DA|00|FE |EC07 |2/4  |00100100 |3073
20|DA|00|FE |EC07 |3/4  |00100100 |3074
20|DA|00|FE |EC07 |4/4  |00100100 |3075


---------------
Opcode: 9D
ll: 00 hh: 07
Instruction:STA Addressing Mode:AbsoluteX - Operand (Value: "0x00", Address: "0x07DA")
Writing value 0x20 to address: 0x07DA
0x07DA: 0x20
Instruction cycle count set to 5
A |X |Y |SP |PC   |T/MT |NV-BDIZC |CYCLE
----------------------------------------
20|DA|00|FE |EC0A |1/5  |00100100 |3076
20|DA|00|FE |EC0A |2/5  |00100100 |3077
20|DA|00|FE |EC0A |3/5  |00100100 |3078
20|DA|00|FE |EC0A |4/5  |00100100 |3079
20|DA|00|FE |EC0A |5/5  |00100100 |3080


---------------
Opcode: E8
Instruction:INX Addressing Mode:Implied - Operand (Value: "None", Address: "None")
Instruction cycle count set to 2
A |X |Y |SP |PC   |T/MT |NV-BDIZC |CYCLE
----------------------------------------
20|DB|00|FE |EC0B |1/2  |10100100 |3081
20|DB|00|FE |EC0B |2/2  |10100100 |3082


---------------
Opcode: D0
ll: F7
Old PC: EC0D Offset:-9 New PC: EC04
Instruction:BNE Addressing Mode:Relative - Operand (Value: "None", Address: "0xEC04")
Instruction cycle count set to 2
A |X |Y |SP |PC   |T/MT |NV-BDIZC |CYCLE
----------------------------------------
20|DB|00|FE |EC04 |1/3  |10100100 |3083
20|DB|00|FE |EC04 |2/3  |10100100 |3084
20|DB|00|FE |EC04 |3/3  |10100100 |3085


---------------
Opcode: BD
ll: 10 hh: EC
Instruction:LDA Addressing Mode:AbsoluteX - Operand (Value: "0x31", Address: "0xECEB")
Instruction cycle count set to 4
A |X |Y |SP |PC   |T/MT |NV-BDIZC |CYCLE
----------------------------------------
31|DB|00|FE |EC07 |1/4  |00100100 |3086
31|DB|00|FE |EC07 |2/4  |00100100 |3087
31|DB|00|FE |EC07 |3/4  |00100100 |3088
31|DB|00|FE |EC07 |4/4  |00100100 |3089


---------------
Opcode: 9D
ll: 00 hh: 07
Instruction:STA Addressing Mode:AbsoluteX - Operand (Value: "0x00", Address: "0x07DB")
Writing value 0x31 to address: 0x07DB
0x07DB: 0x31
Instruction cycle count set to 5
A |X |Y |SP |PC   |T/MT |NV-BDIZC |CYCLE
----------------------------------------
31|DB|00|FE |EC0A |1/5  |00100100 |3090
31|DB|00|FE |EC0A |2/5  |00100100 |3091
31|DB|00|FE |EC0A |3/5  |00100100 |3092
31|DB|00|FE |EC0A |4/5  |00100100 |3093
31|DB|00|FE |EC0A |5/5  |00100100 |3094


---------------
Opcode: E8
Instruction:INX Addressing Mode:Implied - Operand (Value: "None", Address: "None")
Instruction cycle count set to 2
A |X |Y |SP |PC   |T/MT |NV-BDIZC |CYCLE
----------------------------------------
31|DC|00|FE |EC0B |1/2  |10100100 |3095
31|DC|00|FE |EC0B |2/2  |10100100 |3096


---------------
Opcode: D0
ll: F7
Old PC: EC0D Offset:-9 New PC: EC04
Instruction:BNE Addressing Mode:Relative - Operand (Value: "None", Address: "0xEC04")
Instruction cycle count set to 2
A |X |Y |SP |PC   |T/MT |NV-BDIZC |CYCLE
----------------------------------------
31|DC|00|FE |EC04 |1/3  |10100100 |3097
31|DC|00|FE |EC04 |2/3  |10100100 |3098
31|DC|00|FE |EC04 |3/3  |10100100 |3099


---------------
Opcode: BD
ll: 10 hh: EC
Instruction:LDA Addressing Mode:AbsoluteX - Operand (Value: "0x36", Address: "0xECEC")
Instruction cycle count set to 4
A |X |Y |SP |PC   |T/MT |NV-BDIZC |CYCLE
----------------------------------------
36|DC|00|FE |EC07 |1/4  |00100100 |3100
36|DC|00|FE |EC07 |2/4  |00100100 |3101
36|DC|00|FE |EC07 |3/4  |00100100 |3102
36|DC|00|FE |EC07 |4/4  |00100100 |3103


---------------
Opcode: 9D
ll: 00 hh: 07
Instruction:STA Addressing Mode:AbsoluteX - Operand (Value: "0x00", Address: "0x07DC")
Writing value 0x36 to address: 0x07DC
0x07DC: 0x36
Instruction cycle count set to 5
A |X |Y |SP |PC   |T/MT |NV-BDIZC |CYCLE
----------------------------------------
36|DC|00|FE |EC0A |1/5  |00100100 |3104
36|DC|00|FE |EC0A |2/5  |00100100 |3105
36|DC|00|FE |EC0A |3/5  |00100100 |3106
36|DC|00|FE |EC0A |4/5  |00100100 |3107
36|DC|00|FE |EC0A |5/5  |00100100 |3108


---------------
Opcode: E8
Instruction:INX Addressing Mode:Implied - Operand (Value: "None", Address: "None")
Instruction cycle count set to 2
A |X |Y |SP |PC   |T/MT |NV-BDIZC |CYCLE
----------------------------------------
36|DD|00|FE |EC0B |1/2  |10100100 |3109
36|DD|00|FE |EC0B |2/2  |10100100 |3110


---------------
Opcode: D0
ll: F7
Old PC: EC0D Offset:-9 New PC: EC04
Instruction:BNE Addressing Mode:Relative - Operand (Value: "None", Address: "0xEC04")
Instruction cycle count set to 2
A |X |Y |SP |PC   |T/MT |NV-BDIZC |CYCLE
----------------------------------------
36|DD|00|FE |EC04 |1/3  |10100100 |3111
36|DD|00|FE |EC04 |2/3  |10100100 |3112
36|DD|00|FE |EC04 |3/3  |10100100 |3113


---------------
Opcode: BD
ll: 10 hh: EC
Instruction:LDA Addressing Mode:AbsoluteX - Operand (Value: "0x0A", Address: "0xECED")
Instruction cycle count set to 4
A |X |Y |SP |PC   |T/MT |NV-BDIZC |CYCLE
----------------------------------------
0A|DD|00|FE |EC07 |1/4  |00100100 |3114
0A|DD|00|FE |EC07 |2/4  |00100100 |3115
0A|DD|00|FE |EC07 |3/4  |00100100 |3116
0A|DD|00|FE |EC07 |4/4  |00100100 |3117


---------------
Opcode: 9D
ll: 00 hh: 07
Instruction:STA Addressing Mode:AbsoluteX - Operand (Value: "0x00", Address: "0x07DD")
Writing value 0x0A to address: 0x07DD
0x07DD: 0x0A
Instruction cycle count set to 5
A |X |Y |SP |PC   |T/MT |NV-BDIZC |CYCLE
----------------------------------------
0A|DD|00|FE |EC0A |1/5  |00100100 |3118
0A|DD|00|FE |EC0A |2/5  |00100100 |3119
0A|DD|00|FE |EC0A |3/5  |00100100 |3120
0A|DD|00|FE |EC0A |4/5  |00100100 |3121
0A|DD|00|FE |EC0A |5/5  |00100100 |3122


---------------
Opcode: E8
Instruction:INX Addressing Mode:Implied - Operand (Value: "None", Address: "None")
Instruction cycle count set to 2
A |X |Y |SP |PC   |T/MT |NV-BDIZC |CYCLE
----------------------------------------
0A|DE|00|FE |EC0B |1/2  |10100100 |3123
0A|DE|00|FE |EC0B |2/2  |10100100 |3124


---------------
Opcode: D0
ll: F7
Old PC: EC0D Offset:-9 New PC: EC04
Instruction:BNE Addressing Mode:Relative - Operand (Value: "None", Address: "0xEC04")
Instruction cycle count set to 2
A |X |Y |SP |PC   |T/MT |NV-BDIZC |CYCLE
----------------------------------------
0A|DE|00|FE |EC04 |1/3  |10100100 |3125
0A|DE|00|FE |EC04 |2/3  |10100100 |3126
0A|DE|00|FE |EC04 |3/3  |10100100 |3127


---------------
Opcode: BD
ll: 10 hh: EC
Instruction:LDA Addressing Mode:AbsoluteX - Operand (Value: "0x0A", Address: "0xECEE")
Instruction cycle count set to 4
A |X |Y |SP |PC   |T/MT |NV-BDIZC |CYCLE
----------------------------------------
0A|DE|00|FE |EC07 |1/4  |00100100 |3128
0A|DE|00|FE |EC07 |2/4  |00100100 |3129
0A|DE|00|FE |EC07 |3/4  |00100100 |3130
0A|DE|00|FE |EC07 |4/4  |00100100 |3131


---------------
Opcode: 9D
ll: 00 hh: 07
Instruction:STA Addressing Mode:AbsoluteX - Operand (Value: "0x00", Address: "0x07DE")
Writing value 0x0A to address: 0x07DE
0x07DE: 0x0A
Instruction cycle count set to 5
A |X |Y |SP |PC   |T/MT |NV-BDIZC |CYCLE
----------------------------------------
0A|DE|00|FE |EC0A |1/5  |00100100 |3132
0A|DE|00|FE |EC0A |2/5  |00100100 |3133
0A|DE|00|FE |EC0A |3/5  |00100100 |3134
0A|DE|00|FE |EC0A |4/5  |00100100 |3135
0A|DE|00|FE |EC0A |5/5  |00100100 |3136


---------------
Opcode: E8
Instruction:INX Addressing Mode:Implied - Operand (Value: "None", Address: "None")
Instruction cycle count set to 2
A |X |Y |SP |PC   |T/MT |NV-BDIZC |CYCLE
----------------------------------------
0A|DF|00|FE |EC0B |1/2  |10100100 |3137
0A|DF|00|FE |EC0B |2/2  |10100100 |3138


---------------
Opcode: D0
ll: F7
Old PC: EC0D Offset:-9 New PC: EC04
Instruction:BNE Addressing Mode:Relative - Operand (Value: "None", Address: "0xEC04")
Instruction cycle count set to 2
A |X |Y |SP |PC   |T/MT |NV-BDIZC |CYCLE
----------------------------------------
0A|DF|00|FE |EC04 |1/3  |10100100 |3139
0A|DF|00|FE |EC04 |2/3  |10100100 |3140
0A|DF|00|FE |EC04 |3/3  |10100100 |3141


---------------
Opcode: BD
ll: 10 hh: EC
Instruction:LDA Addressing Mode:AbsoluteX - Operand (Value: "0x0A", Address: "0xECEF")
Instruction cycle count set to 4
A |X |Y |SP |PC   |T/MT |NV-BDIZC |CYCLE
----------------------------------------
0A|DF|00|FE |EC07 |1/4  |00100100 |3142
0A|DF|00|FE |EC07 |2/4  |00100100 |3143
0A|DF|00|FE |EC07 |3/4  |00100100 |3144
0A|DF|00|FE |EC07 |4/4  |00100100 |3145


---------------
Opcode: 9D
ll: 00 hh: 07
Instruction:STA Addressing Mode:AbsoluteX - Operand (Value: "0x00", Address: "0x07DF")
Writing value 0x0A to address: 0x07DF
0x07DF: 0x0A
Instruction cycle count set to 5
A |X |Y |SP |PC   |T/MT |NV-BDIZC |CYCLE
----------------------------------------
0A|DF|00|FE |EC0A |1/5  |00100100 |3146
0A|DF|00|FE |EC0A |2/5  |00100100 |3147
0A|DF|00|FE |EC0A |3/5  |00100100 |3148
0A|DF|00|FE |EC0A |4/5  |00100100 |3149
0A|DF|00|FE |EC0A |5/5  |00100100 |3150


---------------
Opcode: E8
Instruction:INX Addressing Mode:Implied - Operand (Value: "None", Address: "None")
Instruction cycle count set to 2
A |X |Y |SP |PC   |T/MT |NV-BDIZC |CYCLE
----------------------------------------
0A|E0|00|FE |EC0B |1/2  |10100100 |3151
0A|E0|00|FE |EC0B |2/2  |10100100 |3152


---------------
Opcode: D0
ll: F7
Old PC: EC0D Offset:-9 New PC: EC04
Instruction:BNE Addressing Mode:Relative - Operand (Value: "None", Address: "0xEC04")
Instruction cycle count set to 2
A |X |Y |SP |PC   |T/MT |NV-BDIZC |CYCLE
----------------------------------------
0A|E0|00|FE |EC04 |1/3  |10100100 |3153
0A|E0|00|FE |EC04 |2/3  |10100100 |3154
0A|E0|00|FE |EC04 |3/3  |10100100 |3155


---------------
Opcode: BD
ll: 10 hh: EC
Instruction:LDA Addressing Mode:AbsoluteX - Operand (Value: "0x00", Address: "0xECF0")
Instruction cycle count set to 4
A |X |Y |SP |PC   |T/MT |NV-BDIZC |CYCLE
----------------------------------------
00|E0|00|FE |EC07 |1/4  |00100110 |3156
00|E0|00|FE |EC07 |2/4  |00100110 |3157
00|E0|00|FE |EC07 |3/4  |00100110 |3158
00|E0|00|FE |EC07 |4/4  |00100110 |3159


---------------
Opcode: 9D
ll: 00 hh: 07
Instruction:STA Addressing Mode:AbsoluteX - Operand (Value: "0x00", Address: "0x07E0")
Writing value 0x00 to address: 0x07E0
0x07E0: 0x00
Instruction cycle count set to 5
A |X |Y |SP |PC   |T/MT |NV-BDIZC |CYCLE
----------------------------------------
00|E0|00|FE |EC0A |1/5  |00100110 |3160
00|E0|00|FE |EC0A |2/5  |00100110 |3161
00|E0|00|FE |EC0A |3/5  |00100110 |3162
00|E0|00|FE |EC0A |4/5  |00100110 |3163
00|E0|00|FE |EC0A |5/5  |00100110 |3164


---------------
Opcode: E8
Instruction:INX Addressing Mode:Implied - Operand (Value: "None", Address: "None")
Instruction cycle count set to 2
A |X |Y |SP |PC   |T/MT |NV-BDIZC |CYCLE
----------------------------------------
00|E1|00|FE |EC0B |1/2  |10100100 |3165
00|E1|00|FE |EC0B |2/2  |10100100 |3166


---------------
Opcode: D0
ll: F7
Old PC: EC0D Offset:-9 New PC: EC04
Instruction:BNE Addressing Mode:Relative - Operand (Value: "None", Address: "0xEC04")
Instruction cycle count set to 2
A |X |Y |SP |PC   |T/MT |NV-BDIZC |CYCLE
----------------------------------------
00|E1|00|FE |EC04 |1/3  |10100100 |3167
00|E1|00|FE |EC04 |2/3  |10100100 |3168
00|E1|00|FE |EC04 |3/3  |10100100 |3169


---------------
Opcode: BD
ll: 10 hh: EC
Instruction:LDA Addressing Mode:AbsoluteX - Operand (Value: "0x60", Address: "0xECF1")
Instruction cycle count set to 4
A |X |Y |SP |PC   |T/MT |NV-BDIZC |CYCLE
----------------------------------------
60|E1|00|FE |EC07 |1/4  |00100100 |3170
60|E1|00|FE |EC07 |2/4  |00100100 |3171
60|E1|00|FE |EC07 |3/4  |00100100 |3172
60|E1|00|FE |EC07 |4/4  |00100100 |3173


---------------
Opcode: 9D
ll: 00 hh: 07
Instruction:STA Addressing Mode:AbsoluteX - Operand (Value: "0x00", Address: "0x07E1")
Writing value 0x60 to address: 0x07E1
0x07E1: 0x60
Instruction cycle count set to 5
A |X |Y |SP |PC   |T/MT |NV-BDIZC |CYCLE
----------------------------------------
60|E1|00|FE |EC0A |1/5  |00100100 |3174
60|E1|00|FE |EC0A |2/5  |00100100 |3175
60|E1|00|FE |EC0A |3/5  |00100100 |3176
60|E1|00|FE |EC0A |4/5  |00100100 |3177
60|E1|00|FE |EC0A |5/5  |00100100 |3178


---------------
Opcode: E8
Instruction:INX Addressing Mode:Implied - Operand (Value: "None", Address: "None")
Instruction cycle count set to 2
A |X |Y |SP |PC   |T/MT |NV-BDIZC |CYCLE
----------------------------------------
60|E2|00|FE |EC0B |1/2  |10100100 |3179
60|E2|00|FE |EC0B |2/2  |10100100 |3180


---------------
Opcode: D0
ll: F7
Old PC: EC0D Offset:-9 New PC: EC04
Instruction:BNE Addressing Mode:Relative - Operand (Value: "None", Address: "0xEC04")
Instruction cycle count set to 2
A |X |Y |SP |PC   |T/MT |NV-BDIZC |CYCLE
----------------------------------------
60|E2|00|FE |EC04 |1/3  |10100100 |3181
60|E2|00|FE |EC04 |2/3  |10100100 |3182
60|E2|00|FE |EC04 |3/3  |10100100 |3183


---------------
Opcode: BD
ll: 10 hh: EC
Instruction:LDA Addressing Mode:AbsoluteX - Operand (Value: "0x48", Address: "0xECF2")
Instruction cycle count set to 4
A |X |Y |SP |PC   |T/MT |NV-BDIZC |CYCLE
----------------------------------------
48|E2|00|FE |EC07 |1/4  |00100100 |3184
48|E2|00|FE |EC07 |2/4  |00100100 |3185
48|E2|00|FE |EC07 |3/4  |00100100 |3186
48|E2|00|FE |EC07 |4/4  |00100100 |3187


---------------
Opcode: 9D
ll: 00 hh: 07
Instruction:STA Addressing Mode:AbsoluteX - Operand (Value: "0x00", Address: "0x07E2")
Writing value 0x48 to address: 0x07E2
0x07E2: 0x48
Instruction cycle count set to 5
A |X |Y |SP |PC   |T/MT |NV-BDIZC |CYCLE
----------------------------------------
48|E2|00|FE |EC0A |1/5  |00100100 |3188
48|E2|00|FE |EC0A |2/5  |00100100 |3189
48|E2|00|FE |EC0A |3/5  |00100100 |3190
48|E2|00|FE |EC0A |4/5  |00100100 |3191
48|E2|00|FE |EC0A |5/5  |00100100 |3192


---------------
Opcode: E8
Instruction:INX Addressing Mode:Implied - Operand (Value: "None", Address: "None")
Instruction cycle count set to 2
A |X |Y |SP |PC   |T/MT |NV-BDIZC |CYCLE
----------------------------------------
48|E3|00|FE |EC0B |1/2  |10100100 |3193
48|E3|00|FE |EC0B |2/2  |10100100 |3194


---------------
Opcode: D0
ll: F7
Old PC: EC0D Offset:-9 New PC: EC04
Instruction:BNE Addressing Mode:Relative - Operand (Value: "None", Address: "0xEC04")
Instruction cycle count set to 2
A |X |Y |SP |PC   |T/MT |NV-BDIZC |CYCLE
----------------------------------------
48|E3|00|FE |EC04 |1/3  |10100100 |3195
48|E3|00|FE |EC04 |2/3  |10100100 |3196
48|E3|00|FE |EC04 |3/3  |10100100 |3197


---------------
Opcode: BD
ll: 10 hh: EC
Instruction:LDA Addressing Mode:AbsoluteX - Operand (Value: "0xA9", Address: "0xECF3")
Instruction cycle count set to 4
A |X |Y |SP |PC   |T/MT |NV-BDIZC |CYCLE
----------------------------------------
A9|E3|00|FE |EC07 |1/4  |10100100 |3198
A9|E3|00|FE |EC07 |2/4  |10100100 |3199
A9|E3|00|FE |EC07 |3/4  |10100100 |3200
A9|E3|00|FE |EC07 |4/4  |10100100 |3201


---------------
Opcode: 9D
ll: 00 hh: 07
Instruction:STA Addressing Mode:AbsoluteX - Operand (Value: "0x00", Address: "0x07E3")
Writing value 0xA9 to address: 0x07E3
0x07E3: 0xA9
Instruction cycle count set to 5
A |X |Y |SP |PC   |T/MT |NV-BDIZC |CYCLE
----------------------------------------
A9|E3|00|FE |EC0A |1/5  |10100100 |3202
A9|E3|00|FE |EC0A |2/5  |10100100 |3203
A9|E3|00|FE |EC0A |3/5  |10100100 |3204
A9|E3|00|FE |EC0A |4/5  |10100100 |3205
A9|E3|00|FE |EC0A |5/5  |10100100 |3206


---------------
Opcode: E8
Instruction:INX Addressing Mode:Implied - Operand (Value: "None", Address: "None")
Instruction cycle count set to 2
A |X |Y |SP |PC   |T/MT |NV-BDIZC |CYCLE
----------------------------------------
A9|E4|00|FE |EC0B |1/2  |10100100 |3207
A9|E4|00|FE |EC0B |2/2  |10100100 |3208


---------------
Opcode: D0
ll: F7
Old PC: EC0D Offset:-9 New PC: EC04
Instruction:BNE Addressing Mode:Relative - Operand (Value: "None", Address: "0xEC04")
Instruction cycle count set to 2
A |X |Y |SP |PC   |T/MT |NV-BDIZC |CYCLE
----------------------------------------
A9|E4|00|FE |EC04 |1/3  |10100100 |3209
A9|E4|00|FE |EC04 |2/3  |10100100 |3210
A9|E4|00|FE |EC04 |3/3  |10100100 |3211


---------------
Opcode: BD
ll: 10 hh: EC
Instruction:LDA Addressing Mode:AbsoluteX - Operand (Value: "0x30", Address: "0xECF4")
Instruction cycle count set to 4
A |X |Y |SP |PC   |T/MT |NV-BDIZC |CYCLE
----------------------------------------
30|E4|00|FE |EC07 |1/4  |00100100 |3212
30|E4|00|FE |EC07 |2/4  |00100100 |3213
30|E4|00|FE |EC07 |3/4  |00100100 |3214
30|E4|00|FE |EC07 |4/4  |00100100 |3215


---------------
Opcode: 9D
ll: 00 hh: 07
Instruction:STA Addressing Mode:AbsoluteX - Operand (Value: "0x00", Address: "0x07E4")
Writing value 0x30 to address: 0x07E4
0x07E4: 0x30
Instruction cycle count set to 5
A |X |Y |SP |PC   |T/MT |NV-BDIZC |CYCLE
----------------------------------------
30|E4|00|FE |EC0A |1/5  |00100100 |3216
30|E4|00|FE |EC0A |2/5  |00100100 |3217
30|E4|00|FE |EC0A |3/5  |00100100 |3218
30|E4|00|FE |EC0A |4/5  |00100100 |3219
30|E4|00|FE |EC0A |5/5  |00100100 |3220


---------------
Opcode: E8
Instruction:INX Addressing Mode:Implied - Operand (Value: "None", Address: "None")
Instruction cycle count set to 2
A |X |Y |SP |PC   |T/MT |NV-BDIZC |CYCLE
----------------------------------------
30|E5|00|FE |EC0B |1/2  |10100100 |3221
30|E5|00|FE |EC0B |2/2  |10100100 |3222


---------------
Opcode: D0
ll: F7
Old PC: EC0D Offset:-9 New PC: EC04
Instruction:BNE Addressing Mode:Relative - Operand (Value: "None", Address: "0xEC04")
Instruction cycle count set to 2
A |X |Y |SP |PC   |T/MT |NV-BDIZC |CYCLE
----------------------------------------
30|E5|00|FE |EC04 |1/3  |10100100 |3223
30|E5|00|FE |EC04 |2/3  |10100100 |3224
30|E5|00|FE |EC04 |3/3  |10100100 |3225


---------------
Opcode: BD
ll: 10 hh: EC
Instruction:LDA Addressing Mode:AbsoluteX - Operand (Value: "0x20", Address: "0xECF5")
Instruction cycle count set to 4
A |X |Y |SP |PC   |T/MT |NV-BDIZC |CYCLE
----------------------------------------
20|E5|00|FE |EC07 |1/4  |00100100 |3226
20|E5|00|FE |EC07 |2/4  |00100100 |3227
20|E5|00|FE |EC07 |3/4  |00100100 |3228
20|E5|00|FE |EC07 |4/4  |00100100 |3229


---------------
Opcode: 9D
ll: 00 hh: 07
Instruction:STA Addressing Mode:AbsoluteX - Operand (Value: "0x00", Address: "0x07E5")
Writing value 0x20 to address: 0x07E5
0x07E5: 0x20
Instruction cycle count set to 5
A |X |Y |SP |PC   |T/MT |NV-BDIZC |CYCLE
----------------------------------------
20|E5|00|FE |EC0A |1/5  |00100100 |3230
20|E5|00|FE |EC0A |2/5  |00100100 |3231
20|E5|00|FE |EC0A |3/5  |00100100 |3232
20|E5|00|FE |EC0A |4/5  |00100100 |3233
20|E5|00|FE |EC0A |5/5  |00100100 |3234


---------------
Opcode: E8
Instruction:INX Addressing Mode:Implied - Operand (Value: "None", Address: "None")
Instruction cycle count set to 2
A |X |Y |SP |PC   |T/MT |NV-BDIZC |CYCLE
----------------------------------------
20|E6|00|FE |EC0B |1/2  |10100100 |3235
20|E6|00|FE |EC0B |2/2  |10100100 |3236


---------------
Opcode: D0
ll: F7
Old PC: EC0D Offset:-9 New PC: EC04
Instruction:BNE Addressing Mode:Relative - Operand (Value: "None", Address: "0xEC04")
Instruction cycle count set to 2
A |X |Y |SP |PC   |T/MT |NV-BDIZC |CYCLE
----------------------------------------
20|E6|00|FE |EC04 |1/3  |10100100 |3237
20|E6|00|FE |EC04 |2/3  |10100100 |3238
20|E6|00|FE |EC04 |3/3  |10100100 |3239


---------------
Opcode: BD
ll: 10 hh: EC
Instruction:LDA Addressing Mode:AbsoluteX - Operand (Value: "0xE2", Address: "0xECF6")
Instruction cycle count set to 4
A |X |Y |SP |PC   |T/MT |NV-BDIZC |CYCLE
----------------------------------------
E2|E6|00|FE |EC07 |1/4  |10100100 |3240
E2|E6|00|FE |EC07 |2/4  |10100100 |3241
E2|E6|00|FE |EC07 |3/4  |10100100 |3242
E2|E6|00|FE |EC07 |4/4  |10100100 |3243


---------------
Opcode: 9D
ll: 00 hh: 07
Instruction:STA Addressing Mode:AbsoluteX - Operand (Value: "0x00", Address: "0x07E6")
Writing value 0xE2 to address: 0x07E6
0x07E6: 0xE2
Instruction cycle count set to 5
A |X |Y |SP |PC   |T/MT |NV-BDIZC |CYCLE
----------------------------------------
E2|E6|00|FE |EC0A |1/5  |10100100 |3244
E2|E6|00|FE |EC0A |2/5  |10100100 |3245
E2|E6|00|FE |EC0A |3/5  |10100100 |3246
E2|E6|00|FE |EC0A |4/5  |10100100 |3247
E2|E6|00|FE |EC0A |5/5  |10100100 |3248


---------------
Opcode: E8
Instruction:INX Addressing Mode:Implied - Operand (Value: "None", Address: "None")
Instruction cycle count set to 2
A |X |Y |SP |PC   |T/MT |NV-BDIZC |CYCLE
----------------------------------------
E2|E7|00|FE |EC0B |1/2  |10100100 |3249
E2|E7|00|FE |EC0B |2/2  |10100100 |3250


---------------
Opcode: D0
ll: F7
Old PC: EC0D Offset:-9 New PC: EC04
Instruction:BNE Addressing Mode:Relative - Operand (Value: "None", Address: "0xEC04")
Instruction cycle count set to 2
A |X |Y |SP |PC   |T/MT |NV-BDIZC |CYCLE
----------------------------------------
E2|E7|00|FE |EC04 |1/3  |10100100 |3251
E2|E7|00|FE |EC04 |2/3  |10100100 |3252
E2|E7|00|FE |EC04 |3/3  |10100100 |3253


---------------
Opcode: BD
ll: 10 hh: EC
Instruction:LDA Addressing Mode:AbsoluteX - Operand (Value: "0xEA", Address: "0xECF7")
Instruction cycle count set to 4
A |X |Y |SP |PC   |T/MT |NV-BDIZC |CYCLE
----------------------------------------
EA|E7|00|FE |EC07 |1/4  |10100100 |3254
EA|E7|00|FE |EC07 |2/4  |10100100 |3255
EA|E7|00|FE |EC07 |3/4  |10100100 |3256
EA|E7|00|FE |EC07 |4/4  |10100100 |3257


---------------
Opcode: 9D
ll: 00 hh: 07
Instruction:STA Addressing Mode:AbsoluteX - Operand (Value: "0x00", Address: "0x07E7")
Writing value 0xEA to address: 0x07E7
0x07E7: 0xEA
Instruction cycle count set to 5
A |X |Y |SP |PC   |T/MT |NV-BDIZC |CYCLE
----------------------------------------
EA|E7|00|FE |EC0A |1/5  |10100100 |3258
EA|E7|00|FE |EC0A |2/5  |10100100 |3259
EA|E7|00|FE |EC0A |3/5  |10100100 |3260
EA|E7|00|FE |EC0A |4/5  |10100100 |3261
EA|E7|00|FE |EC0A |5/5  |10100100 |3262


---------------
Opcode: E8
Instruction:INX Addressing Mode:Implied - Operand (Value: "None", Address: "None")
Instruction cycle count set to 2
A |X |Y |SP |PC   |T/MT |NV-BDIZC |CYCLE
----------------------------------------
EA|E8|00|FE |EC0B |1/2  |10100100 |3263
EA|E8|00|FE |EC0B |2/2  |10100100 |3264


---------------
Opcode: D0
ll: F7
Old PC: EC0D Offset:-9 New PC: EC04
Instruction:BNE Addressing Mode:Relative - Operand (Value: "None", Address: "0xEC04")
Instruction cycle count set to 2
A |X |Y |SP |PC   |T/MT |NV-BDIZC |CYCLE
----------------------------------------
EA|E8|00|FE |EC04 |1/3  |10100100 |3265
EA|E8|00|FE |EC04 |2/3  |10100100 |3266
EA|E8|00|FE |EC04 |3/3  |10100100 |3267


---------------
Opcode: BD
ll: 10 hh: EC
Instruction:LDA Addressing Mode:AbsoluteX - Operand (Value: "0x68", Address: "0xECF8")
Instruction cycle count set to 4
A |X |Y |SP |PC   |T/MT |NV-BDIZC |CYCLE
----------------------------------------
68|E8|00|FE |EC07 |1/4  |00100100 |3268
68|E8|00|FE |EC07 |2/4  |00100100 |3269
68|E8|00|FE |EC07 |3/4  |00100100 |3270
68|E8|00|FE |EC07 |4/4  |00100100 |3271


---------------
Opcode: 9D
ll: 00 hh: 07
Instruction:STA Addressing Mode:AbsoluteX - Operand (Value: "0x00", Address: "0x07E8")
Writing value 0x68 to address: 0x07E8
0x07E8: 0x68
Instruction cycle count set to 5
A |X |Y |SP |PC   |T/MT |NV-BDIZC |CYCLE
----------------------------------------
68|E8|00|FE |EC0A |1/5  |00100100 |3272
68|E8|00|FE |EC0A |2/5  |00100100 |3273
68|E8|00|FE |EC0A |3/5  |00100100 |3274
68|E8|00|FE |EC0A |4/5  |00100100 |3275
68|E8|00|FE |EC0A |5/5  |00100100 |3276


---------------
Opcode: E8
Instruction:INX Addressing Mode:Implied - Operand (Value: "None", Address: "None")
Instruction cycle count set to 2
A |X |Y |SP |PC   |T/MT |NV-BDIZC |CYCLE
----------------------------------------
68|E9|00|FE |EC0B |1/2  |10100100 |3277
68|E9|00|FE |EC0B |2/2  |10100100 |3278


---------------
Opcode: D0
ll: F7
Old PC: EC0D Offset:-9 New PC: EC04
Instruction:BNE Addressing Mode:Relative - Operand (Value: "None", Address: "0xEC04")
Instruction cycle count set to 2
A |X |Y |SP |PC   |T/MT |NV-BDIZC |CYCLE
----------------------------------------
68|E9|00|FE |EC04 |1/3  |10100100 |3279
68|E9|00|FE |EC04 |2/3  |10100100 |3280
68|E9|00|FE |EC04 |3/3  |10100100 |3281


---------------
Opcode: BD
ll: 10 hh: EC
Instruction:LDA Addressing Mode:AbsoluteX - Operand (Value: "0x8D", Address: "0xECF9")
Instruction cycle count set to 4
A |X |Y |SP |PC   |T/MT |NV-BDIZC |CYCLE
----------------------------------------
8D|E9|00|FE |EC07 |1/4  |10100100 |3282
8D|E9|00|FE |EC07 |2/4  |10100100 |3283
8D|E9|00|FE |EC07 |3/4  |10100100 |3284
8D|E9|00|FE |EC07 |4/4  |10100100 |3285


---------------
Opcode: 9D
ll: 00 hh: 07
Instruction:STA Addressing Mode:AbsoluteX - Operand (Value: "0x00", Address: "0x07E9")
Writing value 0x8D to address: 0x07E9
0x07E9: 0x8D
Instruction cycle count set to 5
A |X |Y |SP |PC   |T/MT |NV-BDIZC |CYCLE
----------------------------------------
8D|E9|00|FE |EC0A |1/5  |10100100 |3286
8D|E9|00|FE |EC0A |2/5  |10100100 |3287
8D|E9|00|FE |EC0A |3/5  |10100100 |3288
8D|E9|00|FE |EC0A |4/5  |10100100 |3289
8D|E9|00|FE |EC0A |5/5  |10100100 |3290


---------------
Opcode: E8
Instruction:INX Addressing Mode:Implied - Operand (Value: "None", Address: "None")
Instruction cycle count set to 2
A |X |Y |SP |PC   |T/MT |NV-BDIZC |CYCLE
----------------------------------------
8D|EA|00|FE |EC0B |1/2  |10100100 |3291
8D|EA|00|FE |EC0B |2/2  |10100100 |3292


---------------
Opcode: D0
ll: F7
Old PC: EC0D Offset:-9 New PC: EC04
Instruction:BNE Addressing Mode:Relative - Operand (Value: "None", Address: "0xEC04")
Instruction cycle count set to 2
A |X |Y |SP |PC   |T/MT |NV-BDIZC |CYCLE
----------------------------------------
8D|EA|00|FE |EC04 |1/3  |10100100 |3293
8D|EA|00|FE |EC04 |2/3  |10100100 |3294
8D|EA|00|FE |EC04 |3/3  |10100100 |3295


---------------
Opcode: BD
ll: 10 hh: EC
Instruction:LDA Addressing Mode:AbsoluteX - Operand (Value: "0x00", Address: "0xECFA")
Instruction cycle count set to 4
A |X |Y |SP |PC   |T/MT |NV-BDIZC |CYCLE
----------------------------------------
00|EA|00|FE |EC07 |1/4  |00100110 |3296
00|EA|00|FE |EC07 |2/4  |00100110 |3297
00|EA|00|FE |EC07 |3/4  |00100110 |3298
00|EA|00|FE |EC07 |4/4  |00100110 |3299


---------------
Opcode: 9D
ll: 00 hh: 07
Instruction:STA Addressing Mode:AbsoluteX - Operand (Value: "0x00", Address: "0x07EA")
Writing value 0x00 to address: 0x07EA
0x07EA: 0x00
Instruction cycle count set to 5
A |X |Y |SP |PC   |T/MT |NV-BDIZC |CYCLE
----------------------------------------
00|EA|00|FE |EC0A |1/5  |00100110 |3300
00|EA|00|FE |EC0A |2/5  |00100110 |3301
00|EA|00|FE |EC0A |3/5  |00100110 |3302
00|EA|00|FE |EC0A |4/5  |00100110 |3303
00|EA|00|FE |EC0A |5/5  |00100110 |3304


---------------
Opcode: E8
Instruction:INX Addressing Mode:Implied - Operand (Value: "None", Address: "None")
Instruction cycle count set to 2
A |X |Y |SP |PC   |T/MT |NV-BDIZC |CYCLE
----------------------------------------
00|EB|00|FE |EC0B |1/2  |10100100 |3305
00|EB|00|FE |EC0B |2/2  |10100100 |3306


---------------
Opcode: D0
ll: F7
Old PC: EC0D Offset:-9 New PC: EC04
Instruction:BNE Addressing Mode:Relative - Operand (Value: "None", Address: "0xEC04")
Instruction cycle count set to 2
A |X |Y |SP |PC   |T/MT |NV-BDIZC |CYCLE
----------------------------------------
00|EB|00|FE |EC04 |1/3  |10100100 |3307
00|EB|00|FE |EC04 |2/3  |10100100 |3308
00|EB|00|FE |EC04 |3/3  |10100100 |3309


---------------
Opcode: BD
ll: 10 hh: EC
Instruction:LDA Addressing Mode:AbsoluteX - Operand (Value: "0x60", Address: "0xECFB")
Instruction cycle count set to 4
A |X |Y |SP |PC   |T/MT |NV-BDIZC |CYCLE
----------------------------------------
60|EB|00|FE |EC07 |1/4  |00100100 |3310
60|EB|00|FE |EC07 |2/4  |00100100 |3311
60|EB|00|FE |EC07 |3/4  |00100100 |3312
60|EB|00|FE |EC07 |4/4  |00100100 |3313


---------------
Opcode: 9D
ll: 00 hh: 07
Instruction:STA Addressing Mode:AbsoluteX - Operand (Value: "0x00", Address: "0x07EB")
Writing value 0x60 to address: 0x07EB
0x07EB: 0x60
Instruction cycle count set to 5
A |X |Y |SP |PC   |T/MT |NV-BDIZC |CYCLE
----------------------------------------
60|EB|00|FE |EC0A |1/5  |00100100 |3314
60|EB|00|FE |EC0A |2/5  |00100100 |3315
60|EB|00|FE |EC0A |3/5  |00100100 |3316
60|EB|00|FE |EC0A |4/5  |00100100 |3317
60|EB|00|FE |EC0A |5/5  |00100100 |3318


---------------
Opcode: E8
Instruction:INX Addressing Mode:Implied - Operand (Value: "None", Address: "None")
Instruction cycle count set to 2
A |X |Y |SP |PC   |T/MT |NV-BDIZC |CYCLE
----------------------------------------
60|EC|00|FE |EC0B |1/2  |10100100 |3319
60|EC|00|FE |EC0B |2/2  |10100100 |3320


---------------
Opcode: D0
ll: F7
Old PC: EC0D Offset:-9 New PC: EC04
Instruction:BNE Addressing Mode:Relative - Operand (Value: "None", Address: "0xEC04")
Instruction cycle count set to 2
A |X |Y |SP |PC   |T/MT |NV-BDIZC |CYCLE
----------------------------------------
60|EC|00|FE |EC04 |1/3  |10100100 |3321
60|EC|00|FE |EC04 |2/3  |10100100 |3322
60|EC|00|FE |EC04 |3/3  |10100100 |3323


---------------
Opcode: BD
ll: 10 hh: EC
Instruction:LDA Addressing Mode:AbsoluteX - Operand (Value: "0x4C", Address: "0xECFC")
Instruction cycle count set to 4
A |X |Y |SP |PC   |T/MT |NV-BDIZC |CYCLE
----------------------------------------
4C|EC|00|FE |EC07 |1/4  |00100100 |3324
4C|EC|00|FE |EC07 |2/4  |00100100 |3325
4C|EC|00|FE |EC07 |3/4  |00100100 |3326
4C|EC|00|FE |EC07 |4/4  |00100100 |3327


---------------
Opcode: 9D
ll: 00 hh: 07
Instruction:STA Addressing Mode:AbsoluteX - Operand (Value: "0x00", Address: "0x07EC")
Writing value 0x4C to address: 0x07EC
0x07EC: 0x4C
Instruction cycle count set to 5
A |X |Y |SP |PC   |T/MT |NV-BDIZC |CYCLE
----------------------------------------
4C|EC|00|FE |EC0A |1/5  |00100100 |3328
4C|EC|00|FE |EC0A |2/5  |00100100 |3329
4C|EC|00|FE |EC0A |3/5  |00100100 |3330
4C|EC|00|FE |EC0A |4/5  |00100100 |3331
4C|EC|00|FE |EC0A |5/5  |00100100 |3332


---------------
Opcode: E8
Instruction:INX Addressing Mode:Implied - Operand (Value: "None", Address: "None")
Instruction cycle count set to 2
A |X |Y |SP |PC   |T/MT |NV-BDIZC |CYCLE
----------------------------------------
4C|ED|00|FE |EC0B |1/2  |10100100 |3333
4C|ED|00|FE |EC0B |2/2  |10100100 |3334


---------------
Opcode: D0
ll: F7
Old PC: EC0D Offset:-9 New PC: EC04
Instruction:BNE Addressing Mode:Relative - Operand (Value: "None", Address: "0xEC04")
Instruction cycle count set to 2
A |X |Y |SP |PC   |T/MT |NV-BDIZC |CYCLE
----------------------------------------
4C|ED|00|FE |EC04 |1/3  |10100100 |3335
4C|ED|00|FE |EC04 |2/3  |10100100 |3336
4C|ED|00|FE |EC04 |3/3  |10100100 |3337


---------------
Opcode: BD
ll: 10 hh: EC
Instruction:LDA Addressing Mode:AbsoluteX - Operand (Value: "0xFC", Address: "0xECFD")
Instruction cycle count set to 4
A |X |Y |SP |PC   |T/MT |NV-BDIZC |CYCLE
----------------------------------------
FC|ED|00|FE |EC07 |1/4  |10100100 |3338
FC|ED|00|FE |EC07 |2/4  |10100100 |3339
FC|ED|00|FE |EC07 |3/4  |10100100 |3340
FC|ED|00|FE |EC07 |4/4  |10100100 |3341


---------------
Opcode: 9D
ll: 00 hh: 07
Instruction:STA Addressing Mode:AbsoluteX - Operand (Value: "0x00", Address: "0x07ED")
Writing value 0xFC to address: 0x07ED
0x07ED: 0xFC
Instruction cycle count set to 5
A |X |Y |SP |PC   |T/MT |NV-BDIZC |CYCLE
----------------------------------------
FC|ED|00|FE |EC0A |1/5  |10100100 |3342
FC|ED|00|FE |EC0A |2/5  |10100100 |3343
FC|ED|00|FE |EC0A |3/5  |10100100 |3344
FC|ED|00|FE |EC0A |4/5  |10100100 |3345
FC|ED|00|FE |EC0A |5/5  |10100100 |3346


---------------
Opcode: E8
Instruction:INX Addressing Mode:Implied - Operand (Value: "None", Address: "None")
Instruction cycle count set to 2
A |X |Y |SP |PC   |T/MT |NV-BDIZC |CYCLE
----------------------------------------
FC|EE|00|FE |EC0B |1/2  |10100100 |3347
FC|EE|00|FE |EC0B |2/2  |10100100 |3348


---------------
Opcode: D0
ll: F7
Old PC: EC0D Offset:-9 New PC: EC04
Instruction:BNE Addressing Mode:Relative - Operand (Value: "None", Address: "0xEC04")
Instruction cycle count set to 2
A |X |Y |SP |PC   |T/MT |NV-BDIZC |CYCLE
----------------------------------------
FC|EE|00|FE |EC04 |1/3  |10100100 |3349
FC|EE|00|FE |EC04 |2/3  |10100100 |3350
FC|EE|00|FE |EC04 |3/3  |10100100 |3351


---------------
Opcode: BD
ll: 10 hh: EC
Instruction:LDA Addressing Mode:AbsoluteX - Operand (Value: "0xEC", Address: "0xECFE")
Instruction cycle count set to 4
A |X |Y |SP |PC   |T/MT |NV-BDIZC |CYCLE
----------------------------------------
EC|EE|00|FE |EC07 |1/4  |10100100 |3352
EC|EE|00|FE |EC07 |2/4  |10100100 |3353
EC|EE|00|FE |EC07 |3/4  |10100100 |3354
EC|EE|00|FE |EC07 |4/4  |10100100 |3355


---------------
Opcode: 9D
ll: 00 hh: 07
Instruction:STA Addressing Mode:AbsoluteX - Operand (Value: "0x00", Address: "0x07EE")
Writing value 0xEC to address: 0x07EE
0x07EE: 0xEC
Instruction cycle count set to 5
A |X |Y |SP |PC   |T/MT |NV-BDIZC |CYCLE
----------------------------------------
EC|EE|00|FE |EC0A |1/5  |10100100 |3356
EC|EE|00|FE |EC0A |2/5  |10100100 |3357
EC|EE|00|FE |EC0A |3/5  |10100100 |3358
EC|EE|00|FE |EC0A |4/5  |10100100 |3359
EC|EE|00|FE |EC0A |5/5  |10100100 |3360


---------------
Opcode: E8
Instruction:INX Addressing Mode:Implied - Operand (Value: "None", Address: "None")
Instruction cycle count set to 2
A |X |Y |SP |PC   |T/MT |NV-BDIZC |CYCLE
----------------------------------------
EC|EF|00|FE |EC0B |1/2  |10100100 |3361
EC|EF|00|FE |EC0B |2/2  |10100100 |3362


---------------
Opcode: D0
ll: F7
Old PC: EC0D Offset:-9 New PC: EC04
Instruction:BNE Addressing Mode:Relative - Operand (Value: "None", Address: "0xEC04")
Instruction cycle count set to 2
A |X |Y |SP |PC   |T/MT |NV-BDIZC |CYCLE
----------------------------------------
EC|EF|00|FE |EC04 |1/3  |10100100 |3363
EC|EF|00|FE |EC04 |2/3  |10100100 |3364
EC|EF|00|FE |EC04 |3/3  |10100100 |3365


---------------
Opcode: BD
ll: 10 hh: EC
Instruction:LDA Addressing Mode:AbsoluteX - Operand (Value: "0xFF", Address: "0xECFF")
Instruction cycle count set to 4
A |X |Y |SP |PC   |T/MT |NV-BDIZC |CYCLE
----------------------------------------
FF|EF|00|FE |EC07 |1/4  |10100100 |3366
FF|EF|00|FE |EC07 |2/4  |10100100 |3367
FF|EF|00|FE |EC07 |3/4  |10100100 |3368
FF|EF|00|FE |EC07 |4/4  |10100100 |3369


---------------
Opcode: 9D
ll: 00 hh: 07
Instruction:STA Addressing Mode:AbsoluteX - Operand (Value: "0x00", Address: "0x07EF")
Writing value 0xFF to address: 0x07EF
0x07EF: 0xFF
Instruction cycle count set to 5
A |X |Y |SP |PC   |T/MT |NV-BDIZC |CYCLE
----------------------------------------
FF|EF|00|FE |EC0A |1/5  |10100100 |3370
FF|EF|00|FE |EC0A |2/5  |10100100 |3371
FF|EF|00|FE |EC0A |3/5  |10100100 |3372
FF|EF|00|FE |EC0A |4/5  |10100100 |3373
FF|EF|00|FE |EC0A |5/5  |10100100 |3374


---------------
Opcode: E8
Instruction:INX Addressing Mode:Implied - Operand (Value: "None", Address: "None")
Instruction cycle count set to 2
A |X |Y |SP |PC   |T/MT |NV-BDIZC |CYCLE
----------------------------------------
FF|F0|00|FE |EC0B |1/2  |10100100 |3375
FF|F0|00|FE |EC0B |2/2  |10100100 |3376


---------------
Opcode: D0
ll: F7
Old PC: EC0D Offset:-9 New PC: EC04
Instruction:BNE Addressing Mode:Relative - Operand (Value: "None", Address: "0xEC04")
Instruction cycle count set to 2
A |X |Y |SP |PC   |T/MT |NV-BDIZC |CYCLE
----------------------------------------
FF|F0|00|FE |EC04 |1/3  |10100100 |3377
FF|F0|00|FE |EC04 |2/3  |10100100 |3378
FF|F0|00|FE |EC04 |3/3  |10100100 |3379


---------------
Opcode: BD
ll: 10 hh: EC
Instruction:LDA Addressing Mode:AbsoluteX - Operand (Value: "0x30", Address: "0xED00")
Instruction cycle count set to 4
A |X |Y |SP |PC   |T/MT |NV-BDIZC |CYCLE
----------------------------------------
30|F0|00|FE |EC07 |1/4  |00100100 |3380
30|F0|00|FE |EC07 |2/4  |00100100 |3381
30|F0|00|FE |EC07 |3/4  |00100100 |3382
30|F0|00|FE |EC07 |4/4  |00100100 |3383


---------------
Opcode: 9D
ll: 00 hh: 07
Instruction:STA Addressing Mode:AbsoluteX - Operand (Value: "0x00", Address: "0x07F0")
Writing value 0x30 to address: 0x07F0
0x07F0: 0x30
Instruction cycle count set to 5
A |X |Y |SP |PC   |T/MT |NV-BDIZC |CYCLE
----------------------------------------
30|F0|00|FE |EC0A |1/5  |00100100 |3384
30|F0|00|FE |EC0A |2/5  |00100100 |3385
30|F0|00|FE |EC0A |3/5  |00100100 |3386
30|F0|00|FE |EC0A |4/5  |00100100 |3387
30|F0|00|FE |EC0A |5/5  |00100100 |3388


---------------
Opcode: E8
Instruction:INX Addressing Mode:Implied - Operand (Value: "None", Address: "None")
Instruction cycle count set to 2
A |X |Y |SP |PC   |T/MT |NV-BDIZC |CYCLE
----------------------------------------
30|F1|00|FE |EC0B |1/2  |10100100 |3389
30|F1|00|FE |EC0B |2/2  |10100100 |3390


---------------
Opcode: D0
ll: F7
Old PC: EC0D Offset:-9 New PC: EC04
Instruction:BNE Addressing Mode:Relative - Operand (Value: "None", Address: "0xEC04")
Instruction cycle count set to 2
A |X |Y |SP |PC   |T/MT |NV-BDIZC |CYCLE
----------------------------------------
30|F1|00|FE |EC04 |1/3  |10100100 |3391
30|F1|00|FE |EC04 |2/3  |10100100 |3392
30|F1|00|FE |EC04 |3/3  |10100100 |3393


---------------
Opcode: BD
ll: 10 hh: EC
Instruction:LDA Addressing Mode:AbsoluteX - Operand (Value: "0x32", Address: "0xED01")
Instruction cycle count set to 4
A |X |Y |SP |PC   |T/MT |NV-BDIZC |CYCLE
----------------------------------------
32|F1|00|FE |EC07 |1/4  |00100100 |3394
32|F1|00|FE |EC07 |2/4  |00100100 |3395
32|F1|00|FE |EC07 |3/4  |00100100 |3396
32|F1|00|FE |EC07 |4/4  |00100100 |3397


---------------
Opcode: 9D
ll: 00 hh: 07
Instruction:STA Addressing Mode:AbsoluteX - Operand (Value: "0x00", Address: "0x07F1")
Writing value 0x32 to address: 0x07F1
0x07F1: 0x32
Instruction cycle count set to 5
A |X |Y |SP |PC   |T/MT |NV-BDIZC |CYCLE
----------------------------------------
32|F1|00|FE |EC0A |1/5  |00100100 |3398
32|F1|00|FE |EC0A |2/5  |00100100 |3399
32|F1|00|FE |EC0A |3/5  |00100100 |3400
32|F1|00|FE |EC0A |4/5  |00100100 |3401
32|F1|00|FE |EC0A |5/5  |00100100 |3402


---------------
Opcode: E8
Instruction:INX Addressing Mode:Implied - Operand (Value: "None", Address: "None")
Instruction cycle count set to 2
A |X |Y |SP |PC   |T/MT |NV-BDIZC |CYCLE
----------------------------------------
32|F2|00|FE |EC0B |1/2  |10100100 |3403
32|F2|00|FE |EC0B |2/2  |10100100 |3404


---------------
Opcode: D0
ll: F7
Old PC: EC0D Offset:-9 New PC: EC04
Instruction:BNE Addressing Mode:Relative - Operand (Value: "None", Address: "0xEC04")
Instruction cycle count set to 2
A |X |Y |SP |PC   |T/MT |NV-BDIZC |CYCLE
----------------------------------------
32|F2|00|FE |EC04 |1/3  |10100100 |3405
32|F2|00|FE |EC04 |2/3  |10100100 |3406
32|F2|00|FE |EC04 |3/3  |10100100 |3407


---------------
Opcode: BD
ll: 10 hh: EC
Instruction:LDA Addressing Mode:AbsoluteX - Operand (Value: "0x2D", Address: "0xED02")
Instruction cycle count set to 4
A |X |Y |SP |PC   |T/MT |NV-BDIZC |CYCLE
----------------------------------------
2D|F2|00|FE |EC07 |1/4  |00100100 |3408
2D|F2|00|FE |EC07 |2/4  |00100100 |3409
2D|F2|00|FE |EC07 |3/4  |00100100 |3410
2D|F2|00|FE |EC07 |4/4  |00100100 |3411


---------------
Opcode: 9D
ll: 00 hh: 07
Instruction:STA Addressing Mode:AbsoluteX - Operand (Value: "0x00", Address: "0x07F2")
Writing value 0x2D to address: 0x07F2
0x07F2: 0x2D
Instruction cycle count set to 5
A |X |Y |SP |PC   |T/MT |NV-BDIZC |CYCLE
----------------------------------------
2D|F2|00|FE |EC0A |1/5  |00100100 |3412
2D|F2|00|FE |EC0A |2/5  |00100100 |3413
2D|F2|00|FE |EC0A |3/5  |00100100 |3414
2D|F2|00|FE |EC0A |4/5  |00100100 |3415
2D|F2|00|FE |EC0A |5/5  |00100100 |3416


---------------
Opcode: E8
Instruction:INX Addressing Mode:Implied - Operand (Value: "None", Address: "None")
Instruction cycle count set to 2
A |X |Y |SP |PC   |T/MT |NV-BDIZC |CYCLE
----------------------------------------
2D|F3|00|FE |EC0B |1/2  |10100100 |3417
2D|F3|00|FE |EC0B |2/2  |10100100 |3418


---------------
Opcode: D0
ll: F7
Old PC: EC0D Offset:-9 New PC: EC04
Instruction:BNE Addressing Mode:Relative - Operand (Value: "None", Address: "0xEC04")
Instruction cycle count set to 2
A |X |Y |SP |PC   |T/MT |NV-BDIZC |CYCLE
----------------------------------------
2D|F3|00|FE |EC04 |1/3  |10100100 |3419
2D|F3|00|FE |EC04 |2/3  |10100100 |3420
2D|F3|00|FE |EC04 |3/3  |10100100 |3421


---------------
Opcode: BD
ll: 10 hh: EC
Instruction:LDA Addressing Mode:AbsoluteX - Operand (Value: "0x69", Address: "0xED03")
Instruction cycle count set to 4
A |X |Y |SP |PC   |T/MT |NV-BDIZC |CYCLE
----------------------------------------
69|F3|00|FE |EC07 |1/4  |00100100 |3422
69|F3|00|FE |EC07 |2/4  |00100100 |3423
69|F3|00|FE |EC07 |3/4  |00100100 |3424
69|F3|00|FE |EC07 |4/4  |00100100 |3425


---------------
Opcode: 9D
ll: 00 hh: 07
Instruction:STA Addressing Mode:AbsoluteX - Operand (Value: "0x00", Address: "0x07F3")
Writing value 0x69 to address: 0x07F3
0x07F3: 0x69
Instruction cycle count set to 5
A |X |Y |SP |PC   |T/MT |NV-BDIZC |CYCLE
----------------------------------------
69|F3|00|FE |EC0A |1/5  |00100100 |3426
69|F3|00|FE |EC0A |2/5  |00100100 |3427
69|F3|00|FE |EC0A |3/5  |00100100 |3428
69|F3|00|FE |EC0A |4/5  |00100100 |3429
69|F3|00|FE |EC0A |5/5  |00100100 |3430


---------------
Opcode: E8
Instruction:INX Addressing Mode:Implied - Operand (Value: "None", Address: "None")
Instruction cycle count set to 2
A |X |Y |SP |PC   |T/MT |NV-BDIZC |CYCLE
----------------------------------------
69|F4|00|FE |EC0B |1/2  |10100100 |3431
69|F4|00|FE |EC0B |2/2  |10100100 |3432


---------------
Opcode: D0
ll: F7
Old PC: EC0D Offset:-9 New PC: EC04
Instruction:BNE Addressing Mode:Relative - Operand (Value: "None", Address: "0xEC04")
Instruction cycle count set to 2
A |X |Y |SP |PC   |T/MT |NV-BDIZC |CYCLE
----------------------------------------
69|F4|00|FE |EC04 |1/3  |10100100 |3433
69|F4|00|FE |EC04 |2/3  |10100100 |3434
69|F4|00|FE |EC04 |3/3  |10100100 |3435


---------------
Opcode: BD
ll: 10 hh: EC
Instruction:LDA Addressing Mode:AbsoluteX - Operand (Value: "0x6D", Address: "0xED04")
Instruction cycle count set to 4
A |X |Y |SP |PC   |T/MT |NV-BDIZC |CYCLE
----------------------------------------
6D|F4|00|FE |EC07 |1/4  |00100100 |3436
6D|F4|00|FE |EC07 |2/4  |00100100 |3437
6D|F4|00|FE |EC07 |3/4  |00100100 |3438
6D|F4|00|FE |EC07 |4/4  |00100100 |3439


---------------
Opcode: 9D
ll: 00 hh: 07
Instruction:STA Addressing Mode:AbsoluteX - Operand (Value: "0x00", Address: "0x07F4")
Writing value 0x6D to address: 0x07F4
0x07F4: 0x6D
Instruction cycle count set to 5
A |X |Y |SP |PC   |T/MT |NV-BDIZC |CYCLE
----------------------------------------
6D|F4|00|FE |EC0A |1/5  |00100100 |3440
6D|F4|00|FE |EC0A |2/5  |00100100 |3441
6D|F4|00|FE |EC0A |3/5  |00100100 |3442
6D|F4|00|FE |EC0A |4/5  |00100100 |3443
6D|F4|00|FE |EC0A |5/5  |00100100 |3444


---------------
Opcode: E8
Instruction:INX Addressing Mode:Implied - Operand (Value: "None", Address: "None")
Instruction cycle count set to 2
A |X |Y |SP |PC   |T/MT |NV-BDIZC |CYCLE
----------------------------------------
6D|F5|00|FE |EC0B |1/2  |10100100 |3445
6D|F5|00|FE |EC0B |2/2  |10100100 |3446


---------------
Opcode: D0
ll: F7
Old PC: EC0D Offset:-9 New PC: EC04
Instruction:BNE Addressing Mode:Relative - Operand (Value: "None", Address: "0xEC04")
Instruction cycle count set to 2
A |X |Y |SP |PC   |T/MT |NV-BDIZC |CYCLE
----------------------------------------
6D|F5|00|FE |EC04 |1/3  |10100100 |3447
6D|F5|00|FE |EC04 |2/3  |10100100 |3448
6D|F5|00|FE |EC04 |3/3  |10100100 |3449


---------------
Opcode: BD
ll: 10 hh: EC
Instruction:LDA Addressing Mode:AbsoluteX - Operand (Value: "0x70", Address: "0xED05")
Instruction cycle count set to 4
A |X |Y |SP |PC   |T/MT |NV-BDIZC |CYCLE
----------------------------------------
70|F5|00|FE |EC07 |1/4  |00100100 |3450
70|F5|00|FE |EC07 |2/4  |00100100 |3451
70|F5|00|FE |EC07 |3/4  |00100100 |3452
70|F5|00|FE |EC07 |4/4  |00100100 |3453


---------------
Opcode: 9D
ll: 00 hh: 07
Instruction:STA Addressing Mode:AbsoluteX - Operand (Value: "0x00", Address: "0x07F5")
Writing value 0x70 to address: 0x07F5
0x07F5: 0x70
Instruction cycle count set to 5
A |X |Y |SP |PC   |T/MT |NV-BDIZC |CYCLE
----------------------------------------
70|F5|00|FE |EC0A |1/5  |00100100 |3454
70|F5|00|FE |EC0A |2/5  |00100100 |3455
70|F5|00|FE |EC0A |3/5  |00100100 |3456
70|F5|00|FE |EC0A |4/5  |00100100 |3457
70|F5|00|FE |EC0A |5/5  |00100100 |3458


---------------
Opcode: E8
Instruction:INX Addressing Mode:Implied - Operand (Value: "None", Address: "None")
Instruction cycle count set to 2
A |X |Y |SP |PC   |T/MT |NV-BDIZC |CYCLE
----------------------------------------
70|F6|00|FE |EC0B |1/2  |10100100 |3459
70|F6|00|FE |EC0B |2/2  |10100100 |3460


---------------
Opcode: D0
ll: F7
Old PC: EC0D Offset:-9 New PC: EC04
Instruction:BNE Addressing Mode:Relative - Operand (Value: "None", Address: "0xEC04")
Instruction cycle count set to 2
A |X |Y |SP |PC   |T/MT |NV-BDIZC |CYCLE
----------------------------------------
70|F6|00|FE |EC04 |1/3  |10100100 |3461
70|F6|00|FE |EC04 |2/3  |10100100 |3462
70|F6|00|FE |EC04 |3/3  |10100100 |3463


---------------
Opcode: BD
ll: 10 hh: EC
Instruction:LDA Addressing Mode:AbsoluteX - Operand (Value: "0x6C", Address: "0xED06")
Instruction cycle count set to 4
A |X |Y |SP |PC   |T/MT |NV-BDIZC |CYCLE
----------------------------------------
6C|F6|00|FE |EC07 |1/4  |00100100 |3464
6C|F6|00|FE |EC07 |2/4  |00100100 |3465
6C|F6|00|FE |EC07 |3/4  |00100100 |3466
6C|F6|00|FE |EC07 |4/4  |00100100 |3467


---------------
Opcode: 9D
ll: 00 hh: 07
Instruction:STA Addressing Mode:AbsoluteX - Operand (Value: "0x00", Address: "0x07F6")
Writing value 0x6C to address: 0x07F6
0x07F6: 0x6C
Instruction cycle count set to 5
A |X |Y |SP |PC   |T/MT |NV-BDIZC |CYCLE
----------------------------------------
6C|F6|00|FE |EC0A |1/5  |00100100 |3468
6C|F6|00|FE |EC0A |2/5  |00100100 |3469
6C|F6|00|FE |EC0A |3/5  |00100100 |3470
6C|F6|00|FE |EC0A |4/5  |00100100 |3471
6C|F6|00|FE |EC0A |5/5  |00100100 |3472


---------------
Opcode: E8
Instruction:INX Addressing Mode:Implied - Operand (Value: "None", Address: "None")
Instruction cycle count set to 2
A |X |Y |SP |PC   |T/MT |NV-BDIZC |CYCLE
----------------------------------------
6C|F7|00|FE |EC0B |1/2  |10100100 |3473
6C|F7|00|FE |EC0B |2/2  |10100100 |3474


---------------
Opcode: D0
ll: F7
Old PC: EC0D Offset:-9 New PC: EC04
Instruction:BNE Addressing Mode:Relative - Operand (Value: "None", Address: "0xEC04")
Instruction cycle count set to 2
A |X |Y |SP |PC   |T/MT |NV-BDIZC |CYCLE
----------------------------------------
6C|F7|00|FE |EC04 |1/3  |10100100 |3475
6C|F7|00|FE |EC04 |2/3  |10100100 |3476
6C|F7|00|FE |EC04 |3/3  |10100100 |3477


---------------
Opcode: BD
ll: 10 hh: EC
Instruction:LDA Addressing Mode:AbsoluteX - Operand (Value: "0x69", Address: "0xED07")
Instruction cycle count set to 4
A |X |Y |SP |PC   |T/MT |NV-BDIZC |CYCLE
----------------------------------------
69|F7|00|FE |EC07 |1/4  |00100100 |3478
69|F7|00|FE |EC07 |2/4  |00100100 |3479
69|F7|00|FE |EC07 |3/4  |00100100 |3480
69|F7|00|FE |EC07 |4/4  |00100100 |3481


---------------
Opcode: 9D
ll: 00 hh: 07
Instruction:STA Addressing Mode:AbsoluteX - Operand (Value: "0x00", Address: "0x07F7")
Writing value 0x69 to address: 0x07F7
0x07F7: 0x69
Instruction cycle count set to 5
A |X |Y |SP |PC   |T/MT |NV-BDIZC |CYCLE
----------------------------------------
69|F7|00|FE |EC0A |1/5  |00100100 |3482
69|F7|00|FE |EC0A |2/5  |00100100 |3483
69|F7|00|FE |EC0A |3/5  |00100100 |3484
69|F7|00|FE |EC0A |4/5  |00100100 |3485
69|F7|00|FE |EC0A |5/5  |00100100 |3486


---------------
Opcode: E8
Instruction:INX Addressing Mode:Implied - Operand (Value: "None", Address: "None")
Instruction cycle count set to 2
A |X |Y |SP |PC   |T/MT |NV-BDIZC |CYCLE
----------------------------------------
69|F8|00|FE |EC0B |1/2  |10100100 |3487
69|F8|00|FE |EC0B |2/2  |10100100 |3488


---------------
Opcode: D0
ll: F7
Old PC: EC0D Offset:-9 New PC: EC04
Instruction:BNE Addressing Mode:Relative - Operand (Value: "None", Address: "0xEC04")
Instruction cycle count set to 2
A |X |Y |SP |PC   |T/MT |NV-BDIZC |CYCLE
----------------------------------------
69|F8|00|FE |EC04 |1/3  |10100100 |3489
69|F8|00|FE |EC04 |2/3  |10100100 |3490
69|F8|00|FE |EC04 |3/3  |10100100 |3491


---------------
Opcode: BD
ll: 10 hh: EC
Instruction:LDA Addressing Mode:AbsoluteX - Operand (Value: "0x65", Address: "0xED08")
Instruction cycle count set to 4
A |X |Y |SP |PC   |T/MT |NV-BDIZC |CYCLE
----------------------------------------
65|F8|00|FE |EC07 |1/4  |00100100 |3492
65|F8|00|FE |EC07 |2/4  |00100100 |3493
65|F8|00|FE |EC07 |3/4  |00100100 |3494
65|F8|00|FE |EC07 |4/4  |00100100 |3495


---------------
Opcode: 9D
ll: 00 hh: 07
Instruction:STA Addressing Mode:AbsoluteX - Operand (Value: "0x00", Address: "0x07F8")
Writing value 0x65 to address: 0x07F8
0x07F8: 0x65
Instruction cycle count set to 5
A |X |Y |SP |PC   |T/MT |NV-BDIZC |CYCLE
----------------------------------------
65|F8|00|FE |EC0A |1/5  |00100100 |3496
65|F8|00|FE |EC0A |2/5  |00100100 |3497
65|F8|00|FE |EC0A |3/5  |00100100 |3498
65|F8|00|FE |EC0A |4/5  |00100100 |3499
65|F8|00|FE |EC0A |5/5  |00100100 |3500


---------------
Opcode: E8
Instruction:INX Addressing Mode:Implied - Operand (Value: "None", Address: "None")
Instruction cycle count set to 2
A |X |Y |SP |PC   |T/MT |NV-BDIZC |CYCLE
----------------------------------------
65|F9|00|FE |EC0B |1/2  |10100100 |3501
65|F9|00|FE |EC0B |2/2  |10100100 |3502


---------------
Opcode: D0
ll: F7
Old PC: EC0D Offset:-9 New PC: EC04
Instruction:BNE Addressing Mode:Relative - Operand (Value: "None", Address: "0xEC04")
Instruction cycle count set to 2
A |X |Y |SP |PC   |T/MT |NV-BDIZC |CYCLE
----------------------------------------
65|F9|00|FE |EC04 |1/3  |10100100 |3503
65|F9|00|FE |EC04 |2/3  |10100100 |3504
65|F9|00|FE |EC04 |3/3  |10100100 |3505


---------------
Opcode: BD
ll: 10 hh: EC
Instruction:LDA Addressing Mode:AbsoluteX - Operand (Value: "0x64", Address: "0xED09")
Instruction cycle count set to 4
A |X |Y |SP |PC   |T/MT |NV-BDIZC |CYCLE
----------------------------------------
64|F9|00|FE |EC07 |1/4  |00100100 |3506
64|F9|00|FE |EC07 |2/4  |00100100 |3507
64|F9|00|FE |EC07 |3/4  |00100100 |3508
64|F9|00|FE |EC07 |4/4  |00100100 |3509


---------------
Opcode: 9D
ll: 00 hh: 07
Instruction:STA Addressing Mode:AbsoluteX - Operand (Value: "0x00", Address: "0x07F9")
Writing value 0x64 to address: 0x07F9
0x07F9: 0x64
Instruction cycle count set to 5
A |X |Y |SP |PC   |T/MT |NV-BDIZC |CYCLE
----------------------------------------
64|F9|00|FE |EC0A |1/5  |00100100 |3510
64|F9|00|FE |EC0A |2/5  |00100100 |3511
64|F9|00|FE |EC0A |3/5  |00100100 |3512
64|F9|00|FE |EC0A |4/5  |00100100 |3513
64|F9|00|FE |EC0A |5/5  |00100100 |3514


---------------
Opcode: E8
Instruction:INX Addressing Mode:Implied - Operand (Value: "None", Address: "None")
Instruction cycle count set to 2
A |X |Y |SP |PC   |T/MT |NV-BDIZC |CYCLE
----------------------------------------
64|FA|00|FE |EC0B |1/2  |10100100 |3515
64|FA|00|FE |EC0B |2/2  |10100100 |3516


---------------
Opcode: D0
ll: F7
Old PC: EC0D Offset:-9 New PC: EC04
Instruction:BNE Addressing Mode:Relative - Operand (Value: "None", Address: "0xEC04")
Instruction cycle count set to 2
A |X |Y |SP |PC   |T/MT |NV-BDIZC |CYCLE
----------------------------------------
64|FA|00|FE |EC04 |1/3  |10100100 |3517
64|FA|00|FE |EC04 |2/3  |10100100 |3518
64|FA|00|FE |EC04 |3/3  |10100100 |3519


---------------
Opcode: BD
ll: 10 hh: EC
Instruction:LDA Addressing Mode:AbsoluteX - Operand (Value: "0x00", Address: "0xED0A")
Instruction cycle count set to 4
A |X |Y |SP |PC   |T/MT |NV-BDIZC |CYCLE
----------------------------------------
00|FA|00|FE |EC07 |1/4  |00100110 |3520
00|FA|00|FE |EC07 |2/4  |00100110 |3521
00|FA|00|FE |EC07 |3/4  |00100110 |3522
00|FA|00|FE |EC07 |4/4  |00100110 |3523


---------------
Opcode: 9D
ll: 00 hh: 07
Instruction:STA Addressing Mode:AbsoluteX - Operand (Value: "0x00", Address: "0x07FA")
Writing value 0x00 to address: 0x07FA
0x07FA: 0x00
Instruction cycle count set to 5
A |X |Y |SP |PC   |T/MT |NV-BDIZC |CYCLE
----------------------------------------
00|FA|00|FE |EC0A |1/5  |00100110 |3524
00|FA|00|FE |EC0A |2/5  |00100110 |3525
00|FA|00|FE |EC0A |3/5  |00100110 |3526
00|FA|00|FE |EC0A |4/5  |00100110 |3527
00|FA|00|FE |EC0A |5/5  |00100110 |3528


---------------
Opcode: E8
Instruction:INX Addressing Mode:Implied - Operand (Value: "None", Address: "None")
Instruction cycle count set to 2
A |X |Y |SP |PC   |T/MT |NV-BDIZC |CYCLE
----------------------------------------
00|FB|00|FE |EC0B |1/2  |10100100 |3529
00|FB|00|FE |EC0B |2/2  |10100100 |3530


---------------
Opcode: D0
ll: F7
Old PC: EC0D Offset:-9 New PC: EC04
Instruction:BNE Addressing Mode:Relative - Operand (Value: "None", Address: "0xEC04")
Instruction cycle count set to 2
A |X |Y |SP |PC   |T/MT |NV-BDIZC |CYCLE
----------------------------------------
00|FB|00|FE |EC04 |1/3  |10100100 |3531
00|FB|00|FE |EC04 |2/3  |10100100 |3532
00|FB|00|FE |EC04 |3/3  |10100100 |3533


---------------
Opcode: BD
ll: 10 hh: EC
Instruction:LDA Addressing Mode:AbsoluteX - Operand (Value: "0xFF", Address: "0xED0B")
Instruction cycle count set to 4
A |X |Y |SP |PC   |T/MT |NV-BDIZC |CYCLE
----------------------------------------
FF|FB|00|FE |EC07 |1/4  |10100100 |3534
FF|FB|00|FE |EC07 |2/4  |10100100 |3535
FF|FB|00|FE |EC07 |3/4  |10100100 |3536
FF|FB|00|FE |EC07 |4/4  |10100100 |3537


---------------
Opcode: 9D
ll: 00 hh: 07
Instruction:STA Addressing Mode:AbsoluteX - Operand (Value: "0x00", Address: "0x07FB")
Writing value 0xFF to address: 0x07FB
0x07FB: 0xFF
Instruction cycle count set to 5
A |X |Y |SP |PC   |T/MT |NV-BDIZC |CYCLE
----------------------------------------
FF|FB|00|FE |EC0A |1/5  |10100100 |3538
FF|FB|00|FE |EC0A |2/5  |10100100 |3539
FF|FB|00|FE |EC0A |3/5  |10100100 |3540
FF|FB|00|FE |EC0A |4/5  |10100100 |3541
FF|FB|00|FE |EC0A |5/5  |10100100 |3542


---------------
Opcode: E8
Instruction:INX Addressing Mode:Implied - Operand (Value: "None", Address: "None")
Instruction cycle count set to 2
A |X |Y |SP |PC   |T/MT |NV-BDIZC |CYCLE
----------------------------------------
FF|FC|00|FE |EC0B |1/2  |10100100 |3543
FF|FC|00|FE |EC0B |2/2  |10100100 |3544


---------------
Opcode: D0
ll: F7
Old PC: EC0D Offset:-9 New PC: EC04
Instruction:BNE Addressing Mode:Relative - Operand (Value: "None", Address: "0xEC04")
Instruction cycle count set to 2
A |X |Y |SP |PC   |T/MT |NV-BDIZC |CYCLE
----------------------------------------
FF|FC|00|FE |EC04 |1/3  |10100100 |3545
FF|FC|00|FE |EC04 |2/3  |10100100 |3546
FF|FC|00|FE |EC04 |3/3  |10100100 |3547


---------------
Opcode: BD
ll: 10 hh: EC
Instruction:LDA Addressing Mode:AbsoluteX - Operand (Value: "0xFF", Address: "0xED0C")
Instruction cycle count set to 4
A |X |Y |SP |PC   |T/MT |NV-BDIZC |CYCLE
----------------------------------------
FF|FC|00|FE |EC07 |1/4  |10100100 |3548
FF|FC|00|FE |EC07 |2/4  |10100100 |3549
FF|FC|00|FE |EC07 |3/4  |10100100 |3550
FF|FC|00|FE |EC07 |4/4  |10100100 |3551


---------------
Opcode: 9D
ll: 00 hh: 07
Instruction:STA Addressing Mode:AbsoluteX - Operand (Value: "0x00", Address: "0x07FC")
Writing value 0xFF to address: 0x07FC
0x07FC: 0xFF
Instruction cycle count set to 5
A |X |Y |SP |PC   |T/MT |NV-BDIZC |CYCLE
----------------------------------------
FF|FC|00|FE |EC0A |1/5  |10100100 |3552
FF|FC|00|FE |EC0A |2/5  |10100100 |3553
FF|FC|00|FE |EC0A |3/5  |10100100 |3554
FF|FC|00|FE |EC0A |4/5  |10100100 |3555
FF|FC|00|FE |EC0A |5/5  |10100100 |3556


---------------
Opcode: E8
Instruction:INX Addressing Mode:Implied - Operand (Value: "None", Address: "None")
Instruction cycle count set to 2
A |X |Y |SP |PC   |T/MT |NV-BDIZC |CYCLE
----------------------------------------
FF|FD|00|FE |EC0B |1/2  |10100100 |3557
FF|FD|00|FE |EC0B |2/2  |10100100 |3558


---------------
Opcode: D0
ll: F7
Old PC: EC0D Offset:-9 New PC: EC04
Instruction:BNE Addressing Mode:Relative - Operand (Value: "None", Address: "0xEC04")
Instruction cycle count set to 2
A |X |Y |SP |PC   |T/MT |NV-BDIZC |CYCLE
----------------------------------------
FF|FD|00|FE |EC04 |1/3  |10100100 |3559
FF|FD|00|FE |EC04 |2/3  |10100100 |3560
FF|FD|00|FE |EC04 |3/3  |10100100 |3561


---------------
Opcode: BD
ll: 10 hh: EC
Instruction:LDA Addressing Mode:AbsoluteX - Operand (Value: "0xFF", Address: "0xED0D")
Instruction cycle count set to 4
A |X |Y |SP |PC   |T/MT |NV-BDIZC |CYCLE
----------------------------------------
FF|FD|00|FE |EC07 |1/4  |10100100 |3562
FF|FD|00|FE |EC07 |2/4  |10100100 |3563
FF|FD|00|FE |EC07 |3/4  |10100100 |3564
FF|FD|00|FE |EC07 |4/4  |10100100 |3565


---------------
Opcode: 9D
ll: 00 hh: 07
Instruction:STA Addressing Mode:AbsoluteX - Operand (Value: "0x00", Address: "0x07FD")
Writing value 0xFF to address: 0x07FD
0x07FD: 0xFF
Instruction cycle count set to 5
A |X |Y |SP |PC   |T/MT |NV-BDIZC |CYCLE
----------------------------------------
FF|FD|00|FE |EC0A |1/5  |10100100 |3566
FF|FD|00|FE |EC0A |2/5  |10100100 |3567
FF|FD|00|FE |EC0A |3/5  |10100100 |3568
FF|FD|00|FE |EC0A |4/5  |10100100 |3569
FF|FD|00|FE |EC0A |5/5  |10100100 |3570


---------------
Opcode: E8
Instruction:INX Addressing Mode:Implied - Operand (Value: "None", Address: "None")
Instruction cycle count set to 2
A |X |Y |SP |PC   |T/MT |NV-BDIZC |CYCLE
----------------------------------------
FF|FE|00|FE |EC0B |1/2  |10100100 |3571
FF|FE|00|FE |EC0B |2/2  |10100100 |3572


---------------
Opcode: D0
ll: F7
Old PC: EC0D Offset:-9 New PC: EC04
Instruction:BNE Addressing Mode:Relative - Operand (Value: "None", Address: "0xEC04")
Instruction cycle count set to 2
A |X |Y |SP |PC   |T/MT |NV-BDIZC |CYCLE
----------------------------------------
FF|FE|00|FE |EC04 |1/3  |10100100 |3573
FF|FE|00|FE |EC04 |2/3  |10100100 |3574
FF|FE|00|FE |EC04 |3/3  |10100100 |3575


---------------
Opcode: BD
ll: 10 hh: EC
Instruction:LDA Addressing Mode:AbsoluteX - Operand (Value: "0xFF", Address: "0xED0E")
Instruction cycle count set to 4
A |X |Y |SP |PC   |T/MT |NV-BDIZC |CYCLE
----------------------------------------
FF|FE|00|FE |EC07 |1/4  |10100100 |3576
FF|FE|00|FE |EC07 |2/4  |10100100 |3577
FF|FE|00|FE |EC07 |3/4  |10100100 |3578
FF|FE|00|FE |EC07 |4/4  |10100100 |3579


---------------
Opcode: 9D
ll: 00 hh: 07
Instruction:STA Addressing Mode:AbsoluteX - Operand (Value: "0x00", Address: "0x07FE")
Writing value 0xFF to address: 0x07FE
0x07FE: 0xFF
Instruction cycle count set to 5
A |X |Y |SP |PC   |T/MT |NV-BDIZC |CYCLE
----------------------------------------
FF|FE|00|FE |EC0A |1/5  |10100100 |3580
FF|FE|00|FE |EC0A |2/5  |10100100 |3581
FF|FE|00|FE |EC0A |3/5  |10100100 |3582
FF|FE|00|FE |EC0A |4/5  |10100100 |3583
FF|FE|00|FE |EC0A |5/5  |10100100 |3584


---------------
Opcode: E8
Instruction:INX Addressing Mode:Implied - Operand (Value: "None", Address: "None")
Instruction cycle count set to 2
A |X |Y |SP |PC   |T/MT |NV-BDIZC |CYCLE
----------------------------------------
FF|FF|00|FE |EC0B |1/2  |10100100 |3585
FF|FF|00|FE |EC0B |2/2  |10100100 |3586


---------------
Opcode: D0
ll: F7
Old PC: EC0D Offset:-9 New PC: EC04
Instruction:BNE Addressing Mode:Relative - Operand (Value: "None", Address: "0xEC04")
Instruction cycle count set to 2
A |X |Y |SP |PC   |T/MT |NV-BDIZC |CYCLE
----------------------------------------
FF|FF|00|FE |EC04 |1/3  |10100100 |3587
FF|FF|00|FE |EC04 |2/3  |10100100 |3588
FF|FF|00|FE |EC04 |3/3  |10100100 |3589


---------------
Opcode: BD
ll: 10 hh: EC
Instruction:LDA Addressing Mode:AbsoluteX - Operand (Value: "0xFF", Address: "0xED0F")
Instruction cycle count set to 4
A |X |Y |SP |PC   |T/MT |NV-BDIZC |CYCLE
----------------------------------------
FF|FF|00|FE |EC07 |1/4  |10100100 |3590
FF|FF|00|FE |EC07 |2/4  |10100100 |3591
FF|FF|00|FE |EC07 |3/4  |10100100 |3592
FF|FF|00|FE |EC07 |4/4  |10100100 |3593


---------------
Opcode: 9D
ll: 00 hh: 07
Instruction:STA Addressing Mode:AbsoluteX - Operand (Value: "0x00", Address: "0x07FF")
Writing value 0xFF to address: 0x07FF
0x07FF: 0xFF
Instruction cycle count set to 5
A |X |Y |SP |PC   |T/MT |NV-BDIZC |CYCLE
----------------------------------------
FF|FF|00|FE |EC0A |1/5  |10100100 |3594
FF|FF|00|FE |EC0A |2/5  |10100100 |3595
FF|FF|00|FE |EC0A |3/5  |10100100 |3596
FF|FF|00|FE |EC0A |4/5  |10100100 |3597
FF|FF|00|FE |EC0A |5/5  |10100100 |3598


---------------
Opcode: E8
Instruction:INX Addressing Mode:Implied - Operand (Value: "None", Address: "None")
Instruction cycle count set to 2
A |X |Y |SP |PC   |T/MT |NV-BDIZC |CYCLE
----------------------------------------
FF|00|00|FE |EC0B |1/2  |00100110 |3599
FF|00|00|FE |EC0B |2/2  |00100110 |3600


---------------
Opcode: D0
ll: F7
Old PC: EC0D Offset:-9 New PC: EC04
Instruction:BNE Addressing Mode:Relative - Operand (Value: "None", Address: "0xEC04")
Instruction cycle count set to 2
A |X |Y |SP |PC   |T/MT |NV-BDIZC |CYCLE
----------------------------------------
FF|00|00|FE |EC0D |1/2  |00100110 |3601
FF|00|00|FE |EC0D |2/2  |00100110 |3602


---------------
Opcode: 4C
ll: 00 hh: 07
Instruction:JMP Addressing Mode:Absolute - Operand (Value: "0xA9", Address: "0x0700")
Instruction cycle count set to 3
A |X |Y |SP |PC   |T/MT |NV-BDIZC |CYCLE
----------------------------------------
FF|00|00|FE |0700 |1/3  |00100110 |3603
FF|00|00|FE |0700 |2/3  |00100110 |3604
FF|00|00|FE |0700 |3/3  |00100110 |3605


---------------
Opcode: A9
ll: 40
Instruction:LDA Addressing Mode:Immediate - Operand (Value: "0x40", Address: "None")
Instruction cycle count set to 2
A |X |Y |SP |PC   |T/MT |NV-BDIZC |CYCLE
----------------------------------------
40|00|00|FE |0702 |1/2  |00100100 |3606
40|00|00|FE |0702 |2/2  |00100100 |3607


---------------
Opcode: 8D
ll: 00 hh: A0
Instruction:STA Addressing Mode:Absolute - Operand (Value: "0xFF", Address: "0xA000")
Writing value 0x40 to address: 0xA000
0xA000: 0x40
Instruction cycle count set to 4
A |X |Y |SP |PC   |T/MT |NV-BDIZC |CYCLE
----------------------------------------
40|00|00|FE |0705 |1/4  |00100100 |3608
40|00|00|FE |0705 |2/4  |00100100 |3609
40|00|00|FE |0705 |3/4  |00100100 |3610
40|00|00|FE |0705 |4/4  |00100100 |3611


---------------
Opcode: 4A
Instruction:LSR Addressing Mode:Accumulator - Operand (Value: "0x40", Address: "None")
Instruction cycle count set to 2
A |X |Y |SP |PC   |T/MT |NV-BDIZC |CYCLE
----------------------------------------
80|00|00|FE |0706 |1/2  |10100100 |3612
80|00|00|FE |0706 |2/2  |10100100 |3613


---------------
Opcode: C9
ll: 02
Instruction:CMP Addressing Mode:Immediate - Operand (Value: "0x02", Address: "None")
Instruction cycle count set to 2
A |X |Y |SP |PC   |T/MT |NV-BDIZC |CYCLE
----------------------------------------
80|00|00|FE |0708 |1/2  |00100101 |3614
80|00|00|FE |0708 |2/2  |00100101 |3615


---------------
Opcode: D0
ll: F8
Old PC: 070A Offset:-8 New PC: 0702
Instruction:BNE Addressing Mode:Relative - Operand (Value: "None", Address: "0x0702")
Instruction cycle count set to 2
A |X |Y |SP |PC   |T/MT |NV-BDIZC |CYCLE
----------------------------------------
80|00|00|FE |0702 |1/3  |00100101 |3616
80|00|00|FE |0702 |2/3  |00100101 |3617
80|00|00|FE |0702 |3/3  |00100101 |3618


---------------
Opcode: 8D
ll: 00 hh: A0
Instruction:STA Addressing Mode:Absolute - Operand (Value: "0x40", Address: "0xA000")
Writing value 0x80 to address: 0xA000
0xA000: 0x80
Instruction cycle count set to 4
A |X |Y |SP |PC   |T/MT |NV-BDIZC |CYCLE
----------------------------------------
80|00|00|FE |0705 |1/4  |00100101 |3619
80|00|00|FE |0705 |2/4  |00100101 |3620
80|00|00|FE |0705 |3/4  |00100101 |3621
80|00|00|FE |0705 |4/4  |00100101 |3622


---------------
Opcode: 4A
Instruction:LSR Addressing Mode:Accumulator - Operand (Value: "0x80", Address: "None")
Instruction cycle count set to 2
A |X |Y |SP |PC   |T/MT |NV-BDIZC |CYCLE
----------------------------------------
00|00|00|FE |0706 |1/2  |00100111 |3623
00|00|00|FE |0706 |2/2  |00100111 |3624


---------------
Opcode: C9
ll: 02
Instruction:CMP Addressing Mode:Immediate - Operand (Value: "0x02", Address: "None")
Instruction cycle count set to 2
A |X |Y |SP |PC   |T/MT |NV-BDIZC |CYCLE
----------------------------------------
00|00|00|FE |0708 |1/2  |10100100 |3625
00|00|00|FE |0708 |2/2  |10100100 |3626


---------------
Opcode: D0
ll: F8
Old PC: 070A Offset:-8 New PC: 0702
Instruction:BNE Addressing Mode:Relative - Operand (Value: "None", Address: "0x0702")
Instruction cycle count set to 2
A |X |Y |SP |PC   |T/MT |NV-BDIZC |CYCLE
----------------------------------------
00|00|00|FE |0702 |1/3  |10100100 |3627
00|00|00|FE |0702 |2/3  |10100100 |3628
00|00|00|FE |0702 |3/3  |10100100 |3629


---------------
Opcode: 8D
ll: 00 hh: A0
Instruction:STA Addressing Mode:Absolute - Operand (Value: "0x80", Address: "0xA000")
Writing value 0x00 to address: 0xA000
0xA000: 0x00
Instruction cycle count set to 4
A |X |Y |SP |PC   |T/MT |NV-BDIZC |CYCLE
----------------------------------------
00|00|00|FE |0705 |1/4  |10100100 |3630
00|00|00|FE |0705 |2/4  |10100100 |3631
00|00|00|FE |0705 |3/4  |10100100 |3632
00|00|00|FE |0705 |4/4  |10100100 |3633


---------------
Opcode: 4A
Instruction:LSR Addressing Mode:Accumulator - Operand (Value: "0x00", Address: "None")
Instruction cycle count set to 2
A |X |Y |SP |PC   |T/MT |NV-BDIZC |CYCLE
----------------------------------------
00|00|00|FE |0706 |1/2  |00100110 |3634
00|00|00|FE |0706 |2/2  |00100110 |3635


---------------
Opcode: C9
ll: 02
Instruction:CMP Addressing Mode:Immediate - Operand (Value: "0x02", Address: "None")
Instruction cycle count set to 2
A |X |Y |SP |PC   |T/MT |NV-BDIZC |CYCLE
----------------------------------------
00|00|00|FE |0708 |1/2  |10100100 |3636
00|00|00|FE |0708 |2/2  |10100100 |3637


---------------
Opcode: D0
ll: F8
Old PC: 070A Offset:-8 New PC: 0702
Instruction:BNE Addressing Mode:Relative - Operand (Value: "None", Address: "0x0702")
Instruction cycle count set to 2
A |X |Y |SP |PC   |T/MT |NV-BDIZC |CYCLE
----------------------------------------
00|00|00|FE |0702 |1/3  |10100100 |3638
00|00|00|FE |0702 |2/3  |10100100 |3639
00|00|00|FE |0702 |3/3  |10100100 |3640


---------------
Opcode: 8D
ll: 00 hh: A0
Instruction:STA Addressing Mode:Absolute - Operand (Value: "0x00", Address: "0xA000")
Writing value 0x00 to address: 0xA000
0xA000: 0x00
Instruction cycle count set to 4
A |X |Y |SP |PC   |T/MT |NV-BDIZC |CYCLE
----------------------------------------
00|00|00|FE |0705 |1/4  |10100100 |3641
00|00|00|FE |0705 |2/4  |10100100 |3642
00|00|00|FE |0705 |3/4  |10100100 |3643
00|00|00|FE |0705 |4/4  |10100100 |3644


---------------
Opcode: 4A
Instruction:LSR Addressing Mode:Accumulator - Operand (Value: "0x00", Address: "None")
Instruction cycle count set to 2
A |X |Y |SP |PC   |T/MT |NV-BDIZC |CYCLE
----------------------------------------
00|00|00|FE |0706 |1/2  |00100110 |3645
00|00|00|FE |0706 |2/2  |00100110 |3646


---------------
Opcode: C9
ll: 02
Instruction:CMP Addressing Mode:Immediate - Operand (Value: "0x02", Address: "None")
Instruction cycle count set to 2
A |X |Y |SP |PC   |T/MT |NV-BDIZC |CYCLE
----------------------------------------
00|00|00|FE |0708 |1/2  |10100100 |3647
00|00|00|FE |0708 |2/2  |10100100 |3648


---------------
Opcode: D0
ll: F8
Old PC: 070A Offset:-8 New PC: 0702
Instruction:BNE Addressing Mode:Relative - Operand (Value: "None", Address: "0x0702")
Instruction cycle count set to 2
A |X |Y |SP |PC   |T/MT |NV-BDIZC |CYCLE
----------------------------------------
00|00|00|FE |0702 |1/3  |10100100 |3649
00|00|00|FE |0702 |2/3  |10100100 |3650
00|00|00|FE |0702 |3/3  |10100100 |3651


---------------
Opcode: 8D
ll: 00 hh: A0
Instruction:STA Addressing Mode:Absolute - Operand (Value: "0x00", Address: "0xA000")
Writing value 0x00 to address: 0xA000
0xA000: 0x00
Instruction cycle count set to 4
A |X |Y |SP |PC   |T/MT |NV-BDIZC |CYCLE
----------------------------------------
00|00|00|FE |0705 |1/4  |10100100 |3652
00|00|00|FE |0705 |2/4  |10100100 |3653
00|00|00|FE |0705 |3/4  |10100100 |3654
00|00|00|FE |0705 |4/4  |10100100 |3655


---------------
Opcode: 4A
Instruction:LSR Addressing Mode:Accumulator - Operand (Value: "0x00", Address: "None")
Instruction cycle count set to 2
A |X |Y |SP |PC   |T/MT |NV-BDIZC |CYCLE
----------------------------------------
00|00|00|FE |0706 |1/2  |00100110 |3656
00|00|00|FE |0706 |2/2  |00100110 |3657


---------------
Opcode: C9
ll: 02
Instruction:CMP Addressing Mode:Immediate - Operand (Value: "0x02", Address: "None")
Instruction cycle count set to 2
A |X |Y |SP |PC   |T/MT |NV-BDIZC |CYCLE
----------------------------------------
00|00|00|FE |0708 |1/2  |10100100 |3658
00|00|00|FE |0708 |2/2  |10100100 |3659


---------------
Opcode: D0
ll: F8
Old PC: 070A Offset:-8 New PC: 0702
Instruction:BNE Addressing Mode:Relative - Operand (Value: "None", Address: "0x0702")
Instruction cycle count set to 2
A |X |Y |SP |PC   |T/MT |NV-BDIZC |CYCLE
----------------------------------------
00|00|00|FE |0702 |1/3  |10100100 |3660
00|00|00|FE |0702 |2/3  |10100100 |3661
00|00|00|FE |0702 |3/3  |10100100 |3662


---------------
Opcode: 8D
ll: 00 hh: A0
Instruction:STA Addressing Mode:Absolute - Operand (Value: "0x00", Address: "0xA000")
Writing value 0x00 to address: 0xA000
0xA000: 0x00
Instruction cycle count set to 4
A |X |Y |SP |PC   |T/MT |NV-BDIZC |CYCLE
----------------------------------------
00|00|00|FE |0705 |1/4  |10100100 |3663
00|00|00|FE |0705 |2/4  |10100100 |3664
00|00|00|FE |0705 |3/4  |10100100 |3665
00|00|00|FE |0705 |4/4  |10100100 |3666


---------------
Opcode: 4A
Instruction:LSR Addressing Mode:Accumulator - Operand (Value: "0x00", Address: "None")
Instruction cycle count set to 2
A |X |Y |SP |PC   |T/MT |NV-BDIZC |CYCLE
----------------------------------------
00|00|00|FE |0706 |1/2  |00100110 |3667
00|00|00|FE |0706 |2/2  |00100110 |3668


---------------
Opcode: C9
ll: 02
Instruction:CMP Addressing Mode:Immediate - Operand (Value: "0x02", Address: "None")
Instruction cycle count set to 2
A |X |Y |SP |PC   |T/MT |NV-BDIZC |CYCLE
----------------------------------------
00|00|00|FE |0708 |1/2  |10100100 |3669
00|00|00|FE |0708 |2/2  |10100100 |3670


---------------
Opcode: D0
ll: F8
Old PC: 070A Offset:-8 New PC: 0702
Instruction:BNE Addressing Mode:Relative - Operand (Value: "None", Address: "0x0702")
Instruction cycle count set to 2
A |X |Y |SP |PC   |T/MT |NV-BDIZC |CYCLE
----------------------------------------
00|00|00|FE |0702 |1/3  |10100100 |3671
00|00|00|FE |0702 |2/3  |10100100 |3672
00|00|00|FE |0702 |3/3  |10100100 |3673


---------------
Opcode: 8D
ll: 00 hh: A0
Instruction:STA Addressing Mode:Absolute - Operand (Value: "0x00", Address: "0xA000")
Writing value 0x00 to address: 0xA000
0xA000: 0x00
Instruction cycle count set to 4
A |X |Y |SP |PC   |T/MT |NV-BDIZC |CYCLE
----------------------------------------
00|00|00|FE |0705 |1/4  |10100100 |3674
00|00|00|FE |0705 |2/4  |10100100 |3675
00|00|00|FE |0705 |3/4  |10100100 |3676
00|00|00|FE |0705 |4/4  |10100100 |3677


---------------
Opcode: 4A
Instruction:LSR Addressing Mode:Accumulator - Operand (Value: "0x00", Address: "None")
Instruction cycle count set to 2
A |X |Y |SP |PC   |T/MT |NV-BDIZC |CYCLE
----------------------------------------
00|00|00|FE |0706 |1/2  |00100110 |3678
00|00|00|FE |0706 |2/2  |00100110 |3679


---------------
Opcode: C9
ll: 02
Instruction:CMP Addressing Mode:Immediate - Operand (Value: "0x02", Address: "None")
Instruction cycle count set to 2
A |X |Y |SP |PC   |T/MT |NV-BDIZC |CYCLE
----------------------------------------
00|00|00|FE |0708 |1/2  |10100100 |3680
00|00|00|FE |0708 |2/2  |10100100 |3681


---------------
Opcode: D0
ll: F8
Old PC: 070A Offset:-8 New PC: 0702
Instruction:BNE Addressing Mode:Relative - Operand (Value: "None", Address: "0x0702")
Instruction cycle count set to 2
A |X |Y |SP |PC   |T/MT |NV-BDIZC |CYCLE
----------------------------------------
00|00|00|FE |0702 |1/3  |10100100 |3682
00|00|00|FE |0702 |2/3  |10100100 |3683
00|00|00|FE |0702 |3/3  |10100100 |3684


---------------
Opcode: 8D
ll: 00 hh: A0
Instruction:STA Addressing Mode:Absolute - Operand (Value: "0x00", Address: "0xA000")
Writing value 0x00 to address: 0xA000
0xA000: 0x00
Instruction cycle count set to 4
A |X |Y |SP |PC   |T/MT |NV-BDIZC |CYCLE
----------------------------------------
00|00|00|FE |0705 |1/4  |10100100 |3685
00|00|00|FE |0705 |2/4  |10100100 |3686
00|00|00|FE |0705 |3/4  |10100100 |3687
00|00|00|FE |0705 |4/4  |10100100 |3688


---------------
Opcode: 4A
Instruction:LSR Addressing Mode:Accumulator - Operand (Value: "0x00", Address: "None")
Instruction cycle count set to 2
A |X |Y |SP |PC   |T/MT |NV-BDIZC |CYCLE
----------------------------------------
00|00|00|FE |0706 |1/2  |00100110 |3689
00|00|00|FE |0706 |2/2  |00100110 |3690


---------------
Opcode: C9
ll: 02
Instruction:CMP Addressing Mode:Immediate - Operand (Value: "0x02", Address: "None")
Instruction cycle count set to 2
A |X |Y |SP |PC   |T/MT |NV-BDIZC |CYCLE
----------------------------------------
00|00|00|FE |0708 |1/2  |10100100 |3691
00|00|00|FE |0708 |2/2  |10100100 |3692


---------------
Opcode: D0
ll: F8
Old PC: 070A Offset:-8 New PC: 0702
Instruction:BNE Addressing Mode:Relative - Operand (Value: "None", Address: "0x0702")
Instruction cycle count set to 2
A |X |Y |SP |PC   |T/MT |NV-BDIZC |CYCLE
----------------------------------------
00|00|00|FE |0702 |1/3  |10100100 |3693
00|00|00|FE |0702 |2/3  |10100100 |3694
00|00|00|FE |0702 |3/3  |10100100 |3695


---------------
Opcode: 8D
ll: 00 hh: A0
Instruction:STA Addressing Mode:Absolute - Operand (Value: "0x00", Address: "0xA000")
Writing value 0x00 to address: 0xA000
0xA000: 0x00
Instruction cycle count set to 4
A |X |Y |SP |PC   |T/MT |NV-BDIZC |CYCLE
----------------------------------------
00|00|00|FE |0705 |1/4  |10100100 |3696
00|00|00|FE |0705 |2/4  |10100100 |3697
00|00|00|FE |0705 |3/4  |10100100 |3698
00|00|00|FE |0705 |4/4  |10100100 |3699


---------------
Opcode: 4A
Instruction:LSR Addressing Mode:Accumulator - Operand (Value: "0x00", Address: "None")
Instruction cycle count set to 2
A |X |Y |SP |PC   |T/MT |NV-BDIZC |CYCLE
----------------------------------------
00|00|00|FE |0706 |1/2  |00100110 |3700
00|00|00|FE |0706 |2/2  |00100110 |3701


---------------
Opcode: C9
ll: 02
Instruction:CMP Addressing Mode:Immediate - Operand (Value: "0x02", Address: "None")
Instruction cycle count set to 2
A |X |Y |SP |PC   |T/MT |NV-BDIZC |CYCLE
----------------------------------------
00|00|00|FE |0708 |1/2  |10100100 |3702
00|00|00|FE |0708 |2/2  |10100100 |3703


---------------
Opcode: D0
ll: F8
Old PC: 070A Offset:-8 New PC: 0702
Instruction:BNE Addressing Mode:Relative - Operand (Value: "None", Address: "0x0702")
Instruction cycle count set to 2
A |X |Y |SP |PC   |T/MT |NV-BDIZC |CYCLE
----------------------------------------
00|00|00|FE |0702 |1/3  |10100100 |3704
00|00|00|FE |0702 |2/3  |10100100 |3705
00|00|00|FE |0702 |3/3  |10100100 |3706


---------------
Opcode: 8D
ll: 00 hh: A0
Instruction:STA Addressing Mode:Absolute - Operand (Value: "0x00", Address: "0xA000")
Writing value 0x00 to address: 0xA000
0xA000: 0x00
Instruction cycle count set to 4
A |X |Y |SP |PC   |T/MT |NV-BDIZC |CYCLE
----------------------------------------
00|00|00|FE |0705 |1/4  |10100100 |3707
00|00|00|FE |0705 |2/4  |10100100 |3708
00|00|00|FE |0705 |3/4  |10100100 |3709
00|00|00|FE |0705 |4/4  |10100100 |3710


---------------
Opcode: 4A
Instruction:LSR Addressing Mode:Accumulator - Operand (Value: "0x00", Address: "None")
Instruction cycle count set to 2
A |X |Y |SP |PC   |T/MT |NV-BDIZC |CYCLE
----------------------------------------
00|00|00|FE |0706 |1/2  |00100110 |3711
00|00|00|FE |0706 |2/2  |00100110 |3712


---------------
Opcode: C9
ll: 02
Instruction:CMP Addressing Mode:Immediate - Operand (Value: "0x02", Address: "None")
Instruction cycle count set to 2
A |X |Y |SP |PC   |T/MT |NV-BDIZC |CYCLE
----------------------------------------
00|00|00|FE |0708 |1/2  |10100100 |3713
00|00|00|FE |0708 |2/2  |10100100 |3714


---------------
Opcode: D0
ll: F8
Old PC: 070A Offset:-8 New PC: 0702
Instruction:BNE Addressing Mode:Relative - Operand (Value: "None", Address: "0x0702")
Instruction cycle count set to 2
A |X |Y |SP |PC   |T/MT |NV-BDIZC |CYCLE
----------------------------------------
00|00|00|FE |0702 |1/3  |10100100 |3715
00|00|00|FE |0702 |2/3  |10100100 |3716
00|00|00|FE |0702 |3/3  |10100100 |3717


---------------
Opcode: 8D
ll: 00 hh: A0
Instruction:STA Addressing Mode:Absolute - Operand (Value: "0x00", Address: "0xA000")
Writing value 0x00 to address: 0xA000
0xA000: 0x00
Instruction cycle count set to 4
A |X |Y |SP |PC   |T/MT |NV-BDIZC |CYCLE
----------------------------------------
00|00|00|FE |0705 |1/4  |10100100 |3718
00|00|00|FE |0705 |2/4  |10100100 |3719
00|00|00|FE |0705 |3/4  |10100100 |3720
00|00|00|FE |0705 |4/4  |10100100 |3721


---------------
Opcode: 4A
Instruction:LSR Addressing Mode:Accumulator - Operand (Value: "0x00", Address: "None")
Instruction cycle count set to 2
A |X |Y |SP |PC   |T/MT |NV-BDIZC |CYCLE
----------------------------------------
00|00|00|FE |0706 |1/2  |00100110 |3722
00|00|00|FE |0706 |2/2  |00100110 |3723


---------------
Opcode: C9
ll: 02
Instruction:CMP Addressing Mode:Immediate - Operand (Value: "0x02", Address: "None")
Instruction cycle count set to 2
A |X |Y |SP |PC   |T/MT |NV-BDIZC |CYCLE
----------------------------------------
00|00|00|FE |0708 |1/2  |10100100 |3724
00|00|00|FE |0708 |2/2  |10100100 |3725


---------------
Opcode: D0
ll: F8
Old PC: 070A Offset:-8 New PC: 0702
Instruction:BNE Addressing Mode:Relative - Operand (Value: "None", Address: "0x0702")
Instruction cycle count set to 2
A |X |Y |SP |PC   |T/MT |NV-BDIZC |CYCLE
----------------------------------------
00|00|00|FE |0702 |1/3  |10100100 |3726
00|00|00|FE |0702 |2/3  |10100100 |3727
00|00|00|FE |0702 |3/3  |10100100 |3728


---------------
Opcode: 8D
ll: 00 hh: A0
Instruction:STA Addressing Mode:Absolute - Operand (Value: "0x00", Address: "0xA000")
Writing value 0x00 to address: 0xA000
0xA000: 0x00
Instruction cycle count set to 4
A |X |Y |SP |PC   |T/MT |NV-BDIZC |CYCLE
----------------------------------------
00|00|00|FE |0705 |1/4  |10100100 |3729
00|00|00|FE |0705 |2/4  |10100100 |3730
00|00|00|FE |0705 |3/4  |10100100 |3731
00|00|00|FE |0705 |4/4  |10100100 |3732


---------------
Opcode: 4A
Instruction:LSR Addressing Mode:Accumulator - Operand (Value: "0x00", Address: "None")
Instruction cycle count set to 2
A |X |Y |SP |PC   |T/MT |NV-BDIZC |CYCLE
----------------------------------------
00|00|00|FE |0706 |1/2  |00100110 |3733
00|00|00|FE |0706 |2/2  |00100110 |3734


---------------
Opcode: C9
ll: 02
Instruction:CMP Addressing Mode:Immediate - Operand (Value: "0x02", Address: "None")
Instruction cycle count set to 2
A |X |Y |SP |PC   |T/MT |NV-BDIZC |CYCLE
----------------------------------------
00|00|00|FE |0708 |1/2  |10100100 |3735
00|00|00|FE |0708 |2/2  |10100100 |3736


---------------
Opcode: D0
ll: F8
Old PC: 070A Offset:-8 New PC: 0702
Instruction:BNE Addressing Mode:Relative - Operand (Value: "None", Address: "0x0702")
Instruction cycle count set to 2
A |X |Y |SP |PC   |T/MT |NV-BDIZC |CYCLE
----------------------------------------
00|00|00|FE |0702 |1/3  |10100100 |3737
00|00|00|FE |0702 |2/3  |10100100 |3738
00|00|00|FE |0702 |3/3  |10100100 |3739


---------------
Opcode: 8D
ll: 00 hh: A0
Instruction:STA Addressing Mode:Absolute - Operand (Value: "0x00", Address: "0xA000")
Writing value 0x00 to address: 0xA000
0xA000: 0x00
Instruction cycle count set to 4
A |X |Y |SP |PC   |T/MT |NV-BDIZC |CYCLE
----------------------------------------
00|00|00|FE |0705 |1/4  |10100100 |3740
00|00|00|FE |0705 |2/4  |10100100 |3741
00|00|00|FE |0705 |3/4  |10100100 |3742
00|00|00|FE |0705 |4/4  |10100100 |3743


---------------
Opcode: 4A
Instruction:LSR Addressing Mode:Accumulator - Operand (Value: "0x00", Address: "None")
Instruction cycle count set to 2
A |X |Y |SP |PC   |T/MT |NV-BDIZC |CYCLE
----------------------------------------
00|00|00|FE |0706 |1/2  |00100110 |3744
00|00|00|FE |0706 |2/2  |00100110 |3745


---------------
Opcode: C9
ll: 02
Instruction:CMP Addressing Mode:Immediate - Operand (Value: "0x02", Address: "None")
Instruction cycle count set to 2
A |X |Y |SP |PC   |T/MT |NV-BDIZC |CYCLE
----------------------------------------
00|00|00|FE |0708 |1/2  |10100100 |3746
00|00|00|FE |0708 |2/2  |10100100 |3747


---------------
Opcode: D0
ll: F8
Old PC: 070A Offset:-8 New PC: 0702
Instruction:BNE Addressing Mode:Relative - Operand (Value: "None", Address: "0x0702")
Instruction cycle count set to 2
A |X |Y |SP |PC   |T/MT |NV-BDIZC |CYCLE
----------------------------------------
00|00|00|FE |0702 |1/3  |10100100 |3748
00|00|00|FE |0702 |2/3  |10100100 |3749
00|00|00|FE |0702 |3/3  |10100100 |3750


---------------
Opcode: 8D
ll: 00 hh: A0
Instruction:STA Addressing Mode:Absolute - Operand (Value: "0x00", Address: "0xA000")
Writing value 0x00 to address: 0xA000
0xA000: 0x00
Instruction cycle count set to 4
A |X |Y |SP |PC   |T/MT |NV-BDIZC |CYCLE
----------------------------------------
00|00|00|FE |0705 |1/4  |10100100 |3751
00|00|00|FE |0705 |2/4  |10100100 |3752
00|00|00|FE |0705 |3/4  |10100100 |3753
00|00|00|FE |0705 |4/4  |10100100 |3754


---------------
Opcode: 4A
Instruction:LSR Addressing Mode:Accumulator - Operand (Value: "0x00", Address: "None")
Instruction cycle count set to 2
A |X |Y |SP |PC   |T/MT |NV-BDIZC |CYCLE
----------------------------------------
00|00|00|FE |0706 |1/2  |00100110 |3755
00|00|00|FE |0706 |2/2  |00100110 |3756


---------------
Opcode: C9
ll: 02
Instruction:CMP Addressing Mode:Immediate - Operand (Value: "0x02", Address: "None")
Instruction cycle count set to 2
A |X |Y |SP |PC   |T/MT |NV-BDIZC |CYCLE
----------------------------------------
00|00|00|FE |0708 |1/2  |10100100 |3757
00|00|00|FE |0708 |2/2  |10100100 |3758


---------------
Opcode: D0
ll: F8
Old PC: 070A Offset:-8 New PC: 0702
Instruction:BNE Addressing Mode:Relative - Operand (Value: "None", Address: "0x0702")
Instruction cycle count set to 2
A |X |Y |SP |PC   |T/MT |NV-BDIZC |CYCLE
----------------------------------------
00|00|00|FE |0702 |1/3  |10100100 |3759
00|00|00|FE |0702 |2/3  |10100100 |3760
00|00|00|FE |0702 |3/3  |10100100 |3761


---------------
Opcode: 8D
ll: 00 hh: A0
Instruction:STA Addressing Mode:Absolute - Operand (Value: "0x00", Address: "0xA000")
Writing value 0x00 to address: 0xA000
0xA000: 0x00
Instruction cycle count set to 4
A |X |Y |SP |PC   |T/MT |NV-BDIZC |CYCLE
----------------------------------------
00|00|00|FE |0705 |1/4  |10100100 |3762
00|00|00|FE |0705 |2/4  |10100100 |3763
00|00|00|FE |0705 |3/4  |10100100 |3764
00|00|00|FE |0705 |4/4  |10100100 |3765


---------------
Opcode: 4A
Instruction:LSR Addressing Mode:Accumulator - Operand (Value: "0x00", Address: "None")
Instruction cycle count set to 2
A |X |Y |SP |PC   |T/MT |NV-BDIZC |CYCLE
----------------------------------------
00|00|00|FE |0706 |1/2  |00100110 |3766
00|00|00|FE |0706 |2/2  |00100110 |3767


---------------
Opcode: C9
ll: 02
Instruction:CMP Addressing Mode:Immediate - Operand (Value: "0x02", Address: "None")
Instruction cycle count set to 2
A |X |Y |SP |PC   |T/MT |NV-BDIZC |CYCLE
----------------------------------------
00|00|00|FE |0708 |1/2  |10100100 |3768
00|00|00|FE |0708 |2/2  |10100100 |3769


---------------
Opcode: D0
ll: F8
Old PC: 070A Offset:-8 New PC: 0702
Instruction:BNE Addressing Mode:Relative - Operand (Value: "None", Address: "0x0702")
Instruction cycle count set to 2
A |X |Y |SP |PC   |T/MT |NV-BDIZC |CYCLE
----------------------------------------
00|00|00|FE |0702 |1/3  |10100100 |3770
00|00|00|FE |0702 |2/3  |10100100 |3771
00|00|00|FE |0702 |3/3  |10100100 |3772


---------------
Opcode: 8D
ll: 00 hh: A0
Instruction:STA Addressing Mode:Absolute - Operand (Value: "0x00", Address: "0xA000")
Writing value 0x00 to address: 0xA000
0xA000: 0x00
Instruction cycle count set to 4
A |X |Y |SP |PC   |T/MT |NV-BDIZC |CYCLE
----------------------------------------
00|00|00|FE |0705 |1/4  |10100100 |3773
00|00|00|FE |0705 |2/4  |10100100 |3774
00|00|00|FE |0705 |3/4  |10100100 |3775
00|00|00|FE |0705 |4/4  |10100100 |3776


---------------
Opcode: 4A
Instruction:LSR Addressing Mode:Accumulator - Operand (Value: "0x00", Address: "None")
Instruction cycle count set to 2
A |X |Y |SP |PC   |T/MT |NV-BDIZC |CYCLE
----------------------------------------
00|00|00|FE |0706 |1/2  |00100110 |3777
00|00|00|FE |0706 |2/2  |00100110 |3778


---------------
Opcode: C9
ll: 02
Instruction:CMP Addressing Mode:Immediate - Operand (Value: "0x02", Address: "None")
Instruction cycle count set to 2
A |X |Y |SP |PC   |T/MT |NV-BDIZC |CYCLE
----------------------------------------
00|00|00|FE |0708 |1/2  |10100100 |3779
00|00|00|FE |0708 |2/2  |10100100 |3780


---------------
Opcode: D0
ll: F8
Old PC: 070A Offset:-8 New PC: 0702
Instruction:BNE Addressing Mode:Relative - Operand (Value: "None", Address: "0x0702")
Instruction cycle count set to 2
A |X |Y |SP |PC   |T/MT |NV-BDIZC |CYCLE
----------------------------------------
00|00|00|FE |0702 |1/3  |10100100 |3781
00|00|00|FE |0702 |2/3  |10100100 |3782
00|00|00|FE |0702 |3/3  |10100100 |3783


---------------
Opcode: 8D
ll: 00 hh: A0
Instruction:STA Addressing Mode:Absolute - Operand (Value: "0x00", Address: "0xA000")
Writing value 0x00 to address: 0xA000
0xA000: 0x00
Instruction cycle count set to 4
A |X |Y |SP |PC   |T/MT |NV-BDIZC |CYCLE
----------------------------------------
00|00|00|FE |0705 |1/4  |10100100 |3784
00|00|00|FE |0705 |2/4  |10100100 |3785
00|00|00|FE |0705 |3/4  |10100100 |3786
00|00|00|FE |0705 |4/4  |10100100 |3787


---------------
Opcode: 4A
Instruction:LSR Addressing Mode:Accumulator - Operand (Value: "0x00", Address: "None")
Instruction cycle count set to 2
A |X |Y |SP |PC   |T/MT |NV-BDIZC |CYCLE
----------------------------------------
00|00|00|FE |0706 |1/2  |00100110 |3788
00|00|00|FE |0706 |2/2  |00100110 |3789


---------------
Opcode: C9
ll: 02
Instruction:CMP Addressing Mode:Immediate - Operand (Value: "0x02", Address: "None")
Instruction cycle count set to 2
A |X |Y |SP |PC   |T/MT |NV-BDIZC |CYCLE
----------------------------------------
00|00|00|FE |0708 |1/2  |10100100 |3790
00|00|00|FE |0708 |2/2  |10100100 |3791


---------------
Opcode: D0
ll: F8
Old PC: 070A Offset:-8 New PC: 0702
Instruction:BNE Addressing Mode:Relative - Operand (Value: "None", Address: "0x0702")
Instruction cycle count set to 2
A |X |Y |SP |PC   |T/MT |NV-BDIZC |CYCLE
----------------------------------------
00|00|00|FE |0702 |1/3  |10100100 |3792
00|00|00|FE |0702 |2/3  |10100100 |3793
00|00|00|FE |0702 |3/3  |10100100 |3794


---------------
Opcode: 8D
ll: 00 hh: A0
Instruction:STA Addressing Mode:Absolute - Operand (Value: "0x00", Address: "0xA000")
Writing value 0x00 to address: 0xA000
0xA000: 0x00
Instruction cycle count set to 4
A |X |Y |SP |PC   |T/MT |NV-BDIZC |CYCLE
----------------------------------------
00|00|00|FE |0705 |1/4  |10100100 |3795
00|00|00|FE |0705 |2/4  |10100100 |3796
00|00|00|FE |0705 |3/4  |10100100 |3797
00|00|00|FE |0705 |4/4  |10100100 |3798


---------------
Opcode: 4A
Instruction:LSR Addressing Mode:Accumulator - Operand (Value: "0x00", Address: "None")
Instruction cycle count set to 2
A |X |Y |SP |PC   |T/MT |NV-BDIZC |CYCLE
----------------------------------------
00|00|00|FE |0706 |1/2  |00100110 |3799
00|00|00|FE |0706 |2/2  |00100110 |3800


---------------
Opcode: C9
ll: 02
Instruction:CMP Addressing Mode:Immediate - Operand (Value: "0x02", Address: "None")
Instruction cycle count set to 2
A |X |Y |SP |PC   |T/MT |NV-BDIZC |CYCLE
----------------------------------------
00|00|00|FE |0708 |1/2  |10100100 |3801
00|00|00|FE |0708 |2/2  |10100100 |3802


---------------
Opcode: D0
ll: F8
Old PC: 070A Offset:-8 New PC: 0702
Instruction:BNE Addressing Mode:Relative - Operand (Value: "None", Address: "0x0702")
Instruction cycle count set to 2
A |X |Y |SP |PC   |T/MT |NV-BDIZC |CYCLE
----------------------------------------
00|00|00|FE |0702 |1/3  |10100100 |3803
00|00|00|FE |0702 |2/3  |10100100 |3804
00|00|00|FE |0702 |3/3  |10100100 |3805


---------------
Opcode: 8D
ll: 00 hh: A0
Instruction:STA Addressing Mode:Absolute - Operand (Value: "0x00", Address: "0xA000")
Writing value 0x00 to address: 0xA000
0xA000: 0x00
Instruction cycle count set to 4
A |X |Y |SP |PC   |T/MT |NV-BDIZC |CYCLE
----------------------------------------
00|00|00|FE |0705 |1/4  |10100100 |3806
00|00|00|FE |0705 |2/4  |10100100 |3807
00|00|00|FE |0705 |3/4  |10100100 |3808
00|00|00|FE |0705 |4/4  |10100100 |3809


---------------
Opcode: 4A
Instruction:LSR Addressing Mode:Accumulator - Operand (Value: "0x00", Address: "None")
Instruction cycle count set to 2
A |X |Y |SP |PC   |T/MT |NV-BDIZC |CYCLE
----------------------------------------
00|00|00|FE |0706 |1/2  |00100110 |3810
00|00|00|FE |0706 |2/2  |00100110 |3811


---------------
Opcode: C9
ll: 02
Instruction:CMP Addressing Mode:Immediate - Operand (Value: "0x02", Address: "None")
Instruction cycle count set to 2
A |X |Y |SP |PC   |T/MT |NV-BDIZC |CYCLE
----------------------------------------
00|00|00|FE |0708 |1/2  |10100100 |3812
00|00|00|FE |0708 |2/2  |10100100 |3813


---------------
Opcode: D0
ll: F8
Old PC: 070A Offset:-8 New PC: 0702
Instruction:BNE Addressing Mode:Relative - Operand (Value: "None", Address: "0x0702")
Instruction cycle count set to 2
A |X |Y |SP |PC   |T/MT |NV-BDIZC |CYCLE
----------------------------------------
00|00|00|FE |0702 |1/3  |10100100 |3814
00|00|00|FE |0702 |2/3  |10100100 |3815
00|00|00|FE |0702 |3/3  |10100100 |3816


---------------
Opcode: 8D
ll: 00 hh: A0
Instruction:STA Addressing Mode:Absolute - Operand (Value: "0x00", Address: "0xA000")
Writing value 0x00 to address: 0xA000
0xA000: 0x00
Instruction cycle count set to 4
A |X |Y |SP |PC   |T/MT |NV-BDIZC |CYCLE
----------------------------------------
00|00|00|FE |0705 |1/4  |10100100 |3817
00|00|00|FE |0705 |2/4  |10100100 |3818
00|00|00|FE |0705 |3/4  |10100100 |3819
00|00|00|FE |0705 |4/4  |10100100 |3820


---------------
Opcode: 4A
Instruction:LSR Addressing Mode:Accumulator - Operand (Value: "0x00", Address: "None")
Instruction cycle count set to 2
A |X |Y |SP |PC   |T/MT |NV-BDIZC |CYCLE
----------------------------------------
00|00|00|FE |0706 |1/2  |00100110 |3821
00|00|00|FE |0706 |2/2  |00100110 |3822


---------------
Opcode: C9
ll: 02
Instruction:CMP Addressing Mode:Immediate - Operand (Value: "0x02", Address: "None")
Instruction cycle count set to 2
A |X |Y |SP |PC   |T/MT |NV-BDIZC |CYCLE
----------------------------------------
00|00|00|FE |0708 |1/2  |10100100 |3823
00|00|00|FE |0708 |2/2  |10100100 |3824


---------------
Opcode: D0
ll: F8
Old PC: 070A Offset:-8 New PC: 0702
Instruction:BNE Addressing Mode:Relative - Operand (Value: "None", Address: "0x0702")
Instruction cycle count set to 2
A |X |Y |SP |PC   |T/MT |NV-BDIZC |CYCLE
----------------------------------------
00|00|00|FE |0702 |1/3  |10100100 |3825
00|00|00|FE |0702 |2/3  |10100100 |3826
00|00|00|FE |0702 |3/3  |10100100 |3827


---------------
Opcode: 8D
ll: 00 hh: A0
Instruction:STA Addressing Mode:Absolute - Operand (Value: "0x00", Address: "0xA000")
Writing value 0x00 to address: 0xA000
0xA000: 0x00
Instruction cycle count set to 4
A |X |Y |SP |PC   |T/MT |NV-BDIZC |CYCLE
----------------------------------------
00|00|00|FE |0705 |1/4  |10100100 |3828
00|00|00|FE |0705 |2/4  |10100100 |3829
00|00|00|FE |0705 |3/4  |10100100 |3830
00|00|00|FE |0705 |4/4  |10100100 |3831


---------------
Opcode: 4A
Instruction:LSR Addressing Mode:Accumulator - Operand (Value: "0x00", Address: "None")
Instruction cycle count set to 2
A |X |Y |SP |PC   |T/MT |NV-BDIZC |CYCLE
----------------------------------------
00|00|00|FE |0706 |1/2  |00100110 |3832
00|00|00|FE |0706 |2/2  |00100110 |3833


---------------
Opcode: C9
ll: 02
Instruction:CMP Addressing Mode:Immediate - Operand (Value: "0x02", Address: "None")
Instruction cycle count set to 2
A |X |Y |SP |PC   |T/MT |NV-BDIZC |CYCLE
----------------------------------------
00|00|00|FE |0708 |1/2  |10100100 |3834
00|00|00|FE |0708 |2/2  |10100100 |3835


---------------
Opcode: D0
ll: F8
Old PC: 070A Offset:-8 New PC: 0702
Instruction:BNE Addressing Mode:Relative - Operand (Value: "None", Address: "0x0702")
Instruction cycle count set to 2
A |X |Y |SP |PC   |T/MT |NV-BDIZC |CYCLE
----------------------------------------
00|00|00|FE |0702 |1/3  |10100100 |3836
00|00|00|FE |0702 |2/3  |10100100 |3837
00|00|00|FE |0702 |3/3  |10100100 |3838


---------------
Opcode: 8D
ll: 00 hh: A0
Instruction:STA Addressing Mode:Absolute - Operand (Value: "0x00", Address: "0xA000")
Writing value 0x00 to address: 0xA000
0xA000: 0x00
Instruction cycle count set to 4
A |X |Y |SP |PC   |T/MT |NV-BDIZC |CYCLE
----------------------------------------
00|00|00|FE |0705 |1/4  |10100100 |3839
00|00|00|FE |0705 |2/4  |10100100 |3840
00|00|00|FE |0705 |3/4  |10100100 |3841
00|00|00|FE |0705 |4/4  |10100100 |3842


---------------
Opcode: 4A
Instruction:LSR Addressing Mode:Accumulator - Operand (Value: "0x00", Address: "None")
Instruction cycle count set to 2
A |X |Y |SP |PC   |T/MT |NV-BDIZC |CYCLE
----------------------------------------
00|00|00|FE |0706 |1/2  |00100110 |3843
00|00|00|FE |0706 |2/2  |00100110 |3844


---------------
Opcode: C9
ll: 02
Instruction:CMP Addressing Mode:Immediate - Operand (Value: "0x02", Address: "None")
Instruction cycle count set to 2
A |X |Y |SP |PC   |T/MT |NV-BDIZC |CYCLE
----------------------------------------
00|00|00|FE |0708 |1/2  |10100100 |3845
00|00|00|FE |0708 |2/2  |10100100 |3846


---------------
Opcode: D0
ll: F8
Old PC: 070A Offset:-8 New PC: 0702
Instruction:BNE Addressing Mode:Relative - Operand (Value: "None", Address: "0x0702")
Instruction cycle count set to 2
A |X |Y |SP |PC   |T/MT |NV-BDIZC |CYCLE
----------------------------------------
00|00|00|FE |0702 |1/3  |10100100 |3847
00|00|00|FE |0702 |2/3  |10100100 |3848
00|00|00|FE |0702 |3/3  |10100100 |3849


---------------
Opcode: 8D
ll: 00 hh: A0
Instruction:STA Addressing Mode:Absolute - Operand (Value: "0x00", Address: "0xA000")
Writing value 0x00 to address: 0xA000
0xA000: 0x00
Instruction cycle count set to 4
A |X |Y |SP |PC   |T/MT |NV-BDIZC |CYCLE
----------------------------------------
00|00|00|FE |0705 |1/4  |10100100 |3850
00|00|00|FE |0705 |2/4  |10100100 |3851
00|00|00|FE |0705 |3/4  |10100100 |3852
00|00|00|FE |0705 |4/4  |10100100 |3853


---------------
Opcode: 4A
Instruction:LSR Addressing Mode:Accumulator - Operand (Value: "0x00", Address: "None")
Instruction cycle count set to 2
A |X |Y |SP |PC   |T/MT |NV-BDIZC |CYCLE
----------------------------------------
00|00|00|FE |0706 |1/2  |00100110 |3854
00|00|00|FE |0706 |2/2  |00100110 |3855


---------------
Opcode: C9
ll: 02
Instruction:CMP Addressing Mode:Immediate - Operand (Value: "0x02", Address: "None")
Instruction cycle count set to 2
A |X |Y |SP |PC   |T/MT |NV-BDIZC |CYCLE
----------------------------------------
00|00|00|FE |0708 |1/2  |10100100 |3856
00|00|00|FE |0708 |2/2  |10100100 |3857


---------------
Opcode: D0
ll: F8
Old PC: 070A Offset:-8 New PC: 0702
Instruction:BNE Addressing Mode:Relative - Operand (Value: "None", Address: "0x0702")
Instruction cycle count set to 2
A |X |Y |SP |PC   |T/MT |NV-BDIZC |CYCLE
----------------------------------------
00|00|00|FE |0702 |1/3  |10100100 |3858
00|00|00|FE |0702 |2/3  |10100100 |3859
00|00|00|FE |0702 |3/3  |10100100 |3860


---------------
Opcode: 8D
ll: 00 hh: A0
Instruction:STA Addressing Mode:Absolute - Operand (Value: "0x00", Address: "0xA000")
Writing value 0x00 to address: 0xA000
0xA000: 0x00
Instruction cycle count set to 4
A |X |Y |SP |PC   |T/MT |NV-BDIZC |CYCLE
----------------------------------------
00|00|00|FE |0705 |1/4  |10100100 |3861
00|00|00|FE |0705 |2/4  |10100100 |3862
00|00|00|FE |0705 |3/4  |10100100 |3863
00|00|00|FE |0705 |4/4  |10100100 |3864


---------------
Opcode: 4A
Instruction:LSR Addressing Mode:Accumulator - Operand (Value: "0x00", Address: "None")
Instruction cycle count set to 2
A |X |Y |SP |PC   |T/MT |NV-BDIZC |CYCLE
----------------------------------------
00|00|00|FE |0706 |1/2  |00100110 |3865
00|00|00|FE |0706 |2/2  |00100110 |3866


---------------
Opcode: C9
ll: 02
Instruction:CMP Addressing Mode:Immediate - Operand (Value: "0x02", Address: "None")
Instruction cycle count set to 2
A |X |Y |SP |PC   |T/MT |NV-BDIZC |CYCLE
----------------------------------------
00|00|00|FE |0708 |1/2  |10100100 |3867
00|00|00|FE |0708 |2/2  |10100100 |3868


---------------
Opcode: D0
ll: F8
Old PC: 070A Offset:-8 New PC: 0702
Instruction:BNE Addressing Mode:Relative - Operand (Value: "None", Address: "0x0702")
Instruction cycle count set to 2
A |X |Y |SP |PC   |T/MT |NV-BDIZC |CYCLE
----------------------------------------
00|00|00|FE |0702 |1/3  |10100100 |3869
00|00|00|FE |0702 |2/3  |10100100 |3870
00|00|00|FE |0702 |3/3  |10100100 |3871


---------------
Opcode: 8D
ll: 00 hh: A0
Instruction:STA Addressing Mode:Absolute - Operand (Value: "0x00", Address: "0xA000")
Writing value 0x00 to address: 0xA000
0xA000: 0x00
Instruction cycle count set to 4
A |X |Y |SP |PC   |T/MT |NV-BDIZC |CYCLE
----------------------------------------
00|00|00|FE |0705 |1/4  |10100100 |3872
00|00|00|FE |0705 |2/4  |10100100 |3873
00|00|00|FE |0705 |3/4  |10100100 |3874
00|00|00|FE |0705 |4/4  |10100100 |3875


---------------
Opcode: 4A
Instruction:LSR Addressing Mode:Accumulator - Operand (Value: "0x00", Address: "None")
Instruction cycle count set to 2
A |X |Y |SP |PC   |T/MT |NV-BDIZC |CYCLE
----------------------------------------
00|00|00|FE |0706 |1/2  |00100110 |3876
00|00|00|FE |0706 |2/2  |00100110 |3877


---------------
Opcode: C9
ll: 02
Instruction:CMP Addressing Mode:Immediate - Operand (Value: "0x02", Address: "None")
Instruction cycle count set to 2
A |X |Y |SP |PC   |T/MT |NV-BDIZC |CYCLE
----------------------------------------
00|00|00|FE |0708 |1/2  |10100100 |3878
00|00|00|FE |0708 |2/2  |10100100 |3879


---------------
Opcode: D0
ll: F8
Old PC: 070A Offset:-8 New PC: 0702
Instruction:BNE Addressing Mode:Relative - Operand (Value: "None", Address: "0x0702")
Instruction cycle count set to 2
A |X |Y |SP |PC   |T/MT |NV-BDIZC |CYCLE
----------------------------------------
00|00|00|FE |0702 |1/3  |10100100 |3880
00|00|00|FE |0702 |2/3  |10100100 |3881
00|00|00|FE |0702 |3/3  |10100100 |3882


---------------
Opcode: 8D
ll: 00 hh: A0
Instruction:STA Addressing Mode:Absolute - Operand (Value: "0x00", Address: "0xA000")
Writing value 0x00 to address: 0xA000
0xA000: 0x00
Instruction cycle count set to 4
A |X |Y |SP |PC   |T/MT |NV-BDIZC |CYCLE
----------------------------------------
00|00|00|FE |0705 |1/4  |10100100 |3883
00|00|00|FE |0705 |2/4  |10100100 |3884
00|00|00|FE |0705 |3/4  |10100100 |3885
00|00|00|FE |0705 |4/4  |10100100 |3886


---------------
Opcode: 4A
Instruction:LSR Addressing Mode:Accumulator - Operand (Value: "0x00", Address: "None")
Instruction cycle count set to 2
A |X |Y |SP |PC   |T/MT |NV-BDIZC |CYCLE
----------------------------------------
00|00|00|FE |0706 |1/2  |00100110 |3887
00|00|00|FE |0706 |2/2  |00100110 |3888


---------------
Opcode: C9
ll: 02
Instruction:CMP Addressing Mode:Immediate - Operand (Value: "0x02", Address: "None")
Instruction cycle count set to 2
A |X |Y |SP |PC   |T/MT |NV-BDIZC |CYCLE
----------------------------------------
00|00|00|FE |0708 |1/2  |10100100 |3889
00|00|00|FE |0708 |2/2  |10100100 |3890


---------------
Opcode: D0
ll: F8
Old PC: 070A Offset:-8 New PC: 0702
Instruction:BNE Addressing Mode:Relative - Operand (Value: "None", Address: "0x0702")
Instruction cycle count set to 2
A |X |Y |SP |PC   |T/MT |NV-BDIZC |CYCLE
----------------------------------------
00|00|00|FE |0702 |1/3  |10100100 |3891
00|00|00|FE |0702 |2/3  |10100100 |3892
00|00|00|FE |0702 |3/3  |10100100 |3893


---------------
Opcode: 8D
ll: 00 hh: A0
Instruction:STA Addressing Mode:Absolute - Operand (Value: "0x00", Address: "0xA000")
Writing value 0x00 to address: 0xA000
0xA000: 0x00
Instruction cycle count set to 4
A |X |Y |SP |PC   |T/MT |NV-BDIZC |CYCLE
----------------------------------------
00|00|00|FE |0705 |1/4  |10100100 |3894
00|00|00|FE |0705 |2/4  |10100100 |3895
00|00|00|FE |0705 |3/4  |10100100 |3896
00|00|00|FE |0705 |4/4  |10100100 |3897


---------------
Opcode: 4A
Instruction:LSR Addressing Mode:Accumulator - Operand (Value: "0x00", Address: "None")
Instruction cycle count set to 2
A |X |Y |SP |PC   |T/MT |NV-BDIZC |CYCLE
----------------------------------------
00|00|00|FE |0706 |1/2  |00100110 |3898
00|00|00|FE |0706 |2/2  |00100110 |3899


---------------
Opcode: C9
ll: 02
Instruction:CMP Addressing Mode:Immediate - Operand (Value: "0x02", Address: "None")
Instruction cycle count set to 2
A |X |Y |SP |PC   |T/MT |NV-BDIZC |CYCLE
----------------------------------------
00|00|00|FE |0708 |1/2  |10100100 |3900
00|00|00|FE |0708 |2/2  |10100100 |3901


---------------
Opcode: D0
ll: F8
Old PC: 070A Offset:-8 New PC: 0702
Instruction:BNE Addressing Mode:Relative - Operand (Value: "None", Address: "0x0702")
Instruction cycle count set to 2
A |X |Y |SP |PC   |T/MT |NV-BDIZC |CYCLE
----------------------------------------
00|00|00|FE |0702 |1/3  |10100100 |3902
00|00|00|FE |0702 |2/3  |10100100 |3903
00|00|00|FE |0702 |3/3  |10100100 |3904


---------------
Opcode: 8D
ll: 00 hh: A0
Instruction:STA Addressing Mode:Absolute - Operand (Value: "0x00", Address: "0xA000")
Writing value 0x00 to address: 0xA000
0xA000: 0x00
Instruction cycle count set to 4
A |X |Y |SP |PC   |T/MT |NV-BDIZC |CYCLE
----------------------------------------
00|00|00|FE |0705 |1/4  |10100100 |3905
00|00|00|FE |0705 |2/4  |10100100 |3906
00|00|00|FE |0705 |3/4  |10100100 |3907
00|00|00|FE |0705 |4/4  |10100100 |3908


---------------
Opcode: 4A
Instruction:LSR Addressing Mode:Accumulator - Operand (Value: "0x00", Address: "None")
Instruction cycle count set to 2
A |X |Y |SP |PC   |T/MT |NV-BDIZC |CYCLE
----------------------------------------
00|00|00|FE |0706 |1/2  |00100110 |3909
00|00|00|FE |0706 |2/2  |00100110 |3910


---------------
Opcode: C9
ll: 02
Instruction:CMP Addressing Mode:Immediate - Operand (Value: "0x02", Address: "None")
Instruction cycle count set to 2
A |X |Y |SP |PC   |T/MT |NV-BDIZC |CYCLE
----------------------------------------
00|00|00|FE |0708 |1/2  |10100100 |3911
00|00|00|FE |0708 |2/2  |10100100 |3912


---------------
Opcode: D0
ll: F8
Old PC: 070A Offset:-8 New PC: 0702
Instruction:BNE Addressing Mode:Relative - Operand (Value: "None", Address: "0x0702")
Instruction cycle count set to 2
A |X |Y |SP |PC   |T/MT |NV-BDIZC |CYCLE
----------------------------------------
00|00|00|FE |0702 |1/3  |10100100 |3913
00|00|00|FE |0702 |2/3  |10100100 |3914
00|00|00|FE |0702 |3/3  |10100100 |3915


---------------
Opcode: 8D
ll: 00 hh: A0
Instruction:STA Addressing Mode:Absolute - Operand (Value: "0x00", Address: "0xA000")
Writing value 0x00 to address: 0xA000
0xA000: 0x00
Instruction cycle count set to 4
A |X |Y |SP |PC   |T/MT |NV-BDIZC |CYCLE
----------------------------------------
00|00|00|FE |0705 |1/4  |10100100 |3916
00|00|00|FE |0705 |2/4  |10100100 |3917
00|00|00|FE |0705 |3/4  |10100100 |3918
00|00|00|FE |0705 |4/4  |10100100 |3919


---------------
Opcode: 4A
Instruction:LSR Addressing Mode:Accumulator - Operand (Value: "0x00", Address: "None")
Instruction cycle count set to 2
A |X |Y |SP |PC   |T/MT |NV-BDIZC |CYCLE
----------------------------------------
00|00|00|FE |0706 |1/2  |00100110 |3920
00|00|00|FE |0706 |2/2  |00100110 |3921


---------------
Opcode: C9
ll: 02
Instruction:CMP Addressing Mode:Immediate - Operand (Value: "0x02", Address: "None")
Instruction cycle count set to 2
A |X |Y |SP |PC   |T/MT |NV-BDIZC |CYCLE
----------------------------------------
00|00|00|FE |0708 |1/2  |10100100 |3922
00|00|00|FE |0708 |2/2  |10100100 |3923


---------------
Opcode: D0
ll: F8
Old PC: 070A Offset:-8 New PC: 0702
Instruction:BNE Addressing Mode:Relative - Operand (Value: "None", Address: "0x0702")
Instruction cycle count set to 2
A |X |Y |SP |PC   |T/MT |NV-BDIZC |CYCLE
----------------------------------------
00|00|00|FE |0702 |1/3  |10100100 |3924
00|00|00|FE |0702 |2/3  |10100100 |3925
00|00|00|FE |0702 |3/3  |10100100 |3926


---------------
Opcode: 8D
ll: 00 hh: A0
Instruction:STA Addressing Mode:Absolute - Operand (Value: "0x00", Address: "0xA000")
Writing value 0x00 to address: 0xA000
0xA000: 0x00
Instruction cycle count set to 4
A |X |Y |SP |PC   |T/MT |NV-BDIZC |CYCLE
----------------------------------------
00|00|00|FE |0705 |1/4  |10100100 |3927
00|00|00|FE |0705 |2/4  |10100100 |3928
00|00|00|FE |0705 |3/4  |10100100 |3929
00|00|00|FE |0705 |4/4  |10100100 |3930


---------------
Opcode: 4A
Instruction:LSR Addressing Mode:Accumulator - Operand (Value: "0x00", Address: "None")
Instruction cycle count set to 2
A |X |Y |SP |PC   |T/MT |NV-BDIZC |CYCLE
----------------------------------------
00|00|00|FE |0706 |1/2  |00100110 |3931
00|00|00|FE |0706 |2/2  |00100110 |3932


---------------
Opcode: C9
ll: 02
Instruction:CMP Addressing Mode:Immediate - Operand (Value: "0x02", Address: "None")
Instruction cycle count set to 2
A |X |Y |SP |PC   |T/MT |NV-BDIZC |CYCLE
----------------------------------------
00|00|00|FE |0708 |1/2  |10100100 |3933
00|00|00|FE |0708 |2/2  |10100100 |3934


---------------
Opcode: D0
ll: F8
Old PC: 070A Offset:-8 New PC: 0702
Instruction:BNE Addressing Mode:Relative - Operand (Value: "None", Address: "0x0702")
Instruction cycle count set to 2
A |X |Y |SP |PC   |T/MT |NV-BDIZC |CYCLE
----------------------------------------
00|00|00|FE |0702 |1/3  |10100100 |3935
00|00|00|FE |0702 |2/3  |10100100 |3936
00|00|00|FE |0702 |3/3  |10100100 |3937


---------------
Opcode: 8D
ll: 00 hh: A0
Instruction:STA Addressing Mode:Absolute - Operand (Value: "0x00", Address: "0xA000")
Writing value 0x00 to address: 0xA000
0xA000: 0x00
Instruction cycle count set to 4
A |X |Y |SP |PC   |T/MT |NV-BDIZC |CYCLE
----------------------------------------
00|00|00|FE |0705 |1/4  |10100100 |3938
00|00|00|FE |0705 |2/4  |10100100 |3939
00|00|00|FE |0705 |3/4  |10100100 |3940
00|00|00|FE |0705 |4/4  |10100100 |3941


---------------
Opcode: 4A
Instruction:LSR Addressing Mode:Accumulator - Operand (Value: "0x00", Address: "None")
Instruction cycle count set to 2
A |X |Y |SP |PC   |T/MT |NV-BDIZC |CYCLE
----------------------------------------
00|00|00|FE |0706 |1/2  |00100110 |3942
00|00|00|FE |0706 |2/2  |00100110 |3943


---------------
Opcode: C9
ll: 02
Instruction:CMP Addressing Mode:Immediate - Operand (Value: "0x02", Address: "None")
Instruction cycle count set to 2
A |X |Y |SP |PC   |T/MT |NV-BDIZC |CYCLE
----------------------------------------
00|00|00|FE |0708 |1/2  |10100100 |3944
00|00|00|FE |0708 |2/2  |10100100 |3945


---------------
Opcode: D0
ll: F8
Old PC: 070A Offset:-8 New PC: 0702
Instruction:BNE Addressing Mode:Relative - Operand (Value: "None", Address: "0x0702")
Instruction cycle count set to 2
A |X |Y |SP |PC   |T/MT |NV-BDIZC |CYCLE
----------------------------------------
00|00|00|FE |0702 |1/3  |10100100 |3946
00|00|00|FE |0702 |2/3  |10100100 |3947
00|00|00|FE |0702 |3/3  |10100100 |3948


---------------
Opcode: 8D
ll: 00 hh: A0
Instruction:STA Addressing Mode:Absolute - Operand (Value: "0x00", Address: "0xA000")
Writing value 0x00 to address: 0xA000
0xA000: 0x00
Instruction cycle count set to 4
A |X |Y |SP |PC   |T/MT |NV-BDIZC |CYCLE
----------------------------------------
00|00|00|FE |0705 |1/4  |10100100 |3949
00|00|00|FE |0705 |2/4  |10100100 |3950
00|00|00|FE |0705 |3/4  |10100100 |3951
00|00|00|FE |0705 |4/4  |10100100 |3952


---------------
Opcode: 4A
Instruction:LSR Addressing Mode:Accumulator - Operand (Value: "0x00", Address: "None")
Instruction cycle count set to 2
A |X |Y |SP |PC   |T/MT |NV-BDIZC |CYCLE
----------------------------------------
00|00|00|FE |0706 |1/2  |00100110 |3953
00|00|00|FE |0706 |2/2  |00100110 |3954


---------------
Opcode: C9
ll: 02
Instruction:CMP Addressing Mode:Immediate - Operand (Value: "0x02", Address: "None")
Instruction cycle count set to 2
A |X |Y |SP |PC   |T/MT |NV-BDIZC |CYCLE
----------------------------------------
00|00|00|FE |0708 |1/2  |10100100 |3955
00|00|00|FE |0708 |2/2  |10100100 |3956


---------------
Opcode: D0
ll: F8
Old PC: 070A Offset:-8 New PC: 0702
Instruction:BNE Addressing Mode:Relative - Operand (Value: "None", Address: "0x0702")
Instruction cycle count set to 2
A |X |Y |SP |PC   |T/MT |NV-BDIZC |CYCLE
----------------------------------------
00|00|00|FE |0702 |1/3  |10100100 |3957
00|00|00|FE |0702 |2/3  |10100100 |3958
00|00|00|FE |0702 |3/3  |10100100 |3959


---------------
Opcode: 8D
ll: 00 hh: A0
Instruction:STA Addressing Mode:Absolute - Operand (Value: "0x00", Address: "0xA000")
Writing value 0x00 to address: 0xA000
0xA000: 0x00
Instruction cycle count set to 4
A |X |Y |SP |PC   |T/MT |NV-BDIZC |CYCLE
----------------------------------------
00|00|00|FE |0705 |1/4  |10100100 |3960
00|00|00|FE |0705 |2/4  |10100100 |3961
00|00|00|FE |0705 |3/4  |10100100 |3962
00|00|00|FE |0705 |4/4  |10100100 |3963


---------------
Opcode: 4A
Instruction:LSR Addressing Mode:Accumulator - Operand (Value: "0x00", Address: "None")
Instruction cycle count set to 2
A |X |Y |SP |PC   |T/MT |NV-BDIZC |CYCLE
----------------------------------------
00|00|00|FE |0706 |1/2  |00100110 |3964
00|00|00|FE |0706 |2/2  |00100110 |3965


---------------
Opcode: C9
ll: 02
Instruction:CMP Addressing Mode:Immediate - Operand (Value: "0x02", Address: "None")
Instruction cycle count set to 2
A |X |Y |SP |PC   |T/MT |NV-BDIZC |CYCLE
----------------------------------------
00|00|00|FE |0708 |1/2  |10100100 |3966
00|00|00|FE |0708 |2/2  |10100100 |3967


---------------
Opcode: D0
ll: F8
Old PC: 070A Offset:-8 New PC: 0702
Instruction:BNE Addressing Mode:Relative - Operand (Value: "None", Address: "0x0702")
Instruction cycle count set to 2
A |X |Y |SP |PC   |T/MT |NV-BDIZC |CYCLE
----------------------------------------
00|00|00|FE |0702 |1/3  |10100100 |3968
00|00|00|FE |0702 |2/3  |10100100 |3969
00|00|00|FE |0702 |3/3  |10100100 |3970


---------------
Opcode: 8D
ll: 00 hh: A0
Instruction:STA Addressing Mode:Absolute - Operand (Value: "0x00", Address: "0xA000")
Writing value 0x00 to address: 0xA000
0xA000: 0x00
Instruction cycle count set to 4
A |X |Y |SP |PC   |T/MT |NV-BDIZC |CYCLE
----------------------------------------
00|00|00|FE |0705 |1/4  |10100100 |3971
00|00|00|FE |0705 |2/4  |10100100 |3972
00|00|00|FE |0705 |3/4  |10100100 |3973
00|00|00|FE |0705 |4/4  |10100100 |3974


---------------
Opcode: 4A
Instruction:LSR Addressing Mode:Accumulator - Operand (Value: "0x00", Address: "None")
Instruction cycle count set to 2
A |X |Y |SP |PC   |T/MT |NV-BDIZC |CYCLE
----------------------------------------
00|00|00|FE |0706 |1/2  |00100110 |3975
00|00|00|FE |0706 |2/2  |00100110 |3976


---------------
Opcode: C9
ll: 02
Instruction:CMP Addressing Mode:Immediate - Operand (Value: "0x02", Address: "None")
Instruction cycle count set to 2
A |X |Y |SP |PC   |T/MT |NV-BDIZC |CYCLE
----------------------------------------
00|00|00|FE |0708 |1/2  |10100100 |3977
00|00|00|FE |0708 |2/2  |10100100 |3978


---------------
Opcode: D0
ll: F8
Old PC: 070A Offset:-8 New PC: 0702
Instruction:BNE Addressing Mode:Relative - Operand (Value: "None", Address: "0x0702")
Instruction cycle count set to 2
A |X |Y |SP |PC   |T/MT |NV-BDIZC |CYCLE
----------------------------------------
00|00|00|FE |0702 |1/3  |10100100 |3979
00|00|00|FE |0702 |2/3  |10100100 |3980
00|00|00|FE |0702 |3/3  |10100100 |3981


---------------
Opcode: 8D
ll: 00 hh: A0
Instruction:STA Addressing Mode:Absolute - Operand (Value: "0x00", Address: "0xA000")
Writing value 0x00 to address: 0xA000
0xA000: 0x00
Instruction cycle count set to 4
A |X |Y |SP |PC   |T/MT |NV-BDIZC |CYCLE
----------------------------------------
00|00|00|FE |0705 |1/4  |10100100 |3982
00|00|00|FE |0705 |2/4  |10100100 |3983
00|00|00|FE |0705 |3/4  |10100100 |3984
00|00|00|FE |0705 |4/4  |10100100 |3985


---------------
Opcode: 4A
Instruction:LSR Addressing Mode:Accumulator - Operand (Value: "0x00", Address: "None")
Instruction cycle count set to 2
A |X |Y |SP |PC   |T/MT |NV-BDIZC |CYCLE
----------------------------------------
00|00|00|FE |0706 |1/2  |00100110 |3986
00|00|00|FE |0706 |2/2  |00100110 |3987


---------------
Opcode: C9
ll: 02
Instruction:CMP Addressing Mode:Immediate - Operand (Value: "0x02", Address: "None")
Instruction cycle count set to 2
A |X |Y |SP |PC   |T/MT |NV-BDIZC |CYCLE
----------------------------------------
00|00|00|FE |0708 |1/2  |10100100 |3988
00|00|00|FE |0708 |2/2  |10100100 |3989


---------------
Opcode: D0
ll: F8
Old PC: 070A Offset:-8 New PC: 0702
Instruction:BNE Addressing Mode:Relative - Operand (Value: "None", Address: "0x0702")
Instruction cycle count set to 2
A |X |Y |SP |PC   |T/MT |NV-BDIZC |CYCLE
----------------------------------------
00|00|00|FE |0702 |1/3  |10100100 |3990
00|00|00|FE |0702 |2/3  |10100100 |3991
00|00|00|FE |0702 |3/3  |10100100 |3992


---------------
Opcode: 8D
ll: 00 hh: A0
Instruction:STA Addressing Mode:Absolute - Operand (Value: "0x00", Address: "0xA000")
Writing value 0x00 to address: 0xA000
0xA000: 0x00
Instruction cycle count set to 4
A |X |Y |SP |PC   |T/MT |NV-BDIZC |CYCLE
----------------------------------------
00|00|00|FE |0705 |1/4  |10100100 |3993
00|00|00|FE |0705 |2/4  |10100100 |3994
00|00|00|FE |0705 |3/4  |10100100 |3995
00|00|00|FE |0705 |4/4  |10100100 |3996


---------------
Opcode: 4A
Instruction:LSR Addressing Mode:Accumulator - Operand (Value: "0x00", Address: "None")
Instruction cycle count set to 2
A |X |Y |SP |PC   |T/MT |NV-BDIZC |CYCLE
----------------------------------------
00|00|00|FE |0706 |1/2  |00100110 |3997
00|00|00|FE |0706 |2/2  |00100110 |3998
emulation behind by 279.213032ms. trying to catch up...


---------------
Opcode: C9
ll: 02
Instruction:CMP Addressing Mode:Immediate - Operand (Value: "0x02", Address: "None")
Instruction cycle count set to 2
A |X |Y |SP |PC   |T/MT |NV-BDIZC |CYCLE
----------------------------------------
00|00|00|FE |0708 |1/2  |10100100 |3999
00|00|00|FE |0708 |2/2  |10100100 |4000


---------------
Opcode: D0
ll: F8
Old PC: 070A Offset:-8 New PC: 0702
Instruction:BNE Addressing Mode:Relative - Operand (Value: "None", Address: "0x0702")
Instruction cycle count set to 2
A |X |Y |SP |PC   |T/MT |NV-BDIZC |CYCLE
----------------------------------------
00|00|00|FE |0702 |1/3  |10100100 |4001
00|00|00|FE |0702 |2/3  |10100100 |4002
00|00|00|FE |0702 |3/3  |10100100 |4003


---------------
Opcode: 8D
ll: 00 hh: A0
Instruction:STA Addressing Mode:Absolute - Operand (Value: "0x00", Address: "0xA000")
Writing value 0x00 to address: 0xA000
0xA000: 0x00
Instruction cycle count set to 4
A |X |Y |SP |PC   |T/MT |NV-BDIZC |CYCLE
----------------------------------------
00|00|00|FE |0705 |1/4  |10100100 |4004
00|00|00|FE |0705 |2/4  |10100100 |4005
00|00|00|FE |0705 |3/4  |10100100 |4006
00|00|00|FE |0705 |4/4  |10100100 |4007


---------------
Opcode: 4A
Instruction:LSR Addressing Mode:Accumulator - Operand (Value: "0x00", Address: "None")
Instruction cycle count set to 2
A |X |Y |SP |PC   |T/MT |NV-BDIZC |CYCLE
----------------------------------------
00|00|00|FE |0706 |1/2  |00100110 |4008
00|00|00|FE |0706 |2/2  |00100110 |4009


---------------
Opcode: C9
ll: 02
Instruction:CMP Addressing Mode:Immediate - Operand (Value: "0x02", Address: "None")
Instruction cycle count set to 2
A |X |Y |SP |PC   |T/MT |NV-BDIZC |CYCLE
----------------------------------------
00|00|00|FE |0708 |1/2  |10100100 |4010
00|00|00|FE |0708 |2/2  |10100100 |4011


---------------
Opcode: D0
ll: F8
Old PC: 070A Offset:-8 New PC: 0702
Instruction:BNE Addressing Mode:Relative - Operand (Value: "None", Address: "0x0702")
Instruction cycle count set to 2
A |X |Y |SP |PC   |T/MT |NV-BDIZC |CYCLE
----------------------------------------
00|00|00|FE |0702 |1/3  |10100100 |4012
00|00|00|FE |0702 |2/3  |10100100 |4013
00|00|00|FE |0702 |3/3  |10100100 |4014


---------------
Opcode: 8D
ll: 00 hh: A0
Instruction:STA Addressing Mode:Absolute - Operand (Value: "0x00", Address: "0xA000")
Writing value 0x00 to address: 0xA000
0xA000: 0x00
Instruction cycle count set to 4
A |X |Y |SP |PC   |T/MT |NV-BDIZC |CYCLE
----------------------------------------
00|00|00|FE |0705 |1/4  |10100100 |4015
00|00|00|FE |0705 |2/4  |10100100 |4016
00|00|00|FE |0705 |3/4  |10100100 |4017
00|00|00|FE |0705 |4/4  |10100100 |4018


---------------
Opcode: 4A
Instruction:LSR Addressing Mode:Accumulator - Operand (Value: "0x00", Address: "None")
Instruction cycle count set to 2
A |X |Y |SP |PC   |T/MT |NV-BDIZC |CYCLE
----------------------------------------
00|00|00|FE |0706 |1/2  |00100110 |4019
00|00|00|FE |0706 |2/2  |00100110 |4020


---------------
Opcode: C9
ll: 02
Instruction:CMP Addressing Mode:Immediate - Operand (Value: "0x02", Address: "None")
Instruction cycle count set to 2
A |X |Y |SP |PC   |T/MT |NV-BDIZC |CYCLE
----------------------------------------
00|00|00|FE |0708 |1/2  |10100100 |4021
00|00|00|FE |0708 |2/2  |10100100 |4022


---------------
Opcode: D0
ll: F8
Old PC: 070A Offset:-8 New PC: 0702
Instruction:BNE Addressing Mode:Relative - Operand (Value: "None", Address: "0x0702")
Instruction cycle count set to 2
A |X |Y |SP |PC   |T/MT |NV-BDIZC |CYCLE
----------------------------------------
00|00|00|FE |0702 |1/3  |10100100 |4023
00|00|00|FE |0702 |2/3  |10100100 |4024
00|00|00|FE |0702 |3/3  |10100100 |4025


---------------
Opcode: 8D
ll: 00 hh: A0
Instruction:STA Addressing Mode:Absolute - Operand (Value: "0x00", Address: "0xA000")
Writing value 0x00 to address: 0xA000
0xA000: 0x00
Instruction cycle count set to 4
A |X |Y |SP |PC   |T/MT |NV-BDIZC |CYCLE
----------------------------------------
00|00|00|FE |0705 |1/4  |10100100 |4026
00|00|00|FE |0705 |2/4  |10100100 |4027
00|00|00|FE |0705 |3/4  |10100100 |4028
00|00|00|FE |0705 |4/4  |10100100 |4029


---------------
Opcode: 4A
Instruction:LSR Addressing Mode:Accumulator - Operand (Value: "0x00", Address: "None")
Instruction cycle count set to 2
A |X |Y |SP |PC   |T/MT |NV-BDIZC |CYCLE
----------------------------------------
00|00|00|FE |0706 |1/2  |00100110 |4030
00|00|00|FE |0706 |2/2  |00100110 |4031


---------------
Opcode: C9
ll: 02
Instruction:CMP Addressing Mode:Immediate - Operand (Value: "0x02", Address: "None")
Instruction cycle count set to 2
A |X |Y |SP |PC   |T/MT |NV-BDIZC |CYCLE
----------------------------------------
00|00|00|FE |0708 |1/2  |10100100 |4032
00|00|00|FE |0708 |2/2  |10100100 |4033


---------------
Opcode: D0
ll: F8
Old PC: 070A Offset:-8 New PC: 0702
Instruction:BNE Addressing Mode:Relative - Operand (Value: "None", Address: "0x0702")
Instruction cycle count set to 2
A |X |Y |SP |PC   |T/MT |NV-BDIZC |CYCLE
----------------------------------------
00|00|00|FE |0702 |1/3  |10100100 |4034
00|00|00|FE |0702 |2/3  |10100100 |4035
00|00|00|FE |0702 |3/3  |10100100 |4036


---------------
Opcode: 8D
ll: 00 hh: A0
Instruction:STA Addressing Mode:Absolute - Operand (Value: "0x00", Address: "0xA000")
Writing value 0x00 to address: 0xA000
0xA000: 0x00
Instruction cycle count set to 4
A |X |Y |SP |PC   |T/MT |NV-BDIZC |CYCLE
----------------------------------------
00|00|00|FE |0705 |1/4  |10100100 |4037
00|00|00|FE |0705 |2/4  |10100100 |4038
00|00|00|FE |0705 |3/4  |10100100 |4039
00|00|00|FE |0705 |4/4  |10100100 |4040


---------------
Opcode: 4A
Instruction:LSR Addressing Mode:Accumulator - Operand (Value: "0x00", Address: "None")
Instruction cycle count set to 2
A |X |Y |SP |PC   |T/MT |NV-BDIZC |CYCLE
----------------------------------------
00|00|00|FE |0706 |1/2  |00100110 |4041
00|00|00|FE |0706 |2/2  |00100110 |4042


---------------
Opcode: C9
ll: 02
Instruction:CMP Addressing Mode:Immediate - Operand (Value: "0x02", Address: "None")
Instruction cycle count set to 2
A |X |Y |SP |PC   |T/MT |NV-BDIZC |CYCLE
----------------------------------------
00|00|00|FE |0708 |1/2  |10100100 |4043
00|00|00|FE |0708 |2/2  |10100100 |4044


---------------
Opcode: D0
ll: F8
Old PC: 070A Offset:-8 New PC: 0702
Instruction:BNE Addressing Mode:Relative - Operand (Value: "None", Address: "0x0702")
Instruction cycle count set to 2
A |X |Y |SP |PC   |T/MT |NV-BDIZC |CYCLE
----------------------------------------
00|00|00|FE |0702 |1/3  |10100100 |4045
00|00|00|FE |0702 |2/3  |10100100 |4046
00|00|00|FE |0702 |3/3  |10100100 |4047


---------------
Opcode: 8D
ll: 00 hh: A0
Instruction:STA Addressing Mode:Absolute - Operand (Value: "0x00", Address: "0xA000")
Writing value 0x00 to address: 0xA000
0xA000: 0x00
Instruction cycle count set to 4
A |X |Y |SP |PC   |T/MT |NV-BDIZC |CYCLE
----------------------------------------
00|00|00|FE |0705 |1/4  |10100100 |4048
00|00|00|FE |0705 |2/4  |10100100 |4049
00|00|00|FE |0705 |3/4  |10100100 |4050
00|00|00|FE |0705 |4/4  |10100100 |4051


---------------
Opcode: 4A
Instruction:LSR Addressing Mode:Accumulator - Operand (Value: "0x00", Address: "None")
Instruction cycle count set to 2
A |X |Y |SP |PC   |T/MT |NV-BDIZC |CYCLE
----------------------------------------
00|00|00|FE |0706 |1/2  |00100110 |4052
00|00|00|FE |0706 |2/2  |00100110 |4053


---------------
Opcode: C9
ll: 02
Instruction:CMP Addressing Mode:Immediate - Operand (Value: "0x02", Address: "None")
Instruction cycle count set to 2
A |X |Y |SP |PC   |T/MT |NV-BDIZC |CYCLE
----------------------------------------
00|00|00|FE |0708 |1/2  |10100100 |4054
00|00|00|FE |0708 |2/2  |10100100 |4055


---------------
Opcode: D0
ll: F8
Old PC: 070A Offset:-8 New PC: 0702
Instruction:BNE Addressing Mode:Relative - Operand (Value: "None", Address: "0x0702")
Instruction cycle count set to 2
A |X |Y |SP |PC   |T/MT |NV-BDIZC |CYCLE
----------------------------------------
00|00|00|FE |0702 |1/3  |10100100 |4056
00|00|00|FE |0702 |2/3  |10100100 |4057
00|00|00|FE |0702 |3/3  |10100100 |4058


---------------
Opcode: 8D
ll: 00 hh: A0
Instruction:STA Addressing Mode:Absolute - Operand (Value: "0x00", Address: "0xA000")
Writing value 0x00 to address: 0xA000
0xA000: 0x00
Instruction cycle count set to 4
A |X |Y |SP |PC   |T/MT |NV-BDIZC |CYCLE
----------------------------------------
00|00|00|FE |0705 |1/4  |10100100 |4059
00|00|00|FE |0705 |2/4  |10100100 |4060
00|00|00|FE |0705 |3/4  |10100100 |4061
00|00|00|FE |0705 |4/4  |10100100 |4062


---------------
Opcode: 4A
Instruction:LSR Addressing Mode:Accumulator - Operand (Value: "0x00", Address: "None")
Instruction cycle count set to 2
A |X |Y |SP |PC   |T/MT |NV-BDIZC |CYCLE
----------------------------------------
00|00|00|FE |0706 |1/2  |00100110 |4063
00|00|00|FE |0706 |2/2  |00100110 |4064


---------------
Opcode: C9
ll: 02
Instruction:CMP Addressing Mode:Immediate - Operand (Value: "0x02", Address: "None")
Instruction cycle count set to 2
A |X |Y |SP |PC   |T/MT |NV-BDIZC |CYCLE
----------------------------------------
00|00|00|FE |0708 |1/2  |10100100 |4065
00|00|00|FE |0708 |2/2  |10100100 |4066


---------------
Opcode: D0
ll: F8
Old PC: 070A Offset:-8 New PC: 0702
Instruction:BNE Addressing Mode:Relative - Operand (Value: "None", Address: "0x0702")
Instruction cycle count set to 2
A |X |Y |SP |PC   |T/MT |NV-BDIZC |CYCLE
----------------------------------------
00|00|00|FE |0702 |1/3  |10100100 |4067
00|00|00|FE |0702 |2/3  |10100100 |4068
00|00|00|FE |0702 |3/3  |10100100 |4069


---------------
Opcode: 8D
ll: 00 hh: A0
Instruction:STA Addressing Mode:Absolute - Operand (Value: "0x00", Address: "0xA000")
Writing value 0x00 to address: 0xA000
0xA000: 0x00
Instruction cycle count set to 4
A |X |Y |SP |PC   |T/MT |NV-BDIZC |CYCLE
----------------------------------------
00|00|00|FE |0705 |1/4  |10100100 |4070
00|00|00|FE |0705 |2/4  |10100100 |4071
00|00|00|FE |0705 |3/4  |10100100 |4072
00|00|00|FE |0705 |4/4  |10100100 |4073


---------------
Opcode: 4A
Instruction:LSR Addressing Mode:Accumulator - Operand (Value: "0x00", Address: "None")
Instruction cycle count set to 2
A |X |Y |SP |PC   |T/MT |NV-BDIZC |CYCLE
----------------------------------------
00|00|00|FE |0706 |1/2  |00100110 |4074
00|00|00|FE |0706 |2/2  |00100110 |4075


---------------
Opcode: C9
ll: 02
Instruction:CMP Addressing Mode:Immediate - Operand (Value: "0x02", Address: "None")
Instruction cycle count set to 2
A |X |Y |SP |PC   |T/MT |NV-BDIZC |CYCLE
----------------------------------------
00|00|00|FE |0708 |1/2  |10100100 |4076
00|00|00|FE |0708 |2/2  |10100100 |4077


---------------
Opcode: D0
ll: F8
Old PC: 070A Offset:-8 New PC: 0702
Instruction:BNE Addressing Mode:Relative - Operand (Value: "None", Address: "0x0702")
Instruction cycle count set to 2
A |X |Y |SP |PC   |T/MT |NV-BDIZC |CYCLE
----------------------------------------
00|00|00|FE |0702 |1/3  |10100100 |4078
00|00|00|FE |0702 |2/3  |10100100 |4079
00|00|00|FE |0702 |3/3  |10100100 |4080


---------------
Opcode: 8D
ll: 00 hh: A0
Instruction:STA Addressing Mode:Absolute - Operand (Value: "0x00", Address: "0xA000")
Writing value 0x00 to address: 0xA000
0xA000: 0x00
Instruction cycle count set to 4
A |X |Y |SP |PC   |T/MT |NV-BDIZC |CYCLE
----------------------------------------
00|00|00|FE |0705 |1/4  |10100100 |4081
00|00|00|FE |0705 |2/4  |10100100 |4082
00|00|00|FE |0705 |3/4  |10100100 |4083
00|00|00|FE |0705 |4/4  |10100100 |4084


---------------
Opcode: 4A
Instruction:LSR Addressing Mode:Accumulator - Operand (Value: "0x00", Address: "None")
Instruction cycle count set to 2
A |X |Y |SP |PC   |T/MT |NV-BDIZC |CYCLE
----------------------------------------
00|00|00|FE |0706 |1/2  |00100110 |4085
00|00|00|FE |0706 |2/2  |00100110 |4086


---------------
Opcode: C9
ll: 02
Instruction:CMP Addressing Mode:Immediate - Operand (Value: "0x02", Address: "None")
Instruction cycle count set to 2
A |X |Y |SP |PC   |T/MT |NV-BDIZC |CYCLE
----------------------------------------
00|00|00|FE |0708 |1/2  |10100100 |4087
00|00|00|FE |0708 |2/2  |10100100 |4088


---------------
Opcode: D0
ll: F8
Old PC: 070A Offset:-8 New PC: 0702
Instruction:BNE Addressing Mode:Relative - Operand (Value: "None", Address: "0x0702")
Instruction cycle count set to 2
A |X |Y |SP |PC   |T/MT |NV-BDIZC |CYCLE
----------------------------------------
00|00|00|FE |0702 |1/3  |10100100 |4089
00|00|00|FE |0702 |2/3  |10100100 |4090
00|00|00|FE |0702 |3/3  |10100100 |4091


---------------
Opcode: 8D
ll: 00 hh: A0
Instruction:STA Addressing Mode:Absolute - Operand (Value: "0x00", Address: "0xA000")
Writing value 0x00 to address: 0xA000
0xA000: 0x00
Instruction cycle count set to 4
A |X |Y |SP |PC   |T/MT |NV-BDIZC |CYCLE
----------------------------------------
00|00|00|FE |0705 |1/4  |10100100 |4092
00|00|00|FE |0705 |2/4  |10100100 |4093
00|00|00|FE |0705 |3/4  |10100100 |4094
00|00|00|FE |0705 |4/4  |10100100 |4095


---------------
Opcode: 4A
Instruction:LSR Addressing Mode:Accumulator - Operand (Value: "0x00", Address: "None")
Instruction cycle count set to 2
A |X |Y |SP |PC   |T/MT |NV-BDIZC |CYCLE
----------------------------------------
00|00|00|FE |0706 |1/2  |00100110 |4096
00|00|00|FE |0706 |2/2  |00100110 |4097


---------------
Opcode: C9
ll: 02
Instruction:CMP Addressing Mode:Immediate - Operand (Value: "0x02", Address: "None")
Instruction cycle count set to 2
A |X |Y |SP |PC   |T/MT |NV-BDIZC |CYCLE
----------------------------------------
00|00|00|FE |0708 |1/2  |10100100 |4098
00|00|00|FE |0708 |2/2  |10100100 |4099


---------------
Opcode: D0
ll: F8
Old PC: 070A Offset:-8 New PC: 0702
Instruction:BNE Addressing Mode:Relative - Operand (Value: "None", Address: "0x0702")
Instruction cycle count set to 2
A |X |Y |SP |PC   |T/MT |NV-BDIZC |CYCLE
----------------------------------------
00|00|00|FE |0702 |1/3  |10100100 |4100
00|00|00|FE |0702 |2/3  |10100100 |4101
00|00|00|FE |0702 |3/3  |10100100 |4102


---------------
Opcode: 8D
ll: 00 hh: A0
Instruction:STA Addressing Mode:Absolute - Operand (Value: "0x00", Address: "0xA000")
Writing value 0x00 to address: 0xA000
0xA000: 0x00
Instruction cycle count set to 4
A |X |Y |SP |PC   |T/MT |NV-BDIZC |CYCLE
----------------------------------------
00|00|00|FE |0705 |1/4  |10100100 |4103
00|00|00|FE |0705 |2/4  |10100100 |4104
00|00|00|FE |0705 |3/4  |10100100 |4105
00|00|00|FE |0705 |4/4  |10100100 |4106


---------------
Opcode: 4A
Instruction:LSR Addressing Mode:Accumulator - Operand (Value: "0x00", Address: "None")
Instruction cycle count set to 2
A |X |Y |SP |PC   |T/MT |NV-BDIZC |CYCLE
----------------------------------------
00|00|00|FE |0706 |1/2  |00100110 |4107
00|00|00|FE |0706 |2/2  |00100110 |4108


---------------
Opcode: C9
ll: 02
Instruction:CMP Addressing Mode:Immediate - Operand (Value: "0x02", Address: "None")
Instruction cycle count set to 2
A |X |Y |SP |PC   |T/MT |NV-BDIZC |CYCLE
----------------------------------------
00|00|00|FE |0708 |1/2  |10100100 |4109
00|00|00|FE |0708 |2/2  |10100100 |4110


---------------
Opcode: D0
ll: F8
Old PC: 070A Offset:-8 New PC: 0702
Instruction:BNE Addressing Mode:Relative - Operand (Value: "None", Address: "0x0702")
Instruction cycle count set to 2
A |X |Y |SP |PC   |T/MT |NV-BDIZC |CYCLE
----------------------------------------
00|00|00|FE |0702 |1/3  |10100100 |4111
00|00|00|FE |0702 |2/3  |10100100 |4112
00|00|00|FE |0702 |3/3  |10100100 |4113


---------------
Opcode: 8D
ll: 00 hh: A0
Instruction:STA Addressing Mode:Absolute - Operand (Value: "0x00", Address: "0xA000")
Writing value 0x00 to address: 0xA000
0xA000: 0x00
Instruction cycle count set to 4
A |X |Y |SP |PC   |T/MT |NV-BDIZC |CYCLE
----------------------------------------
00|00|00|FE |0705 |1/4  |10100100 |4114
00|00|00|FE |0705 |2/4  |10100100 |4115
00|00|00|FE |0705 |3/4  |10100100 |4116
00|00|00|FE |0705 |4/4  |10100100 |4117


---------------
Opcode: 4A
Instruction:LSR Addressing Mode:Accumulator - Operand (Value: "0x00", Address: "None")
Instruction cycle count set to 2
A |X |Y |SP |PC   |T/MT |NV-BDIZC |CYCLE
----------------------------------------
00|00|00|FE |0706 |1/2  |00100110 |4118
00|00|00|FE |0706 |2/2  |00100110 |4119


---------------
Opcode: C9
ll: 02
Instruction:CMP Addressing Mode:Immediate - Operand (Value: "0x02", Address: "None")
Instruction cycle count set to 2
A |X |Y |SP |PC   |T/MT |NV-BDIZC |CYCLE
----------------------------------------
00|00|00|FE |0708 |1/2  |10100100 |4120
00|00|00|FE |0708 |2/2  |10100100 |4121


---------------
Opcode: D0
ll: F8
Old PC: 070A Offset:-8 New PC: 0702
Instruction:BNE Addressing Mode:Relative - Operand (Value: "None", Address: "0x0702")
Instruction cycle count set to 2
A |X |Y |SP |PC   |T/MT |NV-BDIZC |CYCLE
----------------------------------------
00|00|00|FE |0702 |1/3  |10100100 |4122
00|00|00|FE |0702 |2/3  |10100100 |4123
00|00|00|FE |0702 |3/3  |10100100 |4124


---------------
Opcode: 8D
ll: 00 hh: A0
Instruction:STA Addressing Mode:Absolute - Operand (Value: "0x00", Address: "0xA000")
Writing value 0x00 to address: 0xA000
0xA000: 0x00
Instruction cycle count set to 4
A |X |Y |SP |PC   |T/MT |NV-BDIZC |CYCLE
----------------------------------------
00|00|00|FE |0705 |1/4  |10100100 |4125
00|00|00|FE |0705 |2/4  |10100100 |4126
00|00|00|FE |0705 |3/4  |10100100 |4127
00|00|00|FE |0705 |4/4  |10100100 |4128


---------------
Opcode: 4A
Instruction:LSR Addressing Mode:Accumulator - Operand (Value: "0x00", Address: "None")
Instruction cycle count set to 2
A |X |Y |SP |PC   |T/MT |NV-BDIZC |CYCLE
----------------------------------------
00|00|00|FE |0706 |1/2  |00100110 |4129
00|00|00|FE |0706 |2/2  |00100110 |4130


---------------
Opcode: C9
ll: 02
Instruction:CMP Addressing Mode:Immediate - Operand (Value: "0x02", Address: "None")
Instruction cycle count set to 2
A |X |Y |SP |PC   |T/MT |NV-BDIZC |CYCLE
----------------------------------------
00|00|00|FE |0708 |1/2  |10100100 |4131
00|00|00|FE |0708 |2/2  |10100100 |4132


---------------
Opcode: D0
ll: F8
Old PC: 070A Offset:-8 New PC: 0702
Instruction:BNE Addressing Mode:Relative - Operand (Value: "None", Address: "0x0702")
Instruction cycle count set to 2
A |X |Y |SP |PC   |T/MT |NV-BDIZC |CYCLE
----------------------------------------
00|00|00|FE |0702 |1/3  |10100100 |4133
00|00|00|FE |0702 |2/3  |10100100 |4134
00|00|00|FE |0702 |3/3  |10100100 |4135


---------------
Opcode: 8D
ll: 00 hh: A0
Instruction:STA Addressing Mode:Absolute - Operand (Value: "0x00", Address: "0xA000")
Writing value 0x00 to address: 0xA000
0xA000: 0x00
Instruction cycle count set to 4
A |X |Y |SP |PC   |T/MT |NV-BDIZC |CYCLE
----------------------------------------
00|00|00|FE |0705 |1/4  |10100100 |4136
00|00|00|FE |0705 |2/4  |10100100 |4137
00|00|00|FE |0705 |3/4  |10100100 |4138
00|00|00|FE |0705 |4/4  |10100100 |4139


---------------
Opcode: 4A
Instruction:LSR Addressing Mode:Accumulator - Operand (Value: "0x00", Address: "None")
Instruction cycle count set to 2
A |X |Y |SP |PC   |T/MT |NV-BDIZC |CYCLE
----------------------------------------
00|00|00|FE |0706 |1/2  |00100110 |4140
00|00|00|FE |0706 |2/2  |00100110 |4141


---------------
Opcode: C9
ll: 02
Instruction:CMP Addressing Mode:Immediate - Operand (Value: "0x02", Address: "None")
Instruction cycle count set to 2
A |X |Y |SP |PC   |T/MT |NV-BDIZC |CYCLE
----------------------------------------
00|00|00|FE |0708 |1/2  |10100100 |4142
00|00|00|FE |0708 |2/2  |10100100 |4143


---------------
Opcode: D0
ll: F8
Old PC: 070A Offset:-8 New PC: 0702
Instruction:BNE Addressing Mode:Relative - Operand (Value: "None", Address: "0x0702")
Instruction cycle count set to 2
A |X |Y |SP |PC   |T/MT |NV-BDIZC |CYCLE
----------------------------------------
00|00|00|FE |0702 |1/3  |10100100 |4144
00|00|00|FE |0702 |2/3  |10100100 |4145
00|00|00|FE |0702 |3/3  |10100100 |4146


---------------
Opcode: 8D
ll: 00 hh: A0
Instruction:STA Addressing Mode:Absolute - Operand (Value: "0x00", Address: "0xA000")
Writing value 0x00 to address: 0xA000
0xA000: 0x00
Instruction cycle count set to 4
A |X |Y |SP |PC   |T/MT |NV-BDIZC |CYCLE
----------------------------------------
00|00|00|FE |0705 |1/4  |10100100 |4147
00|00|00|FE |0705 |2/4  |10100100 |4148
00|00|00|FE |0705 |3/4  |10100100 |4149
00|00|00|FE |0705 |4/4  |10100100 |4150


---------------
Opcode: 4A
Instruction:LSR Addressing Mode:Accumulator - Operand (Value: "0x00", Address: "None")
Instruction cycle count set to 2
A |X |Y |SP |PC   |T/MT |NV-BDIZC |CYCLE
----------------------------------------
00|00|00|FE |0706 |1/2  |00100110 |4151
00|00|00|FE |0706 |2/2  |00100110 |4152


---------------
Opcode: C9
ll: 02
Instruction:CMP Addressing Mode:Immediate - Operand (Value: "0x02", Address: "None")
Instruction cycle count set to 2
A |X |Y |SP |PC   |T/MT |NV-BDIZC |CYCLE
----------------------------------------
00|00|00|FE |0708 |1/2  |10100100 |4153
00|00|00|FE |0708 |2/2  |10100100 |4154


---------------
Opcode: D0
ll: F8
Old PC: 070A Offset:-8 New PC: 0702
Instruction:BNE Addressing Mode:Relative - Operand (Value: "None", Address: "0x0702")
Instruction cycle count set to 2
A |X |Y |SP |PC   |T/MT |NV-BDIZC |CYCLE
----------------------------------------
00|00|00|FE |0702 |1/3  |10100100 |4155
00|00|00|FE |0702 |2/3  |10100100 |4156
00|00|00|FE |0702 |3/3  |10100100 |4157


---------------
Opcode: 8D
ll: 00 hh: A0
Instruction:STA Addressing Mode:Absolute - Operand (Value: "0x00", Address: "0xA000")
Writing value 0x00 to address: 0xA000
0xA000: 0x00
Instruction cycle count set to 4
A |X |Y |SP |PC   |T/MT |NV-BDIZC |CYCLE
----------------------------------------
00|00|00|FE |0705 |1/4  |10100100 |4158
00|00|00|FE |0705 |2/4  |10100100 |4159
00|00|00|FE |0705 |3/4  |10100100 |4160
00|00|00|FE |0705 |4/4  |10100100 |4161


---------------
Opcode: 4A
Instruction:LSR Addressing Mode:Accumulator - Operand (Value: "0x00", Address: "None")
Instruction cycle count set to 2
A |X |Y |SP |PC   |T/MT |NV-BDIZC |CYCLE
----------------------------------------
00|00|00|FE |0706 |1/2  |00100110 |4162
00|00|00|FE |0706 |2/2  |00100110 |4163


---------------
Opcode: C9
ll: 02
Instruction:CMP Addressing Mode:Immediate - Operand (Value: "0x02", Address: "None")
Instruction cycle count set to 2
A |X |Y |SP |PC   |T/MT |NV-BDIZC |CYCLE
----------------------------------------
00|00|00|FE |0708 |1/2  |10100100 |4164
00|00|00|FE |0708 |2/2  |10100100 |4165


---------------
Opcode: D0
ll: F8
Old PC: 070A Offset:-8 New PC: 0702
Instruction:BNE Addressing Mode:Relative - Operand (Value: "None", Address: "0x0702")
Instruction cycle count set to 2
A |X |Y |SP |PC   |T/MT |NV-BDIZC |CYCLE
----------------------------------------
00|00|00|FE |0702 |1/3  |10100100 |4166
00|00|00|FE |0702 |2/3  |10100100 |4167
00|00|00|FE |0702 |3/3  |10100100 |4168


---------------
Opcode: 8D
ll: 00 hh: A0
Instruction:STA Addressing Mode:Absolute - Operand (Value: "0x00", Address: "0xA000")
Writing value 0x00 to address: 0xA000
0xA000: 0x00
Instruction cycle count set to 4
A |X |Y |SP |PC   |T/MT |NV-BDIZC |CYCLE
----------------------------------------
00|00|00|FE |0705 |1/4  |10100100 |4169
00|00|00|FE |0705 |2/4  |10100100 |4170
00|00|00|FE |0705 |3/4  |10100100 |4171
00|00|00|FE |0705 |4/4  |10100100 |4172


---------------
Opcode: 4A
Instruction:LSR Addressing Mode:Accumulator - Operand (Value: "0x00", Address: "None")
Instruction cycle count set to 2
A |X |Y |SP |PC   |T/MT |NV-BDIZC |CYCLE
----------------------------------------
00|00|00|FE |0706 |1/2  |00100110 |4173
00|00|00|FE |0706 |2/2  |00100110 |4174


---------------
Opcode: C9
ll: 02
Instruction:CMP Addressing Mode:Immediate - Operand (Value: "0x02", Address: "None")
Instruction cycle count set to 2
A |X |Y |SP |PC   |T/MT |NV-BDIZC |CYCLE
----------------------------------------
00|00|00|FE |0708 |1/2  |10100100 |4175
00|00|00|FE |0708 |2/2  |10100100 |4176


---------------
Opcode: D0
ll: F8
Old PC: 070A Offset:-8 New PC: 0702
Instruction:BNE Addressing Mode:Relative - Operand (Value: "None", Address: "0x0702")
Instruction cycle count set to 2
A |X |Y |SP |PC   |T/MT |NV-BDIZC |CYCLE
----------------------------------------
00|00|00|FE |0702 |1/3  |10100100 |4177
00|00|00|FE |0702 |2/3  |10100100 |4178
00|00|00|FE |0702 |3/3  |10100100 |4179


---------------
Opcode: 8D
ll: 00 hh: A0
Instruction:STA Addressing Mode:Absolute - Operand (Value: "0x00", Address: "0xA000")
Writing value 0x00 to address: 0xA000
0xA000: 0x00
Instruction cycle count set to 4
A |X |Y |SP |PC   |T/MT |NV-BDIZC |CYCLE
----------------------------------------
00|00|00|FE |0705 |1/4  |10100100 |4180
00|00|00|FE |0705 |2/4  |10100100 |4181
00|00|00|FE |0705 |3/4  |10100100 |4182
00|00|00|FE |0705 |4/4  |10100100 |4183


---------------
Opcode: 4A
Instruction:LSR Addressing Mode:Accumulator - Operand (Value: "0x00", Address: "None")
Instruction cycle count set to 2
A |X |Y |SP |PC   |T/MT |NV-BDIZC |CYCLE
----------------------------------------
00|00|00|FE |0706 |1/2  |00100110 |4184
00|00|00|FE |0706 |2/2  |00100110 |4185


---------------
Opcode: C9
ll: 02
Instruction:CMP Addressing Mode:Immediate - Operand (Value: "0x02", Address: "None")
Instruction cycle count set to 2
A |X |Y |SP |PC   |T/MT |NV-BDIZC |CYCLE
----------------------------------------
00|00|00|FE |0708 |1/2  |10100100 |4186
00|00|00|FE |0708 |2/2  |10100100 |4187


---------------
Opcode: D0
ll: F8
Old PC: 070A Offset:-8 New PC: 0702
Instruction:BNE Addressing Mode:Relative - Operand (Value: "None", Address: "0x0702")
Instruction cycle count set to 2
A |X |Y |SP |PC   |T/MT |NV-BDIZC |CYCLE
----------------------------------------
00|00|00|FE |0702 |1/3  |10100100 |4188
00|00|00|FE |0702 |2/3  |10100100 |4189
00|00|00|FE |0702 |3/3  |10100100 |4190


---------------
Opcode: 8D
ll: 00 hh: A0
Instruction:STA Addressing Mode:Absolute - Operand (Value: "0x00", Address: "0xA000")
Writing value 0x00 to address: 0xA000
0xA000: 0x00
Instruction cycle count set to 4
A |X |Y |SP |PC   |T/MT |NV-BDIZC |CYCLE
----------------------------------------
00|00|00|FE |0705 |1/4  |10100100 |4191
00|00|00|FE |0705 |2/4  |10100100 |4192
00|00|00|FE |0705 |3/4  |10100100 |4193
00|00|00|FE |0705 |4/4  |10100100 |4194


---------------
Opcode: 4A
Instruction:LSR Addressing Mode:Accumulator - Operand (Value: "0x00", Address: "None")
Instruction cycle count set to 2
A |X |Y |SP |PC   |T/MT |NV-BDIZC |CYCLE
----------------------------------------
00|00|00|FE |0706 |1/2  |00100110 |4195
00|00|00|FE |0706 |2/2  |00100110 |4196


---------------
Opcode: C9
ll: 02
Instruction:CMP Addressing Mode:Immediate - Operand (Value: "0x02", Address: "None")
Instruction cycle count set to 2
A |X |Y |SP |PC   |T/MT |NV-BDIZC |CYCLE
----------------------------------------
00|00|00|FE |0708 |1/2  |10100100 |4197
00|00|00|FE |0708 |2/2  |10100100 |4198


---------------
Opcode: D0
ll: F8
Old PC: 070A Offset:-8 New PC: 0702
Instruction:BNE Addressing Mode:Relative - Operand (Value: "None", Address: "0x0702")
Instruction cycle count set to 2
A |X |Y |SP |PC   |T/MT |NV-BDIZC |CYCLE
----------------------------------------
00|00|00|FE |0702 |1/3  |10100100 |4199
00|00|00|FE |0702 |2/3  |10100100 |4200
00|00|00|FE |0702 |3/3  |10100100 |4201


---------------
Opcode: 8D
ll: 00 hh: A0
Instruction:STA Addressing Mode:Absolute - Operand (Value: "0x00", Address: "0xA000")
Writing value 0x00 to address: 0xA000
0xA000: 0x00
Instruction cycle count set to 4
A |X |Y |SP |PC   |T/MT |NV-BDIZC |CYCLE
----------------------------------------
00|00|00|FE |0705 |1/4  |10100100 |4202
00|00|00|FE |0705 |2/4  |10100100 |4203
00|00|00|FE |0705 |3/4  |10100100 |4204
00|00|00|FE |0705 |4/4  |10100100 |4205


---------------
Opcode: 4A
Instruction:LSR Addressing Mode:Accumulator - Operand (Value: "0x00", Address: "None")
Instruction cycle count set to 2
A |X |Y |SP |PC   |T/MT |NV-BDIZC |CYCLE
----------------------------------------
00|00|00|FE |0706 |1/2  |00100110 |4206
00|00|00|FE |0706 |2/2  |00100110 |4207


---------------
Opcode: C9
ll: 02
Instruction:CMP Addressing Mode:Immediate - Operand (Value: "0x02", Address: "None")
Instruction cycle count set to 2
A |X |Y |SP |PC   |T/MT |NV-BDIZC |CYCLE
----------------------------------------
00|00|00|FE |0708 |1/2  |10100100 |4208
00|00|00|FE |0708 |2/2  |10100100 |4209


---------------
Opcode: D0
ll: F8
Old PC: 070A Offset:-8 New PC: 0702
Instruction:BNE Addressing Mode:Relative - Operand (Value: "None", Address: "0x0702")
Instruction cycle count set to 2
A |X |Y |SP |PC   |T/MT |NV-BDIZC |CYCLE
----------------------------------------
00|00|00|FE |0702 |1/3  |10100100 |4210
00|00|00|FE |0702 |2/3  |10100100 |4211
00|00|00|FE |0702 |3/3  |10100100 |4212


---------------
Opcode: 8D
ll: 00 hh: A0
Instruction:STA Addressing Mode:Absolute - Operand (Value: "0x00", Address: "0xA000")
Writing value 0x00 to address: 0xA000
0xA000: 0x00
Instruction cycle count set to 4
A |X |Y |SP |PC   |T/MT |NV-BDIZC |CYCLE
----------------------------------------
00|00|00|FE |0705 |1/4  |10100100 |4213
00|00|00|FE |0705 |2/4  |10100100 |4214
00|00|00|FE |0705 |3/4  |10100100 |4215
00|00|00|FE |0705 |4/4  |10100100 |4216


---------------
Opcode: 4A
Instruction:LSR Addressing Mode:Accumulator - Operand (Value: "0x00", Address: "None")
Instruction cycle count set to 2
A |X |Y |SP |PC   |T/MT |NV-BDIZC |CYCLE
----------------------------------------
00|00|00|FE |0706 |1/2  |00100110 |4217
00|00|00|FE |0706 |2/2  |00100110 |4218


---------------
Opcode: C9
ll: 02
Instruction:CMP Addressing Mode:Immediate - Operand (Value: "0x02", Address: "None")
Instruction cycle count set to 2
A |X |Y |SP |PC   |T/MT |NV-BDIZC |CYCLE
----------------------------------------
00|00|00|FE |0708 |1/2  |10100100 |4219
00|00|00|FE |0708 |2/2  |10100100 |4220


---------------
Opcode: D0
ll: F8
Old PC: 070A Offset:-8 New PC: 0702
Instruction:BNE Addressing Mode:Relative - Operand (Value: "None", Address: "0x0702")
Instruction cycle count set to 2
A |X |Y |SP |PC   |T/MT |NV-BDIZC |CYCLE
----------------------------------------
00|00|00|FE |0702 |1/3  |10100100 |4221
00|00|00|FE |0702 |2/3  |10100100 |4222
00|00|00|FE |0702 |3/3  |10100100 |4223


---------------
Opcode: 8D
ll: 00 hh: A0
Instruction:STA Addressing Mode:Absolute - Operand (Value: "0x00", Address: "0xA000")
Writing value 0x00 to address: 0xA000
0xA000: 0x00
Instruction cycle count set to 4
A |X |Y |SP |PC   |T/MT |NV-BDIZC |CYCLE
----------------------------------------
00|00|00|FE |0705 |1/4  |10100100 |4224
00|00|00|FE |0705 |2/4  |10100100 |4225
00|00|00|FE |0705 |3/4  |10100100 |4226
00|00|00|FE |0705 |4/4  |10100100 |4227


---------------
Opcode: 4A
Instruction:LSR Addressing Mode:Accumulator - Operand (Value: "0x00", Address: "None")
Instruction cycle count set to 2
A |X |Y |SP |PC   |T/MT |NV-BDIZC |CYCLE
----------------------------------------
00|00|00|FE |0706 |1/2  |00100110 |4228
00|00|00|FE |0706 |2/2  |00100110 |4229


---------------
Opcode: C9
ll: 02
Instruction:CMP Addressing Mode:Immediate - Operand (Value: "0x02", Address: "None")
Instruction cycle count set to 2
A |X |Y |SP |PC   |T/MT |NV-BDIZC |CYCLE
----------------------------------------
00|00|00|FE |0708 |1/2  |10100100 |4230
00|00|00|FE |0708 |2/2  |10100100 |4231


---------------
Opcode: D0
ll: F8
Old PC: 070A Offset:-8 New PC: 0702
Instruction:BNE Addressing Mode:Relative - Operand (Value: "None", Address: "0x0702")
Instruction cycle count set to 2
A |X |Y |SP |PC   |T/MT |NV-BDIZC |CYCLE
----------------------------------------
00|00|00|FE |0702 |1/3  |10100100 |4232
00|00|00|FE |0702 |2/3  |10100100 |4233
00|00|00|FE |0702 |3/3  |10100100 |4234


---------------
Opcode: 8D
ll: 00 hh: A0
Instruction:STA Addressing Mode:Absolute - Operand (Value: "0x00", Address: "0xA000")
Writing value 0x00 to address: 0xA000
0xA000: 0x00
Instruction cycle count set to 4
A |X |Y |SP |PC   |T/MT |NV-BDIZC |CYCLE
----------------------------------------
00|00|00|FE |0705 |1/4  |10100100 |4235
00|00|00|FE |0705 |2/4  |10100100 |4236
00|00|00|FE |0705 |3/4  |10100100 |4237
00|00|00|FE |0705 |4/4  |10100100 |4238


---------------
Opcode: 4A
Instruction:LSR Addressing Mode:Accumulator - Operand (Value: "0x00", Address: "None")
Instruction cycle count set to 2
A |X |Y |SP |PC   |T/MT |NV-BDIZC |CYCLE
----------------------------------------
00|00|00|FE |0706 |1/2  |00100110 |4239
00|00|00|FE |0706 |2/2  |00100110 |4240


---------------
Opcode: C9
ll: 02
Instruction:CMP Addressing Mode:Immediate - Operand (Value: "0x02", Address: "None")
Instruction cycle count set to 2
A |X |Y |SP |PC   |T/MT |NV-BDIZC |CYCLE
----------------------------------------
00|00|00|FE |0708 |1/2  |10100100 |4241
00|00|00|FE |0708 |2/2  |10100100 |4242


---------------
Opcode: D0
ll: F8
Old PC: 070A Offset:-8 New PC: 0702
Instruction:BNE Addressing Mode:Relative - Operand (Value: "None", Address: "0x0702")
Instruction cycle count set to 2
A |X |Y |SP |PC   |T/MT |NV-BDIZC |CYCLE
----------------------------------------
00|00|00|FE |0702 |1/3  |10100100 |4243
00|00|00|FE |0702 |2/3  |10100100 |4244
00|00|00|FE |0702 |3/3  |10100100 |4245


---------------
Opcode: 8D
ll: 00 hh: A0
Instruction:STA Addressing Mode:Absolute - Operand (Value: "0x00", Address: "0xA000")
Writing value 0x00 to address: 0xA000
0xA000: 0x00
Instruction cycle count set to 4
A |X |Y |SP |PC   |T/MT |NV-BDIZC |CYCLE
----------------------------------------
00|00|00|FE |0705 |1/4  |10100100 |4246
00|00|00|FE |0705 |2/4  |10100100 |4247
00|00|00|FE |0705 |3/4  |10100100 |4248
00|00|00|FE |0705 |4/4  |10100100 |4249


---------------
Opcode: 4A
Instruction:LSR Addressing Mode:Accumulator - Operand (Value: "0x00", Address: "None")
Instruction cycle count set to 2
A |X |Y |SP |PC   |T/MT |NV-BDIZC |CYCLE
----------------------------------------
00|00|00|FE |0706 |1/2  |00100110 |4250
00|00|00|FE |0706 |2/2  |00100110 |4251


---------------
Opcode: C9
ll: 02
Instruction:CMP Addressing Mode:Immediate - Operand (Value: "0x02", Address: "None")
Instruction cycle count set to 2
A |X |Y |SP |PC   |T/MT |NV-BDIZC |CYCLE
----------------------------------------
00|00|00|FE |0708 |1/2  |10100100 |4252
00|00|00|FE |0708 |2/2  |10100100 |4253


---------------
Opcode: D0
ll: F8
Old PC: 070A Offset:-8 New PC: 0702
Instruction:BNE Addressing Mode:Relative - Operand (Value: "None", Address: "0x0702")
Instruction cycle count set to 2
A |X |Y |SP |PC   |T/MT |NV-BDIZC |CYCLE
----------------------------------------
00|00|00|FE |0702 |1/3  |10100100 |4254
00|00|00|FE |0702 |2/3  |10100100 |4255
00|00|00|FE |0702 |3/3  |10100100 |4256


---------------
Opcode: 8D
ll: 00 hh: A0
Instruction:STA Addressing Mode:Absolute - Operand (Value: "0x00", Address: "0xA000")
Writing value 0x00 to address: 0xA000
0xA000: 0x00
Instruction cycle count set to 4
A |X |Y |SP |PC   |T/MT |NV-BDIZC |CYCLE
----------------------------------------
00|00|00|FE |0705 |1/4  |10100100 |4257
00|00|00|FE |0705 |2/4  |10100100 |4258
00|00|00|FE |0705 |3/4  |10100100 |4259
00|00|00|FE |0705 |4/4  |10100100 |4260


---------------
Opcode: 4A
Instruction:LSR Addressing Mode:Accumulator - Operand (Value: "0x00", Address: "None")
Instruction cycle count set to 2
A |X |Y |SP |PC   |T/MT |NV-BDIZC |CYCLE
----------------------------------------
00|00|00|FE |0706 |1/2  |00100110 |4261
00|00|00|FE |0706 |2/2  |00100110 |4262


---------------
Opcode: C9
ll: 02
Instruction:CMP Addressing Mode:Immediate - Operand (Value: "0x02", Address: "None")
Instruction cycle count set to 2
A |X |Y |SP |PC   |T/MT |NV-BDIZC |CYCLE
----------------------------------------
00|00|00|FE |0708 |1/2  |10100100 |4263
00|00|00|FE |0708 |2/2  |10100100 |4264


---------------
Opcode: D0
ll: F8
Old PC: 070A Offset:-8 New PC: 0702
Instruction:BNE Addressing Mode:Relative - Operand (Value: "None", Address: "0x0702")
Instruction cycle count set to 2
A |X |Y |SP |PC   |T/MT |NV-BDIZC |CYCLE
----------------------------------------
00|00|00|FE |0702 |1/3  |10100100 |4265
00|00|00|FE |0702 |2/3  |10100100 |4266
00|00|00|FE |0702 |3/3  |10100100 |4267


---------------
Opcode: 8D
ll: 00 hh: A0
Instruction:STA Addressing Mode:Absolute - Operand (Value: "0x00", Address: "0xA000")
Writing value 0x00 to address: 0xA000
0xA000: 0x00
Instruction cycle count set to 4
A |X |Y |SP |PC   |T/MT |NV-BDIZC |CYCLE
----------------------------------------
00|00|00|FE |0705 |1/4  |10100100 |4268
00|00|00|FE |0705 |2/4  |10100100 |4269
00|00|00|FE |0705 |3/4  |10100100 |4270
00|00|00|FE |0705 |4/4  |10100100 |4271


---------------
Opcode: 4A
Instruction:LSR Addressing Mode:Accumulator - Operand (Value: "0x00", Address: "None")
Instruction cycle count set to 2
A |X |Y |SP |PC   |T/MT |NV-BDIZC |CYCLE
----------------------------------------
00|00|00|FE |0706 |1/2  |00100110 |4272
00|00|00|FE |0706 |2/2  |00100110 |4273


---------------
Opcode: C9
ll: 02
Instruction:CMP Addressing Mode:Immediate - Operand (Value: "0x02", Address: "None")
Instruction cycle count set to 2
A |X |Y |SP |PC   |T/MT |NV-BDIZC |CYCLE
----------------------------------------
00|00|00|FE |0708 |1/2  |10100100 |4274
00|00|00|FE |0708 |2/2  |10100100 |4275


---------------
Opcode: D0
ll: F8
Old PC: 070A Offset:-8 New PC: 0702
Instruction:BNE Addressing Mode:Relative - Operand (Value: "None", Address: "0x0702")
Instruction cycle count set to 2
A |X |Y |SP |PC   |T/MT |NV-BDIZC |CYCLE
----------------------------------------
00|00|00|FE |0702 |1/3  |10100100 |4276
00|00|00|FE |0702 |2/3  |10100100 |4277
00|00|00|FE |0702 |3/3  |10100100 |4278


---------------
Opcode: 8D
ll: 00 hh: A0
Instruction:STA Addressing Mode:Absolute - Operand (Value: "0x00", Address: "0xA000")
Writing value 0x00 to address: 0xA000
0xA000: 0x00
Instruction cycle count set to 4
A |X |Y |SP |PC   |T/MT |NV-BDIZC |CYCLE
----------------------------------------
00|00|00|FE |0705 |1/4  |10100100 |4279
00|00|00|FE |0705 |2/4  |10100100 |4280
00|00|00|FE |0705 |3/4  |10100100 |4281
00|00|00|FE |0705 |4/4  |10100100 |4282


---------------
Opcode: 4A
Instruction:LSR Addressing Mode:Accumulator - Operand (Value: "0x00", Address: "None")
Instruction cycle count set to 2
A |X |Y |SP |PC   |T/MT |NV-BDIZC |CYCLE
----------------------------------------
00|00|00|FE |0706 |1/2  |00100110 |4283
00|00|00|FE |0706 |2/2  |00100110 |4284


---------------
Opcode: C9
ll: 02
Instruction:CMP Addressing Mode:Immediate - Operand (Value: "0x02", Address: "None")
Instruction cycle count set to 2
A |X |Y |SP |PC   |T/MT |NV-BDIZC |CYCLE
----------------------------------------
00|00|00|FE |0708 |1/2  |10100100 |4285
00|00|00|FE |0708 |2/2  |10100100 |4286


---------------
Opcode: D0
ll: F8
Old PC: 070A Offset:-8 New PC: 0702
Instruction:BNE Addressing Mode:Relative - Operand (Value: "None", Address: "0x0702")
Instruction cycle count set to 2
A |X |Y |SP |PC   |T/MT |NV-BDIZC |CYCLE
----------------------------------------
00|00|00|FE |0702 |1/3  |10100100 |4287
00|00|00|FE |0702 |2/3  |10100100 |4288
00|00|00|FE |0702 |3/3  |10100100 |4289


---------------
Opcode: 8D
ll: 00 hh: A0
Instruction:STA Addressing Mode:Absolute - Operand (Value: "0x00", Address: "0xA000")
Writing value 0x00 to address: 0xA000
0xA000: 0x00
Instruction cycle count set to 4
A |X |Y |SP |PC   |T/MT |NV-BDIZC |CYCLE
----------------------------------------
00|00|00|FE |0705 |1/4  |10100100 |4290
00|00|00|FE |0705 |2/4  |10100100 |4291
00|00|00|FE |0705 |3/4  |10100100 |4292
00|00|00|FE |0705 |4/4  |10100100 |4293


---------------
Opcode: 4A
Instruction:LSR Addressing Mode:Accumulator - Operand (Value: "0x00", Address: "None")
Instruction cycle count set to 2
A |X |Y |SP |PC   |T/MT |NV-BDIZC |CYCLE
----------------------------------------
00|00|00|FE |0706 |1/2  |00100110 |4294
00|00|00|FE |0706 |2/2  |00100110 |4295


---------------
Opcode: C9
ll: 02
Instruction:CMP Addressing Mode:Immediate - Operand (Value: "0x02", Address: "None")
Instruction cycle count set to 2
A |X |Y |SP |PC   |T/MT |NV-BDIZC |CYCLE
----------------------------------------
00|00|00|FE |0708 |1/2  |10100100 |4296
00|00|00|FE |0708 |2/2  |10100100 |4297


---------------
Opcode: D0
ll: F8
Old PC: 070A Offset:-8 New PC: 0702
Instruction:BNE Addressing Mode:Relative - Operand (Value: "None", Address: "0x0702")
Instruction cycle count set to 2
A |X |Y |SP |PC   |T/MT |NV-BDIZC |CYCLE
----------------------------------------
00|00|00|FE |0702 |1/3  |10100100 |4298
00|00|00|FE |0702 |2/3  |10100100 |4299
00|00|00|FE |0702 |3/3  |10100100 |4300


---------------
Opcode: 8D
ll: 00 hh: A0
Instruction:STA Addressing Mode:Absolute - Operand (Value: "0x00", Address: "0xA000")
Writing value 0x00 to address: 0xA000
0xA000: 0x00
Instruction cycle count set to 4
A |X |Y |SP |PC   |T/MT |NV-BDIZC |CYCLE
----------------------------------------
00|00|00|FE |0705 |1/4  |10100100 |4301
00|00|00|FE |0705 |2/4  |10100100 |4302
00|00|00|FE |0705 |3/4  |10100100 |4303
00|00|00|FE |0705 |4/4  |10100100 |4304


---------------
Opcode: 4A
Instruction:LSR Addressing Mode:Accumulator - Operand (Value: "0x00", Address: "None")
Instruction cycle count set to 2
A |X |Y |SP |PC   |T/MT |NV-BDIZC |CYCLE
----------------------------------------
00|00|00|FE |0706 |1/2  |00100110 |4305
00|00|00|FE |0706 |2/2  |00100110 |4306


---------------
Opcode: C9
ll: 02
Instruction:CMP Addressing Mode:Immediate - Operand (Value: "0x02", Address: "None")
Instruction cycle count set to 2
A |X |Y |SP |PC   |T/MT |NV-BDIZC |CYCLE
----------------------------------------
00|00|00|FE |0708 |1/2  |10100100 |4307
00|00|00|FE |0708 |2/2  |10100100 |4308


---------------
Opcode: D0
ll: F8
Old PC: 070A Offset:-8 New PC: 0702
Instruction:BNE Addressing Mode:Relative - Operand (Value: "None", Address: "0x0702")
Instruction cycle count set to 2
A |X |Y |SP |PC   |T/MT |NV-BDIZC |CYCLE
----------------------------------------
00|00|00|FE |0702 |1/3  |10100100 |4309
00|00|00|FE |0702 |2/3  |10100100 |4310
00|00|00|FE |0702 |3/3  |10100100 |4311


---------------
Opcode: 8D
ll: 00 hh: A0
Instruction:STA Addressing Mode:Absolute - Operand (Value: "0x00", Address: "0xA000")
Writing value 0x00 to address: 0xA000
0xA000: 0x00
Instruction cycle count set to 4
A |X |Y |SP |PC   |T/MT |NV-BDIZC |CYCLE
----------------------------------------
00|00|00|FE |0705 |1/4  |10100100 |4312
00|00|00|FE |0705 |2/4  |10100100 |4313
00|00|00|FE |0705 |3/4  |10100100 |4314
00|00|00|FE |0705 |4/4  |10100100 |4315


---------------
Opcode: 4A
Instruction:LSR Addressing Mode:Accumulator - Operand (Value: "0x00", Address: "None")
Instruction cycle count set to 2
A |X |Y |SP |PC   |T/MT |NV-BDIZC |CYCLE
----------------------------------------
00|00|00|FE |0706 |1/2  |00100110 |4316
00|00|00|FE |0706 |2/2  |00100110 |4317


---------------
Opcode: C9
ll: 02
Instruction:CMP Addressing Mode:Immediate - Operand (Value: "0x02", Address: "None")
Instruction cycle count set to 2
A |X |Y |SP |PC   |T/MT |NV-BDIZC |CYCLE
----------------------------------------
00|00|00|FE |0708 |1/2  |10100100 |4318
00|00|00|FE |0708 |2/2  |10100100 |4319


---------------
Opcode: D0
ll: F8
Old PC: 070A Offset:-8 New PC: 0702
Instruction:BNE Addressing Mode:Relative - Operand (Value: "None", Address: "0x0702")
Instruction cycle count set to 2
A |X |Y |SP |PC   |T/MT |NV-BDIZC |CYCLE
----------------------------------------
00|00|00|FE |0702 |1/3  |10100100 |4320
00|00|00|FE |0702 |2/3  |10100100 |4321
00|00|00|FE |0702 |3/3  |10100100 |4322


---------------
Opcode: 8D
ll: 00 hh: A0
Instruction:STA Addressing Mode:Absolute - Operand (Value: "0x00", Address: "0xA000")
Writing value 0x00 to address: 0xA000
0xA000: 0x00
Instruction cycle count set to 4
A |X |Y |SP |PC   |T/MT |NV-BDIZC |CYCLE
----------------------------------------
00|00|00|FE |0705 |1/4  |10100100 |4323
00|00|00|FE |0705 |2/4  |10100100 |4324
00|00|00|FE |0705 |3/4  |10100100 |4325
00|00|00|FE |0705 |4/4  |10100100 |4326


---------------
Opcode: 4A
Instruction:LSR Addressing Mode:Accumulator - Operand (Value: "0x00", Address: "None")
Instruction cycle count set to 2
A |X |Y |SP |PC   |T/MT |NV-BDIZC |CYCLE
----------------------------------------
00|00|00|FE |0706 |1/2  |00100110 |4327
00|00|00|FE |0706 |2/2  |00100110 |4328


---------------
Opcode: C9
ll: 02
Instruction:CMP Addressing Mode:Immediate - Operand (Value: "0x02", Address: "None")
Instruction cycle count set to 2
A |X |Y |SP |PC   |T/MT |NV-BDIZC |CYCLE
----------------------------------------
00|00|00|FE |0708 |1/2  |10100100 |4329
00|00|00|FE |0708 |2/2  |10100100 |4330


---------------
Opcode: D0
ll: F8
Old PC: 070A Offset:-8 New PC: 0702
Instruction:BNE Addressing Mode:Relative - Operand (Value: "None", Address: "0x0702")
Instruction cycle count set to 2
A |X |Y |SP |PC   |T/MT |NV-BDIZC |CYCLE
----------------------------------------
00|00|00|FE |0702 |1/3  |10100100 |4331
00|00|00|FE |0702 |2/3  |10100100 |4332
00|00|00|FE |0702 |3/3  |10100100 |4333


---------------
Opcode: 8D
ll: 00 hh: A0
Instruction:STA Addressing Mode:Absolute - Operand (Value: "0x00", Address: "0xA000")
Writing value 0x00 to address: 0xA000
0xA000: 0x00
Instruction cycle count set to 4
A |X |Y |SP |PC   |T/MT |NV-BDIZC |CYCLE
----------------------------------------
00|00|00|FE |0705 |1/4  |10100100 |4334
00|00|00|FE |0705 |2/4  |10100100 |4335
00|00|00|FE |0705 |3/4  |10100100 |4336
00|00|00|FE |0705 |4/4  |10100100 |4337


---------------
Opcode: 4A
Instruction:LSR Addressing Mode:Accumulator - Operand (Value: "0x00", Address: "None")
Instruction cycle count set to 2
A |X |Y |SP |PC   |T/MT |NV-BDIZC |CYCLE
----------------------------------------
00|00|00|FE |0706 |1/2  |00100110 |4338
00|00|00|FE |0706 |2/2  |00100110 |4339


---------------
Opcode: C9
ll: 02
Instruction:CMP Addressing Mode:Immediate - Operand (Value: "0x02", Address: "None")
Instruction cycle count set to 2
A |X |Y |SP |PC   |T/MT |NV-BDIZC |CYCLE
----------------------------------------
00|00|00|FE |0708 |1/2  |10100100 |4340
00|00|00|FE |0708 |2/2  |10100100 |4341


---------------
Opcode: D0
ll: F8
Old PC: 070A Offset:-8 New PC: 0702
Instruction:BNE Addressing Mode:Relative - Operand (Value: "None", Address: "0x0702")
Instruction cycle count set to 2
A |X |Y |SP |PC   |T/MT |NV-BDIZC |CYCLE
----------------------------------------
00|00|00|FE |0702 |1/3  |10100100 |4342
00|00|00|FE |0702 |2/3  |10100100 |4343
00|00|00|FE |0702 |3/3  |10100100 |4344


---------------
Opcode: 8D
ll: 00 hh: A0
Instruction:STA Addressing Mode:Absolute - Operand (Value: "0x00", Address: "0xA000")
Writing value 0x00 to address: 0xA000
0xA000: 0x00
Instruction cycle count set to 4
A |X |Y |SP |PC   |T/MT |NV-BDIZC |CYCLE
----------------------------------------
00|00|00|FE |0705 |1/4  |10100100 |4345
00|00|00|FE |0705 |2/4  |10100100 |4346
00|00|00|FE |0705 |3/4  |10100100 |4347
00|00|00|FE |0705 |4/4  |10100100 |4348


---------------
Opcode: 4A
Instruction:LSR Addressing Mode:Accumulator - Operand (Value: "0x00", Address: "None")
Instruction cycle count set to 2
A |X |Y |SP |PC   |T/MT |NV-BDIZC |CYCLE
----------------------------------------
00|00|00|FE |0706 |1/2  |00100110 |4349
00|00|00|FE |0706 |2/2  |00100110 |4350


---------------
Opcode: C9
ll: 02
Instruction:CMP Addressing Mode:Immediate - Operand (Value: "0x02", Address: "None")
Instruction cycle count set to 2
A |X |Y |SP |PC   |T/MT |NV-BDIZC |CYCLE
----------------------------------------
00|00|00|FE |0708 |1/2  |10100100 |4351
00|00|00|FE |0708 |2/2  |10100100 |4352


---------------
Opcode: D0
ll: F8
Old PC: 070A Offset:-8 New PC: 0702
Instruction:BNE Addressing Mode:Relative - Operand (Value: "None", Address: "0x0702")
Instruction cycle count set to 2
A |X |Y |SP |PC   |T/MT |NV-BDIZC |CYCLE
----------------------------------------
00|00|00|FE |0702 |1/3  |10100100 |4353
00|00|00|FE |0702 |2/3  |10100100 |4354
00|00|00|FE |0702 |3/3  |10100100 |4355


---------------
Opcode: 8D
ll: 00 hh: A0
Instruction:STA Addressing Mode:Absolute - Operand (Value: "0x00", Address: "0xA000")
Writing value 0x00 to address: 0xA000
0xA000: 0x00
Instruction cycle count set to 4
A |X |Y |SP |PC   |T/MT |NV-BDIZC |CYCLE
----------------------------------------
00|00|00|FE |0705 |1/4  |10100100 |4356
00|00|00|FE |0705 |2/4  |10100100 |4357
00|00|00|FE |0705 |3/4  |10100100 |4358
00|00|00|FE |0705 |4/4  |10100100 |4359


---------------
Opcode: 4A
Instruction:LSR Addressing Mode:Accumulator - Operand (Value: "0x00", Address: "None")
Instruction cycle count set to 2
A |X |Y |SP |PC   |T/MT |NV-BDIZC |CYCLE
----------------------------------------
00|00|00|FE |0706 |1/2  |00100110 |4360
00|00|00|FE |0706 |2/2  |00100110 |4361


---------------
Opcode: C9
ll: 02
Instruction:CMP Addressing Mode:Immediate - Operand (Value: "0x02", Address: "None")
Instruction cycle count set to 2
A |X |Y |SP |PC   |T/MT |NV-BDIZC |CYCLE
----------------------------------------
00|00|00|FE |0708 |1/2  |10100100 |4362
00|00|00|FE |0708 |2/2  |10100100 |4363


---------------
Opcode: D0
ll: F8
Old PC: 070A Offset:-8 New PC: 0702
Instruction:BNE Addressing Mode:Relative - Operand (Value: "None", Address: "0x0702")
Instruction cycle count set to 2
A |X |Y |SP |PC   |T/MT |NV-BDIZC |CYCLE
----------------------------------------
00|00|00|FE |0702 |1/3  |10100100 |4364
00|00|00|FE |0702 |2/3  |10100100 |4365
00|00|00|FE |0702 |3/3  |10100100 |4366


---------------
Opcode: 8D
ll: 00 hh: A0
Instruction:STA Addressing Mode:Absolute - Operand (Value: "0x00", Address: "0xA000")
Writing value 0x00 to address: 0xA000
0xA000: 0x00
Instruction cycle count set to 4
A |X |Y |SP |PC   |T/MT |NV-BDIZC |CYCLE
----------------------------------------
00|00|00|FE |0705 |1/4  |10100100 |4367
00|00|00|FE |0705 |2/4  |10100100 |4368
00|00|00|FE |0705 |3/4  |10100100 |4369
00|00|00|FE |0705 |4/4  |10100100 |4370


---------------
Opcode: 4A
Instruction:LSR Addressing Mode:Accumulator - Operand (Value: "0x00", Address: "None")
Instruction cycle count set to 2
A |X |Y |SP |PC   |T/MT |NV-BDIZC |CYCLE
----------------------------------------
00|00|00|FE |0706 |1/2  |00100110 |4371
00|00|00|FE |0706 |2/2  |00100110 |4372


---------------
Opcode: C9
ll: 02
Instruction:CMP Addressing Mode:Immediate - Operand (Value: "0x02", Address: "None")
Instruction cycle count set to 2
A |X |Y |SP |PC   |T/MT |NV-BDIZC |CYCLE
----------------------------------------
00|00|00|FE |0708 |1/2  |10100100 |4373
00|00|00|FE |0708 |2/2  |10100100 |4374


---------------
Opcode: D0
ll: F8
Old PC: 070A Offset:-8 New PC: 0702
Instruction:BNE Addressing Mode:Relative - Operand (Value: "None", Address: "0x0702")
Instruction cycle count set to 2
A |X |Y |SP |PC   |T/MT |NV-BDIZC |CYCLE
----------------------------------------
00|00|00|FE |0702 |1/3  |10100100 |4375
00|00|00|FE |0702 |2/3  |10100100 |4376
00|00|00|FE |0702 |3/3  |10100100 |4377


---------------
Opcode: 8D
ll: 00 hh: A0
Instruction:STA Addressing Mode:Absolute - Operand (Value: "0x00", Address: "0xA000")
Writing value 0x00 to address: 0xA000
0xA000: 0x00
Instruction cycle count set to 4
A |X |Y |SP |PC   |T/MT |NV-BDIZC |CYCLE
----------------------------------------
00|00|00|FE |0705 |1/4  |10100100 |4378
00|00|00|FE |0705 |2/4  |10100100 |4379
00|00|00|FE |0705 |3/4  |10100100 |4380
00|00|00|FE |0705 |4/4  |10100100 |4381


---------------
Opcode: 4A
Instruction:LSR Addressing Mode:Accumulator - Operand (Value: "0x00", Address: "None")
Instruction cycle count set to 2
A |X |Y |SP |PC   |T/MT |NV-BDIZC |CYCLE
----------------------------------------
00|00|00|FE |0706 |1/2  |00100110 |4382
00|00|00|FE |0706 |2/2  |00100110 |4383


---------------
Opcode: C9
ll: 02
Instruction:CMP Addressing Mode:Immediate - Operand (Value: "0x02", Address: "None")
Instruction cycle count set to 2
A |X |Y |SP |PC   |T/MT |NV-BDIZC |CYCLE
----------------------------------------
00|00|00|FE |0708 |1/2  |10100100 |4384
00|00|00|FE |0708 |2/2  |10100100 |4385


---------------
Opcode: D0
ll: F8
Old PC: 070A Offset:-8 New PC: 0702
Instruction:BNE Addressing Mode:Relative - Operand (Value: "None", Address: "0x0702")
Instruction cycle count set to 2
A |X |Y |SP |PC   |T/MT |NV-BDIZC |CYCLE
----------------------------------------
00|00|00|FE |0702 |1/3  |10100100 |4386
00|00|00|FE |0702 |2/3  |10100100 |4387
00|00|00|FE |0702 |3/3  |10100100 |4388


---------------
Opcode: 8D
ll: 00 hh: A0
Instruction:STA Addressing Mode:Absolute - Operand (Value: "0x00", Address: "0xA000")
Writing value 0x00 to address: 0xA000
0xA000: 0x00
Instruction cycle count set to 4
A |X |Y |SP |PC   |T/MT |NV-BDIZC |CYCLE
----------------------------------------
00|00|00|FE |0705 |1/4  |10100100 |4389
00|00|00|FE |0705 |2/4  |10100100 |4390
00|00|00|FE |0705 |3/4  |10100100 |4391
00|00|00|FE |0705 |4/4  |10100100 |4392


---------------
Opcode: 4A
Instruction:LSR Addressing Mode:Accumulator - Operand (Value: "0x00", Address: "None")
Instruction cycle count set to 2
A |X |Y |SP |PC   |T/MT |NV-BDIZC |CYCLE
----------------------------------------
00|00|00|FE |0706 |1/2  |00100110 |4393
00|00|00|FE |0706 |2/2  |00100110 |4394


---------------
Opcode: C9
ll: 02
Instruction:CMP Addressing Mode:Immediate - Operand (Value: "0x02", Address: "None")
Instruction cycle count set to 2
A |X |Y |SP |PC   |T/MT |NV-BDIZC |CYCLE
----------------------------------------
00|00|00|FE |0708 |1/2  |10100100 |4395
00|00|00|FE |0708 |2/2  |10100100 |4396


---------------
Opcode: D0
ll: F8
Old PC: 070A Offset:-8 New PC: 0702
Instruction:BNE Addressing Mode:Relative - Operand (Value: "None", Address: "0x0702")
Instruction cycle count set to 2
A |X |Y |SP |PC   |T/MT |NV-BDIZC |CYCLE
----------------------------------------
00|00|00|FE |0702 |1/3  |10100100 |4397
00|00|00|FE |0702 |2/3  |10100100 |4398
00|00|00|FE |0702 |3/3  |10100100 |4399


---------------
Opcode: 8D
ll: 00 hh: A0
Instruction:STA Addressing Mode:Absolute - Operand (Value: "0x00", Address: "0xA000")
Writing value 0x00 to address: 0xA000
0xA000: 0x00
Instruction cycle count set to 4
A |X |Y |SP |PC   |T/MT |NV-BDIZC |CYCLE
----------------------------------------
00|00|00|FE |0705 |1/4  |10100100 |4400
00|00|00|FE |0705 |2/4  |10100100 |4401
00|00|00|FE |0705 |3/4  |10100100 |4402
00|00|00|FE |0705 |4/4  |10100100 |4403


---------------
Opcode: 4A
Instruction:LSR Addressing Mode:Accumulator - Operand (Value: "0x00", Address: "None")
Instruction cycle count set to 2
A |X |Y |SP |PC   |T/MT |NV-BDIZC |CYCLE
----------------------------------------
00|00|00|FE |0706 |1/2  |00100110 |4404
00|00|00|FE |0706 |2/2  |00100110 |4405


---------------
Opcode: C9
ll: 02
Instruction:CMP Addressing Mode:Immediate - Operand (Value: "0x02", Address: "None")
Instruction cycle count set to 2
A |X |Y |SP |PC   |T/MT |NV-BDIZC |CYCLE
----------------------------------------
00|00|00|FE |0708 |1/2  |10100100 |4406
00|00|00|FE |0708 |2/2  |10100100 |4407


---------------
Opcode: D0
ll: F8
Old PC: 070A Offset:-8 New PC: 0702
Instruction:BNE Addressing Mode:Relative - Operand (Value: "None", Address: "0x0702")
Instruction cycle count set to 2
A |X |Y |SP |PC   |T/MT |NV-BDIZC |CYCLE
----------------------------------------
00|00|00|FE |0702 |1/3  |10100100 |4408
00|00|00|FE |0702 |2/3  |10100100 |4409
00|00|00|FE |0702 |3/3  |10100100 |4410


---------------
Opcode: 8D
ll: 00 hh: A0
Instruction:STA Addressing Mode:Absolute - Operand (Value: "0x00", Address: "0xA000")
Writing value 0x00 to address: 0xA000
0xA000: 0x00
Instruction cycle count set to 4
A |X |Y |SP |PC   |T/MT |NV-BDIZC |CYCLE
----------------------------------------
00|00|00|FE |0705 |1/4  |10100100 |4411
00|00|00|FE |0705 |2/4  |10100100 |4412
00|00|00|FE |0705 |3/4  |10100100 |4413
00|00|00|FE |0705 |4/4  |10100100 |4414


---------------
Opcode: 4A
Instruction:LSR Addressing Mode:Accumulator - Operand (Value: "0x00", Address: "None")
Instruction cycle count set to 2
A |X |Y |SP |PC   |T/MT |NV-BDIZC |CYCLE
----------------------------------------
00|00|00|FE |0706 |1/2  |00100110 |4415
00|00|00|FE |0706 |2/2  |00100110 |4416


---------------
Opcode: C9
ll: 02
Instruction:CMP Addressing Mode:Immediate - Operand (Value: "0x02", Address: "None")
Instruction cycle count set to 2
A |X |Y |SP |PC   |T/MT |NV-BDIZC |CYCLE
----------------------------------------
00|00|00|FE |0708 |1/2  |10100100 |4417
00|00|00|FE |0708 |2/2  |10100100 |4418


---------------
Opcode: D0
ll: F8
Old PC: 070A Offset:-8 New PC: 0702
Instruction:BNE Addressing Mode:Relative - Operand (Value: "None", Address: "0x0702")
Instruction cycle count set to 2
A |X |Y |SP |PC   |T/MT |NV-BDIZC |CYCLE
----------------------------------------
00|00|00|FE |0702 |1/3  |10100100 |4419
00|00|00|FE |0702 |2/3  |10100100 |4420
00|00|00|FE |0702 |3/3  |10100100 |4421


---------------
Opcode: 8D
ll: 00 hh: A0
Instruction:STA Addressing Mode:Absolute - Operand (Value: "0x00", Address: "0xA000")
Writing value 0x00 to address: 0xA000
0xA000: 0x00
Instruction cycle count set to 4
A |X |Y |SP |PC   |T/MT |NV-BDIZC |CYCLE
----------------------------------------
00|00|00|FE |0705 |1/4  |10100100 |4422
00|00|00|FE |0705 |2/4  |10100100 |4423
00|00|00|FE |0705 |3/4  |10100100 |4424
00|00|00|FE |0705 |4/4  |10100100 |4425


---------------
Opcode: 4A
Instruction:LSR Addressing Mode:Accumulator - Operand (Value: "0x00", Address: "None")
Instruction cycle count set to 2
A |X |Y |SP |PC   |T/MT |NV-BDIZC |CYCLE
----------------------------------------
00|00|00|FE |0706 |1/2  |00100110 |4426
00|00|00|FE |0706 |2/2  |00100110 |4427


---------------
Opcode: C9
ll: 02
Instruction:CMP Addressing Mode:Immediate - Operand (Value: "0x02", Address: "None")
Instruction cycle count set to 2
A |X |Y |SP |PC   |T/MT |NV-BDIZC |CYCLE
----------------------------------------
00|00|00|FE |0708 |1/2  |10100100 |4428
00|00|00|FE |0708 |2/2  |10100100 |4429


---------------
Opcode: D0
ll: F8
Old PC: 070A Offset:-8 New PC: 0702
Instruction:BNE Addressing Mode:Relative - Operand (Value: "None", Address: "0x0702")
Instruction cycle count set to 2
A |X |Y |SP |PC   |T/MT |NV-BDIZC |CYCLE
----------------------------------------
00|00|00|FE |0702 |1/3  |10100100 |4430
00|00|00|FE |0702 |2/3  |10100100 |4431
00|00|00|FE |0702 |3/3  |10100100 |4432


---------------
Opcode: 8D
ll: 00 hh: A0
Instruction:STA Addressing Mode:Absolute - Operand (Value: "0x00", Address: "0xA000")
Writing value 0x00 to address: 0xA000
0xA000: 0x00
Instruction cycle count set to 4
A |X |Y |SP |PC   |T/MT |NV-BDIZC |CYCLE
----------------------------------------
00|00|00|FE |0705 |1/4  |10100100 |4433
00|00|00|FE |0705 |2/4  |10100100 |4434
00|00|00|FE |0705 |3/4  |10100100 |4435
00|00|00|FE |0705 |4/4  |10100100 |4436


---------------
Opcode: 4A
Instruction:LSR Addressing Mode:Accumulator - Operand (Value: "0x00", Address: "None")
Instruction cycle count set to 2
A |X |Y |SP |PC   |T/MT |NV-BDIZC |CYCLE
----------------------------------------
00|00|00|FE |0706 |1/2  |00100110 |4437
00|00|00|FE |0706 |2/2  |00100110 |4438


---------------
Opcode: C9
ll: 02
Instruction:CMP Addressing Mode:Immediate - Operand (Value: "0x02", Address: "None")
Instruction cycle count set to 2
A |X |Y |SP |PC   |T/MT |NV-BDIZC |CYCLE
----------------------------------------
00|00|00|FE |0708 |1/2  |10100100 |4439
00|00|00|FE |0708 |2/2  |10100100 |4440


---------------
Opcode: D0
ll: F8
Old PC: 070A Offset:-8 New PC: 0702
Instruction:BNE Addressing Mode:Relative - Operand (Value: "None", Address: "0x0702")
Instruction cycle count set to 2
A |X |Y |SP |PC   |T/MT |NV-BDIZC |CYCLE
----------------------------------------
00|00|00|FE |0702 |1/3  |10100100 |4441
00|00|00|FE |0702 |2/3  |10100100 |4442
00|00|00|FE |0702 |3/3  |10100100 |4443


---------------
Opcode: 8D
ll: 00 hh: A0
Instruction:STA Addressing Mode:Absolute - Operand (Value: "0x00", Address: "0xA000")
Writing value 0x00 to address: 0xA000
0xA000: 0x00
Instruction cycle count set to 4
A |X |Y |SP |PC   |T/MT |NV-BDIZC |CYCLE
----------------------------------------
00|00|00|FE |0705 |1/4  |10100100 |4444
00|00|00|FE |0705 |2/4  |10100100 |4445
00|00|00|FE |0705 |3/4  |10100100 |4446
00|00|00|FE |0705 |4/4  |10100100 |4447


---------------
Opcode: 4A
Instruction:LSR Addressing Mode:Accumulator - Operand (Value: "0x00", Address: "None")
Instruction cycle count set to 2
A |X |Y |SP |PC   |T/MT |NV-BDIZC |CYCLE
----------------------------------------
00|00|00|FE |0706 |1/2  |00100110 |4448
00|00|00|FE |0706 |2/2  |00100110 |4449


---------------
Opcode: C9
ll: 02
Instruction:CMP Addressing Mode:Immediate - Operand (Value: "0x02", Address: "None")
Instruction cycle count set to 2
A |X |Y |SP |PC   |T/MT |NV-BDIZC |CYCLE
----------------------------------------
00|00|00|FE |0708 |1/2  |10100100 |4450
00|00|00|FE |0708 |2/2  |10100100 |4451


---------------
Opcode: D0
ll: F8
Old PC: 070A Offset:-8 New PC: 0702
Instruction:BNE Addressing Mode:Relative - Operand (Value: "None", Address: "0x0702")
Instruction cycle count set to 2
A |X |Y |SP |PC   |T/MT |NV-BDIZC |CYCLE
----------------------------------------
00|00|00|FE |0702 |1/3  |10100100 |4452
00|00|00|FE |0702 |2/3  |10100100 |4453
00|00|00|FE |0702 |3/3  |10100100 |4454


---------------
Opcode: 8D
ll: 00 hh: A0
Instruction:STA Addressing Mode:Absolute - Operand (Value: "0x00", Address: "0xA000")
Writing value 0x00 to address: 0xA000
0xA000: 0x00
Instruction cycle count set to 4
A |X |Y |SP |PC   |T/MT |NV-BDIZC |CYCLE
----------------------------------------
00|00|00|FE |0705 |1/4  |10100100 |4455
00|00|00|FE |0705 |2/4  |10100100 |4456
00|00|00|FE |0705 |3/4  |10100100 |4457
00|00|00|FE |0705 |4/4  |10100100 |4458


---------------
Opcode: 4A
Instruction:LSR Addressing Mode:Accumulator - Operand (Value: "0x00", Address: "None")
Instruction cycle count set to 2
A |X |Y |SP |PC   |T/MT |NV-BDIZC |CYCLE
----------------------------------------
00|00|00|FE |0706 |1/2  |00100110 |4459
00|00|00|FE |0706 |2/2  |00100110 |4460


---------------
Opcode: C9
ll: 02
Instruction:CMP Addressing Mode:Immediate - Operand (Value: "0x02", Address: "None")
Instruction cycle count set to 2
A |X |Y |SP |PC   |T/MT |NV-BDIZC |CYCLE
----------------------------------------
00|00|00|FE |0708 |1/2  |10100100 |4461
00|00|00|FE |0708 |2/2  |10100100 |4462


---------------
Opcode: D0
ll: F8
Old PC: 070A Offset:-8 New PC: 0702
Instruction:BNE Addressing Mode:Relative - Operand (Value: "None", Address: "0x0702")
Instruction cycle count set to 2
A |X |Y |SP |PC   |T/MT |NV-BDIZC |CYCLE
----------------------------------------
00|00|00|FE |0702 |1/3  |10100100 |4463
00|00|00|FE |0702 |2/3  |10100100 |4464
00|00|00|FE |0702 |3/3  |10100100 |4465


---------------
Opcode: 8D
ll: 00 hh: A0
Instruction:STA Addressing Mode:Absolute - Operand (Value: "0x00", Address: "0xA000")
Writing value 0x00 to address: 0xA000
0xA000: 0x00
Instruction cycle count set to 4
A |X |Y |SP |PC   |T/MT |NV-BDIZC |CYCLE
----------------------------------------
00|00|00|FE |0705 |1/4  |10100100 |4466
00|00|00|FE |0705 |2/4  |10100100 |4467
00|00|00|FE |0705 |3/4  |10100100 |4468
00|00|00|FE |0705 |4/4  |10100100 |4469


---------------
Opcode: 4A
Instruction:LSR Addressing Mode:Accumulator - Operand (Value: "0x00", Address: "None")
Instruction cycle count set to 2
A |X |Y |SP |PC   |T/MT |NV-BDIZC |CYCLE
----------------------------------------
00|00|00|FE |0706 |1/2  |00100110 |4470
00|00|00|FE |0706 |2/2  |00100110 |4471


---------------
Opcode: C9
ll: 02
Instruction:CMP Addressing Mode:Immediate - Operand (Value: "0x02", Address: "None")
Instruction cycle count set to 2
A |X |Y |SP |PC   |T/MT |NV-BDIZC |CYCLE
----------------------------------------
00|00|00|FE |0708 |1/2  |10100100 |4472
00|00|00|FE |0708 |2/2  |10100100 |4473


---------------
Opcode: D0
ll: F8
Old PC: 070A Offset:-8 New PC: 0702
Instruction:BNE Addressing Mode:Relative - Operand (Value: "None", Address: "0x0702")
Instruction cycle count set to 2
A |X |Y |SP |PC   |T/MT |NV-BDIZC |CYCLE
----------------------------------------
00|00|00|FE |0702 |1/3  |10100100 |4474
00|00|00|FE |0702 |2/3  |10100100 |4475
00|00|00|FE |0702 |3/3  |10100100 |4476


---------------
Opcode: 8D
ll: 00 hh: A0
Instruction:STA Addressing Mode:Absolute - Operand (Value: "0x00", Address: "0xA000")
Writing value 0x00 to address: 0xA000
0xA000: 0x00
Instruction cycle count set to 4
A |X |Y |SP |PC   |T/MT |NV-BDIZC |CYCLE
----------------------------------------
00|00|00|FE |0705 |1/4  |10100100 |4477
00|00|00|FE |0705 |2/4  |10100100 |4478
00|00|00|FE |0705 |3/4  |10100100 |4479
00|00|00|FE |0705 |4/4  |10100100 |4480


---------------
Opcode: 4A
Instruction:LSR Addressing Mode:Accumulator - Operand (Value: "0x00", Address: "None")
Instruction cycle count set to 2
A |X |Y |SP |PC   |T/MT |NV-BDIZC |CYCLE
----------------------------------------
00|00|00|FE |0706 |1/2  |00100110 |4481
00|00|00|FE |0706 |2/2  |00100110 |4482


---------------
Opcode: C9
ll: 02
Instruction:CMP Addressing Mode:Immediate - Operand (Value: "0x02", Address: "None")
Instruction cycle count set to 2
A |X |Y |SP |PC   |T/MT |NV-BDIZC |CYCLE
----------------------------------------
00|00|00|FE |0708 |1/2  |10100100 |4483
00|00|00|FE |0708 |2/2  |10100100 |4484


---------------
Opcode: D0
ll: F8
Old PC: 070A Offset:-8 New PC: 0702
Instruction:BNE Addressing Mode:Relative - Operand (Value: "None", Address: "0x0702")
Instruction cycle count set to 2
A |X |Y |SP |PC   |T/MT |NV-BDIZC |CYCLE
----------------------------------------
00|00|00|FE |0702 |1/3  |10100100 |4485
00|00|00|FE |0702 |2/3  |10100100 |4486
00|00|00|FE |0702 |3/3  |10100100 |4487


---------------
Opcode: 8D
ll: 00 hh: A0
Instruction:STA Addressing Mode:Absolute - Operand (Value: "0x00", Address: "0xA000")
Writing value 0x00 to address: 0xA000
0xA000: 0x00
Instruction cycle count set to 4
A |X |Y |SP |PC   |T/MT |NV-BDIZC |CYCLE
----------------------------------------
00|00|00|FE |0705 |1/4  |10100100 |4488
00|00|00|FE |0705 |2/4  |10100100 |4489
00|00|00|FE |0705 |3/4  |10100100 |4490
00|00|00|FE |0705 |4/4  |10100100 |4491


---------------
Opcode: 4A
Instruction:LSR Addressing Mode:Accumulator - Operand (Value: "0x00", Address: "None")
Instruction cycle count set to 2
A |X |Y |SP |PC   |T/MT |NV-BDIZC |CYCLE
----------------------------------------
00|00|00|FE |0706 |1/2  |00100110 |4492
00|00|00|FE |0706 |2/2  |00100110 |4493


---------------
Opcode: C9
ll: 02
Instruction:CMP Addressing Mode:Immediate - Operand (Value: "0x02", Address: "None")
Instruction cycle count set to 2
A |X |Y |SP |PC   |T/MT |NV-BDIZC |CYCLE
----------------------------------------
00|00|00|FE |0708 |1/2  |10100100 |4494
00|00|00|FE |0708 |2/2  |10100100 |4495


---------------
Opcode: D0
ll: F8
Old PC: 070A Offset:-8 New PC: 0702
Instruction:BNE Addressing Mode:Relative - Operand (Value: "None", Address: "0x0702")
Instruction cycle count set to 2
A |X |Y |SP |PC   |T/MT |NV-BDIZC |CYCLE
----------------------------------------
00|00|00|FE |0702 |1/3  |10100100 |4496
00|00|00|FE |0702 |2/3  |10100100 |4497
00|00|00|FE |0702 |3/3  |10100100 |4498


---------------
Opcode: 8D
ll: 00 hh: A0
Instruction:STA Addressing Mode:Absolute - Operand (Value: "0x00", Address: "0xA000")
Writing value 0x00 to address: 0xA000
0xA000: 0x00
Instruction cycle count set to 4
A |X |Y |SP |PC   |T/MT |NV-BDIZC |CYCLE
----------------------------------------
00|00|00|FE |0705 |1/4  |10100100 |4499
00|00|00|FE |0705 |2/4  |10100100 |4500
00|00|00|FE |0705 |3/4  |10100100 |4501
00|00|00|FE |0705 |4/4  |10100100 |4502


---------------
Opcode: 4A
Instruction:LSR Addressing Mode:Accumulator - Operand (Value: "0x00", Address: "None")
Instruction cycle count set to 2
A |X |Y |SP |PC   |T/MT |NV-BDIZC |CYCLE
----------------------------------------
00|00|00|FE |0706 |1/2  |00100110 |4503
00|00|00|FE |0706 |2/2  |00100110 |4504


---------------
Opcode: C9
ll: 02
Instruction:CMP Addressing Mode:Immediate - Operand (Value: "0x02", Address: "None")
Instruction cycle count set to 2
A |X |Y |SP |PC   |T/MT |NV-BDIZC |CYCLE
----------------------------------------
00|00|00|FE |0708 |1/2  |10100100 |4505
00|00|00|FE |0708 |2/2  |10100100 |4506


---------------
Opcode: D0
ll: F8
Old PC: 070A Offset:-8 New PC: 0702
Instruction:BNE Addressing Mode:Relative - Operand (Value: "None", Address: "0x0702")
Instruction cycle count set to 2
A |X |Y |SP |PC   |T/MT |NV-BDIZC |CYCLE
----------------------------------------
00|00|00|FE |0702 |1/3  |10100100 |4507
00|00|00|FE |0702 |2/3  |10100100 |4508
00|00|00|FE |0702 |3/3  |10100100 |4509


---------------
Opcode: 8D
ll: 00 hh: A0
Instruction:STA Addressing Mode:Absolute - Operand (Value: "0x00", Address: "0xA000")
Writing value 0x00 to address: 0xA000
0xA000: 0x00
Instruction cycle count set to 4
A |X |Y |SP |PC   |T/MT |NV-BDIZC |CYCLE
----------------------------------------
00|00|00|FE |0705 |1/4  |10100100 |4510
00|00|00|FE |0705 |2/4  |10100100 |4511
00|00|00|FE |0705 |3/4  |10100100 |4512
00|00|00|FE |0705 |4/4  |10100100 |4513


---------------
Opcode: 4A
Instruction:LSR Addressing Mode:Accumulator - Operand (Value: "0x00", Address: "None")
Instruction cycle count set to 2
A |X |Y |SP |PC   |T/MT |NV-BDIZC |CYCLE
----------------------------------------
00|00|00|FE |0706 |1/2  |00100110 |4514
00|00|00|FE |0706 |2/2  |00100110 |4515


---------------
Opcode: C9
ll: 02
Instruction:CMP Addressing Mode:Immediate - Operand (Value: "0x02", Address: "None")
Instruction cycle count set to 2
A |X |Y |SP |PC   |T/MT |NV-BDIZC |CYCLE
----------------------------------------
00|00|00|FE |0708 |1/2  |10100100 |4516
00|00|00|FE |0708 |2/2  |10100100 |4517


---------------
Opcode: D0
ll: F8
Old PC: 070A Offset:-8 New PC: 0702
Instruction:BNE Addressing Mode:Relative - Operand (Value: "None", Address: "0x0702")
Instruction cycle count set to 2
A |X |Y |SP |PC   |T/MT |NV-BDIZC |CYCLE
----------------------------------------
00|00|00|FE |0702 |1/3  |10100100 |4518
00|00|00|FE |0702 |2/3  |10100100 |4519
00|00|00|FE |0702 |3/3  |10100100 |4520


---------------
Opcode: 8D
ll: 00 hh: A0
Instruction:STA Addressing Mode:Absolute - Operand (Value: "0x00", Address: "0xA000")
Writing value 0x00 to address: 0xA000
0xA000: 0x00
Instruction cycle count set to 4
A |X |Y |SP |PC   |T/MT |NV-BDIZC |CYCLE
----------------------------------------
00|00|00|FE |0705 |1/4  |10100100 |4521
00|00|00|FE |0705 |2/4  |10100100 |4522
00|00|00|FE |0705 |3/4  |10100100 |4523
00|00|00|FE |0705 |4/4  |10100100 |4524


---------------
Opcode: 4A
Instruction:LSR Addressing Mode:Accumulator - Operand (Value: "0x00", Address: "None")
Instruction cycle count set to 2
A |X |Y |SP |PC   |T/MT |NV-BDIZC |CYCLE
----------------------------------------
00|00|00|FE |0706 |1/2  |00100110 |4525
00|00|00|FE |0706 |2/2  |00100110 |4526


---------------
Opcode: C9
ll: 02
Instruction:CMP Addressing Mode:Immediate - Operand (Value: "0x02", Address: "None")
Instruction cycle count set to 2
A |X |Y |SP |PC   |T/MT |NV-BDIZC |CYCLE
----------------------------------------
00|00|00|FE |0708 |1/2  |10100100 |4527
00|00|00|FE |0708 |2/2  |10100100 |4528


---------------
Opcode: D0
ll: F8
Old PC: 070A Offset:-8 New PC: 0702
Instruction:BNE Addressing Mode:Relative - Operand (Value: "None", Address: "0x0702")
Instruction cycle count set to 2
A |X |Y |SP |PC   |T/MT |NV-BDIZC |CYCLE
----------------------------------------
00|00|00|FE |0702 |1/3  |10100100 |4529
00|00|00|FE |0702 |2/3  |10100100 |4530
00|00|00|FE |0702 |3/3  |10100100 |4531


---------------
Opcode: 8D
ll: 00 hh: A0
Instruction:STA Addressing Mode:Absolute - Operand (Value: "0x00", Address: "0xA000")
Writing value 0x00 to address: 0xA000
0xA000: 0x00
Instruction cycle count set to 4
A |X |Y |SP |PC   |T/MT |NV-BDIZC |CYCLE
----------------------------------------
00|00|00|FE |0705 |1/4  |10100100 |4532
00|00|00|FE |0705 |2/4  |10100100 |4533
00|00|00|FE |0705 |3/4  |10100100 |4534
00|00|00|FE |0705 |4/4  |10100100 |4535


---------------
Opcode: 4A
Instruction:LSR Addressing Mode:Accumulator - Operand (Value: "0x00", Address: "None")
Instruction cycle count set to 2
A |X |Y |SP |PC   |T/MT |NV-BDIZC |CYCLE
----------------------------------------
00|00|00|FE |0706 |1/2  |00100110 |4536
00|00|00|FE |0706 |2/2  |00100110 |4537


---------------
Opcode: C9
ll: 02
Instruction:CMP Addressing Mode:Immediate - Operand (Value: "0x02", Address: "None")
Instruction cycle count set to 2
A |X |Y |SP |PC   |T/MT |NV-BDIZC |CYCLE
----------------------------------------
00|00|00|FE |0708 |1/2  |10100100 |4538
00|00|00|FE |0708 |2/2  |10100100 |4539


---------------
Opcode: D0
ll: F8
Old PC: 070A Offset:-8 New PC: 0702
Instruction:BNE Addressing Mode:Relative - Operand (Value: "None", Address: "0x0702")
Instruction cycle count set to 2
A |X |Y |SP |PC   |T/MT |NV-BDIZC |CYCLE
----------------------------------------
00|00|00|FE |0702 |1/3  |10100100 |4540
00|00|00|FE |0702 |2/3  |10100100 |4541
00|00|00|FE |0702 |3/3  |10100100 |4542


---------------
Opcode: 8D
ll: 00 hh: A0
Instruction:STA Addressing Mode:Absolute - Operand (Value: "0x00", Address: "0xA000")
Writing value 0x00 to address: 0xA000
0xA000: 0x00
Instruction cycle count set to 4
A |X |Y |SP |PC   |T/MT |NV-BDIZC |CYCLE
----------------------------------------
00|00|00|FE |0705 |1/4  |10100100 |4543
00|00|00|FE |0705 |2/4  |10100100 |4544
00|00|00|FE |0705 |3/4  |10100100 |4545
00|00|00|FE |0705 |4/4  |10100100 |4546


---------------
Opcode: 4A
Instruction:LSR Addressing Mode:Accumulator - Operand (Value: "0x00", Address: "None")
Instruction cycle count set to 2
A |X |Y |SP |PC   |T/MT |NV-BDIZC |CYCLE
----------------------------------------
00|00|00|FE |0706 |1/2  |00100110 |4547
00|00|00|FE |0706 |2/2  |00100110 |4548


---------------
Opcode: C9
ll: 02
Instruction:CMP Addressing Mode:Immediate - Operand (Value: "0x02", Address: "None")
Instruction cycle count set to 2
A |X |Y |SP |PC   |T/MT |NV-BDIZC |CYCLE
----------------------------------------
00|00|00|FE |0708 |1/2  |10100100 |4549
00|00|00|FE |0708 |2/2  |10100100 |4550


---------------
Opcode: D0
ll: F8
Old PC: 070A Offset:-8 New PC: 0702
Instruction:BNE Addressing Mode:Relative - Operand (Value: "None", Address: "0x0702")
Instruction cycle count set to 2
A |X |Y |SP |PC   |T/MT |NV-BDIZC |CYCLE
----------------------------------------
00|00|00|FE |0702 |1/3  |10100100 |4551
00|00|00|FE |0702 |2/3  |10100100 |4552
00|00|00|FE |0702 |3/3  |10100100 |4553


---------------
Opcode: 8D
ll: 00 hh: A0
Instruction:STA Addressing Mode:Absolute - Operand (Value: "0x00", Address: "0xA000")
Writing value 0x00 to address: 0xA000
0xA000: 0x00
Instruction cycle count set to 4
A |X |Y |SP |PC   |T/MT |NV-BDIZC |CYCLE
----------------------------------------
00|00|00|FE |0705 |1/4  |10100100 |4554
00|00|00|FE |0705 |2/4  |10100100 |4555
00|00|00|FE |0705 |3/4  |10100100 |4556
00|00|00|FE |0705 |4/4  |10100100 |4557


---------------
Opcode: 4A
Instruction:LSR Addressing Mode:Accumulator - Operand (Value: "0x00", Address: "None")
Instruction cycle count set to 2
A |X |Y |SP |PC   |T/MT |NV-BDIZC |CYCLE
----------------------------------------
00|00|00|FE |0706 |1/2  |00100110 |4558
00|00|00|FE |0706 |2/2  |00100110 |4559


---------------
Opcode: C9
ll: 02
Instruction:CMP Addressing Mode:Immediate - Operand (Value: "0x02", Address: "None")
Instruction cycle count set to 2
A |X |Y |SP |PC   |T/MT |NV-BDIZC |CYCLE
----------------------------------------
00|00|00|FE |0708 |1/2  |10100100 |4560
00|00|00|FE |0708 |2/2  |10100100 |4561


---------------
Opcode: D0
ll: F8
Old PC: 070A Offset:-8 New PC: 0702
Instruction:BNE Addressing Mode:Relative - Operand (Value: "None", Address: "0x0702")
Instruction cycle count set to 2
A |X |Y |SP |PC   |T/MT |NV-BDIZC |CYCLE
----------------------------------------
00|00|00|FE |0702 |1/3  |10100100 |4562
00|00|00|FE |0702 |2/3  |10100100 |4563
00|00|00|FE |0702 |3/3  |10100100 |4564


---------------
Opcode: 8D
ll: 00 hh: A0
Instruction:STA Addressing Mode:Absolute - Operand (Value: "0x00", Address: "0xA000")
Writing value 0x00 to address: 0xA000
0xA000: 0x00
Instruction cycle count set to 4
A |X |Y |SP |PC   |T/MT |NV-BDIZC |CYCLE
----------------------------------------
00|00|00|FE |0705 |1/4  |10100100 |4565
00|00|00|FE |0705 |2/4  |10100100 |4566
00|00|00|FE |0705 |3/4  |10100100 |4567
00|00|00|FE |0705 |4/4  |10100100 |4568


---------------
Opcode: 4A
Instruction:LSR Addressing Mode:Accumulator - Operand (Value: "0x00", Address: "None")
Instruction cycle count set to 2
A |X |Y |SP |PC   |T/MT |NV-BDIZC |CYCLE
----------------------------------------
00|00|00|FE |0706 |1/2  |00100110 |4569
00|00|00|FE |0706 |2/2  |00100110 |4570


---------------
Opcode: C9
ll: 02
Instruction:CMP Addressing Mode:Immediate - Operand (Value: "0x02", Address: "None")
Instruction cycle count set to 2
A |X |Y |SP |PC   |T/MT |NV-BDIZC |CYCLE
----------------------------------------
00|00|00|FE |0708 |1/2  |10100100 |4571
00|00|00|FE |0708 |2/2  |10100100 |4572


---------------
Opcode: D0
ll: F8
Old PC: 070A Offset:-8 New PC: 0702
Instruction:BNE Addressing Mode:Relative - Operand (Value: "None", Address: "0x0702")
Instruction cycle count set to 2
A |X |Y |SP |PC   |T/MT |NV-BDIZC |CYCLE
----------------------------------------
00|00|00|FE |0702 |1/3  |10100100 |4573
00|00|00|FE |0702 |2/3  |10100100 |4574
00|00|00|FE |0702 |3/3  |10100100 |4575


---------------
Opcode: 8D
ll: 00 hh: A0
Instruction:STA Addressing Mode:Absolute - Operand (Value: "0x00", Address: "0xA000")
Writing value 0x00 to address: 0xA000
0xA000: 0x00
Instruction cycle count set to 4
A |X |Y |SP |PC   |T/MT |NV-BDIZC |CYCLE
----------------------------------------
00|00|00|FE |0705 |1/4  |10100100 |4576
00|00|00|FE |0705 |2/4  |10100100 |4577
00|00|00|FE |0705 |3/4  |10100100 |4578
00|00|00|FE |0705 |4/4  |10100100 |4579


---------------
Opcode: 4A
Instruction:LSR Addressing Mode:Accumulator - Operand (Value: "0x00", Address: "None")
Instruction cycle count set to 2
A |X |Y |SP |PC   |T/MT |NV-BDIZC |CYCLE
----------------------------------------
00|00|00|FE |0706 |1/2  |00100110 |4580
00|00|00|FE |0706 |2/2  |00100110 |4581


---------------
Opcode: C9
ll: 02
Instruction:CMP Addressing Mode:Immediate - Operand (Value: "0x02", Address: "None")
Instruction cycle count set to 2
A |X |Y |SP |PC   |T/MT |NV-BDIZC |CYCLE
----------------------------------------
00|00|00|FE |0708 |1/2  |10100100 |4582
00|00|00|FE |0708 |2/2  |10100100 |4583


---------------
Opcode: D0
ll: F8
Old PC: 070A Offset:-8 New PC: 0702
Instruction:BNE Addressing Mode:Relative - Operand (Value: "None", Address: "0x0702")
Instruction cycle count set to 2
A |X |Y |SP |PC   |T/MT |NV-BDIZC |CYCLE
----------------------------------------
00|00|00|FE |0702 |1/3  |10100100 |4584
00|00|00|FE |0702 |2/3  |10100100 |4585
00|00|00|FE |0702 |3/3  |10100100 |4586


---------------
Opcode: 8D
ll: 00 hh: A0
Instruction:STA Addressing Mode:Absolute - Operand (Value: "0x00", Address: "0xA000")
Writing value 0x00 to address: 0xA000
0xA000: 0x00
Instruction cycle count set to 4
A |X |Y |SP |PC   |T/MT |NV-BDIZC |CYCLE
----------------------------------------
00|00|00|FE |0705 |1/4  |10100100 |4587
00|00|00|FE |0705 |2/4  |10100100 |4588
00|00|00|FE |0705 |3/4  |10100100 |4589
00|00|00|FE |0705 |4/4  |10100100 |4590


---------------
Opcode: 4A
Instruction:LSR Addressing Mode:Accumulator - Operand (Value: "0x00", Address: "None")
Instruction cycle count set to 2
A |X |Y |SP |PC   |T/MT |NV-BDIZC |CYCLE
----------------------------------------
00|00|00|FE |0706 |1/2  |00100110 |4591
00|00|00|FE |0706 |2/2  |00100110 |4592


---------------
Opcode: C9
ll: 02
Instruction:CMP Addressing Mode:Immediate - Operand (Value: "0x02", Address: "None")
Instruction cycle count set to 2
A |X |Y |SP |PC   |T/MT |NV-BDIZC |CYCLE
----------------------------------------
00|00|00|FE |0708 |1/2  |10100100 |4593
00|00|00|FE |0708 |2/2  |10100100 |4594


---------------
Opcode: D0
ll: F8
Old PC: 070A Offset:-8 New PC: 0702
Instruction:BNE Addressing Mode:Relative - Operand (Value: "None", Address: "0x0702")
Instruction cycle count set to 2
A |X |Y |SP |PC   |T/MT |NV-BDIZC |CYCLE
----------------------------------------
00|00|00|FE |0702 |1/3  |10100100 |4595
00|00|00|FE |0702 |2/3  |10100100 |4596
00|00|00|FE |0702 |3/3  |10100100 |4597


---------------
Opcode: 8D
ll: 00 hh: A0
Instruction:STA Addressing Mode:Absolute - Operand (Value: "0x00", Address: "0xA000")
Writing value 0x00 to address: 0xA000
0xA000: 0x00
Instruction cycle count set to 4
A |X |Y |SP |PC   |T/MT |NV-BDIZC |CYCLE
----------------------------------------
00|00|00|FE |0705 |1/4  |10100100 |4598
00|00|00|FE |0705 |2/4  |10100100 |4599
00|00|00|FE |0705 |3/4  |10100100 |4600
00|00|00|FE |0705 |4/4  |10100100 |4601


---------------
Opcode: 4A
Instruction:LSR Addressing Mode:Accumulator - Operand (Value: "0x00", Address: "None")
Instruction cycle count set to 2
A |X |Y |SP |PC   |T/MT |NV-BDIZC |CYCLE
----------------------------------------
00|00|00|FE |0706 |1/2  |00100110 |4602
00|00|00|FE |0706 |2/2  |00100110 |4603


---------------
Opcode: C9
ll: 02
Instruction:CMP Addressing Mode:Immediate - Operand (Value: "0x02", Address: "None")
Instruction cycle count set to 2
A |X |Y |SP |PC   |T/MT |NV-BDIZC |CYCLE
----------------------------------------
00|00|00|FE |0708 |1/2  |10100100 |4604
00|00|00|FE |0708 |2/2  |10100100 |4605


---------------
Opcode: D0
ll: F8
Old PC: 070A Offset:-8 New PC: 0702
Instruction:BNE Addressing Mode:Relative - Operand (Value: "None", Address: "0x0702")
Instruction cycle count set to 2
A |X |Y |SP |PC   |T/MT |NV-BDIZC |CYCLE
----------------------------------------
00|00|00|FE |0702 |1/3  |10100100 |4606
00|00|00|FE |0702 |2/3  |10100100 |4607
00|00|00|FE |0702 |3/3  |10100100 |4608


---------------
Opcode: 8D
ll: 00 hh: A0
Instruction:STA Addressing Mode:Absolute - Operand (Value: "0x00", Address: "0xA000")
Writing value 0x00 to address: 0xA000
0xA000: 0x00
Instruction cycle count set to 4
A |X |Y |SP |PC   |T/MT |NV-BDIZC |CYCLE
----------------------------------------
00|00|00|FE |0705 |1/4  |10100100 |4609
00|00|00|FE |0705 |2/4  |10100100 |4610
00|00|00|FE |0705 |3/4  |10100100 |4611
00|00|00|FE |0705 |4/4  |10100100 |4612


---------------
Opcode: 4A
Instruction:LSR Addressing Mode:Accumulator - Operand (Value: "0x00", Address: "None")
Instruction cycle count set to 2
A |X |Y |SP |PC   |T/MT |NV-BDIZC |CYCLE
----------------------------------------
00|00|00|FE |0706 |1/2  |00100110 |4613
00|00|00|FE |0706 |2/2  |00100110 |4614


---------------
Opcode: C9
ll: 02
Instruction:CMP Addressing Mode:Immediate - Operand (Value: "0x02", Address: "None")
Instruction cycle count set to 2
A |X |Y |SP |PC   |T/MT |NV-BDIZC |CYCLE
----------------------------------------
00|00|00|FE |0708 |1/2  |10100100 |4615
00|00|00|FE |0708 |2/2  |10100100 |4616


---------------
Opcode: D0
ll: F8
Old PC: 070A Offset:-8 New PC: 0702
Instruction:BNE Addressing Mode:Relative - Operand (Value: "None", Address: "0x0702")
Instruction cycle count set to 2
A |X |Y |SP |PC   |T/MT |NV-BDIZC |CYCLE
----------------------------------------
00|00|00|FE |0702 |1/3  |10100100 |4617
00|00|00|FE |0702 |2/3  |10100100 |4618
00|00|00|FE |0702 |3/3  |10100100 |4619


---------------
Opcode: 8D
ll: 00 hh: A0
Instruction:STA Addressing Mode:Absolute - Operand (Value: "0x00", Address: "0xA000")
Writing value 0x00 to address: 0xA000
0xA000: 0x00
Instruction cycle count set to 4
A |X |Y |SP |PC   |T/MT |NV-BDIZC |CYCLE
----------------------------------------
00|00|00|FE |0705 |1/4  |10100100 |4620
00|00|00|FE |0705 |2/4  |10100100 |4621
00|00|00|FE |0705 |3/4  |10100100 |4622
00|00|00|FE |0705 |4/4  |10100100 |4623


---------------
Opcode: 4A
Instruction:LSR Addressing Mode:Accumulator - Operand (Value: "0x00", Address: "None")
Instruction cycle count set to 2
A |X |Y |SP |PC   |T/MT |NV-BDIZC |CYCLE
----------------------------------------
00|00|00|FE |0706 |1/2  |00100110 |4624
00|00|00|FE |0706 |2/2  |00100110 |4625


---------------
Opcode: C9
ll: 02
Instruction:CMP Addressing Mode:Immediate - Operand (Value: "0x02", Address: "None")
Instruction cycle count set to 2
A |X |Y |SP |PC   |T/MT |NV-BDIZC |CYCLE
----------------------------------------
00|00|00|FE |0708 |1/2  |10100100 |4626
00|00|00|FE |0708 |2/2  |10100100 |4627


---------------
Opcode: D0
ll: F8
Old PC: 070A Offset:-8 New PC: 0702
Instruction:BNE Addressing Mode:Relative - Operand (Value: "None", Address: "0x0702")
Instruction cycle count set to 2
A |X |Y |SP |PC   |T/MT |NV-BDIZC |CYCLE
----------------------------------------
00|00|00|FE |0702 |1/3  |10100100 |4628
00|00|00|FE |0702 |2/3  |10100100 |4629
00|00|00|FE |0702 |3/3  |10100100 |4630


---------------
Opcode: 8D
ll: 00 hh: A0
Instruction:STA Addressing Mode:Absolute - Operand (Value: "0x00", Address: "0xA000")
Writing value 0x00 to address: 0xA000
0xA000: 0x00
Instruction cycle count set to 4
A |X |Y |SP |PC   |T/MT |NV-BDIZC |CYCLE
----------------------------------------
00|00|00|FE |0705 |1/4  |10100100 |4631
00|00|00|FE |0705 |2/4  |10100100 |4632
00|00|00|FE |0705 |3/4  |10100100 |4633
00|00|00|FE |0705 |4/4  |10100100 |4634


---------------
Opcode: 4A
Instruction:LSR Addressing Mode:Accumulator - Operand (Value: "0x00", Address: "None")
Instruction cycle count set to 2
A |X |Y |SP |PC   |T/MT |NV-BDIZC |CYCLE
----------------------------------------
00|00|00|FE |0706 |1/2  |00100110 |4635
00|00|00|FE |0706 |2/2  |00100110 |4636


---------------
Opcode: C9
ll: 02
Instruction:CMP Addressing Mode:Immediate - Operand (Value: "0x02", Address: "None")
Instruction cycle count set to 2
A |X |Y |SP |PC   |T/MT |NV-BDIZC |CYCLE
----------------------------------------
00|00|00|FE |0708 |1/2  |10100100 |4637
00|00|00|FE |0708 |2/2  |10100100 |4638


---------------
Opcode: D0
ll: F8
Old PC: 070A Offset:-8 New PC: 0702
Instruction:BNE Addressing Mode:Relative - Operand (Value: "None", Address: "0x0702")
Instruction cycle count set to 2
A |X |Y |SP |PC   |T/MT |NV-BDIZC |CYCLE
----------------------------------------
00|00|00|FE |0702 |1/3  |10100100 |4639
00|00|00|FE |0702 |2/3  |10100100 |4640
00|00|00|FE |0702 |3/3  |10100100 |4641


---------------
Opcode: 8D
ll: 00 hh: A0
Instruction:STA Addressing Mode:Absolute - Operand (Value: "0x00", Address: "0xA000")
Writing value 0x00 to address: 0xA000
0xA000: 0x00
Instruction cycle count set to 4
A |X |Y |SP |PC   |T/MT |NV-BDIZC |CYCLE
----------------------------------------
00|00|00|FE |0705 |1/4  |10100100 |4642
00|00|00|FE |0705 |2/4  |10100100 |4643
00|00|00|FE |0705 |3/4  |10100100 |4644
00|00|00|FE |0705 |4/4  |10100100 |4645


---------------
Opcode: 4A
Instruction:LSR Addressing Mode:Accumulator - Operand (Value: "0x00", Address: "None")
Instruction cycle count set to 2
A |X |Y |SP |PC   |T/MT |NV-BDIZC |CYCLE
----------------------------------------
00|00|00|FE |0706 |1/2  |00100110 |4646
00|00|00|FE |0706 |2/2  |00100110 |4647


---------------
Opcode: C9
ll: 02
Instruction:CMP Addressing Mode:Immediate - Operand (Value: "0x02", Address: "None")
Instruction cycle count set to 2
A |X |Y |SP |PC   |T/MT |NV-BDIZC |CYCLE
----------------------------------------
00|00|00|FE |0708 |1/2  |10100100 |4648
00|00|00|FE |0708 |2/2  |10100100 |4649


---------------
Opcode: D0
ll: F8
Old PC: 070A Offset:-8 New PC: 0702
Instruction:BNE Addressing Mode:Relative - Operand (Value: "None", Address: "0x0702")
Instruction cycle count set to 2
A |X |Y |SP |PC   |T/MT |NV-BDIZC |CYCLE
----------------------------------------
00|00|00|FE |0702 |1/3  |10100100 |4650
00|00|00|FE |0702 |2/3  |10100100 |4651
00|00|00|FE |0702 |3/3  |10100100 |4652


---------------
Opcode: 8D
ll: 00 hh: A0
Instruction:STA Addressing Mode:Absolute - Operand (Value: "0x00", Address: "0xA000")
Writing value 0x00 to address: 0xA000
0xA000: 0x00
Instruction cycle count set to 4
A |X |Y |SP |PC   |T/MT |NV-BDIZC |CYCLE
----------------------------------------
00|00|00|FE |0705 |1/4  |10100100 |4653
00|00|00|FE |0705 |2/4  |10100100 |4654
00|00|00|FE |0705 |3/4  |10100100 |4655
00|00|00|FE |0705 |4/4  |10100100 |4656


---------------
Opcode: 4A
Instruction:LSR Addressing Mode:Accumulator - Operand (Value: "0x00", Address: "None")
Instruction cycle count set to 2
A |X |Y |SP |PC   |T/MT |NV-BDIZC |CYCLE
----------------------------------------
00|00|00|FE |0706 |1/2  |00100110 |4657
00|00|00|FE |0706 |2/2  |00100110 |4658


---------------
Opcode: C9
ll: 02
Instruction:CMP Addressing Mode:Immediate - Operand (Value: "0x02", Address: "None")
Instruction cycle count set to 2
A |X |Y |SP |PC   |T/MT |NV-BDIZC |CYCLE
----------------------------------------
00|00|00|FE |0708 |1/2  |10100100 |4659
00|00|00|FE |0708 |2/2  |10100100 |4660


---------------
Opcode: D0
ll: F8
Old PC: 070A Offset:-8 New PC: 0702
Instruction:BNE Addressing Mode:Relative - Operand (Value: "None", Address: "0x0702")
Instruction cycle count set to 2
A |X |Y |SP |PC   |T/MT |NV-BDIZC |CYCLE
----------------------------------------
00|00|00|FE |0702 |1/3  |10100100 |4661
00|00|00|FE |0702 |2/3  |10100100 |4662
00|00|00|FE |0702 |3/3  |10100100 |4663


---------------
Opcode: 8D
ll: 00 hh: A0
Instruction:STA Addressing Mode:Absolute - Operand (Value: "0x00", Address: "0xA000")
Writing value 0x00 to address: 0xA000
0xA000: 0x00
Instruction cycle count set to 4
A |X |Y |SP |PC   |T/MT |NV-BDIZC |CYCLE
----------------------------------------
00|00|00|FE |0705 |1/4  |10100100 |4664
00|00|00|FE |0705 |2/4  |10100100 |4665
00|00|00|FE |0705 |3/4  |10100100 |4666
00|00|00|FE |0705 |4/4  |10100100 |4667


---------------
Opcode: 4A
Instruction:LSR Addressing Mode:Accumulator - Operand (Value: "0x00", Address: "None")
Instruction cycle count set to 2
A |X |Y |SP |PC   |T/MT |NV-BDIZC |CYCLE
----------------------------------------
00|00|00|FE |0706 |1/2  |00100110 |4668
00|00|00|FE |0706 |2/2  |00100110 |4669


---------------
Opcode: C9
ll: 02
Instruction:CMP Addressing Mode:Immediate - Operand (Value: "0x02", Address: "None")
Instruction cycle count set to 2
A |X |Y |SP |PC   |T/MT |NV-BDIZC |CYCLE
----------------------------------------
00|00|00|FE |0708 |1/2  |10100100 |4670
00|00|00|FE |0708 |2/2  |10100100 |4671


---------------
Opcode: D0
ll: F8
Old PC: 070A Offset:-8 New PC: 0702
Instruction:BNE Addressing Mode:Relative - Operand (Value: "None", Address: "0x0702")
Instruction cycle count set to 2
A |X |Y |SP |PC   |T/MT |NV-BDIZC |CYCLE
----------------------------------------
00|00|00|FE |0702 |1/3  |10100100 |4672
00|00|00|FE |0702 |2/3  |10100100 |4673
00|00|00|FE |0702 |3/3  |10100100 |4674


---------------
Opcode: 8D
ll: 00 hh: A0
Instruction:STA Addressing Mode:Absolute - Operand (Value: "0x00", Address: "0xA000")
Writing value 0x00 to address: 0xA000
0xA000: 0x00
Instruction cycle count set to 4
A |X |Y |SP |PC   |T/MT |NV-BDIZC |CYCLE
----------------------------------------
00|00|00|FE |0705 |1/4  |10100100 |4675
00|00|00|FE |0705 |2/4  |10100100 |4676
00|00|00|FE |0705 |3/4  |10100100 |4677
00|00|00|FE |0705 |4/4  |10100100 |4678


---------------
Opcode: 4A
Instruction:LSR Addressing Mode:Accumulator - Operand (Value: "0x00", Address: "None")
Instruction cycle count set to 2
A |X |Y |SP |PC   |T/MT |NV-BDIZC |CYCLE
----------------------------------------
00|00|00|FE |0706 |1/2  |00100110 |4679
00|00|00|FE |0706 |2/2  |00100110 |4680


---------------
Opcode: C9
ll: 02
Instruction:CMP Addressing Mode:Immediate - Operand (Value: "0x02", Address: "None")
Instruction cycle count set to 2
A |X |Y |SP |PC   |T/MT |NV-BDIZC |CYCLE
----------------------------------------
00|00|00|FE |0708 |1/2  |10100100 |4681
00|00|00|FE |0708 |2/2  |10100100 |4682


---------------
Opcode: D0
ll: F8
Old PC: 070A Offset:-8 New PC: 0702
Instruction:BNE Addressing Mode:Relative - Operand (Value: "None", Address: "0x0702")
Instruction cycle count set to 2
A |X |Y |SP |PC   |T/MT |NV-BDIZC |CYCLE
----------------------------------------
00|00|00|FE |0702 |1/3  |10100100 |4683
00|00|00|FE |0702 |2/3  |10100100 |4684
00|00|00|FE |0702 |3/3  |10100100 |4685


---------------
Opcode: 8D
ll: 00 hh: A0
Instruction:STA Addressing Mode:Absolute - Operand (Value: "0x00", Address: "0xA000")
Writing value 0x00 to address: 0xA000
0xA000: 0x00
Instruction cycle count set to 4
A |X |Y |SP |PC   |T/MT |NV-BDIZC |CYCLE
----------------------------------------
00|00|00|FE |0705 |1/4  |10100100 |4686
00|00|00|FE |0705 |2/4  |10100100 |4687
00|00|00|FE |0705 |3/4  |10100100 |4688
00|00|00|FE |0705 |4/4  |10100100 |4689


---------------
Opcode: 4A
Instruction:LSR Addressing Mode:Accumulator - Operand (Value: "0x00", Address: "None")
Instruction cycle count set to 2
A |X |Y |SP |PC   |T/MT |NV-BDIZC |CYCLE
----------------------------------------
00|00|00|FE |0706 |1/2  |00100110 |4690
00|00|00|FE |0706 |2/2  |00100110 |4691


---------------
Opcode: C9
ll: 02
Instruction:CMP Addressing Mode:Immediate - Operand (Value: "0x02", Address: "None")
Instruction cycle count set to 2
A |X |Y |SP |PC   |T/MT |NV-BDIZC |CYCLE
----------------------------------------
00|00|00|FE |0708 |1/2  |10100100 |4692
00|00|00|FE |0708 |2/2  |10100100 |4693


---------------
Opcode: D0
ll: F8
Old PC: 070A Offset:-8 New PC: 0702
Instruction:BNE Addressing Mode:Relative - Operand (Value: "None", Address: "0x0702")
Instruction cycle count set to 2
A |X |Y |SP |PC   |T/MT |NV-BDIZC |CYCLE
----------------------------------------
00|00|00|FE |0702 |1/3  |10100100 |4694
00|00|00|FE |0702 |2/3  |10100100 |4695
00|00|00|FE |0702 |3/3  |10100100 |4696


---------------
Opcode: 8D
ll: 00 hh: A0
Instruction:STA Addressing Mode:Absolute - Operand (Value: "0x00", Address: "0xA000")
Writing value 0x00 to address: 0xA000
0xA000: 0x00
Instruction cycle count set to 4
A |X |Y |SP |PC   |T/MT |NV-BDIZC |CYCLE
----------------------------------------
00|00|00|FE |0705 |1/4  |10100100 |4697
00|00|00|FE |0705 |2/4  |10100100 |4698
00|00|00|FE |0705 |3/4  |10100100 |4699
00|00|00|FE |0705 |4/4  |10100100 |4700


---------------
Opcode: 4A
Instruction:LSR Addressing Mode:Accumulator - Operand (Value: "0x00", Address: "None")
Instruction cycle count set to 2
A |X |Y |SP |PC   |T/MT |NV-BDIZC |CYCLE
----------------------------------------
00|00|00|FE |0706 |1/2  |00100110 |4701
00|00|00|FE |0706 |2/2  |00100110 |4702


---------------
Opcode: C9
ll: 02
Instruction:CMP Addressing Mode:Immediate - Operand (Value: "0x02", Address: "None")
Instruction cycle count set to 2
A |X |Y |SP |PC   |T/MT |NV-BDIZC |CYCLE
----------------------------------------
00|00|00|FE |0708 |1/2  |10100100 |4703
00|00|00|FE |0708 |2/2  |10100100 |4704


---------------
Opcode: D0
ll: F8
Old PC: 070A Offset:-8 New PC: 0702
Instruction:BNE Addressing Mode:Relative - Operand (Value: "None", Address: "0x0702")
Instruction cycle count set to 2
A |X |Y |SP |PC   |T/MT |NV-BDIZC |CYCLE
----------------------------------------
00|00|00|FE |0702 |1/3  |10100100 |4705
00|00|00|FE |0702 |2/3  |10100100 |4706
00|00|00|FE |0702 |3/3  |10100100 |4707


---------------
Opcode: 8D
ll: 00 hh: A0
Instruction:STA Addressing Mode:Absolute - Operand (Value: "0x00", Address: "0xA000")
Writing value 0x00 to address: 0xA000
0xA000: 0x00
Instruction cycle count set to 4
A |X |Y |SP |PC   |T/MT |NV-BDIZC |CYCLE
----------------------------------------
00|00|00|FE |0705 |1/4  |10100100 |4708
00|00|00|FE |0705 |2/4  |10100100 |4709
00|00|00|FE |0705 |3/4  |10100100 |4710
00|00|00|FE |0705 |4/4  |10100100 |4711


---------------
Opcode: 4A
Instruction:LSR Addressing Mode:Accumulator - Operand (Value: "0x00", Address: "None")
Instruction cycle count set to 2
A |X |Y |SP |PC   |T/MT |NV-BDIZC |CYCLE
----------------------------------------
00|00|00|FE |0706 |1/2  |00100110 |4712
00|00|00|FE |0706 |2/2  |00100110 |4713


---------------
Opcode: C9
ll: 02
Instruction:CMP Addressing Mode:Immediate - Operand (Value: "0x02", Address: "None")
Instruction cycle count set to 2
A |X |Y |SP |PC   |T/MT |NV-BDIZC |CYCLE
----------------------------------------
00|00|00|FE |0708 |1/2  |10100100 |4714
00|00|00|FE |0708 |2/2  |10100100 |4715


---------------
Opcode: D0
ll: F8
Old PC: 070A Offset:-8 New PC: 0702
Instruction:BNE Addressing Mode:Relative - Operand (Value: "None", Address: "0x0702")
Instruction cycle count set to 2
A |X |Y |SP |PC   |T/MT |NV-BDIZC |CYCLE
----------------------------------------
00|00|00|FE |0702 |1/3  |10100100 |4716
00|00|00|FE |0702 |2/3  |10100100 |4717
00|00|00|FE |0702 |3/3  |10100100 |4718


---------------
Opcode: 8D
ll: 00 hh: A0
Instruction:STA Addressing Mode:Absolute - Operand (Value: "0x00", Address: "0xA000")
Writing value 0x00 to address: 0xA000
0xA000: 0x00
Instruction cycle count set to 4
A |X |Y |SP |PC   |T/MT |NV-BDIZC |CYCLE
----------------------------------------
00|00|00|FE |0705 |1/4  |10100100 |4719
00|00|00|FE |0705 |2/4  |10100100 |4720
00|00|00|FE |0705 |3/4  |10100100 |4721
00|00|00|FE |0705 |4/4  |10100100 |4722


---------------
Opcode: 4A
Instruction:LSR Addressing Mode:Accumulator - Operand (Value: "0x00", Address: "None")
Instruction cycle count set to 2
A |X |Y |SP |PC   |T/MT |NV-BDIZC |CYCLE
----------------------------------------
00|00|00|FE |0706 |1/2  |00100110 |4723
00|00|00|FE |0706 |2/2  |00100110 |4724


---------------
Opcode: C9
ll: 02
Instruction:CMP Addressing Mode:Immediate - Operand (Value: "0x02", Address: "None")
Instruction cycle count set to 2
A |X |Y |SP |PC   |T/MT |NV-BDIZC |CYCLE
----------------------------------------
00|00|00|FE |0708 |1/2  |10100100 |4725
00|00|00|FE |0708 |2/2  |10100100 |4726


---------------
Opcode: D0
ll: F8
Old PC: 070A Offset:-8 New PC: 0702
Instruction:BNE Addressing Mode:Relative - Operand (Value: "None", Address: "0x0702")
Instruction cycle count set to 2
A |X |Y |SP |PC   |T/MT |NV-BDIZC |CYCLE
----------------------------------------
00|00|00|FE |0702 |1/3  |10100100 |4727
00|00|00|FE |0702 |2/3  |10100100 |4728
00|00|00|FE |0702 |3/3  |10100100 |4729


---------------
Opcode: 8D
ll: 00 hh: A0
Instruction:STA Addressing Mode:Absolute - Operand (Value: "0x00", Address: "0xA000")
Writing value 0x00 to address: 0xA000
0xA000: 0x00
Instruction cycle count set to 4
A |X |Y |SP |PC   |T/MT |NV-BDIZC |CYCLE
----------------------------------------
00|00|00|FE |0705 |1/4  |10100100 |4730
00|00|00|FE |0705 |2/4  |10100100 |4731
00|00|00|FE |0705 |3/4  |10100100 |4732
00|00|00|FE |0705 |4/4  |10100100 |4733


---------------
Opcode: 4A
Instruction:LSR Addressing Mode:Accumulator - Operand (Value: "0x00", Address: "None")
Instruction cycle count set to 2
A |X |Y |SP |PC   |T/MT |NV-BDIZC |CYCLE
----------------------------------------
00|00|00|FE |0706 |1/2  |00100110 |4734
00|00|00|FE |0706 |2/2  |00100110 |4735


---------------
Opcode: C9
ll: 02
Instruction:CMP Addressing Mode:Immediate - Operand (Value: "0x02", Address: "None")
Instruction cycle count set to 2
A |X |Y |SP |PC   |T/MT |NV-BDIZC |CYCLE
----------------------------------------
00|00|00|FE |0708 |1/2  |10100100 |4736
00|00|00|FE |0708 |2/2  |10100100 |4737


---------------
Opcode: D0
ll: F8
Old PC: 070A Offset:-8 New PC: 0702
Instruction:BNE Addressing Mode:Relative - Operand (Value: "None", Address: "0x0702")
Instruction cycle count set to 2
A |X |Y |SP |PC   |T/MT |NV-BDIZC |CYCLE
----------------------------------------
00|00|00|FE |0702 |1/3  |10100100 |4738
00|00|00|FE |0702 |2/3  |10100100 |4739
00|00|00|FE |0702 |3/3  |10100100 |4740


---------------
Opcode: 8D
ll: 00 hh: A0
Instruction:STA Addressing Mode:Absolute - Operand (Value: "0x00", Address: "0xA000")
Writing value 0x00 to address: 0xA000
0xA000: 0x00
Instruction cycle count set to 4
A |X |Y |SP |PC   |T/MT |NV-BDIZC |CYCLE
----------------------------------------
00|00|00|FE |0705 |1/4  |10100100 |4741
00|00|00|FE |0705 |2/4  |10100100 |4742
00|00|00|FE |0705 |3/4  |10100100 |4743
00|00|00|FE |0705 |4/4  |10100100 |4744


---------------
Opcode: 4A
Instruction:LSR Addressing Mode:Accumulator - Operand (Value: "0x00", Address: "None")
Instruction cycle count set to 2
A |X |Y |SP |PC   |T/MT |NV-BDIZC |CYCLE
----------------------------------------
00|00|00|FE |0706 |1/2  |00100110 |4745
00|00|00|FE |0706 |2/2  |00100110 |4746


---------------
Opcode: C9
ll: 02
Instruction:CMP Addressing Mode:Immediate - Operand (Value: "0x02", Address: "None")
Instruction cycle count set to 2
A |X |Y |SP |PC   |T/MT |NV-BDIZC |CYCLE
----------------------------------------
00|00|00|FE |0708 |1/2  |10100100 |4747
00|00|00|FE |0708 |2/2  |10100100 |4748


---------------
Opcode: D0
ll: F8
Old PC: 070A Offset:-8 New PC: 0702
Instruction:BNE Addressing Mode:Relative - Operand (Value: "None", Address: "0x0702")
Instruction cycle count set to 2
A |X |Y |SP |PC   |T/MT |NV-BDIZC |CYCLE
----------------------------------------
00|00|00|FE |0702 |1/3  |10100100 |4749
00|00|00|FE |0702 |2/3  |10100100 |4750
00|00|00|FE |0702 |3/3  |10100100 |4751


---------------
Opcode: 8D
ll: 00 hh: A0
Instruction:STA Addressing Mode:Absolute - Operand (Value: "0x00", Address: "0xA000")
Writing value 0x00 to address: 0xA000
0xA000: 0x00
Instruction cycle count set to 4
A |X |Y |SP |PC   |T/MT |NV-BDIZC |CYCLE
----------------------------------------
00|00|00|FE |0705 |1/4  |10100100 |4752
00|00|00|FE |0705 |2/4  |10100100 |4753
00|00|00|FE |0705 |3/4  |10100100 |4754
00|00|00|FE |0705 |4/4  |10100100 |4755


---------------
Opcode: 4A
Instruction:LSR Addressing Mode:Accumulator - Operand (Value: "0x00", Address: "None")
Instruction cycle count set to 2
A |X |Y |SP |PC   |T/MT |NV-BDIZC |CYCLE
----------------------------------------
00|00|00|FE |0706 |1/2  |00100110 |4756
00|00|00|FE |0706 |2/2  |00100110 |4757


---------------
Opcode: C9
ll: 02
Instruction:CMP Addressing Mode:Immediate - Operand (Value: "0x02", Address: "None")
Instruction cycle count set to 2
A |X |Y |SP |PC   |T/MT |NV-BDIZC |CYCLE
----------------------------------------
00|00|00|FE |0708 |1/2  |10100100 |4758
00|00|00|FE |0708 |2/2  |10100100 |4759


---------------
Opcode: D0
ll: F8
Old PC: 070A Offset:-8 New PC: 0702
Instruction:BNE Addressing Mode:Relative - Operand (Value: "None", Address: "0x0702")
Instruction cycle count set to 2
A |X |Y |SP |PC   |T/MT |NV-BDIZC |CYCLE
----------------------------------------
00|00|00|FE |0702 |1/3  |10100100 |4760
00|00|00|FE |0702 |2/3  |10100100 |4761
00|00|00|FE |0702 |3/3  |10100100 |4762


---------------
Opcode: 8D
ll: 00 hh: A0
Instruction:STA Addressing Mode:Absolute - Operand (Value: "0x00", Address: "0xA000")
Writing value 0x00 to address: 0xA000
0xA000: 0x00
Instruction cycle count set to 4
A |X |Y |SP |PC   |T/MT |NV-BDIZC |CYCLE
----------------------------------------
00|00|00|FE |0705 |1/4  |10100100 |4763
00|00|00|FE |0705 |2/4  |10100100 |4764
00|00|00|FE |0705 |3/4  |10100100 |4765
00|00|00|FE |0705 |4/4  |10100100 |4766


---------------
Opcode: 4A
Instruction:LSR Addressing Mode:Accumulator - Operand (Value: "0x00", Address: "None")
Instruction cycle count set to 2
A |X |Y |SP |PC   |T/MT |NV-BDIZC |CYCLE
----------------------------------------
00|00|00|FE |0706 |1/2  |00100110 |4767
00|00|00|FE |0706 |2/2  |00100110 |4768


---------------
Opcode: C9
ll: 02
Instruction:CMP Addressing Mode:Immediate - Operand (Value: "0x02", Address: "None")
Instruction cycle count set to 2
A |X |Y |SP |PC   |T/MT |NV-BDIZC |CYCLE
----------------------------------------
00|00|00|FE |0708 |1/2  |10100100 |4769
00|00|00|FE |0708 |2/2  |10100100 |4770


---------------
Opcode: D0
ll: F8
Old PC: 070A Offset:-8 New PC: 0702
Instruction:BNE Addressing Mode:Relative - Operand (Value: "None", Address: "0x0702")
Instruction cycle count set to 2
A |X |Y |SP |PC   |T/MT |NV-BDIZC |CYCLE
----------------------------------------
00|00|00|FE |0702 |1/3  |10100100 |4771
00|00|00|FE |0702 |2/3  |10100100 |4772
00|00|00|FE |0702 |3/3  |10100100 |4773


---------------
Opcode: 8D
ll: 00 hh: A0
Instruction:STA Addressing Mode:Absolute - Operand (Value: "0x00", Address: "0xA000")
Writing value 0x00 to address: 0xA000
0xA000: 0x00
Instruction cycle count set to 4
A |X |Y |SP |PC   |T/MT |NV-BDIZC |CYCLE
----------------------------------------
00|00|00|FE |0705 |1/4  |10100100 |4774
00|00|00|FE |0705 |2/4  |10100100 |4775
00|00|00|FE |0705 |3/4  |10100100 |4776
00|00|00|FE |0705 |4/4  |10100100 |4777


---------------
Opcode: 4A
Instruction:LSR Addressing Mode:Accumulator - Operand (Value: "0x00", Address: "None")
Instruction cycle count set to 2
A |X |Y |SP |PC   |T/MT |NV-BDIZC |CYCLE
----------------------------------------
00|00|00|FE |0706 |1/2  |00100110 |4778
00|00|00|FE |0706 |2/2  |00100110 |4779


---------------
Opcode: C9
ll: 02
Instruction:CMP Addressing Mode:Immediate - Operand (Value: "0x02", Address: "None")
Instruction cycle count set to 2
A |X |Y |SP |PC   |T/MT |NV-BDIZC |CYCLE
----------------------------------------
00|00|00|FE |0708 |1/2  |10100100 |4780
00|00|00|FE |0708 |2/2  |10100100 |4781


---------------
Opcode: D0
ll: F8
Old PC: 070A Offset:-8 New PC: 0702
Instruction:BNE Addressing Mode:Relative - Operand (Value: "None", Address: "0x0702")
Instruction cycle count set to 2
A |X |Y |SP |PC   |T/MT |NV-BDIZC |CYCLE
----------------------------------------
00|00|00|FE |0702 |1/3  |10100100 |4782
00|00|00|FE |0702 |2/3  |10100100 |4783
00|00|00|FE |0702 |3/3  |10100100 |4784


---------------
Opcode: 8D
ll: 00 hh: A0
Instruction:STA Addressing Mode:Absolute - Operand (Value: "0x00", Address: "0xA000")
Writing value 0x00 to address: 0xA000
0xA000: 0x00
Instruction cycle count set to 4
A |X |Y |SP |PC   |T/MT |NV-BDIZC |CYCLE
----------------------------------------
00|00|00|FE |0705 |1/4  |10100100 |4785
00|00|00|FE |0705 |2/4  |10100100 |4786
00|00|00|FE |0705 |3/4  |10100100 |4787
00|00|00|FE |0705 |4/4  |10100100 |4788


---------------
Opcode: 4A
Instruction:LSR Addressing Mode:Accumulator - Operand (Value: "0x00", Address: "None")
Instruction cycle count set to 2
A |X |Y |SP |PC   |T/MT |NV-BDIZC |CYCLE
----------------------------------------
00|00|00|FE |0706 |1/2  |00100110 |4789
00|00|00|FE |0706 |2/2  |00100110 |4790


---------------
Opcode: C9
ll: 02
Instruction:CMP Addressing Mode:Immediate - Operand (Value: "0x02", Address: "None")
Instruction cycle count set to 2
A |X |Y |SP |PC   |T/MT |NV-BDIZC |CYCLE
----------------------------------------
00|00|00|FE |0708 |1/2  |10100100 |4791
00|00|00|FE |0708 |2/2  |10100100 |4792


---------------
Opcode: D0
ll: F8
Old PC: 070A Offset:-8 New PC: 0702
Instruction:BNE Addressing Mode:Relative - Operand (Value: "None", Address: "0x0702")
Instruction cycle count set to 2
A |X |Y |SP |PC   |T/MT |NV-BDIZC |CYCLE
----------------------------------------
00|00|00|FE |0702 |1/3  |10100100 |4793
00|00|00|FE |0702 |2/3  |10100100 |4794
00|00|00|FE |0702 |3/3  |10100100 |4795


---------------
Opcode: 8D
ll: 00 hh: A0
Instruction:STA Addressing Mode:Absolute - Operand (Value: "0x00", Address: "0xA000")
Writing value 0x00 to address: 0xA000
0xA000: 0x00
Instruction cycle count set to 4
A |X |Y |SP |PC   |T/MT |NV-BDIZC |CYCLE
----------------------------------------
00|00|00|FE |0705 |1/4  |10100100 |4796
00|00|00|FE |0705 |2/4  |10100100 |4797
00|00|00|FE |0705 |3/4  |10100100 |4798
00|00|00|FE |0705 |4/4  |10100100 |4799


---------------
Opcode: 4A
Instruction:LSR Addressing Mode:Accumulator - Operand (Value: "0x00", Address: "None")
Instruction cycle count set to 2
A |X |Y |SP |PC   |T/MT |NV-BDIZC |CYCLE
----------------------------------------
00|00|00|FE |0706 |1/2  |00100110 |4800
00|00|00|FE |0706 |2/2  |00100110 |4801


---------------
Opcode: C9
ll: 02
Instruction:CMP Addressing Mode:Immediate - Operand (Value: "0x02", Address: "None")
Instruction cycle count set to 2
A |X |Y |SP |PC   |T/MT |NV-BDIZC |CYCLE
----------------------------------------
00|00|00|FE |0708 |1/2  |10100100 |4802
00|00|00|FE |0708 |2/2  |10100100 |4803


---------------
Opcode: D0
ll: F8
Old PC: 070A Offset:-8 New PC: 0702
Instruction:BNE Addressing Mode:Relative - Operand (Value: "None", Address: "0x0702")
Instruction cycle count set to 2
A |X |Y |SP |PC   |T/MT |NV-BDIZC |CYCLE
----------------------------------------
00|00|00|FE |0702 |1/3  |10100100 |4804
00|00|00|FE |0702 |2/3  |10100100 |4805
00|00|00|FE |0702 |3/3  |10100100 |4806


---------------
Opcode: 8D
ll: 00 hh: A0
Instruction:STA Addressing Mode:Absolute - Operand (Value: "0x00", Address: "0xA000")
Writing value 0x00 to address: 0xA000
0xA000: 0x00
Instruction cycle count set to 4
A |X |Y |SP |PC   |T/MT |NV-BDIZC |CYCLE
----------------------------------------
00|00|00|FE |0705 |1/4  |10100100 |4807
00|00|00|FE |0705 |2/4  |10100100 |4808
00|00|00|FE |0705 |3/4  |10100100 |4809
00|00|00|FE |0705 |4/4  |10100100 |4810


---------------
Opcode: 4A
Instruction:LSR Addressing Mode:Accumulator - Operand (Value: "0x00", Address: "None")
Instruction cycle count set to 2
A |X |Y |SP |PC   |T/MT |NV-BDIZC |CYCLE
----------------------------------------
00|00|00|FE |0706 |1/2  |00100110 |4811
00|00|00|FE |0706 |2/2  |00100110 |4812


---------------
Opcode: C9
ll: 02
Instruction:CMP Addressing Mode:Immediate - Operand (Value: "0x02", Address: "None")
Instruction cycle count set to 2
A |X |Y |SP |PC   |T/MT |NV-BDIZC |CYCLE
----------------------------------------
00|00|00|FE |0708 |1/2  |10100100 |4813
00|00|00|FE |0708 |2/2  |10100100 |4814


---------------
Opcode: D0
ll: F8
Old PC: 070A Offset:-8 New PC: 0702
Instruction:BNE Addressing Mode:Relative - Operand (Value: "None", Address: "0x0702")
Instruction cycle count set to 2
A |X |Y |SP |PC   |T/MT |NV-BDIZC |CYCLE
----------------------------------------
00|00|00|FE |0702 |1/3  |10100100 |4815
00|00|00|FE |0702 |2/3  |10100100 |4816
00|00|00|FE |0702 |3/3  |10100100 |4817


---------------
Opcode: 8D
ll: 00 hh: A0
Instruction:STA Addressing Mode:Absolute - Operand (Value: "0x00", Address: "0xA000")
Writing value 0x00 to address: 0xA000
0xA000: 0x00
Instruction cycle count set to 4
A |X |Y |SP |PC   |T/MT |NV-BDIZC |CYCLE
----------------------------------------
00|00|00|FE |0705 |1/4  |10100100 |4818
00|00|00|FE |0705 |2/4  |10100100 |4819
00|00|00|FE |0705 |3/4  |10100100 |4820
00|00|00|FE |0705 |4/4  |10100100 |4821


---------------
Opcode: 4A
Instruction:LSR Addressing Mode:Accumulator - Operand (Value: "0x00", Address: "None")
Instruction cycle count set to 2
A |X |Y |SP |PC   |T/MT |NV-BDIZC |CYCLE
----------------------------------------
00|00|00|FE |0706 |1/2  |00100110 |4822
00|00|00|FE |0706 |2/2  |00100110 |4823


---------------
Opcode: C9
ll: 02
Instruction:CMP Addressing Mode:Immediate - Operand (Value: "0x02", Address: "None")
Instruction cycle count set to 2
A |X |Y |SP |PC   |T/MT |NV-BDIZC |CYCLE
----------------------------------------
00|00|00|FE |0708 |1/2  |10100100 |4824
00|00|00|FE |0708 |2/2  |10100100 |4825


---------------
Opcode: D0
ll: F8
Old PC: 070A Offset:-8 New PC: 0702
Instruction:BNE Addressing Mode:Relative - Operand (Value: "None", Address: "0x0702")
Instruction cycle count set to 2
A |X |Y |SP |PC   |T/MT |NV-BDIZC |CYCLE
----------------------------------------
00|00|00|FE |0702 |1/3  |10100100 |4826
00|00|00|FE |0702 |2/3  |10100100 |4827
00|00|00|FE |0702 |3/3  |10100100 |4828


---------------
Opcode: 8D
ll: 00 hh: A0
Instruction:STA Addressing Mode:Absolute - Operand (Value: "0x00", Address: "0xA000")
Writing value 0x00 to address: 0xA000
0xA000: 0x00
Instruction cycle count set to 4
A |X |Y |SP |PC   |T/MT |NV-BDIZC |CYCLE
----------------------------------------
00|00|00|FE |0705 |1/4  |10100100 |4829
00|00|00|FE |0705 |2/4  |10100100 |4830
00|00|00|FE |0705 |3/4  |10100100 |4831
00|00|00|FE |0705 |4/4  |10100100 |4832


---------------
Opcode: 4A
Instruction:LSR Addressing Mode:Accumulator - Operand (Value: "0x00", Address: "None")
Instruction cycle count set to 2
A |X |Y |SP |PC   |T/MT |NV-BDIZC |CYCLE
----------------------------------------
00|00|00|FE |0706 |1/2  |00100110 |4833
00|00|00|FE |0706 |2/2  |00100110 |4834


---------------
Opcode: C9
ll: 02
Instruction:CMP Addressing Mode:Immediate - Operand (Value: "0x02", Address: "None")
Instruction cycle count set to 2
A |X |Y |SP |PC   |T/MT |NV-BDIZC |CYCLE
----------------------------------------
00|00|00|FE |0708 |1/2  |10100100 |4835
00|00|00|FE |0708 |2/2  |10100100 |4836


---------------
Opcode: D0
ll: F8
Old PC: 070A Offset:-8 New PC: 0702
Instruction:BNE Addressing Mode:Relative - Operand (Value: "None", Address: "0x0702")
Instruction cycle count set to 2
A |X |Y |SP |PC   |T/MT |NV-BDIZC |CYCLE
----------------------------------------
00|00|00|FE |0702 |1/3  |10100100 |4837
00|00|00|FE |0702 |2/3  |10100100 |4838
00|00|00|FE |0702 |3/3  |10100100 |4839


---------------
Opcode: 8D
ll: 00 hh: A0
Instruction:STA Addressing Mode:Absolute - Operand (Value: "0x00", Address: "0xA000")
Writing value 0x00 to address: 0xA000
0xA000: 0x00
Instruction cycle count set to 4
A |X |Y |SP |PC   |T/MT |NV-BDIZC |CYCLE
----------------------------------------
00|00|00|FE |0705 |1/4  |10100100 |4840
00|00|00|FE |0705 |2/4  |10100100 |4841
00|00|00|FE |0705 |3/4  |10100100 |4842
00|00|00|FE |0705 |4/4  |10100100 |4843


---------------
Opcode: 4A
Instruction:LSR Addressing Mode:Accumulator - Operand (Value: "0x00", Address: "None")
Instruction cycle count set to 2
A |X |Y |SP |PC   |T/MT |NV-BDIZC |CYCLE
----------------------------------------
00|00|00|FE |0706 |1/2  |00100110 |4844
00|00|00|FE |0706 |2/2  |00100110 |4845


---------------
Opcode: C9
ll: 02
Instruction:CMP Addressing Mode:Immediate - Operand (Value: "0x02", Address: "None")
Instruction cycle count set to 2
A |X |Y |SP |PC   |T/MT |NV-BDIZC |CYCLE
----------------------------------------
00|00|00|FE |0708 |1/2  |10100100 |4846
00|00|00|FE |0708 |2/2  |10100100 |4847


---------------
Opcode: D0
ll: F8
Old PC: 070A Offset:-8 New PC: 0702
Instruction:BNE Addressing Mode:Relative - Operand (Value: "None", Address: "0x0702")
Instruction cycle count set to 2
A |X |Y |SP |PC   |T/MT |NV-BDIZC |CYCLE
----------------------------------------
00|00|00|FE |0702 |1/3  |10100100 |4848
00|00|00|FE |0702 |2/3  |10100100 |4849
00|00|00|FE |0702 |3/3  |10100100 |4850


---------------
Opcode: 8D
ll: 00 hh: A0
Instruction:STA Addressing Mode:Absolute - Operand (Value: "0x00", Address: "0xA000")
Writing value 0x00 to address: 0xA000
0xA000: 0x00
Instruction cycle count set to 4
A |X |Y |SP |PC   |T/MT |NV-BDIZC |CYCLE
----------------------------------------
00|00|00|FE |0705 |1/4  |10100100 |4851
00|00|00|FE |0705 |2/4  |10100100 |4852
00|00|00|FE |0705 |3/4  |10100100 |4853
00|00|00|FE |0705 |4/4  |10100100 |4854


---------------
Opcode: 4A
Instruction:LSR Addressing Mode:Accumulator - Operand (Value: "0x00", Address: "None")
Instruction cycle count set to 2
A |X |Y |SP |PC   |T/MT |NV-BDIZC |CYCLE
----------------------------------------
00|00|00|FE |0706 |1/2  |00100110 |4855
00|00|00|FE |0706 |2/2  |00100110 |4856


---------------
Opcode: C9
ll: 02
Instruction:CMP Addressing Mode:Immediate - Operand (Value: "0x02", Address: "None")
Instruction cycle count set to 2
A |X |Y |SP |PC   |T/MT |NV-BDIZC |CYCLE
----------------------------------------
00|00|00|FE |0708 |1/2  |10100100 |4857
00|00|00|FE |0708 |2/2  |10100100 |4858


---------------
Opcode: D0
ll: F8
Old PC: 070A Offset:-8 New PC: 0702
Instruction:BNE Addressing Mode:Relative - Operand (Value: "None", Address: "0x0702")
Instruction cycle count set to 2
A |X |Y |SP |PC   |T/MT |NV-BDIZC |CYCLE
----------------------------------------
00|00|00|FE |0702 |1/3  |10100100 |4859
00|00|00|FE |0702 |2/3  |10100100 |4860
00|00|00|FE |0702 |3/3  |10100100 |4861


---------------
Opcode: 8D
ll: 00 hh: A0
Instruction:STA Addressing Mode:Absolute - Operand (Value: "0x00", Address: "0xA000")
Writing value 0x00 to address: 0xA000
0xA000: 0x00
Instruction cycle count set to 4
A |X |Y |SP |PC   |T/MT |NV-BDIZC |CYCLE
----------------------------------------
00|00|00|FE |0705 |1/4  |10100100 |4862
00|00|00|FE |0705 |2/4  |10100100 |4863
00|00|00|FE |0705 |3/4  |10100100 |4864
00|00|00|FE |0705 |4/4  |10100100 |4865


---------------
Opcode: 4A
Instruction:LSR Addressing Mode:Accumulator - Operand (Value: "0x00", Address: "None")
Instruction cycle count set to 2
A |X |Y |SP |PC   |T/MT |NV-BDIZC |CYCLE
----------------------------------------
00|00|00|FE |0706 |1/2  |00100110 |4866
00|00|00|FE |0706 |2/2  |00100110 |4867


---------------
Opcode: C9
ll: 02
Instruction:CMP Addressing Mode:Immediate - Operand (Value: "0x02", Address: "None")
Instruction cycle count set to 2
A |X |Y |SP |PC   |T/MT |NV-BDIZC |CYCLE
----------------------------------------
00|00|00|FE |0708 |1/2  |10100100 |4868
00|00|00|FE |0708 |2/2  |10100100 |4869


---------------
Opcode: D0
ll: F8
Old PC: 070A Offset:-8 New PC: 0702
Instruction:BNE Addressing Mode:Relative - Operand (Value: "None", Address: "0x0702")
Instruction cycle count set to 2
A |X |Y |SP |PC   |T/MT |NV-BDIZC |CYCLE
----------------------------------------
00|00|00|FE |0702 |1/3  |10100100 |4870
00|00|00|FE |0702 |2/3  |10100100 |4871
00|00|00|FE |0702 |3/3  |10100100 |4872


---------------
Opcode: 8D
ll: 00 hh: A0
Instruction:STA Addressing Mode:Absolute - Operand (Value: "0x00", Address: "0xA000")
Writing value 0x00 to address: 0xA000
0xA000: 0x00
Instruction cycle count set to 4
A |X |Y |SP |PC   |T/MT |NV-BDIZC |CYCLE
----------------------------------------
00|00|00|FE |0705 |1/4  |10100100 |4873
00|00|00|FE |0705 |2/4  |10100100 |4874
00|00|00|FE |0705 |3/4  |10100100 |4875
00|00|00|FE |0705 |4/4  |10100100 |4876


---------------
Opcode: 4A
Instruction:LSR Addressing Mode:Accumulator - Operand (Value: "0x00", Address: "None")
Instruction cycle count set to 2
A |X |Y |SP |PC   |T/MT |NV-BDIZC |CYCLE
----------------------------------------
00|00|00|FE |0706 |1/2  |00100110 |4877
00|00|00|FE |0706 |2/2  |00100110 |4878


---------------
Opcode: C9
ll: 02
Instruction:CMP Addressing Mode:Immediate - Operand (Value: "0x02", Address: "None")
Instruction cycle count set to 2
A |X |Y |SP |PC   |T/MT |NV-BDIZC |CYCLE
----------------------------------------
00|00|00|FE |0708 |1/2  |10100100 |4879
00|00|00|FE |0708 |2/2  |10100100 |4880


---------------
Opcode: D0
ll: F8
Old PC: 070A Offset:-8 New PC: 0702
Instruction:BNE Addressing Mode:Relative - Operand (Value: "None", Address: "0x0702")
Instruction cycle count set to 2
A |X |Y |SP |PC   |T/MT |NV-BDIZC |CYCLE
----------------------------------------
00|00|00|FE |0702 |1/3  |10100100 |4881
00|00|00|FE |0702 |2/3  |10100100 |4882
00|00|00|FE |0702 |3/3  |10100100 |4883


---------------
Opcode: 8D
ll: 00 hh: A0
Instruction:STA Addressing Mode:Absolute - Operand (Value: "0x00", Address: "0xA000")
Writing value 0x00 to address: 0xA000
0xA000: 0x00
Instruction cycle count set to 4
A |X |Y |SP |PC   |T/MT |NV-BDIZC |CYCLE
----------------------------------------
00|00|00|FE |0705 |1/4  |10100100 |4884
00|00|00|FE |0705 |2/4  |10100100 |4885
00|00|00|FE |0705 |3/4  |10100100 |4886
00|00|00|FE |0705 |4/4  |10100100 |4887


---------------
Opcode: 4A
Instruction:LSR Addressing Mode:Accumulator - Operand (Value: "0x00", Address: "None")
Instruction cycle count set to 2
A |X |Y |SP |PC   |T/MT |NV-BDIZC |CYCLE
----------------------------------------
00|00|00|FE |0706 |1/2  |00100110 |4888
00|00|00|FE |0706 |2/2  |00100110 |4889


---------------
Opcode: C9
ll: 02
Instruction:CMP Addressing Mode:Immediate - Operand (Value: "0x02", Address: "None")
Instruction cycle count set to 2
A |X |Y |SP |PC   |T/MT |NV-BDIZC |CYCLE
----------------------------------------
00|00|00|FE |0708 |1/2  |10100100 |4890
00|00|00|FE |0708 |2/2  |10100100 |4891


---------------
Opcode: D0
ll: F8
Old PC: 070A Offset:-8 New PC: 0702
Instruction:BNE Addressing Mode:Relative - Operand (Value: "None", Address: "0x0702")
Instruction cycle count set to 2
A |X |Y |SP |PC   |T/MT |NV-BDIZC |CYCLE
----------------------------------------
00|00|00|FE |0702 |1/3  |10100100 |4892
00|00|00|FE |0702 |2/3  |10100100 |4893
00|00|00|FE |0702 |3/3  |10100100 |4894


---------------
Opcode: 8D
ll: 00 hh: A0
Instruction:STA Addressing Mode:Absolute - Operand (Value: "0x00", Address: "0xA000")
Writing value 0x00 to address: 0xA000
0xA000: 0x00
Instruction cycle count set to 4
A |X |Y |SP |PC   |T/MT |NV-BDIZC |CYCLE
----------------------------------------
00|00|00|FE |0705 |1/4  |10100100 |4895
00|00|00|FE |0705 |2/4  |10100100 |4896
00|00|00|FE |0705 |3/4  |10100100 |4897
00|00|00|FE |0705 |4/4  |10100100 |4898


---------------
Opcode: 4A
Instruction:LSR Addressing Mode:Accumulator - Operand (Value: "0x00", Address: "None")
Instruction cycle count set to 2
A |X |Y |SP |PC   |T/MT |NV-BDIZC |CYCLE
----------------------------------------
00|00|00|FE |0706 |1/2  |00100110 |4899
00|00|00|FE |0706 |2/2  |00100110 |4900


---------------
Opcode: C9
ll: 02
Instruction:CMP Addressing Mode:Immediate - Operand (Value: "0x02", Address: "None")
Instruction cycle count set to 2
A |X |Y |SP |PC   |T/MT |NV-BDIZC |CYCLE
----------------------------------------
00|00|00|FE |0708 |1/2  |10100100 |4901
00|00|00|FE |0708 |2/2  |10100100 |4902


---------------
Opcode: D0
ll: F8
Old PC: 070A Offset:-8 New PC: 0702
Instruction:BNE Addressing Mode:Relative - Operand (Value: "None", Address: "0x0702")
Instruction cycle count set to 2
A |X |Y |SP |PC   |T/MT |NV-BDIZC |CYCLE
----------------------------------------
00|00|00|FE |0702 |1/3  |10100100 |4903
00|00|00|FE |0702 |2/3  |10100100 |4904
00|00|00|FE |0702 |3/3  |10100100 |4905


---------------
Opcode: 8D
ll: 00 hh: A0
Instruction:STA Addressing Mode:Absolute - Operand (Value: "0x00", Address: "0xA000")
Writing value 0x00 to address: 0xA000
0xA000: 0x00
Instruction cycle count set to 4
A |X |Y |SP |PC   |T/MT |NV-BDIZC |CYCLE
----------------------------------------
00|00|00|FE |0705 |1/4  |10100100 |4906
00|00|00|FE |0705 |2/4  |10100100 |4907
00|00|00|FE |0705 |3/4  |10100100 |4908
00|00|00|FE |0705 |4/4  |10100100 |4909


---------------
Opcode: 4A
Instruction:LSR Addressing Mode:Accumulator - Operand (Value: "0x00", Address: "None")
Instruction cycle count set to 2
A |X |Y |SP |PC   |T/MT |NV-BDIZC |CYCLE
----------------------------------------
00|00|00|FE |0706 |1/2  |00100110 |4910
00|00|00|FE |0706 |2/2  |00100110 |4911


---------------
Opcode: C9
ll: 02
Instruction:CMP Addressing Mode:Immediate - Operand (Value: "0x02", Address: "None")
Instruction cycle count set to 2
A |X |Y |SP |PC   |T/MT |NV-BDIZC |CYCLE
----------------------------------------
00|00|00|FE |0708 |1/2  |10100100 |4912
00|00|00|FE |0708 |2/2  |10100100 |4913


---------------
Opcode: D0
ll: F8
Old PC: 070A Offset:-8 New PC: 0702
Instruction:BNE Addressing Mode:Relative - Operand (Value: "None", Address: "0x0702")
Instruction cycle count set to 2
A |X |Y |SP |PC   |T/MT |NV-BDIZC |CYCLE
----------------------------------------
00|00|00|FE |0702 |1/3  |10100100 |4914
00|00|00|FE |0702 |2/3  |10100100 |4915
00|00|00|FE |0702 |3/3  |10100100 |4916


---------------
Opcode: 8D
ll: 00 hh: A0
Instruction:STA Addressing Mode:Absolute - Operand (Value: "0x00", Address: "0xA000")
Writing value 0x00 to address: 0xA000
0xA000: 0x00
Instruction cycle count set to 4
A |X |Y |SP |PC   |T/MT |NV-BDIZC |CYCLE
----------------------------------------
00|00|00|FE |0705 |1/4  |10100100 |4917
00|00|00|FE |0705 |2/4  |10100100 |4918
00|00|00|FE |0705 |3/4  |10100100 |4919
00|00|00|FE |0705 |4/4  |10100100 |4920


---------------
Opcode: 4A
Instruction:LSR Addressing Mode:Accumulator - Operand (Value: "0x00", Address: "None")
Instruction cycle count set to 2
A |X |Y |SP |PC   |T/MT |NV-BDIZC |CYCLE
----------------------------------------
00|00|00|FE |0706 |1/2  |00100110 |4921
00|00|00|FE |0706 |2/2  |00100110 |4922


---------------
Opcode: C9
ll: 02
Instruction:CMP Addressing Mode:Immediate - Operand (Value: "0x02", Address: "None")
Instruction cycle count set to 2
A |X |Y |SP |PC   |T/MT |NV-BDIZC |CYCLE
----------------------------------------
00|00|00|FE |0708 |1/2  |10100100 |4923
00|00|00|FE |0708 |2/2  |10100100 |4924


---------------
Opcode: D0
ll: F8
Old PC: 070A Offset:-8 New PC: 0702
Instruction:BNE Addressing Mode:Relative - Operand (Value: "None", Address: "0x0702")
Instruction cycle count set to 2
A |X |Y |SP |PC   |T/MT |NV-BDIZC |CYCLE
----------------------------------------
00|00|00|FE |0702 |1/3  |10100100 |4925
00|00|00|FE |0702 |2/3  |10100100 |4926
00|00|00|FE |0702 |3/3  |10100100 |4927


---------------
Opcode: 8D
ll: 00 hh: A0
Instruction:STA Addressing Mode:Absolute - Operand (Value: "0x00", Address: "0xA000")
Writing value 0x00 to address: 0xA000
0xA000: 0x00
Instruction cycle count set to 4
A |X |Y |SP |PC   |T/MT |NV-BDIZC |CYCLE
----------------------------------------
00|00|00|FE |0705 |1/4  |10100100 |4928
00|00|00|FE |0705 |2/4  |10100100 |4929
00|00|00|FE |0705 |3/4  |10100100 |4930
00|00|00|FE |0705 |4/4  |10100100 |4931


---------------
Opcode: 4A
Instruction:LSR Addressing Mode:Accumulator - Operand (Value: "0x00", Address: "None")
Instruction cycle count set to 2
A |X |Y |SP |PC   |T/MT |NV-BDIZC |CYCLE
----------------------------------------
00|00|00|FE |0706 |1/2  |00100110 |4932
00|00|00|FE |0706 |2/2  |00100110 |4933


---------------
Opcode: C9
ll: 02
Instruction:CMP Addressing Mode:Immediate - Operand (Value: "0x02", Address: "None")
Instruction cycle count set to 2
A |X |Y |SP |PC   |T/MT |NV-BDIZC |CYCLE
----------------------------------------
00|00|00|FE |0708 |1/2  |10100100 |4934
00|00|00|FE |0708 |2/2  |10100100 |4935


---------------
Opcode: D0
ll: F8
Old PC: 070A Offset:-8 New PC: 0702
Instruction:BNE Addressing Mode:Relative - Operand (Value: "None", Address: "0x0702")
Instruction cycle count set to 2
A |X |Y |SP |PC   |T/MT |NV-BDIZC |CYCLE
----------------------------------------
00|00|00|FE |0702 |1/3  |10100100 |4936
00|00|00|FE |0702 |2/3  |10100100 |4937
00|00|00|FE |0702 |3/3  |10100100 |4938


---------------
Opcode: 8D
ll: 00 hh: A0
Instruction:STA Addressing Mode:Absolute - Operand (Value: "0x00", Address: "0xA000")
Writing value 0x00 to address: 0xA000
0xA000: 0x00
Instruction cycle count set to 4
A |X |Y |SP |PC   |T/MT |NV-BDIZC |CYCLE
----------------------------------------
00|00|00|FE |0705 |1/4  |10100100 |4939
00|00|00|FE |0705 |2/4  |10100100 |4940
00|00|00|FE |0705 |3/4  |10100100 |4941
00|00|00|FE |0705 |4/4  |10100100 |4942


---------------
Opcode: 4A
Instruction:LSR Addressing Mode:Accumulator - Operand (Value: "0x00", Address: "None")
Instruction cycle count set to 2
A |X |Y |SP |PC   |T/MT |NV-BDIZC |CYCLE
----------------------------------------
00|00|00|FE |0706 |1/2  |00100110 |4943
00|00|00|FE |0706 |2/2  |00100110 |4944


---------------
Opcode: C9
ll: 02
Instruction:CMP Addressing Mode:Immediate - Operand (Value: "0x02", Address: "None")
Instruction cycle count set to 2
A |X |Y |SP |PC   |T/MT |NV-BDIZC |CYCLE
----------------------------------------
00|00|00|FE |0708 |1/2  |10100100 |4945
00|00|00|FE |0708 |2/2  |10100100 |4946


---------------
Opcode: D0
ll: F8
Old PC: 070A Offset:-8 New PC: 0702
Instruction:BNE Addressing Mode:Relative - Operand (Value: "None", Address: "0x0702")
Instruction cycle count set to 2
A |X |Y |SP |PC   |T/MT |NV-BDIZC |CYCLE
----------------------------------------
00|00|00|FE |0702 |1/3  |10100100 |4947
00|00|00|FE |0702 |2/3  |10100100 |4948
00|00|00|FE |0702 |3/3  |10100100 |4949


---------------
Opcode: 8D
ll: 00 hh: A0
Instruction:STA Addressing Mode:Absolute - Operand (Value: "0x00", Address: "0xA000")
Writing value 0x00 to address: 0xA000
0xA000: 0x00
Instruction cycle count set to 4
A |X |Y |SP |PC   |T/MT |NV-BDIZC |CYCLE
----------------------------------------
00|00|00|FE |0705 |1/4  |10100100 |4950
00|00|00|FE |0705 |2/4  |10100100 |4951
00|00|00|FE |0705 |3/4  |10100100 |4952
00|00|00|FE |0705 |4/4  |10100100 |4953


---------------
Opcode: 4A
Instruction:LSR Addressing Mode:Accumulator - Operand (Value: "0x00", Address: "None")
Instruction cycle count set to 2
A |X |Y |SP |PC   |T/MT |NV-BDIZC |CYCLE
----------------------------------------
00|00|00|FE |0706 |1/2  |00100110 |4954
00|00|00|FE |0706 |2/2  |00100110 |4955


---------------
Opcode: C9
ll: 02
Instruction:CMP Addressing Mode:Immediate - Operand (Value: "0x02", Address: "None")
Instruction cycle count set to 2
A |X |Y |SP |PC   |T/MT |NV-BDIZC |CYCLE
----------------------------------------
00|00|00|FE |0708 |1/2  |10100100 |4956
00|00|00|FE |0708 |2/2  |10100100 |4957


---------------
Opcode: D0
ll: F8
Old PC: 070A Offset:-8 New PC: 0702
Instruction:BNE Addressing Mode:Relative - Operand (Value: "None", Address: "0x0702")
Instruction cycle count set to 2
A |X |Y |SP |PC   |T/MT |NV-BDIZC |CYCLE
----------------------------------------
00|00|00|FE |0702 |1/3  |10100100 |4958
00|00|00|FE |0702 |2/3  |10100100 |4959
00|00|00|FE |0702 |3/3  |10100100 |4960


---------------
Opcode: 8D
ll: 00 hh: A0
Instruction:STA Addressing Mode:Absolute - Operand (Value: "0x00", Address: "0xA000")
Writing value 0x00 to address: 0xA000
0xA000: 0x00
Instruction cycle count set to 4
A |X |Y |SP |PC   |T/MT |NV-BDIZC |CYCLE
----------------------------------------
00|00|00|FE |0705 |1/4  |10100100 |4961
00|00|00|FE |0705 |2/4  |10100100 |4962
00|00|00|FE |0705 |3/4  |10100100 |4963
00|00|00|FE |0705 |4/4  |10100100 |4964


---------------
Opcode: 4A
Instruction:LSR Addressing Mode:Accumulator - Operand (Value: "0x00", Address: "None")
Instruction cycle count set to 2
A |X |Y |SP |PC   |T/MT |NV-BDIZC |CYCLE
----------------------------------------
00|00|00|FE |0706 |1/2  |00100110 |4965
00|00|00|FE |0706 |2/2  |00100110 |4966


---------------
Opcode: C9
ll: 02
Instruction:CMP Addressing Mode:Immediate - Operand (Value: "0x02", Address: "None")
Instruction cycle count set to 2
A |X |Y |SP |PC   |T/MT |NV-BDIZC |CYCLE
----------------------------------------
00|00|00|FE |0708 |1/2  |10100100 |4967
00|00|00|FE |0708 |2/2  |10100100 |4968


---------------
Opcode: D0
ll: F8
Old PC: 070A Offset:-8 New PC: 0702
Instruction:BNE Addressing Mode:Relative - Operand (Value: "None", Address: "0x0702")
Instruction cycle count set to 2
A |X |Y |SP |PC   |T/MT |NV-BDIZC |CYCLE
----------------------------------------
00|00|00|FE |0702 |1/3  |10100100 |4969
00|00|00|FE |0702 |2/3  |10100100 |4970
00|00|00|FE |0702 |3/3  |10100100 |4971


---------------
Opcode: 8D
ll: 00 hh: A0
Instruction:STA Addressing Mode:Absolute - Operand (Value: "0x00", Address: "0xA000")
Writing value 0x00 to address: 0xA000
0xA000: 0x00
Instruction cycle count set to 4
A |X |Y |SP |PC   |T/MT |NV-BDIZC |CYCLE
----------------------------------------
00|00|00|FE |0705 |1/4  |10100100 |4972
00|00|00|FE |0705 |2/4  |10100100 |4973
00|00|00|FE |0705 |3/4  |10100100 |4974
00|00|00|FE |0705 |4/4  |10100100 |4975


---------------
Opcode: 4A
Instruction:LSR Addressing Mode:Accumulator - Operand (Value: "0x00", Address: "None")
Instruction cycle count set to 2
A |X |Y |SP |PC   |T/MT |NV-BDIZC |CYCLE
----------------------------------------
00|00|00|FE |0706 |1/2  |00100110 |4976
00|00|00|FE |0706 |2/2  |00100110 |4977


---------------
Opcode: C9
ll: 02
Instruction:CMP Addressing Mode:Immediate - Operand (Value: "0x02", Address: "None")
Instruction cycle count set to 2
A |X |Y |SP |PC   |T/MT |NV-BDIZC |CYCLE
----------------------------------------
00|00|00|FE |0708 |1/2  |10100100 |4978
00|00|00|FE |0708 |2/2  |10100100 |4979


---------------
Opcode: D0
ll: F8
Old PC: 070A Offset:-8 New PC: 0702
Instruction:BNE Addressing Mode:Relative - Operand (Value: "None", Address: "0x0702")
Instruction cycle count set to 2
A |X |Y |SP |PC   |T/MT |NV-BDIZC |CYCLE
----------------------------------------
00|00|00|FE |0702 |1/3  |10100100 |4980
00|00|00|FE |0702 |2/3  |10100100 |4981
00|00|00|FE |0702 |3/3  |10100100 |4982


---------------
Opcode: 8D
ll: 00 hh: A0
Instruction:STA Addressing Mode:Absolute - Operand (Value: "0x00", Address: "0xA000")
Writing value 0x00 to address: 0xA000
0xA000: 0x00
Instruction cycle count set to 4
A |X |Y |SP |PC   |T/MT |NV-BDIZC |CYCLE
----------------------------------------
00|00|00|FE |0705 |1/4  |10100100 |4983
00|00|00|FE |0705 |2/4  |10100100 |4984
00|00|00|FE |0705 |3/4  |10100100 |4985
00|00|00|FE |0705 |4/4  |10100100 |4986


---------------
Opcode: 4A
Instruction:LSR Addressing Mode:Accumulator - Operand (Value: "0x00", Address: "None")
Instruction cycle count set to 2
A |X |Y |SP |PC   |T/MT |NV-BDIZC |CYCLE
----------------------------------------
00|00|00|FE |0706 |1/2  |00100110 |4987
00|00|00|FE |0706 |2/2  |00100110 |4988


---------------
Opcode: C9
ll: 02
Instruction:CMP Addressing Mode:Immediate - Operand (Value: "0x02", Address: "None")
Instruction cycle count set to 2
A |X |Y |SP |PC   |T/MT |NV-BDIZC |CYCLE
----------------------------------------
00|00|00|FE |0708 |1/2  |10100100 |4989
00|00|00|FE |0708 |2/2  |10100100 |4990


---------------
Opcode: D0
ll: F8
Old PC: 070A Offset:-8 New PC: 0702
Instruction:BNE Addressing Mode:Relative - Operand (Value: "None", Address: "0x0702")
Instruction cycle count set to 2
A |X |Y |SP |PC   |T/MT |NV-BDIZC |CYCLE
----------------------------------------
00|00|00|FE |0702 |1/3  |10100100 |4991
00|00|00|FE |0702 |2/3  |10100100 |4992
00|00|00|FE |0702 |3/3  |10100100 |4993


---------------
Opcode: 8D
ll: 00 hh: A0
Instruction:STA Addressing Mode:Absolute - Operand (Value: "0x00", Address: "0xA000")
Writing value 0x00 to address: 0xA000
0xA000: 0x00
Instruction cycle count set to 4
A |X |Y |SP |PC   |T/MT |NV-BDIZC |CYCLE
----------------------------------------
00|00|00|FE |0705 |1/4  |10100100 |4994
00|00|00|FE |0705 |2/4  |10100100 |4995
00|00|00|FE |0705 |3/4  |10100100 |4996
00|00|00|FE |0705 |4/4  |10100100 |4997


---------------
Opcode: 4A
Instruction:LSR Addressing Mode:Accumulator - Operand (Value: "0x00", Address: "None")
Instruction cycle count set to 2
A |X |Y |SP |PC   |T/MT |NV-BDIZC |CYCLE
----------------------------------------
00|00|00|FE |0706 |1/2  |00100110 |4998
emulation behind by 363.122539ms. trying to catch up...
00|00|00|FE |0706 |2/2  |00100110 |4999


---------------
Opcode: C9
ll: 02
Instruction:CMP Addressing Mode:Immediate - Operand (Value: "0x02", Address: "None")
Instruction cycle count set to 2
A |X |Y |SP |PC   |T/MT |NV-BDIZC |CYCLE
----------------------------------------
00|00|00|FE |0708 |1/2  |10100100 |5000
00|00|00|FE |0708 |2/2  |10100100 |5001


---------------
Opcode: D0
ll: F8
Old PC: 070A Offset:-8 New PC: 0702
Instruction:BNE Addressing Mode:Relative - Operand (Value: "None", Address: "0x0702")
Instruction cycle count set to 2
A |X |Y |SP |PC   |T/MT |NV-BDIZC |CYCLE
----------------------------------------
00|00|00|FE |0702 |1/3  |10100100 |5002
00|00|00|FE |0702 |2/3  |10100100 |5003
00|00|00|FE |0702 |3/3  |10100100 |5004


---------------
Opcode: 8D
ll: 00 hh: A0
Instruction:STA Addressing Mode:Absolute - Operand (Value: "0x00", Address: "0xA000")
Writing value 0x00 to address: 0xA000
0xA000: 0x00
Instruction cycle count set to 4
A |X |Y |SP |PC   |T/MT |NV-BDIZC |CYCLE
----------------------------------------
00|00|00|FE |0705 |1/4  |10100100 |5005
00|00|00|FE |0705 |2/4  |10100100 |5006
00|00|00|FE |0705 |3/4  |10100100 |5007
00|00|00|FE |0705 |4/4  |10100100 |5008


---------------
Opcode: 4A
Instruction:LSR Addressing Mode:Accumulator - Operand (Value: "0x00", Address: "None")
Instruction cycle count set to 2
A |X |Y |SP |PC   |T/MT |NV-BDIZC |CYCLE
----------------------------------------
00|00|00|FE |0706 |1/2  |00100110 |5009
00|00|00|FE |0706 |2/2  |00100110 |5010


---------------
Opcode: C9
ll: 02
Instruction:CMP Addressing Mode:Immediate - Operand (Value: "0x02", Address: "None")
Instruction cycle count set to 2
A |X |Y |SP |PC   |T/MT |NV-BDIZC |CYCLE
----------------------------------------
00|00|00|FE |0708 |1/2  |10100100 |5011
00|00|00|FE |0708 |2/2  |10100100 |5012


---------------
Opcode: D0
ll: F8
Old PC: 070A Offset:-8 New PC: 0702
Instruction:BNE Addressing Mode:Relative - Operand (Value: "None", Address: "0x0702")
Instruction cycle count set to 2
A |X |Y |SP |PC   |T/MT |NV-BDIZC |CYCLE
----------------------------------------
00|00|00|FE |0702 |1/3  |10100100 |5013
00|00|00|FE |0702 |2/3  |10100100 |5014
00|00|00|FE |0702 |3/3  |10100100 |5015


---------------
Opcode: 8D
ll: 00 hh: A0
Instruction:STA Addressing Mode:Absolute - Operand (Value: "0x00", Address: "0xA000")
Writing value 0x00 to address: 0xA000
0xA000: 0x00
Instruction cycle count set to 4
A |X |Y |SP |PC   |T/MT |NV-BDIZC |CYCLE
----------------------------------------
00|00|00|FE |0705 |1/4  |10100100 |5016
00|00|00|FE |0705 |2/4  |10100100 |5017
00|00|00|FE |0705 |3/4  |10100100 |5018
00|00|00|FE |0705 |4/4  |10100100 |5019


---------------
Opcode: 4A
Instruction:LSR Addressing Mode:Accumulator - Operand (Value: "0x00", Address: "None")
Instruction cycle count set to 2
A |X |Y |SP |PC   |T/MT |NV-BDIZC |CYCLE
----------------------------------------
00|00|00|FE |0706 |1/2  |00100110 |5020
00|00|00|FE |0706 |2/2  |00100110 |5021


---------------
Opcode: C9
ll: 02
Instruction:CMP Addressing Mode:Immediate - Operand (Value: "0x02", Address: "None")
Instruction cycle count set to 2
A |X |Y |SP |PC   |T/MT |NV-BDIZC |CYCLE
----------------------------------------
00|00|00|FE |0708 |1/2  |10100100 |5022
00|00|00|FE |0708 |2/2  |10100100 |5023


---------------
Opcode: D0
ll: F8
Old PC: 070A Offset:-8 New PC: 0702
Instruction:BNE Addressing Mode:Relative - Operand (Value: "None", Address: "0x0702")
Instruction cycle count set to 2
A |X |Y |SP |PC   |T/MT |NV-BDIZC |CYCLE
----------------------------------------
00|00|00|FE |0702 |1/3  |10100100 |5024
00|00|00|FE |0702 |2/3  |10100100 |5025
00|00|00|FE |0702 |3/3  |10100100 |5026


---------------
Opcode: 8D
ll: 00 hh: A0
Instruction:STA Addressing Mode:Absolute - Operand (Value: "0x00", Address: "0xA000")
Writing value 0x00 to address: 0xA000
0xA000: 0x00
Instruction cycle count set to 4
A |X |Y |SP |PC   |T/MT |NV-BDIZC |CYCLE
----------------------------------------
00|00|00|FE |0705 |1/4  |10100100 |5027
00|00|00|FE |0705 |2/4  |10100100 |5028
00|00|00|FE |0705 |3/4  |10100100 |5029
00|00|00|FE |0705 |4/4  |10100100 |5030


---------------
Opcode: 4A
Instruction:LSR Addressing Mode:Accumulator - Operand (Value: "0x00", Address: "None")
Instruction cycle count set to 2
A |X |Y |SP |PC   |T/MT |NV-BDIZC |CYCLE
----------------------------------------
00|00|00|FE |0706 |1/2  |00100110 |5031
00|00|00|FE |0706 |2/2  |00100110 |5032


---------------
Opcode: C9
ll: 02
Instruction:CMP Addressing Mode:Immediate - Operand (Value: "0x02", Address: "None")
Instruction cycle count set to 2
A |X |Y |SP |PC   |T/MT |NV-BDIZC |CYCLE
----------------------------------------
00|00|00|FE |0708 |1/2  |10100100 |5033
00|00|00|FE |0708 |2/2  |10100100 |5034


---------------
Opcode: D0
ll: F8
Old PC: 070A Offset:-8 New PC: 0702
Instruction:BNE Addressing Mode:Relative - Operand (Value: "None", Address: "0x0702")
Instruction cycle count set to 2
A |X |Y |SP |PC   |T/MT |NV-BDIZC |CYCLE
----------------------------------------
00|00|00|FE |0702 |1/3  |10100100 |5035
00|00|00|FE |0702 |2/3  |10100100 |5036
00|00|00|FE |0702 |3/3  |10100100 |5037


---------------
Opcode: 8D
ll: 00 hh: A0
Instruction:STA Addressing Mode:Absolute - Operand (Value: "0x00", Address: "0xA000")
Writing value 0x00 to address: 0xA000
0xA000: 0x00
Instruction cycle count set to 4
A |X |Y |SP |PC   |T/MT |NV-BDIZC |CYCLE
----------------------------------------
00|00|00|FE |0705 |1/4  |10100100 |5038
00|00|00|FE |0705 |2/4  |10100100 |5039
00|00|00|FE |0705 |3/4  |10100100 |5040
00|00|00|FE |0705 |4/4  |10100100 |5041


---------------
Opcode: 4A
Instruction:LSR Addressing Mode:Accumulator - Operand (Value: "0x00", Address: "None")
Instruction cycle count set to 2
A |X |Y |SP |PC   |T/MT |NV-BDIZC |CYCLE
----------------------------------------
00|00|00|FE |0706 |1/2  |00100110 |5042
00|00|00|FE |0706 |2/2  |00100110 |5043


---------------
Opcode: C9
ll: 02
Instruction:CMP Addressing Mode:Immediate - Operand (Value: "0x02", Address: "None")
Instruction cycle count set to 2
A |X |Y |SP |PC   |T/MT |NV-BDIZC |CYCLE
----------------------------------------
00|00|00|FE |0708 |1/2  |10100100 |5044
00|00|00|FE |0708 |2/2  |10100100 |5045


---------------
Opcode: D0
ll: F8
Old PC: 070A Offset:-8 New PC: 0702
Instruction:BNE Addressing Mode:Relative - Operand (Value: "None", Address: "0x0702")
Instruction cycle count set to 2
A |X |Y |SP |PC   |T/MT |NV-BDIZC |CYCLE
----------------------------------------
00|00|00|FE |0702 |1/3  |10100100 |5046
00|00|00|FE |0702 |2/3  |10100100 |5047
00|00|00|FE |0702 |3/3  |10100100 |5048


---------------
Opcode: 8D
ll: 00 hh: A0
Instruction:STA Addressing Mode:Absolute - Operand (Value: "0x00", Address: "0xA000")
Writing value 0x00 to address: 0xA000
0xA000: 0x00
Instruction cycle count set to 4
A |X |Y |SP |PC   |T/MT |NV-BDIZC |CYCLE
----------------------------------------
00|00|00|FE |0705 |1/4  |10100100 |5049
00|00|00|FE |0705 |2/4  |10100100 |5050
00|00|00|FE |0705 |3/4  |10100100 |5051
00|00|00|FE |0705 |4/4  |10100100 |5052


---------------
Opcode: 4A
Instruction:LSR Addressing Mode:Accumulator - Operand (Value: "0x00", Address: "None")
Instruction cycle count set to 2
A |X |Y |SP |PC   |T/MT |NV-BDIZC |CYCLE
----------------------------------------
00|00|00|FE |0706 |1/2  |00100110 |5053
00|00|00|FE |0706 |2/2  |00100110 |5054


---------------
Opcode: C9
ll: 02
Instruction:CMP Addressing Mode:Immediate - Operand (Value: "0x02", Address: "None")
Instruction cycle count set to 2
A |X |Y |SP |PC   |T/MT |NV-BDIZC |CYCLE
----------------------------------------
00|00|00|FE |0708 |1/2  |10100100 |5055
00|00|00|FE |0708 |2/2  |10100100 |5056


---------------
Opcode: D0
ll: F8
Old PC: 070A Offset:-8 New PC: 0702
Instruction:BNE Addressing Mode:Relative - Operand (Value: "None", Address: "0x0702")
Instruction cycle count set to 2
A |X |Y |SP |PC   |T/MT |NV-BDIZC |CYCLE
----------------------------------------
00|00|00|FE |0702 |1/3  |10100100 |5057
00|00|00|FE |0702 |2/3  |10100100 |5058
00|00|00|FE |0702 |3/3  |10100100 |5059


---------------
Opcode: 8D
ll: 00 hh: A0
Instruction:STA Addressing Mode:Absolute - Operand (Value: "0x00", Address: "0xA000")
Writing value 0x00 to address: 0xA000
0xA000: 0x00
Instruction cycle count set to 4
A |X |Y |SP |PC   |T/MT |NV-BDIZC |CYCLE
----------------------------------------
00|00|00|FE |0705 |1/4  |10100100 |5060
00|00|00|FE |0705 |2/4  |10100100 |5061
00|00|00|FE |0705 |3/4  |10100100 |5062
00|00|00|FE |0705 |4/4  |10100100 |5063


---------------
Opcode: 4A
Instruction:LSR Addressing Mode:Accumulator - Operand (Value: "0x00", Address: "None")
Instruction cycle count set to 2
A |X |Y |SP |PC   |T/MT |NV-BDIZC |CYCLE
----------------------------------------
00|00|00|FE |0706 |1/2  |00100110 |5064
00|00|00|FE |0706 |2/2  |00100110 |5065


---------------
Opcode: C9
ll: 02
Instruction:CMP Addressing Mode:Immediate - Operand (Value: "0x02", Address: "None")
Instruction cycle count set to 2
A |X |Y |SP |PC   |T/MT |NV-BDIZC |CYCLE
----------------------------------------
00|00|00|FE |0708 |1/2  |10100100 |5066
00|00|00|FE |0708 |2/2  |10100100 |5067


---------------
Opcode: D0
ll: F8
Old PC: 070A Offset:-8 New PC: 0702
Instruction:BNE Addressing Mode:Relative - Operand (Value: "None", Address: "0x0702")
Instruction cycle count set to 2
A |X |Y |SP |PC   |T/MT |NV-BDIZC |CYCLE
----------------------------------------
00|00|00|FE |0702 |1/3  |10100100 |5068
00|00|00|FE |0702 |2/3  |10100100 |5069
00|00|00|FE |0702 |3/3  |10100100 |5070


---------------
Opcode: 8D
ll: 00 hh: A0
Instruction:STA Addressing Mode:Absolute - Operand (Value: "0x00", Address: "0xA000")
Writing value 0x00 to address: 0xA000
0xA000: 0x00
Instruction cycle count set to 4
A |X |Y |SP |PC   |T/MT |NV-BDIZC |CYCLE
----------------------------------------
00|00|00|FE |0705 |1/4  |10100100 |5071
00|00|00|FE |0705 |2/4  |10100100 |5072
00|00|00|FE |0705 |3/4  |10100100 |5073
00|00|00|FE |0705 |4/4  |10100100 |5074


---------------
Opcode: 4A
Instruction:LSR Addressing Mode:Accumulator - Operand (Value: "0x00", Address: "None")
Instruction cycle count set to 2
A |X |Y |SP |PC   |T/MT |NV-BDIZC |CYCLE
----------------------------------------
00|00|00|FE |0706 |1/2  |00100110 |5075
00|00|00|FE |0706 |2/2  |00100110 |5076


---------------
Opcode: C9
ll: 02
Instruction:CMP Addressing Mode:Immediate - Operand (Value: "0x02", Address: "None")
Instruction cycle count set to 2
A |X |Y |SP |PC   |T/MT |NV-BDIZC |CYCLE
----------------------------------------
00|00|00|FE |0708 |1/2  |10100100 |5077
00|00|00|FE |0708 |2/2  |10100100 |5078


---------------
Opcode: D0
ll: F8
Old PC: 070A Offset:-8 New PC: 0702
Instruction:BNE Addressing Mode:Relative - Operand (Value: "None", Address: "0x0702")
Instruction cycle count set to 2
A |X |Y |SP |PC   |T/MT |NV-BDIZC |CYCLE
----------------------------------------
00|00|00|FE |0702 |1/3  |10100100 |5079
00|00|00|FE |0702 |2/3  |10100100 |5080
00|00|00|FE |0702 |3/3  |10100100 |5081


---------------
Opcode: 8D
ll: 00 hh: A0
Instruction:STA Addressing Mode:Absolute - Operand (Value: "0x00", Address: "0xA000")
Writing value 0x00 to address: 0xA000
0xA000: 0x00
Instruction cycle count set to 4
A |X |Y |SP |PC   |T/MT |NV-BDIZC |CYCLE
----------------------------------------
00|00|00|FE |0705 |1/4  |10100100 |5082
00|00|00|FE |0705 |2/4  |10100100 |5083
00|00|00|FE |0705 |3/4  |10100100 |5084
00|00|00|FE |0705 |4/4  |10100100 |5085


---------------
Opcode: 4A
Instruction:LSR Addressing Mode:Accumulator - Operand (Value: "0x00", Address: "None")
Instruction cycle count set to 2
A |X |Y |SP |PC   |T/MT |NV-BDIZC |CYCLE
----------------------------------------
00|00|00|FE |0706 |1/2  |00100110 |5086
00|00|00|FE |0706 |2/2  |00100110 |5087


---------------
Opcode: C9
ll: 02
Instruction:CMP Addressing Mode:Immediate - Operand (Value: "0x02", Address: "None")
Instruction cycle count set to 2
A |X |Y |SP |PC   |T/MT |NV-BDIZC |CYCLE
----------------------------------------
00|00|00|FE |0708 |1/2  |10100100 |5088
00|00|00|FE |0708 |2/2  |10100100 |5089


---------------
Opcode: D0
ll: F8
Old PC: 070A Offset:-8 New PC: 0702
Instruction:BNE Addressing Mode:Relative - Operand (Value: "None", Address: "0x0702")
Instruction cycle count set to 2
A |X |Y |SP |PC   |T/MT |NV-BDIZC |CYCLE
----------------------------------------
00|00|00|FE |0702 |1/3  |10100100 |5090
00|00|00|FE |0702 |2/3  |10100100 |5091
00|00|00|FE |0702 |3/3  |10100100 |5092


---------------
Opcode: 8D
ll: 00 hh: A0
Instruction:STA Addressing Mode:Absolute - Operand (Value: "0x00", Address: "0xA000")
Writing value 0x00 to address: 0xA000
0xA000: 0x00
Instruction cycle count set to 4
A |X |Y |SP |PC   |T/MT |NV-BDIZC |CYCLE
----------------------------------------
00|00|00|FE |0705 |1/4  |10100100 |5093
00|00|00|FE |0705 |2/4  |10100100 |5094
00|00|00|FE |0705 |3/4  |10100100 |5095
00|00|00|FE |0705 |4/4  |10100100 |5096


---------------
Opcode: 4A
Instruction:LSR Addressing Mode:Accumulator - Operand (Value: "0x00", Address: "None")
Instruction cycle count set to 2
A |X |Y |SP |PC   |T/MT |NV-BDIZC |CYCLE
----------------------------------------
00|00|00|FE |0706 |1/2  |00100110 |5097
00|00|00|FE |0706 |2/2  |00100110 |5098


---------------
Opcode: C9
ll: 02
Instruction:CMP Addressing Mode:Immediate - Operand (Value: "0x02", Address: "None")
Instruction cycle count set to 2
A |X |Y |SP |PC   |T/MT |NV-BDIZC |CYCLE
----------------------------------------
00|00|00|FE |0708 |1/2  |10100100 |5099
00|00|00|FE |0708 |2/2  |10100100 |5100


---------------
Opcode: D0
ll: F8
Old PC: 070A Offset:-8 New PC: 0702
Instruction:BNE Addressing Mode:Relative - Operand (Value: "None", Address: "0x0702")
Instruction cycle count set to 2
A |X |Y |SP |PC   |T/MT |NV-BDIZC |CYCLE
----------------------------------------
00|00|00|FE |0702 |1/3  |10100100 |5101
00|00|00|FE |0702 |2/3  |10100100 |5102
00|00|00|FE |0702 |3/3  |10100100 |5103


---------------
Opcode: 8D
ll: 00 hh: A0
Instruction:STA Addressing Mode:Absolute - Operand (Value: "0x00", Address: "0xA000")
Writing value 0x00 to address: 0xA000
0xA000: 0x00
Instruction cycle count set to 4
A |X |Y |SP |PC   |T/MT |NV-BDIZC |CYCLE
----------------------------------------
00|00|00|FE |0705 |1/4  |10100100 |5104
00|00|00|FE |0705 |2/4  |10100100 |5105
00|00|00|FE |0705 |3/4  |10100100 |5106
00|00|00|FE |0705 |4/4  |10100100 |5107


---------------
Opcode: 4A
Instruction:LSR Addressing Mode:Accumulator - Operand (Value: "0x00", Address: "None")
Instruction cycle count set to 2
A |X |Y |SP |PC   |T/MT |NV-BDIZC |CYCLE
----------------------------------------
00|00|00|FE |0706 |1/2  |00100110 |5108
00|00|00|FE |0706 |2/2  |00100110 |5109


---------------
Opcode: C9
ll: 02
Instruction:CMP Addressing Mode:Immediate - Operand (Value: "0x02", Address: "None")
Instruction cycle count set to 2
A |X |Y |SP |PC   |T/MT |NV-BDIZC |CYCLE
----------------------------------------
00|00|00|FE |0708 |1/2  |10100100 |5110
00|00|00|FE |0708 |2/2  |10100100 |5111


---------------
Opcode: D0
ll: F8
Old PC: 070A Offset:-8 New PC: 0702
Instruction:BNE Addressing Mode:Relative - Operand (Value: "None", Address: "0x0702")
Instruction cycle count set to 2
A |X |Y |SP |PC   |T/MT |NV-BDIZC |CYCLE
----------------------------------------
00|00|00|FE |0702 |1/3  |10100100 |5112
00|00|00|FE |0702 |2/3  |10100100 |5113
00|00|00|FE |0702 |3/3  |10100100 |5114


---------------
Opcode: 8D
ll: 00 hh: A0
Instruction:STA Addressing Mode:Absolute - Operand (Value: "0x00", Address: "0xA000")
Writing value 0x00 to address: 0xA000
0xA000: 0x00
Instruction cycle count set to 4
A |X |Y |SP |PC   |T/MT |NV-BDIZC |CYCLE
----------------------------------------
00|00|00|FE |0705 |1/4  |10100100 |5115
00|00|00|FE |0705 |2/4  |10100100 |5116
00|00|00|FE |0705 |3/4  |10100100 |5117
00|00|00|FE |0705 |4/4  |10100100 |5118


---------------
Opcode: 4A
Instruction:LSR Addressing Mode:Accumulator - Operand (Value: "0x00", Address: "None")
Instruction cycle count set to 2
A |X |Y |SP |PC   |T/MT |NV-BDIZC |CYCLE
----------------------------------------
00|00|00|FE |0706 |1/2  |00100110 |5119
00|00|00|FE |0706 |2/2  |00100110 |5120


---------------
Opcode: C9
ll: 02
Instruction:CMP Addressing Mode:Immediate - Operand (Value: "0x02", Address: "None")
Instruction cycle count set to 2
A |X |Y |SP |PC   |T/MT |NV-BDIZC |CYCLE
----------------------------------------
00|00|00|FE |0708 |1/2  |10100100 |5121
00|00|00|FE |0708 |2/2  |10100100 |5122


---------------
Opcode: D0
ll: F8
Old PC: 070A Offset:-8 New PC: 0702
Instruction:BNE Addressing Mode:Relative - Operand (Value: "None", Address: "0x0702")
Instruction cycle count set to 2
A |X |Y |SP |PC   |T/MT |NV-BDIZC |CYCLE
----------------------------------------
00|00|00|FE |0702 |1/3  |10100100 |5123
00|00|00|FE |0702 |2/3  |10100100 |5124
00|00|00|FE |0702 |3/3  |10100100 |5125


---------------
Opcode: 8D
ll: 00 hh: A0
Instruction:STA Addressing Mode:Absolute - Operand (Value: "0x00", Address: "0xA000")
Writing value 0x00 to address: 0xA000
0xA000: 0x00
Instruction cycle count set to 4
A |X |Y |SP |PC   |T/MT |NV-BDIZC |CYCLE
----------------------------------------
00|00|00|FE |0705 |1/4  |10100100 |5126
00|00|00|FE |0705 |2/4  |10100100 |5127
00|00|00|FE |0705 |3/4  |10100100 |5128
00|00|00|FE |0705 |4/4  |10100100 |5129


---------------
Opcode: 4A
Instruction:LSR Addressing Mode:Accumulator - Operand (Value: "0x00", Address: "None")
Instruction cycle count set to 2
A |X |Y |SP |PC   |T/MT |NV-BDIZC |CYCLE
----------------------------------------
00|00|00|FE |0706 |1/2  |00100110 |5130
00|00|00|FE |0706 |2/2  |00100110 |5131


---------------
Opcode: C9
ll: 02
Instruction:CMP Addressing Mode:Immediate - Operand (Value: "0x02", Address: "None")
Instruction cycle count set to 2
A |X |Y |SP |PC   |T/MT |NV-BDIZC |CYCLE
----------------------------------------
00|00|00|FE |0708 |1/2  |10100100 |5132
00|00|00|FE |0708 |2/2  |10100100 |5133


---------------
Opcode: D0
ll: F8
Old PC: 070A Offset:-8 New PC: 0702
Instruction:BNE Addressing Mode:Relative - Operand (Value: "None", Address: "0x0702")
Instruction cycle count set to 2
A |X |Y |SP |PC   |T/MT |NV-BDIZC |CYCLE
----------------------------------------
00|00|00|FE |0702 |1/3  |10100100 |5134
00|00|00|FE |0702 |2/3  |10100100 |5135
00|00|00|FE |0702 |3/3  |10100100 |5136


---------------
Opcode: 8D
ll: 00 hh: A0
Instruction:STA Addressing Mode:Absolute - Operand (Value: "0x00", Address: "0xA000")
Writing value 0x00 to address: 0xA000
0xA000: 0x00
Instruction cycle count set to 4
A |X |Y |SP |PC   |T/MT |NV-BDIZC |CYCLE
----------------------------------------
00|00|00|FE |0705 |1/4  |10100100 |5137
00|00|00|FE |0705 |2/4  |10100100 |5138
00|00|00|FE |0705 |3/4  |10100100 |5139
00|00|00|FE |0705 |4/4  |10100100 |5140


---------------
Opcode: 4A
Instruction:LSR Addressing Mode:Accumulator - Operand (Value: "0x00", Address: "None")
Instruction cycle count set to 2
A |X |Y |SP |PC   |T/MT |NV-BDIZC |CYCLE
----------------------------------------
00|00|00|FE |0706 |1/2  |00100110 |5141
00|00|00|FE |0706 |2/2  |00100110 |5142


---------------
Opcode: C9
ll: 02
Instruction:CMP Addressing Mode:Immediate - Operand (Value: "0x02", Address: "None")
Instruction cycle count set to 2
A |X |Y |SP |PC   |T/MT |NV-BDIZC |CYCLE
----------------------------------------
00|00|00|FE |0708 |1/2  |10100100 |5143
00|00|00|FE |0708 |2/2  |10100100 |5144


---------------
Opcode: D0
ll: F8
Old PC: 070A Offset:-8 New PC: 0702
Instruction:BNE Addressing Mode:Relative - Operand (Value: "None", Address: "0x0702")
Instruction cycle count set to 2
A |X |Y |SP |PC   |T/MT |NV-BDIZC |CYCLE
----------------------------------------
00|00|00|FE |0702 |1/3  |10100100 |5145
00|00|00|FE |0702 |2/3  |10100100 |5146
00|00|00|FE |0702 |3/3  |10100100 |5147


---------------
Opcode: 8D
ll: 00 hh: A0
Instruction:STA Addressing Mode:Absolute - Operand (Value: "0x00", Address: "0xA000")
Writing value 0x00 to address: 0xA000
0xA000: 0x00
Instruction cycle count set to 4
A |X |Y |SP |PC   |T/MT |NV-BDIZC |CYCLE
----------------------------------------
00|00|00|FE |0705 |1/4  |10100100 |5148
00|00|00|FE |0705 |2/4  |10100100 |5149
00|00|00|FE |0705 |3/4  |10100100 |5150
00|00|00|FE |0705 |4/4  |10100100 |5151


---------------
Opcode: 4A
Instruction:LSR Addressing Mode:Accumulator - Operand (Value: "0x00", Address: "None")
Instruction cycle count set to 2
A |X |Y |SP |PC   |T/MT |NV-BDIZC |CYCLE
----------------------------------------
00|00|00|FE |0706 |1/2  |00100110 |5152
00|00|00|FE |0706 |2/2  |00100110 |5153


---------------
Opcode: C9
ll: 02
Instruction:CMP Addressing Mode:Immediate - Operand (Value: "0x02", Address: "None")
Instruction cycle count set to 2
A |X |Y |SP |PC   |T/MT |NV-BDIZC |CYCLE
----------------------------------------
00|00|00|FE |0708 |1/2  |10100100 |5154
00|00|00|FE |0708 |2/2  |10100100 |5155


---------------
Opcode: D0
ll: F8
Old PC: 070A Offset:-8 New PC: 0702
Instruction:BNE Addressing Mode:Relative - Operand (Value: "None", Address: "0x0702")
Instruction cycle count set to 2
A |X |Y |SP |PC   |T/MT |NV-BDIZC |CYCLE
----------------------------------------
00|00|00|FE |0702 |1/3  |10100100 |5156
00|00|00|FE |0702 |2/3  |10100100 |5157
00|00|00|FE |0702 |3/3  |10100100 |5158


---------------
Opcode: 8D
ll: 00 hh: A0
Instruction:STA Addressing Mode:Absolute - Operand (Value: "0x00", Address: "0xA000")
Writing value 0x00 to address: 0xA000
0xA000: 0x00
Instruction cycle count set to 4
A |X |Y |SP |PC   |T/MT |NV-BDIZC |CYCLE
----------------------------------------
00|00|00|FE |0705 |1/4  |10100100 |5159
00|00|00|FE |0705 |2/4  |10100100 |5160
00|00|00|FE |0705 |3/4  |10100100 |5161
00|00|00|FE |0705 |4/4  |10100100 |5162


---------------
Opcode: 4A
Instruction:LSR Addressing Mode:Accumulator - Operand (Value: "0x00", Address: "None")
Instruction cycle count set to 2
A |X |Y |SP |PC   |T/MT |NV-BDIZC |CYCLE
----------------------------------------
00|00|00|FE |0706 |1/2  |00100110 |5163
00|00|00|FE |0706 |2/2  |00100110 |5164


---------------
Opcode: C9
ll: 02
Instruction:CMP Addressing Mode:Immediate - Operand (Value: "0x02", Address: "None")
Instruction cycle count set to 2
A |X |Y |SP |PC   |T/MT |NV-BDIZC |CYCLE
----------------------------------------
00|00|00|FE |0708 |1/2  |10100100 |5165
00|00|00|FE |0708 |2/2  |10100100 |5166


---------------
Opcode: D0
ll: F8
Old PC: 070A Offset:-8 New PC: 0702
Instruction:BNE Addressing Mode:Relative - Operand (Value: "None", Address: "0x0702")
Instruction cycle count set to 2
A |X |Y |SP |PC   |T/MT |NV-BDIZC |CYCLE
----------------------------------------
00|00|00|FE |0702 |1/3  |10100100 |5167
00|00|00|FE |0702 |2/3  |10100100 |5168
00|00|00|FE |0702 |3/3  |10100100 |5169


---------------
Opcode: 8D
ll: 00 hh: A0
Instruction:STA Addressing Mode:Absolute - Operand (Value: "0x00", Address: "0xA000")
Writing value 0x00 to address: 0xA000
0xA000: 0x00
Instruction cycle count set to 4
A |X |Y |SP |PC   |T/MT |NV-BDIZC |CYCLE
----------------------------------------
00|00|00|FE |0705 |1/4  |10100100 |5170
00|00|00|FE |0705 |2/4  |10100100 |5171
00|00|00|FE |0705 |3/4  |10100100 |5172
00|00|00|FE |0705 |4/4  |10100100 |5173


---------------
Opcode: 4A
Instruction:LSR Addressing Mode:Accumulator - Operand (Value: "0x00", Address: "None")
Instruction cycle count set to 2
A |X |Y |SP |PC   |T/MT |NV-BDIZC |CYCLE
----------------------------------------
00|00|00|FE |0706 |1/2  |00100110 |5174
00|00|00|FE |0706 |2/2  |00100110 |5175


---------------
Opcode: C9
ll: 02
Instruction:CMP Addressing Mode:Immediate - Operand (Value: "0x02", Address: "None")
Instruction cycle count set to 2
A |X |Y |SP |PC   |T/MT |NV-BDIZC |CYCLE
----------------------------------------
00|00|00|FE |0708 |1/2  |10100100 |5176
00|00|00|FE |0708 |2/2  |10100100 |5177


---------------
Opcode: D0
ll: F8
Old PC: 070A Offset:-8 New PC: 0702
Instruction:BNE Addressing Mode:Relative - Operand (Value: "None", Address: "0x0702")
Instruction cycle count set to 2
A |X |Y |SP |PC   |T/MT |NV-BDIZC |CYCLE
----------------------------------------
00|00|00|FE |0702 |1/3  |10100100 |5178
00|00|00|FE |0702 |2/3  |10100100 |5179
00|00|00|FE |0702 |3/3  |10100100 |5180


---------------
Opcode: 8D
ll: 00 hh: A0
Instruction:STA Addressing Mode:Absolute - Operand (Value: "0x00", Address: "0xA000")
Writing value 0x00 to address: 0xA000
0xA000: 0x00
Instruction cycle count set to 4
A |X |Y |SP |PC   |T/MT |NV-BDIZC |CYCLE
----------------------------------------
00|00|00|FE |0705 |1/4  |10100100 |5181
00|00|00|FE |0705 |2/4  |10100100 |5182
00|00|00|FE |0705 |3/4  |10100100 |5183
00|00|00|FE |0705 |4/4  |10100100 |5184


---------------
Opcode: 4A
Instruction:LSR Addressing Mode:Accumulator - Operand (Value: "0x00", Address: "None")
Instruction cycle count set to 2
A |X |Y |SP |PC   |T/MT |NV-BDIZC |CYCLE
----------------------------------------
00|00|00|FE |0706 |1/2  |00100110 |5185
00|00|00|FE |0706 |2/2  |00100110 |5186


---------------
Opcode: C9
ll: 02
Instruction:CMP Addressing Mode:Immediate - Operand (Value: "0x02", Address: "None")
Instruction cycle count set to 2
A |X |Y |SP |PC   |T/MT |NV-BDIZC |CYCLE
----------------------------------------
00|00|00|FE |0708 |1/2  |10100100 |5187
00|00|00|FE |0708 |2/2  |10100100 |5188


---------------
Opcode: D0
ll: F8
Old PC: 070A Offset:-8 New PC: 0702
Instruction:BNE Addressing Mode:Relative - Operand (Value: "None", Address: "0x0702")
Instruction cycle count set to 2
A |X |Y |SP |PC   |T/MT |NV-BDIZC |CYCLE
----------------------------------------
00|00|00|FE |0702 |1/3  |10100100 |5189
00|00|00|FE |0702 |2/3  |10100100 |5190
00|00|00|FE |0702 |3/3  |10100100 |5191


---------------
Opcode: 8D
ll: 00 hh: A0
Instruction:STA Addressing Mode:Absolute - Operand (Value: "0x00", Address: "0xA000")
Writing value 0x00 to address: 0xA000
0xA000: 0x00
Instruction cycle count set to 4
A |X |Y |SP |PC   |T/MT |NV-BDIZC |CYCLE
----------------------------------------
00|00|00|FE |0705 |1/4  |10100100 |5192
00|00|00|FE |0705 |2/4  |10100100 |5193
00|00|00|FE |0705 |3/4  |10100100 |5194
00|00|00|FE |0705 |4/4  |10100100 |5195


---------------
Opcode: 4A
Instruction:LSR Addressing Mode:Accumulator - Operand (Value: "0x00", Address: "None")
Instruction cycle count set to 2
A |X |Y |SP |PC   |T/MT |NV-BDIZC |CYCLE
----------------------------------------
00|00|00|FE |0706 |1/2  |00100110 |5196
00|00|00|FE |0706 |2/2  |00100110 |5197


---------------
Opcode: C9
ll: 02
Instruction:CMP Addressing Mode:Immediate - Operand (Value: "0x02", Address: "None")
Instruction cycle count set to 2
A |X |Y |SP |PC   |T/MT |NV-BDIZC |CYCLE
----------------------------------------
00|00|00|FE |0708 |1/2  |10100100 |5198
00|00|00|FE |0708 |2/2  |10100100 |5199


---------------
Opcode: D0
ll: F8
Old PC: 070A Offset:-8 New PC: 0702
Instruction:BNE Addressing Mode:Relative - Operand (Value: "None", Address: "0x0702")
Instruction cycle count set to 2
A |X |Y |SP |PC   |T/MT |NV-BDIZC |CYCLE
----------------------------------------
00|00|00|FE |0702 |1/3  |10100100 |5200
00|00|00|FE |0702 |2/3  |10100100 |5201
00|00|00|FE |0702 |3/3  |10100100 |5202


---------------
Opcode: 8D
ll: 00 hh: A0
Instruction:STA Addressing Mode:Absolute - Operand (Value: "0x00", Address: "0xA000")
Writing value 0x00 to address: 0xA000
0xA000: 0x00
Instruction cycle count set to 4
A |X |Y |SP |PC   |T/MT |NV-BDIZC |CYCLE
----------------------------------------
00|00|00|FE |0705 |1/4  |10100100 |5203
00|00|00|FE |0705 |2/4  |10100100 |5204
00|00|00|FE |0705 |3/4  |10100100 |5205
00|00|00|FE |0705 |4/4  |10100100 |5206


---------------
Opcode: 4A
Instruction:LSR Addressing Mode:Accumulator - Operand (Value: "0x00", Address: "None")
Instruction cycle count set to 2
A |X |Y |SP |PC   |T/MT |NV-BDIZC |CYCLE
----------------------------------------
00|00|00|FE |0706 |1/2  |00100110 |5207
00|00|00|FE |0706 |2/2  |00100110 |5208


---------------
Opcode: C9
ll: 02
Instruction:CMP Addressing Mode:Immediate - Operand (Value: "0x02", Address: "None")
Instruction cycle count set to 2
A |X |Y |SP |PC   |T/MT |NV-BDIZC |CYCLE
----------------------------------------
00|00|00|FE |0708 |1/2  |10100100 |5209
00|00|00|FE |0708 |2/2  |10100100 |5210


---------------
Opcode: D0
ll: F8
Old PC: 070A Offset:-8 New PC: 0702
Instruction:BNE Addressing Mode:Relative - Operand (Value: "None", Address: "0x0702")
Instruction cycle count set to 2
A |X |Y |SP |PC   |T/MT |NV-BDIZC |CYCLE
----------------------------------------
00|00|00|FE |0702 |1/3  |10100100 |5211
00|00|00|FE |0702 |2/3  |10100100 |5212
00|00|00|FE |0702 |3/3  |10100100 |5213


---------------
Opcode: 8D
ll: 00 hh: A0
Instruction:STA Addressing Mode:Absolute - Operand (Value: "0x00", Address: "0xA000")
Writing value 0x00 to address: 0xA000
0xA000: 0x00
Instruction cycle count set to 4
A |X |Y |SP |PC   |T/MT |NV-BDIZC |CYCLE
----------------------------------------
00|00|00|FE |0705 |1/4  |10100100 |5214
00|00|00|FE |0705 |2/4  |10100100 |5215
00|00|00|FE |0705 |3/4  |10100100 |5216
00|00|00|FE |0705 |4/4  |10100100 |5217


---------------
Opcode: 4A
Instruction:LSR Addressing Mode:Accumulator - Operand (Value: "0x00", Address: "None")
Instruction cycle count set to 2
A |X |Y |SP |PC   |T/MT |NV-BDIZC |CYCLE
----------------------------------------
00|00|00|FE |0706 |1/2  |00100110 |5218
00|00|00|FE |0706 |2/2  |00100110 |5219


---------------
Opcode: C9
ll: 02
Instruction:CMP Addressing Mode:Immediate - Operand (Value: "0x02", Address: "None")
Instruction cycle count set to 2
A |X |Y |SP |PC   |T/MT |NV-BDIZC |CYCLE
----------------------------------------
00|00|00|FE |0708 |1/2  |10100100 |5220
00|00|00|FE |0708 |2/2  |10100100 |5221


---------------
Opcode: D0
ll: F8
Old PC: 070A Offset:-8 New PC: 0702
Instruction:BNE Addressing Mode:Relative - Operand (Value: "None", Address: "0x0702")
Instruction cycle count set to 2
A |X |Y |SP |PC   |T/MT |NV-BDIZC |CYCLE
----------------------------------------
00|00|00|FE |0702 |1/3  |10100100 |5222
00|00|00|FE |0702 |2/3  |10100100 |5223
00|00|00|FE |0702 |3/3  |10100100 |5224


---------------
Opcode: 8D
ll: 00 hh: A0
Instruction:STA Addressing Mode:Absolute - Operand (Value: "0x00", Address: "0xA000")
Writing value 0x00 to address: 0xA000
0xA000: 0x00
Instruction cycle count set to 4
A |X |Y |SP |PC   |T/MT |NV-BDIZC |CYCLE
----------------------------------------
00|00|00|FE |0705 |1/4  |10100100 |5225
00|00|00|FE |0705 |2/4  |10100100 |5226
00|00|00|FE |0705 |3/4  |10100100 |5227
00|00|00|FE |0705 |4/4  |10100100 |5228


---------------
Opcode: 4A
Instruction:LSR Addressing Mode:Accumulator - Operand (Value: "0x00", Address: "None")
Instruction cycle count set to 2
A |X |Y |SP |PC   |T/MT |NV-BDIZC |CYCLE
----------------------------------------
00|00|00|FE |0706 |1/2  |00100110 |5229
00|00|00|FE |0706 |2/2  |00100110 |5230


---------------
Opcode: C9
ll: 02
Instruction:CMP Addressing Mode:Immediate - Operand (Value: "0x02", Address: "None")
Instruction cycle count set to 2
A |X |Y |SP |PC   |T/MT |NV-BDIZC |CYCLE
----------------------------------------
00|00|00|FE |0708 |1/2  |10100100 |5231
00|00|00|FE |0708 |2/2  |10100100 |5232


---------------
Opcode: D0
ll: F8
Old PC: 070A Offset:-8 New PC: 0702
Instruction:BNE Addressing Mode:Relative - Operand (Value: "None", Address: "0x0702")
Instruction cycle count set to 2
A |X |Y |SP |PC   |T/MT |NV-BDIZC |CYCLE
----------------------------------------
00|00|00|FE |0702 |1/3  |10100100 |5233
00|00|00|FE |0702 |2/3  |10100100 |5234
00|00|00|FE |0702 |3/3  |10100100 |5235


---------------
Opcode: 8D
ll: 00 hh: A0
Instruction:STA Addressing Mode:Absolute - Operand (Value: "0x00", Address: "0xA000")
Writing value 0x00 to address: 0xA000
0xA000: 0x00
Instruction cycle count set to 4
A |X |Y |SP |PC   |T/MT |NV-BDIZC |CYCLE
----------------------------------------
00|00|00|FE |0705 |1/4  |10100100 |5236
00|00|00|FE |0705 |2/4  |10100100 |5237
00|00|00|FE |0705 |3/4  |10100100 |5238
00|00|00|FE |0705 |4/4  |10100100 |5239


---------------
Opcode: 4A
Instruction:LSR Addressing Mode:Accumulator - Operand (Value: "0x00", Address: "None")
Instruction cycle count set to 2
A |X |Y |SP |PC   |T/MT |NV-BDIZC |CYCLE
----------------------------------------
00|00|00|FE |0706 |1/2  |00100110 |5240
00|00|00|FE |0706 |2/2  |00100110 |5241


---------------
Opcode: C9
ll: 02
Instruction:CMP Addressing Mode:Immediate - Operand (Value: "0x02", Address: "None")
Instruction cycle count set to 2
A |X |Y |SP |PC   |T/MT |NV-BDIZC |CYCLE
----------------------------------------
00|00|00|FE |0708 |1/2  |10100100 |5242
00|00|00|FE |0708 |2/2  |10100100 |5243


---------------
Opcode: D0
ll: F8
Old PC: 070A Offset:-8 New PC: 0702
Instruction:BNE Addressing Mode:Relative - Operand (Value: "None", Address: "0x0702")
Instruction cycle count set to 2
A |X |Y |SP |PC   |T/MT |NV-BDIZC |CYCLE
----------------------------------------
00|00|00|FE |0702 |1/3  |10100100 |5244
00|00|00|FE |0702 |2/3  |10100100 |5245
00|00|00|FE |0702 |3/3  |10100100 |5246


---------------
Opcode: 8D
ll: 00 hh: A0
Instruction:STA Addressing Mode:Absolute - Operand (Value: "0x00", Address: "0xA000")
Writing value 0x00 to address: 0xA000
0xA000: 0x00
Instruction cycle count set to 4
A |X |Y |SP |PC   |T/MT |NV-BDIZC |CYCLE
----------------------------------------
00|00|00|FE |0705 |1/4  |10100100 |5247
00|00|00|FE |0705 |2/4  |10100100 |5248
00|00|00|FE |0705 |3/4  |10100100 |5249
00|00|00|FE |0705 |4/4  |10100100 |5250


---------------
Opcode: 4A
Instruction:LSR Addressing Mode:Accumulator - Operand (Value: "0x00", Address: "None")
Instruction cycle count set to 2
A |X |Y |SP |PC   |T/MT |NV-BDIZC |CYCLE
----------------------------------------
00|00|00|FE |0706 |1/2  |00100110 |5251
00|00|00|FE |0706 |2/2  |00100110 |5252


---------------
Opcode: C9
ll: 02
Instruction:CMP Addressing Mode:Immediate - Operand (Value: "0x02", Address: "None")
Instruction cycle count set to 2
A |X |Y |SP |PC   |T/MT |NV-BDIZC |CYCLE
----------------------------------------
00|00|00|FE |0708 |1/2  |10100100 |5253
00|00|00|FE |0708 |2/2  |10100100 |5254


---------------
Opcode: D0
ll: F8
Old PC: 070A Offset:-8 New PC: 0702
Instruction:BNE Addressing Mode:Relative - Operand (Value: "None", Address: "0x0702")
Instruction cycle count set to 2
A |X |Y |SP |PC   |T/MT |NV-BDIZC |CYCLE
----------------------------------------
00|00|00|FE |0702 |1/3  |10100100 |5255
00|00|00|FE |0702 |2/3  |10100100 |5256
00|00|00|FE |0702 |3/3  |10100100 |5257


---------------
Opcode: 8D
ll: 00 hh: A0
Instruction:STA Addressing Mode:Absolute - Operand (Value: "0x00", Address: "0xA000")
Writing value 0x00 to address: 0xA000
0xA000: 0x00
Instruction cycle count set to 4
A |X |Y |SP |PC   |T/MT |NV-BDIZC |CYCLE
----------------------------------------
00|00|00|FE |0705 |1/4  |10100100 |5258
00|00|00|FE |0705 |2/4  |10100100 |5259
00|00|00|FE |0705 |3/4  |10100100 |5260
00|00|00|FE |0705 |4/4  |10100100 |5261


---------------
Opcode: 4A
Instruction:LSR Addressing Mode:Accumulator - Operand (Value: "0x00", Address: "None")
Instruction cycle count set to 2
A |X |Y |SP |PC   |T/MT |NV-BDIZC |CYCLE
----------------------------------------
00|00|00|FE |0706 |1/2  |00100110 |5262
00|00|00|FE |0706 |2/2  |00100110 |5263


---------------
Opcode: C9
ll: 02
Instruction:CMP Addressing Mode:Immediate - Operand (Value: "0x02", Address: "None")
Instruction cycle count set to 2
A |X |Y |SP |PC   |T/MT |NV-BDIZC |CYCLE
----------------------------------------
00|00|00|FE |0708 |1/2  |10100100 |5264
00|00|00|FE |0708 |2/2  |10100100 |5265


---------------
Opcode: D0
ll: F8
Old PC: 070A Offset:-8 New PC: 0702
Instruction:BNE Addressing Mode:Relative - Operand (Value: "None", Address: "0x0702")
Instruction cycle count set to 2
A |X |Y |SP |PC   |T/MT |NV-BDIZC |CYCLE
----------------------------------------
00|00|00|FE |0702 |1/3  |10100100 |5266
00|00|00|FE |0702 |2/3  |10100100 |5267
00|00|00|FE |0702 |3/3  |10100100 |5268


---------------
Opcode: 8D
ll: 00 hh: A0
Instruction:STA Addressing Mode:Absolute - Operand (Value: "0x00", Address: "0xA000")
Writing value 0x00 to address: 0xA000
0xA000: 0x00
Instruction cycle count set to 4
A |X |Y |SP |PC   |T/MT |NV-BDIZC |CYCLE
----------------------------------------
00|00|00|FE |0705 |1/4  |10100100 |5269
00|00|00|FE |0705 |2/4  |10100100 |5270
00|00|00|FE |0705 |3/4  |10100100 |5271
00|00|00|FE |0705 |4/4  |10100100 |5272


---------------
Opcode: 4A
Instruction:LSR Addressing Mode:Accumulator - Operand (Value: "0x00", Address: "None")
Instruction cycle count set to 2
A |X |Y |SP |PC   |T/MT |NV-BDIZC |CYCLE
----------------------------------------
00|00|00|FE |0706 |1/2  |00100110 |5273
00|00|00|FE |0706 |2/2  |00100110 |5274


---------------
Opcode: C9
ll: 02
Instruction:CMP Addressing Mode:Immediate - Operand (Value: "0x02", Address: "None")
Instruction cycle count set to 2
A |X |Y |SP |PC   |T/MT |NV-BDIZC |CYCLE
----------------------------------------
00|00|00|FE |0708 |1/2  |10100100 |5275
00|00|00|FE |0708 |2/2  |10100100 |5276


---------------
Opcode: D0
ll: F8
Old PC: 070A Offset:-8 New PC: 0702
Instruction:BNE Addressing Mode:Relative - Operand (Value: "None", Address: "0x0702")
Instruction cycle count set to 2
A |X |Y |SP |PC   |T/MT |NV-BDIZC |CYCLE
----------------------------------------
00|00|00|FE |0702 |1/3  |10100100 |5277
00|00|00|FE |0702 |2/3  |10100100 |5278
00|00|00|FE |0702 |3/3  |10100100 |5279


---------------
Opcode: 8D
ll: 00 hh: A0
Instruction:STA Addressing Mode:Absolute - Operand (Value: "0x00", Address: "0xA000")
Writing value 0x00 to address: 0xA000
0xA000: 0x00
Instruction cycle count set to 4
A |X |Y |SP |PC   |T/MT |NV-BDIZC |CYCLE
----------------------------------------
00|00|00|FE |0705 |1/4  |10100100 |5280
00|00|00|FE |0705 |2/4  |10100100 |5281
00|00|00|FE |0705 |3/4  |10100100 |5282
00|00|00|FE |0705 |4/4  |10100100 |5283


---------------
Opcode: 4A
Instruction:LSR Addressing Mode:Accumulator - Operand (Value: "0x00", Address: "None")
Instruction cycle count set to 2
A |X |Y |SP |PC   |T/MT |NV-BDIZC |CYCLE
----------------------------------------
00|00|00|FE |0706 |1/2  |00100110 |5284
00|00|00|FE |0706 |2/2  |00100110 |5285


---------------
Opcode: C9
ll: 02
Instruction:CMP Addressing Mode:Immediate - Operand (Value: "0x02", Address: "None")
Instruction cycle count set to 2
A |X |Y |SP |PC   |T/MT |NV-BDIZC |CYCLE
----------------------------------------
00|00|00|FE |0708 |1/2  |10100100 |5286
00|00|00|FE |0708 |2/2  |10100100 |5287


---------------
Opcode: D0
ll: F8
Old PC: 070A Offset:-8 New PC: 0702
Instruction:BNE Addressing Mode:Relative - Operand (Value: "None", Address: "0x0702")
Instruction cycle count set to 2
A |X |Y |SP |PC   |T/MT |NV-BDIZC |CYCLE
----------------------------------------
00|00|00|FE |0702 |1/3  |10100100 |5288
00|00|00|FE |0702 |2/3  |10100100 |5289
00|00|00|FE |0702 |3/3  |10100100 |5290


---------------
Opcode: 8D
ll: 00 hh: A0
Instruction:STA Addressing Mode:Absolute - Operand (Value: "0x00", Address: "0xA000")
Writing value 0x00 to address: 0xA000
0xA000: 0x00
Instruction cycle count set to 4
A |X |Y |SP |PC   |T/MT |NV-BDIZC |CYCLE
----------------------------------------
00|00|00|FE |0705 |1/4  |10100100 |5291
00|00|00|FE |0705 |2/4  |10100100 |5292
00|00|00|FE |0705 |3/4  |10100100 |5293
00|00|00|FE |0705 |4/4  |10100100 |5294


---------------
Opcode: 4A
Instruction:LSR Addressing Mode:Accumulator - Operand (Value: "0x00", Address: "None")
Instruction cycle count set to 2
A |X |Y |SP |PC   |T/MT |NV-BDIZC |CYCLE
----------------------------------------
00|00|00|FE |0706 |1/2  |00100110 |5295
00|00|00|FE |0706 |2/2  |00100110 |5296


---------------
Opcode: C9
ll: 02
Instruction:CMP Addressing Mode:Immediate - Operand (Value: "0x02", Address: "None")
Instruction cycle count set to 2
A |X |Y |SP |PC   |T/MT |NV-BDIZC |CYCLE
----------------------------------------
00|00|00|FE |0708 |1/2  |10100100 |5297
00|00|00|FE |0708 |2/2  |10100100 |5298


---------------
Opcode: D0
ll: F8
Old PC: 070A Offset:-8 New PC: 0702
Instruction:BNE Addressing Mode:Relative - Operand (Value: "None", Address: "0x0702")
Instruction cycle count set to 2
A |X |Y |SP |PC   |T/MT |NV-BDIZC |CYCLE
----------------------------------------
00|00|00|FE |0702 |1/3  |10100100 |5299
00|00|00|FE |0702 |2/3  |10100100 |5300
00|00|00|FE |0702 |3/3  |10100100 |5301


---------------
Opcode: 8D
ll: 00 hh: A0
Instruction:STA Addressing Mode:Absolute - Operand (Value: "0x00", Address: "0xA000")
Writing value 0x00 to address: 0xA000
0xA000: 0x00
Instruction cycle count set to 4
A |X |Y |SP |PC   |T/MT |NV-BDIZC |CYCLE
----------------------------------------
00|00|00|FE |0705 |1/4  |10100100 |5302
00|00|00|FE |0705 |2/4  |10100100 |5303
00|00|00|FE |0705 |3/4  |10100100 |5304
00|00|00|FE |0705 |4/4  |10100100 |5305


---------------
Opcode: 4A
Instruction:LSR Addressing Mode:Accumulator - Operand (Value: "0x00", Address: "None")
Instruction cycle count set to 2
A |X |Y |SP |PC   |T/MT |NV-BDIZC |CYCLE
----------------------------------------
00|00|00|FE |0706 |1/2  |00100110 |5306
00|00|00|FE |0706 |2/2  |00100110 |5307


---------------
Opcode: C9
ll: 02
Instruction:CMP Addressing Mode:Immediate - Operand (Value: "0x02", Address: "None")
Instruction cycle count set to 2
A |X |Y |SP |PC   |T/MT |NV-BDIZC |CYCLE
----------------------------------------
00|00|00|FE |0708 |1/2  |10100100 |5308
00|00|00|FE |0708 |2/2  |10100100 |5309


---------------
Opcode: D0
ll: F8
Old PC: 070A Offset:-8 New PC: 0702
Instruction:BNE Addressing Mode:Relative - Operand (Value: "None", Address: "0x0702")
Instruction cycle count set to 2
A |X |Y |SP |PC   |T/MT |NV-BDIZC |CYCLE
----------------------------------------
00|00|00|FE |0702 |1/3  |10100100 |5310
00|00|00|FE |0702 |2/3  |10100100 |5311
00|00|00|FE |0702 |3/3  |10100100 |5312


---------------
Opcode: 8D
ll: 00 hh: A0
Instruction:STA Addressing Mode:Absolute - Operand (Value: "0x00", Address: "0xA000")
Writing value 0x00 to address: 0xA000
0xA000: 0x00
Instruction cycle count set to 4
A |X |Y |SP |PC   |T/MT |NV-BDIZC |CYCLE
----------------------------------------
00|00|00|FE |0705 |1/4  |10100100 |5313
00|00|00|FE |0705 |2/4  |10100100 |5314
00|00|00|FE |0705 |3/4  |10100100 |5315
00|00|00|FE |0705 |4/4  |10100100 |5316


---------------
Opcode: 4A
Instruction:LSR Addressing Mode:Accumulator - Operand (Value: "0x00", Address: "None")
Instruction cycle count set to 2
A |X |Y |SP |PC   |T/MT |NV-BDIZC |CYCLE
----------------------------------------
00|00|00|FE |0706 |1/2  |00100110 |5317
00|00|00|FE |0706 |2/2  |00100110 |5318


---------------
Opcode: C9
ll: 02
Instruction:CMP Addressing Mode:Immediate - Operand (Value: "0x02", Address: "None")
Instruction cycle count set to 2
A |X |Y |SP |PC   |T/MT |NV-BDIZC |CYCLE
----------------------------------------
00|00|00|FE |0708 |1/2  |10100100 |5319
00|00|00|FE |0708 |2/2  |10100100 |5320


---------------
Opcode: D0
ll: F8
Old PC: 070A Offset:-8 New PC: 0702
Instruction:BNE Addressing Mode:Relative - Operand (Value: "None", Address: "0x0702")
Instruction cycle count set to 2
A |X |Y |SP |PC   |T/MT |NV-BDIZC |CYCLE
----------------------------------------
00|00|00|FE |0702 |1/3  |10100100 |5321
00|00|00|FE |0702 |2/3  |10100100 |5322
00|00|00|FE |0702 |3/3  |10100100 |5323


---------------
Opcode: 8D
ll: 00 hh: A0
Instruction:STA Addressing Mode:Absolute - Operand (Value: "0x00", Address: "0xA000")
Writing value 0x00 to address: 0xA000
0xA000: 0x00
Instruction cycle count set to 4
A |X |Y |SP |PC   |T/MT |NV-BDIZC |CYCLE
----------------------------------------
00|00|00|FE |0705 |1/4  |10100100 |5324
00|00|00|FE |0705 |2/4  |10100100 |5325
00|00|00|FE |0705 |3/4  |10100100 |5326
00|00|00|FE |0705 |4/4  |10100100 |5327


---------------
Opcode: 4A
Instruction:LSR Addressing Mode:Accumulator - Operand (Value: "0x00", Address: "None")
Instruction cycle count set to 2
A |X |Y |SP |PC   |T/MT |NV-BDIZC |CYCLE
----------------------------------------
00|00|00|FE |0706 |1/2  |00100110 |5328
00|00|00|FE |0706 |2/2  |00100110 |5329


---------------
Opcode: C9
ll: 02
Instruction:CMP Addressing Mode:Immediate - Operand (Value: "0x02", Address: "None")
Instruction cycle count set to 2
A |X |Y |SP |PC   |T/MT |NV-BDIZC |CYCLE
----------------------------------------
00|00|00|FE |0708 |1/2  |10100100 |5330
00|00|00|FE |0708 |2/2  |10100100 |5331


---------------
Opcode: D0
ll: F8
Old PC: 070A Offset:-8 New PC: 0702
Instruction:BNE Addressing Mode:Relative - Operand (Value: "None", Address: "0x0702")
Instruction cycle count set to 2
A |X |Y |SP |PC   |T/MT |NV-BDIZC |CYCLE
----------------------------------------
00|00|00|FE |0702 |1/3  |10100100 |5332
00|00|00|FE |0702 |2/3  |10100100 |5333
00|00|00|FE |0702 |3/3  |10100100 |5334


---------------
Opcode: 8D
ll: 00 hh: A0
Instruction:STA Addressing Mode:Absolute - Operand (Value: "0x00", Address: "0xA000")
Writing value 0x00 to address: 0xA000
0xA000: 0x00
Instruction cycle count set to 4
A |X |Y |SP |PC   |T/MT |NV-BDIZC |CYCLE
----------------------------------------
00|00|00|FE |0705 |1/4  |10100100 |5335
00|00|00|FE |0705 |2/4  |10100100 |5336
00|00|00|FE |0705 |3/4  |10100100 |5337
00|00|00|FE |0705 |4/4  |10100100 |5338


---------------
Opcode: 4A
Instruction:LSR Addressing Mode:Accumulator - Operand (Value: "0x00", Address: "None")
Instruction cycle count set to 2
A |X |Y |SP |PC   |T/MT |NV-BDIZC |CYCLE
----------------------------------------
00|00|00|FE |0706 |1/2  |00100110 |5339
00|00|00|FE |0706 |2/2  |00100110 |5340


---------------
Opcode: C9
ll: 02
Instruction:CMP Addressing Mode:Immediate - Operand (Value: "0x02", Address: "None")
Instruction cycle count set to 2
A |X |Y |SP |PC   |T/MT |NV-BDIZC |CYCLE
----------------------------------------
00|00|00|FE |0708 |1/2  |10100100 |5341
00|00|00|FE |0708 |2/2  |10100100 |5342


---------------
Opcode: D0
ll: F8
Old PC: 070A Offset:-8 New PC: 0702
Instruction:BNE Addressing Mode:Relative - Operand (Value: "None", Address: "0x0702")
Instruction cycle count set to 2
A |X |Y |SP |PC   |T/MT |NV-BDIZC |CYCLE
----------------------------------------
00|00|00|FE |0702 |1/3  |10100100 |5343
00|00|00|FE |0702 |2/3  |10100100 |5344
00|00|00|FE |0702 |3/3  |10100100 |5345


---------------
Opcode: 8D
ll: 00 hh: A0
Instruction:STA Addressing Mode:Absolute - Operand (Value: "0x00", Address: "0xA000")
Writing value 0x00 to address: 0xA000
0xA000: 0x00
Instruction cycle count set to 4
A |X |Y |SP |PC   |T/MT |NV-BDIZC |CYCLE
----------------------------------------
00|00|00|FE |0705 |1/4  |10100100 |5346
00|00|00|FE |0705 |2/4  |10100100 |5347
00|00|00|FE |0705 |3/4  |10100100 |5348
00|00|00|FE |0705 |4/4  |10100100 |5349


---------------
Opcode: 4A
Instruction:LSR Addressing Mode:Accumulator - Operand (Value: "0x00", Address: "None")
Instruction cycle count set to 2
A |X |Y |SP |PC   |T/MT |NV-BDIZC |CYCLE
----------------------------------------
00|00|00|FE |0706 |1/2  |00100110 |5350
00|00|00|FE |0706 |2/2  |00100110 |5351


---------------
Opcode: C9
ll: 02
Instruction:CMP Addressing Mode:Immediate - Operand (Value: "0x02", Address: "None")
Instruction cycle count set to 2
A |X |Y |SP |PC   |T/MT |NV-BDIZC |CYCLE
----------------------------------------
00|00|00|FE |0708 |1/2  |10100100 |5352
00|00|00|FE |0708 |2/2  |10100100 |5353


---------------
Opcode: D0
ll: F8
Old PC: 070A Offset:-8 New PC: 0702
Instruction:BNE Addressing Mode:Relative - Operand (Value: "None", Address: "0x0702")
Instruction cycle count set to 2
A |X |Y |SP |PC   |T/MT |NV-BDIZC |CYCLE
----------------------------------------
00|00|00|FE |0702 |1/3  |10100100 |5354
00|00|00|FE |0702 |2/3  |10100100 |5355
00|00|00|FE |0702 |3/3  |10100100 |5356


---------------
Opcode: 8D
ll: 00 hh: A0
Instruction:STA Addressing Mode:Absolute - Operand (Value: "0x00", Address: "0xA000")
Writing value 0x00 to address: 0xA000
0xA000: 0x00
Instruction cycle count set to 4
A |X |Y |SP |PC   |T/MT |NV-BDIZC |CYCLE
----------------------------------------
00|00|00|FE |0705 |1/4  |10100100 |5357
00|00|00|FE |0705 |2/4  |10100100 |5358
00|00|00|FE |0705 |3/4  |10100100 |5359
00|00|00|FE |0705 |4/4  |10100100 |5360


---------------
Opcode: 4A
Instruction:LSR Addressing Mode:Accumulator - Operand (Value: "0x00", Address: "None")
Instruction cycle count set to 2
A |X |Y |SP |PC   |T/MT |NV-BDIZC |CYCLE
----------------------------------------
00|00|00|FE |0706 |1/2  |00100110 |5361
00|00|00|FE |0706 |2/2  |00100110 |5362


---------------
Opcode: C9
ll: 02
Instruction:CMP Addressing Mode:Immediate - Operand (Value: "0x02", Address: "None")
Instruction cycle count set to 2
A |X |Y |SP |PC   |T/MT |NV-BDIZC |CYCLE
----------------------------------------
00|00|00|FE |0708 |1/2  |10100100 |5363
00|00|00|FE |0708 |2/2  |10100100 |5364


---------------
Opcode: D0
ll: F8
Old PC: 070A Offset:-8 New PC: 0702
Instruction:BNE Addressing Mode:Relative - Operand (Value: "None", Address: "0x0702")
Instruction cycle count set to 2
A |X |Y |SP |PC   |T/MT |NV-BDIZC |CYCLE
----------------------------------------
00|00|00|FE |0702 |1/3  |10100100 |5365
00|00|00|FE |0702 |2/3  |10100100 |5366
00|00|00|FE |0702 |3/3  |10100100 |5367


---------------
Opcode: 8D
ll: 00 hh: A0
Instruction:STA Addressing Mode:Absolute - Operand (Value: "0x00", Address: "0xA000")
Writing value 0x00 to address: 0xA000
0xA000: 0x00
Instruction cycle count set to 4
A |X |Y |SP |PC   |T/MT |NV-BDIZC |CYCLE
----------------------------------------
00|00|00|FE |0705 |1/4  |10100100 |5368
00|00|00|FE |0705 |2/4  |10100100 |5369
00|00|00|FE |0705 |3/4  |10100100 |5370
00|00|00|FE |0705 |4/4  |10100100 |5371


---------------
Opcode: 4A
Instruction:LSR Addressing Mode:Accumulator - Operand (Value: "0x00", Address: "None")
Instruction cycle count set to 2
A |X |Y |SP |PC   |T/MT |NV-BDIZC |CYCLE
----------------------------------------
00|00|00|FE |0706 |1/2  |00100110 |5372
00|00|00|FE |0706 |2/2  |00100110 |5373


---------------
Opcode: C9
ll: 02
Instruction:CMP Addressing Mode:Immediate - Operand (Value: "0x02", Address: "None")
Instruction cycle count set to 2
A |X |Y |SP |PC   |T/MT |NV-BDIZC |CYCLE
----------------------------------------
00|00|00|FE |0708 |1/2  |10100100 |5374
00|00|00|FE |0708 |2/2  |10100100 |5375


---------------
Opcode: D0
ll: F8
Old PC: 070A Offset:-8 New PC: 0702
Instruction:BNE Addressing Mode:Relative - Operand (Value: "None", Address: "0x0702")
Instruction cycle count set to 2
A |X |Y |SP |PC   |T/MT |NV-BDIZC |CYCLE
----------------------------------------
00|00|00|FE |0702 |1/3  |10100100 |5376
00|00|00|FE |0702 |2/3  |10100100 |5377
00|00|00|FE |0702 |3/3  |10100100 |5378


---------------
Opcode: 8D
ll: 00 hh: A0
Instruction:STA Addressing Mode:Absolute - Operand (Value: "0x00", Address: "0xA000")
Writing value 0x00 to address: 0xA000
0xA000: 0x00
Instruction cycle count set to 4
A |X |Y |SP |PC   |T/MT |NV-BDIZC |CYCLE
----------------------------------------
00|00|00|FE |0705 |1/4  |10100100 |5379
00|00|00|FE |0705 |2/4  |10100100 |5380
00|00|00|FE |0705 |3/4  |10100100 |5381
00|00|00|FE |0705 |4/4  |10100100 |5382


---------------
Opcode: 4A
Instruction:LSR Addressing Mode:Accumulator - Operand (Value: "0x00", Address: "None")
Instruction cycle count set to 2
A |X |Y |SP |PC   |T/MT |NV-BDIZC |CYCLE
----------------------------------------
00|00|00|FE |0706 |1/2  |00100110 |5383
00|00|00|FE |0706 |2/2  |00100110 |5384


---------------
Opcode: C9
ll: 02
Instruction:CMP Addressing Mode:Immediate - Operand (Value: "0x02", Address: "None")
Instruction cycle count set to 2
A |X |Y |SP |PC   |T/MT |NV-BDIZC |CYCLE
----------------------------------------
00|00|00|FE |0708 |1/2  |10100100 |5385
00|00|00|FE |0708 |2/2  |10100100 |5386


---------------
Opcode: D0
ll: F8
Old PC: 070A Offset:-8 New PC: 0702
Instruction:BNE Addressing Mode:Relative - Operand (Value: "None", Address: "0x0702")
Instruction cycle count set to 2
A |X |Y |SP |PC   |T/MT |NV-BDIZC |CYCLE
----------------------------------------
00|00|00|FE |0702 |1/3  |10100100 |5387
00|00|00|FE |0702 |2/3  |10100100 |5388
00|00|00|FE |0702 |3/3  |10100100 |5389


---------------
Opcode: 8D
ll: 00 hh: A0
Instruction:STA Addressing Mode:Absolute - Operand (Value: "0x00", Address: "0xA000")
Writing value 0x00 to address: 0xA000
0xA000: 0x00
Instruction cycle count set to 4
A |X |Y |SP |PC   |T/MT |NV-BDIZC |CYCLE
----------------------------------------
00|00|00|FE |0705 |1/4  |10100100 |5390
00|00|00|FE |0705 |2/4  |10100100 |5391
00|00|00|FE |0705 |3/4  |10100100 |5392
00|00|00|FE |0705 |4/4  |10100100 |5393


---------------
Opcode: 4A
Instruction:LSR Addressing Mode:Accumulator - Operand (Value: "0x00", Address: "None")
Instruction cycle count set to 2
A |X |Y |SP |PC   |T/MT |NV-BDIZC |CYCLE
----------------------------------------
00|00|00|FE |0706 |1/2  |00100110 |5394
00|00|00|FE |0706 |2/2  |00100110 |5395


---------------
Opcode: C9
ll: 02
Instruction:CMP Addressing Mode:Immediate - Operand (Value: "0x02", Address: "None")
Instruction cycle count set to 2
A |X |Y |SP |PC   |T/MT |NV-BDIZC |CYCLE
----------------------------------------
00|00|00|FE |0708 |1/2  |10100100 |5396
00|00|00|FE |0708 |2/2  |10100100 |5397


---------------
Opcode: D0
ll: F8
Old PC: 070A Offset:-8 New PC: 0702
Instruction:BNE Addressing Mode:Relative - Operand (Value: "None", Address: "0x0702")
Instruction cycle count set to 2
A |X |Y |SP |PC   |T/MT |NV-BDIZC |CYCLE
----------------------------------------
00|00|00|FE |0702 |1/3  |10100100 |5398
00|00|00|FE |0702 |2/3  |10100100 |5399
00|00|00|FE |0702 |3/3  |10100100 |5400


---------------
Opcode: 8D
ll: 00 hh: A0
Instruction:STA Addressing Mode:Absolute - Operand (Value: "0x00", Address: "0xA000")
Writing value 0x00 to address: 0xA000
0xA000: 0x00
Instruction cycle count set to 4
A |X |Y |SP |PC   |T/MT |NV-BDIZC |CYCLE
----------------------------------------
00|00|00|FE |0705 |1/4  |10100100 |5401
00|00|00|FE |0705 |2/4  |10100100 |5402
00|00|00|FE |0705 |3/4  |10100100 |5403
00|00|00|FE |0705 |4/4  |10100100 |5404


---------------
Opcode: 4A
Instruction:LSR Addressing Mode:Accumulator - Operand (Value: "0x00", Address: "None")
Instruction cycle count set to 2
A |X |Y |SP |PC   |T/MT |NV-BDIZC |CYCLE
----------------------------------------
00|00|00|FE |0706 |1/2  |00100110 |5405
00|00|00|FE |0706 |2/2  |00100110 |5406


---------------
Opcode: C9
ll: 02
Instruction:CMP Addressing Mode:Immediate - Operand (Value: "0x02", Address: "None")
Instruction cycle count set to 2
A |X |Y |SP |PC   |T/MT |NV-BDIZC |CYCLE
----------------------------------------
00|00|00|FE |0708 |1/2  |10100100 |5407
00|00|00|FE |0708 |2/2  |10100100 |5408


---------------
Opcode: D0
ll: F8
Old PC: 070A Offset:-8 New PC: 0702
Instruction:BNE Addressing Mode:Relative - Operand (Value: "None", Address: "0x0702")
Instruction cycle count set to 2
A |X |Y |SP |PC   |T/MT |NV-BDIZC |CYCLE
----------------------------------------
00|00|00|FE |0702 |1/3  |10100100 |5409
00|00|00|FE |0702 |2/3  |10100100 |5410
00|00|00|FE |0702 |3/3  |10100100 |5411


---------------
Opcode: 8D
ll: 00 hh: A0
Instruction:STA Addressing Mode:Absolute - Operand (Value: "0x00", Address: "0xA000")
Writing value 0x00 to address: 0xA000
0xA000: 0x00
Instruction cycle count set to 4
A |X |Y |SP |PC   |T/MT |NV-BDIZC |CYCLE
----------------------------------------
00|00|00|FE |0705 |1/4  |10100100 |5412
00|00|00|FE |0705 |2/4  |10100100 |5413
00|00|00|FE |0705 |3/4  |10100100 |5414
00|00|00|FE |0705 |4/4  |10100100 |5415


---------------
Opcode: 4A
Instruction:LSR Addressing Mode:Accumulator - Operand (Value: "0x00", Address: "None")
Instruction cycle count set to 2
A |X |Y |SP |PC   |T/MT |NV-BDIZC |CYCLE
----------------------------------------
00|00|00|FE |0706 |1/2  |00100110 |5416
00|00|00|FE |0706 |2/2  |00100110 |5417


---------------
Opcode: C9
ll: 02
Instruction:CMP Addressing Mode:Immediate - Operand (Value: "0x02", Address: "None")
Instruction cycle count set to 2
A |X |Y |SP |PC   |T/MT |NV-BDIZC |CYCLE
----------------------------------------
00|00|00|FE |0708 |1/2  |10100100 |5418
00|00|00|FE |0708 |2/2  |10100100 |5419


---------------
Opcode: D0
ll: F8
Old PC: 070A Offset:-8 New PC: 0702
Instruction:BNE Addressing Mode:Relative - Operand (Value: "None", Address: "0x0702")
Instruction cycle count set to 2
A |X |Y |SP |PC   |T/MT |NV-BDIZC |CYCLE
----------------------------------------
00|00|00|FE |0702 |1/3  |10100100 |5420
00|00|00|FE |0702 |2/3  |10100100 |5421
00|00|00|FE |0702 |3/3  |10100100 |5422


---------------
Opcode: 8D
ll: 00 hh: A0
Instruction:STA Addressing Mode:Absolute - Operand (Value: "0x00", Address: "0xA000")
Writing value 0x00 to address: 0xA000
0xA000: 0x00
Instruction cycle count set to 4
A |X |Y |SP |PC   |T/MT |NV-BDIZC |CYCLE
----------------------------------------
00|00|00|FE |0705 |1/4  |10100100 |5423
00|00|00|FE |0705 |2/4  |10100100 |5424
00|00|00|FE |0705 |3/4  |10100100 |5425
00|00|00|FE |0705 |4/4  |10100100 |5426


---------------
Opcode: 4A
Instruction:LSR Addressing Mode:Accumulator - Operand (Value: "0x00", Address: "None")
Instruction cycle count set to 2
A |X |Y |SP |PC   |T/MT |NV-BDIZC |CYCLE
----------------------------------------
00|00|00|FE |0706 |1/2  |00100110 |5427
00|00|00|FE |0706 |2/2  |00100110 |5428


---------------
Opcode: C9
ll: 02
Instruction:CMP Addressing Mode:Immediate - Operand (Value: "0x02", Address: "None")
Instruction cycle count set to 2
A |X |Y |SP |PC   |T/MT |NV-BDIZC |CYCLE
----------------------------------------
00|00|00|FE |0708 |1/2  |10100100 |5429
00|00|00|FE |0708 |2/2  |10100100 |5430


---------------
Opcode: D0
ll: F8
Old PC: 070A Offset:-8 New PC: 0702
Instruction:BNE Addressing Mode:Relative - Operand (Value: "None", Address: "0x0702")
Instruction cycle count set to 2
A |X |Y |SP |PC   |T/MT |NV-BDIZC |CYCLE
----------------------------------------
00|00|00|FE |0702 |1/3  |10100100 |5431
00|00|00|FE |0702 |2/3  |10100100 |5432
00|00|00|FE |0702 |3/3  |10100100 |5433


---------------
Opcode: 8D
ll: 00 hh: A0
Instruction:STA Addressing Mode:Absolute - Operand (Value: "0x00", Address: "0xA000")
Writing value 0x00 to address: 0xA000
0xA000: 0x00
Instruction cycle count set to 4
A |X |Y |SP |PC   |T/MT |NV-BDIZC |CYCLE
----------------------------------------
00|00|00|FE |0705 |1/4  |10100100 |5434
00|00|00|FE |0705 |2/4  |10100100 |5435
00|00|00|FE |0705 |3/4  |10100100 |5436
00|00|00|FE |0705 |4/4  |10100100 |5437


---------------
Opcode: 4A
Instruction:LSR Addressing Mode:Accumulator - Operand (Value: "0x00", Address: "None")
Instruction cycle count set to 2
A |X |Y |SP |PC   |T/MT |NV-BDIZC |CYCLE
----------------------------------------
00|00|00|FE |0706 |1/2  |00100110 |5438
00|00|00|FE |0706 |2/2  |00100110 |5439


---------------
Opcode: C9
ll: 02
Instruction:CMP Addressing Mode:Immediate - Operand (Value: "0x02", Address: "None")
Instruction cycle count set to 2
A |X |Y |SP |PC   |T/MT |NV-BDIZC |CYCLE
----------------------------------------
00|00|00|FE |0708 |1/2  |10100100 |5440
00|00|00|FE |0708 |2/2  |10100100 |5441


---------------
Opcode: D0
ll: F8
Old PC: 070A Offset:-8 New PC: 0702
Instruction:BNE Addressing Mode:Relative - Operand (Value: "None", Address: "0x0702")
Instruction cycle count set to 2
A |X |Y |SP |PC   |T/MT |NV-BDIZC |CYCLE
----------------------------------------
00|00|00|FE |0702 |1/3  |10100100 |5442
00|00|00|FE |0702 |2/3  |10100100 |5443
00|00|00|FE |0702 |3/3  |10100100 |5444


---------------
Opcode: 8D
ll: 00 hh: A0
Instruction:STA Addressing Mode:Absolute - Operand (Value: "0x00", Address: "0xA000")
Writing value 0x00 to address: 0xA000
0xA000: 0x00
Instruction cycle count set to 4
A |X |Y |SP |PC   |T/MT |NV-BDIZC |CYCLE
----------------------------------------
00|00|00|FE |0705 |1/4  |10100100 |5445
00|00|00|FE |0705 |2/4  |10100100 |5446
00|00|00|FE |0705 |3/4  |10100100 |5447
00|00|00|FE |0705 |4/4  |10100100 |5448


---------------
Opcode: 4A
Instruction:LSR Addressing Mode:Accumulator - Operand (Value: "0x00", Address: "None")
Instruction cycle count set to 2
A |X |Y |SP |PC   |T/MT |NV-BDIZC |CYCLE
----------------------------------------
00|00|00|FE |0706 |1/2  |00100110 |5449
00|00|00|FE |0706 |2/2  |00100110 |5450


---------------
Opcode: C9
ll: 02
Instruction:CMP Addressing Mode:Immediate - Operand (Value: "0x02", Address: "None")
Instruction cycle count set to 2
A |X |Y |SP |PC   |T/MT |NV-BDIZC |CYCLE
----------------------------------------
00|00|00|FE |0708 |1/2  |10100100 |5451
00|00|00|FE |0708 |2/2  |10100100 |5452


---------------
Opcode: D0
ll: F8
Old PC: 070A Offset:-8 New PC: 0702
Instruction:BNE Addressing Mode:Relative - Operand (Value: "None", Address: "0x0702")
Instruction cycle count set to 2
A |X |Y |SP |PC   |T/MT |NV-BDIZC |CYCLE
----------------------------------------
00|00|00|FE |0702 |1/3  |10100100 |5453
00|00|00|FE |0702 |2/3  |10100100 |5454
00|00|00|FE |0702 |3/3  |10100100 |5455


---------------
Opcode: 8D
ll: 00 hh: A0
Instruction:STA Addressing Mode:Absolute - Operand (Value: "0x00", Address: "0xA000")
Writing value 0x00 to address: 0xA000
0xA000: 0x00
Instruction cycle count set to 4
A |X |Y |SP |PC   |T/MT |NV-BDIZC |CYCLE
----------------------------------------
00|00|00|FE |0705 |1/4  |10100100 |5456
00|00|00|FE |0705 |2/4  |10100100 |5457
00|00|00|FE |0705 |3/4  |10100100 |5458
00|00|00|FE |0705 |4/4  |10100100 |5459


---------------
Opcode: 4A
Instruction:LSR Addressing Mode:Accumulator - Operand (Value: "0x00", Address: "None")
Instruction cycle count set to 2
A |X |Y |SP |PC   |T/MT |NV-BDIZC |CYCLE
----------------------------------------
00|00|00|FE |0706 |1/2  |00100110 |5460
00|00|00|FE |0706 |2/2  |00100110 |5461


---------------
Opcode: C9
ll: 02
Instruction:CMP Addressing Mode:Immediate - Operand (Value: "0x02", Address: "None")
Instruction cycle count set to 2
A |X |Y |SP |PC   |T/MT |NV-BDIZC |CYCLE
----------------------------------------
00|00|00|FE |0708 |1/2  |10100100 |5462
00|00|00|FE |0708 |2/2  |10100100 |5463


---------------
Opcode: D0
ll: F8
Old PC: 070A Offset:-8 New PC: 0702
Instruction:BNE Addressing Mode:Relative - Operand (Value: "None", Address: "0x0702")
Instruction cycle count set to 2
A |X |Y |SP |PC   |T/MT |NV-BDIZC |CYCLE
----------------------------------------
00|00|00|FE |0702 |1/3  |10100100 |5464
00|00|00|FE |0702 |2/3  |10100100 |5465
00|00|00|FE |0702 |3/3  |10100100 |5466


---------------
Opcode: 8D
ll: 00 hh: A0
Instruction:STA Addressing Mode:Absolute - Operand (Value: "0x00", Address: "0xA000")
Writing value 0x00 to address: 0xA000
0xA000: 0x00
Instruction cycle count set to 4
A |X |Y |SP |PC   |T/MT |NV-BDIZC |CYCLE
----------------------------------------
00|00|00|FE |0705 |1/4  |10100100 |5467
00|00|00|FE |0705 |2/4  |10100100 |5468
00|00|00|FE |0705 |3/4  |10100100 |5469
00|00|00|FE |0705 |4/4  |10100100 |5470


---------------
Opcode: 4A
Instruction:LSR Addressing Mode:Accumulator - Operand (Value: "0x00", Address: "None")
Instruction cycle count set to 2
A |X |Y |SP |PC   |T/MT |NV-BDIZC |CYCLE
----------------------------------------
00|00|00|FE |0706 |1/2  |00100110 |5471
00|00|00|FE |0706 |2/2  |00100110 |5472


---------------
Opcode: C9
ll: 02
Instruction:CMP Addressing Mode:Immediate - Operand (Value: "0x02", Address: "None")
Instruction cycle count set to 2
A |X |Y |SP |PC   |T/MT |NV-BDIZC |CYCLE
----------------------------------------
00|00|00|FE |0708 |1/2  |10100100 |5473
00|00|00|FE |0708 |2/2  |10100100 |5474


---------------
Opcode: D0
ll: F8
Old PC: 070A Offset:-8 New PC: 0702
Instruction:BNE Addressing Mode:Relative - Operand (Value: "None", Address: "0x0702")
Instruction cycle count set to 2
A |X |Y |SP |PC   |T/MT |NV-BDIZC |CYCLE
----------------------------------------
00|00|00|FE |0702 |1/3  |10100100 |5475
00|00|00|FE |0702 |2/3  |10100100 |5476
00|00|00|FE |0702 |3/3  |10100100 |5477


---------------
Opcode: 8D
ll: 00 hh: A0
Instruction:STA Addressing Mode:Absolute - Operand (Value: "0x00", Address: "0xA000")
Writing value 0x00 to address: 0xA000
0xA000: 0x00
Instruction cycle count set to 4
A |X |Y |SP |PC   |T/MT |NV-BDIZC |CYCLE
----------------------------------------
00|00|00|FE |0705 |1/4  |10100100 |5478
00|00|00|FE |0705 |2/4  |10100100 |5479
00|00|00|FE |0705 |3/4  |10100100 |5480
00|00|00|FE |0705 |4/4  |10100100 |5481


---------------
Opcode: 4A
Instruction:LSR Addressing Mode:Accumulator - Operand (Value: "0x00", Address: "None")
Instruction cycle count set to 2
A |X |Y |SP |PC   |T/MT |NV-BDIZC |CYCLE
----------------------------------------
00|00|00|FE |0706 |1/2  |00100110 |5482
00|00|00|FE |0706 |2/2  |00100110 |5483


---------------
Opcode: C9
ll: 02
Instruction:CMP Addressing Mode:Immediate - Operand (Value: "0x02", Address: "None")
Instruction cycle count set to 2
A |X |Y |SP |PC   |T/MT |NV-BDIZC |CYCLE
----------------------------------------
00|00|00|FE |0708 |1/2  |10100100 |5484
00|00|00|FE |0708 |2/2  |10100100 |5485


---------------
Opcode: D0
ll: F8
Old PC: 070A Offset:-8 New PC: 0702
Instruction:BNE Addressing Mode:Relative - Operand (Value: "None", Address: "0x0702")
Instruction cycle count set to 2
A |X |Y |SP |PC   |T/MT |NV-BDIZC |CYCLE
----------------------------------------
00|00|00|FE |0702 |1/3  |10100100 |5486
00|00|00|FE |0702 |2/3  |10100100 |5487
00|00|00|FE |0702 |3/3  |10100100 |5488


---------------
Opcode: 8D
ll: 00 hh: A0
Instruction:STA Addressing Mode:Absolute - Operand (Value: "0x00", Address: "0xA000")
Writing value 0x00 to address: 0xA000
0xA000: 0x00
Instruction cycle count set to 4
A |X |Y |SP |PC   |T/MT |NV-BDIZC |CYCLE
----------------------------------------
00|00|00|FE |0705 |1/4  |10100100 |5489
00|00|00|FE |0705 |2/4  |10100100 |5490
00|00|00|FE |0705 |3/4  |10100100 |5491
00|00|00|FE |0705 |4/4  |10100100 |5492


---------------
Opcode: 4A
Instruction:LSR Addressing Mode:Accumulator - Operand (Value: "0x00", Address: "None")
Instruction cycle count set to 2
A |X |Y |SP |PC   |T/MT |NV-BDIZC |CYCLE
----------------------------------------
00|00|00|FE |0706 |1/2  |00100110 |5493
00|00|00|FE |0706 |2/2  |00100110 |5494


---------------
Opcode: C9
ll: 02
Instruction:CMP Addressing Mode:Immediate - Operand (Value: "0x02", Address: "None")
Instruction cycle count set to 2
A |X |Y |SP |PC   |T/MT |NV-BDIZC |CYCLE
----------------------------------------
00|00|00|FE |0708 |1/2  |10100100 |5495
00|00|00|FE |0708 |2/2  |10100100 |5496


---------------
Opcode: D0
ll: F8
Old PC: 070A Offset:-8 New PC: 0702
Instruction:BNE Addressing Mode:Relative - Operand (Value: "None", Address: "0x0702")
Instruction cycle count set to 2
A |X |Y |SP |PC   |T/MT |NV-BDIZC |CYCLE
----------------------------------------
00|00|00|FE |0702 |1/3  |10100100 |5497
00|00|00|FE |0702 |2/3  |10100100 |5498
00|00|00|FE |0702 |3/3  |10100100 |5499


---------------
Opcode: 8D
ll: 00 hh: A0
Instruction:STA Addressing Mode:Absolute - Operand (Value: "0x00", Address: "0xA000")
Writing value 0x00 to address: 0xA000
0xA000: 0x00
Instruction cycle count set to 4
A |X |Y |SP |PC   |T/MT |NV-BDIZC |CYCLE
----------------------------------------
00|00|00|FE |0705 |1/4  |10100100 |5500
00|00|00|FE |0705 |2/4  |10100100 |5501
00|00|00|FE |0705 |3/4  |10100100 |5502
00|00|00|FE |0705 |4/4  |10100100 |5503


---------------
Opcode: 4A
Instruction:LSR Addressing Mode:Accumulator - Operand (Value: "0x00", Address: "None")
Instruction cycle count set to 2
A |X |Y |SP |PC   |T/MT |NV-BDIZC |CYCLE
----------------------------------------
00|00|00|FE |0706 |1/2  |00100110 |5504
00|00|00|FE |0706 |2/2  |00100110 |5505


---------------
Opcode: C9
ll: 02
Instruction:CMP Addressing Mode:Immediate - Operand (Value: "0x02", Address: "None")
Instruction cycle count set to 2
A |X |Y |SP |PC   |T/MT |NV-BDIZC |CYCLE
----------------------------------------
00|00|00|FE |0708 |1/2  |10100100 |5506
00|00|00|FE |0708 |2/2  |10100100 |5507


---------------
Opcode: D0
ll: F8
Old PC: 070A Offset:-8 New PC: 0702
Instruction:BNE Addressing Mode:Relative - Operand (Value: "None", Address: "0x0702")
Instruction cycle count set to 2
A |X |Y |SP |PC   |T/MT |NV-BDIZC |CYCLE
----------------------------------------
00|00|00|FE |0702 |1/3  |10100100 |5508
00|00|00|FE |0702 |2/3  |10100100 |5509
00|00|00|FE |0702 |3/3  |10100100 |5510


---------------
Opcode: 8D
ll: 00 hh: A0
Instruction:STA Addressing Mode:Absolute - Operand (Value: "0x00", Address: "0xA000")
Writing value 0x00 to address: 0xA000
0xA000: 0x00
Instruction cycle count set to 4
A |X |Y |SP |PC   |T/MT |NV-BDIZC |CYCLE
----------------------------------------
00|00|00|FE |0705 |1/4  |10100100 |5511
00|00|00|FE |0705 |2/4  |10100100 |5512
00|00|00|FE |0705 |3/4  |10100100 |5513
00|00|00|FE |0705 |4/4  |10100100 |5514


---------------
Opcode: 4A
Instruction:LSR Addressing Mode:Accumulator - Operand (Value: "0x00", Address: "None")
Instruction cycle count set to 2
A |X |Y |SP |PC   |T/MT |NV-BDIZC |CYCLE
----------------------------------------
00|00|00|FE |0706 |1/2  |00100110 |5515
00|00|00|FE |0706 |2/2  |00100110 |5516


---------------
Opcode: C9
ll: 02
Instruction:CMP Addressing Mode:Immediate - Operand (Value: "0x02", Address: "None")
Instruction cycle count set to 2
A |X |Y |SP |PC   |T/MT |NV-BDIZC |CYCLE
----------------------------------------
00|00|00|FE |0708 |1/2  |10100100 |5517
00|00|00|FE |0708 |2/2  |10100100 |5518


---------------
Opcode: D0
ll: F8
Old PC: 070A Offset:-8 New PC: 0702
Instruction:BNE Addressing Mode:Relative - Operand (Value: "None", Address: "0x0702")
Instruction cycle count set to 2
A |X |Y |SP |PC   |T/MT |NV-BDIZC |CYCLE
----------------------------------------
00|00|00|FE |0702 |1/3  |10100100 |5519
00|00|00|FE |0702 |2/3  |10100100 |5520
00|00|00|FE |0702 |3/3  |10100100 |5521


---------------
Opcode: 8D
ll: 00 hh: A0
Instruction:STA Addressing Mode:Absolute - Operand (Value: "0x00", Address: "0xA000")
Writing value 0x00 to address: 0xA000
0xA000: 0x00
Instruction cycle count set to 4
A |X |Y |SP |PC   |T/MT |NV-BDIZC |CYCLE
----------------------------------------
00|00|00|FE |0705 |1/4  |10100100 |5522
00|00|00|FE |0705 |2/4  |10100100 |5523
00|00|00|FE |0705 |3/4  |10100100 |5524
00|00|00|FE |0705 |4/4  |10100100 |5525


---------------
Opcode: 4A
Instruction:LSR Addressing Mode:Accumulator - Operand (Value: "0x00", Address: "None")
Instruction cycle count set to 2
A |X |Y |SP |PC   |T/MT |NV-BDIZC |CYCLE
----------------------------------------
00|00|00|FE |0706 |1/2  |00100110 |5526
00|00|00|FE |0706 |2/2  |00100110 |5527


---------------
Opcode: C9
ll: 02
Instruction:CMP Addressing Mode:Immediate - Operand (Value: "0x02", Address: "None")
Instruction cycle count set to 2
A |X |Y |SP |PC   |T/MT |NV-BDIZC |CYCLE
----------------------------------------
00|00|00|FE |0708 |1/2  |10100100 |5528
00|00|00|FE |0708 |2/2  |10100100 |5529


---------------
Opcode: D0
ll: F8
Old PC: 070A Offset:-8 New PC: 0702
Instruction:BNE Addressing Mode:Relative - Operand (Value: "None", Address: "0x0702")
Instruction cycle count set to 2
A |X |Y |SP |PC   |T/MT |NV-BDIZC |CYCLE
----------------------------------------
00|00|00|FE |0702 |1/3  |10100100 |5530
00|00|00|FE |0702 |2/3  |10100100 |5531
00|00|00|FE |0702 |3/3  |10100100 |5532


---------------
Opcode: 8D
ll: 00 hh: A0
Instruction:STA Addressing Mode:Absolute - Operand (Value: "0x00", Address: "0xA000")
Writing value 0x00 to address: 0xA000
0xA000: 0x00
Instruction cycle count set to 4
A |X |Y |SP |PC   |T/MT |NV-BDIZC |CYCLE
----------------------------------------
00|00|00|FE |0705 |1/4  |10100100 |5533
00|00|00|FE |0705 |2/4  |10100100 |5534
00|00|00|FE |0705 |3/4  |10100100 |5535
00|00|00|FE |0705 |4/4  |10100100 |5536


---------------
Opcode: 4A
Instruction:LSR Addressing Mode:Accumulator - Operand (Value: "0x00", Address: "None")
Instruction cycle count set to 2
A |X |Y |SP |PC   |T/MT |NV-BDIZC |CYCLE
----------------------------------------
00|00|00|FE |0706 |1/2  |00100110 |5537
00|00|00|FE |0706 |2/2  |00100110 |5538


---------------
Opcode: C9
ll: 02
Instruction:CMP Addressing Mode:Immediate - Operand (Value: "0x02", Address: "None")
Instruction cycle count set to 2
A |X |Y |SP |PC   |T/MT |NV-BDIZC |CYCLE
----------------------------------------
00|00|00|FE |0708 |1/2  |10100100 |5539
00|00|00|FE |0708 |2/2  |10100100 |5540


---------------
Opcode: D0
ll: F8
Old PC: 070A Offset:-8 New PC: 0702
Instruction:BNE Addressing Mode:Relative - Operand (Value: "None", Address: "0x0702")
Instruction cycle count set to 2
A |X |Y |SP |PC   |T/MT |NV-BDIZC |CYCLE
----------------------------------------
00|00|00|FE |0702 |1/3  |10100100 |5541
00|00|00|FE |0702 |2/3  |10100100 |5542
00|00|00|FE |0702 |3/3  |10100100 |5543


---------------
Opcode: 8D
ll: 00 hh: A0
Instruction:STA Addressing Mode:Absolute - Operand (Value: "0x00", Address: "0xA000")
Writing value 0x00 to address: 0xA000
0xA000: 0x00
Instruction cycle count set to 4
A |X |Y |SP |PC   |T/MT |NV-BDIZC |CYCLE
----------------------------------------
00|00|00|FE |0705 |1/4  |10100100 |5544
00|00|00|FE |0705 |2/4  |10100100 |5545
00|00|00|FE |0705 |3/4  |10100100 |5546
00|00|00|FE |0705 |4/4  |10100100 |5547


---------------
Opcode: 4A
Instruction:LSR Addressing Mode:Accumulator - Operand (Value: "0x00", Address: "None")
Instruction cycle count set to 2
A |X |Y |SP |PC   |T/MT |NV-BDIZC |CYCLE
----------------------------------------
00|00|00|FE |0706 |1/2  |00100110 |5548
00|00|00|FE |0706 |2/2  |00100110 |5549


---------------
Opcode: C9
ll: 02
Instruction:CMP Addressing Mode:Immediate - Operand (Value: "0x02", Address: "None")
Instruction cycle count set to 2
A |X |Y |SP |PC   |T/MT |NV-BDIZC |CYCLE
----------------------------------------
00|00|00|FE |0708 |1/2  |10100100 |5550
00|00|00|FE |0708 |2/2  |10100100 |5551


---------------
Opcode: D0
ll: F8
Old PC: 070A Offset:-8 New PC: 0702
Instruction:BNE Addressing Mode:Relative - Operand (Value: "None", Address: "0x0702")
Instruction cycle count set to 2
A |X |Y |SP |PC   |T/MT |NV-BDIZC |CYCLE
----------------------------------------
00|00|00|FE |0702 |1/3  |10100100 |5552
00|00|00|FE |0702 |2/3  |10100100 |5553
00|00|00|FE |0702 |3/3  |10100100 |5554


---------------
Opcode: 8D
ll: 00 hh: A0
Instruction:STA Addressing Mode:Absolute - Operand (Value: "0x00", Address: "0xA000")
Writing value 0x00 to address: 0xA000
0xA000: 0x00
Instruction cycle count set to 4
A |X |Y |SP |PC   |T/MT |NV-BDIZC |CYCLE
----------------------------------------
00|00|00|FE |0705 |1/4  |10100100 |5555
00|00|00|FE |0705 |2/4  |10100100 |5556
00|00|00|FE |0705 |3/4  |10100100 |5557
00|00|00|FE |0705 |4/4  |10100100 |5558


---------------
Opcode: 4A
Instruction:LSR Addressing Mode:Accumulator - Operand (Value: "0x00", Address: "None")
Instruction cycle count set to 2
A |X |Y |SP |PC   |T/MT |NV-BDIZC |CYCLE
----------------------------------------
00|00|00|FE |0706 |1/2  |00100110 |5559
00|00|00|FE |0706 |2/2  |00100110 |5560


---------------
Opcode: C9
ll: 02
Instruction:CMP Addressing Mode:Immediate - Operand (Value: "0x02", Address: "None")
Instruction cycle count set to 2
A |X |Y |SP |PC   |T/MT |NV-BDIZC |CYCLE
----------------------------------------
00|00|00|FE |0708 |1/2  |10100100 |5561
00|00|00|FE |0708 |2/2  |10100100 |5562


---------------
Opcode: D0
ll: F8
Old PC: 070A Offset:-8 New PC: 0702
Instruction:BNE Addressing Mode:Relative - Operand (Value: "None", Address: "0x0702")
Instruction cycle count set to 2
A |X |Y |SP |PC   |T/MT |NV-BDIZC |CYCLE
----------------------------------------
00|00|00|FE |0702 |1/3  |10100100 |5563
00|00|00|FE |0702 |2/3  |10100100 |5564
00|00|00|FE |0702 |3/3  |10100100 |5565


---------------
Opcode: 8D
ll: 00 hh: A0
Instruction:STA Addressing Mode:Absolute - Operand (Value: "0x00", Address: "0xA000")
Writing value 0x00 to address: 0xA000
0xA000: 0x00
Instruction cycle count set to 4
A |X |Y |SP |PC   |T/MT |NV-BDIZC |CYCLE
----------------------------------------
00|00|00|FE |0705 |1/4  |10100100 |5566
00|00|00|FE |0705 |2/4  |10100100 |5567
00|00|00|FE |0705 |3/4  |10100100 |5568
00|00|00|FE |0705 |4/4  |10100100 |5569


---------------
Opcode: 4A
Instruction:LSR Addressing Mode:Accumulator - Operand (Value: "0x00", Address: "None")
Instruction cycle count set to 2
A |X |Y |SP |PC   |T/MT |NV-BDIZC |CYCLE
----------------------------------------
00|00|00|FE |0706 |1/2  |00100110 |5570
00|00|00|FE |0706 |2/2  |00100110 |5571


---------------
Opcode: C9
ll: 02
Instruction:CMP Addressing Mode:Immediate - Operand (Value: "0x02", Address: "None")
Instruction cycle count set to 2
A |X |Y |SP |PC   |T/MT |NV-BDIZC |CYCLE
----------------------------------------
00|00|00|FE |0708 |1/2  |10100100 |5572
00|00|00|FE |0708 |2/2  |10100100 |5573


---------------
Opcode: D0
ll: F8
Old PC: 070A Offset:-8 New PC: 0702
Instruction:BNE Addressing Mode:Relative - Operand (Value: "None", Address: "0x0702")
Instruction cycle count set to 2
A |X |Y |SP |PC   |T/MT |NV-BDIZC |CYCLE
----------------------------------------
00|00|00|FE |0702 |1/3  |10100100 |5574
00|00|00|FE |0702 |2/3  |10100100 |5575
00|00|00|FE |0702 |3/3  |10100100 |5576


---------------
Opcode: 8D
ll: 00 hh: A0
Instruction:STA Addressing Mode:Absolute - Operand (Value: "0x00", Address: "0xA000")
Writing value 0x00 to address: 0xA000
0xA000: 0x00
Instruction cycle count set to 4
A |X |Y |SP |PC   |T/MT |NV-BDIZC |CYCLE
----------------------------------------
00|00|00|FE |0705 |1/4  |10100100 |5577
00|00|00|FE |0705 |2/4  |10100100 |5578
00|00|00|FE |0705 |3/4  |10100100 |5579
00|00|00|FE |0705 |4/4  |10100100 |5580


---------------
Opcode: 4A
Instruction:LSR Addressing Mode:Accumulator - Operand (Value: "0x00", Address: "None")
Instruction cycle count set to 2
A |X |Y |SP |PC   |T/MT |NV-BDIZC |CYCLE
----------------------------------------
00|00|00|FE |0706 |1/2  |00100110 |5581
00|00|00|FE |0706 |2/2  |00100110 |5582


---------------
Opcode: C9
ll: 02
Instruction:CMP Addressing Mode:Immediate - Operand (Value: "0x02", Address: "None")
Instruction cycle count set to 2
A |X |Y |SP |PC   |T/MT |NV-BDIZC |CYCLE
----------------------------------------
00|00|00|FE |0708 |1/2  |10100100 |5583
00|00|00|FE |0708 |2/2  |10100100 |5584


---------------
Opcode: D0
ll: F8
Old PC: 070A Offset:-8 New PC: 0702
Instruction:BNE Addressing Mode:Relative - Operand (Value: "None", Address: "0x0702")
Instruction cycle count set to 2
A |X |Y |SP |PC   |T/MT |NV-BDIZC |CYCLE
----------------------------------------
00|00|00|FE |0702 |1/3  |10100100 |5585
00|00|00|FE |0702 |2/3  |10100100 |5586
00|00|00|FE |0702 |3/3  |10100100 |5587


---------------
Opcode: 8D
ll: 00 hh: A0
Instruction:STA Addressing Mode:Absolute - Operand (Value: "0x00", Address: "0xA000")
Writing value 0x00 to address: 0xA000
0xA000: 0x00
Instruction cycle count set to 4
A |X |Y |SP |PC   |T/MT |NV-BDIZC |CYCLE
----------------------------------------
00|00|00|FE |0705 |1/4  |10100100 |5588
00|00|00|FE |0705 |2/4  |10100100 |5589
00|00|00|FE |0705 |3/4  |10100100 |5590
00|00|00|FE |0705 |4/4  |10100100 |5591


---------------
Opcode: 4A
Instruction:LSR Addressing Mode:Accumulator - Operand (Value: "0x00", Address: "None")
Instruction cycle count set to 2
A |X |Y |SP |PC   |T/MT |NV-BDIZC |CYCLE
----------------------------------------
00|00|00|FE |0706 |1/2  |00100110 |5592
00|00|00|FE |0706 |2/2  |00100110 |5593


---------------
Opcode: C9
ll: 02
Instruction:CMP Addressing Mode:Immediate - Operand (Value: "0x02", Address: "None")
Instruction cycle count set to 2
A |X |Y |SP |PC   |T/MT |NV-BDIZC |CYCLE
----------------------------------------
00|00|00|FE |0708 |1/2  |10100100 |5594
00|00|00|FE |0708 |2/2  |10100100 |5595


---------------
Opcode: D0
ll: F8
Old PC: 070A Offset:-8 New PC: 0702
Instruction:BNE Addressing Mode:Relative - Operand (Value: "None", Address: "0x0702")
Instruction cycle count set to 2
A |X |Y |SP |PC   |T/MT |NV-BDIZC |CYCLE
----------------------------------------
00|00|00|FE |0702 |1/3  |10100100 |5596
00|00|00|FE |0702 |2/3  |10100100 |5597
00|00|00|FE |0702 |3/3  |10100100 |5598


---------------
Opcode: 8D
ll: 00 hh: A0
Instruction:STA Addressing Mode:Absolute - Operand (Value: "0x00", Address: "0xA000")
Writing value 0x00 to address: 0xA000
0xA000: 0x00
Instruction cycle count set to 4
A |X |Y |SP |PC   |T/MT |NV-BDIZC |CYCLE
----------------------------------------
00|00|00|FE |0705 |1/4  |10100100 |5599
00|00|00|FE |0705 |2/4  |10100100 |5600
00|00|00|FE |0705 |3/4  |10100100 |5601
00|00|00|FE |0705 |4/4  |10100100 |5602


---------------
Opcode: 4A
Instruction:LSR Addressing Mode:Accumulator - Operand (Value: "0x00", Address: "None")
Instruction cycle count set to 2
A |X |Y |SP |PC   |T/MT |NV-BDIZC |CYCLE
----------------------------------------
00|00|00|FE |0706 |1/2  |00100110 |5603
00|00|00|FE |0706 |2/2  |00100110 |5604


---------------
Opcode: C9
ll: 02
Instruction:CMP Addressing Mode:Immediate - Operand (Value: "0x02", Address: "None")
Instruction cycle count set to 2
A |X |Y |SP |PC   |T/MT |NV-BDIZC |CYCLE
----------------------------------------
00|00|00|FE |0708 |1/2  |10100100 |5605
00|00|00|FE |0708 |2/2  |10100100 |5606


---------------
Opcode: D0
ll: F8
Old PC: 070A Offset:-8 New PC: 0702
Instruction:BNE Addressing Mode:Relative - Operand (Value: "None", Address: "0x0702")
Instruction cycle count set to 2
A |X |Y |SP |PC   |T/MT |NV-BDIZC |CYCLE
----------------------------------------
00|00|00|FE |0702 |1/3  |10100100 |5607
00|00|00|FE |0702 |2/3  |10100100 |5608
00|00|00|FE |0702 |3/3  |10100100 |5609


---------------
Opcode: 8D
ll: 00 hh: A0
Instruction:STA Addressing Mode:Absolute - Operand (Value: "0x00", Address: "0xA000")
Writing value 0x00 to address: 0xA000
0xA000: 0x00
Instruction cycle count set to 4
A |X |Y |SP |PC   |T/MT |NV-BDIZC |CYCLE
----------------------------------------
00|00|00|FE |0705 |1/4  |10100100 |5610
00|00|00|FE |0705 |2/4  |10100100 |5611
00|00|00|FE |0705 |3/4  |10100100 |5612
00|00|00|FE |0705 |4/4  |10100100 |5613


---------------
Opcode: 4A
Instruction:LSR Addressing Mode:Accumulator - Operand (Value: "0x00", Address: "None")
Instruction cycle count set to 2
A |X |Y |SP |PC   |T/MT |NV-BDIZC |CYCLE
----------------------------------------
00|00|00|FE |0706 |1/2  |00100110 |5614
00|00|00|FE |0706 |2/2  |00100110 |5615


---------------
Opcode: C9
ll: 02
Instruction:CMP Addressing Mode:Immediate - Operand (Value: "0x02", Address: "None")
Instruction cycle count set to 2
A |X |Y |SP |PC   |T/MT |NV-BDIZC |CYCLE
----------------------------------------
00|00|00|FE |0708 |1/2  |10100100 |5616
00|00|00|FE |0708 |2/2  |10100100 |5617


---------------
Opcode: D0
ll: F8
Old PC: 070A Offset:-8 New PC: 0702
Instruction:BNE Addressing Mode:Relative - Operand (Value: "None", Address: "0x0702")
Instruction cycle count set to 2
A |X |Y |SP |PC   |T/MT |NV-BDIZC |CYCLE
----------------------------------------
00|00|00|FE |0702 |1/3  |10100100 |5618
00|00|00|FE |0702 |2/3  |10100100 |5619
00|00|00|FE |0702 |3/3  |10100100 |5620


---------------
Opcode: 8D
ll: 00 hh: A0
Instruction:STA Addressing Mode:Absolute - Operand (Value: "0x00", Address: "0xA000")
Writing value 0x00 to address: 0xA000
0xA000: 0x00
Instruction cycle count set to 4
A |X |Y |SP |PC   |T/MT |NV-BDIZC |CYCLE
----------------------------------------
00|00|00|FE |0705 |1/4  |10100100 |5621
00|00|00|FE |0705 |2/4  |10100100 |5622
00|00|00|FE |0705 |3/4  |10100100 |5623
00|00|00|FE |0705 |4/4  |10100100 |5624


---------------
Opcode: 4A
Instruction:LSR Addressing Mode:Accumulator - Operand (Value: "0x00", Address: "None")
Instruction cycle count set to 2
A |X |Y |SP |PC   |T/MT |NV-BDIZC |CYCLE
----------------------------------------
00|00|00|FE |0706 |1/2  |00100110 |5625
00|00|00|FE |0706 |2/2  |00100110 |5626


---------------
Opcode: C9
ll: 02
Instruction:CMP Addressing Mode:Immediate - Operand (Value: "0x02", Address: "None")
Instruction cycle count set to 2
A |X |Y |SP |PC   |T/MT |NV-BDIZC |CYCLE
----------------------------------------
00|00|00|FE |0708 |1/2  |10100100 |5627
00|00|00|FE |0708 |2/2  |10100100 |5628


---------------
Opcode: D0
ll: F8
Old PC: 070A Offset:-8 New PC: 0702
Instruction:BNE Addressing Mode:Relative - Operand (Value: "None", Address: "0x0702")
Instruction cycle count set to 2
A |X |Y |SP |PC   |T/MT |NV-BDIZC |CYCLE
----------------------------------------
00|00|00|FE |0702 |1/3  |10100100 |5629
00|00|00|FE |0702 |2/3  |10100100 |5630
00|00|00|FE |0702 |3/3  |10100100 |5631


---------------
Opcode: 8D
ll: 00 hh: A0
Instruction:STA Addressing Mode:Absolute - Operand (Value: "0x00", Address: "0xA000")
Writing value 0x00 to address: 0xA000
0xA000: 0x00
Instruction cycle count set to 4
A |X |Y |SP |PC   |T/MT |NV-BDIZC |CYCLE
----------------------------------------
00|00|00|FE |0705 |1/4  |10100100 |5632
00|00|00|FE |0705 |2/4  |10100100 |5633
00|00|00|FE |0705 |3/4  |10100100 |5634
00|00|00|FE |0705 |4/4  |10100100 |5635


---------------
Opcode: 4A
Instruction:LSR Addressing Mode:Accumulator - Operand (Value: "0x00", Address: "None")
Instruction cycle count set to 2
A |X |Y |SP |PC   |T/MT |NV-BDIZC |CYCLE
----------------------------------------
00|00|00|FE |0706 |1/2  |00100110 |5636
00|00|00|FE |0706 |2/2  |00100110 |5637


---------------
Opcode: C9
ll: 02
Instruction:CMP Addressing Mode:Immediate - Operand (Value: "0x02", Address: "None")
Instruction cycle count set to 2
A |X |Y |SP |PC   |T/MT |NV-BDIZC |CYCLE
----------------------------------------
00|00|00|FE |0708 |1/2  |10100100 |5638
00|00|00|FE |0708 |2/2  |10100100 |5639


---------------
Opcode: D0
ll: F8
Old PC: 070A Offset:-8 New PC: 0702
Instruction:BNE Addressing Mode:Relative - Operand (Value: "None", Address: "0x0702")
Instruction cycle count set to 2
A |X |Y |SP |PC   |T/MT |NV-BDIZC |CYCLE
----------------------------------------
00|00|00|FE |0702 |1/3  |10100100 |5640
00|00|00|FE |0702 |2/3  |10100100 |5641
00|00|00|FE |0702 |3/3  |10100100 |5642


---------------
Opcode: 8D
ll: 00 hh: A0
Instruction:STA Addressing Mode:Absolute - Operand (Value: "0x00", Address: "0xA000")
Writing value 0x00 to address: 0xA000
0xA000: 0x00
Instruction cycle count set to 4
A |X |Y |SP |PC   |T/MT |NV-BDIZC |CYCLE
----------------------------------------
00|00|00|FE |0705 |1/4  |10100100 |5643
00|00|00|FE |0705 |2/4  |10100100 |5644
00|00|00|FE |0705 |3/4  |10100100 |5645
00|00|00|FE |0705 |4/4  |10100100 |5646


---------------
Opcode: 4A
Instruction:LSR Addressing Mode:Accumulator - Operand (Value: "0x00", Address: "None")
Instruction cycle count set to 2
A |X |Y |SP |PC   |T/MT |NV-BDIZC |CYCLE
----------------------------------------
00|00|00|FE |0706 |1/2  |00100110 |5647
00|00|00|FE |0706 |2/2  |00100110 |5648


---------------
Opcode: C9
ll: 02
Instruction:CMP Addressing Mode:Immediate - Operand (Value: "0x02", Address: "None")
Instruction cycle count set to 2
A |X |Y |SP |PC   |T/MT |NV-BDIZC |CYCLE
----------------------------------------
00|00|00|FE |0708 |1/2  |10100100 |5649
00|00|00|FE |0708 |2/2  |10100100 |5650


---------------
Opcode: D0
ll: F8
Old PC: 070A Offset:-8 New PC: 0702
Instruction:BNE Addressing Mode:Relative - Operand (Value: "None", Address: "0x0702")
Instruction cycle count set to 2
A |X |Y |SP |PC   |T/MT |NV-BDIZC |CYCLE
----------------------------------------
00|00|00|FE |0702 |1/3  |10100100 |5651
00|00|00|FE |0702 |2/3  |10100100 |5652
00|00|00|FE |0702 |3/3  |10100100 |5653


---------------
Opcode: 8D
ll: 00 hh: A0
Instruction:STA Addressing Mode:Absolute - Operand (Value: "0x00", Address: "0xA000")
Writing value 0x00 to address: 0xA000
0xA000: 0x00
Instruction cycle count set to 4
A |X |Y |SP |PC   |T/MT |NV-BDIZC |CYCLE
----------------------------------------
00|00|00|FE |0705 |1/4  |10100100 |5654
00|00|00|FE |0705 |2/4  |10100100 |5655
00|00|00|FE |0705 |3/4  |10100100 |5656
00|00|00|FE |0705 |4/4  |10100100 |5657


---------------
Opcode: 4A
Instruction:LSR Addressing Mode:Accumulator - Operand (Value: "0x00", Address: "None")
Instruction cycle count set to 2
A |X |Y |SP |PC   |T/MT |NV-BDIZC |CYCLE
----------------------------------------
00|00|00|FE |0706 |1/2  |00100110 |5658
00|00|00|FE |0706 |2/2  |00100110 |5659


---------------
Opcode: C9
ll: 02
Instruction:CMP Addressing Mode:Immediate - Operand (Value: "0x02", Address: "None")
Instruction cycle count set to 2
A |X |Y |SP |PC   |T/MT |NV-BDIZC |CYCLE
----------------------------------------
00|00|00|FE |0708 |1/2  |10100100 |5660
00|00|00|FE |0708 |2/2  |10100100 |5661


---------------
Opcode: D0
ll: F8
Old PC: 070A Offset:-8 New PC: 0702
Instruction:BNE Addressing Mode:Relative - Operand (Value: "None", Address: "0x0702")
Instruction cycle count set to 2
A |X |Y |SP |PC   |T/MT |NV-BDIZC |CYCLE
----------------------------------------
00|00|00|FE |0702 |1/3  |10100100 |5662
00|00|00|FE |0702 |2/3  |10100100 |5663
00|00|00|FE |0702 |3/3  |10100100 |5664


---------------
Opcode: 8D
ll: 00 hh: A0
Instruction:STA Addressing Mode:Absolute - Operand (Value: "0x00", Address: "0xA000")
Writing value 0x00 to address: 0xA000
0xA000: 0x00
Instruction cycle count set to 4
A |X |Y |SP |PC   |T/MT |NV-BDIZC |CYCLE
----------------------------------------
00|00|00|FE |0705 |1/4  |10100100 |5665
00|00|00|FE |0705 |2/4  |10100100 |5666
00|00|00|FE |0705 |3/4  |10100100 |5667
00|00|00|FE |0705 |4/4  |10100100 |5668


---------------
Opcode: 4A
Instruction:LSR Addressing Mode:Accumulator - Operand (Value: "0x00", Address: "None")
Instruction cycle count set to 2
A |X |Y |SP |PC   |T/MT |NV-BDIZC |CYCLE
----------------------------------------
00|00|00|FE |0706 |1/2  |00100110 |5669
00|00|00|FE |0706 |2/2  |00100110 |5670


---------------
Opcode: C9
ll: 02
Instruction:CMP Addressing Mode:Immediate - Operand (Value: "0x02", Address: "None")
Instruction cycle count set to 2
A |X |Y |SP |PC   |T/MT |NV-BDIZC |CYCLE
----------------------------------------
00|00|00|FE |0708 |1/2  |10100100 |5671
00|00|00|FE |0708 |2/2  |10100100 |5672


---------------
Opcode: D0
ll: F8
Old PC: 070A Offset:-8 New PC: 0702
Instruction:BNE Addressing Mode:Relative - Operand (Value: "None", Address: "0x0702")
Instruction cycle count set to 2
A |X |Y |SP |PC   |T/MT |NV-BDIZC |CYCLE
----------------------------------------
00|00|00|FE |0702 |1/3  |10100100 |5673
00|00|00|FE |0702 |2/3  |10100100 |5674
00|00|00|FE |0702 |3/3  |10100100 |5675


---------------
Opcode: 8D
ll: 00 hh: A0
Instruction:STA Addressing Mode:Absolute - Operand (Value: "0x00", Address: "0xA000")
Writing value 0x00 to address: 0xA000
0xA000: 0x00
Instruction cycle count set to 4
A |X |Y |SP |PC   |T/MT |NV-BDIZC |CYCLE
----------------------------------------
00|00|00|FE |0705 |1/4  |10100100 |5676
00|00|00|FE |0705 |2/4  |10100100 |5677
00|00|00|FE |0705 |3/4  |10100100 |5678
00|00|00|FE |0705 |4/4  |10100100 |5679


---------------
Opcode: 4A
Instruction:LSR Addressing Mode:Accumulator - Operand (Value: "0x00", Address: "None")
Instruction cycle count set to 2
A |X |Y |SP |PC   |T/MT |NV-BDIZC |CYCLE
----------------------------------------
00|00|00|FE |0706 |1/2  |00100110 |5680
00|00|00|FE |0706 |2/2  |00100110 |5681


---------------
Opcode: C9
ll: 02
Instruction:CMP Addressing Mode:Immediate - Operand (Value: "0x02", Address: "None")
Instruction cycle count set to 2
A |X |Y |SP |PC   |T/MT |NV-BDIZC |CYCLE
----------------------------------------
00|00|00|FE |0708 |1/2  |10100100 |5682
00|00|00|FE |0708 |2/2  |10100100 |5683


---------------
Opcode: D0
ll: F8
Old PC: 070A Offset:-8 New PC: 0702
Instruction:BNE Addressing Mode:Relative - Operand (Value: "None", Address: "0x0702")
Instruction cycle count set to 2
A |X |Y |SP |PC   |T/MT |NV-BDIZC |CYCLE
----------------------------------------
00|00|00|FE |0702 |1/3  |10100100 |5684
00|00|00|FE |0702 |2/3  |10100100 |5685
00|00|00|FE |0702 |3/3  |10100100 |5686


---------------
Opcode: 8D
ll: 00 hh: A0
Instruction:STA Addressing Mode:Absolute - Operand (Value: "0x00", Address: "0xA000")
Writing value 0x00 to address: 0xA000
0xA000: 0x00
Instruction cycle count set to 4
A |X |Y |SP |PC   |T/MT |NV-BDIZC |CYCLE
----------------------------------------
00|00|00|FE |0705 |1/4  |10100100 |5687
00|00|00|FE |0705 |2/4  |10100100 |5688
00|00|00|FE |0705 |3/4  |10100100 |5689
00|00|00|FE |0705 |4/4  |10100100 |5690


---------------
Opcode: 4A
Instruction:LSR Addressing Mode:Accumulator - Operand (Value: "0x00", Address: "None")
Instruction cycle count set to 2
A |X |Y |SP |PC   |T/MT |NV-BDIZC |CYCLE
----------------------------------------
00|00|00|FE |0706 |1/2  |00100110 |5691
00|00|00|FE |0706 |2/2  |00100110 |5692


---------------
Opcode: C9
ll: 02
Instruction:CMP Addressing Mode:Immediate - Operand (Value: "0x02", Address: "None")
Instruction cycle count set to 2
A |X |Y |SP |PC   |T/MT |NV-BDIZC |CYCLE
----------------------------------------
00|00|00|FE |0708 |1/2  |10100100 |5693
00|00|00|FE |0708 |2/2  |10100100 |5694


---------------
Opcode: D0
ll: F8
Old PC: 070A Offset:-8 New PC: 0702
Instruction:BNE Addressing Mode:Relative - Operand (Value: "None", Address: "0x0702")
Instruction cycle count set to 2
A |X |Y |SP |PC   |T/MT |NV-BDIZC |CYCLE
----------------------------------------
00|00|00|FE |0702 |1/3  |10100100 |5695
00|00|00|FE |0702 |2/3  |10100100 |5696
00|00|00|FE |0702 |3/3  |10100100 |5697


---------------
Opcode: 8D
ll: 00 hh: A0
Instruction:STA Addressing Mode:Absolute - Operand (Value: "0x00", Address: "0xA000")
Writing value 0x00 to address: 0xA000
0xA000: 0x00
Instruction cycle count set to 4
A |X |Y |SP |PC   |T/MT |NV-BDIZC |CYCLE
----------------------------------------
00|00|00|FE |0705 |1/4  |10100100 |5698
00|00|00|FE |0705 |2/4  |10100100 |5699
00|00|00|FE |0705 |3/4  |10100100 |5700
00|00|00|FE |0705 |4/4  |10100100 |5701


---------------
Opcode: 4A
Instruction:LSR Addressing Mode:Accumulator - Operand (Value: "0x00", Address: "None")
Instruction cycle count set to 2
A |X |Y |SP |PC   |T/MT |NV-BDIZC |CYCLE
----------------------------------------
00|00|00|FE |0706 |1/2  |00100110 |5702
00|00|00|FE |0706 |2/2  |00100110 |5703


---------------
Opcode: C9
ll: 02
Instruction:CMP Addressing Mode:Immediate - Operand (Value: "0x02", Address: "None")
Instruction cycle count set to 2
A |X |Y |SP |PC   |T/MT |NV-BDIZC |CYCLE
----------------------------------------
00|00|00|FE |0708 |1/2  |10100100 |5704
00|00|00|FE |0708 |2/2  |10100100 |5705


---------------
Opcode: D0
ll: F8
Old PC: 070A Offset:-8 New PC: 0702
Instruction:BNE Addressing Mode:Relative - Operand (Value: "None", Address: "0x0702")
Instruction cycle count set to 2
A |X |Y |SP |PC   |T/MT |NV-BDIZC |CYCLE
----------------------------------------
00|00|00|FE |0702 |1/3  |10100100 |5706
00|00|00|FE |0702 |2/3  |10100100 |5707
00|00|00|FE |0702 |3/3  |10100100 |5708


---------------
Opcode: 8D
ll: 00 hh: A0
Instruction:STA Addressing Mode:Absolute - Operand (Value: "0x00", Address: "0xA000")
Writing value 0x00 to address: 0xA000
0xA000: 0x00
Instruction cycle count set to 4
A |X |Y |SP |PC   |T/MT |NV-BDIZC |CYCLE
----------------------------------------
00|00|00|FE |0705 |1/4  |10100100 |5709
00|00|00|FE |0705 |2/4  |10100100 |5710
00|00|00|FE |0705 |3/4  |10100100 |5711
00|00|00|FE |0705 |4/4  |10100100 |5712


---------------
Opcode: 4A
Instruction:LSR Addressing Mode:Accumulator - Operand (Value: "0x00", Address: "None")
Instruction cycle count set to 2
A |X |Y |SP |PC   |T/MT |NV-BDIZC |CYCLE
----------------------------------------
00|00|00|FE |0706 |1/2  |00100110 |5713
00|00|00|FE |0706 |2/2  |00100110 |5714


---------------
Opcode: C9
ll: 02
Instruction:CMP Addressing Mode:Immediate - Operand (Value: "0x02", Address: "None")
Instruction cycle count set to 2
A |X |Y |SP |PC   |T/MT |NV-BDIZC |CYCLE
----------------------------------------
00|00|00|FE |0708 |1/2  |10100100 |5715
00|00|00|FE |0708 |2/2  |10100100 |5716


---------------
Opcode: D0
ll: F8
Old PC: 070A Offset:-8 New PC: 0702
Instruction:BNE Addressing Mode:Relative - Operand (Value: "None", Address: "0x0702")
Instruction cycle count set to 2
A |X |Y |SP |PC   |T/MT |NV-BDIZC |CYCLE
----------------------------------------
00|00|00|FE |0702 |1/3  |10100100 |5717
00|00|00|FE |0702 |2/3  |10100100 |5718
00|00|00|FE |0702 |3/3  |10100100 |5719


---------------
Opcode: 8D
ll: 00 hh: A0
Instruction:STA Addressing Mode:Absolute - Operand (Value: "0x00", Address: "0xA000")
Writing value 0x00 to address: 0xA000
0xA000: 0x00
Instruction cycle count set to 4
A |X |Y |SP |PC   |T/MT |NV-BDIZC |CYCLE
----------------------------------------
00|00|00|FE |0705 |1/4  |10100100 |5720
00|00|00|FE |0705 |2/4  |10100100 |5721
00|00|00|FE |0705 |3/4  |10100100 |5722
00|00|00|FE |0705 |4/4  |10100100 |5723


---------------
Opcode: 4A
Instruction:LSR Addressing Mode:Accumulator - Operand (Value: "0x00", Address: "None")
Instruction cycle count set to 2
A |X |Y |SP |PC   |T/MT |NV-BDIZC |CYCLE
----------------------------------------
00|00|00|FE |0706 |1/2  |00100110 |5724
00|00|00|FE |0706 |2/2  |00100110 |5725


---------------
Opcode: C9
ll: 02
Instruction:CMP Addressing Mode:Immediate - Operand (Value: "0x02", Address: "None")
Instruction cycle count set to 2
A |X |Y |SP |PC   |T/MT |NV-BDIZC |CYCLE
----------------------------------------
00|00|00|FE |0708 |1/2  |10100100 |5726
00|00|00|FE |0708 |2/2  |10100100 |5727


---------------
Opcode: D0
ll: F8
Old PC: 070A Offset:-8 New PC: 0702
Instruction:BNE Addressing Mode:Relative - Operand (Value: "None", Address: "0x0702")
Instruction cycle count set to 2
A |X |Y |SP |PC   |T/MT |NV-BDIZC |CYCLE
----------------------------------------
00|00|00|FE |0702 |1/3  |10100100 |5728
00|00|00|FE |0702 |2/3  |10100100 |5729
00|00|00|FE |0702 |3/3  |10100100 |5730


---------------
Opcode: 8D
ll: 00 hh: A0
Instruction:STA Addressing Mode:Absolute - Operand (Value: "0x00", Address: "0xA000")
Writing value 0x00 to address: 0xA000
0xA000: 0x00
Instruction cycle count set to 4
A |X |Y |SP |PC   |T/MT |NV-BDIZC |CYCLE
----------------------------------------
00|00|00|FE |0705 |1/4  |10100100 |5731
00|00|00|FE |0705 |2/4  |10100100 |5732
00|00|00|FE |0705 |3/4  |10100100 |5733
00|00|00|FE |0705 |4/4  |10100100 |5734


---------------
Opcode: 4A
Instruction:LSR Addressing Mode:Accumulator - Operand (Value: "0x00", Address: "None")
Instruction cycle count set to 2
A |X |Y |SP |PC   |T/MT |NV-BDIZC |CYCLE
----------------------------------------
00|00|00|FE |0706 |1/2  |00100110 |5735
00|00|00|FE |0706 |2/2  |00100110 |5736


---------------
Opcode: C9
ll: 02
Instruction:CMP Addressing Mode:Immediate - Operand (Value: "0x02", Address: "None")
Instruction cycle count set to 2
A |X |Y |SP |PC   |T/MT |NV-BDIZC |CYCLE
----------------------------------------
00|00|00|FE |0708 |1/2  |10100100 |5737
00|00|00|FE |0708 |2/2  |10100100 |5738


---------------
Opcode: D0
ll: F8
Old PC: 070A Offset:-8 New PC: 0702
Instruction:BNE Addressing Mode:Relative - Operand (Value: "None", Address: "0x0702")
Instruction cycle count set to 2
A |X |Y |SP |PC   |T/MT |NV-BDIZC |CYCLE
----------------------------------------
00|00|00|FE |0702 |1/3  |10100100 |5739
00|00|00|FE |0702 |2/3  |10100100 |5740
00|00|00|FE |0702 |3/3  |10100100 |5741


---------------
Opcode: 8D
ll: 00 hh: A0
Instruction:STA Addressing Mode:Absolute - Operand (Value: "0x00", Address: "0xA000")
Writing value 0x00 to address: 0xA000
0xA000: 0x00
Instruction cycle count set to 4
A |X |Y |SP |PC   |T/MT |NV-BDIZC |CYCLE
----------------------------------------
00|00|00|FE |0705 |1/4  |10100100 |5742
00|00|00|FE |0705 |2/4  |10100100 |5743
00|00|00|FE |0705 |3/4  |10100100 |5744
00|00|00|FE |0705 |4/4  |10100100 |5745


---------------
Opcode: 4A
Instruction:LSR Addressing Mode:Accumulator - Operand (Value: "0x00", Address: "None")
Instruction cycle count set to 2
A |X |Y |SP |PC   |T/MT |NV-BDIZC |CYCLE
----------------------------------------
00|00|00|FE |0706 |1/2  |00100110 |5746
00|00|00|FE |0706 |2/2  |00100110 |5747


---------------
Opcode: C9
ll: 02
Instruction:CMP Addressing Mode:Immediate - Operand (Value: "0x02", Address: "None")
Instruction cycle count set to 2
A |X |Y |SP |PC   |T/MT |NV-BDIZC |CYCLE
----------------------------------------
00|00|00|FE |0708 |1/2  |10100100 |5748
00|00|00|FE |0708 |2/2  |10100100 |5749


---------------
Opcode: D0
ll: F8
Old PC: 070A Offset:-8 New PC: 0702
Instruction:BNE Addressing Mode:Relative - Operand (Value: "None", Address: "0x0702")
Instruction cycle count set to 2
A |X |Y |SP |PC   |T/MT |NV-BDIZC |CYCLE
----------------------------------------
00|00|00|FE |0702 |1/3  |10100100 |5750
00|00|00|FE |0702 |2/3  |10100100 |5751
00|00|00|FE |0702 |3/3  |10100100 |5752


---------------
Opcode: 8D
ll: 00 hh: A0
Instruction:STA Addressing Mode:Absolute - Operand (Value: "0x00", Address: "0xA000")
Writing value 0x00 to address: 0xA000
0xA000: 0x00
Instruction cycle count set to 4
A |X |Y |SP |PC   |T/MT |NV-BDIZC |CYCLE
----------------------------------------
00|00|00|FE |0705 |1/4  |10100100 |5753
00|00|00|FE |0705 |2/4  |10100100 |5754
00|00|00|FE |0705 |3/4  |10100100 |5755
00|00|00|FE |0705 |4/4  |10100100 |5756


---------------
Opcode: 4A
Instruction:LSR Addressing Mode:Accumulator - Operand (Value: "0x00", Address: "None")
Instruction cycle count set to 2
A |X |Y |SP |PC   |T/MT |NV-BDIZC |CYCLE
----------------------------------------
00|00|00|FE |0706 |1/2  |00100110 |5757
00|00|00|FE |0706 |2/2  |00100110 |5758


---------------
Opcode: C9
ll: 02
Instruction:CMP Addressing Mode:Immediate - Operand (Value: "0x02", Address: "None")
Instruction cycle count set to 2
A |X |Y |SP |PC   |T/MT |NV-BDIZC |CYCLE
----------------------------------------
00|00|00|FE |0708 |1/2  |10100100 |5759
00|00|00|FE |0708 |2/2  |10100100 |5760


---------------
Opcode: D0
ll: F8
Old PC: 070A Offset:-8 New PC: 0702
Instruction:BNE Addressing Mode:Relative - Operand (Value: "None", Address: "0x0702")
Instruction cycle count set to 2
A |X |Y |SP |PC   |T/MT |NV-BDIZC |CYCLE
----------------------------------------
00|00|00|FE |0702 |1/3  |10100100 |5761
00|00|00|FE |0702 |2/3  |10100100 |5762
00|00|00|FE |0702 |3/3  |10100100 |5763


---------------
Opcode: 8D
ll: 00 hh: A0
Instruction:STA Addressing Mode:Absolute - Operand (Value: "0x00", Address: "0xA000")
Writing value 0x00 to address: 0xA000
0xA000: 0x00
Instruction cycle count set to 4
A |X |Y |SP |PC   |T/MT |NV-BDIZC |CYCLE
----------------------------------------
00|00|00|FE |0705 |1/4  |10100100 |5764
00|00|00|FE |0705 |2/4  |10100100 |5765
00|00|00|FE |0705 |3/4  |10100100 |5766
00|00|00|FE |0705 |4/4  |10100100 |5767


---------------
Opcode: 4A
Instruction:LSR Addressing Mode:Accumulator - Operand (Value: "0x00", Address: "None")
Instruction cycle count set to 2
A |X |Y |SP |PC   |T/MT |NV-BDIZC |CYCLE
----------------------------------------
00|00|00|FE |0706 |1/2  |00100110 |5768
00|00|00|FE |0706 |2/2  |00100110 |5769


---------------
Opcode: C9
ll: 02
Instruction:CMP Addressing Mode:Immediate - Operand (Value: "0x02", Address: "None")
Instruction cycle count set to 2
A |X |Y |SP |PC   |T/MT |NV-BDIZC |CYCLE
----------------------------------------
00|00|00|FE |0708 |1/2  |10100100 |5770
00|00|00|FE |0708 |2/2  |10100100 |5771


---------------
Opcode: D0
ll: F8
Old PC: 070A Offset:-8 New PC: 0702
Instruction:BNE Addressing Mode:Relative - Operand (Value: "None", Address: "0x0702")
Instruction cycle count set to 2
A |X |Y |SP |PC   |T/MT |NV-BDIZC |CYCLE
----------------------------------------
00|00|00|FE |0702 |1/3  |10100100 |5772
00|00|00|FE |0702 |2/3  |10100100 |5773
00|00|00|FE |0702 |3/3  |10100100 |5774


---------------
Opcode: 8D
ll: 00 hh: A0
Instruction:STA Addressing Mode:Absolute - Operand (Value: "0x00", Address: "0xA000")
Writing value 0x00 to address: 0xA000
0xA000: 0x00
Instruction cycle count set to 4
A |X |Y |SP |PC   |T/MT |NV-BDIZC |CYCLE
----------------------------------------
00|00|00|FE |0705 |1/4  |10100100 |5775
00|00|00|FE |0705 |2/4  |10100100 |5776
00|00|00|FE |0705 |3/4  |10100100 |5777
00|00|00|FE |0705 |4/4  |10100100 |5778


---------------
Opcode: 4A
Instruction:LSR Addressing Mode:Accumulator - Operand (Value: "0x00", Address: "None")
Instruction cycle count set to 2
A |X |Y |SP |PC   |T/MT |NV-BDIZC |CYCLE
----------------------------------------
00|00|00|FE |0706 |1/2  |00100110 |5779
00|00|00|FE |0706 |2/2  |00100110 |5780


---------------
Opcode: C9
ll: 02
Instruction:CMP Addressing Mode:Immediate - Operand (Value: "0x02", Address: "None")
Instruction cycle count set to 2
A |X |Y |SP |PC   |T/MT |NV-BDIZC |CYCLE
----------------------------------------
00|00|00|FE |0708 |1/2  |10100100 |5781
00|00|00|FE |0708 |2/2  |10100100 |5782


---------------
Opcode: D0
ll: F8
Old PC: 070A Offset:-8 New PC: 0702
Instruction:BNE Addressing Mode:Relative - Operand (Value: "None", Address: "0x0702")
Instruction cycle count set to 2
A |X |Y |SP |PC   |T/MT |NV-BDIZC |CYCLE
----------------------------------------
00|00|00|FE |0702 |1/3  |10100100 |5783
00|00|00|FE |0702 |2/3  |10100100 |5784
00|00|00|FE |0702 |3/3  |10100100 |5785


---------------
Opcode: 8D
ll: 00 hh: A0
Instruction:STA Addressing Mode:Absolute - Operand (Value: "0x00", Address: "0xA000")
Writing value 0x00 to address: 0xA000
0xA000: 0x00
Instruction cycle count set to 4
A |X |Y |SP |PC   |T/MT |NV-BDIZC |CYCLE
----------------------------------------
00|00|00|FE |0705 |1/4  |10100100 |5786
00|00|00|FE |0705 |2/4  |10100100 |5787
00|00|00|FE |0705 |3/4  |10100100 |5788
00|00|00|FE |0705 |4/4  |10100100 |5789


---------------
Opcode: 4A
Instruction:LSR Addressing Mode:Accumulator - Operand (Value: "0x00", Address: "None")
Instruction cycle count set to 2
A |X |Y |SP |PC   |T/MT |NV-BDIZC |CYCLE
----------------------------------------
00|00|00|FE |0706 |1/2  |00100110 |5790
00|00|00|FE |0706 |2/2  |00100110 |5791


---------------
Opcode: C9
ll: 02
Instruction:CMP Addressing Mode:Immediate - Operand (Value: "0x02", Address: "None")
Instruction cycle count set to 2
A |X |Y |SP |PC   |T/MT |NV-BDIZC |CYCLE
----------------------------------------
00|00|00|FE |0708 |1/2  |10100100 |5792
00|00|00|FE |0708 |2/2  |10100100 |5793


---------------
Opcode: D0
ll: F8
Old PC: 070A Offset:-8 New PC: 0702
Instruction:BNE Addressing Mode:Relative - Operand (Value: "None", Address: "0x0702")
Instruction cycle count set to 2
A |X |Y |SP |PC   |T/MT |NV-BDIZC |CYCLE
----------------------------------------
00|00|00|FE |0702 |1/3  |10100100 |5794
00|00|00|FE |0702 |2/3  |10100100 |5795
00|00|00|FE |0702 |3/3  |10100100 |5796


---------------
Opcode: 8D
ll: 00 hh: A0
Instruction:STA Addressing Mode:Absolute - Operand (Value: "0x00", Address: "0xA000")
Writing value 0x00 to address: 0xA000
0xA000: 0x00
Instruction cycle count set to 4
A |X |Y |SP |PC   |T/MT |NV-BDIZC |CYCLE
----------------------------------------
00|00|00|FE |0705 |1/4  |10100100 |5797
00|00|00|FE |0705 |2/4  |10100100 |5798
00|00|00|FE |0705 |3/4  |10100100 |5799
00|00|00|FE |0705 |4/4  |10100100 |5800


---------------
Opcode: 4A
Instruction:LSR Addressing Mode:Accumulator - Operand (Value: "0x00", Address: "None")
Instruction cycle count set to 2
A |X |Y |SP |PC   |T/MT |NV-BDIZC |CYCLE
----------------------------------------
00|00|00|FE |0706 |1/2  |00100110 |5801
00|00|00|FE |0706 |2/2  |00100110 |5802


---------------
Opcode: C9
ll: 02
Instruction:CMP Addressing Mode:Immediate - Operand (Value: "0x02", Address: "None")
Instruction cycle count set to 2
A |X |Y |SP |PC   |T/MT |NV-BDIZC |CYCLE
----------------------------------------
00|00|00|FE |0708 |1/2  |10100100 |5803
00|00|00|FE |0708 |2/2  |10100100 |5804


---------------
Opcode: D0
ll: F8
Old PC: 070A Offset:-8 New PC: 0702
Instruction:BNE Addressing Mode:Relative - Operand (Value: "None", Address: "0x0702")
Instruction cycle count set to 2
A |X |Y |SP |PC   |T/MT |NV-BDIZC |CYCLE
----------------------------------------
00|00|00|FE |0702 |1/3  |10100100 |5805
00|00|00|FE |0702 |2/3  |10100100 |5806
00|00|00|FE |0702 |3/3  |10100100 |5807


---------------
Opcode: 8D
ll: 00 hh: A0
Instruction:STA Addressing Mode:Absolute - Operand (Value: "0x00", Address: "0xA000")
Writing value 0x00 to address: 0xA000
0xA000: 0x00
Instruction cycle count set to 4
A |X |Y |SP |PC   |T/MT |NV-BDIZC |CYCLE
----------------------------------------
00|00|00|FE |0705 |1/4  |10100100 |5808
00|00|00|FE |0705 |2/4  |10100100 |5809
00|00|00|FE |0705 |3/4  |10100100 |5810
00|00|00|FE |0705 |4/4  |10100100 |5811


---------------
Opcode: 4A
Instruction:LSR Addressing Mode:Accumulator - Operand (Value: "0x00", Address: "None")
Instruction cycle count set to 2
A |X |Y |SP |PC   |T/MT |NV-BDIZC |CYCLE
----------------------------------------
00|00|00|FE |0706 |1/2  |00100110 |5812
00|00|00|FE |0706 |2/2  |00100110 |5813


---------------
Opcode: C9
ll: 02
Instruction:CMP Addressing Mode:Immediate - Operand (Value: "0x02", Address: "None")
Instruction cycle count set to 2
A |X |Y |SP |PC   |T/MT |NV-BDIZC |CYCLE
----------------------------------------
00|00|00|FE |0708 |1/2  |10100100 |5814
00|00|00|FE |0708 |2/2  |10100100 |5815


---------------
Opcode: D0
ll: F8
Old PC: 070A Offset:-8 New PC: 0702
Instruction:BNE Addressing Mode:Relative - Operand (Value: "None", Address: "0x0702")
Instruction cycle count set to 2
A |X |Y |SP |PC   |T/MT |NV-BDIZC |CYCLE
----------------------------------------
00|00|00|FE |0702 |1/3  |10100100 |5816
00|00|00|FE |0702 |2/3  |10100100 |5817
00|00|00|FE |0702 |3/3  |10100100 |5818


---------------
Opcode: 8D
ll: 00 hh: A0
Instruction:STA Addressing Mode:Absolute - Operand (Value: "0x00", Address: "0xA000")
Writing value 0x00 to address: 0xA000
0xA000: 0x00
Instruction cycle count set to 4
A |X |Y |SP |PC   |T/MT |NV-BDIZC |CYCLE
----------------------------------------
00|00|00|FE |0705 |1/4  |10100100 |5819
00|00|00|FE |0705 |2/4  |10100100 |5820
00|00|00|FE |0705 |3/4  |10100100 |5821
00|00|00|FE |0705 |4/4  |10100100 |5822


---------------
Opcode: 4A
Instruction:LSR Addressing Mode:Accumulator - Operand (Value: "0x00", Address: "None")
Instruction cycle count set to 2
A |X |Y |SP |PC   |T/MT |NV-BDIZC |CYCLE
----------------------------------------
00|00|00|FE |0706 |1/2  |00100110 |5823
00|00|00|FE |0706 |2/2  |00100110 |5824


---------------
Opcode: C9
ll: 02
Instruction:CMP Addressing Mode:Immediate - Operand (Value: "0x02", Address: "None")
Instruction cycle count set to 2
A |X |Y |SP |PC   |T/MT |NV-BDIZC |CYCLE
----------------------------------------
00|00|00|FE |0708 |1/2  |10100100 |5825
00|00|00|FE |0708 |2/2  |10100100 |5826


---------------
Opcode: D0
ll: F8
Old PC: 070A Offset:-8 New PC: 0702
Instruction:BNE Addressing Mode:Relative - Operand (Value: "None", Address: "0x0702")
Instruction cycle count set to 2
A |X |Y |SP |PC   |T/MT |NV-BDIZC |CYCLE
----------------------------------------
00|00|00|FE |0702 |1/3  |10100100 |5827
00|00|00|FE |0702 |2/3  |10100100 |5828
00|00|00|FE |0702 |3/3  |10100100 |5829


---------------
Opcode: 8D
ll: 00 hh: A0
Instruction:STA Addressing Mode:Absolute - Operand (Value: "0x00", Address: "0xA000")
Writing value 0x00 to address: 0xA000
0xA000: 0x00
Instruction cycle count set to 4
A |X |Y |SP |PC   |T/MT |NV-BDIZC |CYCLE
----------------------------------------
00|00|00|FE |0705 |1/4  |10100100 |5830
00|00|00|FE |0705 |2/4  |10100100 |5831
00|00|00|FE |0705 |3/4  |10100100 |5832
00|00|00|FE |0705 |4/4  |10100100 |5833


---------------
Opcode: 4A
Instruction:LSR Addressing Mode:Accumulator - Operand (Value: "0x00", Address: "None")
Instruction cycle count set to 2
A |X |Y |SP |PC   |T/MT |NV-BDIZC |CYCLE
----------------------------------------
00|00|00|FE |0706 |1/2  |00100110 |5834
00|00|00|FE |0706 |2/2  |00100110 |5835


---------------
Opcode: C9
ll: 02
Instruction:CMP Addressing Mode:Immediate - Operand (Value: "0x02", Address: "None")
Instruction cycle count set to 2
A |X |Y |SP |PC   |T/MT |NV-BDIZC |CYCLE
----------------------------------------
00|00|00|FE |0708 |1/2  |10100100 |5836
00|00|00|FE |0708 |2/2  |10100100 |5837


---------------
Opcode: D0
ll: F8
Old PC: 070A Offset:-8 New PC: 0702
Instruction:BNE Addressing Mode:Relative - Operand (Value: "None", Address: "0x0702")
Instruction cycle count set to 2
A |X |Y |SP |PC   |T/MT |NV-BDIZC |CYCLE
----------------------------------------
00|00|00|FE |0702 |1/3  |10100100 |5838
00|00|00|FE |0702 |2/3  |10100100 |5839
00|00|00|FE |0702 |3/3  |10100100 |5840


---------------
Opcode: 8D
ll: 00 hh: A0
Instruction:STA Addressing Mode:Absolute - Operand (Value: "0x00", Address: "0xA000")
Writing value 0x00 to address: 0xA000
0xA000: 0x00
Instruction cycle count set to 4
A |X |Y |SP |PC   |T/MT |NV-BDIZC |CYCLE
----------------------------------------
00|00|00|FE |0705 |1/4  |10100100 |5841
00|00|00|FE |0705 |2/4  |10100100 |5842
00|00|00|FE |0705 |3/4  |10100100 |5843
00|00|00|FE |0705 |4/4  |10100100 |5844


---------------
Opcode: 4A
Instruction:LSR Addressing Mode:Accumulator - Operand (Value: "0x00", Address: "None")
Instruction cycle count set to 2
A |X |Y |SP |PC   |T/MT |NV-BDIZC |CYCLE
----------------------------------------
00|00|00|FE |0706 |1/2  |00100110 |5845
00|00|00|FE |0706 |2/2  |00100110 |5846


---------------
Opcode: C9
ll: 02
Instruction:CMP Addressing Mode:Immediate - Operand (Value: "0x02", Address: "None")
Instruction cycle count set to 2
A |X |Y |SP |PC   |T/MT |NV-BDIZC |CYCLE
----------------------------------------
00|00|00|FE |0708 |1/2  |10100100 |5847
00|00|00|FE |0708 |2/2  |10100100 |5848


---------------
Opcode: D0
ll: F8
Old PC: 070A Offset:-8 New PC: 0702
Instruction:BNE Addressing Mode:Relative - Operand (Value: "None", Address: "0x0702")
Instruction cycle count set to 2
A |X |Y |SP |PC   |T/MT |NV-BDIZC |CYCLE
----------------------------------------
00|00|00|FE |0702 |1/3  |10100100 |5849
00|00|00|FE |0702 |2/3  |10100100 |5850
00|00|00|FE |0702 |3/3  |10100100 |5851


---------------
Opcode: 8D
ll: 00 hh: A0
Instruction:STA Addressing Mode:Absolute - Operand (Value: "0x00", Address: "0xA000")
Writing value 0x00 to address: 0xA000
0xA000: 0x00
Instruction cycle count set to 4
A |X |Y |SP |PC   |T/MT |NV-BDIZC |CYCLE
----------------------------------------
00|00|00|FE |0705 |1/4  |10100100 |5852
00|00|00|FE |0705 |2/4  |10100100 |5853
00|00|00|FE |0705 |3/4  |10100100 |5854
00|00|00|FE |0705 |4/4  |10100100 |5855


---------------
Opcode: 4A
Instruction:LSR Addressing Mode:Accumulator - Operand (Value: "0x00", Address: "None")
Instruction cycle count set to 2
A |X |Y |SP |PC   |T/MT |NV-BDIZC |CYCLE
----------------------------------------
00|00|00|FE |0706 |1/2  |00100110 |5856
00|00|00|FE |0706 |2/2  |00100110 |5857


---------------
Opcode: C9
ll: 02
Instruction:CMP Addressing Mode:Immediate - Operand (Value: "0x02", Address: "None")
Instruction cycle count set to 2
A |X |Y |SP |PC   |T/MT |NV-BDIZC |CYCLE
----------------------------------------
00|00|00|FE |0708 |1/2  |10100100 |5858
00|00|00|FE |0708 |2/2  |10100100 |5859


---------------
Opcode: D0
ll: F8
Old PC: 070A Offset:-8 New PC: 0702
Instruction:BNE Addressing Mode:Relative - Operand (Value: "None", Address: "0x0702")
Instruction cycle count set to 2
A |X |Y |SP |PC   |T/MT |NV-BDIZC |CYCLE
----------------------------------------
00|00|00|FE |0702 |1/3  |10100100 |5860
00|00|00|FE |0702 |2/3  |10100100 |5861
00|00|00|FE |0702 |3/3  |10100100 |5862


---------------
Opcode: 8D
ll: 00 hh: A0
Instruction:STA Addressing Mode:Absolute - Operand (Value: "0x00", Address: "0xA000")
Writing value 0x00 to address: 0xA000
0xA000: 0x00
Instruction cycle count set to 4
A |X |Y |SP |PC   |T/MT |NV-BDIZC |CYCLE
----------------------------------------
00|00|00|FE |0705 |1/4  |10100100 |5863
00|00|00|FE |0705 |2/4  |10100100 |5864
00|00|00|FE |0705 |3/4  |10100100 |5865
00|00|00|FE |0705 |4/4  |10100100 |5866


---------------
Opcode: 4A
Instruction:LSR Addressing Mode:Accumulator - Operand (Value: "0x00", Address: "None")
Instruction cycle count set to 2
A |X |Y |SP |PC   |T/MT |NV-BDIZC |CYCLE
----------------------------------------
00|00|00|FE |0706 |1/2  |00100110 |5867
00|00|00|FE |0706 |2/2  |00100110 |5868


---------------
Opcode: C9
ll: 02
Instruction:CMP Addressing Mode:Immediate - Operand (Value: "0x02", Address: "None")
Instruction cycle count set to 2
A |X |Y |SP |PC   |T/MT |NV-BDIZC |CYCLE
----------------------------------------
00|00|00|FE |0708 |1/2  |10100100 |5869
00|00|00|FE |0708 |2/2  |10100100 |5870


---------------
Opcode: D0
ll: F8
Old PC: 070A Offset:-8 New PC: 0702
Instruction:BNE Addressing Mode:Relative - Operand (Value: "None", Address: "0x0702")
Instruction cycle count set to 2
A |X |Y |SP |PC   |T/MT |NV-BDIZC |CYCLE
----------------------------------------
00|00|00|FE |0702 |1/3  |10100100 |5871
00|00|00|FE |0702 |2/3  |10100100 |5872
00|00|00|FE |0702 |3/3  |10100100 |5873


---------------
Opcode: 8D
ll: 00 hh: A0
Instruction:STA Addressing Mode:Absolute - Operand (Value: "0x00", Address: "0xA000")
Writing value 0x00 to address: 0xA000
0xA000: 0x00
Instruction cycle count set to 4
A |X |Y |SP |PC   |T/MT |NV-BDIZC |CYCLE
----------------------------------------
00|00|00|FE |0705 |1/4  |10100100 |5874
00|00|00|FE |0705 |2/4  |10100100 |5875
00|00|00|FE |0705 |3/4  |10100100 |5876
00|00|00|FE |0705 |4/4  |10100100 |5877


---------------
Opcode: 4A
Instruction:LSR Addressing Mode:Accumulator - Operand (Value: "0x00", Address: "None")
Instruction cycle count set to 2
A |X |Y |SP |PC   |T/MT |NV-BDIZC |CYCLE
----------------------------------------
00|00|00|FE |0706 |1/2  |00100110 |5878
00|00|00|FE |0706 |2/2  |00100110 |5879


---------------
Opcode: C9
ll: 02
Instruction:CMP Addressing Mode:Immediate - Operand (Value: "0x02", Address: "None")
Instruction cycle count set to 2
A |X |Y |SP |PC   |T/MT |NV-BDIZC |CYCLE
----------------------------------------
00|00|00|FE |0708 |1/2  |10100100 |5880
00|00|00|FE |0708 |2/2  |10100100 |5881


---------------
Opcode: D0
ll: F8
Old PC: 070A Offset:-8 New PC: 0702
Instruction:BNE Addressing Mode:Relative - Operand (Value: "None", Address: "0x0702")
Instruction cycle count set to 2
A |X |Y |SP |PC   |T/MT |NV-BDIZC |CYCLE
----------------------------------------
00|00|00|FE |0702 |1/3  |10100100 |5882
00|00|00|FE |0702 |2/3  |10100100 |5883
00|00|00|FE |0702 |3/3  |10100100 |5884


---------------
Opcode: 8D
ll: 00 hh: A0
Instruction:STA Addressing Mode:Absolute - Operand (Value: "0x00", Address: "0xA000")
Writing value 0x00 to address: 0xA000
0xA000: 0x00
Instruction cycle count set to 4
A |X |Y |SP |PC   |T/MT |NV-BDIZC |CYCLE
----------------------------------------
00|00|00|FE |0705 |1/4  |10100100 |5885
00|00|00|FE |0705 |2/4  |10100100 |5886
00|00|00|FE |0705 |3/4  |10100100 |5887
00|00|00|FE |0705 |4/4  |10100100 |5888


---------------
Opcode: 4A
Instruction:LSR Addressing Mode:Accumulator - Operand (Value: "0x00", Address: "None")
Instruction cycle count set to 2
A |X |Y |SP |PC   |T/MT |NV-BDIZC |CYCLE
----------------------------------------
00|00|00|FE |0706 |1/2  |00100110 |5889
00|00|00|FE |0706 |2/2  |00100110 |5890


---------------
Opcode: C9
ll: 02
Instruction:CMP Addressing Mode:Immediate - Operand (Value: "0x02", Address: "None")
Instruction cycle count set to 2
A |X |Y |SP |PC   |T/MT |NV-BDIZC |CYCLE
----------------------------------------
00|00|00|FE |0708 |1/2  |10100100 |5891
00|00|00|FE |0708 |2/2  |10100100 |5892


---------------
Opcode: D0
ll: F8
Old PC: 070A Offset:-8 New PC: 0702
Instruction:BNE Addressing Mode:Relative - Operand (Value: "None", Address: "0x0702")
Instruction cycle count set to 2
A |X |Y |SP |PC   |T/MT |NV-BDIZC |CYCLE
----------------------------------------
00|00|00|FE |0702 |1/3  |10100100 |5893
00|00|00|FE |0702 |2/3  |10100100 |5894
00|00|00|FE |0702 |3/3  |10100100 |5895


---------------
Opcode: 8D
ll: 00 hh: A0
Instruction:STA Addressing Mode:Absolute - Operand (Value: "0x00", Address: "0xA000")
Writing value 0x00 to address: 0xA000
0xA000: 0x00
Instruction cycle count set to 4
A |X |Y |SP |PC   |T/MT |NV-BDIZC |CYCLE
----------------------------------------
00|00|00|FE |0705 |1/4  |10100100 |5896
00|00|00|FE |0705 |2/4  |10100100 |5897
00|00|00|FE |0705 |3/4  |10100100 |5898
00|00|00|FE |0705 |4/4  |10100100 |5899


---------------
Opcode: 4A
Instruction:LSR Addressing Mode:Accumulator - Operand (Value: "0x00", Address: "None")
Instruction cycle count set to 2
A |X |Y |SP |PC   |T/MT |NV-BDIZC |CYCLE
----------------------------------------
00|00|00|FE |0706 |1/2  |00100110 |5900
00|00|00|FE |0706 |2/2  |00100110 |5901


---------------
Opcode: C9
ll: 02
Instruction:CMP Addressing Mode:Immediate - Operand (Value: "0x02", Address: "None")
Instruction cycle count set to 2
A |X |Y |SP |PC   |T/MT |NV-BDIZC |CYCLE
----------------------------------------
00|00|00|FE |0708 |1/2  |10100100 |5902
00|00|00|FE |0708 |2/2  |10100100 |5903


---------------
Opcode: D0
ll: F8
Old PC: 070A Offset:-8 New PC: 0702
Instruction:BNE Addressing Mode:Relative - Operand (Value: "None", Address: "0x0702")
Instruction cycle count set to 2
A |X |Y |SP |PC   |T/MT |NV-BDIZC |CYCLE
----------------------------------------
00|00|00|FE |0702 |1/3  |10100100 |5904
00|00|00|FE |0702 |2/3  |10100100 |5905
00|00|00|FE |0702 |3/3  |10100100 |5906


---------------
Opcode: 8D
ll: 00 hh: A0
Instruction:STA Addressing Mode:Absolute - Operand (Value: "0x00", Address: "0xA000")
Writing value 0x00 to address: 0xA000
0xA000: 0x00
Instruction cycle count set to 4
A |X |Y |SP |PC   |T/MT |NV-BDIZC |CYCLE
----------------------------------------
00|00|00|FE |0705 |1/4  |10100100 |5907
00|00|00|FE |0705 |2/4  |10100100 |5908
00|00|00|FE |0705 |3/4  |10100100 |5909
00|00|00|FE |0705 |4/4  |10100100 |5910


---------------
Opcode: 4A
Instruction:LSR Addressing Mode:Accumulator - Operand (Value: "0x00", Address: "None")
Instruction cycle count set to 2
A |X |Y |SP |PC   |T/MT |NV-BDIZC |CYCLE
----------------------------------------
00|00|00|FE |0706 |1/2  |00100110 |5911
00|00|00|FE |0706 |2/2  |00100110 |5912


---------------
Opcode: C9
ll: 02
Instruction:CMP Addressing Mode:Immediate - Operand (Value: "0x02", Address: "None")
Instruction cycle count set to 2
A |X |Y |SP |PC   |T/MT |NV-BDIZC |CYCLE
----------------------------------------
00|00|00|FE |0708 |1/2  |10100100 |5913
00|00|00|FE |0708 |2/2  |10100100 |5914


---------------
Opcode: D0
ll: F8
Old PC: 070A Offset:-8 New PC: 0702
Instruction:BNE Addressing Mode:Relative - Operand (Value: "None", Address: "0x0702")
Instruction cycle count set to 2
A |X |Y |SP |PC   |T/MT |NV-BDIZC |CYCLE
----------------------------------------
00|00|00|FE |0702 |1/3  |10100100 |5915
00|00|00|FE |0702 |2/3  |10100100 |5916
00|00|00|FE |0702 |3/3  |10100100 |5917


---------------
Opcode: 8D
ll: 00 hh: A0
Instruction:STA Addressing Mode:Absolute - Operand (Value: "0x00", Address: "0xA000")
Writing value 0x00 to address: 0xA000
0xA000: 0x00
Instruction cycle count set to 4
A |X |Y |SP |PC   |T/MT |NV-BDIZC |CYCLE
----------------------------------------
00|00|00|FE |0705 |1/4  |10100100 |5918
00|00|00|FE |0705 |2/4  |10100100 |5919
00|00|00|FE |0705 |3/4  |10100100 |5920
00|00|00|FE |0705 |4/4  |10100100 |5921


---------------
Opcode: 4A
Instruction:LSR Addressing Mode:Accumulator - Operand (Value: "0x00", Address: "None")
Instruction cycle count set to 2
A |X |Y |SP |PC   |T/MT |NV-BDIZC |CYCLE
----------------------------------------
00|00|00|FE |0706 |1/2  |00100110 |5922
00|00|00|FE |0706 |2/2  |00100110 |5923


---------------
Opcode: C9
ll: 02
Instruction:CMP Addressing Mode:Immediate - Operand (Value: "0x02", Address: "None")
Instruction cycle count set to 2
A |X |Y |SP |PC   |T/MT |NV-BDIZC |CYCLE
----------------------------------------
00|00|00|FE |0708 |1/2  |10100100 |5924
00|00|00|FE |0708 |2/2  |10100100 |5925


---------------
Opcode: D0
ll: F8
Old PC: 070A Offset:-8 New PC: 0702
Instruction:BNE Addressing Mode:Relative - Operand (Value: "None", Address: "0x0702")
Instruction cycle count set to 2
A |X |Y |SP |PC   |T/MT |NV-BDIZC |CYCLE
----------------------------------------
00|00|00|FE |0702 |1/3  |10100100 |5926
00|00|00|FE |0702 |2/3  |10100100 |5927
00|00|00|FE |0702 |3/3  |10100100 |5928


---------------
Opcode: 8D
ll: 00 hh: A0
Instruction:STA Addressing Mode:Absolute - Operand (Value: "0x00", Address: "0xA000")
Writing value 0x00 to address: 0xA000
0xA000: 0x00
Instruction cycle count set to 4
A |X |Y |SP |PC   |T/MT |NV-BDIZC |CYCLE
----------------------------------------
00|00|00|FE |0705 |1/4  |10100100 |5929
00|00|00|FE |0705 |2/4  |10100100 |5930
00|00|00|FE |0705 |3/4  |10100100 |5931
00|00|00|FE |0705 |4/4  |10100100 |5932


---------------
Opcode: 4A
Instruction:LSR Addressing Mode:Accumulator - Operand (Value: "0x00", Address: "None")
Instruction cycle count set to 2
A |X |Y |SP |PC   |T/MT |NV-BDIZC |CYCLE
----------------------------------------
00|00|00|FE |0706 |1/2  |00100110 |5933
00|00|00|FE |0706 |2/2  |00100110 |5934


---------------
Opcode: C9
ll: 02
Instruction:CMP Addressing Mode:Immediate - Operand (Value: "0x02", Address: "None")
Instruction cycle count set to 2
A |X |Y |SP |PC   |T/MT |NV-BDIZC |CYCLE
----------------------------------------
00|00|00|FE |0708 |1/2  |10100100 |5935
00|00|00|FE |0708 |2/2  |10100100 |5936


---------------
Opcode: D0
ll: F8
Old PC: 070A Offset:-8 New PC: 0702
Instruction:BNE Addressing Mode:Relative - Operand (Value: "None", Address: "0x0702")
Instruction cycle count set to 2
A |X |Y |SP |PC   |T/MT |NV-BDIZC |CYCLE
----------------------------------------
00|00|00|FE |0702 |1/3  |10100100 |5937
00|00|00|FE |0702 |2/3  |10100100 |5938
00|00|00|FE |0702 |3/3  |10100100 |5939


---------------
Opcode: 8D
ll: 00 hh: A0
Instruction:STA Addressing Mode:Absolute - Operand (Value: "0x00", Address: "0xA000")
Writing value 0x00 to address: 0xA000
0xA000: 0x00
Instruction cycle count set to 4
A |X |Y |SP |PC   |T/MT |NV-BDIZC |CYCLE
----------------------------------------
00|00|00|FE |0705 |1/4  |10100100 |5940
00|00|00|FE |0705 |2/4  |10100100 |5941
00|00|00|FE |0705 |3/4  |10100100 |5942
00|00|00|FE |0705 |4/4  |10100100 |5943


---------------
Opcode: 4A
Instruction:LSR Addressing Mode:Accumulator - Operand (Value: "0x00", Address: "None")
Instruction cycle count set to 2
A |X |Y |SP |PC   |T/MT |NV-BDIZC |CYCLE
----------------------------------------
00|00|00|FE |0706 |1/2  |00100110 |5944
00|00|00|FE |0706 |2/2  |00100110 |5945


---------------
Opcode: C9
ll: 02
Instruction:CMP Addressing Mode:Immediate - Operand (Value: "0x02", Address: "None")
Instruction cycle count set to 2
A |X |Y |SP |PC   |T/MT |NV-BDIZC |CYCLE
----------------------------------------
00|00|00|FE |0708 |1/2  |10100100 |5946
00|00|00|FE |0708 |2/2  |10100100 |5947


---------------
Opcode: D0
ll: F8
Old PC: 070A Offset:-8 New PC: 0702
Instruction:BNE Addressing Mode:Relative - Operand (Value: "None", Address: "0x0702")
Instruction cycle count set to 2
A |X |Y |SP |PC   |T/MT |NV-BDIZC |CYCLE
----------------------------------------
00|00|00|FE |0702 |1/3  |10100100 |5948
00|00|00|FE |0702 |2/3  |10100100 |5949
00|00|00|FE |0702 |3/3  |10100100 |5950


---------------
Opcode: 8D
ll: 00 hh: A0
Instruction:STA Addressing Mode:Absolute - Operand (Value: "0x00", Address: "0xA000")
Writing value 0x00 to address: 0xA000
0xA000: 0x00
Instruction cycle count set to 4
A |X |Y |SP |PC   |T/MT |NV-BDIZC |CYCLE
----------------------------------------
00|00|00|FE |0705 |1/4  |10100100 |5951
00|00|00|FE |0705 |2/4  |10100100 |5952
00|00|00|FE |0705 |3/4  |10100100 |5953
00|00|00|FE |0705 |4/4  |10100100 |5954


---------------
Opcode: 4A
Instruction:LSR Addressing Mode:Accumulator - Operand (Value: "0x00", Address: "None")
Instruction cycle count set to 2
A |X |Y |SP |PC   |T/MT |NV-BDIZC |CYCLE
----------------------------------------
00|00|00|FE |0706 |1/2  |00100110 |5955
00|00|00|FE |0706 |2/2  |00100110 |5956


---------------
Opcode: C9
ll: 02
Instruction:CMP Addressing Mode:Immediate - Operand (Value: "0x02", Address: "None")
Instruction cycle count set to 2
A |X |Y |SP |PC   |T/MT |NV-BDIZC |CYCLE
----------------------------------------
00|00|00|FE |0708 |1/2  |10100100 |5957
00|00|00|FE |0708 |2/2  |10100100 |5958


---------------
Opcode: D0
ll: F8
Old PC: 070A Offset:-8 New PC: 0702
Instruction:BNE Addressing Mode:Relative - Operand (Value: "None", Address: "0x0702")
Instruction cycle count set to 2
A |X |Y |SP |PC   |T/MT |NV-BDIZC |CYCLE
----------------------------------------
00|00|00|FE |0702 |1/3  |10100100 |5959
00|00|00|FE |0702 |2/3  |10100100 |5960
00|00|00|FE |0702 |3/3  |10100100 |5961


---------------
Opcode: 8D
ll: 00 hh: A0
Instruction:STA Addressing Mode:Absolute - Operand (Value: "0x00", Address: "0xA000")
Writing value 0x00 to address: 0xA000
0xA000: 0x00
Instruction cycle count set to 4
A |X |Y |SP |PC   |T/MT |NV-BDIZC |CYCLE
----------------------------------------
00|00|00|FE |0705 |1/4  |10100100 |5962
00|00|00|FE |0705 |2/4  |10100100 |5963
00|00|00|FE |0705 |3/4  |10100100 |5964
00|00|00|FE |0705 |4/4  |10100100 |5965


---------------
Opcode: 4A
Instruction:LSR Addressing Mode:Accumulator - Operand (Value: "0x00", Address: "None")
Instruction cycle count set to 2
A |X |Y |SP |PC   |T/MT |NV-BDIZC |CYCLE
----------------------------------------
00|00|00|FE |0706 |1/2  |00100110 |5966
00|00|00|FE |0706 |2/2  |00100110 |5967


---------------
Opcode: C9
ll: 02
Instruction:CMP Addressing Mode:Immediate - Operand (Value: "0x02", Address: "None")
Instruction cycle count set to 2
A |X |Y |SP |PC   |T/MT |NV-BDIZC |CYCLE
----------------------------------------
00|00|00|FE |0708 |1/2  |10100100 |5968
00|00|00|FE |0708 |2/2  |10100100 |5969


---------------
Opcode: D0
ll: F8
Old PC: 070A Offset:-8 New PC: 0702
Instruction:BNE Addressing Mode:Relative - Operand (Value: "None", Address: "0x0702")
Instruction cycle count set to 2
A |X |Y |SP |PC   |T/MT |NV-BDIZC |CYCLE
----------------------------------------
00|00|00|FE |0702 |1/3  |10100100 |5970
00|00|00|FE |0702 |2/3  |10100100 |5971
00|00|00|FE |0702 |3/3  |10100100 |5972


---------------
Opcode: 8D
ll: 00 hh: A0
Instruction:STA Addressing Mode:Absolute - Operand (Value: "0x00", Address: "0xA000")
Writing value 0x00 to address: 0xA000
0xA000: 0x00
Instruction cycle count set to 4
A |X |Y |SP |PC   |T/MT |NV-BDIZC |CYCLE
----------------------------------------
00|00|00|FE |0705 |1/4  |10100100 |5973
00|00|00|FE |0705 |2/4  |10100100 |5974
00|00|00|FE |0705 |3/4  |10100100 |5975
00|00|00|FE |0705 |4/4  |10100100 |5976


---------------
Opcode: 4A
Instruction:LSR Addressing Mode:Accumulator - Operand (Value: "0x00", Address: "None")
Instruction cycle count set to 2
A |X |Y |SP |PC   |T/MT |NV-BDIZC |CYCLE
----------------------------------------
00|00|00|FE |0706 |1/2  |00100110 |5977
00|00|00|FE |0706 |2/2  |00100110 |5978


---------------
Opcode: C9
ll: 02
Instruction:CMP Addressing Mode:Immediate - Operand (Value: "0x02", Address: "None")
Instruction cycle count set to 2
A |X |Y |SP |PC   |T/MT |NV-BDIZC |CYCLE
----------------------------------------
00|00|00|FE |0708 |1/2  |10100100 |5979
00|00|00|FE |0708 |2/2  |10100100 |5980


---------------
Opcode: D0
ll: F8
Old PC: 070A Offset:-8 New PC: 0702
Instruction:BNE Addressing Mode:Relative - Operand (Value: "None", Address: "0x0702")
Instruction cycle count set to 2
A |X |Y |SP |PC   |T/MT |NV-BDIZC |CYCLE
----------------------------------------
00|00|00|FE |0702 |1/3  |10100100 |5981
00|00|00|FE |0702 |2/3  |10100100 |5982
00|00|00|FE |0702 |3/3  |10100100 |5983


---------------
Opcode: 8D
ll: 00 hh: A0
Instruction:STA Addressing Mode:Absolute - Operand (Value: "0x00", Address: "0xA000")
Writing value 0x00 to address: 0xA000
0xA000: 0x00
Instruction cycle count set to 4
A |X |Y |SP |PC   |T/MT |NV-BDIZC |CYCLE
----------------------------------------
00|00|00|FE |0705 |1/4  |10100100 |5984
00|00|00|FE |0705 |2/4  |10100100 |5985
00|00|00|FE |0705 |3/4  |10100100 |5986
00|00|00|FE |0705 |4/4  |10100100 |5987


---------------
Opcode: 4A
Instruction:LSR Addressing Mode:Accumulator - Operand (Value: "0x00", Address: "None")
Instruction cycle count set to 2
A |X |Y |SP |PC   |T/MT |NV-BDIZC |CYCLE
----------------------------------------
00|00|00|FE |0706 |1/2  |00100110 |5988
00|00|00|FE |0706 |2/2  |00100110 |5989


---------------
Opcode: C9
ll: 02
Instruction:CMP Addressing Mode:Immediate - Operand (Value: "0x02", Address: "None")
Instruction cycle count set to 2
A |X |Y |SP |PC   |T/MT |NV-BDIZC |CYCLE
----------------------------------------
00|00|00|FE |0708 |1/2  |10100100 |5990
00|00|00|FE |0708 |2/2  |10100100 |5991


---------------
Opcode: D0
ll: F8
Old PC: 070A Offset:-8 New PC: 0702
Instruction:BNE Addressing Mode:Relative - Operand (Value: "None", Address: "0x0702")
Instruction cycle count set to 2
A |X |Y |SP |PC   |T/MT |NV-BDIZC |CYCLE
----------------------------------------
00|00|00|FE |0702 |1/3  |10100100 |5992
00|00|00|FE |0702 |2/3  |10100100 |5993
00|00|00|FE |0702 |3/3  |10100100 |5994


---------------
Opcode: 8D
ll: 00 hh: A0
Instruction:STA Addressing Mode:Absolute - Operand (Value: "0x00", Address: "0xA000")
Writing value 0x00 to address: 0xA000
0xA000: 0x00
Instruction cycle count set to 4
A |X |Y |SP |PC   |T/MT |NV-BDIZC |CYCLE
----------------------------------------
00|00|00|FE |0705 |1/4  |10100100 |5995
00|00|00|FE |0705 |2/4  |10100100 |5996
00|00|00|FE |0705 |3/4  |10100100 |5997
00|00|00|FE |0705 |4/4  |10100100 |5998
emulation behind by 453.917453ms. trying to catch up...


---------------
Opcode: 4A
Instruction:LSR Addressing Mode:Accumulator - Operand (Value: "0x00", Address: "None")
Instruction cycle count set to 2
A |X |Y |SP |PC   |T/MT |NV-BDIZC |CYCLE
----------------------------------------
00|00|00|FE |0706 |1/2  |00100110 |5999
00|00|00|FE |0706 |2/2  |00100110 |6000


---------------
Opcode: C9
ll: 02
Instruction:CMP Addressing Mode:Immediate - Operand (Value: "0x02", Address: "None")
Instruction cycle count set to 2
A |X |Y |SP |PC   |T/MT |NV-BDIZC |CYCLE
----------------------------------------
00|00|00|FE |0708 |1/2  |10100100 |6001
00|00|00|FE |0708 |2/2  |10100100 |6002


---------------
Opcode: D0
ll: F8
Old PC: 070A Offset:-8 New PC: 0702
Instruction:BNE Addressing Mode:Relative - Operand (Value: "None", Address: "0x0702")
Instruction cycle count set to 2
A |X |Y |SP |PC   |T/MT |NV-BDIZC |CYCLE
----------------------------------------
00|00|00|FE |0702 |1/3  |10100100 |6003
00|00|00|FE |0702 |2/3  |10100100 |6004
00|00|00|FE |0702 |3/3  |10100100 |6005


---------------
Opcode: 8D
ll: 00 hh: A0
Instruction:STA Addressing Mode:Absolute - Operand (Value: "0x00", Address: "0xA000")
Writing value 0x00 to address: 0xA000
0xA000: 0x00
Instruction cycle count set to 4
A |X |Y |SP |PC   |T/MT |NV-BDIZC |CYCLE
----------------------------------------
00|00|00|FE |0705 |1/4  |10100100 |6006
00|00|00|FE |0705 |2/4  |10100100 |6007
00|00|00|FE |0705 |3/4  |10100100 |6008
00|00|00|FE |0705 |4/4  |10100100 |6009


---------------
Opcode: 4A
Instruction:LSR Addressing Mode:Accumulator - Operand (Value: "0x00", Address: "None")
Instruction cycle count set to 2
A |X |Y |SP |PC   |T/MT |NV-BDIZC |CYCLE
----------------------------------------
00|00|00|FE |0706 |1/2  |00100110 |6010
00|00|00|FE |0706 |2/2  |00100110 |6011


---------------
Opcode: C9
ll: 02
Instruction:CMP Addressing Mode:Immediate - Operand (Value: "0x02", Address: "None")
Instruction cycle count set to 2
A |X |Y |SP |PC   |T/MT |NV-BDIZC |CYCLE
----------------------------------------
00|00|00|FE |0708 |1/2  |10100100 |6012
00|00|00|FE |0708 |2/2  |10100100 |6013


---------------
Opcode: D0
ll: F8
Old PC: 070A Offset:-8 New PC: 0702
Instruction:BNE Addressing Mode:Relative - Operand (Value: "None", Address: "0x0702")
Instruction cycle count set to 2
A |X |Y |SP |PC   |T/MT |NV-BDIZC |CYCLE
----------------------------------------
00|00|00|FE |0702 |1/3  |10100100 |6014
00|00|00|FE |0702 |2/3  |10100100 |6015
00|00|00|FE |0702 |3/3  |10100100 |6016


---------------
Opcode: 8D
ll: 00 hh: A0
Instruction:STA Addressing Mode:Absolute - Operand (Value: "0x00", Address: "0xA000")
Writing value 0x00 to address: 0xA000
0xA000: 0x00
Instruction cycle count set to 4
A |X |Y |SP |PC   |T/MT |NV-BDIZC |CYCLE
----------------------------------------
00|00|00|FE |0705 |1/4  |10100100 |6017
00|00|00|FE |0705 |2/4  |10100100 |6018
00|00|00|FE |0705 |3/4  |10100100 |6019
00|00|00|FE |0705 |4/4  |10100100 |6020


---------------
Opcode: 4A
Instruction:LSR Addressing Mode:Accumulator - Operand (Value: "0x00", Address: "None")
Instruction cycle count set to 2
A |X |Y |SP |PC   |T/MT |NV-BDIZC |CYCLE
----------------------------------------
00|00|00|FE |0706 |1/2  |00100110 |6021
00|00|00|FE |0706 |2/2  |00100110 |6022


---------------
Opcode: C9
ll: 02
Instruction:CMP Addressing Mode:Immediate - Operand (Value: "0x02", Address: "None")
Instruction cycle count set to 2
A |X |Y |SP |PC   |T/MT |NV-BDIZC |CYCLE
----------------------------------------
00|00|00|FE |0708 |1/2  |10100100 |6023
00|00|00|FE |0708 |2/2  |10100100 |6024


---------------
Opcode: D0
ll: F8
Old PC: 070A Offset:-8 New PC: 0702
Instruction:BNE Addressing Mode:Relative - Operand (Value: "None", Address: "0x0702")
Instruction cycle count set to 2
A |X |Y |SP |PC   |T/MT |NV-BDIZC |CYCLE
----------------------------------------
00|00|00|FE |0702 |1/3  |10100100 |6025
00|00|00|FE |0702 |2/3  |10100100 |6026
00|00|00|FE |0702 |3/3  |10100100 |6027


---------------
Opcode: 8D
ll: 00 hh: A0
Instruction:STA Addressing Mode:Absolute - Operand (Value: "0x00", Address: "0xA000")
Writing value 0x00 to address: 0xA000
0xA000: 0x00
Instruction cycle count set to 4
A |X |Y |SP |PC   |T/MT |NV-BDIZC |CYCLE
----------------------------------------
00|00|00|FE |0705 |1/4  |10100100 |6028
00|00|00|FE |0705 |2/4  |10100100 |6029
00|00|00|FE |0705 |3/4  |10100100 |6030
00|00|00|FE |0705 |4/4  |10100100 |6031


---------------
Opcode: 4A
Instruction:LSR Addressing Mode:Accumulator - Operand (Value: "0x00", Address: "None")
Instruction cycle count set to 2
A |X |Y |SP |PC   |T/MT |NV-BDIZC |CYCLE
----------------------------------------
00|00|00|FE |0706 |1/2  |00100110 |6032
00|00|00|FE |0706 |2/2  |00100110 |6033


---------------
Opcode: C9
ll: 02
Instruction:CMP Addressing Mode:Immediate - Operand (Value: "0x02", Address: "None")
Instruction cycle count set to 2
A |X |Y |SP |PC   |T/MT |NV-BDIZC |CYCLE
----------------------------------------
00|00|00|FE |0708 |1/2  |10100100 |6034
00|00|00|FE |0708 |2/2  |10100100 |6035


---------------
Opcode: D0
ll: F8
Old PC: 070A Offset:-8 New PC: 0702
Instruction:BNE Addressing Mode:Relative - Operand (Value: "None", Address: "0x0702")
Instruction cycle count set to 2
A |X |Y |SP |PC   |T/MT |NV-BDIZC |CYCLE
----------------------------------------
00|00|00|FE |0702 |1/3  |10100100 |6036
00|00|00|FE |0702 |2/3  |10100100 |6037
00|00|00|FE |0702 |3/3  |10100100 |6038


---------------
Opcode: 8D
ll: 00 hh: A0
Instruction:STA Addressing Mode:Absolute - Operand (Value: "0x00", Address: "0xA000")
Writing value 0x00 to address: 0xA000
0xA000: 0x00
Instruction cycle count set to 4
A |X |Y |SP |PC   |T/MT |NV-BDIZC |CYCLE
----------------------------------------
00|00|00|FE |0705 |1/4  |10100100 |6039
00|00|00|FE |0705 |2/4  |10100100 |6040
00|00|00|FE |0705 |3/4  |10100100 |6041
00|00|00|FE |0705 |4/4  |10100100 |6042


---------------
Opcode: 4A
Instruction:LSR Addressing Mode:Accumulator - Operand (Value: "0x00", Address: "None")
Instruction cycle count set to 2
A |X |Y |SP |PC   |T/MT |NV-BDIZC |CYCLE
----------------------------------------
00|00|00|FE |0706 |1/2  |00100110 |6043
00|00|00|FE |0706 |2/2  |00100110 |6044


---------------
Opcode: C9
ll: 02
Instruction:CMP Addressing Mode:Immediate - Operand (Value: "0x02", Address: "None")
Instruction cycle count set to 2
A |X |Y |SP |PC   |T/MT |NV-BDIZC |CYCLE
----------------------------------------
00|00|00|FE |0708 |1/2  |10100100 |6045
00|00|00|FE |0708 |2/2  |10100100 |6046


---------------
Opcode: D0
ll: F8
Old PC: 070A Offset:-8 New PC: 0702
Instruction:BNE Addressing Mode:Relative - Operand (Value: "None", Address: "0x0702")
Instruction cycle count set to 2
A |X |Y |SP |PC   |T/MT |NV-BDIZC |CYCLE
----------------------------------------
00|00|00|FE |0702 |1/3  |10100100 |6047
00|00|00|FE |0702 |2/3  |10100100 |6048
00|00|00|FE |0702 |3/3  |10100100 |6049


---------------
Opcode: 8D
ll: 00 hh: A0
Instruction:STA Addressing Mode:Absolute - Operand (Value: "0x00", Address: "0xA000")
Writing value 0x00 to address: 0xA000
0xA000: 0x00
Instruction cycle count set to 4
A |X |Y |SP |PC   |T/MT |NV-BDIZC |CYCLE
----------------------------------------
00|00|00|FE |0705 |1/4  |10100100 |6050
00|00|00|FE |0705 |2/4  |10100100 |6051
00|00|00|FE |0705 |3/4  |10100100 |6052
00|00|00|FE |0705 |4/4  |10100100 |6053


---------------
Opcode: 4A
Instruction:LSR Addressing Mode:Accumulator - Operand (Value: "0x00", Address: "None")
Instruction cycle count set to 2
A |X |Y |SP |PC   |T/MT |NV-BDIZC |CYCLE
----------------------------------------
00|00|00|FE |0706 |1/2  |00100110 |6054
00|00|00|FE |0706 |2/2  |00100110 |6055


---------------
Opcode: C9
ll: 02
Instruction:CMP Addressing Mode:Immediate - Operand (Value: "0x02", Address: "None")
Instruction cycle count set to 2
A |X |Y |SP |PC   |T/MT |NV-BDIZC |CYCLE
----------------------------------------
00|00|00|FE |0708 |1/2  |10100100 |6056
00|00|00|FE |0708 |2/2  |10100100 |6057


---------------
Opcode: D0
ll: F8
Old PC: 070A Offset:-8 New PC: 0702
Instruction:BNE Addressing Mode:Relative - Operand (Value: "None", Address: "0x0702")
Instruction cycle count set to 2
A |X |Y |SP |PC   |T/MT |NV-BDIZC |CYCLE
----------------------------------------
00|00|00|FE |0702 |1/3  |10100100 |6058
00|00|00|FE |0702 |2/3  |10100100 |6059
00|00|00|FE |0702 |3/3  |10100100 |6060


---------------
Opcode: 8D
ll: 00 hh: A0
Instruction:STA Addressing Mode:Absolute - Operand (Value: "0x00", Address: "0xA000")
Writing value 0x00 to address: 0xA000
0xA000: 0x00
Instruction cycle count set to 4
A |X |Y |SP |PC   |T/MT |NV-BDIZC |CYCLE
----------------------------------------
00|00|00|FE |0705 |1/4  |10100100 |6061
00|00|00|FE |0705 |2/4  |10100100 |6062
00|00|00|FE |0705 |3/4  |10100100 |6063
00|00|00|FE |0705 |4/4  |10100100 |6064


---------------
Opcode: 4A
Instruction:LSR Addressing Mode:Accumulator - Operand (Value: "0x00", Address: "None")
Instruction cycle count set to 2
A |X |Y |SP |PC   |T/MT |NV-BDIZC |CYCLE
----------------------------------------
00|00|00|FE |0706 |1/2  |00100110 |6065
00|00|00|FE |0706 |2/2  |00100110 |6066


---------------
Opcode: C9
ll: 02
Instruction:CMP Addressing Mode:Immediate - Operand (Value: "0x02", Address: "None")
Instruction cycle count set to 2
A |X |Y |SP |PC   |T/MT |NV-BDIZC |CYCLE
----------------------------------------
00|00|00|FE |0708 |1/2  |10100100 |6067
00|00|00|FE |0708 |2/2  |10100100 |6068


---------------
Opcode: D0
ll: F8
Old PC: 070A Offset:-8 New PC: 0702
Instruction:BNE Addressing Mode:Relative - Operand (Value: "None", Address: "0x0702")
Instruction cycle count set to 2
A |X |Y |SP |PC   |T/MT |NV-BDIZC |CYCLE
----------------------------------------
00|00|00|FE |0702 |1/3  |10100100 |6069
00|00|00|FE |0702 |2/3  |10100100 |6070
00|00|00|FE |0702 |3/3  |10100100 |6071


---------------
Opcode: 8D
ll: 00 hh: A0
Instruction:STA Addressing Mode:Absolute - Operand (Value: "0x00", Address: "0xA000")
Writing value 0x00 to address: 0xA000
0xA000: 0x00
Instruction cycle count set to 4
A |X |Y |SP |PC   |T/MT |NV-BDIZC |CYCLE
----------------------------------------
00|00|00|FE |0705 |1/4  |10100100 |6072
00|00|00|FE |0705 |2/4  |10100100 |6073
00|00|00|FE |0705 |3/4  |10100100 |6074
00|00|00|FE |0705 |4/4  |10100100 |6075


---------------
Opcode: 4A
Instruction:LSR Addressing Mode:Accumulator - Operand (Value: "0x00", Address: "None")
Instruction cycle count set to 2
A |X |Y |SP |PC   |T/MT |NV-BDIZC |CYCLE
----------------------------------------
00|00|00|FE |0706 |1/2  |00100110 |6076
00|00|00|FE |0706 |2/2  |00100110 |6077


---------------
Opcode: C9
ll: 02
Instruction:CMP Addressing Mode:Immediate - Operand (Value: "0x02", Address: "None")
Instruction cycle count set to 2
A |X |Y |SP |PC   |T/MT |NV-BDIZC |CYCLE
----------------------------------------
00|00|00|FE |0708 |1/2  |10100100 |6078
00|00|00|FE |0708 |2/2  |10100100 |6079


---------------
Opcode: D0
ll: F8
Old PC: 070A Offset:-8 New PC: 0702
Instruction:BNE Addressing Mode:Relative - Operand (Value: "None", Address: "0x0702")
Instruction cycle count set to 2
A |X |Y |SP |PC   |T/MT |NV-BDIZC |CYCLE
----------------------------------------
00|00|00|FE |0702 |1/3  |10100100 |6080
00|00|00|FE |0702 |2/3  |10100100 |6081
00|00|00|FE |0702 |3/3  |10100100 |6082


---------------
Opcode: 8D
ll: 00 hh: A0
Instruction:STA Addressing Mode:Absolute - Operand (Value: "0x00", Address: "0xA000")
Writing value 0x00 to address: 0xA000
0xA000: 0x00
Instruction cycle count set to 4
A |X |Y |SP |PC   |T/MT |NV-BDIZC |CYCLE
----------------------------------------
00|00|00|FE |0705 |1/4  |10100100 |6083
00|00|00|FE |0705 |2/4  |10100100 |6084
00|00|00|FE |0705 |3/4  |10100100 |6085
00|00|00|FE |0705 |4/4  |10100100 |6086


---------------
Opcode: 4A
Instruction:LSR Addressing Mode:Accumulator - Operand (Value: "0x00", Address: "None")
Instruction cycle count set to 2
A |X |Y |SP |PC   |T/MT |NV-BDIZC |CYCLE
----------------------------------------
00|00|00|FE |0706 |1/2  |00100110 |6087
00|00|00|FE |0706 |2/2  |00100110 |6088


---------------
Opcode: C9
ll: 02
Instruction:CMP Addressing Mode:Immediate - Operand (Value: "0x02", Address: "None")
Instruction cycle count set to 2
A |X |Y |SP |PC   |T/MT |NV-BDIZC |CYCLE
----------------------------------------
00|00|00|FE |0708 |1/2  |10100100 |6089
00|00|00|FE |0708 |2/2  |10100100 |6090


---------------
Opcode: D0
ll: F8
Old PC: 070A Offset:-8 New PC: 0702
Instruction:BNE Addressing Mode:Relative - Operand (Value: "None", Address: "0x0702")
Instruction cycle count set to 2
A |X |Y |SP |PC   |T/MT |NV-BDIZC |CYCLE
----------------------------------------
00|00|00|FE |0702 |1/3  |10100100 |6091
00|00|00|FE |0702 |2/3  |10100100 |6092
00|00|00|FE |0702 |3/3  |10100100 |6093


---------------
Opcode: 8D
ll: 00 hh: A0
Instruction:STA Addressing Mode:Absolute - Operand (Value: "0x00", Address: "0xA000")
Writing value 0x00 to address: 0xA000
0xA000: 0x00
Instruction cycle count set to 4
A |X |Y |SP |PC   |T/MT |NV-BDIZC |CYCLE
----------------------------------------
00|00|00|FE |0705 |1/4  |10100100 |6094
00|00|00|FE |0705 |2/4  |10100100 |6095
00|00|00|FE |0705 |3/4  |10100100 |6096
00|00|00|FE |0705 |4/4  |10100100 |6097


---------------
Opcode: 4A
Instruction:LSR Addressing Mode:Accumulator - Operand (Value: "0x00", Address: "None")
Instruction cycle count set to 2
A |X |Y |SP |PC   |T/MT |NV-BDIZC |CYCLE
----------------------------------------
00|00|00|FE |0706 |1/2  |00100110 |6098
00|00|00|FE |0706 |2/2  |00100110 |6099


---------------
Opcode: C9
ll: 02
Instruction:CMP Addressing Mode:Immediate - Operand (Value: "0x02", Address: "None")
Instruction cycle count set to 2
A |X |Y |SP |PC   |T/MT |NV-BDIZC |CYCLE
----------------------------------------
00|00|00|FE |0708 |1/2  |10100100 |6100
00|00|00|FE |0708 |2/2  |10100100 |6101


---------------
Opcode: D0
ll: F8
Old PC: 070A Offset:-8 New PC: 0702
Instruction:BNE Addressing Mode:Relative - Operand (Value: "None", Address: "0x0702")
Instruction cycle count set to 2
A |X |Y |SP |PC   |T/MT |NV-BDIZC |CYCLE
----------------------------------------
00|00|00|FE |0702 |1/3  |10100100 |6102
00|00|00|FE |0702 |2/3  |10100100 |6103
00|00|00|FE |0702 |3/3  |10100100 |6104


---------------
Opcode: 8D
ll: 00 hh: A0
Instruction:STA Addressing Mode:Absolute - Operand (Value: "0x00", Address: "0xA000")
Writing value 0x00 to address: 0xA000
0xA000: 0x00
Instruction cycle count set to 4
A |X |Y |SP |PC   |T/MT |NV-BDIZC |CYCLE
----------------------------------------
00|00|00|FE |0705 |1/4  |10100100 |6105
00|00|00|FE |0705 |2/4  |10100100 |6106
00|00|00|FE |0705 |3/4  |10100100 |6107
00|00|00|FE |0705 |4/4  |10100100 |6108


---------------
Opcode: 4A
Instruction:LSR Addressing Mode:Accumulator - Operand (Value: "0x00", Address: "None")
Instruction cycle count set to 2
A |X |Y |SP |PC   |T/MT |NV-BDIZC |CYCLE
----------------------------------------
00|00|00|FE |0706 |1/2  |00100110 |6109
00|00|00|FE |0706 |2/2  |00100110 |6110


---------------
Opcode: C9
ll: 02
Instruction:CMP Addressing Mode:Immediate - Operand (Value: "0x02", Address: "None")
Instruction cycle count set to 2
A |X |Y |SP |PC   |T/MT |NV-BDIZC |CYCLE
----------------------------------------
00|00|00|FE |0708 |1/2  |10100100 |6111
00|00|00|FE |0708 |2/2  |10100100 |6112


---------------
Opcode: D0
ll: F8
Old PC: 070A Offset:-8 New PC: 0702
Instruction:BNE Addressing Mode:Relative - Operand (Value: "None", Address: "0x0702")
Instruction cycle count set to 2
A |X |Y |SP |PC   |T/MT |NV-BDIZC |CYCLE
----------------------------------------
00|00|00|FE |0702 |1/3  |10100100 |6113
00|00|00|FE |0702 |2/3  |10100100 |6114
00|00|00|FE |0702 |3/3  |10100100 |6115


---------------
Opcode: 8D
ll: 00 hh: A0
Instruction:STA Addressing Mode:Absolute - Operand (Value: "0x00", Address: "0xA000")
Writing value 0x00 to address: 0xA000
0xA000: 0x00
Instruction cycle count set to 4
A |X |Y |SP |PC   |T/MT |NV-BDIZC |CYCLE
----------------------------------------
00|00|00|FE |0705 |1/4  |10100100 |6116
00|00|00|FE |0705 |2/4  |10100100 |6117
00|00|00|FE |0705 |3/4  |10100100 |6118
00|00|00|FE |0705 |4/4  |10100100 |6119


---------------
Opcode: 4A
Instruction:LSR Addressing Mode:Accumulator - Operand (Value: "0x00", Address: "None")
Instruction cycle count set to 2
A |X |Y |SP |PC   |T/MT |NV-BDIZC |CYCLE
----------------------------------------
00|00|00|FE |0706 |1/2  |00100110 |6120
00|00|00|FE |0706 |2/2  |00100110 |6121


---------------
Opcode: C9
ll: 02
Instruction:CMP Addressing Mode:Immediate - Operand (Value: "0x02", Address: "None")
Instruction cycle count set to 2
A |X |Y |SP |PC   |T/MT |NV-BDIZC |CYCLE
----------------------------------------
00|00|00|FE |0708 |1/2  |10100100 |6122
00|00|00|FE |0708 |2/2  |10100100 |6123


---------------
Opcode: D0
ll: F8
Old PC: 070A Offset:-8 New PC: 0702
Instruction:BNE Addressing Mode:Relative - Operand (Value: "None", Address: "0x0702")
Instruction cycle count set to 2
A |X |Y |SP |PC   |T/MT |NV-BDIZC |CYCLE
----------------------------------------
00|00|00|FE |0702 |1/3  |10100100 |6124
00|00|00|FE |0702 |2/3  |10100100 |6125
00|00|00|FE |0702 |3/3  |10100100 |6126


---------------
Opcode: 8D
ll: 00 hh: A0
Instruction:STA Addressing Mode:Absolute - Operand (Value: "0x00", Address: "0xA000")
Writing value 0x00 to address: 0xA000
0xA000: 0x00
Instruction cycle count set to 4
A |X |Y |SP |PC   |T/MT |NV-BDIZC |CYCLE
----------------------------------------
00|00|00|FE |0705 |1/4  |10100100 |6127
00|00|00|FE |0705 |2/4  |10100100 |6128
00|00|00|FE |0705 |3/4  |10100100 |6129
00|00|00|FE |0705 |4/4  |10100100 |6130


---------------
Opcode: 4A
Instruction:LSR Addressing Mode:Accumulator - Operand (Value: "0x00", Address: "None")
Instruction cycle count set to 2
A |X |Y |SP |PC   |T/MT |NV-BDIZC |CYCLE
----------------------------------------
00|00|00|FE |0706 |1/2  |00100110 |6131
00|00|00|FE |0706 |2/2  |00100110 |6132


---------------
Opcode: C9
ll: 02
Instruction:CMP Addressing Mode:Immediate - Operand (Value: "0x02", Address: "None")
Instruction cycle count set to 2
A |X |Y |SP |PC   |T/MT |NV-BDIZC |CYCLE
----------------------------------------
00|00|00|FE |0708 |1/2  |10100100 |6133
00|00|00|FE |0708 |2/2  |10100100 |6134


---------------
Opcode: D0
ll: F8
Old PC: 070A Offset:-8 New PC: 0702
Instruction:BNE Addressing Mode:Relative - Operand (Value: "None", Address: "0x0702")
Instruction cycle count set to 2
A |X |Y |SP |PC   |T/MT |NV-BDIZC |CYCLE
----------------------------------------
00|00|00|FE |0702 |1/3  |10100100 |6135
00|00|00|FE |0702 |2/3  |10100100 |6136
00|00|00|FE |0702 |3/3  |10100100 |6137


---------------
Opcode: 8D
ll: 00 hh: A0
Instruction:STA Addressing Mode:Absolute - Operand (Value: "0x00", Address: "0xA000")
Writing value 0x00 to address: 0xA000
0xA000: 0x00
Instruction cycle count set to 4
A |X |Y |SP |PC   |T/MT |NV-BDIZC |CYCLE
----------------------------------------
00|00|00|FE |0705 |1/4  |10100100 |6138
00|00|00|FE |0705 |2/4  |10100100 |6139
00|00|00|FE |0705 |3/4  |10100100 |6140
00|00|00|FE |0705 |4/4  |10100100 |6141


---------------
Opcode: 4A
Instruction:LSR Addressing Mode:Accumulator - Operand (Value: "0x00", Address: "None")
Instruction cycle count set to 2
A |X |Y |SP |PC   |T/MT |NV-BDIZC |CYCLE
----------------------------------------
00|00|00|FE |0706 |1/2  |00100110 |6142
00|00|00|FE |0706 |2/2  |00100110 |6143


---------------
Opcode: C9
ll: 02
Instruction:CMP Addressing Mode:Immediate - Operand (Value: "0x02", Address: "None")
Instruction cycle count set to 2
A |X |Y |SP |PC   |T/MT |NV-BDIZC |CYCLE
----------------------------------------
00|00|00|FE |0708 |1/2  |10100100 |6144
00|00|00|FE |0708 |2/2  |10100100 |6145


---------------
Opcode: D0
ll: F8
Old PC: 070A Offset:-8 New PC: 0702
Instruction:BNE Addressing Mode:Relative - Operand (Value: "None", Address: "0x0702")
Instruction cycle count set to 2
A |X |Y |SP |PC   |T/MT |NV-BDIZC |CYCLE
----------------------------------------
00|00|00|FE |0702 |1/3  |10100100 |6146
00|00|00|FE |0702 |2/3  |10100100 |6147
00|00|00|FE |0702 |3/3  |10100100 |6148


---------------
Opcode: 8D
ll: 00 hh: A0
Instruction:STA Addressing Mode:Absolute - Operand (Value: "0x00", Address: "0xA000")
Writing value 0x00 to address: 0xA000
0xA000: 0x00
Instruction cycle count set to 4
A |X |Y |SP |PC   |T/MT |NV-BDIZC |CYCLE
----------------------------------------
00|00|00|FE |0705 |1/4  |10100100 |6149
00|00|00|FE |0705 |2/4  |10100100 |6150
00|00|00|FE |0705 |3/4  |10100100 |6151
00|00|00|FE |0705 |4/4  |10100100 |6152


---------------
Opcode: 4A
Instruction:LSR Addressing Mode:Accumulator - Operand (Value: "0x00", Address: "None")
Instruction cycle count set to 2
A |X |Y |SP |PC   |T/MT |NV-BDIZC |CYCLE
----------------------------------------
00|00|00|FE |0706 |1/2  |00100110 |6153
00|00|00|FE |0706 |2/2  |00100110 |6154


---------------
Opcode: C9
ll: 02
Instruction:CMP Addressing Mode:Immediate - Operand (Value: "0x02", Address: "None")
Instruction cycle count set to 2
A |X |Y |SP |PC   |T/MT |NV-BDIZC |CYCLE
----------------------------------------
00|00|00|FE |0708 |1/2  |10100100 |6155
00|00|00|FE |0708 |2/2  |10100100 |6156


---------------
Opcode: D0
ll: F8
Old PC: 070A Offset:-8 New PC: 0702
Instruction:BNE Addressing Mode:Relative - Operand (Value: "None", Address: "0x0702")
Instruction cycle count set to 2
A |X |Y |SP |PC   |T/MT |NV-BDIZC |CYCLE
----------------------------------------
00|00|00|FE |0702 |1/3  |10100100 |6157
00|00|00|FE |0702 |2/3  |10100100 |6158
00|00|00|FE |0702 |3/3  |10100100 |6159


---------------
Opcode: 8D
ll: 00 hh: A0
Instruction:STA Addressing Mode:Absolute - Operand (Value: "0x00", Address: "0xA000")
Writing value 0x00 to address: 0xA000
0xA000: 0x00
Instruction cycle count set to 4
A |X |Y |SP |PC   |T/MT |NV-BDIZC |CYCLE
----------------------------------------
00|00|00|FE |0705 |1/4  |10100100 |6160
00|00|00|FE |0705 |2/4  |10100100 |6161
00|00|00|FE |0705 |3/4  |10100100 |6162
00|00|00|FE |0705 |4/4  |10100100 |6163


---------------
Opcode: 4A
Instruction:LSR Addressing Mode:Accumulator - Operand (Value: "0x00", Address: "None")
Instruction cycle count set to 2
A |X |Y |SP |PC   |T/MT |NV-BDIZC |CYCLE
----------------------------------------
00|00|00|FE |0706 |1/2  |00100110 |6164
00|00|00|FE |0706 |2/2  |00100110 |6165


---------------
Opcode: C9
ll: 02
Instruction:CMP Addressing Mode:Immediate - Operand (Value: "0x02", Address: "None")
Instruction cycle count set to 2
A |X |Y |SP |PC   |T/MT |NV-BDIZC |CYCLE
----------------------------------------
00|00|00|FE |0708 |1/2  |10100100 |6166
00|00|00|FE |0708 |2/2  |10100100 |6167


---------------
Opcode: D0
ll: F8
Old PC: 070A Offset:-8 New PC: 0702
Instruction:BNE Addressing Mode:Relative - Operand (Value: "None", Address: "0x0702")
Instruction cycle count set to 2
A |X |Y |SP |PC   |T/MT |NV-BDIZC |CYCLE
----------------------------------------
00|00|00|FE |0702 |1/3  |10100100 |6168
00|00|00|FE |0702 |2/3  |10100100 |6169
00|00|00|FE |0702 |3/3  |10100100 |6170


---------------
Opcode: 8D
ll: 00 hh: A0
Instruction:STA Addressing Mode:Absolute - Operand (Value: "0x00", Address: "0xA000")
Writing value 0x00 to address: 0xA000
0xA000: 0x00
Instruction cycle count set to 4
A |X |Y |SP |PC   |T/MT |NV-BDIZC |CYCLE
----------------------------------------
00|00|00|FE |0705 |1/4  |10100100 |6171
00|00|00|FE |0705 |2/4  |10100100 |6172
00|00|00|FE |0705 |3/4  |10100100 |6173
00|00|00|FE |0705 |4/4  |10100100 |6174


---------------
Opcode: 4A
Instruction:LSR Addressing Mode:Accumulator - Operand (Value: "0x00", Address: "None")
Instruction cycle count set to 2
A |X |Y |SP |PC   |T/MT |NV-BDIZC |CYCLE
----------------------------------------
00|00|00|FE |0706 |1/2  |00100110 |6175
00|00|00|FE |0706 |2/2  |00100110 |6176


---------------
Opcode: C9
ll: 02
Instruction:CMP Addressing Mode:Immediate - Operand (Value: "0x02", Address: "None")
Instruction cycle count set to 2
A |X |Y |SP |PC   |T/MT |NV-BDIZC |CYCLE
----------------------------------------
00|00|00|FE |0708 |1/2  |10100100 |6177
00|00|00|FE |0708 |2/2  |10100100 |6178


---------------
Opcode: D0
ll: F8
Old PC: 070A Offset:-8 New PC: 0702
Instruction:BNE Addressing Mode:Relative - Operand (Value: "None", Address: "0x0702")
Instruction cycle count set to 2
A |X |Y |SP |PC   |T/MT |NV-BDIZC |CYCLE
----------------------------------------
00|00|00|FE |0702 |1/3  |10100100 |6179
00|00|00|FE |0702 |2/3  |10100100 |6180
00|00|00|FE |0702 |3/3  |10100100 |6181


---------------
Opcode: 8D
ll: 00 hh: A0
Instruction:STA Addressing Mode:Absolute - Operand (Value: "0x00", Address: "0xA000")
Writing value 0x00 to address: 0xA000
0xA000: 0x00
Instruction cycle count set to 4
A |X |Y |SP |PC   |T/MT |NV-BDIZC |CYCLE
----------------------------------------
00|00|00|FE |0705 |1/4  |10100100 |6182
00|00|00|FE |0705 |2/4  |10100100 |6183
00|00|00|FE |0705 |3/4  |10100100 |6184
00|00|00|FE |0705 |4/4  |10100100 |6185


---------------
Opcode: 4A
Instruction:LSR Addressing Mode:Accumulator - Operand (Value: "0x00", Address: "None")
Instruction cycle count set to 2
A |X |Y |SP |PC   |T/MT |NV-BDIZC |CYCLE
----------------------------------------
00|00|00|FE |0706 |1/2  |00100110 |6186
00|00|00|FE |0706 |2/2  |00100110 |6187


---------------
Opcode: C9
ll: 02
Instruction:CMP Addressing Mode:Immediate - Operand (Value: "0x02", Address: "None")
Instruction cycle count set to 2
A |X |Y |SP |PC   |T/MT |NV-BDIZC |CYCLE
----------------------------------------
00|00|00|FE |0708 |1/2  |10100100 |6188
00|00|00|FE |0708 |2/2  |10100100 |6189


---------------
Opcode: D0
ll: F8
Old PC: 070A Offset:-8 New PC: 0702
Instruction:BNE Addressing Mode:Relative - Operand (Value: "None", Address: "0x0702")
Instruction cycle count set to 2
A |X |Y |SP |PC   |T/MT |NV-BDIZC |CYCLE
----------------------------------------
00|00|00|FE |0702 |1/3  |10100100 |6190
00|00|00|FE |0702 |2/3  |10100100 |6191
00|00|00|FE |0702 |3/3  |10100100 |6192


---------------
Opcode: 8D
ll: 00 hh: A0
Instruction:STA Addressing Mode:Absolute - Operand (Value: "0x00", Address: "0xA000")
Writing value 0x00 to address: 0xA000
0xA000: 0x00
Instruction cycle count set to 4
A |X |Y |SP |PC   |T/MT |NV-BDIZC |CYCLE
----------------------------------------
00|00|00|FE |0705 |1/4  |10100100 |6193
00|00|00|FE |0705 |2/4  |10100100 |6194
00|00|00|FE |0705 |3/4  |10100100 |6195
00|00|00|FE |0705 |4/4  |10100100 |6196


---------------
Opcode: 4A
Instruction:LSR Addressing Mode:Accumulator - Operand (Value: "0x00", Address: "None")
Instruction cycle count set to 2
A |X |Y |SP |PC   |T/MT |NV-BDIZC |CYCLE
----------------------------------------
00|00|00|FE |0706 |1/2  |00100110 |6197
00|00|00|FE |0706 |2/2  |00100110 |6198


---------------
Opcode: C9
ll: 02
Instruction:CMP Addressing Mode:Immediate - Operand (Value: "0x02", Address: "None")
Instruction cycle count set to 2
A |X |Y |SP |PC   |T/MT |NV-BDIZC |CYCLE
----------------------------------------
00|00|00|FE |0708 |1/2  |10100100 |6199
00|00|00|FE |0708 |2/2  |10100100 |6200


---------------
Opcode: D0
ll: F8
Old PC: 070A Offset:-8 New PC: 0702
Instruction:BNE Addressing Mode:Relative - Operand (Value: "None", Address: "0x0702")
Instruction cycle count set to 2
A |X |Y |SP |PC   |T/MT |NV-BDIZC |CYCLE
----------------------------------------
00|00|00|FE |0702 |1/3  |10100100 |6201
00|00|00|FE |0702 |2/3  |10100100 |6202
00|00|00|FE |0702 |3/3  |10100100 |6203


---------------
Opcode: 8D
ll: 00 hh: A0
Instruction:STA Addressing Mode:Absolute - Operand (Value: "0x00", Address: "0xA000")
Writing value 0x00 to address: 0xA000
0xA000: 0x00
Instruction cycle count set to 4
A |X |Y |SP |PC   |T/MT |NV-BDIZC |CYCLE
----------------------------------------
00|00|00|FE |0705 |1/4  |10100100 |6204
00|00|00|FE |0705 |2/4  |10100100 |6205
00|00|00|FE |0705 |3/4  |10100100 |6206
00|00|00|FE |0705 |4/4  |10100100 |6207


---------------
Opcode: 4A
Instruction:LSR Addressing Mode:Accumulator - Operand (Value: "0x00", Address: "None")
Instruction cycle count set to 2
A |X |Y |SP |PC   |T/MT |NV-BDIZC |CYCLE
----------------------------------------
00|00|00|FE |0706 |1/2  |00100110 |6208
00|00|00|FE |0706 |2/2  |00100110 |6209


---------------
Opcode: C9
ll: 02
Instruction:CMP Addressing Mode:Immediate - Operand (Value: "0x02", Address: "None")
Instruction cycle count set to 2
A |X |Y |SP |PC   |T/MT |NV-BDIZC |CYCLE
----------------------------------------
00|00|00|FE |0708 |1/2  |10100100 |6210
00|00|00|FE |0708 |2/2  |10100100 |6211


---------------
Opcode: D0
ll: F8
Old PC: 070A Offset:-8 New PC: 0702
Instruction:BNE Addressing Mode:Relative - Operand (Value: "None", Address: "0x0702")
Instruction cycle count set to 2
A |X |Y |SP |PC   |T/MT |NV-BDIZC |CYCLE
----------------------------------------
00|00|00|FE |0702 |1/3  |10100100 |6212
00|00|00|FE |0702 |2/3  |10100100 |6213
00|00|00|FE |0702 |3/3  |10100100 |6214


---------------
Opcode: 8D
ll: 00 hh: A0
Instruction:STA Addressing Mode:Absolute - Operand (Value: "0x00", Address: "0xA000")
Writing value 0x00 to address: 0xA000
0xA000: 0x00
Instruction cycle count set to 4
A |X |Y |SP |PC   |T/MT |NV-BDIZC |CYCLE
----------------------------------------
00|00|00|FE |0705 |1/4  |10100100 |6215
00|00|00|FE |0705 |2/4  |10100100 |6216
00|00|00|FE |0705 |3/4  |10100100 |6217
00|00|00|FE |0705 |4/4  |10100100 |6218


---------------
Opcode: 4A
Instruction:LSR Addressing Mode:Accumulator - Operand (Value: "0x00", Address: "None")
Instruction cycle count set to 2
A |X |Y |SP |PC   |T/MT |NV-BDIZC |CYCLE
----------------------------------------
00|00|00|FE |0706 |1/2  |00100110 |6219
00|00|00|FE |0706 |2/2  |00100110 |6220


---------------
Opcode: C9
ll: 02
Instruction:CMP Addressing Mode:Immediate - Operand (Value: "0x02", Address: "None")
Instruction cycle count set to 2
A |X |Y |SP |PC   |T/MT |NV-BDIZC |CYCLE
----------------------------------------
00|00|00|FE |0708 |1/2  |10100100 |6221
00|00|00|FE |0708 |2/2  |10100100 |6222


---------------
Opcode: D0
ll: F8
Old PC: 070A Offset:-8 New PC: 0702
Instruction:BNE Addressing Mode:Relative - Operand (Value: "None", Address: "0x0702")
Instruction cycle count set to 2
A |X |Y |SP |PC   |T/MT |NV-BDIZC |CYCLE
----------------------------------------
00|00|00|FE |0702 |1/3  |10100100 |6223
00|00|00|FE |0702 |2/3  |10100100 |6224
00|00|00|FE |0702 |3/3  |10100100 |6225


---------------
Opcode: 8D
ll: 00 hh: A0
Instruction:STA Addressing Mode:Absolute - Operand (Value: "0x00", Address: "0xA000")
Writing value 0x00 to address: 0xA000
0xA000: 0x00
Instruction cycle count set to 4
A |X |Y |SP |PC   |T/MT |NV-BDIZC |CYCLE
----------------------------------------
00|00|00|FE |0705 |1/4  |10100100 |6226
00|00|00|FE |0705 |2/4  |10100100 |6227
00|00|00|FE |0705 |3/4  |10100100 |6228
00|00|00|FE |0705 |4/4  |10100100 |6229


---------------
Opcode: 4A
Instruction:LSR Addressing Mode:Accumulator - Operand (Value: "0x00", Address: "None")
Instruction cycle count set to 2
A |X |Y |SP |PC   |T/MT |NV-BDIZC |CYCLE
----------------------------------------
00|00|00|FE |0706 |1/2  |00100110 |6230
00|00|00|FE |0706 |2/2  |00100110 |6231


---------------
Opcode: C9
ll: 02
Instruction:CMP Addressing Mode:Immediate - Operand (Value: "0x02", Address: "None")
Instruction cycle count set to 2
A |X |Y |SP |PC   |T/MT |NV-BDIZC |CYCLE
----------------------------------------
00|00|00|FE |0708 |1/2  |10100100 |6232
00|00|00|FE |0708 |2/2  |10100100 |6233


---------------
Opcode: D0
ll: F8
Old PC: 070A Offset:-8 New PC: 0702
Instruction:BNE Addressing Mode:Relative - Operand (Value: "None", Address: "0x0702")
Instruction cycle count set to 2
A |X |Y |SP |PC   |T/MT |NV-BDIZC |CYCLE
----------------------------------------
00|00|00|FE |0702 |1/3  |10100100 |6234
00|00|00|FE |0702 |2/3  |10100100 |6235
00|00|00|FE |0702 |3/3  |10100100 |6236


---------------
Opcode: 8D
ll: 00 hh: A0
Instruction:STA Addressing Mode:Absolute - Operand (Value: "0x00", Address: "0xA000")
Writing value 0x00 to address: 0xA000
0xA000: 0x00
Instruction cycle count set to 4
A |X |Y |SP |PC   |T/MT |NV-BDIZC |CYCLE
----------------------------------------
00|00|00|FE |0705 |1/4  |10100100 |6237
00|00|00|FE |0705 |2/4  |10100100 |6238
00|00|00|FE |0705 |3/4  |10100100 |6239
00|00|00|FE |0705 |4/4  |10100100 |6240


---------------
Opcode: 4A
Instruction:LSR Addressing Mode:Accumulator - Operand (Value: "0x00", Address: "None")
Instruction cycle count set to 2
A |X |Y |SP |PC   |T/MT |NV-BDIZC |CYCLE
----------------------------------------
00|00|00|FE |0706 |1/2  |00100110 |6241
00|00|00|FE |0706 |2/2  |00100110 |6242


---------------
Opcode: C9
ll: 02
Instruction:CMP Addressing Mode:Immediate - Operand (Value: "0x02", Address: "None")
Instruction cycle count set to 2
A |X |Y |SP |PC   |T/MT |NV-BDIZC |CYCLE
----------------------------------------
00|00|00|FE |0708 |1/2  |10100100 |6243
00|00|00|FE |0708 |2/2  |10100100 |6244


---------------
Opcode: D0
ll: F8
Old PC: 070A Offset:-8 New PC: 0702
Instruction:BNE Addressing Mode:Relative - Operand (Value: "None", Address: "0x0702")
Instruction cycle count set to 2
A |X |Y |SP |PC   |T/MT |NV-BDIZC |CYCLE
----------------------------------------
00|00|00|FE |0702 |1/3  |10100100 |6245
00|00|00|FE |0702 |2/3  |10100100 |6246
00|00|00|FE |0702 |3/3  |10100100 |6247


---------------
Opcode: 8D
ll: 00 hh: A0
Instruction:STA Addressing Mode:Absolute - Operand (Value: "0x00", Address: "0xA000")
Writing value 0x00 to address: 0xA000
0xA000: 0x00
Instruction cycle count set to 4
A |X |Y |SP |PC   |T/MT |NV-BDIZC |CYCLE
----------------------------------------
00|00|00|FE |0705 |1/4  |10100100 |6248
00|00|00|FE |0705 |2/4  |10100100 |6249
00|00|00|FE |0705 |3/4  |10100100 |6250
00|00|00|FE |0705 |4/4  |10100100 |6251


---------------
Opcode: 4A
Instruction:LSR Addressing Mode:Accumulator - Operand (Value: "0x00", Address: "None")
Instruction cycle count set to 2
A |X |Y |SP |PC   |T/MT |NV-BDIZC |CYCLE
----------------------------------------
00|00|00|FE |0706 |1/2  |00100110 |6252
00|00|00|FE |0706 |2/2  |00100110 |6253


---------------
Opcode: C9
ll: 02
Instruction:CMP Addressing Mode:Immediate - Operand (Value: "0x02", Address: "None")
Instruction cycle count set to 2
A |X |Y |SP |PC   |T/MT |NV-BDIZC |CYCLE
----------------------------------------
00|00|00|FE |0708 |1/2  |10100100 |6254
00|00|00|FE |0708 |2/2  |10100100 |6255


---------------
Opcode: D0
ll: F8
Old PC: 070A Offset:-8 New PC: 0702
Instruction:BNE Addressing Mode:Relative - Operand (Value: "None", Address: "0x0702")
Instruction cycle count set to 2
A |X |Y |SP |PC   |T/MT |NV-BDIZC |CYCLE
----------------------------------------
00|00|00|FE |0702 |1/3  |10100100 |6256
00|00|00|FE |0702 |2/3  |10100100 |6257
00|00|00|FE |0702 |3/3  |10100100 |6258


---------------
Opcode: 8D
ll: 00 hh: A0
Instruction:STA Addressing Mode:Absolute - Operand (Value: "0x00", Address: "0xA000")
Writing value 0x00 to address: 0xA000
0xA000: 0x00
Instruction cycle count set to 4
A |X |Y |SP |PC   |T/MT |NV-BDIZC |CYCLE
----------------------------------------
00|00|00|FE |0705 |1/4  |10100100 |6259
00|00|00|FE |0705 |2/4  |10100100 |6260
00|00|00|FE |0705 |3/4  |10100100 |6261
00|00|00|FE |0705 |4/4  |10100100 |6262


---------------
Opcode: 4A
Instruction:LSR Addressing Mode:Accumulator - Operand (Value: "0x00", Address: "None")
Instruction cycle count set to 2
A |X |Y |SP |PC   |T/MT |NV-BDIZC |CYCLE
----------------------------------------
00|00|00|FE |0706 |1/2  |00100110 |6263
00|00|00|FE |0706 |2/2  |00100110 |6264


---------------
Opcode: C9
ll: 02
Instruction:CMP Addressing Mode:Immediate - Operand (Value: "0x02", Address: "None")
Instruction cycle count set to 2
A |X |Y |SP |PC   |T/MT |NV-BDIZC |CYCLE
----------------------------------------
00|00|00|FE |0708 |1/2  |10100100 |6265
00|00|00|FE |0708 |2/2  |10100100 |6266


---------------
Opcode: D0
ll: F8
Old PC: 070A Offset:-8 New PC: 0702
Instruction:BNE Addressing Mode:Relative - Operand (Value: "None", Address: "0x0702")
Instruction cycle count set to 2
A |X |Y |SP |PC   |T/MT |NV-BDIZC |CYCLE
----------------------------------------
00|00|00|FE |0702 |1/3  |10100100 |6267
00|00|00|FE |0702 |2/3  |10100100 |6268
00|00|00|FE |0702 |3/3  |10100100 |6269


---------------
Opcode: 8D
ll: 00 hh: A0
Instruction:STA Addressing Mode:Absolute - Operand (Value: "0x00", Address: "0xA000")
Writing value 0x00 to address: 0xA000
0xA000: 0x00
Instruction cycle count set to 4
A |X |Y |SP |PC   |T/MT |NV-BDIZC |CYCLE
----------------------------------------
00|00|00|FE |0705 |1/4  |10100100 |6270
00|00|00|FE |0705 |2/4  |10100100 |6271
00|00|00|FE |0705 |3/4  |10100100 |6272
00|00|00|FE |0705 |4/4  |10100100 |6273


---------------
Opcode: 4A
Instruction:LSR Addressing Mode:Accumulator - Operand (Value: "0x00", Address: "None")
Instruction cycle count set to 2
A |X |Y |SP |PC   |T/MT |NV-BDIZC |CYCLE
----------------------------------------
00|00|00|FE |0706 |1/2  |00100110 |6274
00|00|00|FE |0706 |2/2  |00100110 |6275


---------------
Opcode: C9
ll: 02
Instruction:CMP Addressing Mode:Immediate - Operand (Value: "0x02", Address: "None")
Instruction cycle count set to 2
A |X |Y |SP |PC   |T/MT |NV-BDIZC |CYCLE
----------------------------------------
00|00|00|FE |0708 |1/2  |10100100 |6276
00|00|00|FE |0708 |2/2  |10100100 |6277


---------------
Opcode: D0
ll: F8
Old PC: 070A Offset:-8 New PC: 0702
Instruction:BNE Addressing Mode:Relative - Operand (Value: "None", Address: "0x0702")
Instruction cycle count set to 2
A |X |Y |SP |PC   |T/MT |NV-BDIZC |CYCLE
----------------------------------------
00|00|00|FE |0702 |1/3  |10100100 |6278
00|00|00|FE |0702 |2/3  |10100100 |6279
00|00|00|FE |0702 |3/3  |10100100 |6280


---------------
Opcode: 8D
ll: 00 hh: A0
Instruction:STA Addressing Mode:Absolute - Operand (Value: "0x00", Address: "0xA000")
Writing value 0x00 to address: 0xA000
0xA000: 0x00
Instruction cycle count set to 4
A |X |Y |SP |PC   |T/MT |NV-BDIZC |CYCLE
----------------------------------------
00|00|00|FE |0705 |1/4  |10100100 |6281
00|00|00|FE |0705 |2/4  |10100100 |6282
00|00|00|FE |0705 |3/4  |10100100 |6283
00|00|00|FE |0705 |4/4  |10100100 |6284


---------------
Opcode: 4A
Instruction:LSR Addressing Mode:Accumulator - Operand (Value: "0x00", Address: "None")
Instruction cycle count set to 2
A |X |Y |SP |PC   |T/MT |NV-BDIZC |CYCLE
----------------------------------------
00|00|00|FE |0706 |1/2  |00100110 |6285
00|00|00|FE |0706 |2/2  |00100110 |6286


---------------
Opcode: C9
ll: 02
Instruction:CMP Addressing Mode:Immediate - Operand (Value: "0x02", Address: "None")
Instruction cycle count set to 2
A |X |Y |SP |PC   |T/MT |NV-BDIZC |CYCLE
----------------------------------------
00|00|00|FE |0708 |1/2  |10100100 |6287
00|00|00|FE |0708 |2/2  |10100100 |6288


---------------
Opcode: D0
ll: F8
Old PC: 070A Offset:-8 New PC: 0702
Instruction:BNE Addressing Mode:Relative - Operand (Value: "None", Address: "0x0702")
Instruction cycle count set to 2
A |X |Y |SP |PC   |T/MT |NV-BDIZC |CYCLE
----------------------------------------
00|00|00|FE |0702 |1/3  |10100100 |6289
00|00|00|FE |0702 |2/3  |10100100 |6290
00|00|00|FE |0702 |3/3  |10100100 |6291


---------------
Opcode: 8D
ll: 00 hh: A0
Instruction:STA Addressing Mode:Absolute - Operand (Value: "0x00", Address: "0xA000")
Writing value 0x00 to address: 0xA000
0xA000: 0x00
Instruction cycle count set to 4
A |X |Y |SP |PC   |T/MT |NV-BDIZC |CYCLE
----------------------------------------
00|00|00|FE |0705 |1/4  |10100100 |6292
00|00|00|FE |0705 |2/4  |10100100 |6293
00|00|00|FE |0705 |3/4  |10100100 |6294
00|00|00|FE |0705 |4/4  |10100100 |6295


---------------
Opcode: 4A
Instruction:LSR Addressing Mode:Accumulator - Operand (Value: "0x00", Address: "None")
Instruction cycle count set to 2
A |X |Y |SP |PC   |T/MT |NV-BDIZC |CYCLE
----------------------------------------
00|00|00|FE |0706 |1/2  |00100110 |6296
00|00|00|FE |0706 |2/2  |00100110 |6297


---------------
Opcode: C9
ll: 02
Instruction:CMP Addressing Mode:Immediate - Operand (Value: "0x02", Address: "None")
Instruction cycle count set to 2
A |X |Y |SP |PC   |T/MT |NV-BDIZC |CYCLE
----------------------------------------
00|00|00|FE |0708 |1/2  |10100100 |6298
00|00|00|FE |0708 |2/2  |10100100 |6299


---------------
Opcode: D0
ll: F8
Old PC: 070A Offset:-8 New PC: 0702
Instruction:BNE Addressing Mode:Relative - Operand (Value: "None", Address: "0x0702")
Instruction cycle count set to 2
A |X |Y |SP |PC   |T/MT |NV-BDIZC |CYCLE
----------------------------------------
00|00|00|FE |0702 |1/3  |10100100 |6300
00|00|00|FE |0702 |2/3  |10100100 |6301
00|00|00|FE |0702 |3/3  |10100100 |6302


---------------
Opcode: 8D
ll: 00 hh: A0
Instruction:STA Addressing Mode:Absolute - Operand (Value: "0x00", Address: "0xA000")
Writing value 0x00 to address: 0xA000
0xA000: 0x00
Instruction cycle count set to 4
A |X |Y |SP |PC   |T/MT |NV-BDIZC |CYCLE
----------------------------------------
00|00|00|FE |0705 |1/4  |10100100 |6303
00|00|00|FE |0705 |2/4  |10100100 |6304
00|00|00|FE |0705 |3/4  |10100100 |6305
00|00|00|FE |0705 |4/4  |10100100 |6306


---------------
Opcode: 4A
Instruction:LSR Addressing Mode:Accumulator - Operand (Value: "0x00", Address: "None")
Instruction cycle count set to 2
A |X |Y |SP |PC   |T/MT |NV-BDIZC |CYCLE
----------------------------------------
00|00|00|FE |0706 |1/2  |00100110 |6307
00|00|00|FE |0706 |2/2  |00100110 |6308


---------------
Opcode: C9
ll: 02
Instruction:CMP Addressing Mode:Immediate - Operand (Value: "0x02", Address: "None")
Instruction cycle count set to 2
A |X |Y |SP |PC   |T/MT |NV-BDIZC |CYCLE
----------------------------------------
00|00|00|FE |0708 |1/2  |10100100 |6309
00|00|00|FE |0708 |2/2  |10100100 |6310


---------------
Opcode: D0
ll: F8
Old PC: 070A Offset:-8 New PC: 0702
Instruction:BNE Addressing Mode:Relative - Operand (Value: "None", Address: "0x0702")
Instruction cycle count set to 2
A |X |Y |SP |PC   |T/MT |NV-BDIZC |CYCLE
----------------------------------------
00|00|00|FE |0702 |1/3  |10100100 |6311
00|00|00|FE |0702 |2/3  |10100100 |6312
00|00|00|FE |0702 |3/3  |10100100 |6313


---------------
Opcode: 8D
ll: 00 hh: A0
Instruction:STA Addressing Mode:Absolute - Operand (Value: "0x00", Address: "0xA000")
Writing value 0x00 to address: 0xA000
0xA000: 0x00
Instruction cycle count set to 4
A |X |Y |SP |PC   |T/MT |NV-BDIZC |CYCLE
----------------------------------------
00|00|00|FE |0705 |1/4  |10100100 |6314
00|00|00|FE |0705 |2/4  |10100100 |6315
00|00|00|FE |0705 |3/4  |10100100 |6316
00|00|00|FE |0705 |4/4  |10100100 |6317


---------------
Opcode: 4A
Instruction:LSR Addressing Mode:Accumulator - Operand (Value: "0x00", Address: "None")
Instruction cycle count set to 2
A |X |Y |SP |PC   |T/MT |NV-BDIZC |CYCLE
----------------------------------------
00|00|00|FE |0706 |1/2  |00100110 |6318
00|00|00|FE |0706 |2/2  |00100110 |6319


---------------
Opcode: C9
ll: 02
Instruction:CMP Addressing Mode:Immediate - Operand (Value: "0x02", Address: "None")
Instruction cycle count set to 2
A |X |Y |SP |PC   |T/MT |NV-BDIZC |CYCLE
----------------------------------------
00|00|00|FE |0708 |1/2  |10100100 |6320
00|00|00|FE |0708 |2/2  |10100100 |6321


---------------
Opcode: D0
ll: F8
Old PC: 070A Offset:-8 New PC: 0702
Instruction:BNE Addressing Mode:Relative - Operand (Value: "None", Address: "0x0702")
Instruction cycle count set to 2
A |X |Y |SP |PC   |T/MT |NV-BDIZC |CYCLE
----------------------------------------
00|00|00|FE |0702 |1/3  |10100100 |6322
00|00|00|FE |0702 |2/3  |10100100 |6323
00|00|00|FE |0702 |3/3  |10100100 |6324


---------------
Opcode: 8D
ll: 00 hh: A0
Instruction:STA Addressing Mode:Absolute - Operand (Value: "0x00", Address: "0xA000")
Writing value 0x00 to address: 0xA000
0xA000: 0x00
Instruction cycle count set to 4
A |X |Y |SP |PC   |T/MT |NV-BDIZC |CYCLE
----------------------------------------
00|00|00|FE |0705 |1/4  |10100100 |6325
00|00|00|FE |0705 |2/4  |10100100 |6326
00|00|00|FE |0705 |3/4  |10100100 |6327
00|00|00|FE |0705 |4/4  |10100100 |6328


---------------
Opcode: 4A
Instruction:LSR Addressing Mode:Accumulator - Operand (Value: "0x00", Address: "None")
Instruction cycle count set to 2
A |X |Y |SP |PC   |T/MT |NV-BDIZC |CYCLE
----------------------------------------
00|00|00|FE |0706 |1/2  |00100110 |6329
00|00|00|FE |0706 |2/2  |00100110 |6330


---------------
Opcode: C9
ll: 02
Instruction:CMP Addressing Mode:Immediate - Operand (Value: "0x02", Address: "None")
Instruction cycle count set to 2
A |X |Y |SP |PC   |T/MT |NV-BDIZC |CYCLE
----------------------------------------
00|00|00|FE |0708 |1/2  |10100100 |6331
00|00|00|FE |0708 |2/2  |10100100 |6332


---------------
Opcode: D0
ll: F8
Old PC: 070A Offset:-8 New PC: 0702
Instruction:BNE Addressing Mode:Relative - Operand (Value: "None", Address: "0x0702")
Instruction cycle count set to 2
A |X |Y |SP |PC   |T/MT |NV-BDIZC |CYCLE
----------------------------------------
00|00|00|FE |0702 |1/3  |10100100 |6333
00|00|00|FE |0702 |2/3  |10100100 |6334
00|00|00|FE |0702 |3/3  |10100100 |6335


---------------
Opcode: 8D
ll: 00 hh: A0
Instruction:STA Addressing Mode:Absolute - Operand (Value: "0x00", Address: "0xA000")
Writing value 0x00 to address: 0xA000
0xA000: 0x00
Instruction cycle count set to 4
A |X |Y |SP |PC   |T/MT |NV-BDIZC |CYCLE
----------------------------------------
00|00|00|FE |0705 |1/4  |10100100 |6336
00|00|00|FE |0705 |2/4  |10100100 |6337
00|00|00|FE |0705 |3/4  |10100100 |6338
00|00|00|FE |0705 |4/4  |10100100 |6339


---------------
Opcode: 4A
Instruction:LSR Addressing Mode:Accumulator - Operand (Value: "0x00", Address: "None")
Instruction cycle count set to 2
A |X |Y |SP |PC   |T/MT |NV-BDIZC |CYCLE
----------------------------------------
00|00|00|FE |0706 |1/2  |00100110 |6340
00|00|00|FE |0706 |2/2  |00100110 |6341


---------------
Opcode: C9
ll: 02
Instruction:CMP Addressing Mode:Immediate - Operand (Value: "0x02", Address: "None")
Instruction cycle count set to 2
A |X |Y |SP |PC   |T/MT |NV-BDIZC |CYCLE
----------------------------------------
00|00|00|FE |0708 |1/2  |10100100 |6342
00|00|00|FE |0708 |2/2  |10100100 |6343


---------------
Opcode: D0
ll: F8
Old PC: 070A Offset:-8 New PC: 0702
Instruction:BNE Addressing Mode:Relative - Operand (Value: "None", Address: "0x0702")
Instruction cycle count set to 2
A |X |Y |SP |PC   |T/MT |NV-BDIZC |CYCLE
----------------------------------------
00|00|00|FE |0702 |1/3  |10100100 |6344
00|00|00|FE |0702 |2/3  |10100100 |6345
00|00|00|FE |0702 |3/3  |10100100 |6346


---------------
Opcode: 8D
ll: 00 hh: A0
Instruction:STA Addressing Mode:Absolute - Operand (Value: "0x00", Address: "0xA000")
Writing value 0x00 to address: 0xA000
0xA000: 0x00
Instruction cycle count set to 4
A |X |Y |SP |PC   |T/MT |NV-BDIZC |CYCLE
----------------------------------------
00|00|00|FE |0705 |1/4  |10100100 |6347
00|00|00|FE |0705 |2/4  |10100100 |6348
00|00|00|FE |0705 |3/4  |10100100 |6349
00|00|00|FE |0705 |4/4  |10100100 |6350


---------------
Opcode: 4A
Instruction:LSR Addressing Mode:Accumulator - Operand (Value: "0x00", Address: "None")
Instruction cycle count set to 2
A |X |Y |SP |PC   |T/MT |NV-BDIZC |CYCLE
----------------------------------------
00|00|00|FE |0706 |1/2  |00100110 |6351
00|00|00|FE |0706 |2/2  |00100110 |6352


---------------
Opcode: C9
ll: 02
Instruction:CMP Addressing Mode:Immediate - Operand (Value: "0x02", Address: "None")
Instruction cycle count set to 2
A |X |Y |SP |PC   |T/MT |NV-BDIZC |CYCLE
----------------------------------------
00|00|00|FE |0708 |1/2  |10100100 |6353
00|00|00|FE |0708 |2/2  |10100100 |6354


---------------
Opcode: D0
ll: F8
Old PC: 070A Offset:-8 New PC: 0702
Instruction:BNE Addressing Mode:Relative - Operand (Value: "None", Address: "0x0702")
Instruction cycle count set to 2
A |X |Y |SP |PC   |T/MT |NV-BDIZC |CYCLE
----------------------------------------
00|00|00|FE |0702 |1/3  |10100100 |6355
00|00|00|FE |0702 |2/3  |10100100 |6356
00|00|00|FE |0702 |3/3  |10100100 |6357


---------------
Opcode: 8D
ll: 00 hh: A0
Instruction:STA Addressing Mode:Absolute - Operand (Value: "0x00", Address: "0xA000")
Writing value 0x00 to address: 0xA000
0xA000: 0x00
Instruction cycle count set to 4
A |X |Y |SP |PC   |T/MT |NV-BDIZC |CYCLE
----------------------------------------
00|00|00|FE |0705 |1/4  |10100100 |6358
00|00|00|FE |0705 |2/4  |10100100 |6359
00|00|00|FE |0705 |3/4  |10100100 |6360
00|00|00|FE |0705 |4/4  |10100100 |6361


---------------
Opcode: 4A
Instruction:LSR Addressing Mode:Accumulator - Operand (Value: "0x00", Address: "None")
Instruction cycle count set to 2
A |X |Y |SP |PC   |T/MT |NV-BDIZC |CYCLE
----------------------------------------
00|00|00|FE |0706 |1/2  |00100110 |6362
00|00|00|FE |0706 |2/2  |00100110 |6363


---------------
Opcode: C9
ll: 02
Instruction:CMP Addressing Mode:Immediate - Operand (Value: "0x02", Address: "None")
Instruction cycle count set to 2
A |X |Y |SP |PC   |T/MT |NV-BDIZC |CYCLE
----------------------------------------
00|00|00|FE |0708 |1/2  |10100100 |6364
00|00|00|FE |0708 |2/2  |10100100 |6365


---------------
Opcode: D0
ll: F8
Old PC: 070A Offset:-8 New PC: 0702
Instruction:BNE Addressing Mode:Relative - Operand (Value: "None", Address: "0x0702")
Instruction cycle count set to 2
A |X |Y |SP |PC   |T/MT |NV-BDIZC |CYCLE
----------------------------------------
00|00|00|FE |0702 |1/3  |10100100 |6366
00|00|00|FE |0702 |2/3  |10100100 |6367
00|00|00|FE |0702 |3/3  |10100100 |6368


---------------
Opcode: 8D
ll: 00 hh: A0
Instruction:STA Addressing Mode:Absolute - Operand (Value: "0x00", Address: "0xA000")
Writing value 0x00 to address: 0xA000
0xA000: 0x00
Instruction cycle count set to 4
A |X |Y |SP |PC   |T/MT |NV-BDIZC |CYCLE
----------------------------------------
00|00|00|FE |0705 |1/4  |10100100 |6369
00|00|00|FE |0705 |2/4  |10100100 |6370
00|00|00|FE |0705 |3/4  |10100100 |6371
00|00|00|FE |0705 |4/4  |10100100 |6372


---------------
Opcode: 4A
Instruction:LSR Addressing Mode:Accumulator - Operand (Value: "0x00", Address: "None")
Instruction cycle count set to 2
A |X |Y |SP |PC   |T/MT |NV-BDIZC |CYCLE
----------------------------------------
00|00|00|FE |0706 |1/2  |00100110 |6373
00|00|00|FE |0706 |2/2  |00100110 |6374


---------------
Opcode: C9
ll: 02
Instruction:CMP Addressing Mode:Immediate - Operand (Value: "0x02", Address: "None")
Instruction cycle count set to 2
A |X |Y |SP |PC   |T/MT |NV-BDIZC |CYCLE
----------------------------------------
00|00|00|FE |0708 |1/2  |10100100 |6375
00|00|00|FE |0708 |2/2  |10100100 |6376


---------------
Opcode: D0
ll: F8
Old PC: 070A Offset:-8 New PC: 0702
Instruction:BNE Addressing Mode:Relative - Operand (Value: "None", Address: "0x0702")
Instruction cycle count set to 2
A |X |Y |SP |PC   |T/MT |NV-BDIZC |CYCLE
----------------------------------------
00|00|00|FE |0702 |1/3  |10100100 |6377
00|00|00|FE |0702 |2/3  |10100100 |6378
00|00|00|FE |0702 |3/3  |10100100 |6379


---------------
Opcode: 8D
ll: 00 hh: A0
Instruction:STA Addressing Mode:Absolute - Operand (Value: "0x00", Address: "0xA000")
Writing value 0x00 to address: 0xA000
0xA000: 0x00
Instruction cycle count set to 4
A |X |Y |SP |PC   |T/MT |NV-BDIZC |CYCLE
----------------------------------------
00|00|00|FE |0705 |1/4  |10100100 |6380
00|00|00|FE |0705 |2/4  |10100100 |6381
00|00|00|FE |0705 |3/4  |10100100 |6382
00|00|00|FE |0705 |4/4  |10100100 |6383


---------------
Opcode: 4A
Instruction:LSR Addressing Mode:Accumulator - Operand (Value: "0x00", Address: "None")
Instruction cycle count set to 2
A |X |Y |SP |PC   |T/MT |NV-BDIZC |CYCLE
----------------------------------------
00|00|00|FE |0706 |1/2  |00100110 |6384
00|00|00|FE |0706 |2/2  |00100110 |6385


---------------
Opcode: C9
ll: 02
Instruction:CMP Addressing Mode:Immediate - Operand (Value: "0x02", Address: "None")
Instruction cycle count set to 2
A |X |Y |SP |PC   |T/MT |NV-BDIZC |CYCLE
----------------------------------------
00|00|00|FE |0708 |1/2  |10100100 |6386
00|00|00|FE |0708 |2/2  |10100100 |6387


---------------
Opcode: D0
ll: F8
Old PC: 070A Offset:-8 New PC: 0702
Instruction:BNE Addressing Mode:Relative - Operand (Value: "None", Address: "0x0702")
Instruction cycle count set to 2
A |X |Y |SP |PC   |T/MT |NV-BDIZC |CYCLE
----------------------------------------
00|00|00|FE |0702 |1/3  |10100100 |6388
00|00|00|FE |0702 |2/3  |10100100 |6389
00|00|00|FE |0702 |3/3  |10100100 |6390


---------------
Opcode: 8D
ll: 00 hh: A0
Instruction:STA Addressing Mode:Absolute - Operand (Value: "0x00", Address: "0xA000")
Writing value 0x00 to address: 0xA000
0xA000: 0x00
Instruction cycle count set to 4
A |X |Y |SP |PC   |T/MT |NV-BDIZC |CYCLE
----------------------------------------
00|00|00|FE |0705 |1/4  |10100100 |6391
00|00|00|FE |0705 |2/4  |10100100 |6392
00|00|00|FE |0705 |3/4  |10100100 |6393
00|00|00|FE |0705 |4/4  |10100100 |6394


---------------
Opcode: 4A
Instruction:LSR Addressing Mode:Accumulator - Operand (Value: "0x00", Address: "None")
Instruction cycle count set to 2
A |X |Y |SP |PC   |T/MT |NV-BDIZC |CYCLE
----------------------------------------
00|00|00|FE |0706 |1/2  |00100110 |6395
00|00|00|FE |0706 |2/2  |00100110 |6396


---------------
Opcode: C9
ll: 02
Instruction:CMP Addressing Mode:Immediate - Operand (Value: "0x02", Address: "None")
Instruction cycle count set to 2
A |X |Y |SP |PC   |T/MT |NV-BDIZC |CYCLE
----------------------------------------
00|00|00|FE |0708 |1/2  |10100100 |6397
00|00|00|FE |0708 |2/2  |10100100 |6398


---------------
Opcode: D0
ll: F8
Old PC: 070A Offset:-8 New PC: 0702
Instruction:BNE Addressing Mode:Relative - Operand (Value: "None", Address: "0x0702")
Instruction cycle count set to 2
A |X |Y |SP |PC   |T/MT |NV-BDIZC |CYCLE
----------------------------------------
00|00|00|FE |0702 |1/3  |10100100 |6399
00|00|00|FE |0702 |2/3  |10100100 |6400
00|00|00|FE |0702 |3/3  |10100100 |6401


---------------
Opcode: 8D
ll: 00 hh: A0
Instruction:STA Addressing Mode:Absolute - Operand (Value: "0x00", Address: "0xA000")
Writing value 0x00 to address: 0xA000
0xA000: 0x00
Instruction cycle count set to 4
A |X |Y |SP |PC   |T/MT |NV-BDIZC |CYCLE
----------------------------------------
00|00|00|FE |0705 |1/4  |10100100 |6402
00|00|00|FE |0705 |2/4  |10100100 |6403
00|00|00|FE |0705 |3/4  |10100100 |6404
00|00|00|FE |0705 |4/4  |10100100 |6405


---------------
Opcode: 4A
Instruction:LSR Addressing Mode:Accumulator - Operand (Value: "0x00", Address: "None")
Instruction cycle count set to 2
A |X |Y |SP |PC   |T/MT |NV-BDIZC |CYCLE
----------------------------------------
00|00|00|FE |0706 |1/2  |00100110 |6406
00|00|00|FE |0706 |2/2  |00100110 |6407


---------------
Opcode: C9
ll: 02
Instruction:CMP Addressing Mode:Immediate - Operand (Value: "0x02", Address: "None")
Instruction cycle count set to 2
A |X |Y |SP |PC   |T/MT |NV-BDIZC |CYCLE
----------------------------------------
00|00|00|FE |0708 |1/2  |10100100 |6408
00|00|00|FE |0708 |2/2  |10100100 |6409


---------------
Opcode: D0
ll: F8
Old PC: 070A Offset:-8 New PC: 0702
Instruction:BNE Addressing Mode:Relative - Operand (Value: "None", Address: "0x0702")
Instruction cycle count set to 2
A |X |Y |SP |PC   |T/MT |NV-BDIZC |CYCLE
----------------------------------------
00|00|00|FE |0702 |1/3  |10100100 |6410
00|00|00|FE |0702 |2/3  |10100100 |6411
00|00|00|FE |0702 |3/3  |10100100 |6412


---------------
Opcode: 8D
ll: 00 hh: A0
Instruction:STA Addressing Mode:Absolute - Operand (Value: "0x00", Address: "0xA000")
Writing value 0x00 to address: 0xA000
0xA000: 0x00
Instruction cycle count set to 4
A |X |Y |SP |PC   |T/MT |NV-BDIZC |CYCLE
----------------------------------------
00|00|00|FE |0705 |1/4  |10100100 |6413
00|00|00|FE |0705 |2/4  |10100100 |6414
00|00|00|FE |0705 |3/4  |10100100 |6415
00|00|00|FE |0705 |4/4  |10100100 |6416


---------------
Opcode: 4A
Instruction:LSR Addressing Mode:Accumulator - Operand (Value: "0x00", Address: "None")
Instruction cycle count set to 2
A |X |Y |SP |PC   |T/MT |NV-BDIZC |CYCLE
----------------------------------------
00|00|00|FE |0706 |1/2  |00100110 |6417
00|00|00|FE |0706 |2/2  |00100110 |6418


---------------
Opcode: C9
ll: 02
Instruction:CMP Addressing Mode:Immediate - Operand (Value: "0x02", Address: "None")
Instruction cycle count set to 2
A |X |Y |SP |PC   |T/MT |NV-BDIZC |CYCLE
----------------------------------------
00|00|00|FE |0708 |1/2  |10100100 |6419
00|00|00|FE |0708 |2/2  |10100100 |6420


---------------
Opcode: D0
ll: F8
Old PC: 070A Offset:-8 New PC: 0702
Instruction:BNE Addressing Mode:Relative - Operand (Value: "None", Address: "0x0702")
Instruction cycle count set to 2
A |X |Y |SP |PC   |T/MT |NV-BDIZC |CYCLE
----------------------------------------
00|00|00|FE |0702 |1/3  |10100100 |6421
00|00|00|FE |0702 |2/3  |10100100 |6422
00|00|00|FE |0702 |3/3  |10100100 |6423


---------------
Opcode: 8D
ll: 00 hh: A0
Instruction:STA Addressing Mode:Absolute - Operand (Value: "0x00", Address: "0xA000")
Writing value 0x00 to address: 0xA000
0xA000: 0x00
Instruction cycle count set to 4
A |X |Y |SP |PC   |T/MT |NV-BDIZC |CYCLE
----------------------------------------
00|00|00|FE |0705 |1/4  |10100100 |6424
00|00|00|FE |0705 |2/4  |10100100 |6425
00|00|00|FE |0705 |3/4  |10100100 |6426
00|00|00|FE |0705 |4/4  |10100100 |6427


---------------
Opcode: 4A
Instruction:LSR Addressing Mode:Accumulator - Operand (Value: "0x00", Address: "None")
Instruction cycle count set to 2
A |X |Y |SP |PC   |T/MT |NV-BDIZC |CYCLE
----------------------------------------
00|00|00|FE |0706 |1/2  |00100110 |6428
00|00|00|FE |0706 |2/2  |00100110 |6429


---------------
Opcode: C9
ll: 02
Instruction:CMP Addressing Mode:Immediate - Operand (Value: "0x02", Address: "None")
Instruction cycle count set to 2
A |X |Y |SP |PC   |T/MT |NV-BDIZC |CYCLE
----------------------------------------
00|00|00|FE |0708 |1/2  |10100100 |6430
00|00|00|FE |0708 |2/2  |10100100 |6431


---------------
Opcode: D0
ll: F8
Old PC: 070A Offset:-8 New PC: 0702
Instruction:BNE Addressing Mode:Relative - Operand (Value: "None", Address: "0x0702")
Instruction cycle count set to 2
A |X |Y |SP |PC   |T/MT |NV-BDIZC |CYCLE
----------------------------------------
00|00|00|FE |0702 |1/3  |10100100 |6432
00|00|00|FE |0702 |2/3  |10100100 |6433
00|00|00|FE |0702 |3/3  |10100100 |6434


---------------
Opcode: 8D
ll: 00 hh: A0
Instruction:STA Addressing Mode:Absolute - Operand (Value: "0x00", Address: "0xA000")
Writing value 0x00 to address: 0xA000
0xA000: 0x00
Instruction cycle count set to 4
A |X |Y |SP |PC   |T/MT |NV-BDIZC |CYCLE
----------------------------------------
00|00|00|FE |0705 |1/4  |10100100 |6435
00|00|00|FE |0705 |2/4  |10100100 |6436
00|00|00|FE |0705 |3/4  |10100100 |6437
00|00|00|FE |0705 |4/4  |10100100 |6438


---------------
Opcode: 4A
Instruction:LSR Addressing Mode:Accumulator - Operand (Value: "0x00", Address: "None")
Instruction cycle count set to 2
A |X |Y |SP |PC   |T/MT |NV-BDIZC |CYCLE
----------------------------------------
00|00|00|FE |0706 |1/2  |00100110 |6439
00|00|00|FE |0706 |2/2  |00100110 |6440


---------------
Opcode: C9
ll: 02
Instruction:CMP Addressing Mode:Immediate - Operand (Value: "0x02", Address: "None")
Instruction cycle count set to 2
A |X |Y |SP |PC   |T/MT |NV-BDIZC |CYCLE
----------------------------------------
00|00|00|FE |0708 |1/2  |10100100 |6441
00|00|00|FE |0708 |2/2  |10100100 |6442


---------------
Opcode: D0
ll: F8
Old PC: 070A Offset:-8 New PC: 0702
Instruction:BNE Addressing Mode:Relative - Operand (Value: "None", Address: "0x0702")
Instruction cycle count set to 2
A |X |Y |SP |PC   |T/MT |NV-BDIZC |CYCLE
----------------------------------------
00|00|00|FE |0702 |1/3  |10100100 |6443
00|00|00|FE |0702 |2/3  |10100100 |6444
00|00|00|FE |0702 |3/3  |10100100 |6445


---------------
Opcode: 8D
ll: 00 hh: A0
Instruction:STA Addressing Mode:Absolute - Operand (Value: "0x00", Address: "0xA000")
Writing value 0x00 to address: 0xA000
0xA000: 0x00
Instruction cycle count set to 4
A |X |Y |SP |PC   |T/MT |NV-BDIZC |CYCLE
----------------------------------------
00|00|00|FE |0705 |1/4  |10100100 |6446
00|00|00|FE |0705 |2/4  |10100100 |6447
00|00|00|FE |0705 |3/4  |10100100 |6448
00|00|00|FE |0705 |4/4  |10100100 |6449


---------------
Opcode: 4A
Instruction:LSR Addressing Mode:Accumulator - Operand (Value: "0x00", Address: "None")
Instruction cycle count set to 2
A |X |Y |SP |PC   |T/MT |NV-BDIZC |CYCLE
----------------------------------------
00|00|00|FE |0706 |1/2  |00100110 |6450
00|00|00|FE |0706 |2/2  |00100110 |6451


---------------
Opcode: C9
ll: 02
Instruction:CMP Addressing Mode:Immediate - Operand (Value: "0x02", Address: "None")
Instruction cycle count set to 2
A |X |Y |SP |PC   |T/MT |NV-BDIZC |CYCLE
----------------------------------------
00|00|00|FE |0708 |1/2  |10100100 |6452
00|00|00|FE |0708 |2/2  |10100100 |6453


---------------
Opcode: D0
ll: F8
Old PC: 070A Offset:-8 New PC: 0702
Instruction:BNE Addressing Mode:Relative - Operand (Value: "None", Address: "0x0702")
Instruction cycle count set to 2
A |X |Y |SP |PC   |T/MT |NV-BDIZC |CYCLE
----------------------------------------
00|00|00|FE |0702 |1/3  |10100100 |6454
00|00|00|FE |0702 |2/3  |10100100 |6455
00|00|00|FE |0702 |3/3  |10100100 |6456


---------------
Opcode: 8D
ll: 00 hh: A0
Instruction:STA Addressing Mode:Absolute - Operand (Value: "0x00", Address: "0xA000")
Writing value 0x00 to address: 0xA000
0xA000: 0x00
Instruction cycle count set to 4
A |X |Y |SP |PC   |T/MT |NV-BDIZC |CYCLE
----------------------------------------
00|00|00|FE |0705 |1/4  |10100100 |6457
00|00|00|FE |0705 |2/4  |10100100 |6458
00|00|00|FE |0705 |3/4  |10100100 |6459
00|00|00|FE |0705 |4/4  |10100100 |6460


---------------
Opcode: 4A
Instruction:LSR Addressing Mode:Accumulator - Operand (Value: "0x00", Address: "None")
Instruction cycle count set to 2
A |X |Y |SP |PC   |T/MT |NV-BDIZC |CYCLE
----------------------------------------
00|00|00|FE |0706 |1/2  |00100110 |6461
00|00|00|FE |0706 |2/2  |00100110 |6462


---------------
Opcode: C9
ll: 02
Instruction:CMP Addressing Mode:Immediate - Operand (Value: "0x02", Address: "None")
Instruction cycle count set to 2
A |X |Y |SP |PC   |T/MT |NV-BDIZC |CYCLE
----------------------------------------
00|00|00|FE |0708 |1/2  |10100100 |6463
00|00|00|FE |0708 |2/2  |10100100 |6464


---------------
Opcode: D0
ll: F8
Old PC: 070A Offset:-8 New PC: 0702
Instruction:BNE Addressing Mode:Relative - Operand (Value: "None", Address: "0x0702")
Instruction cycle count set to 2
A |X |Y |SP |PC   |T/MT |NV-BDIZC |CYCLE
----------------------------------------
00|00|00|FE |0702 |1/3  |10100100 |6465
00|00|00|FE |0702 |2/3  |10100100 |6466
00|00|00|FE |0702 |3/3  |10100100 |6467


---------------
Opcode: 8D
ll: 00 hh: A0
Instruction:STA Addressing Mode:Absolute - Operand (Value: "0x00", Address: "0xA000")
Writing value 0x00 to address: 0xA000
0xA000: 0x00
Instruction cycle count set to 4
A |X |Y |SP |PC   |T/MT |NV-BDIZC |CYCLE
----------------------------------------
00|00|00|FE |0705 |1/4  |10100100 |6468
00|00|00|FE |0705 |2/4  |10100100 |6469
00|00|00|FE |0705 |3/4  |10100100 |6470
00|00|00|FE |0705 |4/4  |10100100 |6471


---------------
Opcode: 4A
Instruction:LSR Addressing Mode:Accumulator - Operand (Value: "0x00", Address: "None")
Instruction cycle count set to 2
A |X |Y |SP |PC   |T/MT |NV-BDIZC |CYCLE
----------------------------------------
00|00|00|FE |0706 |1/2  |00100110 |6472
00|00|00|FE |0706 |2/2  |00100110 |6473


---------------
Opcode: C9
ll: 02
Instruction:CMP Addressing Mode:Immediate - Operand (Value: "0x02", Address: "None")
Instruction cycle count set to 2
A |X |Y |SP |PC   |T/MT |NV-BDIZC |CYCLE
----------------------------------------
00|00|00|FE |0708 |1/2  |10100100 |6474
00|00|00|FE |0708 |2/2  |10100100 |6475


---------------
Opcode: D0
ll: F8
Old PC: 070A Offset:-8 New PC: 0702
Instruction:BNE Addressing Mode:Relative - Operand (Value: "None", Address: "0x0702")
Instruction cycle count set to 2
A |X |Y |SP |PC   |T/MT |NV-BDIZC |CYCLE
----------------------------------------
00|00|00|FE |0702 |1/3  |10100100 |6476
00|00|00|FE |0702 |2/3  |10100100 |6477
00|00|00|FE |0702 |3/3  |10100100 |6478


---------------
Opcode: 8D
ll: 00 hh: A0
Instruction:STA Addressing Mode:Absolute - Operand (Value: "0x00", Address: "0xA000")
Writing value 0x00 to address: 0xA000
0xA000: 0x00
Instruction cycle count set to 4
A |X |Y |SP |PC   |T/MT |NV-BDIZC |CYCLE
----------------------------------------
00|00|00|FE |0705 |1/4  |10100100 |6479
00|00|00|FE |0705 |2/4  |10100100 |6480
00|00|00|FE |0705 |3/4  |10100100 |6481
00|00|00|FE |0705 |4/4  |10100100 |6482


---------------
Opcode: 4A
Instruction:LSR Addressing Mode:Accumulator - Operand (Value: "0x00", Address: "None")
Instruction cycle count set to 2
A |X |Y |SP |PC   |T/MT |NV-BDIZC |CYCLE
----------------------------------------
00|00|00|FE |0706 |1/2  |00100110 |6483
00|00|00|FE |0706 |2/2  |00100110 |6484


---------------
Opcode: C9
ll: 02
Instruction:CMP Addressing Mode:Immediate - Operand (Value: "0x02", Address: "None")
Instruction cycle count set to 2
A |X |Y |SP |PC   |T/MT |NV-BDIZC |CYCLE
----------------------------------------
00|00|00|FE |0708 |1/2  |10100100 |6485
00|00|00|FE |0708 |2/2  |10100100 |6486


---------------
Opcode: D0
ll: F8
Old PC: 070A Offset:-8 New PC: 0702
Instruction:BNE Addressing Mode:Relative - Operand (Value: "None", Address: "0x0702")
Instruction cycle count set to 2
A |X |Y |SP |PC   |T/MT |NV-BDIZC |CYCLE
----------------------------------------
00|00|00|FE |0702 |1/3  |10100100 |6487
00|00|00|FE |0702 |2/3  |10100100 |6488
00|00|00|FE |0702 |3/3  |10100100 |6489


---------------
Opcode: 8D
ll: 00 hh: A0
Instruction:STA Addressing Mode:Absolute - Operand (Value: "0x00", Address: "0xA000")
Writing value 0x00 to address: 0xA000
0xA000: 0x00
Instruction cycle count set to 4
A |X |Y |SP |PC   |T/MT |NV-BDIZC |CYCLE
----------------------------------------
00|00|00|FE |0705 |1/4  |10100100 |6490
00|00|00|FE |0705 |2/4  |10100100 |6491
00|00|00|FE |0705 |3/4  |10100100 |6492
00|00|00|FE |0705 |4/4  |10100100 |6493


---------------
Opcode: 4A
Instruction:LSR Addressing Mode:Accumulator - Operand (Value: "0x00", Address: "None")
Instruction cycle count set to 2
A |X |Y |SP |PC   |T/MT |NV-BDIZC |CYCLE
----------------------------------------
00|00|00|FE |0706 |1/2  |00100110 |6494
00|00|00|FE |0706 |2/2  |00100110 |6495


---------------
Opcode: C9
ll: 02
Instruction:CMP Addressing Mode:Immediate - Operand (Value: "0x02", Address: "None")
Instruction cycle count set to 2
A |X |Y |SP |PC   |T/MT |NV-BDIZC |CYCLE
----------------------------------------
00|00|00|FE |0708 |1/2  |10100100 |6496
00|00|00|FE |0708 |2/2  |10100100 |6497


---------------
Opcode: D0
ll: F8
Old PC: 070A Offset:-8 New PC: 0702
Instruction:BNE Addressing Mode:Relative - Operand (Value: "None", Address: "0x0702")
Instruction cycle count set to 2
A |X |Y |SP |PC   |T/MT |NV-BDIZC |CYCLE
----------------------------------------
00|00|00|FE |0702 |1/3  |10100100 |6498
00|00|00|FE |0702 |2/3  |10100100 |6499
00|00|00|FE |0702 |3/3  |10100100 |6500


---------------
Opcode: 8D
ll: 00 hh: A0
Instruction:STA Addressing Mode:Absolute - Operand (Value: "0x00", Address: "0xA000")
Writing value 0x00 to address: 0xA000
0xA000: 0x00
Instruction cycle count set to 4
A |X |Y |SP |PC   |T/MT |NV-BDIZC |CYCLE
----------------------------------------
00|00|00|FE |0705 |1/4  |10100100 |6501
00|00|00|FE |0705 |2/4  |10100100 |6502
00|00|00|FE |0705 |3/4  |10100100 |6503
00|00|00|FE |0705 |4/4  |10100100 |6504


---------------
Opcode: 4A
Instruction:LSR Addressing Mode:Accumulator - Operand (Value: "0x00", Address: "None")
Instruction cycle count set to 2
A |X |Y |SP |PC   |T/MT |NV-BDIZC |CYCLE
----------------------------------------
00|00|00|FE |0706 |1/2  |00100110 |6505
00|00|00|FE |0706 |2/2  |00100110 |6506


---------------
Opcode: C9
ll: 02
Instruction:CMP Addressing Mode:Immediate - Operand (Value: "0x02", Address: "None")
Instruction cycle count set to 2
A |X |Y |SP |PC   |T/MT |NV-BDIZC |CYCLE
----------------------------------------
00|00|00|FE |0708 |1/2  |10100100 |6507
00|00|00|FE |0708 |2/2  |10100100 |6508


---------------
Opcode: D0
ll: F8
Old PC: 070A Offset:-8 New PC: 0702
Instruction:BNE Addressing Mode:Relative - Operand (Value: "None", Address: "0x0702")
Instruction cycle count set to 2
A |X |Y |SP |PC   |T/MT |NV-BDIZC |CYCLE
----------------------------------------
00|00|00|FE |0702 |1/3  |10100100 |6509
00|00|00|FE |0702 |2/3  |10100100 |6510
00|00|00|FE |0702 |3/3  |10100100 |6511


---------------
Opcode: 8D
ll: 00 hh: A0
Instruction:STA Addressing Mode:Absolute - Operand (Value: "0x00", Address: "0xA000")
Writing value 0x00 to address: 0xA000
0xA000: 0x00
Instruction cycle count set to 4
A |X |Y |SP |PC   |T/MT |NV-BDIZC |CYCLE
----------------------------------------
00|00|00|FE |0705 |1/4  |10100100 |6512
00|00|00|FE |0705 |2/4  |10100100 |6513
00|00|00|FE |0705 |3/4  |10100100 |6514
00|00|00|FE |0705 |4/4  |10100100 |6515


---------------
Opcode: 4A
Instruction:LSR Addressing Mode:Accumulator - Operand (Value: "0x00", Address: "None")
Instruction cycle count set to 2
A |X |Y |SP |PC   |T/MT |NV-BDIZC |CYCLE
----------------------------------------
00|00|00|FE |0706 |1/2  |00100110 |6516
00|00|00|FE |0706 |2/2  |00100110 |6517


---------------
Opcode: C9
ll: 02
Instruction:CMP Addressing Mode:Immediate - Operand (Value: "0x02", Address: "None")
Instruction cycle count set to 2
A |X |Y |SP |PC   |T/MT |NV-BDIZC |CYCLE
----------------------------------------
00|00|00|FE |0708 |1/2  |10100100 |6518
00|00|00|FE |0708 |2/2  |10100100 |6519


---------------
Opcode: D0
ll: F8
Old PC: 070A Offset:-8 New PC: 0702
Instruction:BNE Addressing Mode:Relative - Operand (Value: "None", Address: "0x0702")
Instruction cycle count set to 2
A |X |Y |SP |PC   |T/MT |NV-BDIZC |CYCLE
----------------------------------------
00|00|00|FE |0702 |1/3  |10100100 |6520
00|00|00|FE |0702 |2/3  |10100100 |6521
00|00|00|FE |0702 |3/3  |10100100 |6522


---------------
Opcode: 8D
ll: 00 hh: A0
Instruction:STA Addressing Mode:Absolute - Operand (Value: "0x00", Address: "0xA000")
Writing value 0x00 to address: 0xA000
0xA000: 0x00
Instruction cycle count set to 4
A |X |Y |SP |PC   |T/MT |NV-BDIZC |CYCLE
----------------------------------------
00|00|00|FE |0705 |1/4  |10100100 |6523
00|00|00|FE |0705 |2/4  |10100100 |6524
00|00|00|FE |0705 |3/4  |10100100 |6525
00|00|00|FE |0705 |4/4  |10100100 |6526


---------------
Opcode: 4A
Instruction:LSR Addressing Mode:Accumulator - Operand (Value: "0x00", Address: "None")
Instruction cycle count set to 2
A |X |Y |SP |PC   |T/MT |NV-BDIZC |CYCLE
----------------------------------------
00|00|00|FE |0706 |1/2  |00100110 |6527
00|00|00|FE |0706 |2/2  |00100110 |6528


---------------
Opcode: C9
ll: 02
Instruction:CMP Addressing Mode:Immediate - Operand (Value: "0x02", Address: "None")
Instruction cycle count set to 2
A |X |Y |SP |PC   |T/MT |NV-BDIZC |CYCLE
----------------------------------------
00|00|00|FE |0708 |1/2  |10100100 |6529
00|00|00|FE |0708 |2/2  |10100100 |6530


---------------
Opcode: D0
ll: F8
Old PC: 070A Offset:-8 New PC: 0702
Instruction:BNE Addressing Mode:Relative - Operand (Value: "None", Address: "0x0702")
Instruction cycle count set to 2
A |X |Y |SP |PC   |T/MT |NV-BDIZC |CYCLE
----------------------------------------
00|00|00|FE |0702 |1/3  |10100100 |6531
00|00|00|FE |0702 |2/3  |10100100 |6532
00|00|00|FE |0702 |3/3  |10100100 |6533


---------------
Opcode: 8D
ll: 00 hh: A0
Instruction:STA Addressing Mode:Absolute - Operand (Value: "0x00", Address: "0xA000")
Writing value 0x00 to address: 0xA000
0xA000: 0x00
Instruction cycle count set to 4
A |X |Y |SP |PC   |T/MT |NV-BDIZC |CYCLE
----------------------------------------
00|00|00|FE |0705 |1/4  |10100100 |6534
00|00|00|FE |0705 |2/4  |10100100 |6535
00|00|00|FE |0705 |3/4  |10100100 |6536
00|00|00|FE |0705 |4/4  |10100100 |6537


---------------
Opcode: 4A
Instruction:LSR Addressing Mode:Accumulator - Operand (Value: "0x00", Address: "None")
Instruction cycle count set to 2
A |X |Y |SP |PC   |T/MT |NV-BDIZC |CYCLE
----------------------------------------
00|00|00|FE |0706 |1/2  |00100110 |6538
00|00|00|FE |0706 |2/2  |00100110 |6539


---------------
Opcode: C9
ll: 02
Instruction:CMP Addressing Mode:Immediate - Operand (Value: "0x02", Address: "None")
Instruction cycle count set to 2
A |X |Y |SP |PC   |T/MT |NV-BDIZC |CYCLE
----------------------------------------
00|00|00|FE |0708 |1/2  |10100100 |6540
00|00|00|FE |0708 |2/2  |10100100 |6541


---------------
Opcode: D0
ll: F8
Old PC: 070A Offset:-8 New PC: 0702
Instruction:BNE Addressing Mode:Relative - Operand (Value: "None", Address: "0x0702")
Instruction cycle count set to 2
A |X |Y |SP |PC   |T/MT |NV-BDIZC |CYCLE
----------------------------------------
00|00|00|FE |0702 |1/3  |10100100 |6542
00|00|00|FE |0702 |2/3  |10100100 |6543
00|00|00|FE |0702 |3/3  |10100100 |6544


---------------
Opcode: 8D
ll: 00 hh: A0
Instruction:STA Addressing Mode:Absolute - Operand (Value: "0x00", Address: "0xA000")
Writing value 0x00 to address: 0xA000
0xA000: 0x00
Instruction cycle count set to 4
A |X |Y |SP |PC   |T/MT |NV-BDIZC |CYCLE
----------------------------------------
00|00|00|FE |0705 |1/4  |10100100 |6545
00|00|00|FE |0705 |2/4  |10100100 |6546
00|00|00|FE |0705 |3/4  |10100100 |6547
00|00|00|FE |0705 |4/4  |10100100 |6548


---------------
Opcode: 4A
Instruction:LSR Addressing Mode:Accumulator - Operand (Value: "0x00", Address: "None")
Instruction cycle count set to 2
A |X |Y |SP |PC   |T/MT |NV-BDIZC |CYCLE
----------------------------------------
00|00|00|FE |0706 |1/2  |00100110 |6549
00|00|00|FE |0706 |2/2  |00100110 |6550


---------------
Opcode: C9
ll: 02
Instruction:CMP Addressing Mode:Immediate - Operand (Value: "0x02", Address: "None")
Instruction cycle count set to 2
A |X |Y |SP |PC   |T/MT |NV-BDIZC |CYCLE
----------------------------------------
00|00|00|FE |0708 |1/2  |10100100 |6551
00|00|00|FE |0708 |2/2  |10100100 |6552


---------------
Opcode: D0
ll: F8
Old PC: 070A Offset:-8 New PC: 0702
Instruction:BNE Addressing Mode:Relative - Operand (Value: "None", Address: "0x0702")
Instruction cycle count set to 2
A |X |Y |SP |PC   |T/MT |NV-BDIZC |CYCLE
----------------------------------------
00|00|00|FE |0702 |1/3  |10100100 |6553
00|00|00|FE |0702 |2/3  |10100100 |6554
00|00|00|FE |0702 |3/3  |10100100 |6555


---------------
Opcode: 8D
ll: 00 hh: A0
Instruction:STA Addressing Mode:Absolute - Operand (Value: "0x00", Address: "0xA000")
Writing value 0x00 to address: 0xA000
0xA000: 0x00
Instruction cycle count set to 4
A |X |Y |SP |PC   |T/MT |NV-BDIZC |CYCLE
----------------------------------------
00|00|00|FE |0705 |1/4  |10100100 |6556
00|00|00|FE |0705 |2/4  |10100100 |6557
00|00|00|FE |0705 |3/4  |10100100 |6558
00|00|00|FE |0705 |4/4  |10100100 |6559


---------------
Opcode: 4A
Instruction:LSR Addressing Mode:Accumulator - Operand (Value: "0x00", Address: "None")
Instruction cycle count set to 2
A |X |Y |SP |PC   |T/MT |NV-BDIZC |CYCLE
----------------------------------------
00|00|00|FE |0706 |1/2  |00100110 |6560
00|00|00|FE |0706 |2/2  |00100110 |6561


---------------
Opcode: C9
ll: 02
Instruction:CMP Addressing Mode:Immediate - Operand (Value: "0x02", Address: "None")
Instruction cycle count set to 2
A |X |Y |SP |PC   |T/MT |NV-BDIZC |CYCLE
----------------------------------------
00|00|00|FE |0708 |1/2  |10100100 |6562
00|00|00|FE |0708 |2/2  |10100100 |6563


---------------
Opcode: D0
ll: F8
Old PC: 070A Offset:-8 New PC: 0702
Instruction:BNE Addressing Mode:Relative - Operand (Value: "None", Address: "0x0702")
Instruction cycle count set to 2
A |X |Y |SP |PC   |T/MT |NV-BDIZC |CYCLE
----------------------------------------
00|00|00|FE |0702 |1/3  |10100100 |6564
00|00|00|FE |0702 |2/3  |10100100 |6565
00|00|00|FE |0702 |3/3  |10100100 |6566


---------------
Opcode: 8D
ll: 00 hh: A0
Instruction:STA Addressing Mode:Absolute - Operand (Value: "0x00", Address: "0xA000")
Writing value 0x00 to address: 0xA000
0xA000: 0x00
Instruction cycle count set to 4
A |X |Y |SP |PC   |T/MT |NV-BDIZC |CYCLE
----------------------------------------
00|00|00|FE |0705 |1/4  |10100100 |6567
00|00|00|FE |0705 |2/4  |10100100 |6568
00|00|00|FE |0705 |3/4  |10100100 |6569
00|00|00|FE |0705 |4/4  |10100100 |6570


---------------
Opcode: 4A
Instruction:LSR Addressing Mode:Accumulator - Operand (Value: "0x00", Address: "None")
Instruction cycle count set to 2
A |X |Y |SP |PC   |T/MT |NV-BDIZC |CYCLE
----------------------------------------
00|00|00|FE |0706 |1/2  |00100110 |6571
00|00|00|FE |0706 |2/2  |00100110 |6572


---------------
Opcode: C9
ll: 02
Instruction:CMP Addressing Mode:Immediate - Operand (Value: "0x02", Address: "None")
Instruction cycle count set to 2
A |X |Y |SP |PC   |T/MT |NV-BDIZC |CYCLE
----------------------------------------
00|00|00|FE |0708 |1/2  |10100100 |6573
00|00|00|FE |0708 |2/2  |10100100 |6574


---------------
Opcode: D0
ll: F8
Old PC: 070A Offset:-8 New PC: 0702
Instruction:BNE Addressing Mode:Relative - Operand (Value: "None", Address: "0x0702")
Instruction cycle count set to 2
A |X |Y |SP |PC   |T/MT |NV-BDIZC |CYCLE
----------------------------------------
00|00|00|FE |0702 |1/3  |10100100 |6575
00|00|00|FE |0702 |2/3  |10100100 |6576
00|00|00|FE |0702 |3/3  |10100100 |6577


---------------
Opcode: 8D
ll: 00 hh: A0
Instruction:STA Addressing Mode:Absolute - Operand (Value: "0x00", Address: "0xA000")
Writing value 0x00 to address: 0xA000
0xA000: 0x00
Instruction cycle count set to 4
A |X |Y |SP |PC   |T/MT |NV-BDIZC |CYCLE
----------------------------------------
00|00|00|FE |0705 |1/4  |10100100 |6578
00|00|00|FE |0705 |2/4  |10100100 |6579
00|00|00|FE |0705 |3/4  |10100100 |6580
00|00|00|FE |0705 |4/4  |10100100 |6581


---------------
Opcode: 4A
Instruction:LSR Addressing Mode:Accumulator - Operand (Value: "0x00", Address: "None")
Instruction cycle count set to 2
A |X |Y |SP |PC   |T/MT |NV-BDIZC |CYCLE
----------------------------------------
00|00|00|FE |0706 |1/2  |00100110 |6582
00|00|00|FE |0706 |2/2  |00100110 |6583


---------------
Opcode: C9
ll: 02
Instruction:CMP Addressing Mode:Immediate - Operand (Value: "0x02", Address: "None")
Instruction cycle count set to 2
A |X |Y |SP |PC   |T/MT |NV-BDIZC |CYCLE
----------------------------------------
00|00|00|FE |0708 |1/2  |10100100 |6584
00|00|00|FE |0708 |2/2  |10100100 |6585


---------------
Opcode: D0
ll: F8
Old PC: 070A Offset:-8 New PC: 0702
Instruction:BNE Addressing Mode:Relative - Operand (Value: "None", Address: "0x0702")
Instruction cycle count set to 2
A |X |Y |SP |PC   |T/MT |NV-BDIZC |CYCLE
----------------------------------------
00|00|00|FE |0702 |1/3  |10100100 |6586
00|00|00|FE |0702 |2/3  |10100100 |6587
00|00|00|FE |0702 |3/3  |10100100 |6588


---------------
Opcode: 8D
ll: 00 hh: A0
Instruction:STA Addressing Mode:Absolute - Operand (Value: "0x00", Address: "0xA000")
Writing value 0x00 to address: 0xA000
0xA000: 0x00
Instruction cycle count set to 4
A |X |Y |SP |PC   |T/MT |NV-BDIZC |CYCLE
----------------------------------------
00|00|00|FE |0705 |1/4  |10100100 |6589
00|00|00|FE |0705 |2/4  |10100100 |6590
00|00|00|FE |0705 |3/4  |10100100 |6591
00|00|00|FE |0705 |4/4  |10100100 |6592


---------------
Opcode: 4A
Instruction:LSR Addressing Mode:Accumulator - Operand (Value: "0x00", Address: "None")
Instruction cycle count set to 2
A |X |Y |SP |PC   |T/MT |NV-BDIZC |CYCLE
----------------------------------------
00|00|00|FE |0706 |1/2  |00100110 |6593
00|00|00|FE |0706 |2/2  |00100110 |6594


---------------
Opcode: C9
ll: 02
Instruction:CMP Addressing Mode:Immediate - Operand (Value: "0x02", Address: "None")
Instruction cycle count set to 2
A |X |Y |SP |PC   |T/MT |NV-BDIZC |CYCLE
----------------------------------------
00|00|00|FE |0708 |1/2  |10100100 |6595
00|00|00|FE |0708 |2/2  |10100100 |6596


---------------
Opcode: D0
ll: F8
Old PC: 070A Offset:-8 New PC: 0702
Instruction:BNE Addressing Mode:Relative - Operand (Value: "None", Address: "0x0702")
Instruction cycle count set to 2
A |X |Y |SP |PC   |T/MT |NV-BDIZC |CYCLE
----------------------------------------
00|00|00|FE |0702 |1/3  |10100100 |6597
00|00|00|FE |0702 |2/3  |10100100 |6598
00|00|00|FE |0702 |3/3  |10100100 |6599


---------------
Opcode: 8D
ll: 00 hh: A0
Instruction:STA Addressing Mode:Absolute - Operand (Value: "0x00", Address: "0xA000")
Writing value 0x00 to address: 0xA000
0xA000: 0x00
Instruction cycle count set to 4
A |X |Y |SP |PC   |T/MT |NV-BDIZC |CYCLE
----------------------------------------
00|00|00|FE |0705 |1/4  |10100100 |6600
00|00|00|FE |0705 |2/4  |10100100 |6601
00|00|00|FE |0705 |3/4  |10100100 |6602
00|00|00|FE |0705 |4/4  |10100100 |6603


---------------
Opcode: 4A
Instruction:LSR Addressing Mode:Accumulator - Operand (Value: "0x00", Address: "None")
Instruction cycle count set to 2
A |X |Y |SP |PC   |T/MT |NV-BDIZC |CYCLE
----------------------------------------
00|00|00|FE |0706 |1/2  |00100110 |6604
00|00|00|FE |0706 |2/2  |00100110 |6605


---------------
Opcode: C9
ll: 02
Instruction:CMP Addressing Mode:Immediate - Operand (Value: "0x02", Address: "None")
Instruction cycle count set to 2
A |X |Y |SP |PC   |T/MT |NV-BDIZC |CYCLE
----------------------------------------
00|00|00|FE |0708 |1/2  |10100100 |6606
00|00|00|FE |0708 |2/2  |10100100 |6607


---------------
Opcode: D0
ll: F8
Old PC: 070A Offset:-8 New PC: 0702
Instruction:BNE Addressing Mode:Relative - Operand (Value: "None", Address: "0x0702")
Instruction cycle count set to 2
A |X |Y |SP |PC   |T/MT |NV-BDIZC |CYCLE
----------------------------------------
00|00|00|FE |0702 |1/3  |10100100 |6608
00|00|00|FE |0702 |2/3  |10100100 |6609
00|00|00|FE |0702 |3/3  |10100100 |6610


---------------
Opcode: 8D
ll: 00 hh: A0
Instruction:STA Addressing Mode:Absolute - Operand (Value: "0x00", Address: "0xA000")
Writing value 0x00 to address: 0xA000
0xA000: 0x00
Instruction cycle count set to 4
A |X |Y |SP |PC   |T/MT |NV-BDIZC |CYCLE
----------------------------------------
00|00|00|FE |0705 |1/4  |10100100 |6611
00|00|00|FE |0705 |2/4  |10100100 |6612
00|00|00|FE |0705 |3/4  |10100100 |6613
00|00|00|FE |0705 |4/4  |10100100 |6614


---------------
Opcode: 4A
Instruction:LSR Addressing Mode:Accumulator - Operand (Value: "0x00", Address: "None")
Instruction cycle count set to 2
A |X |Y |SP |PC   |T/MT |NV-BDIZC |CYCLE
----------------------------------------
00|00|00|FE |0706 |1/2  |00100110 |6615
00|00|00|FE |0706 |2/2  |00100110 |6616


---------------
Opcode: C9
ll: 02
Instruction:CMP Addressing Mode:Immediate - Operand (Value: "0x02", Address: "None")
Instruction cycle count set to 2
A |X |Y |SP |PC   |T/MT |NV-BDIZC |CYCLE
----------------------------------------
00|00|00|FE |0708 |1/2  |10100100 |6617
00|00|00|FE |0708 |2/2  |10100100 |6618


---------------
Opcode: D0
ll: F8
Old PC: 070A Offset:-8 New PC: 0702
Instruction:BNE Addressing Mode:Relative - Operand (Value: "None", Address: "0x0702")
Instruction cycle count set to 2
A |X |Y |SP |PC   |T/MT |NV-BDIZC |CYCLE
----------------------------------------
00|00|00|FE |0702 |1/3  |10100100 |6619
00|00|00|FE |0702 |2/3  |10100100 |6620
00|00|00|FE |0702 |3/3  |10100100 |6621


---------------
Opcode: 8D
ll: 00 hh: A0
Instruction:STA Addressing Mode:Absolute - Operand (Value: "0x00", Address: "0xA000")
Writing value 0x00 to address: 0xA000
0xA000: 0x00
Instruction cycle count set to 4
A |X |Y |SP |PC   |T/MT |NV-BDIZC |CYCLE
----------------------------------------
00|00|00|FE |0705 |1/4  |10100100 |6622
00|00|00|FE |0705 |2/4  |10100100 |6623
00|00|00|FE |0705 |3/4  |10100100 |6624
00|00|00|FE |0705 |4/4  |10100100 |6625


---------------
Opcode: 4A
Instruction:LSR Addressing Mode:Accumulator - Operand (Value: "0x00", Address: "None")
Instruction cycle count set to 2
A |X |Y |SP |PC   |T/MT |NV-BDIZC |CYCLE
----------------------------------------
00|00|00|FE |0706 |1/2  |00100110 |6626
00|00|00|FE |0706 |2/2  |00100110 |6627


---------------
Opcode: C9
ll: 02
Instruction:CMP Addressing Mode:Immediate - Operand (Value: "0x02", Address: "None")
Instruction cycle count set to 2
A |X |Y |SP |PC   |T/MT |NV-BDIZC |CYCLE
----------------------------------------
00|00|00|FE |0708 |1/2  |10100100 |6628
00|00|00|FE |0708 |2/2  |10100100 |6629


---------------
Opcode: D0
ll: F8
Old PC: 070A Offset:-8 New PC: 0702
Instruction:BNE Addressing Mode:Relative - Operand (Value: "None", Address: "0x0702")
Instruction cycle count set to 2
A |X |Y |SP |PC   |T/MT |NV-BDIZC |CYCLE
----------------------------------------
00|00|00|FE |0702 |1/3  |10100100 |6630
00|00|00|FE |0702 |2/3  |10100100 |6631
00|00|00|FE |0702 |3/3  |10100100 |6632


---------------
Opcode: 8D
ll: 00 hh: A0
Instruction:STA Addressing Mode:Absolute - Operand (Value: "0x00", Address: "0xA000")
Writing value 0x00 to address: 0xA000
0xA000: 0x00
Instruction cycle count set to 4
A |X |Y |SP |PC   |T/MT |NV-BDIZC |CYCLE
----------------------------------------
00|00|00|FE |0705 |1/4  |10100100 |6633
00|00|00|FE |0705 |2/4  |10100100 |6634
00|00|00|FE |0705 |3/4  |10100100 |6635
00|00|00|FE |0705 |4/4  |10100100 |6636


---------------
Opcode: 4A
Instruction:LSR Addressing Mode:Accumulator - Operand (Value: "0x00", Address: "None")
Instruction cycle count set to 2
A |X |Y |SP |PC   |T/MT |NV-BDIZC |CYCLE
----------------------------------------
00|00|00|FE |0706 |1/2  |00100110 |6637
00|00|00|FE |0706 |2/2  |00100110 |6638


---------------
Opcode: C9
ll: 02
Instruction:CMP Addressing Mode:Immediate - Operand (Value: "0x02", Address: "None")
Instruction cycle count set to 2
A |X |Y |SP |PC   |T/MT |NV-BDIZC |CYCLE
----------------------------------------
00|00|00|FE |0708 |1/2  |10100100 |6639
00|00|00|FE |0708 |2/2  |10100100 |6640


---------------
Opcode: D0
ll: F8
Old PC: 070A Offset:-8 New PC: 0702
Instruction:BNE Addressing Mode:Relative - Operand (Value: "None", Address: "0x0702")
Instruction cycle count set to 2
A |X |Y |SP |PC   |T/MT |NV-BDIZC |CYCLE
----------------------------------------
00|00|00|FE |0702 |1/3  |10100100 |6641
00|00|00|FE |0702 |2/3  |10100100 |6642
00|00|00|FE |0702 |3/3  |10100100 |6643


---------------
Opcode: 8D
ll: 00 hh: A0
Instruction:STA Addressing Mode:Absolute - Operand (Value: "0x00", Address: "0xA000")
Writing value 0x00 to address: 0xA000
0xA000: 0x00
Instruction cycle count set to 4
A |X |Y |SP |PC   |T/MT |NV-BDIZC |CYCLE
----------------------------------------
00|00|00|FE |0705 |1/4  |10100100 |6644
00|00|00|FE |0705 |2/4  |10100100 |6645
00|00|00|FE |0705 |3/4  |10100100 |6646
00|00|00|FE |0705 |4/4  |10100100 |6647


---------------
Opcode: 4A
Instruction:LSR Addressing Mode:Accumulator - Operand (Value: "0x00", Address: "None")
Instruction cycle count set to 2
A |X |Y |SP |PC   |T/MT |NV-BDIZC |CYCLE
----------------------------------------
00|00|00|FE |0706 |1/2  |00100110 |6648
00|00|00|FE |0706 |2/2  |00100110 |6649


---------------
Opcode: C9
ll: 02
Instruction:CMP Addressing Mode:Immediate - Operand (Value: "0x02", Address: "None")
Instruction cycle count set to 2
A |X |Y |SP |PC   |T/MT |NV-BDIZC |CYCLE
----------------------------------------
00|00|00|FE |0708 |1/2  |10100100 |6650
00|00|00|FE |0708 |2/2  |10100100 |6651


---------------
Opcode: D0
ll: F8
Old PC: 070A Offset:-8 New PC: 0702
Instruction:BNE Addressing Mode:Relative - Operand (Value: "None", Address: "0x0702")
Instruction cycle count set to 2
A |X |Y |SP |PC   |T/MT |NV-BDIZC |CYCLE
----------------------------------------
00|00|00|FE |0702 |1/3  |10100100 |6652
00|00|00|FE |0702 |2/3  |10100100 |6653
00|00|00|FE |0702 |3/3  |10100100 |6654


---------------
Opcode: 8D
ll: 00 hh: A0
Instruction:STA Addressing Mode:Absolute - Operand (Value: "0x00", Address: "0xA000")
Writing value 0x00 to address: 0xA000
0xA000: 0x00
Instruction cycle count set to 4
A |X |Y |SP |PC   |T/MT |NV-BDIZC |CYCLE
----------------------------------------
00|00|00|FE |0705 |1/4  |10100100 |6655
00|00|00|FE |0705 |2/4  |10100100 |6656
00|00|00|FE |0705 |3/4  |10100100 |6657
00|00|00|FE |0705 |4/4  |10100100 |6658


---------------
Opcode: 4A
Instruction:LSR Addressing Mode:Accumulator - Operand (Value: "0x00", Address: "None")
Instruction cycle count set to 2
A |X |Y |SP |PC   |T/MT |NV-BDIZC |CYCLE
----------------------------------------
00|00|00|FE |0706 |1/2  |00100110 |6659
00|00|00|FE |0706 |2/2  |00100110 |6660


---------------
Opcode: C9
ll: 02
Instruction:CMP Addressing Mode:Immediate - Operand (Value: "0x02", Address: "None")
Instruction cycle count set to 2
A |X |Y |SP |PC   |T/MT |NV-BDIZC |CYCLE
----------------------------------------
00|00|00|FE |0708 |1/2  |10100100 |6661
00|00|00|FE |0708 |2/2  |10100100 |6662


---------------
Opcode: D0
ll: F8
Old PC: 070A Offset:-8 New PC: 0702
Instruction:BNE Addressing Mode:Relative - Operand (Value: "None", Address: "0x0702")
Instruction cycle count set to 2
A |X |Y |SP |PC   |T/MT |NV-BDIZC |CYCLE
----------------------------------------
00|00|00|FE |0702 |1/3  |10100100 |6663
00|00|00|FE |0702 |2/3  |10100100 |6664
00|00|00|FE |0702 |3/3  |10100100 |6665


---------------
Opcode: 8D
ll: 00 hh: A0
Instruction:STA Addressing Mode:Absolute - Operand (Value: "0x00", Address: "0xA000")
Writing value 0x00 to address: 0xA000
0xA000: 0x00
Instruction cycle count set to 4
A |X |Y |SP |PC   |T/MT |NV-BDIZC |CYCLE
----------------------------------------
00|00|00|FE |0705 |1/4  |10100100 |6666
00|00|00|FE |0705 |2/4  |10100100 |6667
00|00|00|FE |0705 |3/4  |10100100 |6668
00|00|00|FE |0705 |4/4  |10100100 |6669


---------------
Opcode: 4A
Instruction:LSR Addressing Mode:Accumulator - Operand (Value: "0x00", Address: "None")
Instruction cycle count set to 2
A |X |Y |SP |PC   |T/MT |NV-BDIZC |CYCLE
----------------------------------------
00|00|00|FE |0706 |1/2  |00100110 |6670
00|00|00|FE |0706 |2/2  |00100110 |6671


---------------
Opcode: C9
ll: 02
Instruction:CMP Addressing Mode:Immediate - Operand (Value: "0x02", Address: "None")
Instruction cycle count set to 2
A |X |Y |SP |PC   |T/MT |NV-BDIZC |CYCLE
----------------------------------------
00|00|00|FE |0708 |1/2  |10100100 |6672
00|00|00|FE |0708 |2/2  |10100100 |6673


---------------
Opcode: D0
ll: F8
Old PC: 070A Offset:-8 New PC: 0702
Instruction:BNE Addressing Mode:Relative - Operand (Value: "None", Address: "0x0702")
Instruction cycle count set to 2
A |X |Y |SP |PC   |T/MT |NV-BDIZC |CYCLE
----------------------------------------
00|00|00|FE |0702 |1/3  |10100100 |6674
00|00|00|FE |0702 |2/3  |10100100 |6675
00|00|00|FE |0702 |3/3  |10100100 |6676


---------------
Opcode: 8D
ll: 00 hh: A0
Instruction:STA Addressing Mode:Absolute - Operand (Value: "0x00", Address: "0xA000")
Writing value 0x00 to address: 0xA000
0xA000: 0x00
Instruction cycle count set to 4
A |X |Y |SP |PC   |T/MT |NV-BDIZC |CYCLE
----------------------------------------
00|00|00|FE |0705 |1/4  |10100100 |6677
00|00|00|FE |0705 |2/4  |10100100 |6678
00|00|00|FE |0705 |3/4  |10100100 |6679
00|00|00|FE |0705 |4/4  |10100100 |6680


---------------
Opcode: 4A
Instruction:LSR Addressing Mode:Accumulator - Operand (Value: "0x00", Address: "None")
Instruction cycle count set to 2
A |X |Y |SP |PC   |T/MT |NV-BDIZC |CYCLE
----------------------------------------
00|00|00|FE |0706 |1/2  |00100110 |6681
00|00|00|FE |0706 |2/2  |00100110 |6682


---------------
Opcode: C9
ll: 02
Instruction:CMP Addressing Mode:Immediate - Operand (Value: "0x02", Address: "None")
Instruction cycle count set to 2
A |X |Y |SP |PC   |T/MT |NV-BDIZC |CYCLE
----------------------------------------
00|00|00|FE |0708 |1/2  |10100100 |6683
00|00|00|FE |0708 |2/2  |10100100 |6684


---------------
Opcode: D0
ll: F8
Old PC: 070A Offset:-8 New PC: 0702
Instruction:BNE Addressing Mode:Relative - Operand (Value: "None", Address: "0x0702")
Instruction cycle count set to 2
A |X |Y |SP |PC   |T/MT |NV-BDIZC |CYCLE
----------------------------------------
00|00|00|FE |0702 |1/3  |10100100 |6685
00|00|00|FE |0702 |2/3  |10100100 |6686
00|00|00|FE |0702 |3/3  |10100100 |6687


---------------
Opcode: 8D
ll: 00 hh: A0
Instruction:STA Addressing Mode:Absolute - Operand (Value: "0x00", Address: "0xA000")
Writing value 0x00 to address: 0xA000
0xA000: 0x00
Instruction cycle count set to 4
A |X |Y |SP |PC   |T/MT |NV-BDIZC |CYCLE
----------------------------------------
00|00|00|FE |0705 |1/4  |10100100 |6688
00|00|00|FE |0705 |2/4  |10100100 |6689
00|00|00|FE |0705 |3/4  |10100100 |6690
00|00|00|FE |0705 |4/4  |10100100 |6691


---------------
Opcode: 4A
Instruction:LSR Addressing Mode:Accumulator - Operand (Value: "0x00", Address: "None")
Instruction cycle count set to 2
A |X |Y |SP |PC   |T/MT |NV-BDIZC |CYCLE
----------------------------------------
00|00|00|FE |0706 |1/2  |00100110 |6692
00|00|00|FE |0706 |2/2  |00100110 |6693


---------------
Opcode: C9
ll: 02
Instruction:CMP Addressing Mode:Immediate - Operand (Value: "0x02", Address: "None")
Instruction cycle count set to 2
A |X |Y |SP |PC   |T/MT |NV-BDIZC |CYCLE
----------------------------------------
00|00|00|FE |0708 |1/2  |10100100 |6694
00|00|00|FE |0708 |2/2  |10100100 |6695


---------------
Opcode: D0
ll: F8
Old PC: 070A Offset:-8 New PC: 0702
Instruction:BNE Addressing Mode:Relative - Operand (Value: "None", Address: "0x0702")
Instruction cycle count set to 2
A |X |Y |SP |PC   |T/MT |NV-BDIZC |CYCLE
----------------------------------------
00|00|00|FE |0702 |1/3  |10100100 |6696
00|00|00|FE |0702 |2/3  |10100100 |6697
00|00|00|FE |0702 |3/3  |10100100 |6698


---------------
Opcode: 8D
ll: 00 hh: A0
Instruction:STA Addressing Mode:Absolute - Operand (Value: "0x00", Address: "0xA000")
Writing value 0x00 to address: 0xA000
0xA000: 0x00
Instruction cycle count set to 4
A |X |Y |SP |PC   |T/MT |NV-BDIZC |CYCLE
----------------------------------------
00|00|00|FE |0705 |1/4  |10100100 |6699
00|00|00|FE |0705 |2/4  |10100100 |6700
00|00|00|FE |0705 |3/4  |10100100 |6701
00|00|00|FE |0705 |4/4  |10100100 |6702


---------------
Opcode: 4A
Instruction:LSR Addressing Mode:Accumulator - Operand (Value: "0x00", Address: "None")
Instruction cycle count set to 2
A |X |Y |SP |PC   |T/MT |NV-BDIZC |CYCLE
----------------------------------------
00|00|00|FE |0706 |1/2  |00100110 |6703
00|00|00|FE |0706 |2/2  |00100110 |6704


---------------
Opcode: C9
ll: 02
Instruction:CMP Addressing Mode:Immediate - Operand (Value: "0x02", Address: "None")
Instruction cycle count set to 2
A |X |Y |SP |PC   |T/MT |NV-BDIZC |CYCLE
----------------------------------------
00|00|00|FE |0708 |1/2  |10100100 |6705
00|00|00|FE |0708 |2/2  |10100100 |6706


---------------
Opcode: D0
ll: F8
Old PC: 070A Offset:-8 New PC: 0702
Instruction:BNE Addressing Mode:Relative - Operand (Value: "None", Address: "0x0702")
Instruction cycle count set to 2
A |X |Y |SP |PC   |T/MT |NV-BDIZC |CYCLE
----------------------------------------
00|00|00|FE |0702 |1/3  |10100100 |6707
00|00|00|FE |0702 |2/3  |10100100 |6708
00|00|00|FE |0702 |3/3  |10100100 |6709


---------------
Opcode: 8D
ll: 00 hh: A0
Instruction:STA Addressing Mode:Absolute - Operand (Value: "0x00", Address: "0xA000")
Writing value 0x00 to address: 0xA000
0xA000: 0x00
Instruction cycle count set to 4
A |X |Y |SP |PC   |T/MT |NV-BDIZC |CYCLE
----------------------------------------
00|00|00|FE |0705 |1/4  |10100100 |6710
00|00|00|FE |0705 |2/4  |10100100 |6711
00|00|00|FE |0705 |3/4  |10100100 |6712
00|00|00|FE |0705 |4/4  |10100100 |6713


---------------
Opcode: 4A
Instruction:LSR Addressing Mode:Accumulator - Operand (Value: "0x00", Address: "None")
Instruction cycle count set to 2
A |X |Y |SP |PC   |T/MT |NV-BDIZC |CYCLE
----------------------------------------
00|00|00|FE |0706 |1/2  |00100110 |6714
00|00|00|FE |0706 |2/2  |00100110 |6715


---------------
Opcode: C9
ll: 02
Instruction:CMP Addressing Mode:Immediate - Operand (Value: "0x02", Address: "None")
Instruction cycle count set to 2
A |X |Y |SP |PC   |T/MT |NV-BDIZC |CYCLE
----------------------------------------
00|00|00|FE |0708 |1/2  |10100100 |6716
00|00|00|FE |0708 |2/2  |10100100 |6717


---------------
Opcode: D0
ll: F8
Old PC: 070A Offset:-8 New PC: 0702
Instruction:BNE Addressing Mode:Relative - Operand (Value: "None", Address: "0x0702")
Instruction cycle count set to 2
A |X |Y |SP |PC   |T/MT |NV-BDIZC |CYCLE
----------------------------------------
00|00|00|FE |0702 |1/3  |10100100 |6718
00|00|00|FE |0702 |2/3  |10100100 |6719
00|00|00|FE |0702 |3/3  |10100100 |6720


---------------
Opcode: 8D
ll: 00 hh: A0
Instruction:STA Addressing Mode:Absolute - Operand (Value: "0x00", Address: "0xA000")
Writing value 0x00 to address: 0xA000
0xA000: 0x00
Instruction cycle count set to 4
A |X |Y |SP |PC   |T/MT |NV-BDIZC |CYCLE
----------------------------------------
00|00|00|FE |0705 |1/4  |10100100 |6721
00|00|00|FE |0705 |2/4  |10100100 |6722
00|00|00|FE |0705 |3/4  |10100100 |6723
00|00|00|FE |0705 |4/4  |10100100 |6724


---------------
Opcode: 4A
Instruction:LSR Addressing Mode:Accumulator - Operand (Value: "0x00", Address: "None")
Instruction cycle count set to 2
A |X |Y |SP |PC   |T/MT |NV-BDIZC |CYCLE
----------------------------------------
00|00|00|FE |0706 |1/2  |00100110 |6725
00|00|00|FE |0706 |2/2  |00100110 |6726


---------------
Opcode: C9
ll: 02
Instruction:CMP Addressing Mode:Immediate - Operand (Value: "0x02", Address: "None")
Instruction cycle count set to 2
A |X |Y |SP |PC   |T/MT |NV-BDIZC |CYCLE
----------------------------------------
00|00|00|FE |0708 |1/2  |10100100 |6727
00|00|00|FE |0708 |2/2  |10100100 |6728


---------------
Opcode: D0
ll: F8
Old PC: 070A Offset:-8 New PC: 0702
Instruction:BNE Addressing Mode:Relative - Operand (Value: "None", Address: "0x0702")
Instruction cycle count set to 2
A |X |Y |SP |PC   |T/MT |NV-BDIZC |CYCLE
----------------------------------------
00|00|00|FE |0702 |1/3  |10100100 |6729
00|00|00|FE |0702 |2/3  |10100100 |6730
00|00|00|FE |0702 |3/3  |10100100 |6731


---------------
Opcode: 8D
ll: 00 hh: A0
Instruction:STA Addressing Mode:Absolute - Operand (Value: "0x00", Address: "0xA000")
Writing value 0x00 to address: 0xA000
0xA000: 0x00
Instruction cycle count set to 4
A |X |Y |SP |PC   |T/MT |NV-BDIZC |CYCLE
----------------------------------------
00|00|00|FE |0705 |1/4  |10100100 |6732
00|00|00|FE |0705 |2/4  |10100100 |6733
00|00|00|FE |0705 |3/4  |10100100 |6734
00|00|00|FE |0705 |4/4  |10100100 |6735


---------------
Opcode: 4A
Instruction:LSR Addressing Mode:Accumulator - Operand (Value: "0x00", Address: "None")
Instruction cycle count set to 2
A |X |Y |SP |PC   |T/MT |NV-BDIZC |CYCLE
----------------------------------------
00|00|00|FE |0706 |1/2  |00100110 |6736
00|00|00|FE |0706 |2/2  |00100110 |6737


---------------
Opcode: C9
ll: 02
Instruction:CMP Addressing Mode:Immediate - Operand (Value: "0x02", Address: "None")
Instruction cycle count set to 2
A |X |Y |SP |PC   |T/MT |NV-BDIZC |CYCLE
----------------------------------------
00|00|00|FE |0708 |1/2  |10100100 |6738
00|00|00|FE |0708 |2/2  |10100100 |6739


---------------
Opcode: D0
ll: F8
Old PC: 070A Offset:-8 New PC: 0702
Instruction:BNE Addressing Mode:Relative - Operand (Value: "None", Address: "0x0702")
Instruction cycle count set to 2
A |X |Y |SP |PC   |T/MT |NV-BDIZC |CYCLE
----------------------------------------
00|00|00|FE |0702 |1/3  |10100100 |6740
00|00|00|FE |0702 |2/3  |10100100 |6741
00|00|00|FE |0702 |3/3  |10100100 |6742


---------------
Opcode: 8D
ll: 00 hh: A0
Instruction:STA Addressing Mode:Absolute - Operand (Value: "0x00", Address: "0xA000")
Writing value 0x00 to address: 0xA000
0xA000: 0x00
Instruction cycle count set to 4
A |X |Y |SP |PC   |T/MT |NV-BDIZC |CYCLE
----------------------------------------
00|00|00|FE |0705 |1/4  |10100100 |6743
00|00|00|FE |0705 |2/4  |10100100 |6744
00|00|00|FE |0705 |3/4  |10100100 |6745
00|00|00|FE |0705 |4/4  |10100100 |6746


---------------
Opcode: 4A
Instruction:LSR Addressing Mode:Accumulator - Operand (Value: "0x00", Address: "None")
Instruction cycle count set to 2
A |X |Y |SP |PC   |T/MT |NV-BDIZC |CYCLE
----------------------------------------
00|00|00|FE |0706 |1/2  |00100110 |6747
00|00|00|FE |0706 |2/2  |00100110 |6748


---------------
Opcode: C9
ll: 02
Instruction:CMP Addressing Mode:Immediate - Operand (Value: "0x02", Address: "None")
Instruction cycle count set to 2
A |X |Y |SP |PC   |T/MT |NV-BDIZC |CYCLE
----------------------------------------
00|00|00|FE |0708 |1/2  |10100100 |6749
00|00|00|FE |0708 |2/2  |10100100 |6750


---------------
Opcode: D0
ll: F8
Old PC: 070A Offset:-8 New PC: 0702
Instruction:BNE Addressing Mode:Relative - Operand (Value: "None", Address: "0x0702")
Instruction cycle count set to 2
A |X |Y |SP |PC   |T/MT |NV-BDIZC |CYCLE
----------------------------------------
00|00|00|FE |0702 |1/3  |10100100 |6751
00|00|00|FE |0702 |2/3  |10100100 |6752
00|00|00|FE |0702 |3/3  |10100100 |6753


---------------
Opcode: 8D
ll: 00 hh: A0
Instruction:STA Addressing Mode:Absolute - Operand (Value: "0x00", Address: "0xA000")
Writing value 0x00 to address: 0xA000
0xA000: 0x00
Instruction cycle count set to 4
A |X |Y |SP |PC   |T/MT |NV-BDIZC |CYCLE
----------------------------------------
00|00|00|FE |0705 |1/4  |10100100 |6754
00|00|00|FE |0705 |2/4  |10100100 |6755
00|00|00|FE |0705 |3/4  |10100100 |6756
00|00|00|FE |0705 |4/4  |10100100 |6757


---------------
Opcode: 4A
Instruction:LSR Addressing Mode:Accumulator - Operand (Value: "0x00", Address: "None")
Instruction cycle count set to 2
A |X |Y |SP |PC   |T/MT |NV-BDIZC |CYCLE
----------------------------------------
00|00|00|FE |0706 |1/2  |00100110 |6758
00|00|00|FE |0706 |2/2  |00100110 |6759


---------------
Opcode: C9
ll: 02
Instruction:CMP Addressing Mode:Immediate - Operand (Value: "0x02", Address: "None")
Instruction cycle count set to 2
A |X |Y |SP |PC   |T/MT |NV-BDIZC |CYCLE
----------------------------------------
00|00|00|FE |0708 |1/2  |10100100 |6760
00|00|00|FE |0708 |2/2  |10100100 |6761


---------------
Opcode: D0
ll: F8
Old PC: 070A Offset:-8 New PC: 0702
Instruction:BNE Addressing Mode:Relative - Operand (Value: "None", Address: "0x0702")
Instruction cycle count set to 2
A |X |Y |SP |PC   |T/MT |NV-BDIZC |CYCLE
----------------------------------------
00|00|00|FE |0702 |1/3  |10100100 |6762
00|00|00|FE |0702 |2/3  |10100100 |6763
00|00|00|FE |0702 |3/3  |10100100 |6764


---------------
Opcode: 8D
ll: 00 hh: A0
Instruction:STA Addressing Mode:Absolute - Operand (Value: "0x00", Address: "0xA000")
Writing value 0x00 to address: 0xA000
0xA000: 0x00
Instruction cycle count set to 4
A |X |Y |SP |PC   |T/MT |NV-BDIZC |CYCLE
----------------------------------------
00|00|00|FE |0705 |1/4  |10100100 |6765
00|00|00|FE |0705 |2/4  |10100100 |6766
00|00|00|FE |0705 |3/4  |10100100 |6767
00|00|00|FE |0705 |4/4  |10100100 |6768


---------------
Opcode: 4A
Instruction:LSR Addressing Mode:Accumulator - Operand (Value: "0x00", Address: "None")
Instruction cycle count set to 2
A |X |Y |SP |PC   |T/MT |NV-BDIZC |CYCLE
----------------------------------------
00|00|00|FE |0706 |1/2  |00100110 |6769
00|00|00|FE |0706 |2/2  |00100110 |6770


---------------
Opcode: C9
ll: 02
Instruction:CMP Addressing Mode:Immediate - Operand (Value: "0x02", Address: "None")
Instruction cycle count set to 2
A |X |Y |SP |PC   |T/MT |NV-BDIZC |CYCLE
----------------------------------------
00|00|00|FE |0708 |1/2  |10100100 |6771
00|00|00|FE |0708 |2/2  |10100100 |6772


---------------
Opcode: D0
ll: F8
Old PC: 070A Offset:-8 New PC: 0702
Instruction:BNE Addressing Mode:Relative - Operand (Value: "None", Address: "0x0702")
Instruction cycle count set to 2
A |X |Y |SP |PC   |T/MT |NV-BDIZC |CYCLE
----------------------------------------
00|00|00|FE |0702 |1/3  |10100100 |6773
00|00|00|FE |0702 |2/3  |10100100 |6774
00|00|00|FE |0702 |3/3  |10100100 |6775


---------------
Opcode: 8D
ll: 00 hh: A0
Instruction:STA Addressing Mode:Absolute - Operand (Value: "0x00", Address: "0xA000")
Writing value 0x00 to address: 0xA000
0xA000: 0x00
Instruction cycle count set to 4
A |X |Y |SP |PC   |T/MT |NV-BDIZC |CYCLE
----------------------------------------
00|00|00|FE |0705 |1/4  |10100100 |6776
00|00|00|FE |0705 |2/4  |10100100 |6777
00|00|00|FE |0705 |3/4  |10100100 |6778
00|00|00|FE |0705 |4/4  |10100100 |6779


---------------
Opcode: 4A
Instruction:LSR Addressing Mode:Accumulator - Operand (Value: "0x00", Address: "None")
Instruction cycle count set to 2
A |X |Y |SP |PC   |T/MT |NV-BDIZC |CYCLE
----------------------------------------
00|00|00|FE |0706 |1/2  |00100110 |6780
00|00|00|FE |0706 |2/2  |00100110 |6781


---------------
Opcode: C9
ll: 02
Instruction:CMP Addressing Mode:Immediate - Operand (Value: "0x02", Address: "None")
Instruction cycle count set to 2
A |X |Y |SP |PC   |T/MT |NV-BDIZC |CYCLE
----------------------------------------
00|00|00|FE |0708 |1/2  |10100100 |6782
00|00|00|FE |0708 |2/2  |10100100 |6783


---------------
Opcode: D0
ll: F8
Old PC: 070A Offset:-8 New PC: 0702
Instruction:BNE Addressing Mode:Relative - Operand (Value: "None", Address: "0x0702")
Instruction cycle count set to 2
A |X |Y |SP |PC   |T/MT |NV-BDIZC |CYCLE
----------------------------------------
00|00|00|FE |0702 |1/3  |10100100 |6784
00|00|00|FE |0702 |2/3  |10100100 |6785
00|00|00|FE |0702 |3/3  |10100100 |6786


---------------
Opcode: 8D
ll: 00 hh: A0
Instruction:STA Addressing Mode:Absolute - Operand (Value: "0x00", Address: "0xA000")
Writing value 0x00 to address: 0xA000
0xA000: 0x00
Instruction cycle count set to 4
A |X |Y |SP |PC   |T/MT |NV-BDIZC |CYCLE
----------------------------------------
00|00|00|FE |0705 |1/4  |10100100 |6787
00|00|00|FE |0705 |2/4  |10100100 |6788
00|00|00|FE |0705 |3/4  |10100100 |6789
00|00|00|FE |0705 |4/4  |10100100 |6790


---------------
Opcode: 4A
Instruction:LSR Addressing Mode:Accumulator - Operand (Value: "0x00", Address: "None")
Instruction cycle count set to 2
A |X |Y |SP |PC   |T/MT |NV-BDIZC |CYCLE
----------------------------------------
00|00|00|FE |0706 |1/2  |00100110 |6791
00|00|00|FE |0706 |2/2  |00100110 |6792


---------------
Opcode: C9
ll: 02
Instruction:CMP Addressing Mode:Immediate - Operand (Value: "0x02", Address: "None")
Instruction cycle count set to 2
A |X |Y |SP |PC   |T/MT |NV-BDIZC |CYCLE
----------------------------------------
00|00|00|FE |0708 |1/2  |10100100 |6793
00|00|00|FE |0708 |2/2  |10100100 |6794


---------------
Opcode: D0
ll: F8
Old PC: 070A Offset:-8 New PC: 0702
Instruction:BNE Addressing Mode:Relative - Operand (Value: "None", Address: "0x0702")
Instruction cycle count set to 2
A |X |Y |SP |PC   |T/MT |NV-BDIZC |CYCLE
----------------------------------------
00|00|00|FE |0702 |1/3  |10100100 |6795
00|00|00|FE |0702 |2/3  |10100100 |6796
00|00|00|FE |0702 |3/3  |10100100 |6797


---------------
Opcode: 8D
ll: 00 hh: A0
Instruction:STA Addressing Mode:Absolute - Operand (Value: "0x00", Address: "0xA000")
Writing value 0x00 to address: 0xA000
0xA000: 0x00
Instruction cycle count set to 4
A |X |Y |SP |PC   |T/MT |NV-BDIZC |CYCLE
----------------------------------------
00|00|00|FE |0705 |1/4  |10100100 |6798
00|00|00|FE |0705 |2/4  |10100100 |6799
00|00|00|FE |0705 |3/4  |10100100 |6800
00|00|00|FE |0705 |4/4  |10100100 |6801


---------------
Opcode: 4A
Instruction:LSR Addressing Mode:Accumulator - Operand (Value: "0x00", Address: "None")
Instruction cycle count set to 2
A |X |Y |SP |PC   |T/MT |NV-BDIZC |CYCLE
----------------------------------------
00|00|00|FE |0706 |1/2  |00100110 |6802
00|00|00|FE |0706 |2/2  |00100110 |6803


---------------
Opcode: C9
ll: 02
Instruction:CMP Addressing Mode:Immediate - Operand (Value: "0x02", Address: "None")
Instruction cycle count set to 2
A |X |Y |SP |PC   |T/MT |NV-BDIZC |CYCLE
----------------------------------------
00|00|00|FE |0708 |1/2  |10100100 |6804
00|00|00|FE |0708 |2/2  |10100100 |6805


---------------
Opcode: D0
ll: F8
Old PC: 070A Offset:-8 New PC: 0702
Instruction:BNE Addressing Mode:Relative - Operand (Value: "None", Address: "0x0702")
Instruction cycle count set to 2
A |X |Y |SP |PC   |T/MT |NV-BDIZC |CYCLE
----------------------------------------
00|00|00|FE |0702 |1/3  |10100100 |6806
00|00|00|FE |0702 |2/3  |10100100 |6807
00|00|00|FE |0702 |3/3  |10100100 |6808


---------------
Opcode: 8D
ll: 00 hh: A0
Instruction:STA Addressing Mode:Absolute - Operand (Value: "0x00", Address: "0xA000")
Writing value 0x00 to address: 0xA000
0xA000: 0x00
Instruction cycle count set to 4
A |X |Y |SP |PC   |T/MT |NV-BDIZC |CYCLE
----------------------------------------
00|00|00|FE |0705 |1/4  |10100100 |6809
00|00|00|FE |0705 |2/4  |10100100 |6810
00|00|00|FE |0705 |3/4  |10100100 |6811
00|00|00|FE |0705 |4/4  |10100100 |6812


---------------
Opcode: 4A
Instruction:LSR Addressing Mode:Accumulator - Operand (Value: "0x00", Address: "None")
Instruction cycle count set to 2
A |X |Y |SP |PC   |T/MT |NV-BDIZC |CYCLE
----------------------------------------
00|00|00|FE |0706 |1/2  |00100110 |6813
00|00|00|FE |0706 |2/2  |00100110 |6814


---------------
Opcode: C9
ll: 02
Instruction:CMP Addressing Mode:Immediate - Operand (Value: "0x02", Address: "None")
Instruction cycle count set to 2
A |X |Y |SP |PC   |T/MT |NV-BDIZC |CYCLE
----------------------------------------
00|00|00|FE |0708 |1/2  |10100100 |6815
00|00|00|FE |0708 |2/2  |10100100 |6816


---------------
Opcode: D0
ll: F8
Old PC: 070A Offset:-8 New PC: 0702
Instruction:BNE Addressing Mode:Relative - Operand (Value: "None", Address: "0x0702")
Instruction cycle count set to 2
A |X |Y |SP |PC   |T/MT |NV-BDIZC |CYCLE
----------------------------------------
00|00|00|FE |0702 |1/3  |10100100 |6817
00|00|00|FE |0702 |2/3  |10100100 |6818
00|00|00|FE |0702 |3/3  |10100100 |6819


---------------
Opcode: 8D
ll: 00 hh: A0
Instruction:STA Addressing Mode:Absolute - Operand (Value: "0x00", Address: "0xA000")
Writing value 0x00 to address: 0xA000
0xA000: 0x00
Instruction cycle count set to 4
A |X |Y |SP |PC   |T/MT |NV-BDIZC |CYCLE
----------------------------------------
00|00|00|FE |0705 |1/4  |10100100 |6820
00|00|00|FE |0705 |2/4  |10100100 |6821
00|00|00|FE |0705 |3/4  |10100100 |6822
00|00|00|FE |0705 |4/4  |10100100 |6823


---------------
Opcode: 4A
Instruction:LSR Addressing Mode:Accumulator - Operand (Value: "0x00", Address: "None")
Instruction cycle count set to 2
A |X |Y |SP |PC   |T/MT |NV-BDIZC |CYCLE
----------------------------------------
00|00|00|FE |0706 |1/2  |00100110 |6824
00|00|00|FE |0706 |2/2  |00100110 |6825


---------------
Opcode: C9
ll: 02
Instruction:CMP Addressing Mode:Immediate - Operand (Value: "0x02", Address: "None")
Instruction cycle count set to 2
A |X |Y |SP |PC   |T/MT |NV-BDIZC |CYCLE
----------------------------------------
00|00|00|FE |0708 |1/2  |10100100 |6826
00|00|00|FE |0708 |2/2  |10100100 |6827


---------------
Opcode: D0
ll: F8
Old PC: 070A Offset:-8 New PC: 0702
Instruction:BNE Addressing Mode:Relative - Operand (Value: "None", Address: "0x0702")
Instruction cycle count set to 2
A |X |Y |SP |PC   |T/MT |NV-BDIZC |CYCLE
----------------------------------------
00|00|00|FE |0702 |1/3  |10100100 |6828
00|00|00|FE |0702 |2/3  |10100100 |6829
00|00|00|FE |0702 |3/3  |10100100 |6830


---------------
Opcode: 8D
ll: 00 hh: A0
Instruction:STA Addressing Mode:Absolute - Operand (Value: "0x00", Address: "0xA000")
Writing value 0x00 to address: 0xA000
0xA000: 0x00
Instruction cycle count set to 4
A |X |Y |SP |PC   |T/MT |NV-BDIZC |CYCLE
----------------------------------------
00|00|00|FE |0705 |1/4  |10100100 |6831
00|00|00|FE |0705 |2/4  |10100100 |6832
00|00|00|FE |0705 |3/4  |10100100 |6833
00|00|00|FE |0705 |4/4  |10100100 |6834


---------------
Opcode: 4A
Instruction:LSR Addressing Mode:Accumulator - Operand (Value: "0x00", Address: "None")
Instruction cycle count set to 2
A |X |Y |SP |PC   |T/MT |NV-BDIZC |CYCLE
----------------------------------------
00|00|00|FE |0706 |1/2  |00100110 |6835
00|00|00|FE |0706 |2/2  |00100110 |6836


---------------
Opcode: C9
ll: 02
Instruction:CMP Addressing Mode:Immediate - Operand (Value: "0x02", Address: "None")
Instruction cycle count set to 2
A |X |Y |SP |PC   |T/MT |NV-BDIZC |CYCLE
----------------------------------------
00|00|00|FE |0708 |1/2  |10100100 |6837
00|00|00|FE |0708 |2/2  |10100100 |6838


---------------
Opcode: D0
ll: F8
Old PC: 070A Offset:-8 New PC: 0702
Instruction:BNE Addressing Mode:Relative - Operand (Value: "None", Address: "0x0702")
Instruction cycle count set to 2
A |X |Y |SP |PC   |T/MT |NV-BDIZC |CYCLE
----------------------------------------
00|00|00|FE |0702 |1/3  |10100100 |6839
00|00|00|FE |0702 |2/3  |10100100 |6840
00|00|00|FE |0702 |3/3  |10100100 |6841


---------------
Opcode: 8D
ll: 00 hh: A0
Instruction:STA Addressing Mode:Absolute - Operand (Value: "0x00", Address: "0xA000")
Writing value 0x00 to address: 0xA000
0xA000: 0x00
Instruction cycle count set to 4
A |X |Y |SP |PC   |T/MT |NV-BDIZC |CYCLE
----------------------------------------
00|00|00|FE |0705 |1/4  |10100100 |6842
00|00|00|FE |0705 |2/4  |10100100 |6843
00|00|00|FE |0705 |3/4  |10100100 |6844
00|00|00|FE |0705 |4/4  |10100100 |6845


---------------
Opcode: 4A
Instruction:LSR Addressing Mode:Accumulator - Operand (Value: "0x00", Address: "None")
Instruction cycle count set to 2
A |X |Y |SP |PC   |T/MT |NV-BDIZC |CYCLE
----------------------------------------
00|00|00|FE |0706 |1/2  |00100110 |6846
00|00|00|FE |0706 |2/2  |00100110 |6847


---------------
Opcode: C9
ll: 02
Instruction:CMP Addressing Mode:Immediate - Operand (Value: "0x02", Address: "None")
Instruction cycle count set to 2
A |X |Y |SP |PC   |T/MT |NV-BDIZC |CYCLE
----------------------------------------
00|00|00|FE |0708 |1/2  |10100100 |6848
00|00|00|FE |0708 |2/2  |10100100 |6849


---------------
Opcode: D0
ll: F8
Old PC: 070A Offset:-8 New PC: 0702
Instruction:BNE Addressing Mode:Relative - Operand (Value: "None", Address: "0x0702")
Instruction cycle count set to 2
A |X |Y |SP |PC   |T/MT |NV-BDIZC |CYCLE
----------------------------------------
00|00|00|FE |0702 |1/3  |10100100 |6850
00|00|00|FE |0702 |2/3  |10100100 |6851
00|00|00|FE |0702 |3/3  |10100100 |6852


---------------
Opcode: 8D
ll: 00 hh: A0
Instruction:STA Addressing Mode:Absolute - Operand (Value: "0x00", Address: "0xA000")
Writing value 0x00 to address: 0xA000
0xA000: 0x00
Instruction cycle count set to 4
A |X |Y |SP |PC   |T/MT |NV-BDIZC |CYCLE
----------------------------------------
00|00|00|FE |0705 |1/4  |10100100 |6853
00|00|00|FE |0705 |2/4  |10100100 |6854
00|00|00|FE |0705 |3/4  |10100100 |6855
00|00|00|FE |0705 |4/4  |10100100 |6856


---------------
Opcode: 4A
Instruction:LSR Addressing Mode:Accumulator - Operand (Value: "0x00", Address: "None")
Instruction cycle count set to 2
A |X |Y |SP |PC   |T/MT |NV-BDIZC |CYCLE
----------------------------------------
00|00|00|FE |0706 |1/2  |00100110 |6857
00|00|00|FE |0706 |2/2  |00100110 |6858


---------------
Opcode: C9
ll: 02
Instruction:CMP Addressing Mode:Immediate - Operand (Value: "0x02", Address: "None")
Instruction cycle count set to 2
A |X |Y |SP |PC   |T/MT |NV-BDIZC |CYCLE
----------------------------------------
00|00|00|FE |0708 |1/2  |10100100 |6859
00|00|00|FE |0708 |2/2  |10100100 |6860


---------------
Opcode: D0
ll: F8
Old PC: 070A Offset:-8 New PC: 0702
Instruction:BNE Addressing Mode:Relative - Operand (Value: "None", Address: "0x0702")
Instruction cycle count set to 2
A |X |Y |SP |PC   |T/MT |NV-BDIZC |CYCLE
----------------------------------------
00|00|00|FE |0702 |1/3  |10100100 |6861
00|00|00|FE |0702 |2/3  |10100100 |6862
00|00|00|FE |0702 |3/3  |10100100 |6863


---------------
Opcode: 8D
ll: 00 hh: A0
Instruction:STA Addressing Mode:Absolute - Operand (Value: "0x00", Address: "0xA000")
Writing value 0x00 to address: 0xA000
0xA000: 0x00
Instruction cycle count set to 4
A |X |Y |SP |PC   |T/MT |NV-BDIZC |CYCLE
----------------------------------------
00|00|00|FE |0705 |1/4  |10100100 |6864
00|00|00|FE |0705 |2/4  |10100100 |6865
00|00|00|FE |0705 |3/4  |10100100 |6866
00|00|00|FE |0705 |4/4  |10100100 |6867


---------------
Opcode: 4A
Instruction:LSR Addressing Mode:Accumulator - Operand (Value: "0x00", Address: "None")
Instruction cycle count set to 2
A |X |Y |SP |PC   |T/MT |NV-BDIZC |CYCLE
----------------------------------------
00|00|00|FE |0706 |1/2  |00100110 |6868
00|00|00|FE |0706 |2/2  |00100110 |6869


---------------
Opcode: C9
ll: 02
Instruction:CMP Addressing Mode:Immediate - Operand (Value: "0x02", Address: "None")
Instruction cycle count set to 2
A |X |Y |SP |PC   |T/MT |NV-BDIZC |CYCLE
----------------------------------------
00|00|00|FE |0708 |1/2  |10100100 |6870
00|00|00|FE |0708 |2/2  |10100100 |6871


---------------
Opcode: D0
ll: F8
Old PC: 070A Offset:-8 New PC: 0702
Instruction:BNE Addressing Mode:Relative - Operand (Value: "None", Address: "0x0702")
Instruction cycle count set to 2
A |X |Y |SP |PC   |T/MT |NV-BDIZC |CYCLE
----------------------------------------
00|00|00|FE |0702 |1/3  |10100100 |6872
00|00|00|FE |0702 |2/3  |10100100 |6873
00|00|00|FE |0702 |3/3  |10100100 |6874


---------------
Opcode: 8D
ll: 00 hh: A0
Instruction:STA Addressing Mode:Absolute - Operand (Value: "0x00", Address: "0xA000")
Writing value 0x00 to address: 0xA000
0xA000: 0x00
Instruction cycle count set to 4
A |X |Y |SP |PC   |T/MT |NV-BDIZC |CYCLE
----------------------------------------
00|00|00|FE |0705 |1/4  |10100100 |6875
00|00|00|FE |0705 |2/4  |10100100 |6876
00|00|00|FE |0705 |3/4  |10100100 |6877
00|00|00|FE |0705 |4/4  |10100100 |6878


---------------
Opcode: 4A
Instruction:LSR Addressing Mode:Accumulator - Operand (Value: "0x00", Address: "None")
Instruction cycle count set to 2
A |X |Y |SP |PC   |T/MT |NV-BDIZC |CYCLE
----------------------------------------
00|00|00|FE |0706 |1/2  |00100110 |6879
00|00|00|FE |0706 |2/2  |00100110 |6880


---------------
Opcode: C9
ll: 02
Instruction:CMP Addressing Mode:Immediate - Operand (Value: "0x02", Address: "None")
Instruction cycle count set to 2
A |X |Y |SP |PC   |T/MT |NV-BDIZC |CYCLE
----------------------------------------
00|00|00|FE |0708 |1/2  |10100100 |6881
00|00|00|FE |0708 |2/2  |10100100 |6882


---------------
Opcode: D0
ll: F8
Old PC: 070A Offset:-8 New PC: 0702
Instruction:BNE Addressing Mode:Relative - Operand (Value: "None", Address: "0x0702")
Instruction cycle count set to 2
A |X |Y |SP |PC   |T/MT |NV-BDIZC |CYCLE
----------------------------------------
00|00|00|FE |0702 |1/3  |10100100 |6883
00|00|00|FE |0702 |2/3  |10100100 |6884
00|00|00|FE |0702 |3/3  |10100100 |6885


---------------
Opcode: 8D
ll: 00 hh: A0
Instruction:STA Addressing Mode:Absolute - Operand (Value: "0x00", Address: "0xA000")
Writing value 0x00 to address: 0xA000
0xA000: 0x00
Instruction cycle count set to 4
A |X |Y |SP |PC   |T/MT |NV-BDIZC |CYCLE
----------------------------------------
00|00|00|FE |0705 |1/4  |10100100 |6886
00|00|00|FE |0705 |2/4  |10100100 |6887
00|00|00|FE |0705 |3/4  |10100100 |6888
00|00|00|FE |0705 |4/4  |10100100 |6889


---------------
Opcode: 4A
Instruction:LSR Addressing Mode:Accumulator - Operand (Value: "0x00", Address: "None")
Instruction cycle count set to 2
A |X |Y |SP |PC   |T/MT |NV-BDIZC |CYCLE
----------------------------------------
00|00|00|FE |0706 |1/2  |00100110 |6890
00|00|00|FE |0706 |2/2  |00100110 |6891


---------------
Opcode: C9
ll: 02
Instruction:CMP Addressing Mode:Immediate - Operand (Value: "0x02", Address: "None")
Instruction cycle count set to 2
A |X |Y |SP |PC   |T/MT |NV-BDIZC |CYCLE
----------------------------------------
00|00|00|FE |0708 |1/2  |10100100 |6892
00|00|00|FE |0708 |2/2  |10100100 |6893


---------------
Opcode: D0
ll: F8
Old PC: 070A Offset:-8 New PC: 0702
Instruction:BNE Addressing Mode:Relative - Operand (Value: "None", Address: "0x0702")
Instruction cycle count set to 2
A |X |Y |SP |PC   |T/MT |NV-BDIZC |CYCLE
----------------------------------------
00|00|00|FE |0702 |1/3  |10100100 |6894
00|00|00|FE |0702 |2/3  |10100100 |6895
00|00|00|FE |0702 |3/3  |10100100 |6896


---------------
Opcode: 8D
ll: 00 hh: A0
Instruction:STA Addressing Mode:Absolute - Operand (Value: "0x00", Address: "0xA000")
Writing value 0x00 to address: 0xA000
0xA000: 0x00
Instruction cycle count set to 4
A |X |Y |SP |PC   |T/MT |NV-BDIZC |CYCLE
----------------------------------------
00|00|00|FE |0705 |1/4  |10100100 |6897
00|00|00|FE |0705 |2/4  |10100100 |6898
00|00|00|FE |0705 |3/4  |10100100 |6899
00|00|00|FE |0705 |4/4  |10100100 |6900


---------------
Opcode: 4A
Instruction:LSR Addressing Mode:Accumulator - Operand (Value: "0x00", Address: "None")
Instruction cycle count set to 2
A |X |Y |SP |PC   |T/MT |NV-BDIZC |CYCLE
----------------------------------------
00|00|00|FE |0706 |1/2  |00100110 |6901
00|00|00|FE |0706 |2/2  |00100110 |6902


---------------
Opcode: C9
ll: 02
Instruction:CMP Addressing Mode:Immediate - Operand (Value: "0x02", Address: "None")
Instruction cycle count set to 2
A |X |Y |SP |PC   |T/MT |NV-BDIZC |CYCLE
----------------------------------------
00|00|00|FE |0708 |1/2  |10100100 |6903
00|00|00|FE |0708 |2/2  |10100100 |6904


---------------
Opcode: D0
ll: F8
Old PC: 070A Offset:-8 New PC: 0702
Instruction:BNE Addressing Mode:Relative - Operand (Value: "None", Address: "0x0702")
Instruction cycle count set to 2
A |X |Y |SP |PC   |T/MT |NV-BDIZC |CYCLE
----------------------------------------
00|00|00|FE |0702 |1/3  |10100100 |6905
00|00|00|FE |0702 |2/3  |10100100 |6906
00|00|00|FE |0702 |3/3  |10100100 |6907


---------------
Opcode: 8D
ll: 00 hh: A0
Instruction:STA Addressing Mode:Absolute - Operand (Value: "0x00", Address: "0xA000")
Writing value 0x00 to address: 0xA000
0xA000: 0x00
Instruction cycle count set to 4
A |X |Y |SP |PC   |T/MT |NV-BDIZC |CYCLE
----------------------------------------
00|00|00|FE |0705 |1/4  |10100100 |6908
00|00|00|FE |0705 |2/4  |10100100 |6909
00|00|00|FE |0705 |3/4  |10100100 |6910
00|00|00|FE |0705 |4/4  |10100100 |6911


---------------
Opcode: 4A
Instruction:LSR Addressing Mode:Accumulator - Operand (Value: "0x00", Address: "None")
Instruction cycle count set to 2
A |X |Y |SP |PC   |T/MT |NV-BDIZC |CYCLE
----------------------------------------
00|00|00|FE |0706 |1/2  |00100110 |6912
00|00|00|FE |0706 |2/2  |00100110 |6913


---------------
Opcode: C9
ll: 02
Instruction:CMP Addressing Mode:Immediate - Operand (Value: "0x02", Address: "None")
Instruction cycle count set to 2
A |X |Y |SP |PC   |T/MT |NV-BDIZC |CYCLE
----------------------------------------
00|00|00|FE |0708 |1/2  |10100100 |6914
00|00|00|FE |0708 |2/2  |10100100 |6915


---------------
Opcode: D0
ll: F8
Old PC: 070A Offset:-8 New PC: 0702
Instruction:BNE Addressing Mode:Relative - Operand (Value: "None", Address: "0x0702")
Instruction cycle count set to 2
A |X |Y |SP |PC   |T/MT |NV-BDIZC |CYCLE
----------------------------------------
00|00|00|FE |0702 |1/3  |10100100 |6916
00|00|00|FE |0702 |2/3  |10100100 |6917
00|00|00|FE |0702 |3/3  |10100100 |6918


---------------
Opcode: 8D
ll: 00 hh: A0
Instruction:STA Addressing Mode:Absolute - Operand (Value: "0x00", Address: "0xA000")
Writing value 0x00 to address: 0xA000
0xA000: 0x00
Instruction cycle count set to 4
A |X |Y |SP |PC   |T/MT |NV-BDIZC |CYCLE
----------------------------------------
00|00|00|FE |0705 |1/4  |10100100 |6919
00|00|00|FE |0705 |2/4  |10100100 |6920
00|00|00|FE |0705 |3/4  |10100100 |6921
00|00|00|FE |0705 |4/4  |10100100 |6922


---------------
Opcode: 4A
Instruction:LSR Addressing Mode:Accumulator - Operand (Value: "0x00", Address: "None")
Instruction cycle count set to 2
A |X |Y |SP |PC   |T/MT |NV-BDIZC |CYCLE
----------------------------------------
00|00|00|FE |0706 |1/2  |00100110 |6923
00|00|00|FE |0706 |2/2  |00100110 |6924


---------------
Opcode: C9
ll: 02
Instruction:CMP Addressing Mode:Immediate - Operand (Value: "0x02", Address: "None")
Instruction cycle count set to 2
A |X |Y |SP |PC   |T/MT |NV-BDIZC |CYCLE
----------------------------------------
00|00|00|FE |0708 |1/2  |10100100 |6925
00|00|00|FE |0708 |2/2  |10100100 |6926


---------------
Opcode: D0
ll: F8
Old PC: 070A Offset:-8 New PC: 0702
Instruction:BNE Addressing Mode:Relative - Operand (Value: "None", Address: "0x0702")
Instruction cycle count set to 2
A |X |Y |SP |PC   |T/MT |NV-BDIZC |CYCLE
----------------------------------------
00|00|00|FE |0702 |1/3  |10100100 |6927
00|00|00|FE |0702 |2/3  |10100100 |6928
00|00|00|FE |0702 |3/3  |10100100 |6929


---------------
Opcode: 8D
ll: 00 hh: A0
Instruction:STA Addressing Mode:Absolute - Operand (Value: "0x00", Address: "0xA000")
Writing value 0x00 to address: 0xA000
0xA000: 0x00
Instruction cycle count set to 4
A |X |Y |SP |PC   |T/MT |NV-BDIZC |CYCLE
----------------------------------------
00|00|00|FE |0705 |1/4  |10100100 |6930
00|00|00|FE |0705 |2/4  |10100100 |6931
00|00|00|FE |0705 |3/4  |10100100 |6932
00|00|00|FE |0705 |4/4  |10100100 |6933


---------------
Opcode: 4A
Instruction:LSR Addressing Mode:Accumulator - Operand (Value: "0x00", Address: "None")
Instruction cycle count set to 2
A |X |Y |SP |PC   |T/MT |NV-BDIZC |CYCLE
----------------------------------------
00|00|00|FE |0706 |1/2  |00100110 |6934
00|00|00|FE |0706 |2/2  |00100110 |6935


---------------
Opcode: C9
ll: 02
Instruction:CMP Addressing Mode:Immediate - Operand (Value: "0x02", Address: "None")
Instruction cycle count set to 2
A |X |Y |SP |PC   |T/MT |NV-BDIZC |CYCLE
----------------------------------------
00|00|00|FE |0708 |1/2  |10100100 |6936
00|00|00|FE |0708 |2/2  |10100100 |6937


---------------
Opcode: D0
ll: F8
Old PC: 070A Offset:-8 New PC: 0702
Instruction:BNE Addressing Mode:Relative - Operand (Value: "None", Address: "0x0702")
Instruction cycle count set to 2
A |X |Y |SP |PC   |T/MT |NV-BDIZC |CYCLE
----------------------------------------
00|00|00|FE |0702 |1/3  |10100100 |6938
00|00|00|FE |0702 |2/3  |10100100 |6939
00|00|00|FE |0702 |3/3  |10100100 |6940


---------------
Opcode: 8D
ll: 00 hh: A0
Instruction:STA Addressing Mode:Absolute - Operand (Value: "0x00", Address: "0xA000")
Writing value 0x00 to address: 0xA000
0xA000: 0x00
Instruction cycle count set to 4
A |X |Y |SP |PC   |T/MT |NV-BDIZC |CYCLE
----------------------------------------
00|00|00|FE |0705 |1/4  |10100100 |6941
00|00|00|FE |0705 |2/4  |10100100 |6942
00|00|00|FE |0705 |3/4  |10100100 |6943
00|00|00|FE |0705 |4/4  |10100100 |6944


---------------
Opcode: 4A
Instruction:LSR Addressing Mode:Accumulator - Operand (Value: "0x00", Address: "None")
Instruction cycle count set to 2
A |X |Y |SP |PC   |T/MT |NV-BDIZC |CYCLE
----------------------------------------
00|00|00|FE |0706 |1/2  |00100110 |6945
00|00|00|FE |0706 |2/2  |00100110 |6946


---------------
Opcode: C9
ll: 02
Instruction:CMP Addressing Mode:Immediate - Operand (Value: "0x02", Address: "None")
Instruction cycle count set to 2
A |X |Y |SP |PC   |T/MT |NV-BDIZC |CYCLE
----------------------------------------
00|00|00|FE |0708 |1/2  |10100100 |6947
00|00|00|FE |0708 |2/2  |10100100 |6948


---------------
Opcode: D0
ll: F8
Old PC: 070A Offset:-8 New PC: 0702
Instruction:BNE Addressing Mode:Relative - Operand (Value: "None", Address: "0x0702")
Instruction cycle count set to 2
A |X |Y |SP |PC   |T/MT |NV-BDIZC |CYCLE
----------------------------------------
00|00|00|FE |0702 |1/3  |10100100 |6949
00|00|00|FE |0702 |2/3  |10100100 |6950
00|00|00|FE |0702 |3/3  |10100100 |6951


---------------
Opcode: 8D
ll: 00 hh: A0
Instruction:STA Addressing Mode:Absolute - Operand (Value: "0x00", Address: "0xA000")
Writing value 0x00 to address: 0xA000
0xA000: 0x00
Instruction cycle count set to 4
A |X |Y |SP |PC   |T/MT |NV-BDIZC |CYCLE
----------------------------------------
00|00|00|FE |0705 |1/4  |10100100 |6952
00|00|00|FE |0705 |2/4  |10100100 |6953
00|00|00|FE |0705 |3/4  |10100100 |6954
00|00|00|FE |0705 |4/4  |10100100 |6955


---------------
Opcode: 4A
Instruction:LSR Addressing Mode:Accumulator - Operand (Value: "0x00", Address: "None")
Instruction cycle count set to 2
A |X |Y |SP |PC   |T/MT |NV-BDIZC |CYCLE
----------------------------------------
00|00|00|FE |0706 |1/2  |00100110 |6956
00|00|00|FE |0706 |2/2  |00100110 |6957


---------------
Opcode: C9
ll: 02
Instruction:CMP Addressing Mode:Immediate - Operand (Value: "0x02", Address: "None")
Instruction cycle count set to 2
A |X |Y |SP |PC   |T/MT |NV-BDIZC |CYCLE
----------------------------------------
00|00|00|FE |0708 |1/2  |10100100 |6958
00|00|00|FE |0708 |2/2  |10100100 |6959


---------------
Opcode: D0
ll: F8
Old PC: 070A Offset:-8 New PC: 0702
Instruction:BNE Addressing Mode:Relative - Operand (Value: "None", Address: "0x0702")
Instruction cycle count set to 2
A |X |Y |SP |PC   |T/MT |NV-BDIZC |CYCLE
----------------------------------------
00|00|00|FE |0702 |1/3  |10100100 |6960
00|00|00|FE |0702 |2/3  |10100100 |6961
00|00|00|FE |0702 |3/3  |10100100 |6962


---------------
Opcode: 8D
ll: 00 hh: A0
Instruction:STA Addressing Mode:Absolute - Operand (Value: "0x00", Address: "0xA000")
Writing value 0x00 to address: 0xA000
0xA000: 0x00
Instruction cycle count set to 4
A |X |Y |SP |PC   |T/MT |NV-BDIZC |CYCLE
----------------------------------------
00|00|00|FE |0705 |1/4  |10100100 |6963
00|00|00|FE |0705 |2/4  |10100100 |6964
00|00|00|FE |0705 |3/4  |10100100 |6965
00|00|00|FE |0705 |4/4  |10100100 |6966


---------------
Opcode: 4A
Instruction:LSR Addressing Mode:Accumulator - Operand (Value: "0x00", Address: "None")
Instruction cycle count set to 2
A |X |Y |SP |PC   |T/MT |NV-BDIZC |CYCLE
----------------------------------------
00|00|00|FE |0706 |1/2  |00100110 |6967
00|00|00|FE |0706 |2/2  |00100110 |6968


---------------
Opcode: C9
ll: 02
Instruction:CMP Addressing Mode:Immediate - Operand (Value: "0x02", Address: "None")
Instruction cycle count set to 2
A |X |Y |SP |PC   |T/MT |NV-BDIZC |CYCLE
----------------------------------------
00|00|00|FE |0708 |1/2  |10100100 |6969
00|00|00|FE |0708 |2/2  |10100100 |6970


---------------
Opcode: D0
ll: F8
Old PC: 070A Offset:-8 New PC: 0702
Instruction:BNE Addressing Mode:Relative - Operand (Value: "None", Address: "0x0702")
Instruction cycle count set to 2
A |X |Y |SP |PC   |T/MT |NV-BDIZC |CYCLE
----------------------------------------
00|00|00|FE |0702 |1/3  |10100100 |6971
00|00|00|FE |0702 |2/3  |10100100 |6972
00|00|00|FE |0702 |3/3  |10100100 |6973


---------------
Opcode: 8D
ll: 00 hh: A0
Instruction:STA Addressing Mode:Absolute - Operand (Value: "0x00", Address: "0xA000")
Writing value 0x00 to address: 0xA000
0xA000: 0x00
Instruction cycle count set to 4
A |X |Y |SP |PC   |T/MT |NV-BDIZC |CYCLE
----------------------------------------
00|00|00|FE |0705 |1/4  |10100100 |6974
00|00|00|FE |0705 |2/4  |10100100 |6975
00|00|00|FE |0705 |3/4  |10100100 |6976
00|00|00|FE |0705 |4/4  |10100100 |6977


---------------
Opcode: 4A
Instruction:LSR Addressing Mode:Accumulator - Operand (Value: "0x00", Address: "None")
Instruction cycle count set to 2
A |X |Y |SP |PC   |T/MT |NV-BDIZC |CYCLE
----------------------------------------
00|00|00|FE |0706 |1/2  |00100110 |6978
00|00|00|FE |0706 |2/2  |00100110 |6979


---------------
Opcode: C9
ll: 02
Instruction:CMP Addressing Mode:Immediate - Operand (Value: "0x02", Address: "None")
Instruction cycle count set to 2
A |X |Y |SP |PC   |T/MT |NV-BDIZC |CYCLE
----------------------------------------
00|00|00|FE |0708 |1/2  |10100100 |6980
00|00|00|FE |0708 |2/2  |10100100 |6981


---------------
Opcode: D0
ll: F8
Old PC: 070A Offset:-8 New PC: 0702
Instruction:BNE Addressing Mode:Relative - Operand (Value: "None", Address: "0x0702")
Instruction cycle count set to 2
A |X |Y |SP |PC   |T/MT |NV-BDIZC |CYCLE
----------------------------------------
00|00|00|FE |0702 |1/3  |10100100 |6982
00|00|00|FE |0702 |2/3  |10100100 |6983
00|00|00|FE |0702 |3/3  |10100100 |6984


---------------
Opcode: 8D
ll: 00 hh: A0
Instruction:STA Addressing Mode:Absolute - Operand (Value: "0x00", Address: "0xA000")
Writing value 0x00 to address: 0xA000
0xA000: 0x00
Instruction cycle count set to 4
A |X |Y |SP |PC   |T/MT |NV-BDIZC |CYCLE
----------------------------------------
00|00|00|FE |0705 |1/4  |10100100 |6985
00|00|00|FE |0705 |2/4  |10100100 |6986
00|00|00|FE |0705 |3/4  |10100100 |6987
00|00|00|FE |0705 |4/4  |10100100 |6988


---------------
Opcode: 4A
Instruction:LSR Addressing Mode:Accumulator - Operand (Value: "0x00", Address: "None")
Instruction cycle count set to 2
A |X |Y |SP |PC   |T/MT |NV-BDIZC |CYCLE
----------------------------------------
00|00|00|FE |0706 |1/2  |00100110 |6989
00|00|00|FE |0706 |2/2  |00100110 |6990


---------------
Opcode: C9
ll: 02
Instruction:CMP Addressing Mode:Immediate - Operand (Value: "0x02", Address: "None")
Instruction cycle count set to 2
A |X |Y |SP |PC   |T/MT |NV-BDIZC |CYCLE
----------------------------------------
00|00|00|FE |0708 |1/2  |10100100 |6991
00|00|00|FE |0708 |2/2  |10100100 |6992


---------------
Opcode: D0
ll: F8
Old PC: 070A Offset:-8 New PC: 0702
Instruction:BNE Addressing Mode:Relative - Operand (Value: "None", Address: "0x0702")
Instruction cycle count set to 2
A |X |Y |SP |PC   |T/MT |NV-BDIZC |CYCLE
----------------------------------------
00|00|00|FE |0702 |1/3  |10100100 |6993
00|00|00|FE |0702 |2/3  |10100100 |6994
00|00|00|FE |0702 |3/3  |10100100 |6995


---------------
Opcode: 8D
ll: 00 hh: A0
Instruction:STA Addressing Mode:Absolute - Operand (Value: "0x00", Address: "0xA000")
Writing value 0x00 to address: 0xA000
0xA000: 0x00
Instruction cycle count set to 4
A |X |Y |SP |PC   |T/MT |NV-BDIZC |CYCLE
----------------------------------------
00|00|00|FE |0705 |1/4  |10100100 |6996
00|00|00|FE |0705 |2/4  |10100100 |6997
00|00|00|FE |0705 |3/4  |10100100 |6998
emulation behind by 534.833903ms. trying to catch up...
00|00|00|FE |0705 |4/4  |10100100 |6999


---------------
Opcode: 4A
Instruction:LSR Addressing Mode:Accumulator - Operand (Value: "0x00", Address: "None")
Instruction cycle count set to 2
A |X |Y |SP |PC   |T/MT |NV-BDIZC |CYCLE
----------------------------------------
00|00|00|FE |0706 |1/2  |00100110 |7000
00|00|00|FE |0706 |2/2  |00100110 |7001


---------------
Opcode: C9
ll: 02
Instruction:CMP Addressing Mode:Immediate - Operand (Value: "0x02", Address: "None")
Instruction cycle count set to 2
A |X |Y |SP |PC   |T/MT |NV-BDIZC |CYCLE
----------------------------------------
00|00|00|FE |0708 |1/2  |10100100 |7002
00|00|00|FE |0708 |2/2  |10100100 |7003


---------------
Opcode: D0
ll: F8
Old PC: 070A Offset:-8 New PC: 0702
Instruction:BNE Addressing Mode:Relative - Operand (Value: "None", Address: "0x0702")
Instruction cycle count set to 2
A |X |Y |SP |PC   |T/MT |NV-BDIZC |CYCLE
----------------------------------------
00|00|00|FE |0702 |1/3  |10100100 |7004
00|00|00|FE |0702 |2/3  |10100100 |7005
00|00|00|FE |0702 |3/3  |10100100 |7006


---------------
Opcode: 8D
ll: 00 hh: A0
Instruction:STA Addressing Mode:Absolute - Operand (Value: "0x00", Address: "0xA000")
Writing value 0x00 to address: 0xA000
0xA000: 0x00
Instruction cycle count set to 4
A |X |Y |SP |PC   |T/MT |NV-BDIZC |CYCLE
----------------------------------------
00|00|00|FE |0705 |1/4  |10100100 |7007
00|00|00|FE |0705 |2/4  |10100100 |7008
00|00|00|FE |0705 |3/4  |10100100 |7009
00|00|00|FE |0705 |4/4  |10100100 |7010


---------------
Opcode: 4A
Instruction:LSR Addressing Mode:Accumulator - Operand (Value: "0x00", Address: "None")
Instruction cycle count set to 2
A |X |Y |SP |PC   |T/MT |NV-BDIZC |CYCLE
----------------------------------------
00|00|00|FE |0706 |1/2  |00100110 |7011
00|00|00|FE |0706 |2/2  |00100110 |7012


---------------
Opcode: C9
ll: 02
Instruction:CMP Addressing Mode:Immediate - Operand (Value: "0x02", Address: "None")
Instruction cycle count set to 2
A |X |Y |SP |PC   |T/MT |NV-BDIZC |CYCLE
----------------------------------------
00|00|00|FE |0708 |1/2  |10100100 |7013
00|00|00|FE |0708 |2/2  |10100100 |7014


---------------
Opcode: D0
ll: F8
Old PC: 070A Offset:-8 New PC: 0702
Instruction:BNE Addressing Mode:Relative - Operand (Value: "None", Address: "0x0702")
Instruction cycle count set to 2
A |X |Y |SP |PC   |T/MT |NV-BDIZC |CYCLE
----------------------------------------
00|00|00|FE |0702 |1/3  |10100100 |7015
00|00|00|FE |0702 |2/3  |10100100 |7016
00|00|00|FE |0702 |3/3  |10100100 |7017


---------------
Opcode: 8D
ll: 00 hh: A0
Instruction:STA Addressing Mode:Absolute - Operand (Value: "0x00", Address: "0xA000")
Writing value 0x00 to address: 0xA000
0xA000: 0x00
Instruction cycle count set to 4
A |X |Y |SP |PC   |T/MT |NV-BDIZC |CYCLE
----------------------------------------
00|00|00|FE |0705 |1/4  |10100100 |7018
00|00|00|FE |0705 |2/4  |10100100 |7019
00|00|00|FE |0705 |3/4  |10100100 |7020
00|00|00|FE |0705 |4/4  |10100100 |7021


---------------
Opcode: 4A
Instruction:LSR Addressing Mode:Accumulator - Operand (Value: "0x00", Address: "None")
Instruction cycle count set to 2
A |X |Y |SP |PC   |T/MT |NV-BDIZC |CYCLE
----------------------------------------
00|00|00|FE |0706 |1/2  |00100110 |7022
00|00|00|FE |0706 |2/2  |00100110 |7023


---------------
Opcode: C9
ll: 02
Instruction:CMP Addressing Mode:Immediate - Operand (Value: "0x02", Address: "None")
Instruction cycle count set to 2
A |X |Y |SP |PC   |T/MT |NV-BDIZC |CYCLE
----------------------------------------
00|00|00|FE |0708 |1/2  |10100100 |7024
00|00|00|FE |0708 |2/2  |10100100 |7025


---------------
Opcode: D0
ll: F8
Old PC: 070A Offset:-8 New PC: 0702
Instruction:BNE Addressing Mode:Relative - Operand (Value: "None", Address: "0x0702")
Instruction cycle count set to 2
A |X |Y |SP |PC   |T/MT |NV-BDIZC |CYCLE
----------------------------------------
00|00|00|FE |0702 |1/3  |10100100 |7026
00|00|00|FE |0702 |2/3  |10100100 |7027
00|00|00|FE |0702 |3/3  |10100100 |7028


---------------
Opcode: 8D
ll: 00 hh: A0
Instruction:STA Addressing Mode:Absolute - Operand (Value: "0x00", Address: "0xA000")
Writing value 0x00 to address: 0xA000
0xA000: 0x00
Instruction cycle count set to 4
A |X |Y |SP |PC   |T/MT |NV-BDIZC |CYCLE
----------------------------------------
00|00|00|FE |0705 |1/4  |10100100 |7029
00|00|00|FE |0705 |2/4  |10100100 |7030
00|00|00|FE |0705 |3/4  |10100100 |7031
00|00|00|FE |0705 |4/4  |10100100 |7032


---------------
Opcode: 4A
Instruction:LSR Addressing Mode:Accumulator - Operand (Value: "0x00", Address: "None")
Instruction cycle count set to 2
A |X |Y |SP |PC   |T/MT |NV-BDIZC |CYCLE
----------------------------------------
00|00|00|FE |0706 |1/2  |00100110 |7033
00|00|00|FE |0706 |2/2  |00100110 |7034


---------------
Opcode: C9
ll: 02
Instruction:CMP Addressing Mode:Immediate - Operand (Value: "0x02", Address: "None")
Instruction cycle count set to 2
A |X |Y |SP |PC   |T/MT |NV-BDIZC |CYCLE
----------------------------------------
00|00|00|FE |0708 |1/2  |10100100 |7035
00|00|00|FE |0708 |2/2  |10100100 |7036


---------------
Opcode: D0
ll: F8
Old PC: 070A Offset:-8 New PC: 0702
Instruction:BNE Addressing Mode:Relative - Operand (Value: "None", Address: "0x0702")
Instruction cycle count set to 2
A |X |Y |SP |PC   |T/MT |NV-BDIZC |CYCLE
----------------------------------------
00|00|00|FE |0702 |1/3  |10100100 |7037
00|00|00|FE |0702 |2/3  |10100100 |7038
00|00|00|FE |0702 |3/3  |10100100 |7039


---------------
Opcode: 8D
ll: 00 hh: A0
Instruction:STA Addressing Mode:Absolute - Operand (Value: "0x00", Address: "0xA000")
Writing value 0x00 to address: 0xA000
0xA000: 0x00
Instruction cycle count set to 4
A |X |Y |SP |PC   |T/MT |NV-BDIZC |CYCLE
----------------------------------------
00|00|00|FE |0705 |1/4  |10100100 |7040
00|00|00|FE |0705 |2/4  |10100100 |7041
00|00|00|FE |0705 |3/4  |10100100 |7042
00|00|00|FE |0705 |4/4  |10100100 |7043


---------------
Opcode: 4A
Instruction:LSR Addressing Mode:Accumulator - Operand (Value: "0x00", Address: "None")
Instruction cycle count set to 2
A |X |Y |SP |PC   |T/MT |NV-BDIZC |CYCLE
----------------------------------------
00|00|00|FE |0706 |1/2  |00100110 |7044
00|00|00|FE |0706 |2/2  |00100110 |7045


---------------
Opcode: C9
ll: 02
Instruction:CMP Addressing Mode:Immediate - Operand (Value: "0x02", Address: "None")
Instruction cycle count set to 2
A |X |Y |SP |PC   |T/MT |NV-BDIZC |CYCLE
----------------------------------------
00|00|00|FE |0708 |1/2  |10100100 |7046
00|00|00|FE |0708 |2/2  |10100100 |7047


---------------
Opcode: D0
ll: F8
Old PC: 070A Offset:-8 New PC: 0702
Instruction:BNE Addressing Mode:Relative - Operand (Value: "None", Address: "0x0702")
Instruction cycle count set to 2
A |X |Y |SP |PC   |T/MT |NV-BDIZC |CYCLE
----------------------------------------
00|00|00|FE |0702 |1/3  |10100100 |7048
00|00|00|FE |0702 |2/3  |10100100 |7049
00|00|00|FE |0702 |3/3  |10100100 |7050


---------------
Opcode: 8D
ll: 00 hh: A0
Instruction:STA Addressing Mode:Absolute - Operand (Value: "0x00", Address: "0xA000")
Writing value 0x00 to address: 0xA000
0xA000: 0x00
Instruction cycle count set to 4
A |X |Y |SP |PC   |T/MT |NV-BDIZC |CYCLE
----------------------------------------
00|00|00|FE |0705 |1/4  |10100100 |7051
00|00|00|FE |0705 |2/4  |10100100 |7052
00|00|00|FE |0705 |3/4  |10100100 |7053
00|00|00|FE |0705 |4/4  |10100100 |7054


---------------
Opcode: 4A
Instruction:LSR Addressing Mode:Accumulator - Operand (Value: "0x00", Address: "None")
Instruction cycle count set to 2
A |X |Y |SP |PC   |T/MT |NV-BDIZC |CYCLE
----------------------------------------
00|00|00|FE |0706 |1/2  |00100110 |7055
00|00|00|FE |0706 |2/2  |00100110 |7056


---------------
Opcode: C9
ll: 02
Instruction:CMP Addressing Mode:Immediate - Operand (Value: "0x02", Address: "None")
Instruction cycle count set to 2
A |X |Y |SP |PC   |T/MT |NV-BDIZC |CYCLE
----------------------------------------
00|00|00|FE |0708 |1/2  |10100100 |7057
00|00|00|FE |0708 |2/2  |10100100 |7058


---------------
Opcode: D0
ll: F8
Old PC: 070A Offset:-8 New PC: 0702
Instruction:BNE Addressing Mode:Relative - Operand (Value: "None", Address: "0x0702")
Instruction cycle count set to 2
A |X |Y |SP |PC   |T/MT |NV-BDIZC |CYCLE
----------------------------------------
00|00|00|FE |0702 |1/3  |10100100 |7059
00|00|00|FE |0702 |2/3  |10100100 |7060
00|00|00|FE |0702 |3/3  |10100100 |7061


---------------
Opcode: 8D
ll: 00 hh: A0
Instruction:STA Addressing Mode:Absolute - Operand (Value: "0x00", Address: "0xA000")
Writing value 0x00 to address: 0xA000
0xA000: 0x00
Instruction cycle count set to 4
A |X |Y |SP |PC   |T/MT |NV-BDIZC |CYCLE
----------------------------------------
00|00|00|FE |0705 |1/4  |10100100 |7062
00|00|00|FE |0705 |2/4  |10100100 |7063
00|00|00|FE |0705 |3/4  |10100100 |7064
00|00|00|FE |0705 |4/4  |10100100 |7065


---------------
Opcode: 4A
Instruction:LSR Addressing Mode:Accumulator - Operand (Value: "0x00", Address: "None")
Instruction cycle count set to 2
A |X |Y |SP |PC   |T/MT |NV-BDIZC |CYCLE
----------------------------------------
00|00|00|FE |0706 |1/2  |00100110 |7066
00|00|00|FE |0706 |2/2  |00100110 |7067


---------------
Opcode: C9
ll: 02
Instruction:CMP Addressing Mode:Immediate - Operand (Value: "0x02", Address: "None")
Instruction cycle count set to 2
A |X |Y |SP |PC   |T/MT |NV-BDIZC |CYCLE
----------------------------------------
00|00|00|FE |0708 |1/2  |10100100 |7068
00|00|00|FE |0708 |2/2  |10100100 |7069


---------------
Opcode: D0
ll: F8
Old PC: 070A Offset:-8 New PC: 0702
Instruction:BNE Addressing Mode:Relative - Operand (Value: "None", Address: "0x0702")
Instruction cycle count set to 2
A |X |Y |SP |PC   |T/MT |NV-BDIZC |CYCLE
----------------------------------------
00|00|00|FE |0702 |1/3  |10100100 |7070
00|00|00|FE |0702 |2/3  |10100100 |7071
00|00|00|FE |0702 |3/3  |10100100 |7072


---------------
Opcode: 8D
ll: 00 hh: A0
Instruction:STA Addressing Mode:Absolute - Operand (Value: "0x00", Address: "0xA000")
Writing value 0x00 to address: 0xA000
0xA000: 0x00
Instruction cycle count set to 4
A |X |Y |SP |PC   |T/MT |NV-BDIZC |CYCLE
----------------------------------------
00|00|00|FE |0705 |1/4  |10100100 |7073
00|00|00|FE |0705 |2/4  |10100100 |7074
00|00|00|FE |0705 |3/4  |10100100 |7075
00|00|00|FE |0705 |4/4  |10100100 |7076


---------------
Opcode: 4A
Instruction:LSR Addressing Mode:Accumulator - Operand (Value: "0x00", Address: "None")
Instruction cycle count set to 2
A |X |Y |SP |PC   |T/MT |NV-BDIZC |CYCLE
----------------------------------------
00|00|00|FE |0706 |1/2  |00100110 |7077
00|00|00|FE |0706 |2/2  |00100110 |7078


---------------
Opcode: C9
ll: 02
Instruction:CMP Addressing Mode:Immediate - Operand (Value: "0x02", Address: "None")
Instruction cycle count set to 2
A |X |Y |SP |PC   |T/MT |NV-BDIZC |CYCLE
----------------------------------------
00|00|00|FE |0708 |1/2  |10100100 |7079
00|00|00|FE |0708 |2/2  |10100100 |7080


---------------
Opcode: D0
ll: F8
Old PC: 070A Offset:-8 New PC: 0702
Instruction:BNE Addressing Mode:Relative - Operand (Value: "None", Address: "0x0702")
Instruction cycle count set to 2
A |X |Y |SP |PC   |T/MT |NV-BDIZC |CYCLE
----------------------------------------
00|00|00|FE |0702 |1/3  |10100100 |7081
00|00|00|FE |0702 |2/3  |10100100 |7082
00|00|00|FE |0702 |3/3  |10100100 |7083


---------------
Opcode: 8D
ll: 00 hh: A0
Instruction:STA Addressing Mode:Absolute - Operand (Value: "0x00", Address: "0xA000")
Writing value 0x00 to address: 0xA000
0xA000: 0x00
Instruction cycle count set to 4
A |X |Y |SP |PC   |T/MT |NV-BDIZC |CYCLE
----------------------------------------
00|00|00|FE |0705 |1/4  |10100100 |7084
00|00|00|FE |0705 |2/4  |10100100 |7085
00|00|00|FE |0705 |3/4  |10100100 |7086
00|00|00|FE |0705 |4/4  |10100100 |7087


---------------
Opcode: 4A
Instruction:LSR Addressing Mode:Accumulator - Operand (Value: "0x00", Address: "None")
Instruction cycle count set to 2
A |X |Y |SP |PC   |T/MT |NV-BDIZC |CYCLE
----------------------------------------
00|00|00|FE |0706 |1/2  |00100110 |7088
00|00|00|FE |0706 |2/2  |00100110 |7089


---------------
Opcode: C9
ll: 02
Instruction:CMP Addressing Mode:Immediate - Operand (Value: "0x02", Address: "None")
Instruction cycle count set to 2
A |X |Y |SP |PC   |T/MT |NV-BDIZC |CYCLE
----------------------------------------
00|00|00|FE |0708 |1/2  |10100100 |7090
00|00|00|FE |0708 |2/2  |10100100 |7091


---------------
Opcode: D0
ll: F8
Old PC: 070A Offset:-8 New PC: 0702
Instruction:BNE Addressing Mode:Relative - Operand (Value: "None", Address: "0x0702")
Instruction cycle count set to 2
A |X |Y |SP |PC   |T/MT |NV-BDIZC |CYCLE
----------------------------------------
00|00|00|FE |0702 |1/3  |10100100 |7092
00|00|00|FE |0702 |2/3  |10100100 |7093
00|00|00|FE |0702 |3/3  |10100100 |7094


---------------
Opcode: 8D
ll: 00 hh: A0
Instruction:STA Addressing Mode:Absolute - Operand (Value: "0x00", Address: "0xA000")
Writing value 0x00 to address: 0xA000
0xA000: 0x00
Instruction cycle count set to 4
A |X |Y |SP |PC   |T/MT |NV-BDIZC |CYCLE
----------------------------------------
00|00|00|FE |0705 |1/4  |10100100 |7095
00|00|00|FE |0705 |2/4  |10100100 |7096
00|00|00|FE |0705 |3/4  |10100100 |7097
00|00|00|FE |0705 |4/4  |10100100 |7098


---------------
Opcode: 4A
Instruction:LSR Addressing Mode:Accumulator - Operand (Value: "0x00", Address: "None")
Instruction cycle count set to 2
A |X |Y |SP |PC   |T/MT |NV-BDIZC |CYCLE
----------------------------------------
00|00|00|FE |0706 |1/2  |00100110 |7099
00|00|00|FE |0706 |2/2  |00100110 |7100


---------------
Opcode: C9
ll: 02
Instruction:CMP Addressing Mode:Immediate - Operand (Value: "0x02", Address: "None")
Instruction cycle count set to 2
A |X |Y |SP |PC   |T/MT |NV-BDIZC |CYCLE
----------------------------------------
00|00|00|FE |0708 |1/2  |10100100 |7101
00|00|00|FE |0708 |2/2  |10100100 |7102


---------------
Opcode: D0
ll: F8
Old PC: 070A Offset:-8 New PC: 0702
Instruction:BNE Addressing Mode:Relative - Operand (Value: "None", Address: "0x0702")
Instruction cycle count set to 2
A |X |Y |SP |PC   |T/MT |NV-BDIZC |CYCLE
----------------------------------------
00|00|00|FE |0702 |1/3  |10100100 |7103
00|00|00|FE |0702 |2/3  |10100100 |7104
00|00|00|FE |0702 |3/3  |10100100 |7105


---------------
Opcode: 8D
ll: 00 hh: A0
Instruction:STA Addressing Mode:Absolute - Operand (Value: "0x00", Address: "0xA000")
Writing value 0x00 to address: 0xA000
0xA000: 0x00
Instruction cycle count set to 4
A |X |Y |SP |PC   |T/MT |NV-BDIZC |CYCLE
----------------------------------------
00|00|00|FE |0705 |1/4  |10100100 |7106
00|00|00|FE |0705 |2/4  |10100100 |7107
00|00|00|FE |0705 |3/4  |10100100 |7108
00|00|00|FE |0705 |4/4  |10100100 |7109


---------------
Opcode: 4A
Instruction:LSR Addressing Mode:Accumulator - Operand (Value: "0x00", Address: "None")
Instruction cycle count set to 2
A |X |Y |SP |PC   |T/MT |NV-BDIZC |CYCLE
----------------------------------------
00|00|00|FE |0706 |1/2  |00100110 |7110
00|00|00|FE |0706 |2/2  |00100110 |7111


---------------
Opcode: C9
ll: 02
Instruction:CMP Addressing Mode:Immediate - Operand (Value: "0x02", Address: "None")
Instruction cycle count set to 2
A |X |Y |SP |PC   |T/MT |NV-BDIZC |CYCLE
----------------------------------------
00|00|00|FE |0708 |1/2  |10100100 |7112
00|00|00|FE |0708 |2/2  |10100100 |7113


---------------
Opcode: D0
ll: F8
Old PC: 070A Offset:-8 New PC: 0702
Instruction:BNE Addressing Mode:Relative - Operand (Value: "None", Address: "0x0702")
Instruction cycle count set to 2
A |X |Y |SP |PC   |T/MT |NV-BDIZC |CYCLE
----------------------------------------
00|00|00|FE |0702 |1/3  |10100100 |7114
00|00|00|FE |0702 |2/3  |10100100 |7115
00|00|00|FE |0702 |3/3  |10100100 |7116


---------------
Opcode: 8D
ll: 00 hh: A0
Instruction:STA Addressing Mode:Absolute - Operand (Value: "0x00", Address: "0xA000")
Writing value 0x00 to address: 0xA000
0xA000: 0x00
Instruction cycle count set to 4
A |X |Y |SP |PC   |T/MT |NV-BDIZC |CYCLE
----------------------------------------
00|00|00|FE |0705 |1/4  |10100100 |7117
00|00|00|FE |0705 |2/4  |10100100 |7118
00|00|00|FE |0705 |3/4  |10100100 |7119
00|00|00|FE |0705 |4/4  |10100100 |7120


---------------
Opcode: 4A
Instruction:LSR Addressing Mode:Accumulator - Operand (Value: "0x00", Address: "None")
Instruction cycle count set to 2
A |X |Y |SP |PC   |T/MT |NV-BDIZC |CYCLE
----------------------------------------
00|00|00|FE |0706 |1/2  |00100110 |7121
00|00|00|FE |0706 |2/2  |00100110 |7122


---------------
Opcode: C9
ll: 02
Instruction:CMP Addressing Mode:Immediate - Operand (Value: "0x02", Address: "None")
Instruction cycle count set to 2
A |X |Y |SP |PC   |T/MT |NV-BDIZC |CYCLE
----------------------------------------
00|00|00|FE |0708 |1/2  |10100100 |7123
00|00|00|FE |0708 |2/2  |10100100 |7124


---------------
Opcode: D0
ll: F8
Old PC: 070A Offset:-8 New PC: 0702
Instruction:BNE Addressing Mode:Relative - Operand (Value: "None", Address: "0x0702")
Instruction cycle count set to 2
A |X |Y |SP |PC   |T/MT |NV-BDIZC |CYCLE
----------------------------------------
00|00|00|FE |0702 |1/3  |10100100 |7125
00|00|00|FE |0702 |2/3  |10100100 |7126
00|00|00|FE |0702 |3/3  |10100100 |7127


---------------
Opcode: 8D
ll: 00 hh: A0
Instruction:STA Addressing Mode:Absolute - Operand (Value: "0x00", Address: "0xA000")
Writing value 0x00 to address: 0xA000
0xA000: 0x00
Instruction cycle count set to 4
A |X |Y |SP |PC   |T/MT |NV-BDIZC |CYCLE
----------------------------------------
00|00|00|FE |0705 |1/4  |10100100 |7128
00|00|00|FE |0705 |2/4  |10100100 |7129
00|00|00|FE |0705 |3/4  |10100100 |7130
00|00|00|FE |0705 |4/4  |10100100 |7131


---------------
Opcode: 4A
Instruction:LSR Addressing Mode:Accumulator - Operand (Value: "0x00", Address: "None")
Instruction cycle count set to 2
A |X |Y |SP |PC   |T/MT |NV-BDIZC |CYCLE
----------------------------------------
00|00|00|FE |0706 |1/2  |00100110 |7132
00|00|00|FE |0706 |2/2  |00100110 |7133


---------------
Opcode: C9
ll: 02
Instruction:CMP Addressing Mode:Immediate - Operand (Value: "0x02", Address: "None")
Instruction cycle count set to 2
A |X |Y |SP |PC   |T/MT |NV-BDIZC |CYCLE
----------------------------------------
00|00|00|FE |0708 |1/2  |10100100 |7134
00|00|00|FE |0708 |2/2  |10100100 |7135


---------------
Opcode: D0
ll: F8
Old PC: 070A Offset:-8 New PC: 0702
Instruction:BNE Addressing Mode:Relative - Operand (Value: "None", Address: "0x0702")
Instruction cycle count set to 2
A |X |Y |SP |PC   |T/MT |NV-BDIZC |CYCLE
----------------------------------------
00|00|00|FE |0702 |1/3  |10100100 |7136
00|00|00|FE |0702 |2/3  |10100100 |7137
00|00|00|FE |0702 |3/3  |10100100 |7138


---------------
Opcode: 8D
ll: 00 hh: A0
Instruction:STA Addressing Mode:Absolute - Operand (Value: "0x00", Address: "0xA000")
Writing value 0x00 to address: 0xA000
0xA000: 0x00
Instruction cycle count set to 4
A |X |Y |SP |PC   |T/MT |NV-BDIZC |CYCLE
----------------------------------------
00|00|00|FE |0705 |1/4  |10100100 |7139
00|00|00|FE |0705 |2/4  |10100100 |7140
00|00|00|FE |0705 |3/4  |10100100 |7141
00|00|00|FE |0705 |4/4  |10100100 |7142


---------------
Opcode: 4A
Instruction:LSR Addressing Mode:Accumulator - Operand (Value: "0x00", Address: "None")
Instruction cycle count set to 2
A |X |Y |SP |PC   |T/MT |NV-BDIZC |CYCLE
----------------------------------------
00|00|00|FE |0706 |1/2  |00100110 |7143
00|00|00|FE |0706 |2/2  |00100110 |7144


---------------
Opcode: C9
ll: 02
Instruction:CMP Addressing Mode:Immediate - Operand (Value: "0x02", Address: "None")
Instruction cycle count set to 2
A |X |Y |SP |PC   |T/MT |NV-BDIZC |CYCLE
----------------------------------------
00|00|00|FE |0708 |1/2  |10100100 |7145
00|00|00|FE |0708 |2/2  |10100100 |7146


---------------
Opcode: D0
ll: F8
Old PC: 070A Offset:-8 New PC: 0702
Instruction:BNE Addressing Mode:Relative - Operand (Value: "None", Address: "0x0702")
Instruction cycle count set to 2
A |X |Y |SP |PC   |T/MT |NV-BDIZC |CYCLE
----------------------------------------
00|00|00|FE |0702 |1/3  |10100100 |7147
00|00|00|FE |0702 |2/3  |10100100 |7148
00|00|00|FE |0702 |3/3  |10100100 |7149


---------------
Opcode: 8D
ll: 00 hh: A0
Instruction:STA Addressing Mode:Absolute - Operand (Value: "0x00", Address: "0xA000")
Writing value 0x00 to address: 0xA000
0xA000: 0x00
Instruction cycle count set to 4
A |X |Y |SP |PC   |T/MT |NV-BDIZC |CYCLE
----------------------------------------
00|00|00|FE |0705 |1/4  |10100100 |7150
00|00|00|FE |0705 |2/4  |10100100 |7151
00|00|00|FE |0705 |3/4  |10100100 |7152
00|00|00|FE |0705 |4/4  |10100100 |7153


---------------
Opcode: 4A
Instruction:LSR Addressing Mode:Accumulator - Operand (Value: "0x00", Address: "None")
Instruction cycle count set to 2
A |X |Y |SP |PC   |T/MT |NV-BDIZC |CYCLE
----------------------------------------
00|00|00|FE |0706 |1/2  |00100110 |7154
00|00|00|FE |0706 |2/2  |00100110 |7155


---------------
Opcode: C9
ll: 02
Instruction:CMP Addressing Mode:Immediate - Operand (Value: "0x02", Address: "None")
Instruction cycle count set to 2
A |X |Y |SP |PC   |T/MT |NV-BDIZC |CYCLE
----------------------------------------
00|00|00|FE |0708 |1/2  |10100100 |7156
00|00|00|FE |0708 |2/2  |10100100 |7157


---------------
Opcode: D0
ll: F8
Old PC: 070A Offset:-8 New PC: 0702
Instruction:BNE Addressing Mode:Relative - Operand (Value: "None", Address: "0x0702")
Instruction cycle count set to 2
A |X |Y |SP |PC   |T/MT |NV-BDIZC |CYCLE
----------------------------------------
00|00|00|FE |0702 |1/3  |10100100 |7158
00|00|00|FE |0702 |2/3  |10100100 |7159
00|00|00|FE |0702 |3/3  |10100100 |7160


---------------
Opcode: 8D
ll: 00 hh: A0
Instruction:STA Addressing Mode:Absolute - Operand (Value: "0x00", Address: "0xA000")
Writing value 0x00 to address: 0xA000
0xA000: 0x00
Instruction cycle count set to 4
A |X |Y |SP |PC   |T/MT |NV-BDIZC |CYCLE
----------------------------------------
00|00|00|FE |0705 |1/4  |10100100 |7161
00|00|00|FE |0705 |2/4  |10100100 |7162
00|00|00|FE |0705 |3/4  |10100100 |7163
00|00|00|FE |0705 |4/4  |10100100 |7164


---------------
Opcode: 4A
Instruction:LSR Addressing Mode:Accumulator - Operand (Value: "0x00", Address: "None")
Instruction cycle count set to 2
A |X |Y |SP |PC   |T/MT |NV-BDIZC |CYCLE
----------------------------------------
00|00|00|FE |0706 |1/2  |00100110 |7165
00|00|00|FE |0706 |2/2  |00100110 |7166


---------------
Opcode: C9
ll: 02
Instruction:CMP Addressing Mode:Immediate - Operand (Value: "0x02", Address: "None")
Instruction cycle count set to 2
A |X |Y |SP |PC   |T/MT |NV-BDIZC |CYCLE
----------------------------------------
00|00|00|FE |0708 |1/2  |10100100 |7167
00|00|00|FE |0708 |2/2  |10100100 |7168


---------------
Opcode: D0
ll: F8
Old PC: 070A Offset:-8 New PC: 0702
Instruction:BNE Addressing Mode:Relative - Operand (Value: "None", Address: "0x0702")
Instruction cycle count set to 2
A |X |Y |SP |PC   |T/MT |NV-BDIZC |CYCLE
----------------------------------------
00|00|00|FE |0702 |1/3  |10100100 |7169
00|00|00|FE |0702 |2/3  |10100100 |7170
00|00|00|FE |0702 |3/3  |10100100 |7171


---------------
Opcode: 8D
ll: 00 hh: A0
Instruction:STA Addressing Mode:Absolute - Operand (Value: "0x00", Address: "0xA000")
Writing value 0x00 to address: 0xA000
0xA000: 0x00
Instruction cycle count set to 4
A |X |Y |SP |PC   |T/MT |NV-BDIZC |CYCLE
----------------------------------------
00|00|00|FE |0705 |1/4  |10100100 |7172
00|00|00|FE |0705 |2/4  |10100100 |7173
00|00|00|FE |0705 |3/4  |10100100 |7174
00|00|00|FE |0705 |4/4  |10100100 |7175


---------------
Opcode: 4A
Instruction:LSR Addressing Mode:Accumulator - Operand (Value: "0x00", Address: "None")
Instruction cycle count set to 2
A |X |Y |SP |PC   |T/MT |NV-BDIZC |CYCLE
----------------------------------------
00|00|00|FE |0706 |1/2  |00100110 |7176
00|00|00|FE |0706 |2/2  |00100110 |7177


---------------
Opcode: C9
ll: 02
Instruction:CMP Addressing Mode:Immediate - Operand (Value: "0x02", Address: "None")
Instruction cycle count set to 2
A |X |Y |SP |PC   |T/MT |NV-BDIZC |CYCLE
----------------------------------------
00|00|00|FE |0708 |1/2  |10100100 |7178
00|00|00|FE |0708 |2/2  |10100100 |7179


---------------
Opcode: D0
ll: F8
Old PC: 070A Offset:-8 New PC: 0702
Instruction:BNE Addressing Mode:Relative - Operand (Value: "None", Address: "0x0702")
Instruction cycle count set to 2
A |X |Y |SP |PC   |T/MT |NV-BDIZC |CYCLE
----------------------------------------
00|00|00|FE |0702 |1/3  |10100100 |7180
00|00|00|FE |0702 |2/3  |10100100 |7181
00|00|00|FE |0702 |3/3  |10100100 |7182


---------------
Opcode: 8D
ll: 00 hh: A0
Instruction:STA Addressing Mode:Absolute - Operand (Value: "0x00", Address: "0xA000")
Writing value 0x00 to address: 0xA000
0xA000: 0x00
Instruction cycle count set to 4
A |X |Y |SP |PC   |T/MT |NV-BDIZC |CYCLE
----------------------------------------
00|00|00|FE |0705 |1/4  |10100100 |7183
00|00|00|FE |0705 |2/4  |10100100 |7184
00|00|00|FE |0705 |3/4  |10100100 |7185
00|00|00|FE |0705 |4/4  |10100100 |7186


---------------
Opcode: 4A
Instruction:LSR Addressing Mode:Accumulator - Operand (Value: "0x00", Address: "None")
Instruction cycle count set to 2
A |X |Y |SP |PC   |T/MT |NV-BDIZC |CYCLE
----------------------------------------
00|00|00|FE |0706 |1/2  |00100110 |7187
00|00|00|FE |0706 |2/2  |00100110 |7188


---------------
Opcode: C9
ll: 02
Instruction:CMP Addressing Mode:Immediate - Operand (Value: "0x02", Address: "None")
Instruction cycle count set to 2
A |X |Y |SP |PC   |T/MT |NV-BDIZC |CYCLE
----------------------------------------
00|00|00|FE |0708 |1/2  |10100100 |7189
00|00|00|FE |0708 |2/2  |10100100 |7190


---------------
Opcode: D0
ll: F8
Old PC: 070A Offset:-8 New PC: 0702
Instruction:BNE Addressing Mode:Relative - Operand (Value: "None", Address: "0x0702")
Instruction cycle count set to 2
A |X |Y |SP |PC   |T/MT |NV-BDIZC |CYCLE
----------------------------------------
00|00|00|FE |0702 |1/3  |10100100 |7191
00|00|00|FE |0702 |2/3  |10100100 |7192
00|00|00|FE |0702 |3/3  |10100100 |7193


---------------
Opcode: 8D
ll: 00 hh: A0
Instruction:STA Addressing Mode:Absolute - Operand (Value: "0x00", Address: "0xA000")
Writing value 0x00 to address: 0xA000
0xA000: 0x00
Instruction cycle count set to 4
A |X |Y |SP |PC   |T/MT |NV-BDIZC |CYCLE
----------------------------------------
00|00|00|FE |0705 |1/4  |10100100 |7194
00|00|00|FE |0705 |2/4  |10100100 |7195
00|00|00|FE |0705 |3/4  |10100100 |7196
00|00|00|FE |0705 |4/4  |10100100 |7197


---------------
Opcode: 4A
Instruction:LSR Addressing Mode:Accumulator - Operand (Value: "0x00", Address: "None")
Instruction cycle count set to 2
A |X |Y |SP |PC   |T/MT |NV-BDIZC |CYCLE
----------------------------------------
00|00|00|FE |0706 |1/2  |00100110 |7198
00|00|00|FE |0706 |2/2  |00100110 |7199


---------------
Opcode: C9
ll: 02
Instruction:CMP Addressing Mode:Immediate - Operand (Value: "0x02", Address: "None")
Instruction cycle count set to 2
A |X |Y |SP |PC   |T/MT |NV-BDIZC |CYCLE
----------------------------------------
00|00|00|FE |0708 |1/2  |10100100 |7200
00|00|00|FE |0708 |2/2  |10100100 |7201


---------------
Opcode: D0
ll: F8
Old PC: 070A Offset:-8 New PC: 0702
Instruction:BNE Addressing Mode:Relative - Operand (Value: "None", Address: "0x0702")
Instruction cycle count set to 2
A |X |Y |SP |PC   |T/MT |NV-BDIZC |CYCLE
----------------------------------------
00|00|00|FE |0702 |1/3  |10100100 |7202
00|00|00|FE |0702 |2/3  |10100100 |7203
00|00|00|FE |0702 |3/3  |10100100 |7204


---------------
Opcode: 8D
ll: 00 hh: A0
Instruction:STA Addressing Mode:Absolute - Operand (Value: "0x00", Address: "0xA000")
Writing value 0x00 to address: 0xA000
0xA000: 0x00
Instruction cycle count set to 4
A |X |Y |SP |PC   |T/MT |NV-BDIZC |CYCLE
----------------------------------------
00|00|00|FE |0705 |1/4  |10100100 |7205
00|00|00|FE |0705 |2/4  |10100100 |7206
00|00|00|FE |0705 |3/4  |10100100 |7207
00|00|00|FE |0705 |4/4  |10100100 |7208


---------------
Opcode: 4A
Instruction:LSR Addressing Mode:Accumulator - Operand (Value: "0x00", Address: "None")
Instruction cycle count set to 2
A |X |Y |SP |PC   |T/MT |NV-BDIZC |CYCLE
----------------------------------------
00|00|00|FE |0706 |1/2  |00100110 |7209
00|00|00|FE |0706 |2/2  |00100110 |7210


---------------
Opcode: C9
ll: 02
Instruction:CMP Addressing Mode:Immediate - Operand (Value: "0x02", Address: "None")
Instruction cycle count set to 2
A |X |Y |SP |PC   |T/MT |NV-BDIZC |CYCLE
----------------------------------------
00|00|00|FE |0708 |1/2  |10100100 |7211
00|00|00|FE |0708 |2/2  |10100100 |7212


---------------
Opcode: D0
ll: F8
Old PC: 070A Offset:-8 New PC: 0702
Instruction:BNE Addressing Mode:Relative - Operand (Value: "None", Address: "0x0702")
Instruction cycle count set to 2
A |X |Y |SP |PC   |T/MT |NV-BDIZC |CYCLE
----------------------------------------
00|00|00|FE |0702 |1/3  |10100100 |7213
00|00|00|FE |0702 |2/3  |10100100 |7214
00|00|00|FE |0702 |3/3  |10100100 |7215


---------------
Opcode: 8D
ll: 00 hh: A0
Instruction:STA Addressing Mode:Absolute - Operand (Value: "0x00", Address: "0xA000")
Writing value 0x00 to address: 0xA000
0xA000: 0x00
Instruction cycle count set to 4
A |X |Y |SP |PC   |T/MT |NV-BDIZC |CYCLE
----------------------------------------
00|00|00|FE |0705 |1/4  |10100100 |7216
00|00|00|FE |0705 |2/4  |10100100 |7217
00|00|00|FE |0705 |3/4  |10100100 |7218
00|00|00|FE |0705 |4/4  |10100100 |7219


---------------
Opcode: 4A
Instruction:LSR Addressing Mode:Accumulator - Operand (Value: "0x00", Address: "None")
Instruction cycle count set to 2
A |X |Y |SP |PC   |T/MT |NV-BDIZC |CYCLE
----------------------------------------
00|00|00|FE |0706 |1/2  |00100110 |7220
00|00|00|FE |0706 |2/2  |00100110 |7221


---------------
Opcode: C9
ll: 02
Instruction:CMP Addressing Mode:Immediate - Operand (Value: "0x02", Address: "None")
Instruction cycle count set to 2
A |X |Y |SP |PC   |T/MT |NV-BDIZC |CYCLE
----------------------------------------
00|00|00|FE |0708 |1/2  |10100100 |7222
00|00|00|FE |0708 |2/2  |10100100 |7223


---------------
Opcode: D0
ll: F8
Old PC: 070A Offset:-8 New PC: 0702
Instruction:BNE Addressing Mode:Relative - Operand (Value: "None", Address: "0x0702")
Instruction cycle count set to 2
A |X |Y |SP |PC   |T/MT |NV-BDIZC |CYCLE
----------------------------------------
00|00|00|FE |0702 |1/3  |10100100 |7224
00|00|00|FE |0702 |2/3  |10100100 |7225
00|00|00|FE |0702 |3/3  |10100100 |7226


---------------
Opcode: 8D
ll: 00 hh: A0
Instruction:STA Addressing Mode:Absolute - Operand (Value: "0x00", Address: "0xA000")
Writing value 0x00 to address: 0xA000
0xA000: 0x00
Instruction cycle count set to 4
A |X |Y |SP |PC   |T/MT |NV-BDIZC |CYCLE
----------------------------------------
00|00|00|FE |0705 |1/4  |10100100 |7227
00|00|00|FE |0705 |2/4  |10100100 |7228
00|00|00|FE |0705 |3/4  |10100100 |7229
00|00|00|FE |0705 |4/4  |10100100 |7230


---------------
Opcode: 4A
Instruction:LSR Addressing Mode:Accumulator - Operand (Value: "0x00", Address: "None")
Instruction cycle count set to 2
A |X |Y |SP |PC   |T/MT |NV-BDIZC |CYCLE
----------------------------------------
00|00|00|FE |0706 |1/2  |00100110 |7231
00|00|00|FE |0706 |2/2  |00100110 |7232


---------------
Opcode: C9
ll: 02
Instruction:CMP Addressing Mode:Immediate - Operand (Value: "0x02", Address: "None")
Instruction cycle count set to 2
A |X |Y |SP |PC   |T/MT |NV-BDIZC |CYCLE
----------------------------------------
00|00|00|FE |0708 |1/2  |10100100 |7233
00|00|00|FE |0708 |2/2  |10100100 |7234


---------------
Opcode: D0
ll: F8
Old PC: 070A Offset:-8 New PC: 0702
Instruction:BNE Addressing Mode:Relative - Operand (Value: "None", Address: "0x0702")
Instruction cycle count set to 2
A |X |Y |SP |PC   |T/MT |NV-BDIZC |CYCLE
----------------------------------------
00|00|00|FE |0702 |1/3  |10100100 |7235
00|00|00|FE |0702 |2/3  |10100100 |7236
00|00|00|FE |0702 |3/3  |10100100 |7237


---------------
Opcode: 8D
ll: 00 hh: A0
Instruction:STA Addressing Mode:Absolute - Operand (Value: "0x00", Address: "0xA000")
Writing value 0x00 to address: 0xA000
0xA000: 0x00
Instruction cycle count set to 4
A |X |Y |SP |PC   |T/MT |NV-BDIZC |CYCLE
----------------------------------------
00|00|00|FE |0705 |1/4  |10100100 |7238
00|00|00|FE |0705 |2/4  |10100100 |7239
00|00|00|FE |0705 |3/4  |10100100 |7240
00|00|00|FE |0705 |4/4  |10100100 |7241


---------------
Opcode: 4A
Instruction:LSR Addressing Mode:Accumulator - Operand (Value: "0x00", Address: "None")
Instruction cycle count set to 2
A |X |Y |SP |PC   |T/MT |NV-BDIZC |CYCLE
----------------------------------------
00|00|00|FE |0706 |1/2  |00100110 |7242
00|00|00|FE |0706 |2/2  |00100110 |7243


---------------
Opcode: C9
ll: 02
Instruction:CMP Addressing Mode:Immediate - Operand (Value: "0x02", Address: "None")
Instruction cycle count set to 2
A |X |Y |SP |PC   |T/MT |NV-BDIZC |CYCLE
----------------------------------------
00|00|00|FE |0708 |1/2  |10100100 |7244
00|00|00|FE |0708 |2/2  |10100100 |7245


---------------
Opcode: D0
ll: F8
Old PC: 070A Offset:-8 New PC: 0702
Instruction:BNE Addressing Mode:Relative - Operand (Value: "None", Address: "0x0702")
Instruction cycle count set to 2
A |X |Y |SP |PC   |T/MT |NV-BDIZC |CYCLE
----------------------------------------
00|00|00|FE |0702 |1/3  |10100100 |7246
00|00|00|FE |0702 |2/3  |10100100 |7247
00|00|00|FE |0702 |3/3  |10100100 |7248


---------------
Opcode: 8D
ll: 00 hh: A0
Instruction:STA Addressing Mode:Absolute - Operand (Value: "0x00", Address: "0xA000")
Writing value 0x00 to address: 0xA000
0xA000: 0x00
Instruction cycle count set to 4
A |X |Y |SP |PC   |T/MT |NV-BDIZC |CYCLE
----------------------------------------
00|00|00|FE |0705 |1/4  |10100100 |7249
00|00|00|FE |0705 |2/4  |10100100 |7250
00|00|00|FE |0705 |3/4  |10100100 |7251
00|00|00|FE |0705 |4/4  |10100100 |7252


---------------
Opcode: 4A
Instruction:LSR Addressing Mode:Accumulator - Operand (Value: "0x00", Address: "None")
Instruction cycle count set to 2
A |X |Y |SP |PC   |T/MT |NV-BDIZC |CYCLE
----------------------------------------
00|00|00|FE |0706 |1/2  |00100110 |7253
00|00|00|FE |0706 |2/2  |00100110 |7254


---------------
Opcode: C9
ll: 02
Instruction:CMP Addressing Mode:Immediate - Operand (Value: "0x02", Address: "None")
Instruction cycle count set to 2
A |X |Y |SP |PC   |T/MT |NV-BDIZC |CYCLE
----------------------------------------
00|00|00|FE |0708 |1/2  |10100100 |7255
00|00|00|FE |0708 |2/2  |10100100 |7256


---------------
Opcode: D0
ll: F8
Old PC: 070A Offset:-8 New PC: 0702
Instruction:BNE Addressing Mode:Relative - Operand (Value: "None", Address: "0x0702")
Instruction cycle count set to 2
A |X |Y |SP |PC   |T/MT |NV-BDIZC |CYCLE
----------------------------------------
00|00|00|FE |0702 |1/3  |10100100 |7257
00|00|00|FE |0702 |2/3  |10100100 |7258
00|00|00|FE |0702 |3/3  |10100100 |7259


---------------
Opcode: 8D
ll: 00 hh: A0
Instruction:STA Addressing Mode:Absolute - Operand (Value: "0x00", Address: "0xA000")
Writing value 0x00 to address: 0xA000
0xA000: 0x00
Instruction cycle count set to 4
A |X |Y |SP |PC   |T/MT |NV-BDIZC |CYCLE
----------------------------------------
00|00|00|FE |0705 |1/4  |10100100 |7260
00|00|00|FE |0705 |2/4  |10100100 |7261
00|00|00|FE |0705 |3/4  |10100100 |7262
00|00|00|FE |0705 |4/4  |10100100 |7263


---------------
Opcode: 4A
Instruction:LSR Addressing Mode:Accumulator - Operand (Value: "0x00", Address: "None")
Instruction cycle count set to 2
A |X |Y |SP |PC   |T/MT |NV-BDIZC |CYCLE
----------------------------------------
00|00|00|FE |0706 |1/2  |00100110 |7264
00|00|00|FE |0706 |2/2  |00100110 |7265


---------------
Opcode: C9
ll: 02
Instruction:CMP Addressing Mode:Immediate - Operand (Value: "0x02", Address: "None")
Instruction cycle count set to 2
A |X |Y |SP |PC   |T/MT |NV-BDIZC |CYCLE
----------------------------------------
00|00|00|FE |0708 |1/2  |10100100 |7266
00|00|00|FE |0708 |2/2  |10100100 |7267


---------------
Opcode: D0
ll: F8
Old PC: 070A Offset:-8 New PC: 0702
Instruction:BNE Addressing Mode:Relative - Operand (Value: "None", Address: "0x0702")
Instruction cycle count set to 2
A |X |Y |SP |PC   |T/MT |NV-BDIZC |CYCLE
----------------------------------------
00|00|00|FE |0702 |1/3  |10100100 |7268
00|00|00|FE |0702 |2/3  |10100100 |7269
00|00|00|FE |0702 |3/3  |10100100 |7270


---------------
Opcode: 8D
ll: 00 hh: A0
Instruction:STA Addressing Mode:Absolute - Operand (Value: "0x00", Address: "0xA000")
Writing value 0x00 to address: 0xA000
0xA000: 0x00
Instruction cycle count set to 4
A |X |Y |SP |PC   |T/MT |NV-BDIZC |CYCLE
----------------------------------------
00|00|00|FE |0705 |1/4  |10100100 |7271
00|00|00|FE |0705 |2/4  |10100100 |7272
00|00|00|FE |0705 |3/4  |10100100 |7273
00|00|00|FE |0705 |4/4  |10100100 |7274


---------------
Opcode: 4A
Instruction:LSR Addressing Mode:Accumulator - Operand (Value: "0x00", Address: "None")
Instruction cycle count set to 2
A |X |Y |SP |PC   |T/MT |NV-BDIZC |CYCLE
----------------------------------------
00|00|00|FE |0706 |1/2  |00100110 |7275
00|00|00|FE |0706 |2/2  |00100110 |7276


---------------
Opcode: C9
ll: 02
Instruction:CMP Addressing Mode:Immediate - Operand (Value: "0x02", Address: "None")
Instruction cycle count set to 2
A |X |Y |SP |PC   |T/MT |NV-BDIZC |CYCLE
----------------------------------------
00|00|00|FE |0708 |1/2  |10100100 |7277
00|00|00|FE |0708 |2/2  |10100100 |7278


---------------
Opcode: D0
ll: F8
Old PC: 070A Offset:-8 New PC: 0702
Instruction:BNE Addressing Mode:Relative - Operand (Value: "None", Address: "0x0702")
Instruction cycle count set to 2
A |X |Y |SP |PC   |T/MT |NV-BDIZC |CYCLE
----------------------------------------
00|00|00|FE |0702 |1/3  |10100100 |7279
00|00|00|FE |0702 |2/3  |10100100 |7280
00|00|00|FE |0702 |3/3  |10100100 |7281


---------------
Opcode: 8D
ll: 00 hh: A0
Instruction:STA Addressing Mode:Absolute - Operand (Value: "0x00", Address: "0xA000")
Writing value 0x00 to address: 0xA000
0xA000: 0x00
Instruction cycle count set to 4
A |X |Y |SP |PC   |T/MT |NV-BDIZC |CYCLE
----------------------------------------
00|00|00|FE |0705 |1/4  |10100100 |7282
00|00|00|FE |0705 |2/4  |10100100 |7283
00|00|00|FE |0705 |3/4  |10100100 |7284
00|00|00|FE |0705 |4/4  |10100100 |7285


---------------
Opcode: 4A
Instruction:LSR Addressing Mode:Accumulator - Operand (Value: "0x00", Address: "None")
Instruction cycle count set to 2
A |X |Y |SP |PC   |T/MT |NV-BDIZC |CYCLE
----------------------------------------
00|00|00|FE |0706 |1/2  |00100110 |7286
00|00|00|FE |0706 |2/2  |00100110 |7287


---------------
Opcode: C9
ll: 02
Instruction:CMP Addressing Mode:Immediate - Operand (Value: "0x02", Address: "None")
Instruction cycle count set to 2
A |X |Y |SP |PC   |T/MT |NV-BDIZC |CYCLE
----------------------------------------
00|00|00|FE |0708 |1/2  |10100100 |7288
00|00|00|FE |0708 |2/2  |10100100 |7289


---------------
Opcode: D0
ll: F8
Old PC: 070A Offset:-8 New PC: 0702
Instruction:BNE Addressing Mode:Relative - Operand (Value: "None", Address: "0x0702")
Instruction cycle count set to 2
A |X |Y |SP |PC   |T/MT |NV-BDIZC |CYCLE
----------------------------------------
00|00|00|FE |0702 |1/3  |10100100 |7290
00|00|00|FE |0702 |2/3  |10100100 |7291
00|00|00|FE |0702 |3/3  |10100100 |7292


---------------
Opcode: 8D
ll: 00 hh: A0
Instruction:STA Addressing Mode:Absolute - Operand (Value: "0x00", Address: "0xA000")
Writing value 0x00 to address: 0xA000
0xA000: 0x00
Instruction cycle count set to 4
A |X |Y |SP |PC   |T/MT |NV-BDIZC |CYCLE
----------------------------------------
00|00|00|FE |0705 |1/4  |10100100 |7293
00|00|00|FE |0705 |2/4  |10100100 |7294
00|00|00|FE |0705 |3/4  |10100100 |7295
00|00|00|FE |0705 |4/4  |10100100 |7296


---------------
Opcode: 4A
Instruction:LSR Addressing Mode:Accumulator - Operand (Value: "0x00", Address: "None")
Instruction cycle count set to 2
A |X |Y |SP |PC   |T/MT |NV-BDIZC |CYCLE
----------------------------------------
00|00|00|FE |0706 |1/2  |00100110 |7297
00|00|00|FE |0706 |2/2  |00100110 |7298


---------------
Opcode: C9
ll: 02
Instruction:CMP Addressing Mode:Immediate - Operand (Value: "0x02", Address: "None")
Instruction cycle count set to 2
A |X |Y |SP |PC   |T/MT |NV-BDIZC |CYCLE
----------------------------------------
00|00|00|FE |0708 |1/2  |10100100 |7299
00|00|00|FE |0708 |2/2  |10100100 |7300


---------------
Opcode: D0
ll: F8
Old PC: 070A Offset:-8 New PC: 0702
Instruction:BNE Addressing Mode:Relative - Operand (Value: "None", Address: "0x0702")
Instruction cycle count set to 2
A |X |Y |SP |PC   |T/MT |NV-BDIZC |CYCLE
----------------------------------------
00|00|00|FE |0702 |1/3  |10100100 |7301
00|00|00|FE |0702 |2/3  |10100100 |7302
00|00|00|FE |0702 |3/3  |10100100 |7303


---------------
Opcode: 8D
ll: 00 hh: A0
Instruction:STA Addressing Mode:Absolute - Operand (Value: "0x00", Address: "0xA000")
Writing value 0x00 to address: 0xA000
0xA000: 0x00
Instruction cycle count set to 4
A |X |Y |SP |PC   |T/MT |NV-BDIZC |CYCLE
----------------------------------------
00|00|00|FE |0705 |1/4  |10100100 |7304
00|00|00|FE |0705 |2/4  |10100100 |7305
00|00|00|FE |0705 |3/4  |10100100 |7306
00|00|00|FE |0705 |4/4  |10100100 |7307


---------------
Opcode: 4A
Instruction:LSR Addressing Mode:Accumulator - Operand (Value: "0x00", Address: "None")
Instruction cycle count set to 2
A |X |Y |SP |PC   |T/MT |NV-BDIZC |CYCLE
----------------------------------------
00|00|00|FE |0706 |1/2  |00100110 |7308
00|00|00|FE |0706 |2/2  |00100110 |7309


---------------
Opcode: C9
ll: 02
Instruction:CMP Addressing Mode:Immediate - Operand (Value: "0x02", Address: "None")
Instruction cycle count set to 2
A |X |Y |SP |PC   |T/MT |NV-BDIZC |CYCLE
----------------------------------------
00|00|00|FE |0708 |1/2  |10100100 |7310
00|00|00|FE |0708 |2/2  |10100100 |7311


---------------
Opcode: D0
ll: F8
Old PC: 070A Offset:-8 New PC: 0702
Instruction:BNE Addressing Mode:Relative - Operand (Value: "None", Address: "0x0702")
Instruction cycle count set to 2
A |X |Y |SP |PC   |T/MT |NV-BDIZC |CYCLE
----------------------------------------
00|00|00|FE |0702 |1/3  |10100100 |7312
00|00|00|FE |0702 |2/3  |10100100 |7313
00|00|00|FE |0702 |3/3  |10100100 |7314


---------------
Opcode: 8D
ll: 00 hh: A0
Instruction:STA Addressing Mode:Absolute - Operand (Value: "0x00", Address: "0xA000")
Writing value 0x00 to address: 0xA000
0xA000: 0x00
Instruction cycle count set to 4
A |X |Y |SP |PC   |T/MT |NV-BDIZC |CYCLE
----------------------------------------
00|00|00|FE |0705 |1/4  |10100100 |7315
00|00|00|FE |0705 |2/4  |10100100 |7316
00|00|00|FE |0705 |3/4  |10100100 |7317
00|00|00|FE |0705 |4/4  |10100100 |7318


---------------
Opcode: 4A
Instruction:LSR Addressing Mode:Accumulator - Operand (Value: "0x00", Address: "None")
Instruction cycle count set to 2
A |X |Y |SP |PC   |T/MT |NV-BDIZC |CYCLE
----------------------------------------
00|00|00|FE |0706 |1/2  |00100110 |7319
00|00|00|FE |0706 |2/2  |00100110 |7320


---------------
Opcode: C9
ll: 02
Instruction:CMP Addressing Mode:Immediate - Operand (Value: "0x02", Address: "None")
Instruction cycle count set to 2
A |X |Y |SP |PC   |T/MT |NV-BDIZC |CYCLE
----------------------------------------
00|00|00|FE |0708 |1/2  |10100100 |7321
00|00|00|FE |0708 |2/2  |10100100 |7322


---------------
Opcode: D0
ll: F8
Old PC: 070A Offset:-8 New PC: 0702
Instruction:BNE Addressing Mode:Relative - Operand (Value: "None", Address: "0x0702")
Instruction cycle count set to 2
A |X |Y |SP |PC   |T/MT |NV-BDIZC |CYCLE
----------------------------------------
00|00|00|FE |0702 |1/3  |10100100 |7323
00|00|00|FE |0702 |2/3  |10100100 |7324
00|00|00|FE |0702 |3/3  |10100100 |7325


---------------
Opcode: 8D
ll: 00 hh: A0
Instruction:STA Addressing Mode:Absolute - Operand (Value: "0x00", Address: "0xA000")
Writing value 0x00 to address: 0xA000
0xA000: 0x00
Instruction cycle count set to 4
A |X |Y |SP |PC   |T/MT |NV-BDIZC |CYCLE
----------------------------------------
00|00|00|FE |0705 |1/4  |10100100 |7326
00|00|00|FE |0705 |2/4  |10100100 |7327
00|00|00|FE |0705 |3/4  |10100100 |7328
00|00|00|FE |0705 |4/4  |10100100 |7329


---------------
Opcode: 4A
Instruction:LSR Addressing Mode:Accumulator - Operand (Value: "0x00", Address: "None")
Instruction cycle count set to 2
A |X |Y |SP |PC   |T/MT |NV-BDIZC |CYCLE
----------------------------------------
00|00|00|FE |0706 |1/2  |00100110 |7330
00|00|00|FE |0706 |2/2  |00100110 |7331


---------------
Opcode: C9
ll: 02
Instruction:CMP Addressing Mode:Immediate - Operand (Value: "0x02", Address: "None")
Instruction cycle count set to 2
A |X |Y |SP |PC   |T/MT |NV-BDIZC |CYCLE
----------------------------------------
00|00|00|FE |0708 |1/2  |10100100 |7332
00|00|00|FE |0708 |2/2  |10100100 |7333


---------------
Opcode: D0
ll: F8
Old PC: 070A Offset:-8 New PC: 0702
Instruction:BNE Addressing Mode:Relative - Operand (Value: "None", Address: "0x0702")
Instruction cycle count set to 2
A |X |Y |SP |PC   |T/MT |NV-BDIZC |CYCLE
----------------------------------------
00|00|00|FE |0702 |1/3  |10100100 |7334
00|00|00|FE |0702 |2/3  |10100100 |7335
00|00|00|FE |0702 |3/3  |10100100 |7336


---------------
Opcode: 8D
ll: 00 hh: A0
Instruction:STA Addressing Mode:Absolute - Operand (Value: "0x00", Address: "0xA000")
Writing value 0x00 to address: 0xA000
0xA000: 0x00
Instruction cycle count set to 4
A |X |Y |SP |PC   |T/MT |NV-BDIZC |CYCLE
----------------------------------------
00|00|00|FE |0705 |1/4  |10100100 |7337
00|00|00|FE |0705 |2/4  |10100100 |7338
00|00|00|FE |0705 |3/4  |10100100 |7339
00|00|00|FE |0705 |4/4  |10100100 |7340


---------------
Opcode: 4A
Instruction:LSR Addressing Mode:Accumulator - Operand (Value: "0x00", Address: "None")
Instruction cycle count set to 2
A |X |Y |SP |PC   |T/MT |NV-BDIZC |CYCLE
----------------------------------------
00|00|00|FE |0706 |1/2  |00100110 |7341
00|00|00|FE |0706 |2/2  |00100110 |7342


---------------
Opcode: C9
ll: 02
Instruction:CMP Addressing Mode:Immediate - Operand (Value: "0x02", Address: "None")
Instruction cycle count set to 2
A |X |Y |SP |PC   |T/MT |NV-BDIZC |CYCLE
----------------------------------------
00|00|00|FE |0708 |1/2  |10100100 |7343
00|00|00|FE |0708 |2/2  |10100100 |7344


---------------
Opcode: D0
ll: F8
Old PC: 070A Offset:-8 New PC: 0702
Instruction:BNE Addressing Mode:Relative - Operand (Value: "None", Address: "0x0702")
Instruction cycle count set to 2
A |X |Y |SP |PC   |T/MT |NV-BDIZC |CYCLE
----------------------------------------
00|00|00|FE |0702 |1/3  |10100100 |7345
00|00|00|FE |0702 |2/3  |10100100 |7346
00|00|00|FE |0702 |3/3  |10100100 |7347


---------------
Opcode: 8D
ll: 00 hh: A0
Instruction:STA Addressing Mode:Absolute - Operand (Value: "0x00", Address: "0xA000")
Writing value 0x00 to address: 0xA000
0xA000: 0x00
Instruction cycle count set to 4
A |X |Y |SP |PC   |T/MT |NV-BDIZC |CYCLE
----------------------------------------
00|00|00|FE |0705 |1/4  |10100100 |7348
00|00|00|FE |0705 |2/4  |10100100 |7349
00|00|00|FE |0705 |3/4  |10100100 |7350
00|00|00|FE |0705 |4/4  |10100100 |7351


---------------
Opcode: 4A
Instruction:LSR Addressing Mode:Accumulator - Operand (Value: "0x00", Address: "None")
Instruction cycle count set to 2
A |X |Y |SP |PC   |T/MT |NV-BDIZC |CYCLE
----------------------------------------
00|00|00|FE |0706 |1/2  |00100110 |7352
00|00|00|FE |0706 |2/2  |00100110 |7353


---------------
Opcode: C9
ll: 02
Instruction:CMP Addressing Mode:Immediate - Operand (Value: "0x02", Address: "None")
Instruction cycle count set to 2
A |X |Y |SP |PC   |T/MT |NV-BDIZC |CYCLE
----------------------------------------
00|00|00|FE |0708 |1/2  |10100100 |7354
00|00|00|FE |0708 |2/2  |10100100 |7355


---------------
Opcode: D0
ll: F8
Old PC: 070A Offset:-8 New PC: 0702
Instruction:BNE Addressing Mode:Relative - Operand (Value: "None", Address: "0x0702")
Instruction cycle count set to 2
A |X |Y |SP |PC   |T/MT |NV-BDIZC |CYCLE
----------------------------------------
00|00|00|FE |0702 |1/3  |10100100 |7356
00|00|00|FE |0702 |2/3  |10100100 |7357
00|00|00|FE |0702 |3/3  |10100100 |7358


---------------
Opcode: 8D
ll: 00 hh: A0
Instruction:STA Addressing Mode:Absolute - Operand (Value: "0x00", Address: "0xA000")
Writing value 0x00 to address: 0xA000
0xA000: 0x00
Instruction cycle count set to 4
A |X |Y |SP |PC   |T/MT |NV-BDIZC |CYCLE
----------------------------------------
00|00|00|FE |0705 |1/4  |10100100 |7359
00|00|00|FE |0705 |2/4  |10100100 |7360
00|00|00|FE |0705 |3/4  |10100100 |7361
00|00|00|FE |0705 |4/4  |10100100 |7362


---------------
Opcode: 4A
Instruction:LSR Addressing Mode:Accumulator - Operand (Value: "0x00", Address: "None")
Instruction cycle count set to 2
A |X |Y |SP |PC   |T/MT |NV-BDIZC |CYCLE
----------------------------------------
00|00|00|FE |0706 |1/2  |00100110 |7363
00|00|00|FE |0706 |2/2  |00100110 |7364


---------------
Opcode: C9
ll: 02
Instruction:CMP Addressing Mode:Immediate - Operand (Value: "0x02", Address: "None")
Instruction cycle count set to 2
A |X |Y |SP |PC   |T/MT |NV-BDIZC |CYCLE
----------------------------------------
00|00|00|FE |0708 |1/2  |10100100 |7365
00|00|00|FE |0708 |2/2  |10100100 |7366


---------------
Opcode: D0
ll: F8
Old PC: 070A Offset:-8 New PC: 0702
Instruction:BNE Addressing Mode:Relative - Operand (Value: "None", Address: "0x0702")
Instruction cycle count set to 2
A |X |Y |SP |PC   |T/MT |NV-BDIZC |CYCLE
----------------------------------------
00|00|00|FE |0702 |1/3  |10100100 |7367
00|00|00|FE |0702 |2/3  |10100100 |7368
00|00|00|FE |0702 |3/3  |10100100 |7369


---------------
Opcode: 8D
ll: 00 hh: A0
Instruction:STA Addressing Mode:Absolute - Operand (Value: "0x00", Address: "0xA000")
Writing value 0x00 to address: 0xA000
0xA000: 0x00
Instruction cycle count set to 4
A |X |Y |SP |PC   |T/MT |NV-BDIZC |CYCLE
----------------------------------------
00|00|00|FE |0705 |1/4  |10100100 |7370
00|00|00|FE |0705 |2/4  |10100100 |7371
00|00|00|FE |0705 |3/4  |10100100 |7372
00|00|00|FE |0705 |4/4  |10100100 |7373


---------------
Opcode: 4A
Instruction:LSR Addressing Mode:Accumulator - Operand (Value: "0x00", Address: "None")
Instruction cycle count set to 2
A |X |Y |SP |PC   |T/MT |NV-BDIZC |CYCLE
----------------------------------------
00|00|00|FE |0706 |1/2  |00100110 |7374
00|00|00|FE |0706 |2/2  |00100110 |7375


---------------
Opcode: C9
ll: 02
Instruction:CMP Addressing Mode:Immediate - Operand (Value: "0x02", Address: "None")
Instruction cycle count set to 2
A |X |Y |SP |PC   |T/MT |NV-BDIZC |CYCLE
----------------------------------------
00|00|00|FE |0708 |1/2  |10100100 |7376
00|00|00|FE |0708 |2/2  |10100100 |7377


---------------
Opcode: D0
ll: F8
Old PC: 070A Offset:-8 New PC: 0702
Instruction:BNE Addressing Mode:Relative - Operand (Value: "None", Address: "0x0702")
Instruction cycle count set to 2
A |X |Y |SP |PC   |T/MT |NV-BDIZC |CYCLE
----------------------------------------
00|00|00|FE |0702 |1/3  |10100100 |7378
00|00|00|FE |0702 |2/3  |10100100 |7379
00|00|00|FE |0702 |3/3  |10100100 |7380


---------------
Opcode: 8D
ll: 00 hh: A0
Instruction:STA Addressing Mode:Absolute - Operand (Value: "0x00", Address: "0xA000")
Writing value 0x00 to address: 0xA000
0xA000: 0x00
Instruction cycle count set to 4
A |X |Y |SP |PC   |T/MT |NV-BDIZC |CYCLE
----------------------------------------
00|00|00|FE |0705 |1/4  |10100100 |7381
00|00|00|FE |0705 |2/4  |10100100 |7382
00|00|00|FE |0705 |3/4  |10100100 |7383
00|00|00|FE |0705 |4/4  |10100100 |7384


---------------
Opcode: 4A
Instruction:LSR Addressing Mode:Accumulator - Operand (Value: "0x00", Address: "None")
Instruction cycle count set to 2
A |X |Y |SP |PC   |T/MT |NV-BDIZC |CYCLE
----------------------------------------
00|00|00|FE |0706 |1/2  |00100110 |7385
00|00|00|FE |0706 |2/2  |00100110 |7386


---------------
Opcode: C9
ll: 02
Instruction:CMP Addressing Mode:Immediate - Operand (Value: "0x02", Address: "None")
Instruction cycle count set to 2
A |X |Y |SP |PC   |T/MT |NV-BDIZC |CYCLE
----------------------------------------
00|00|00|FE |0708 |1/2  |10100100 |7387
00|00|00|FE |0708 |2/2  |10100100 |7388


---------------
Opcode: D0
ll: F8
Old PC: 070A Offset:-8 New PC: 0702
Instruction:BNE Addressing Mode:Relative - Operand (Value: "None", Address: "0x0702")
Instruction cycle count set to 2
A |X |Y |SP |PC   |T/MT |NV-BDIZC |CYCLE
----------------------------------------
00|00|00|FE |0702 |1/3  |10100100 |7389
00|00|00|FE |0702 |2/3  |10100100 |7390
00|00|00|FE |0702 |3/3  |10100100 |7391


---------------
Opcode: 8D
ll: 00 hh: A0
Instruction:STA Addressing Mode:Absolute - Operand (Value: "0x00", Address: "0xA000")
Writing value 0x00 to address: 0xA000
0xA000: 0x00
Instruction cycle count set to 4
A |X |Y |SP |PC   |T/MT |NV-BDIZC |CYCLE
----------------------------------------
00|00|00|FE |0705 |1/4  |10100100 |7392
00|00|00|FE |0705 |2/4  |10100100 |7393
00|00|00|FE |0705 |3/4  |10100100 |7394
00|00|00|FE |0705 |4/4  |10100100 |7395


---------------
Opcode: 4A
Instruction:LSR Addressing Mode:Accumulator - Operand (Value: "0x00", Address: "None")
Instruction cycle count set to 2
A |X |Y |SP |PC   |T/MT |NV-BDIZC |CYCLE
----------------------------------------
00|00|00|FE |0706 |1/2  |00100110 |7396
00|00|00|FE |0706 |2/2  |00100110 |7397


---------------
Opcode: C9
ll: 02
Instruction:CMP Addressing Mode:Immediate - Operand (Value: "0x02", Address: "None")
Instruction cycle count set to 2
A |X |Y |SP |PC   |T/MT |NV-BDIZC |CYCLE
----------------------------------------
00|00|00|FE |0708 |1/2  |10100100 |7398
00|00|00|FE |0708 |2/2  |10100100 |7399


---------------
Opcode: D0
ll: F8
Old PC: 070A Offset:-8 New PC: 0702
Instruction:BNE Addressing Mode:Relative - Operand (Value: "None", Address: "0x0702")
Instruction cycle count set to 2
A |X |Y |SP |PC   |T/MT |NV-BDIZC |CYCLE
----------------------------------------
00|00|00|FE |0702 |1/3  |10100100 |7400
00|00|00|FE |0702 |2/3  |10100100 |7401
00|00|00|FE |0702 |3/3  |10100100 |7402


---------------
Opcode: 8D
ll: 00 hh: A0
Instruction:STA Addressing Mode:Absolute - Operand (Value: "0x00", Address: "0xA000")
Writing value 0x00 to address: 0xA000
0xA000: 0x00
Instruction cycle count set to 4
A |X |Y |SP |PC   |T/MT |NV-BDIZC |CYCLE
----------------------------------------
00|00|00|FE |0705 |1/4  |10100100 |7403
00|00|00|FE |0705 |2/4  |10100100 |7404
00|00|00|FE |0705 |3/4  |10100100 |7405
00|00|00|FE |0705 |4/4  |10100100 |7406


---------------
Opcode: 4A
Instruction:LSR Addressing Mode:Accumulator - Operand (Value: "0x00", Address: "None")
Instruction cycle count set to 2
A |X |Y |SP |PC   |T/MT |NV-BDIZC |CYCLE
----------------------------------------
00|00|00|FE |0706 |1/2  |00100110 |7407
00|00|00|FE |0706 |2/2  |00100110 |7408


---------------
Opcode: C9
ll: 02
Instruction:CMP Addressing Mode:Immediate - Operand (Value: "0x02", Address: "None")
Instruction cycle count set to 2
A |X |Y |SP |PC   |T/MT |NV-BDIZC |CYCLE
----------------------------------------
00|00|00|FE |0708 |1/2  |10100100 |7409
00|00|00|FE |0708 |2/2  |10100100 |7410


---------------
Opcode: D0
ll: F8
Old PC: 070A Offset:-8 New PC: 0702
Instruction:BNE Addressing Mode:Relative - Operand (Value: "None", Address: "0x0702")
Instruction cycle count set to 2
A |X |Y |SP |PC   |T/MT |NV-BDIZC |CYCLE
----------------------------------------
00|00|00|FE |0702 |1/3  |10100100 |7411
00|00|00|FE |0702 |2/3  |10100100 |7412
00|00|00|FE |0702 |3/3  |10100100 |7413


---------------
Opcode: 8D
ll: 00 hh: A0
Instruction:STA Addressing Mode:Absolute - Operand (Value: "0x00", Address: "0xA000")
Writing value 0x00 to address: 0xA000
0xA000: 0x00
Instruction cycle count set to 4
A |X |Y |SP |PC   |T/MT |NV-BDIZC |CYCLE
----------------------------------------
00|00|00|FE |0705 |1/4  |10100100 |7414
00|00|00|FE |0705 |2/4  |10100100 |7415
00|00|00|FE |0705 |3/4  |10100100 |7416
00|00|00|FE |0705 |4/4  |10100100 |7417


---------------
Opcode: 4A
Instruction:LSR Addressing Mode:Accumulator - Operand (Value: "0x00", Address: "None")
Instruction cycle count set to 2
A |X |Y |SP |PC   |T/MT |NV-BDIZC |CYCLE
----------------------------------------
00|00|00|FE |0706 |1/2  |00100110 |7418
00|00|00|FE |0706 |2/2  |00100110 |7419


---------------
Opcode: C9
ll: 02
Instruction:CMP Addressing Mode:Immediate - Operand (Value: "0x02", Address: "None")
Instruction cycle count set to 2
A |X |Y |SP |PC   |T/MT |NV-BDIZC |CYCLE
----------------------------------------
00|00|00|FE |0708 |1/2  |10100100 |7420
00|00|00|FE |0708 |2/2  |10100100 |7421


---------------
Opcode: D0
ll: F8
Old PC: 070A Offset:-8 New PC: 0702
Instruction:BNE Addressing Mode:Relative - Operand (Value: "None", Address: "0x0702")
Instruction cycle count set to 2
A |X |Y |SP |PC   |T/MT |NV-BDIZC |CYCLE
----------------------------------------
00|00|00|FE |0702 |1/3  |10100100 |7422
00|00|00|FE |0702 |2/3  |10100100 |7423
00|00|00|FE |0702 |3/3  |10100100 |7424


---------------
Opcode: 8D
ll: 00 hh: A0
Instruction:STA Addressing Mode:Absolute - Operand (Value: "0x00", Address: "0xA000")
Writing value 0x00 to address: 0xA000
0xA000: 0x00
Instruction cycle count set to 4
A |X |Y |SP |PC   |T/MT |NV-BDIZC |CYCLE
----------------------------------------
00|00|00|FE |0705 |1/4  |10100100 |7425
00|00|00|FE |0705 |2/4  |10100100 |7426
00|00|00|FE |0705 |3/4  |10100100 |7427
00|00|00|FE |0705 |4/4  |10100100 |7428


---------------
Opcode: 4A
Instruction:LSR Addressing Mode:Accumulator - Operand (Value: "0x00", Address: "None")
Instruction cycle count set to 2
A |X |Y |SP |PC   |T/MT |NV-BDIZC |CYCLE
----------------------------------------
00|00|00|FE |0706 |1/2  |00100110 |7429
00|00|00|FE |0706 |2/2  |00100110 |7430


---------------
Opcode: C9
ll: 02
Instruction:CMP Addressing Mode:Immediate - Operand (Value: "0x02", Address: "None")
Instruction cycle count set to 2
A |X |Y |SP |PC   |T/MT |NV-BDIZC |CYCLE
----------------------------------------
00|00|00|FE |0708 |1/2  |10100100 |7431
00|00|00|FE |0708 |2/2  |10100100 |7432


---------------
Opcode: D0
ll: F8
Old PC: 070A Offset:-8 New PC: 0702
Instruction:BNE Addressing Mode:Relative - Operand (Value: "None", Address: "0x0702")
Instruction cycle count set to 2
A |X |Y |SP |PC   |T/MT |NV-BDIZC |CYCLE
----------------------------------------
00|00|00|FE |0702 |1/3  |10100100 |7433
00|00|00|FE |0702 |2/3  |10100100 |7434
00|00|00|FE |0702 |3/3  |10100100 |7435


---------------
Opcode: 8D
ll: 00 hh: A0
Instruction:STA Addressing Mode:Absolute - Operand (Value: "0x00", Address: "0xA000")
Writing value 0x00 to address: 0xA000
0xA000: 0x00
Instruction cycle count set to 4
A |X |Y |SP |PC   |T/MT |NV-BDIZC |CYCLE
----------------------------------------
00|00|00|FE |0705 |1/4  |10100100 |7436
00|00|00|FE |0705 |2/4  |10100100 |7437
00|00|00|FE |0705 |3/4  |10100100 |7438
00|00|00|FE |0705 |4/4  |10100100 |7439


---------------
Opcode: 4A
Instruction:LSR Addressing Mode:Accumulator - Operand (Value: "0x00", Address: "None")
Instruction cycle count set to 2
A |X |Y |SP |PC   |T/MT |NV-BDIZC |CYCLE
----------------------------------------
00|00|00|FE |0706 |1/2  |00100110 |7440
00|00|00|FE |0706 |2/2  |00100110 |7441


---------------
Opcode: C9
ll: 02
Instruction:CMP Addressing Mode:Immediate - Operand (Value: "0x02", Address: "None")
Instruction cycle count set to 2
A |X |Y |SP |PC   |T/MT |NV-BDIZC |CYCLE
----------------------------------------
00|00|00|FE |0708 |1/2  |10100100 |7442
00|00|00|FE |0708 |2/2  |10100100 |7443


---------------
Opcode: D0
ll: F8
Old PC: 070A Offset:-8 New PC: 0702
Instruction:BNE Addressing Mode:Relative - Operand (Value: "None", Address: "0x0702")
Instruction cycle count set to 2
A |X |Y |SP |PC   |T/MT |NV-BDIZC |CYCLE
----------------------------------------
00|00|00|FE |0702 |1/3  |10100100 |7444
00|00|00|FE |0702 |2/3  |10100100 |7445
00|00|00|FE |0702 |3/3  |10100100 |7446


---------------
Opcode: 8D
ll: 00 hh: A0
Instruction:STA Addressing Mode:Absolute - Operand (Value: "0x00", Address: "0xA000")
Writing value 0x00 to address: 0xA000
0xA000: 0x00
Instruction cycle count set to 4
A |X |Y |SP |PC   |T/MT |NV-BDIZC |CYCLE
----------------------------------------
00|00|00|FE |0705 |1/4  |10100100 |7447
00|00|00|FE |0705 |2/4  |10100100 |7448
00|00|00|FE |0705 |3/4  |10100100 |7449
00|00|00|FE |0705 |4/4  |10100100 |7450


---------------
Opcode: 4A
Instruction:LSR Addressing Mode:Accumulator - Operand (Value: "0x00", Address: "None")
Instruction cycle count set to 2
A |X |Y |SP |PC   |T/MT |NV-BDIZC |CYCLE
----------------------------------------
00|00|00|FE |0706 |1/2  |00100110 |7451
00|00|00|FE |0706 |2/2  |00100110 |7452


---------------
Opcode: C9
ll: 02
Instruction:CMP Addressing Mode:Immediate - Operand (Value: "0x02", Address: "None")
Instruction cycle count set to 2
A |X |Y |SP |PC   |T/MT |NV-BDIZC |CYCLE
----------------------------------------
00|00|00|FE |0708 |1/2  |10100100 |7453
00|00|00|FE |0708 |2/2  |10100100 |7454


---------------
Opcode: D0
ll: F8
Old PC: 070A Offset:-8 New PC: 0702
Instruction:BNE Addressing Mode:Relative - Operand (Value: "None", Address: "0x0702")
Instruction cycle count set to 2
A |X |Y |SP |PC   |T/MT |NV-BDIZC |CYCLE
----------------------------------------
00|00|00|FE |0702 |1/3  |10100100 |7455
00|00|00|FE |0702 |2/3  |10100100 |7456
00|00|00|FE |0702 |3/3  |10100100 |7457


---------------
Opcode: 8D
ll: 00 hh: A0
Instruction:STA Addressing Mode:Absolute - Operand (Value: "0x00", Address: "0xA000")
Writing value 0x00 to address: 0xA000
0xA000: 0x00
Instruction cycle count set to 4
A |X |Y |SP |PC   |T/MT |NV-BDIZC |CYCLE
----------------------------------------
00|00|00|FE |0705 |1/4  |10100100 |7458
00|00|00|FE |0705 |2/4  |10100100 |7459
00|00|00|FE |0705 |3/4  |10100100 |7460
00|00|00|FE |0705 |4/4  |10100100 |7461


---------------
Opcode: 4A
Instruction:LSR Addressing Mode:Accumulator - Operand (Value: "0x00", Address: "None")
Instruction cycle count set to 2
A |X |Y |SP |PC   |T/MT |NV-BDIZC |CYCLE
----------------------------------------
00|00|00|FE |0706 |1/2  |00100110 |7462
00|00|00|FE |0706 |2/2  |00100110 |7463


---------------
Opcode: C9
ll: 02
Instruction:CMP Addressing Mode:Immediate - Operand (Value: "0x02", Address: "None")
Instruction cycle count set to 2
A |X |Y |SP |PC   |T/MT |NV-BDIZC |CYCLE
----------------------------------------
00|00|00|FE |0708 |1/2  |10100100 |7464
00|00|00|FE |0708 |2/2  |10100100 |7465


---------------
Opcode: D0
ll: F8
Old PC: 070A Offset:-8 New PC: 0702
Instruction:BNE Addressing Mode:Relative - Operand (Value: "None", Address: "0x0702")
Instruction cycle count set to 2
A |X |Y |SP |PC   |T/MT |NV-BDIZC |CYCLE
----------------------------------------
00|00|00|FE |0702 |1/3  |10100100 |7466
00|00|00|FE |0702 |2/3  |10100100 |7467
00|00|00|FE |0702 |3/3  |10100100 |7468


---------------
Opcode: 8D
ll: 00 hh: A0
Instruction:STA Addressing Mode:Absolute - Operand (Value: "0x00", Address: "0xA000")
Writing value 0x00 to address: 0xA000
0xA000: 0x00
Instruction cycle count set to 4
A |X |Y |SP |PC   |T/MT |NV-BDIZC |CYCLE
----------------------------------------
00|00|00|FE |0705 |1/4  |10100100 |7469
00|00|00|FE |0705 |2/4  |10100100 |7470
00|00|00|FE |0705 |3/4  |10100100 |7471
00|00|00|FE |0705 |4/4  |10100100 |7472


---------------
Opcode: 4A
Instruction:LSR Addressing Mode:Accumulator - Operand (Value: "0x00", Address: "None")
Instruction cycle count set to 2
A |X |Y |SP |PC   |T/MT |NV-BDIZC |CYCLE
----------------------------------------
00|00|00|FE |0706 |1/2  |00100110 |7473
00|00|00|FE |0706 |2/2  |00100110 |7474


---------------
Opcode: C9
ll: 02
Instruction:CMP Addressing Mode:Immediate - Operand (Value: "0x02", Address: "None")
Instruction cycle count set to 2
A |X |Y |SP |PC   |T/MT |NV-BDIZC |CYCLE
----------------------------------------
00|00|00|FE |0708 |1/2  |10100100 |7475
00|00|00|FE |0708 |2/2  |10100100 |7476


---------------
Opcode: D0
ll: F8
Old PC: 070A Offset:-8 New PC: 0702
Instruction:BNE Addressing Mode:Relative - Operand (Value: "None", Address: "0x0702")
Instruction cycle count set to 2
A |X |Y |SP |PC   |T/MT |NV-BDIZC |CYCLE
----------------------------------------
00|00|00|FE |0702 |1/3  |10100100 |7477
00|00|00|FE |0702 |2/3  |10100100 |7478
00|00|00|FE |0702 |3/3  |10100100 |7479


---------------
Opcode: 8D
ll: 00 hh: A0
Instruction:STA Addressing Mode:Absolute - Operand (Value: "0x00", Address: "0xA000")
Writing value 0x00 to address: 0xA000
0xA000: 0x00
Instruction cycle count set to 4
A |X |Y |SP |PC   |T/MT |NV-BDIZC |CYCLE
----------------------------------------
00|00|00|FE |0705 |1/4  |10100100 |7480
00|00|00|FE |0705 |2/4  |10100100 |7481
00|00|00|FE |0705 |3/4  |10100100 |7482
00|00|00|FE |0705 |4/4  |10100100 |7483


---------------
Opcode: 4A
Instruction:LSR Addressing Mode:Accumulator - Operand (Value: "0x00", Address: "None")
Instruction cycle count set to 2
A |X |Y |SP |PC   |T/MT |NV-BDIZC |CYCLE
----------------------------------------
00|00|00|FE |0706 |1/2  |00100110 |7484
00|00|00|FE |0706 |2/2  |00100110 |7485


---------------
Opcode: C9
ll: 02
Instruction:CMP Addressing Mode:Immediate - Operand (Value: "0x02", Address: "None")
Instruction cycle count set to 2
A |X |Y |SP |PC   |T/MT |NV-BDIZC |CYCLE
----------------------------------------
00|00|00|FE |0708 |1/2  |10100100 |7486
00|00|00|FE |0708 |2/2  |10100100 |7487


---------------
Opcode: D0
ll: F8
Old PC: 070A Offset:-8 New PC: 0702
Instruction:BNE Addressing Mode:Relative - Operand (Value: "None", Address: "0x0702")
Instruction cycle count set to 2
A |X |Y |SP |PC   |T/MT |NV-BDIZC |CYCLE
----------------------------------------
00|00|00|FE |0702 |1/3  |10100100 |7488
00|00|00|FE |0702 |2/3  |10100100 |7489
00|00|00|FE |0702 |3/3  |10100100 |7490


---------------
Opcode: 8D
ll: 00 hh: A0
Instruction:STA Addressing Mode:Absolute - Operand (Value: "0x00", Address: "0xA000")
Writing value 0x00 to address: 0xA000
0xA000: 0x00
Instruction cycle count set to 4
A |X |Y |SP |PC   |T/MT |NV-BDIZC |CYCLE
----------------------------------------
00|00|00|FE |0705 |1/4  |10100100 |7491
00|00|00|FE |0705 |2/4  |10100100 |7492
00|00|00|FE |0705 |3/4  |10100100 |7493
00|00|00|FE |0705 |4/4  |10100100 |7494


---------------
Opcode: 4A
Instruction:LSR Addressing Mode:Accumulator - Operand (Value: "0x00", Address: "None")
Instruction cycle count set to 2
A |X |Y |SP |PC   |T/MT |NV-BDIZC |CYCLE
----------------------------------------
00|00|00|FE |0706 |1/2  |00100110 |7495
00|00|00|FE |0706 |2/2  |00100110 |7496


---------------
Opcode: C9
ll: 02
Instruction:CMP Addressing Mode:Immediate - Operand (Value: "0x02", Address: "None")
Instruction cycle count set to 2
A |X |Y |SP |PC   |T/MT |NV-BDIZC |CYCLE
----------------------------------------
00|00|00|FE |0708 |1/2  |10100100 |7497
00|00|00|FE |0708 |2/2  |10100100 |7498


---------------
Opcode: D0
ll: F8
Old PC: 070A Offset:-8 New PC: 0702
Instruction:BNE Addressing Mode:Relative - Operand (Value: "None", Address: "0x0702")
Instruction cycle count set to 2
A |X |Y |SP |PC   |T/MT |NV-BDIZC |CYCLE
----------------------------------------
00|00|00|FE |0702 |1/3  |10100100 |7499
00|00|00|FE |0702 |2/3  |10100100 |7500
00|00|00|FE |0702 |3/3  |10100100 |7501


---------------
Opcode: 8D
ll: 00 hh: A0
Instruction:STA Addressing Mode:Absolute - Operand (Value: "0x00", Address: "0xA000")
Writing value 0x00 to address: 0xA000
0xA000: 0x00
Instruction cycle count set to 4
A |X |Y |SP |PC   |T/MT |NV-BDIZC |CYCLE
----------------------------------------
00|00|00|FE |0705 |1/4  |10100100 |7502
00|00|00|FE |0705 |2/4  |10100100 |7503
00|00|00|FE |0705 |3/4  |10100100 |7504
00|00|00|FE |0705 |4/4  |10100100 |7505


---------------
Opcode: 4A
Instruction:LSR Addressing Mode:Accumulator - Operand (Value: "0x00", Address: "None")
Instruction cycle count set to 2
A |X |Y |SP |PC   |T/MT |NV-BDIZC |CYCLE
----------------------------------------
00|00|00|FE |0706 |1/2  |00100110 |7506
00|00|00|FE |0706 |2/2  |00100110 |7507


---------------
Opcode: C9
ll: 02
Instruction:CMP Addressing Mode:Immediate - Operand (Value: "0x02", Address: "None")
Instruction cycle count set to 2
A |X |Y |SP |PC   |T/MT |NV-BDIZC |CYCLE
----------------------------------------
00|00|00|FE |0708 |1/2  |10100100 |7508
00|00|00|FE |0708 |2/2  |10100100 |7509


---------------
Opcode: D0
ll: F8
Old PC: 070A Offset:-8 New PC: 0702
Instruction:BNE Addressing Mode:Relative - Operand (Value: "None", Address: "0x0702")
Instruction cycle count set to 2
A |X |Y |SP |PC   |T/MT |NV-BDIZC |CYCLE
----------------------------------------
00|00|00|FE |0702 |1/3  |10100100 |7510
00|00|00|FE |0702 |2/3  |10100100 |7511
00|00|00|FE |0702 |3/3  |10100100 |7512


---------------
Opcode: 8D
ll: 00 hh: A0
Instruction:STA Addressing Mode:Absolute - Operand (Value: "0x00", Address: "0xA000")
Writing value 0x00 to address: 0xA000
0xA000: 0x00
Instruction cycle count set to 4
A |X |Y |SP |PC   |T/MT |NV-BDIZC |CYCLE
----------------------------------------
00|00|00|FE |0705 |1/4  |10100100 |7513
00|00|00|FE |0705 |2/4  |10100100 |7514
00|00|00|FE |0705 |3/4  |10100100 |7515
00|00|00|FE |0705 |4/4  |10100100 |7516


---------------
Opcode: 4A
Instruction:LSR Addressing Mode:Accumulator - Operand (Value: "0x00", Address: "None")
Instruction cycle count set to 2
A |X |Y |SP |PC   |T/MT |NV-BDIZC |CYCLE
----------------------------------------
00|00|00|FE |0706 |1/2  |00100110 |7517
00|00|00|FE |0706 |2/2  |00100110 |7518


---------------
Opcode: C9
ll: 02
Instruction:CMP Addressing Mode:Immediate - Operand (Value: "0x02", Address: "None")
Instruction cycle count set to 2
A |X |Y |SP |PC   |T/MT |NV-BDIZC |CYCLE
----------------------------------------
00|00|00|FE |0708 |1/2  |10100100 |7519
00|00|00|FE |0708 |2/2  |10100100 |7520


---------------
Opcode: D0
ll: F8
Old PC: 070A Offset:-8 New PC: 0702
Instruction:BNE Addressing Mode:Relative - Operand (Value: "None", Address: "0x0702")
Instruction cycle count set to 2
A |X |Y |SP |PC   |T/MT |NV-BDIZC |CYCLE
----------------------------------------
00|00|00|FE |0702 |1/3  |10100100 |7521
00|00|00|FE |0702 |2/3  |10100100 |7522
00|00|00|FE |0702 |3/3  |10100100 |7523


---------------
Opcode: 8D
ll: 00 hh: A0
Instruction:STA Addressing Mode:Absolute - Operand (Value: "0x00", Address: "0xA000")
Writing value 0x00 to address: 0xA000
0xA000: 0x00
Instruction cycle count set to 4
A |X |Y |SP |PC   |T/MT |NV-BDIZC |CYCLE
----------------------------------------
00|00|00|FE |0705 |1/4  |10100100 |7524
00|00|00|FE |0705 |2/4  |10100100 |7525
00|00|00|FE |0705 |3/4  |10100100 |7526
00|00|00|FE |0705 |4/4  |10100100 |7527


---------------
Opcode: 4A
Instruction:LSR Addressing Mode:Accumulator - Operand (Value: "0x00", Address: "None")
Instruction cycle count set to 2
A |X |Y |SP |PC   |T/MT |NV-BDIZC |CYCLE
----------------------------------------
00|00|00|FE |0706 |1/2  |00100110 |7528
00|00|00|FE |0706 |2/2  |00100110 |7529


---------------
Opcode: C9
ll: 02
Instruction:CMP Addressing Mode:Immediate - Operand (Value: "0x02", Address: "None")
Instruction cycle count set to 2
A |X |Y |SP |PC   |T/MT |NV-BDIZC |CYCLE
----------------------------------------
00|00|00|FE |0708 |1/2  |10100100 |7530
00|00|00|FE |0708 |2/2  |10100100 |7531


---------------
Opcode: D0
ll: F8
Old PC: 070A Offset:-8 New PC: 0702
Instruction:BNE Addressing Mode:Relative - Operand (Value: "None", Address: "0x0702")
Instruction cycle count set to 2
A |X |Y |SP |PC   |T/MT |NV-BDIZC |CYCLE
----------------------------------------
00|00|00|FE |0702 |1/3  |10100100 |7532
00|00|00|FE |0702 |2/3  |10100100 |7533
00|00|00|FE |0702 |3/3  |10100100 |7534


---------------
Opcode: 8D
ll: 00 hh: A0
Instruction:STA Addressing Mode:Absolute - Operand (Value: "0x00", Address: "0xA000")
Writing value 0x00 to address: 0xA000
0xA000: 0x00
Instruction cycle count set to 4
A |X |Y |SP |PC   |T/MT |NV-BDIZC |CYCLE
----------------------------------------
00|00|00|FE |0705 |1/4  |10100100 |7535
00|00|00|FE |0705 |2/4  |10100100 |7536
00|00|00|FE |0705 |3/4  |10100100 |7537
00|00|00|FE |0705 |4/4  |10100100 |7538


---------------
Opcode: 4A
Instruction:LSR Addressing Mode:Accumulator - Operand (Value: "0x00", Address: "None")
Instruction cycle count set to 2
A |X |Y |SP |PC   |T/MT |NV-BDIZC |CYCLE
----------------------------------------
00|00|00|FE |0706 |1/2  |00100110 |7539
00|00|00|FE |0706 |2/2  |00100110 |7540


---------------
Opcode: C9
ll: 02
Instruction:CMP Addressing Mode:Immediate - Operand (Value: "0x02", Address: "None")
Instruction cycle count set to 2
A |X |Y |SP |PC   |T/MT |NV-BDIZC |CYCLE
----------------------------------------
00|00|00|FE |0708 |1/2  |10100100 |7541
00|00|00|FE |0708 |2/2  |10100100 |7542


---------------
Opcode: D0
ll: F8
Old PC: 070A Offset:-8 New PC: 0702
Instruction:BNE Addressing Mode:Relative - Operand (Value: "None", Address: "0x0702")
Instruction cycle count set to 2
A |X |Y |SP |PC   |T/MT |NV-BDIZC |CYCLE
----------------------------------------
00|00|00|FE |0702 |1/3  |10100100 |7543
00|00|00|FE |0702 |2/3  |10100100 |7544
00|00|00|FE |0702 |3/3  |10100100 |7545


---------------
Opcode: 8D
ll: 00 hh: A0
Instruction:STA Addressing Mode:Absolute - Operand (Value: "0x00", Address: "0xA000")
Writing value 0x00 to address: 0xA000
0xA000: 0x00
Instruction cycle count set to 4
A |X |Y |SP |PC   |T/MT |NV-BDIZC |CYCLE
----------------------------------------
00|00|00|FE |0705 |1/4  |10100100 |7546
00|00|00|FE |0705 |2/4  |10100100 |7547
00|00|00|FE |0705 |3/4  |10100100 |7548
00|00|00|FE |0705 |4/4  |10100100 |7549


---------------
Opcode: 4A
Instruction:LSR Addressing Mode:Accumulator - Operand (Value: "0x00", Address: "None")
Instruction cycle count set to 2
A |X |Y |SP |PC   |T/MT |NV-BDIZC |CYCLE
----------------------------------------
00|00|00|FE |0706 |1/2  |00100110 |7550
00|00|00|FE |0706 |2/2  |00100110 |7551


---------------
Opcode: C9
ll: 02
Instruction:CMP Addressing Mode:Immediate - Operand (Value: "0x02", Address: "None")
Instruction cycle count set to 2
A |X |Y |SP |PC   |T/MT |NV-BDIZC |CYCLE
----------------------------------------
00|00|00|FE |0708 |1/2  |10100100 |7552
00|00|00|FE |0708 |2/2  |10100100 |7553


---------------
Opcode: D0
ll: F8
Old PC: 070A Offset:-8 New PC: 0702
Instruction:BNE Addressing Mode:Relative - Operand (Value: "None", Address: "0x0702")
Instruction cycle count set to 2
A |X |Y |SP |PC   |T/MT |NV-BDIZC |CYCLE
----------------------------------------
00|00|00|FE |0702 |1/3  |10100100 |7554
00|00|00|FE |0702 |2/3  |10100100 |7555
00|00|00|FE |0702 |3/3  |10100100 |7556


---------------
Opcode: 8D
ll: 00 hh: A0
Instruction:STA Addressing Mode:Absolute - Operand (Value: "0x00", Address: "0xA000")
Writing value 0x00 to address: 0xA000
0xA000: 0x00
Instruction cycle count set to 4
A |X |Y |SP |PC   |T/MT |NV-BDIZC |CYCLE
----------------------------------------
00|00|00|FE |0705 |1/4  |10100100 |7557
00|00|00|FE |0705 |2/4  |10100100 |7558
00|00|00|FE |0705 |3/4  |10100100 |7559
00|00|00|FE |0705 |4/4  |10100100 |7560


---------------
Opcode: 4A
Instruction:LSR Addressing Mode:Accumulator - Operand (Value: "0x00", Address: "None")
Instruction cycle count set to 2
A |X |Y |SP |PC   |T/MT |NV-BDIZC |CYCLE
----------------------------------------
00|00|00|FE |0706 |1/2  |00100110 |7561
00|00|00|FE |0706 |2/2  |00100110 |7562


---------------
Opcode: C9
ll: 02
Instruction:CMP Addressing Mode:Immediate - Operand (Value: "0x02", Address: "None")
Instruction cycle count set to 2
A |X |Y |SP |PC   |T/MT |NV-BDIZC |CYCLE
----------------------------------------
00|00|00|FE |0708 |1/2  |10100100 |7563
00|00|00|FE |0708 |2/2  |10100100 |7564


---------------
Opcode: D0
ll: F8
Old PC: 070A Offset:-8 New PC: 0702
Instruction:BNE Addressing Mode:Relative - Operand (Value: "None", Address: "0x0702")
Instruction cycle count set to 2
A |X |Y |SP |PC   |T/MT |NV-BDIZC |CYCLE
----------------------------------------
00|00|00|FE |0702 |1/3  |10100100 |7565
00|00|00|FE |0702 |2/3  |10100100 |7566
00|00|00|FE |0702 |3/3  |10100100 |7567


---------------
Opcode: 8D
ll: 00 hh: A0
Instruction:STA Addressing Mode:Absolute - Operand (Value: "0x00", Address: "0xA000")
Writing value 0x00 to address: 0xA000
0xA000: 0x00
Instruction cycle count set to 4
A |X |Y |SP |PC   |T/MT |NV-BDIZC |CYCLE
----------------------------------------
00|00|00|FE |0705 |1/4  |10100100 |7568
00|00|00|FE |0705 |2/4  |10100100 |7569
00|00|00|FE |0705 |3/4  |10100100 |7570
00|00|00|FE |0705 |4/4  |10100100 |7571


---------------
Opcode: 4A
Instruction:LSR Addressing Mode:Accumulator - Operand (Value: "0x00", Address: "None")
Instruction cycle count set to 2
A |X |Y |SP |PC   |T/MT |NV-BDIZC |CYCLE
----------------------------------------
00|00|00|FE |0706 |1/2  |00100110 |7572
00|00|00|FE |0706 |2/2  |00100110 |7573


---------------
Opcode: C9
ll: 02
Instruction:CMP Addressing Mode:Immediate - Operand (Value: "0x02", Address: "None")
Instruction cycle count set to 2
A |X |Y |SP |PC   |T/MT |NV-BDIZC |CYCLE
----------------------------------------
00|00|00|FE |0708 |1/2  |10100100 |7574
00|00|00|FE |0708 |2/2  |10100100 |7575


---------------
Opcode: D0
ll: F8
Old PC: 070A Offset:-8 New PC: 0702
Instruction:BNE Addressing Mode:Relative - Operand (Value: "None", Address: "0x0702")
Instruction cycle count set to 2
A |X |Y |SP |PC   |T/MT |NV-BDIZC |CYCLE
----------------------------------------
00|00|00|FE |0702 |1/3  |10100100 |7576
00|00|00|FE |0702 |2/3  |10100100 |7577
00|00|00|FE |0702 |3/3  |10100100 |7578


---------------
Opcode: 8D
ll: 00 hh: A0
Instruction:STA Addressing Mode:Absolute - Operand (Value: "0x00", Address: "0xA000")
Writing value 0x00 to address: 0xA000
0xA000: 0x00
Instruction cycle count set to 4
A |X |Y |SP |PC   |T/MT |NV-BDIZC |CYCLE
----------------------------------------
00|00|00|FE |0705 |1/4  |10100100 |7579
00|00|00|FE |0705 |2/4  |10100100 |7580
00|00|00|FE |0705 |3/4  |10100100 |7581
00|00|00|FE |0705 |4/4  |10100100 |7582


---------------
Opcode: 4A
Instruction:LSR Addressing Mode:Accumulator - Operand (Value: "0x00", Address: "None")
Instruction cycle count set to 2
A |X |Y |SP |PC   |T/MT |NV-BDIZC |CYCLE
----------------------------------------
00|00|00|FE |0706 |1/2  |00100110 |7583
00|00|00|FE |0706 |2/2  |00100110 |7584


---------------
Opcode: C9
ll: 02
Instruction:CMP Addressing Mode:Immediate - Operand (Value: "0x02", Address: "None")
Instruction cycle count set to 2
A |X |Y |SP |PC   |T/MT |NV-BDIZC |CYCLE
----------------------------------------
00|00|00|FE |0708 |1/2  |10100100 |7585
00|00|00|FE |0708 |2/2  |10100100 |7586


---------------
Opcode: D0
ll: F8
Old PC: 070A Offset:-8 New PC: 0702
Instruction:BNE Addressing Mode:Relative - Operand (Value: "None", Address: "0x0702")
Instruction cycle count set to 2
A |X |Y |SP |PC   |T/MT |NV-BDIZC |CYCLE
----------------------------------------
00|00|00|FE |0702 |1/3  |10100100 |7587
00|00|00|FE |0702 |2/3  |10100100 |7588
00|00|00|FE |0702 |3/3  |10100100 |7589


---------------
Opcode: 8D
ll: 00 hh: A0
Instruction:STA Addressing Mode:Absolute - Operand (Value: "0x00", Address: "0xA000")
Writing value 0x00 to address: 0xA000
0xA000: 0x00
Instruction cycle count set to 4
A |X |Y |SP |PC   |T/MT |NV-BDIZC |CYCLE
----------------------------------------
00|00|00|FE |0705 |1/4  |10100100 |7590
00|00|00|FE |0705 |2/4  |10100100 |7591
00|00|00|FE |0705 |3/4  |10100100 |7592
00|00|00|FE |0705 |4/4  |10100100 |7593


---------------
Opcode: 4A
Instruction:LSR Addressing Mode:Accumulator - Operand (Value: "0x00", Address: "None")
Instruction cycle count set to 2
A |X |Y |SP |PC   |T/MT |NV-BDIZC |CYCLE
----------------------------------------
00|00|00|FE |0706 |1/2  |00100110 |7594
00|00|00|FE |0706 |2/2  |00100110 |7595


---------------
Opcode: C9
ll: 02
Instruction:CMP Addressing Mode:Immediate - Operand (Value: "0x02", Address: "None")
Instruction cycle count set to 2
A |X |Y |SP |PC   |T/MT |NV-BDIZC |CYCLE
----------------------------------------
00|00|00|FE |0708 |1/2  |10100100 |7596
00|00|00|FE |0708 |2/2  |10100100 |7597


---------------
Opcode: D0
ll: F8
Old PC: 070A Offset:-8 New PC: 0702
Instruction:BNE Addressing Mode:Relative - Operand (Value: "None", Address: "0x0702")
Instruction cycle count set to 2
A |X |Y |SP |PC   |T/MT |NV-BDIZC |CYCLE
----------------------------------------
00|00|00|FE |0702 |1/3  |10100100 |7598
00|00|00|FE |0702 |2/3  |10100100 |7599
00|00|00|FE |0702 |3/3  |10100100 |7600


---------------
Opcode: 8D
ll: 00 hh: A0
Instruction:STA Addressing Mode:Absolute - Operand (Value: "0x00", Address: "0xA000")
Writing value 0x00 to address: 0xA000
0xA000: 0x00
Instruction cycle count set to 4
A |X |Y |SP |PC   |T/MT |NV-BDIZC |CYCLE
----------------------------------------
00|00|00|FE |0705 |1/4  |10100100 |7601
00|00|00|FE |0705 |2/4  |10100100 |7602
00|00|00|FE |0705 |3/4  |10100100 |7603
00|00|00|FE |0705 |4/4  |10100100 |7604


---------------
Opcode: 4A
Instruction:LSR Addressing Mode:Accumulator - Operand (Value: "0x00", Address: "None")
Instruction cycle count set to 2
A |X |Y |SP |PC   |T/MT |NV-BDIZC |CYCLE
----------------------------------------
00|00|00|FE |0706 |1/2  |00100110 |7605
00|00|00|FE |0706 |2/2  |00100110 |7606


---------------
Opcode: C9
ll: 02
Instruction:CMP Addressing Mode:Immediate - Operand (Value: "0x02", Address: "None")
Instruction cycle count set to 2
A |X |Y |SP |PC   |T/MT |NV-BDIZC |CYCLE
----------------------------------------
00|00|00|FE |0708 |1/2  |10100100 |7607
00|00|00|FE |0708 |2/2  |10100100 |7608


---------------
Opcode: D0
ll: F8
Old PC: 070A Offset:-8 New PC: 0702
Instruction:BNE Addressing Mode:Relative - Operand (Value: "None", Address: "0x0702")
Instruction cycle count set to 2
A |X |Y |SP |PC   |T/MT |NV-BDIZC |CYCLE
----------------------------------------
00|00|00|FE |0702 |1/3  |10100100 |7609
00|00|00|FE |0702 |2/3  |10100100 |7610
00|00|00|FE |0702 |3/3  |10100100 |7611


---------------
Opcode: 8D
ll: 00 hh: A0
Instruction:STA Addressing Mode:Absolute - Operand (Value: "0x00", Address: "0xA000")
Writing value 0x00 to address: 0xA000
0xA000: 0x00
Instruction cycle count set to 4
A |X |Y |SP |PC   |T/MT |NV-BDIZC |CYCLE
----------------------------------------
00|00|00|FE |0705 |1/4  |10100100 |7612
00|00|00|FE |0705 |2/4  |10100100 |7613
00|00|00|FE |0705 |3/4  |10100100 |7614
00|00|00|FE |0705 |4/4  |10100100 |7615


---------------
Opcode: 4A
Instruction:LSR Addressing Mode:Accumulator - Operand (Value: "0x00", Address: "None")
Instruction cycle count set to 2
A |X |Y |SP |PC   |T/MT |NV-BDIZC |CYCLE
----------------------------------------
00|00|00|FE |0706 |1/2  |00100110 |7616
00|00|00|FE |0706 |2/2  |00100110 |7617


---------------
Opcode: C9
ll: 02
Instruction:CMP Addressing Mode:Immediate - Operand (Value: "0x02", Address: "None")
Instruction cycle count set to 2
A |X |Y |SP |PC   |T/MT |NV-BDIZC |CYCLE
----------------------------------------
00|00|00|FE |0708 |1/2  |10100100 |7618
00|00|00|FE |0708 |2/2  |10100100 |7619


---------------
Opcode: D0
ll: F8
Old PC: 070A Offset:-8 New PC: 0702
Instruction:BNE Addressing Mode:Relative - Operand (Value: "None", Address: "0x0702")
Instruction cycle count set to 2
A |X |Y |SP |PC   |T/MT |NV-BDIZC |CYCLE
----------------------------------------
00|00|00|FE |0702 |1/3  |10100100 |7620
00|00|00|FE |0702 |2/3  |10100100 |7621
00|00|00|FE |0702 |3/3  |10100100 |7622


---------------
Opcode: 8D
ll: 00 hh: A0
Instruction:STA Addressing Mode:Absolute - Operand (Value: "0x00", Address: "0xA000")
Writing value 0x00 to address: 0xA000
0xA000: 0x00
Instruction cycle count set to 4
A |X |Y |SP |PC   |T/MT |NV-BDIZC |CYCLE
----------------------------------------
00|00|00|FE |0705 |1/4  |10100100 |7623
00|00|00|FE |0705 |2/4  |10100100 |7624
00|00|00|FE |0705 |3/4  |10100100 |7625
00|00|00|FE |0705 |4/4  |10100100 |7626


---------------
Opcode: 4A
Instruction:LSR Addressing Mode:Accumulator - Operand (Value: "0x00", Address: "None")
Instruction cycle count set to 2
A |X |Y |SP |PC   |T/MT |NV-BDIZC |CYCLE
----------------------------------------
00|00|00|FE |0706 |1/2  |00100110 |7627
00|00|00|FE |0706 |2/2  |00100110 |7628


---------------
Opcode: C9
ll: 02
Instruction:CMP Addressing Mode:Immediate - Operand (Value: "0x02", Address: "None")
Instruction cycle count set to 2
A |X |Y |SP |PC   |T/MT |NV-BDIZC |CYCLE
----------------------------------------
00|00|00|FE |0708 |1/2  |10100100 |7629
00|00|00|FE |0708 |2/2  |10100100 |7630


---------------
Opcode: D0
ll: F8
Old PC: 070A Offset:-8 New PC: 0702
Instruction:BNE Addressing Mode:Relative - Operand (Value: "None", Address: "0x0702")
Instruction cycle count set to 2
A |X |Y |SP |PC   |T/MT |NV-BDIZC |CYCLE
----------------------------------------
00|00|00|FE |0702 |1/3  |10100100 |7631
00|00|00|FE |0702 |2/3  |10100100 |7632
00|00|00|FE |0702 |3/3  |10100100 |7633


---------------
Opcode: 8D
ll: 00 hh: A0
Instruction:STA Addressing Mode:Absolute - Operand (Value: "0x00", Address: "0xA000")
Writing value 0x00 to address: 0xA000
0xA000: 0x00
Instruction cycle count set to 4
A |X |Y |SP |PC   |T/MT |NV-BDIZC |CYCLE
----------------------------------------
00|00|00|FE |0705 |1/4  |10100100 |7634
00|00|00|FE |0705 |2/4  |10100100 |7635
00|00|00|FE |0705 |3/4  |10100100 |7636
00|00|00|FE |0705 |4/4  |10100100 |7637


---------------
Opcode: 4A
Instruction:LSR Addressing Mode:Accumulator - Operand (Value: "0x00", Address: "None")
Instruction cycle count set to 2
A |X |Y |SP |PC   |T/MT |NV-BDIZC |CYCLE
----------------------------------------
00|00|00|FE |0706 |1/2  |00100110 |7638
00|00|00|FE |0706 |2/2  |00100110 |7639


---------------
Opcode: C9
ll: 02
Instruction:CMP Addressing Mode:Immediate - Operand (Value: "0x02", Address: "None")
Instruction cycle count set to 2
A |X |Y |SP |PC   |T/MT |NV-BDIZC |CYCLE
----------------------------------------
00|00|00|FE |0708 |1/2  |10100100 |7640
00|00|00|FE |0708 |2/2  |10100100 |7641


---------------
Opcode: D0
ll: F8
Old PC: 070A Offset:-8 New PC: 0702
Instruction:BNE Addressing Mode:Relative - Operand (Value: "None", Address: "0x0702")
Instruction cycle count set to 2
A |X |Y |SP |PC   |T/MT |NV-BDIZC |CYCLE
----------------------------------------
00|00|00|FE |0702 |1/3  |10100100 |7642
00|00|00|FE |0702 |2/3  |10100100 |7643
00|00|00|FE |0702 |3/3  |10100100 |7644


---------------
Opcode: 8D
ll: 00 hh: A0
Instruction:STA Addressing Mode:Absolute - Operand (Value: "0x00", Address: "0xA000")
Writing value 0x00 to address: 0xA000
0xA000: 0x00
Instruction cycle count set to 4
A |X |Y |SP |PC   |T/MT |NV-BDIZC |CYCLE
----------------------------------------
00|00|00|FE |0705 |1/4  |10100100 |7645
00|00|00|FE |0705 |2/4  |10100100 |7646
00|00|00|FE |0705 |3/4  |10100100 |7647
00|00|00|FE |0705 |4/4  |10100100 |7648


---------------
Opcode: 4A
Instruction:LSR Addressing Mode:Accumulator - Operand (Value: "0x00", Address: "None")
Instruction cycle count set to 2
A |X |Y |SP |PC   |T/MT |NV-BDIZC |CYCLE
----------------------------------------
00|00|00|FE |0706 |1/2  |00100110 |7649
00|00|00|FE |0706 |2/2  |00100110 |7650


---------------
Opcode: C9
ll: 02
Instruction:CMP Addressing Mode:Immediate - Operand (Value: "0x02", Address: "None")
Instruction cycle count set to 2
A |X |Y |SP |PC   |T/MT |NV-BDIZC |CYCLE
----------------------------------------
00|00|00|FE |0708 |1/2  |10100100 |7651
00|00|00|FE |0708 |2/2  |10100100 |7652


---------------
Opcode: D0
ll: F8
Old PC: 070A Offset:-8 New PC: 0702
Instruction:BNE Addressing Mode:Relative - Operand (Value: "None", Address: "0x0702")
Instruction cycle count set to 2
A |X |Y |SP |PC   |T/MT |NV-BDIZC |CYCLE
----------------------------------------
00|00|00|FE |0702 |1/3  |10100100 |7653
00|00|00|FE |0702 |2/3  |10100100 |7654
00|00|00|FE |0702 |3/3  |10100100 |7655


---------------
Opcode: 8D
ll: 00 hh: A0
Instruction:STA Addressing Mode:Absolute - Operand (Value: "0x00", Address: "0xA000")
Writing value 0x00 to address: 0xA000
0xA000: 0x00
Instruction cycle count set to 4
A |X |Y |SP |PC   |T/MT |NV-BDIZC |CYCLE
----------------------------------------
00|00|00|FE |0705 |1/4  |10100100 |7656
00|00|00|FE |0705 |2/4  |10100100 |7657
00|00|00|FE |0705 |3/4  |10100100 |7658
00|00|00|FE |0705 |4/4  |10100100 |7659


---------------
Opcode: 4A
Instruction:LSR Addressing Mode:Accumulator - Operand (Value: "0x00", Address: "None")
Instruction cycle count set to 2
A |X |Y |SP |PC   |T/MT |NV-BDIZC |CYCLE
----------------------------------------
00|00|00|FE |0706 |1/2  |00100110 |7660
00|00|00|FE |0706 |2/2  |00100110 |7661


---------------
Opcode: C9
ll: 02
Instruction:CMP Addressing Mode:Immediate - Operand (Value: "0x02", Address: "None")
Instruction cycle count set to 2
A |X |Y |SP |PC   |T/MT |NV-BDIZC |CYCLE
----------------------------------------
00|00|00|FE |0708 |1/2  |10100100 |7662
00|00|00|FE |0708 |2/2  |10100100 |7663


---------------
Opcode: D0
ll: F8
Old PC: 070A Offset:-8 New PC: 0702
Instruction:BNE Addressing Mode:Relative - Operand (Value: "None", Address: "0x0702")
Instruction cycle count set to 2
A |X |Y |SP |PC   |T/MT |NV-BDIZC |CYCLE
----------------------------------------
00|00|00|FE |0702 |1/3  |10100100 |7664
00|00|00|FE |0702 |2/3  |10100100 |7665
00|00|00|FE |0702 |3/3  |10100100 |7666


---------------
Opcode: 8D
ll: 00 hh: A0
Instruction:STA Addressing Mode:Absolute - Operand (Value: "0x00", Address: "0xA000")
Writing value 0x00 to address: 0xA000
0xA000: 0x00
Instruction cycle count set to 4
A |X |Y |SP |PC   |T/MT |NV-BDIZC |CYCLE
----------------------------------------
00|00|00|FE |0705 |1/4  |10100100 |7667
00|00|00|FE |0705 |2/4  |10100100 |7668
00|00|00|FE |0705 |3/4  |10100100 |7669
00|00|00|FE |0705 |4/4  |10100100 |7670


---------------
Opcode: 4A
Instruction:LSR Addressing Mode:Accumulator - Operand (Value: "0x00", Address: "None")
Instruction cycle count set to 2
A |X |Y |SP |PC   |T/MT |NV-BDIZC |CYCLE
----------------------------------------
00|00|00|FE |0706 |1/2  |00100110 |7671
00|00|00|FE |0706 |2/2  |00100110 |7672


---------------
Opcode: C9
ll: 02
Instruction:CMP Addressing Mode:Immediate - Operand (Value: "0x02", Address: "None")
Instruction cycle count set to 2
A |X |Y |SP |PC   |T/MT |NV-BDIZC |CYCLE
----------------------------------------
00|00|00|FE |0708 |1/2  |10100100 |7673
00|00|00|FE |0708 |2/2  |10100100 |7674


---------------
Opcode: D0
ll: F8
Old PC: 070A Offset:-8 New PC: 0702
Instruction:BNE Addressing Mode:Relative - Operand (Value: "None", Address: "0x0702")
Instruction cycle count set to 2
A |X |Y |SP |PC   |T/MT |NV-BDIZC |CYCLE
----------------------------------------
00|00|00|FE |0702 |1/3  |10100100 |7675
00|00|00|FE |0702 |2/3  |10100100 |7676
00|00|00|FE |0702 |3/3  |10100100 |7677


---------------
Opcode: 8D
ll: 00 hh: A0
Instruction:STA Addressing Mode:Absolute - Operand (Value: "0x00", Address: "0xA000")
Writing value 0x00 to address: 0xA000
0xA000: 0x00
Instruction cycle count set to 4
A |X |Y |SP |PC   |T/MT |NV-BDIZC |CYCLE
----------------------------------------
00|00|00|FE |0705 |1/4  |10100100 |7678
00|00|00|FE |0705 |2/4  |10100100 |7679
00|00|00|FE |0705 |3/4  |10100100 |7680
00|00|00|FE |0705 |4/4  |10100100 |7681


---------------
Opcode: 4A
Instruction:LSR Addressing Mode:Accumulator - Operand (Value: "0x00", Address: "None")
Instruction cycle count set to 2
A |X |Y |SP |PC   |T/MT |NV-BDIZC |CYCLE
----------------------------------------
00|00|00|FE |0706 |1/2  |00100110 |7682
00|00|00|FE |0706 |2/2  |00100110 |7683


---------------
Opcode: C9
ll: 02
Instruction:CMP Addressing Mode:Immediate - Operand (Value: "0x02", Address: "None")
Instruction cycle count set to 2
A |X |Y |SP |PC   |T/MT |NV-BDIZC |CYCLE
----------------------------------------
00|00|00|FE |0708 |1/2  |10100100 |7684
00|00|00|FE |0708 |2/2  |10100100 |7685


---------------
Opcode: D0
ll: F8
Old PC: 070A Offset:-8 New PC: 0702
Instruction:BNE Addressing Mode:Relative - Operand (Value: "None", Address: "0x0702")
Instruction cycle count set to 2
A |X |Y |SP |PC   |T/MT |NV-BDIZC |CYCLE
----------------------------------------
00|00|00|FE |0702 |1/3  |10100100 |7686
00|00|00|FE |0702 |2/3  |10100100 |7687
00|00|00|FE |0702 |3/3  |10100100 |7688


---------------
Opcode: 8D
ll: 00 hh: A0
Instruction:STA Addressing Mode:Absolute - Operand (Value: "0x00", Address: "0xA000")
Writing value 0x00 to address: 0xA000
0xA000: 0x00
Instruction cycle count set to 4
A |X |Y |SP |PC   |T/MT |NV-BDIZC |CYCLE
----------------------------------------
00|00|00|FE |0705 |1/4  |10100100 |7689
00|00|00|FE |0705 |2/4  |10100100 |7690
00|00|00|FE |0705 |3/4  |10100100 |7691
00|00|00|FE |0705 |4/4  |10100100 |7692


---------------
Opcode: 4A
Instruction:LSR Addressing Mode:Accumulator - Operand (Value: "0x00", Address: "None")
Instruction cycle count set to 2
A |X |Y |SP |PC   |T/MT |NV-BDIZC |CYCLE
----------------------------------------
00|00|00|FE |0706 |1/2  |00100110 |7693
00|00|00|FE |0706 |2/2  |00100110 |7694


---------------
Opcode: C9
ll: 02
Instruction:CMP Addressing Mode:Immediate - Operand (Value: "0x02", Address: "None")
Instruction cycle count set to 2
A |X |Y |SP |PC   |T/MT |NV-BDIZC |CYCLE
----------------------------------------
00|00|00|FE |0708 |1/2  |10100100 |7695
00|00|00|FE |0708 |2/2  |10100100 |7696


---------------
Opcode: D0
ll: F8
Old PC: 070A Offset:-8 New PC: 0702
Instruction:BNE Addressing Mode:Relative - Operand (Value: "None", Address: "0x0702")
Instruction cycle count set to 2
A |X |Y |SP |PC   |T/MT |NV-BDIZC |CYCLE
----------------------------------------
00|00|00|FE |0702 |1/3  |10100100 |7697
00|00|00|FE |0702 |2/3  |10100100 |7698
00|00|00|FE |0702 |3/3  |10100100 |7699


---------------
Opcode: 8D
ll: 00 hh: A0
Instruction:STA Addressing Mode:Absolute - Operand (Value: "0x00", Address: "0xA000")
Writing value 0x00 to address: 0xA000
0xA000: 0x00
Instruction cycle count set to 4
A |X |Y |SP |PC   |T/MT |NV-BDIZC |CYCLE
----------------------------------------
00|00|00|FE |0705 |1/4  |10100100 |7700
00|00|00|FE |0705 |2/4  |10100100 |7701
00|00|00|FE |0705 |3/4  |10100100 |7702
00|00|00|FE |0705 |4/4  |10100100 |7703


---------------
Opcode: 4A
Instruction:LSR Addressing Mode:Accumulator - Operand (Value: "0x00", Address: "None")
Instruction cycle count set to 2
A |X |Y |SP |PC   |T/MT |NV-BDIZC |CYCLE
----------------------------------------
00|00|00|FE |0706 |1/2  |00100110 |7704
00|00|00|FE |0706 |2/2  |00100110 |7705


---------------
Opcode: C9
ll: 02
Instruction:CMP Addressing Mode:Immediate - Operand (Value: "0x02", Address: "None")
Instruction cycle count set to 2
A |X |Y |SP |PC   |T/MT |NV-BDIZC |CYCLE
----------------------------------------
00|00|00|FE |0708 |1/2  |10100100 |7706
00|00|00|FE |0708 |2/2  |10100100 |7707


---------------
Opcode: D0
ll: F8
Old PC: 070A Offset:-8 New PC: 0702
Instruction:BNE Addressing Mode:Relative - Operand (Value: "None", Address: "0x0702")
Instruction cycle count set to 2
A |X |Y |SP |PC   |T/MT |NV-BDIZC |CYCLE
----------------------------------------
00|00|00|FE |0702 |1/3  |10100100 |7708
00|00|00|FE |0702 |2/3  |10100100 |7709
00|00|00|FE |0702 |3/3  |10100100 |7710


---------------
Opcode: 8D
ll: 00 hh: A0
Instruction:STA Addressing Mode:Absolute - Operand (Value: "0x00", Address: "0xA000")
Writing value 0x00 to address: 0xA000
0xA000: 0x00
Instruction cycle count set to 4
A |X |Y |SP |PC   |T/MT |NV-BDIZC |CYCLE
----------------------------------------
00|00|00|FE |0705 |1/4  |10100100 |7711
00|00|00|FE |0705 |2/4  |10100100 |7712
00|00|00|FE |0705 |3/4  |10100100 |7713
00|00|00|FE |0705 |4/4  |10100100 |7714


---------------
Opcode: 4A
Instruction:LSR Addressing Mode:Accumulator - Operand (Value: "0x00", Address: "None")
Instruction cycle count set to 2
A |X |Y |SP |PC   |T/MT |NV-BDIZC |CYCLE
----------------------------------------
00|00|00|FE |0706 |1/2  |00100110 |7715
00|00|00|FE |0706 |2/2  |00100110 |7716


---------------
Opcode: C9
ll: 02
Instruction:CMP Addressing Mode:Immediate - Operand (Value: "0x02", Address: "None")
Instruction cycle count set to 2
A |X |Y |SP |PC   |T/MT |NV-BDIZC |CYCLE
----------------------------------------
00|00|00|FE |0708 |1/2  |10100100 |7717
00|00|00|FE |0708 |2/2  |10100100 |7718


---------------
Opcode: D0
ll: F8
Old PC: 070A Offset:-8 New PC: 0702
Instruction:BNE Addressing Mode:Relative - Operand (Value: "None", Address: "0x0702")
Instruction cycle count set to 2
A |X |Y |SP |PC   |T/MT |NV-BDIZC |CYCLE
----------------------------------------
00|00|00|FE |0702 |1/3  |10100100 |7719
00|00|00|FE |0702 |2/3  |10100100 |7720
00|00|00|FE |0702 |3/3  |10100100 |7721


---------------
Opcode: 8D
ll: 00 hh: A0
Instruction:STA Addressing Mode:Absolute - Operand (Value: "0x00", Address: "0xA000")
Writing value 0x00 to address: 0xA000
0xA000: 0x00
Instruction cycle count set to 4
A |X |Y |SP |PC   |T/MT |NV-BDIZC |CYCLE
----------------------------------------
00|00|00|FE |0705 |1/4  |10100100 |7722
00|00|00|FE |0705 |2/4  |10100100 |7723
00|00|00|FE |0705 |3/4  |10100100 |7724
00|00|00|FE |0705 |4/4  |10100100 |7725


---------------
Opcode: 4A
Instruction:LSR Addressing Mode:Accumulator - Operand (Value: "0x00", Address: "None")
Instruction cycle count set to 2
A |X |Y |SP |PC   |T/MT |NV-BDIZC |CYCLE
----------------------------------------
00|00|00|FE |0706 |1/2  |00100110 |7726
00|00|00|FE |0706 |2/2  |00100110 |7727


---------------
Opcode: C9
ll: 02
Instruction:CMP Addressing Mode:Immediate - Operand (Value: "0x02", Address: "None")
Instruction cycle count set to 2
A |X |Y |SP |PC   |T/MT |NV-BDIZC |CYCLE
----------------------------------------
00|00|00|FE |0708 |1/2  |10100100 |7728
00|00|00|FE |0708 |2/2  |10100100 |7729


---------------
Opcode: D0
ll: F8
Old PC: 070A Offset:-8 New PC: 0702
Instruction:BNE Addressing Mode:Relative - Operand (Value: "None", Address: "0x0702")
Instruction cycle count set to 2
A |X |Y |SP |PC   |T/MT |NV-BDIZC |CYCLE
----------------------------------------
00|00|00|FE |0702 |1/3  |10100100 |7730
00|00|00|FE |0702 |2/3  |10100100 |7731
00|00|00|FE |0702 |3/3  |10100100 |7732


---------------
Opcode: 8D
ll: 00 hh: A0
Instruction:STA Addressing Mode:Absolute - Operand (Value: "0x00", Address: "0xA000")
Writing value 0x00 to address: 0xA000
0xA000: 0x00
Instruction cycle count set to 4
A |X |Y |SP |PC   |T/MT |NV-BDIZC |CYCLE
----------------------------------------
00|00|00|FE |0705 |1/4  |10100100 |7733
00|00|00|FE |0705 |2/4  |10100100 |7734
00|00|00|FE |0705 |3/4  |10100100 |7735
00|00|00|FE |0705 |4/4  |10100100 |7736


---------------
Opcode: 4A
Instruction:LSR Addressing Mode:Accumulator - Operand (Value: "0x00", Address: "None")
Instruction cycle count set to 2
A |X |Y |SP |PC   |T/MT |NV-BDIZC |CYCLE
----------------------------------------
00|00|00|FE |0706 |1/2  |00100110 |7737
00|00|00|FE |0706 |2/2  |00100110 |7738


---------------
Opcode: C9
ll: 02
Instruction:CMP Addressing Mode:Immediate - Operand (Value: "0x02", Address: "None")
Instruction cycle count set to 2
A |X |Y |SP |PC   |T/MT |NV-BDIZC |CYCLE
----------------------------------------
00|00|00|FE |0708 |1/2  |10100100 |7739
00|00|00|FE |0708 |2/2  |10100100 |7740


---------------
Opcode: D0
ll: F8
Old PC: 070A Offset:-8 New PC: 0702
Instruction:BNE Addressing Mode:Relative - Operand (Value: "None", Address: "0x0702")
Instruction cycle count set to 2
A |X |Y |SP |PC   |T/MT |NV-BDIZC |CYCLE
----------------------------------------
00|00|00|FE |0702 |1/3  |10100100 |7741
00|00|00|FE |0702 |2/3  |10100100 |7742
00|00|00|FE |0702 |3/3  |10100100 |7743


---------------
Opcode: 8D
ll: 00 hh: A0
Instruction:STA Addressing Mode:Absolute - Operand (Value: "0x00", Address: "0xA000")
Writing value 0x00 to address: 0xA000
0xA000: 0x00
Instruction cycle count set to 4
A |X |Y |SP |PC   |T/MT |NV-BDIZC |CYCLE
----------------------------------------
00|00|00|FE |0705 |1/4  |10100100 |7744
00|00|00|FE |0705 |2/4  |10100100 |7745
00|00|00|FE |0705 |3/4  |10100100 |7746
00|00|00|FE |0705 |4/4  |10100100 |7747


---------------
Opcode: 4A
Instruction:LSR Addressing Mode:Accumulator - Operand (Value: "0x00", Address: "None")
Instruction cycle count set to 2
A |X |Y |SP |PC   |T/MT |NV-BDIZC |CYCLE
----------------------------------------
00|00|00|FE |0706 |1/2  |00100110 |7748
00|00|00|FE |0706 |2/2  |00100110 |7749


---------------
Opcode: C9
ll: 02
Instruction:CMP Addressing Mode:Immediate - Operand (Value: "0x02", Address: "None")
Instruction cycle count set to 2
A |X |Y |SP |PC   |T/MT |NV-BDIZC |CYCLE
----------------------------------------
00|00|00|FE |0708 |1/2  |10100100 |7750
00|00|00|FE |0708 |2/2  |10100100 |7751


---------------
Opcode: D0
ll: F8
Old PC: 070A Offset:-8 New PC: 0702
Instruction:BNE Addressing Mode:Relative - Operand (Value: "None", Address: "0x0702")
Instruction cycle count set to 2
A |X |Y |SP |PC   |T/MT |NV-BDIZC |CYCLE
----------------------------------------
00|00|00|FE |0702 |1/3  |10100100 |7752
00|00|00|FE |0702 |2/3  |10100100 |7753
00|00|00|FE |0702 |3/3  |10100100 |7754


---------------
Opcode: 8D
ll: 00 hh: A0
Instruction:STA Addressing Mode:Absolute - Operand (Value: "0x00", Address: "0xA000")
Writing value 0x00 to address: 0xA000
0xA000: 0x00
Instruction cycle count set to 4
A |X |Y |SP |PC   |T/MT |NV-BDIZC |CYCLE
----------------------------------------
00|00|00|FE |0705 |1/4  |10100100 |7755
00|00|00|FE |0705 |2/4  |10100100 |7756
00|00|00|FE |0705 |3/4  |10100100 |7757
00|00|00|FE |0705 |4/4  |10100100 |7758


---------------
Opcode: 4A
Instruction:LSR Addressing Mode:Accumulator - Operand (Value: "0x00", Address: "None")
Instruction cycle count set to 2
A |X |Y |SP |PC   |T/MT |NV-BDIZC |CYCLE
----------------------------------------
00|00|00|FE |0706 |1/2  |00100110 |7759
00|00|00|FE |0706 |2/2  |00100110 |7760


---------------
Opcode: C9
ll: 02
Instruction:CMP Addressing Mode:Immediate - Operand (Value: "0x02", Address: "None")
Instruction cycle count set to 2
A |X |Y |SP |PC   |T/MT |NV-BDIZC |CYCLE
----------------------------------------
00|00|00|FE |0708 |1/2  |10100100 |7761
00|00|00|FE |0708 |2/2  |10100100 |7762


---------------
Opcode: D0
ll: F8
Old PC: 070A Offset:-8 New PC: 0702
Instruction:BNE Addressing Mode:Relative - Operand (Value: "None", Address: "0x0702")
Instruction cycle count set to 2
A |X |Y |SP |PC   |T/MT |NV-BDIZC |CYCLE
----------------------------------------
00|00|00|FE |0702 |1/3  |10100100 |7763
00|00|00|FE |0702 |2/3  |10100100 |7764
00|00|00|FE |0702 |3/3  |10100100 |7765


---------------
Opcode: 8D
ll: 00 hh: A0
Instruction:STA Addressing Mode:Absolute - Operand (Value: "0x00", Address: "0xA000")
Writing value 0x00 to address: 0xA000
0xA000: 0x00
Instruction cycle count set to 4
A |X |Y |SP |PC   |T/MT |NV-BDIZC |CYCLE
----------------------------------------
00|00|00|FE |0705 |1/4  |10100100 |7766
00|00|00|FE |0705 |2/4  |10100100 |7767
00|00|00|FE |0705 |3/4  |10100100 |7768
00|00|00|FE |0705 |4/4  |10100100 |7769


---------------
Opcode: 4A
Instruction:LSR Addressing Mode:Accumulator - Operand (Value: "0x00", Address: "None")
Instruction cycle count set to 2
A |X |Y |SP |PC   |T/MT |NV-BDIZC |CYCLE
----------------------------------------
00|00|00|FE |0706 |1/2  |00100110 |7770
00|00|00|FE |0706 |2/2  |00100110 |7771


---------------
Opcode: C9
ll: 02
Instruction:CMP Addressing Mode:Immediate - Operand (Value: "0x02", Address: "None")
Instruction cycle count set to 2
A |X |Y |SP |PC   |T/MT |NV-BDIZC |CYCLE
----------------------------------------
00|00|00|FE |0708 |1/2  |10100100 |7772
00|00|00|FE |0708 |2/2  |10100100 |7773


---------------
Opcode: D0
ll: F8
Old PC: 070A Offset:-8 New PC: 0702
Instruction:BNE Addressing Mode:Relative - Operand (Value: "None", Address: "0x0702")
Instruction cycle count set to 2
A |X |Y |SP |PC   |T/MT |NV-BDIZC |CYCLE
----------------------------------------
00|00|00|FE |0702 |1/3  |10100100 |7774
00|00|00|FE |0702 |2/3  |10100100 |7775
00|00|00|FE |0702 |3/3  |10100100 |7776


---------------
Opcode: 8D
ll: 00 hh: A0
Instruction:STA Addressing Mode:Absolute - Operand (Value: "0x00", Address: "0xA000")
Writing value 0x00 to address: 0xA000
0xA000: 0x00
Instruction cycle count set to 4
A |X |Y |SP |PC   |T/MT |NV-BDIZC |CYCLE
----------------------------------------
00|00|00|FE |0705 |1/4  |10100100 |7777
00|00|00|FE |0705 |2/4  |10100100 |7778
00|00|00|FE |0705 |3/4  |10100100 |7779
00|00|00|FE |0705 |4/4  |10100100 |7780


---------------
Opcode: 4A
Instruction:LSR Addressing Mode:Accumulator - Operand (Value: "0x00", Address: "None")
Instruction cycle count set to 2
A |X |Y |SP |PC   |T/MT |NV-BDIZC |CYCLE
----------------------------------------
00|00|00|FE |0706 |1/2  |00100110 |7781
00|00|00|FE |0706 |2/2  |00100110 |7782


---------------
Opcode: C9
ll: 02
Instruction:CMP Addressing Mode:Immediate - Operand (Value: "0x02", Address: "None")
Instruction cycle count set to 2
A |X |Y |SP |PC   |T/MT |NV-BDIZC |CYCLE
----------------------------------------
00|00|00|FE |0708 |1/2  |10100100 |7783
00|00|00|FE |0708 |2/2  |10100100 |7784


---------------
Opcode: D0
ll: F8
Old PC: 070A Offset:-8 New PC: 0702
Instruction:BNE Addressing Mode:Relative - Operand (Value: "None", Address: "0x0702")
Instruction cycle count set to 2
A |X |Y |SP |PC   |T/MT |NV-BDIZC |CYCLE
----------------------------------------
00|00|00|FE |0702 |1/3  |10100100 |7785
00|00|00|FE |0702 |2/3  |10100100 |7786
00|00|00|FE |0702 |3/3  |10100100 |7787


---------------
Opcode: 8D
ll: 00 hh: A0
Instruction:STA Addressing Mode:Absolute - Operand (Value: "0x00", Address: "0xA000")
Writing value 0x00 to address: 0xA000
0xA000: 0x00
Instruction cycle count set to 4
A |X |Y |SP |PC   |T/MT |NV-BDIZC |CYCLE
----------------------------------------
00|00|00|FE |0705 |1/4  |10100100 |7788
00|00|00|FE |0705 |2/4  |10100100 |7789
00|00|00|FE |0705 |3/4  |10100100 |7790
00|00|00|FE |0705 |4/4  |10100100 |7791


---------------
Opcode: 4A
Instruction:LSR Addressing Mode:Accumulator - Operand (Value: "0x00", Address: "None")
Instruction cycle count set to 2
A |X |Y |SP |PC   |T/MT |NV-BDIZC |CYCLE
----------------------------------------
00|00|00|FE |0706 |1/2  |00100110 |7792
00|00|00|FE |0706 |2/2  |00100110 |7793


---------------
Opcode: C9
ll: 02
Instruction:CMP Addressing Mode:Immediate - Operand (Value: "0x02", Address: "None")
Instruction cycle count set to 2
A |X |Y |SP |PC   |T/MT |NV-BDIZC |CYCLE
----------------------------------------
00|00|00|FE |0708 |1/2  |10100100 |7794
00|00|00|FE |0708 |2/2  |10100100 |7795


---------------
Opcode: D0
ll: F8
Old PC: 070A Offset:-8 New PC: 0702
Instruction:BNE Addressing Mode:Relative - Operand (Value: "None", Address: "0x0702")
Instruction cycle count set to 2
A |X |Y |SP |PC   |T/MT |NV-BDIZC |CYCLE
----------------------------------------
00|00|00|FE |0702 |1/3  |10100100 |7796
00|00|00|FE |0702 |2/3  |10100100 |7797
00|00|00|FE |0702 |3/3  |10100100 |7798


---------------
Opcode: 8D
ll: 00 hh: A0
Instruction:STA Addressing Mode:Absolute - Operand (Value: "0x00", Address: "0xA000")
Writing value 0x00 to address: 0xA000
0xA000: 0x00
Instruction cycle count set to 4
A |X |Y |SP |PC   |T/MT |NV-BDIZC |CYCLE
----------------------------------------
00|00|00|FE |0705 |1/4  |10100100 |7799
00|00|00|FE |0705 |2/4  |10100100 |7800
00|00|00|FE |0705 |3/4  |10100100 |7801
00|00|00|FE |0705 |4/4  |10100100 |7802


---------------
Opcode: 4A
Instruction:LSR Addressing Mode:Accumulator - Operand (Value: "0x00", Address: "None")
Instruction cycle count set to 2
A |X |Y |SP |PC   |T/MT |NV-BDIZC |CYCLE
----------------------------------------
00|00|00|FE |0706 |1/2  |00100110 |7803
00|00|00|FE |0706 |2/2  |00100110 |7804


---------------
Opcode: C9
ll: 02
Instruction:CMP Addressing Mode:Immediate - Operand (Value: "0x02", Address: "None")
Instruction cycle count set to 2
A |X |Y |SP |PC   |T/MT |NV-BDIZC |CYCLE
----------------------------------------
00|00|00|FE |0708 |1/2  |10100100 |7805
00|00|00|FE |0708 |2/2  |10100100 |7806


---------------
Opcode: D0
ll: F8
Old PC: 070A Offset:-8 New PC: 0702
Instruction:BNE Addressing Mode:Relative - Operand (Value: "None", Address: "0x0702")
Instruction cycle count set to 2
A |X |Y |SP |PC   |T/MT |NV-BDIZC |CYCLE
----------------------------------------
00|00|00|FE |0702 |1/3  |10100100 |7807
00|00|00|FE |0702 |2/3  |10100100 |7808
00|00|00|FE |0702 |3/3  |10100100 |7809


---------------
Opcode: 8D
ll: 00 hh: A0
Instruction:STA Addressing Mode:Absolute - Operand (Value: "0x00", Address: "0xA000")
Writing value 0x00 to address: 0xA000
0xA000: 0x00
Instruction cycle count set to 4
A |X |Y |SP |PC   |T/MT |NV-BDIZC |CYCLE
----------------------------------------
00|00|00|FE |0705 |1/4  |10100100 |7810
00|00|00|FE |0705 |2/4  |10100100 |7811
00|00|00|FE |0705 |3/4  |10100100 |7812
00|00|00|FE |0705 |4/4  |10100100 |7813


---------------
Opcode: 4A
Instruction:LSR Addressing Mode:Accumulator - Operand (Value: "0x00", Address: "None")
Instruction cycle count set to 2
A |X |Y |SP |PC   |T/MT |NV-BDIZC |CYCLE
----------------------------------------
00|00|00|FE |0706 |1/2  |00100110 |7814
00|00|00|FE |0706 |2/2  |00100110 |7815


---------------
Opcode: C9
ll: 02
Instruction:CMP Addressing Mode:Immediate - Operand (Value: "0x02", Address: "None")
Instruction cycle count set to 2
A |X |Y |SP |PC   |T/MT |NV-BDIZC |CYCLE
----------------------------------------
00|00|00|FE |0708 |1/2  |10100100 |7816
00|00|00|FE |0708 |2/2  |10100100 |7817


---------------
Opcode: D0
ll: F8
Old PC: 070A Offset:-8 New PC: 0702
Instruction:BNE Addressing Mode:Relative - Operand (Value: "None", Address: "0x0702")
Instruction cycle count set to 2
A |X |Y |SP |PC   |T/MT |NV-BDIZC |CYCLE
----------------------------------------
00|00|00|FE |0702 |1/3  |10100100 |7818
00|00|00|FE |0702 |2/3  |10100100 |7819
00|00|00|FE |0702 |3/3  |10100100 |7820


---------------
Opcode: 8D
ll: 00 hh: A0
Instruction:STA Addressing Mode:Absolute - Operand (Value: "0x00", Address: "0xA000")
Writing value 0x00 to address: 0xA000
0xA000: 0x00
Instruction cycle count set to 4
A |X |Y |SP |PC   |T/MT |NV-BDIZC |CYCLE
----------------------------------------
00|00|00|FE |0705 |1/4  |10100100 |7821
00|00|00|FE |0705 |2/4  |10100100 |7822
00|00|00|FE |0705 |3/4  |10100100 |7823
00|00|00|FE |0705 |4/4  |10100100 |7824


---------------
Opcode: 4A
Instruction:LSR Addressing Mode:Accumulator - Operand (Value: "0x00", Address: "None")
Instruction cycle count set to 2
A |X |Y |SP |PC   |T/MT |NV-BDIZC |CYCLE
----------------------------------------
00|00|00|FE |0706 |1/2  |00100110 |7825
00|00|00|FE |0706 |2/2  |00100110 |7826


---------------
Opcode: C9
ll: 02
Instruction:CMP Addressing Mode:Immediate - Operand (Value: "0x02", Address: "None")
Instruction cycle count set to 2
A |X |Y |SP |PC   |T/MT |NV-BDIZC |CYCLE
----------------------------------------
00|00|00|FE |0708 |1/2  |10100100 |7827
00|00|00|FE |0708 |2/2  |10100100 |7828


---------------
Opcode: D0
ll: F8
Old PC: 070A Offset:-8 New PC: 0702
Instruction:BNE Addressing Mode:Relative - Operand (Value: "None", Address: "0x0702")
Instruction cycle count set to 2
A |X |Y |SP |PC   |T/MT |NV-BDIZC |CYCLE
----------------------------------------
00|00|00|FE |0702 |1/3  |10100100 |7829
00|00|00|FE |0702 |2/3  |10100100 |7830
00|00|00|FE |0702 |3/3  |10100100 |7831


---------------
Opcode: 8D
ll: 00 hh: A0
Instruction:STA Addressing Mode:Absolute - Operand (Value: "0x00", Address: "0xA000")
Writing value 0x00 to address: 0xA000
0xA000: 0x00
Instruction cycle count set to 4
A |X |Y |SP |PC   |T/MT |NV-BDIZC |CYCLE
----------------------------------------
00|00|00|FE |0705 |1/4  |10100100 |7832
00|00|00|FE |0705 |2/4  |10100100 |7833
00|00|00|FE |0705 |3/4  |10100100 |7834
00|00|00|FE |0705 |4/4  |10100100 |7835


---------------
Opcode: 4A
Instruction:LSR Addressing Mode:Accumulator - Operand (Value: "0x00", Address: "None")
Instruction cycle count set to 2
A |X |Y |SP |PC   |T/MT |NV-BDIZC |CYCLE
----------------------------------------
00|00|00|FE |0706 |1/2  |00100110 |7836
00|00|00|FE |0706 |2/2  |00100110 |7837


---------------
Opcode: C9
ll: 02
Instruction:CMP Addressing Mode:Immediate - Operand (Value: "0x02", Address: "None")
Instruction cycle count set to 2
A |X |Y |SP |PC   |T/MT |NV-BDIZC |CYCLE
----------------------------------------
00|00|00|FE |0708 |1/2  |10100100 |7838
00|00|00|FE |0708 |2/2  |10100100 |7839


---------------
Opcode: D0
ll: F8
Old PC: 070A Offset:-8 New PC: 0702
Instruction:BNE Addressing Mode:Relative - Operand (Value: "None", Address: "0x0702")
Instruction cycle count set to 2
A |X |Y |SP |PC   |T/MT |NV-BDIZC |CYCLE
----------------------------------------
00|00|00|FE |0702 |1/3  |10100100 |7840
00|00|00|FE |0702 |2/3  |10100100 |7841
00|00|00|FE |0702 |3/3  |10100100 |7842


---------------
Opcode: 8D
ll: 00 hh: A0
Instruction:STA Addressing Mode:Absolute - Operand (Value: "0x00", Address: "0xA000")
Writing value 0x00 to address: 0xA000
0xA000: 0x00
Instruction cycle count set to 4
A |X |Y |SP |PC   |T/MT |NV-BDIZC |CYCLE
----------------------------------------
00|00|00|FE |0705 |1/4  |10100100 |7843
00|00|00|FE |0705 |2/4  |10100100 |7844
00|00|00|FE |0705 |3/4  |10100100 |7845
00|00|00|FE |0705 |4/4  |10100100 |7846


---------------
Opcode: 4A
Instruction:LSR Addressing Mode:Accumulator - Operand (Value: "0x00", Address: "None")
Instruction cycle count set to 2
A |X |Y |SP |PC   |T/MT |NV-BDIZC |CYCLE
----------------------------------------
00|00|00|FE |0706 |1/2  |00100110 |7847
00|00|00|FE |0706 |2/2  |00100110 |7848


---------------
Opcode: C9
ll: 02
Instruction:CMP Addressing Mode:Immediate - Operand (Value: "0x02", Address: "None")
Instruction cycle count set to 2
A |X |Y |SP |PC   |T/MT |NV-BDIZC |CYCLE
----------------------------------------
00|00|00|FE |0708 |1/2  |10100100 |7849
00|00|00|FE |0708 |2/2  |10100100 |7850


---------------
Opcode: D0
ll: F8
Old PC: 070A Offset:-8 New PC: 0702
Instruction:BNE Addressing Mode:Relative - Operand (Value: "None", Address: "0x0702")
Instruction cycle count set to 2
A |X |Y |SP |PC   |T/MT |NV-BDIZC |CYCLE
----------------------------------------
00|00|00|FE |0702 |1/3  |10100100 |7851
00|00|00|FE |0702 |2/3  |10100100 |7852
00|00|00|FE |0702 |3/3  |10100100 |7853


---------------
Opcode: 8D
ll: 00 hh: A0
Instruction:STA Addressing Mode:Absolute - Operand (Value: "0x00", Address: "0xA000")
Writing value 0x00 to address: 0xA000
0xA000: 0x00
Instruction cycle count set to 4
A |X |Y |SP |PC   |T/MT |NV-BDIZC |CYCLE
----------------------------------------
00|00|00|FE |0705 |1/4  |10100100 |7854
00|00|00|FE |0705 |2/4  |10100100 |7855
00|00|00|FE |0705 |3/4  |10100100 |7856
00|00|00|FE |0705 |4/4  |10100100 |7857


---------------
Opcode: 4A
Instruction:LSR Addressing Mode:Accumulator - Operand (Value: "0x00", Address: "None")
Instruction cycle count set to 2
A |X |Y |SP |PC   |T/MT |NV-BDIZC |CYCLE
----------------------------------------
00|00|00|FE |0706 |1/2  |00100110 |7858
00|00|00|FE |0706 |2/2  |00100110 |7859


---------------
Opcode: C9
ll: 02
Instruction:CMP Addressing Mode:Immediate - Operand (Value: "0x02", Address: "None")
Instruction cycle count set to 2
A |X |Y |SP |PC   |T/MT |NV-BDIZC |CYCLE
----------------------------------------
00|00|00|FE |0708 |1/2  |10100100 |7860
00|00|00|FE |0708 |2/2  |10100100 |7861


---------------
Opcode: D0
ll: F8
Old PC: 070A Offset:-8 New PC: 0702
Instruction:BNE Addressing Mode:Relative - Operand (Value: "None", Address: "0x0702")
Instruction cycle count set to 2
A |X |Y |SP |PC   |T/MT |NV-BDIZC |CYCLE
----------------------------------------
00|00|00|FE |0702 |1/3  |10100100 |7862
00|00|00|FE |0702 |2/3  |10100100 |7863
00|00|00|FE |0702 |3/3  |10100100 |7864


---------------
Opcode: 8D
ll: 00 hh: A0
Instruction:STA Addressing Mode:Absolute - Operand (Value: "0x00", Address: "0xA000")
Writing value 0x00 to address: 0xA000
0xA000: 0x00
Instruction cycle count set to 4
A |X |Y |SP |PC   |T/MT |NV-BDIZC |CYCLE
----------------------------------------
00|00|00|FE |0705 |1/4  |10100100 |7865
00|00|00|FE |0705 |2/4  |10100100 |7866
00|00|00|FE |0705 |3/4  |10100100 |7867
00|00|00|FE |0705 |4/4  |10100100 |7868


---------------
Opcode: 4A
Instruction:LSR Addressing Mode:Accumulator - Operand (Value: "0x00", Address: "None")
Instruction cycle count set to 2
A |X |Y |SP |PC   |T/MT |NV-BDIZC |CYCLE
----------------------------------------
00|00|00|FE |0706 |1/2  |00100110 |7869
00|00|00|FE |0706 |2/2  |00100110 |7870


---------------
Opcode: C9
ll: 02
Instruction:CMP Addressing Mode:Immediate - Operand (Value: "0x02", Address: "None")
Instruction cycle count set to 2
A |X |Y |SP |PC   |T/MT |NV-BDIZC |CYCLE
----------------------------------------
00|00|00|FE |0708 |1/2  |10100100 |7871
00|00|00|FE |0708 |2/2  |10100100 |7872


---------------
Opcode: D0
ll: F8
Old PC: 070A Offset:-8 New PC: 0702
Instruction:BNE Addressing Mode:Relative - Operand (Value: "None", Address: "0x0702")
Instruction cycle count set to 2
A |X |Y |SP |PC   |T/MT |NV-BDIZC |CYCLE
----------------------------------------
00|00|00|FE |0702 |1/3  |10100100 |7873
00|00|00|FE |0702 |2/3  |10100100 |7874
00|00|00|FE |0702 |3/3  |10100100 |7875


---------------
Opcode: 8D
ll: 00 hh: A0
Instruction:STA Addressing Mode:Absolute - Operand (Value: "0x00", Address: "0xA000")
Writing value 0x00 to address: 0xA000
0xA000: 0x00
Instruction cycle count set to 4
A |X |Y |SP |PC   |T/MT |NV-BDIZC |CYCLE
----------------------------------------
00|00|00|FE |0705 |1/4  |10100100 |7876
00|00|00|FE |0705 |2/4  |10100100 |7877
00|00|00|FE |0705 |3/4  |10100100 |7878
00|00|00|FE |0705 |4/4  |10100100 |7879


---------------
Opcode: 4A
Instruction:LSR Addressing Mode:Accumulator - Operand (Value: "0x00", Address: "None")
Instruction cycle count set to 2
A |X |Y |SP |PC   |T/MT |NV-BDIZC |CYCLE
----------------------------------------
00|00|00|FE |0706 |1/2  |00100110 |7880
00|00|00|FE |0706 |2/2  |00100110 |7881


---------------
Opcode: C9
ll: 02
Instruction:CMP Addressing Mode:Immediate - Operand (Value: "0x02", Address: "None")
Instruction cycle count set to 2
A |X |Y |SP |PC   |T/MT |NV-BDIZC |CYCLE
----------------------------------------
00|00|00|FE |0708 |1/2  |10100100 |7882
00|00|00|FE |0708 |2/2  |10100100 |7883


---------------
Opcode: D0
ll: F8
Old PC: 070A Offset:-8 New PC: 0702
Instruction:BNE Addressing Mode:Relative - Operand (Value: "None", Address: "0x0702")
Instruction cycle count set to 2
A |X |Y |SP |PC   |T/MT |NV-BDIZC |CYCLE
----------------------------------------
00|00|00|FE |0702 |1/3  |10100100 |7884
00|00|00|FE |0702 |2/3  |10100100 |7885
00|00|00|FE |0702 |3/3  |10100100 |7886


---------------
Opcode: 8D
ll: 00 hh: A0
Instruction:STA Addressing Mode:Absolute - Operand (Value: "0x00", Address: "0xA000")
Writing value 0x00 to address: 0xA000
0xA000: 0x00
Instruction cycle count set to 4
A |X |Y |SP |PC   |T/MT |NV-BDIZC |CYCLE
----------------------------------------
00|00|00|FE |0705 |1/4  |10100100 |7887
00|00|00|FE |0705 |2/4  |10100100 |7888
00|00|00|FE |0705 |3/4  |10100100 |7889
00|00|00|FE |0705 |4/4  |10100100 |7890


---------------
Opcode: 4A
Instruction:LSR Addressing Mode:Accumulator - Operand (Value: "0x00", Address: "None")
Instruction cycle count set to 2
A |X |Y |SP |PC   |T/MT |NV-BDIZC |CYCLE
----------------------------------------
00|00|00|FE |0706 |1/2  |00100110 |7891
00|00|00|FE |0706 |2/2  |00100110 |7892


---------------
Opcode: C9
ll: 02
Instruction:CMP Addressing Mode:Immediate - Operand (Value: "0x02", Address: "None")
Instruction cycle count set to 2
A |X |Y |SP |PC   |T/MT |NV-BDIZC |CYCLE
----------------------------------------
00|00|00|FE |0708 |1/2  |10100100 |7893
00|00|00|FE |0708 |2/2  |10100100 |7894


---------------
Opcode: D0
ll: F8
Old PC: 070A Offset:-8 New PC: 0702
Instruction:BNE Addressing Mode:Relative - Operand (Value: "None", Address: "0x0702")
Instruction cycle count set to 2
A |X |Y |SP |PC   |T/MT |NV-BDIZC |CYCLE
----------------------------------------
00|00|00|FE |0702 |1/3  |10100100 |7895
00|00|00|FE |0702 |2/3  |10100100 |7896
00|00|00|FE |0702 |3/3  |10100100 |7897


---------------
Opcode: 8D
ll: 00 hh: A0
Instruction:STA Addressing Mode:Absolute - Operand (Value: "0x00", Address: "0xA000")
Writing value 0x00 to address: 0xA000
0xA000: 0x00
Instruction cycle count set to 4
A |X |Y |SP |PC   |T/MT |NV-BDIZC |CYCLE
----------------------------------------
00|00|00|FE |0705 |1/4  |10100100 |7898
00|00|00|FE |0705 |2/4  |10100100 |7899
00|00|00|FE |0705 |3/4  |10100100 |7900
00|00|00|FE |0705 |4/4  |10100100 |7901


---------------
Opcode: 4A
Instruction:LSR Addressing Mode:Accumulator - Operand (Value: "0x00", Address: "None")
Instruction cycle count set to 2
A |X |Y |SP |PC   |T/MT |NV-BDIZC |CYCLE
----------------------------------------
00|00|00|FE |0706 |1/2  |00100110 |7902
00|00|00|FE |0706 |2/2  |00100110 |7903


---------------
Opcode: C9
ll: 02
Instruction:CMP Addressing Mode:Immediate - Operand (Value: "0x02", Address: "None")
Instruction cycle count set to 2
A |X |Y |SP |PC   |T/MT |NV-BDIZC |CYCLE
----------------------------------------
00|00|00|FE |0708 |1/2  |10100100 |7904
00|00|00|FE |0708 |2/2  |10100100 |7905


---------------
Opcode: D0
ll: F8
Old PC: 070A Offset:-8 New PC: 0702
Instruction:BNE Addressing Mode:Relative - Operand (Value: "None", Address: "0x0702")
Instruction cycle count set to 2
A |X |Y |SP |PC   |T/MT |NV-BDIZC |CYCLE
----------------------------------------
00|00|00|FE |0702 |1/3  |10100100 |7906
00|00|00|FE |0702 |2/3  |10100100 |7907
00|00|00|FE |0702 |3/3  |10100100 |7908


---------------
Opcode: 8D
ll: 00 hh: A0
Instruction:STA Addressing Mode:Absolute - Operand (Value: "0x00", Address: "0xA000")
Writing value 0x00 to address: 0xA000
0xA000: 0x00
Instruction cycle count set to 4
A |X |Y |SP |PC   |T/MT |NV-BDIZC |CYCLE
----------------------------------------
00|00|00|FE |0705 |1/4  |10100100 |7909
00|00|00|FE |0705 |2/4  |10100100 |7910
00|00|00|FE |0705 |3/4  |10100100 |7911
00|00|00|FE |0705 |4/4  |10100100 |7912


---------------
Opcode: 4A
Instruction:LSR Addressing Mode:Accumulator - Operand (Value: "0x00", Address: "None")
Instruction cycle count set to 2
A |X |Y |SP |PC   |T/MT |NV-BDIZC |CYCLE
----------------------------------------
00|00|00|FE |0706 |1/2  |00100110 |7913
00|00|00|FE |0706 |2/2  |00100110 |7914


---------------
Opcode: C9
ll: 02
Instruction:CMP Addressing Mode:Immediate - Operand (Value: "0x02", Address: "None")
Instruction cycle count set to 2
A |X |Y |SP |PC   |T/MT |NV-BDIZC |CYCLE
----------------------------------------
00|00|00|FE |0708 |1/2  |10100100 |7915
00|00|00|FE |0708 |2/2  |10100100 |7916


---------------
Opcode: D0
ll: F8
Old PC: 070A Offset:-8 New PC: 0702
Instruction:BNE Addressing Mode:Relative - Operand (Value: "None", Address: "0x0702")
Instruction cycle count set to 2
A |X |Y |SP |PC   |T/MT |NV-BDIZC |CYCLE
----------------------------------------
00|00|00|FE |0702 |1/3  |10100100 |7917
00|00|00|FE |0702 |2/3  |10100100 |7918
00|00|00|FE |0702 |3/3  |10100100 |7919


---------------
Opcode: 8D
ll: 00 hh: A0
Instruction:STA Addressing Mode:Absolute - Operand (Value: "0x00", Address: "0xA000")
Writing value 0x00 to address: 0xA000
0xA000: 0x00
Instruction cycle count set to 4
A |X |Y |SP |PC   |T/MT |NV-BDIZC |CYCLE
----------------------------------------
00|00|00|FE |0705 |1/4  |10100100 |7920
00|00|00|FE |0705 |2/4  |10100100 |7921
00|00|00|FE |0705 |3/4  |10100100 |7922
00|00|00|FE |0705 |4/4  |10100100 |7923


---------------
Opcode: 4A
Instruction:LSR Addressing Mode:Accumulator - Operand (Value: "0x00", Address: "None")
Instruction cycle count set to 2
A |X |Y |SP |PC   |T/MT |NV-BDIZC |CYCLE
----------------------------------------
00|00|00|FE |0706 |1/2  |00100110 |7924
00|00|00|FE |0706 |2/2  |00100110 |7925


---------------
Opcode: C9
ll: 02
Instruction:CMP Addressing Mode:Immediate - Operand (Value: "0x02", Address: "None")
Instruction cycle count set to 2
A |X |Y |SP |PC   |T/MT |NV-BDIZC |CYCLE
----------------------------------------
00|00|00|FE |0708 |1/2  |10100100 |7926
00|00|00|FE |0708 |2/2  |10100100 |7927


---------------
Opcode: D0
ll: F8
Old PC: 070A Offset:-8 New PC: 0702
Instruction:BNE Addressing Mode:Relative - Operand (Value: "None", Address: "0x0702")
Instruction cycle count set to 2
A |X |Y |SP |PC   |T/MT |NV-BDIZC |CYCLE
----------------------------------------
00|00|00|FE |0702 |1/3  |10100100 |7928
00|00|00|FE |0702 |2/3  |10100100 |7929
00|00|00|FE |0702 |3/3  |10100100 |7930


---------------
Opcode: 8D
ll: 00 hh: A0
Instruction:STA Addressing Mode:Absolute - Operand (Value: "0x00", Address: "0xA000")
Writing value 0x00 to address: 0xA000
0xA000: 0x00
Instruction cycle count set to 4
A |X |Y |SP |PC   |T/MT |NV-BDIZC |CYCLE
----------------------------------------
00|00|00|FE |0705 |1/4  |10100100 |7931
00|00|00|FE |0705 |2/4  |10100100 |7932
00|00|00|FE |0705 |3/4  |10100100 |7933
00|00|00|FE |0705 |4/4  |10100100 |7934


---------------
Opcode: 4A
Instruction:LSR Addressing Mode:Accumulator - Operand (Value: "0x00", Address: "None")
Instruction cycle count set to 2
A |X |Y |SP |PC   |T/MT |NV-BDIZC |CYCLE
----------------------------------------
00|00|00|FE |0706 |1/2  |00100110 |7935
00|00|00|FE |0706 |2/2  |00100110 |7936


---------------
Opcode: C9
ll: 02
Instruction:CMP Addressing Mode:Immediate - Operand (Value: "0x02", Address: "None")
Instruction cycle count set to 2
A |X |Y |SP |PC   |T/MT |NV-BDIZC |CYCLE
----------------------------------------
00|00|00|FE |0708 |1/2  |10100100 |7937
00|00|00|FE |0708 |2/2  |10100100 |7938


---------------
Opcode: D0
ll: F8
Old PC: 070A Offset:-8 New PC: 0702
Instruction:BNE Addressing Mode:Relative - Operand (Value: "None", Address: "0x0702")
Instruction cycle count set to 2
A |X |Y |SP |PC   |T/MT |NV-BDIZC |CYCLE
----------------------------------------
00|00|00|FE |0702 |1/3  |10100100 |7939
00|00|00|FE |0702 |2/3  |10100100 |7940
00|00|00|FE |0702 |3/3  |10100100 |7941


---------------
Opcode: 8D
ll: 00 hh: A0
Instruction:STA Addressing Mode:Absolute - Operand (Value: "0x00", Address: "0xA000")
Writing value 0x00 to address: 0xA000
0xA000: 0x00
Instruction cycle count set to 4
A |X |Y |SP |PC   |T/MT |NV-BDIZC |CYCLE
----------------------------------------
00|00|00|FE |0705 |1/4  |10100100 |7942
00|00|00|FE |0705 |2/4  |10100100 |7943
00|00|00|FE |0705 |3/4  |10100100 |7944
00|00|00|FE |0705 |4/4  |10100100 |7945


---------------
Opcode: 4A
Instruction:LSR Addressing Mode:Accumulator - Operand (Value: "0x00", Address: "None")
Instruction cycle count set to 2
A |X |Y |SP |PC   |T/MT |NV-BDIZC |CYCLE
----------------------------------------
00|00|00|FE |0706 |1/2  |00100110 |7946
00|00|00|FE |0706 |2/2  |00100110 |7947


---------------
Opcode: C9
ll: 02
Instruction:CMP Addressing Mode:Immediate - Operand (Value: "0x02", Address: "None")
Instruction cycle count set to 2
A |X |Y |SP |PC   |T/MT |NV-BDIZC |CYCLE
----------------------------------------
00|00|00|FE |0708 |1/2  |10100100 |7948
00|00|00|FE |0708 |2/2  |10100100 |7949


---------------
Opcode: D0
ll: F8
Old PC: 070A Offset:-8 New PC: 0702
Instruction:BNE Addressing Mode:Relative - Operand (Value: "None", Address: "0x0702")
Instruction cycle count set to 2
A |X |Y |SP |PC   |T/MT |NV-BDIZC |CYCLE
----------------------------------------
00|00|00|FE |0702 |1/3  |10100100 |7950
00|00|00|FE |0702 |2/3  |10100100 |7951
00|00|00|FE |0702 |3/3  |10100100 |7952


---------------
Opcode: 8D
ll: 00 hh: A0
Instruction:STA Addressing Mode:Absolute - Operand (Value: "0x00", Address: "0xA000")
Writing value 0x00 to address: 0xA000
0xA000: 0x00
Instruction cycle count set to 4
A |X |Y |SP |PC   |T/MT |NV-BDIZC |CYCLE
----------------------------------------
00|00|00|FE |0705 |1/4  |10100100 |7953
00|00|00|FE |0705 |2/4  |10100100 |7954
00|00|00|FE |0705 |3/4  |10100100 |7955
00|00|00|FE |0705 |4/4  |10100100 |7956


---------------
Opcode: 4A
Instruction:LSR Addressing Mode:Accumulator - Operand (Value: "0x00", Address: "None")
Instruction cycle count set to 2
A |X |Y |SP |PC   |T/MT |NV-BDIZC |CYCLE
----------------------------------------
00|00|00|FE |0706 |1/2  |00100110 |7957
00|00|00|FE |0706 |2/2  |00100110 |7958


---------------
Opcode: C9
ll: 02
Instruction:CMP Addressing Mode:Immediate - Operand (Value: "0x02", Address: "None")
Instruction cycle count set to 2
A |X |Y |SP |PC   |T/MT |NV-BDIZC |CYCLE
----------------------------------------
00|00|00|FE |0708 |1/2  |10100100 |7959
00|00|00|FE |0708 |2/2  |10100100 |7960


---------------
Opcode: D0
ll: F8
Old PC: 070A Offset:-8 New PC: 0702
Instruction:BNE Addressing Mode:Relative - Operand (Value: "None", Address: "0x0702")
Instruction cycle count set to 2
A |X |Y |SP |PC   |T/MT |NV-BDIZC |CYCLE
----------------------------------------
00|00|00|FE |0702 |1/3  |10100100 |7961
00|00|00|FE |0702 |2/3  |10100100 |7962
00|00|00|FE |0702 |3/3  |10100100 |7963


---------------
Opcode: 8D
ll: 00 hh: A0
Instruction:STA Addressing Mode:Absolute - Operand (Value: "0x00", Address: "0xA000")
Writing value 0x00 to address: 0xA000
0xA000: 0x00
Instruction cycle count set to 4
A |X |Y |SP |PC   |T/MT |NV-BDIZC |CYCLE
----------------------------------------
00|00|00|FE |0705 |1/4  |10100100 |7964
00|00|00|FE |0705 |2/4  |10100100 |7965
00|00|00|FE |0705 |3/4  |10100100 |7966
00|00|00|FE |0705 |4/4  |10100100 |7967


---------------
Opcode: 4A
Instruction:LSR Addressing Mode:Accumulator - Operand (Value: "0x00", Address: "None")
Instruction cycle count set to 2
A |X |Y |SP |PC   |T/MT |NV-BDIZC |CYCLE
----------------------------------------
00|00|00|FE |0706 |1/2  |00100110 |7968
00|00|00|FE |0706 |2/2  |00100110 |7969


---------------
Opcode: C9
ll: 02
Instruction:CMP Addressing Mode:Immediate - Operand (Value: "0x02", Address: "None")
Instruction cycle count set to 2
A |X |Y |SP |PC   |T/MT |NV-BDIZC |CYCLE
----------------------------------------
00|00|00|FE |0708 |1/2  |10100100 |7970
00|00|00|FE |0708 |2/2  |10100100 |7971


---------------
Opcode: D0
ll: F8
Old PC: 070A Offset:-8 New PC: 0702
Instruction:BNE Addressing Mode:Relative - Operand (Value: "None", Address: "0x0702")
Instruction cycle count set to 2
A |X |Y |SP |PC   |T/MT |NV-BDIZC |CYCLE
----------------------------------------
00|00|00|FE |0702 |1/3  |10100100 |7972
00|00|00|FE |0702 |2/3  |10100100 |7973
00|00|00|FE |0702 |3/3  |10100100 |7974


---------------
Opcode: 8D
ll: 00 hh: A0
Instruction:STA Addressing Mode:Absolute - Operand (Value: "0x00", Address: "0xA000")
Writing value 0x00 to address: 0xA000
0xA000: 0x00
Instruction cycle count set to 4
A |X |Y |SP |PC   |T/MT |NV-BDIZC |CYCLE
----------------------------------------
00|00|00|FE |0705 |1/4  |10100100 |7975
00|00|00|FE |0705 |2/4  |10100100 |7976
00|00|00|FE |0705 |3/4  |10100100 |7977
00|00|00|FE |0705 |4/4  |10100100 |7978


---------------
Opcode: 4A
Instruction:LSR Addressing Mode:Accumulator - Operand (Value: "0x00", Address: "None")
Instruction cycle count set to 2
A |X |Y |SP |PC   |T/MT |NV-BDIZC |CYCLE
----------------------------------------
00|00|00|FE |0706 |1/2  |00100110 |7979
00|00|00|FE |0706 |2/2  |00100110 |7980


---------------
Opcode: C9
ll: 02
Instruction:CMP Addressing Mode:Immediate - Operand (Value: "0x02", Address: "None")
Instruction cycle count set to 2
A |X |Y |SP |PC   |T/MT |NV-BDIZC |CYCLE
----------------------------------------
00|00|00|FE |0708 |1/2  |10100100 |7981
00|00|00|FE |0708 |2/2  |10100100 |7982


---------------
Opcode: D0
ll: F8
Old PC: 070A Offset:-8 New PC: 0702
Instruction:BNE Addressing Mode:Relative - Operand (Value: "None", Address: "0x0702")
Instruction cycle count set to 2
A |X |Y |SP |PC   |T/MT |NV-BDIZC |CYCLE
----------------------------------------
00|00|00|FE |0702 |1/3  |10100100 |7983
00|00|00|FE |0702 |2/3  |10100100 |7984
00|00|00|FE |0702 |3/3  |10100100 |7985


---------------
Opcode: 8D
ll: 00 hh: A0
Instruction:STA Addressing Mode:Absolute - Operand (Value: "0x00", Address: "0xA000")
Writing value 0x00 to address: 0xA000
0xA000: 0x00
Instruction cycle count set to 4
A |X |Y |SP |PC   |T/MT |NV-BDIZC |CYCLE
----------------------------------------
00|00|00|FE |0705 |1/4  |10100100 |7986
00|00|00|FE |0705 |2/4  |10100100 |7987
00|00|00|FE |0705 |3/4  |10100100 |7988
00|00|00|FE |0705 |4/4  |10100100 |7989


---------------
Opcode: 4A
Instruction:LSR Addressing Mode:Accumulator - Operand (Value: "0x00", Address: "None")
Instruction cycle count set to 2
A |X |Y |SP |PC   |T/MT |NV-BDIZC |CYCLE
----------------------------------------
00|00|00|FE |0706 |1/2  |00100110 |7990
00|00|00|FE |0706 |2/2  |00100110 |7991


---------------
Opcode: C9
ll: 02
Instruction:CMP Addressing Mode:Immediate - Operand (Value: "0x02", Address: "None")
Instruction cycle count set to 2
A |X |Y |SP |PC   |T/MT |NV-BDIZC |CYCLE
----------------------------------------
00|00|00|FE |0708 |1/2  |10100100 |7992
00|00|00|FE |0708 |2/2  |10100100 |7993


---------------
Opcode: D0
ll: F8
Old PC: 070A Offset:-8 New PC: 0702
Instruction:BNE Addressing Mode:Relative - Operand (Value: "None", Address: "0x0702")
Instruction cycle count set to 2
A |X |Y |SP |PC   |T/MT |NV-BDIZC |CYCLE
----------------------------------------
00|00|00|FE |0702 |1/3  |10100100 |7994
00|00|00|FE |0702 |2/3  |10100100 |7995
00|00|00|FE |0702 |3/3  |10100100 |7996


---------------
Opcode: 8D
ll: 00 hh: A0
Instruction:STA Addressing Mode:Absolute - Operand (Value: "0x00", Address: "0xA000")
Writing value 0x00 to address: 0xA000
0xA000: 0x00
Instruction cycle count set to 4
A |X |Y |SP |PC   |T/MT |NV-BDIZC |CYCLE
----------------------------------------
00|00|00|FE |0705 |1/4  |10100100 |7997
00|00|00|FE |0705 |2/4  |10100100 |7998
emulation behind by 616.00335ms. trying to catch up...
00|00|00|FE |0705 |3/4  |10100100 |7999
00|00|00|FE |0705 |4/4  |10100100 |8000


---------------
Opcode: 4A
Instruction:LSR Addressing Mode:Accumulator - Operand (Value: "0x00", Address: "None")
Instruction cycle count set to 2
A |X |Y |SP |PC   |T/MT |NV-BDIZC |CYCLE
----------------------------------------
00|00|00|FE |0706 |1/2  |00100110 |8001
00|00|00|FE |0706 |2/2  |00100110 |8002


---------------
Opcode: C9
ll: 02
Instruction:CMP Addressing Mode:Immediate - Operand (Value: "0x02", Address: "None")
Instruction cycle count set to 2
A |X |Y |SP |PC   |T/MT |NV-BDIZC |CYCLE
----------------------------------------
00|00|00|FE |0708 |1/2  |10100100 |8003
00|00|00|FE |0708 |2/2  |10100100 |8004


---------------
Opcode: D0
ll: F8
Old PC: 070A Offset:-8 New PC: 0702
Instruction:BNE Addressing Mode:Relative - Operand (Value: "None", Address: "0x0702")
Instruction cycle count set to 2
A |X |Y |SP |PC   |T/MT |NV-BDIZC |CYCLE
----------------------------------------
00|00|00|FE |0702 |1/3  |10100100 |8005
00|00|00|FE |0702 |2/3  |10100100 |8006
00|00|00|FE |0702 |3/3  |10100100 |8007


---------------
Opcode: 8D
ll: 00 hh: A0
Instruction:STA Addressing Mode:Absolute - Operand (Value: "0x00", Address: "0xA000")
Writing value 0x00 to address: 0xA000
0xA000: 0x00
Instruction cycle count set to 4
A |X |Y |SP |PC   |T/MT |NV-BDIZC |CYCLE
----------------------------------------
00|00|00|FE |0705 |1/4  |10100100 |8008
00|00|00|FE |0705 |2/4  |10100100 |8009
00|00|00|FE |0705 |3/4  |10100100 |8010
00|00|00|FE |0705 |4/4  |10100100 |8011


---------------
Opcode: 4A
Instruction:LSR Addressing Mode:Accumulator - Operand (Value: "0x00", Address: "None")
Instruction cycle count set to 2
A |X |Y |SP |PC   |T/MT |NV-BDIZC |CYCLE
----------------------------------------
00|00|00|FE |0706 |1/2  |00100110 |8012
00|00|00|FE |0706 |2/2  |00100110 |8013


---------------
Opcode: C9
ll: 02
Instruction:CMP Addressing Mode:Immediate - Operand (Value: "0x02", Address: "None")
Instruction cycle count set to 2
A |X |Y |SP |PC   |T/MT |NV-BDIZC |CYCLE
----------------------------------------
00|00|00|FE |0708 |1/2  |10100100 |8014
00|00|00|FE |0708 |2/2  |10100100 |8015


---------------
Opcode: D0
ll: F8
Old PC: 070A Offset:-8 New PC: 0702
Instruction:BNE Addressing Mode:Relative - Operand (Value: "None", Address: "0x0702")
Instruction cycle count set to 2
A |X |Y |SP |PC   |T/MT |NV-BDIZC |CYCLE
----------------------------------------
00|00|00|FE |0702 |1/3  |10100100 |8016
00|00|00|FE |0702 |2/3  |10100100 |8017
00|00|00|FE |0702 |3/3  |10100100 |8018


---------------
Opcode: 8D
ll: 00 hh: A0
Instruction:STA Addressing Mode:Absolute - Operand (Value: "0x00", Address: "0xA000")
Writing value 0x00 to address: 0xA000
0xA000: 0x00
Instruction cycle count set to 4
A |X |Y |SP |PC   |T/MT |NV-BDIZC |CYCLE
----------------------------------------
00|00|00|FE |0705 |1/4  |10100100 |8019
00|00|00|FE |0705 |2/4  |10100100 |8020
00|00|00|FE |0705 |3/4  |10100100 |8021
00|00|00|FE |0705 |4/4  |10100100 |8022


---------------
Opcode: 4A
Instruction:LSR Addressing Mode:Accumulator - Operand (Value: "0x00", Address: "None")
Instruction cycle count set to 2
A |X |Y |SP |PC   |T/MT |NV-BDIZC |CYCLE
----------------------------------------
00|00|00|FE |0706 |1/2  |00100110 |8023
00|00|00|FE |0706 |2/2  |00100110 |8024


---------------
Opcode: C9
ll: 02
Instruction:CMP Addressing Mode:Immediate - Operand (Value: "0x02", Address: "None")
Instruction cycle count set to 2
A |X |Y |SP |PC   |T/MT |NV-BDIZC |CYCLE
----------------------------------------
00|00|00|FE |0708 |1/2  |10100100 |8025
00|00|00|FE |0708 |2/2  |10100100 |8026


---------------
Opcode: D0
ll: F8
Old PC: 070A Offset:-8 New PC: 0702
Instruction:BNE Addressing Mode:Relative - Operand (Value: "None", Address: "0x0702")
Instruction cycle count set to 2
A |X |Y |SP |PC   |T/MT |NV-BDIZC |CYCLE
----------------------------------------
00|00|00|FE |0702 |1/3  |10100100 |8027
00|00|00|FE |0702 |2/3  |10100100 |8028
00|00|00|FE |0702 |3/3  |10100100 |8029


---------------
Opcode: 8D
ll: 00 hh: A0
Instruction:STA Addressing Mode:Absolute - Operand (Value: "0x00", Address: "0xA000")
Writing value 0x00 to address: 0xA000
0xA000: 0x00
Instruction cycle count set to 4
A |X |Y |SP |PC   |T/MT |NV-BDIZC |CYCLE
----------------------------------------
00|00|00|FE |0705 |1/4  |10100100 |8030
00|00|00|FE |0705 |2/4  |10100100 |8031
00|00|00|FE |0705 |3/4  |10100100 |8032
00|00|00|FE |0705 |4/4  |10100100 |8033


---------------
Opcode: 4A
Instruction:LSR Addressing Mode:Accumulator - Operand (Value: "0x00", Address: "None")
Instruction cycle count set to 2
A |X |Y |SP |PC   |T/MT |NV-BDIZC |CYCLE
----------------------------------------
00|00|00|FE |0706 |1/2  |00100110 |8034
00|00|00|FE |0706 |2/2  |00100110 |8035


---------------
Opcode: C9
ll: 02
Instruction:CMP Addressing Mode:Immediate - Operand (Value: "0x02", Address: "None")
Instruction cycle count set to 2
A |X |Y |SP |PC   |T/MT |NV-BDIZC |CYCLE
----------------------------------------
00|00|00|FE |0708 |1/2  |10100100 |8036
00|00|00|FE |0708 |2/2  |10100100 |8037


---------------
Opcode: D0
ll: F8
Old PC: 070A Offset:-8 New PC: 0702
Instruction:BNE Addressing Mode:Relative - Operand (Value: "None", Address: "0x0702")
Instruction cycle count set to 2
A |X |Y |SP |PC   |T/MT |NV-BDIZC |CYCLE
----------------------------------------
00|00|00|FE |0702 |1/3  |10100100 |8038
00|00|00|FE |0702 |2/3  |10100100 |8039
00|00|00|FE |0702 |3/3  |10100100 |8040


---------------
Opcode: 8D
ll: 00 hh: A0
Instruction:STA Addressing Mode:Absolute - Operand (Value: "0x00", Address: "0xA000")
Writing value 0x00 to address: 0xA000
0xA000: 0x00
Instruction cycle count set to 4
A |X |Y |SP |PC   |T/MT |NV-BDIZC |CYCLE
----------------------------------------
00|00|00|FE |0705 |1/4  |10100100 |8041
00|00|00|FE |0705 |2/4  |10100100 |8042
00|00|00|FE |0705 |3/4  |10100100 |8043
00|00|00|FE |0705 |4/4  |10100100 |8044


---------------
Opcode: 4A
Instruction:LSR Addressing Mode:Accumulator - Operand (Value: "0x00", Address: "None")
Instruction cycle count set to 2
A |X |Y |SP |PC   |T/MT |NV-BDIZC |CYCLE
----------------------------------------
00|00|00|FE |0706 |1/2  |00100110 |8045
00|00|00|FE |0706 |2/2  |00100110 |8046


---------------
Opcode: C9
ll: 02
Instruction:CMP Addressing Mode:Immediate - Operand (Value: "0x02", Address: "None")
Instruction cycle count set to 2
A |X |Y |SP |PC   |T/MT |NV-BDIZC |CYCLE
----------------------------------------
00|00|00|FE |0708 |1/2  |10100100 |8047
00|00|00|FE |0708 |2/2  |10100100 |8048


---------------
Opcode: D0
ll: F8
Old PC: 070A Offset:-8 New PC: 0702
Instruction:BNE Addressing Mode:Relative - Operand (Value: "None", Address: "0x0702")
Instruction cycle count set to 2
A |X |Y |SP |PC   |T/MT |NV-BDIZC |CYCLE
----------------------------------------
00|00|00|FE |0702 |1/3  |10100100 |8049
00|00|00|FE |0702 |2/3  |10100100 |8050
00|00|00|FE |0702 |3/3  |10100100 |8051


---------------
Opcode: 8D
ll: 00 hh: A0
Instruction:STA Addressing Mode:Absolute - Operand (Value: "0x00", Address: "0xA000")
Writing value 0x00 to address: 0xA000
0xA000: 0x00
Instruction cycle count set to 4
A |X |Y |SP |PC   |T/MT |NV-BDIZC |CYCLE
----------------------------------------
00|00|00|FE |0705 |1/4  |10100100 |8052
00|00|00|FE |0705 |2/4  |10100100 |8053
00|00|00|FE |0705 |3/4  |10100100 |8054
00|00|00|FE |0705 |4/4  |10100100 |8055


---------------
Opcode: 4A
Instruction:LSR Addressing Mode:Accumulator - Operand (Value: "0x00", Address: "None")
Instruction cycle count set to 2
A |X |Y |SP |PC   |T/MT |NV-BDIZC |CYCLE
----------------------------------------
00|00|00|FE |0706 |1/2  |00100110 |8056
00|00|00|FE |0706 |2/2  |00100110 |8057


---------------
Opcode: C9
ll: 02
Instruction:CMP Addressing Mode:Immediate - Operand (Value: "0x02", Address: "None")
Instruction cycle count set to 2
A |X |Y |SP |PC   |T/MT |NV-BDIZC |CYCLE
----------------------------------------
00|00|00|FE |0708 |1/2  |10100100 |8058
00|00|00|FE |0708 |2/2  |10100100 |8059


---------------
Opcode: D0
ll: F8
Old PC: 070A Offset:-8 New PC: 0702
Instruction:BNE Addressing Mode:Relative - Operand (Value: "None", Address: "0x0702")
Instruction cycle count set to 2
A |X |Y |SP |PC   |T/MT |NV-BDIZC |CYCLE
----------------------------------------
00|00|00|FE |0702 |1/3  |10100100 |8060
00|00|00|FE |0702 |2/3  |10100100 |8061
00|00|00|FE |0702 |3/3  |10100100 |8062


---------------
Opcode: 8D
ll: 00 hh: A0
Instruction:STA Addressing Mode:Absolute - Operand (Value: "0x00", Address: "0xA000")
Writing value 0x00 to address: 0xA000
0xA000: 0x00
Instruction cycle count set to 4
A |X |Y |SP |PC   |T/MT |NV-BDIZC |CYCLE
----------------------------------------
00|00|00|FE |0705 |1/4  |10100100 |8063
00|00|00|FE |0705 |2/4  |10100100 |8064
00|00|00|FE |0705 |3/4  |10100100 |8065
00|00|00|FE |0705 |4/4  |10100100 |8066


---------------
Opcode: 4A
Instruction:LSR Addressing Mode:Accumulator - Operand (Value: "0x00", Address: "None")
Instruction cycle count set to 2
A |X |Y |SP |PC   |T/MT |NV-BDIZC |CYCLE
----------------------------------------
00|00|00|FE |0706 |1/2  |00100110 |8067
00|00|00|FE |0706 |2/2  |00100110 |8068


---------------
Opcode: C9
ll: 02
Instruction:CMP Addressing Mode:Immediate - Operand (Value: "0x02", Address: "None")
Instruction cycle count set to 2
A |X |Y |SP |PC   |T/MT |NV-BDIZC |CYCLE
----------------------------------------
00|00|00|FE |0708 |1/2  |10100100 |8069
00|00|00|FE |0708 |2/2  |10100100 |8070


---------------
Opcode: D0
ll: F8
Old PC: 070A Offset:-8 New PC: 0702
Instruction:BNE Addressing Mode:Relative - Operand (Value: "None", Address: "0x0702")
Instruction cycle count set to 2
A |X |Y |SP |PC   |T/MT |NV-BDIZC |CYCLE
----------------------------------------
00|00|00|FE |0702 |1/3  |10100100 |8071
00|00|00|FE |0702 |2/3  |10100100 |8072
00|00|00|FE |0702 |3/3  |10100100 |8073


---------------
Opcode: 8D
ll: 00 hh: A0
Instruction:STA Addressing Mode:Absolute - Operand (Value: "0x00", Address: "0xA000")
Writing value 0x00 to address: 0xA000
0xA000: 0x00
Instruction cycle count set to 4
A |X |Y |SP |PC   |T/MT |NV-BDIZC |CYCLE
----------------------------------------
00|00|00|FE |0705 |1/4  |10100100 |8074
00|00|00|FE |0705 |2/4  |10100100 |8075
00|00|00|FE |0705 |3/4  |10100100 |8076
00|00|00|FE |0705 |4/4  |10100100 |8077


---------------
Opcode: 4A
Instruction:LSR Addressing Mode:Accumulator - Operand (Value: "0x00", Address: "None")
Instruction cycle count set to 2
A |X |Y |SP |PC   |T/MT |NV-BDIZC |CYCLE
----------------------------------------
00|00|00|FE |0706 |1/2  |00100110 |8078
00|00|00|FE |0706 |2/2  |00100110 |8079


---------------
Opcode: C9
ll: 02
Instruction:CMP Addressing Mode:Immediate - Operand (Value: "0x02", Address: "None")
Instruction cycle count set to 2
A |X |Y |SP |PC   |T/MT |NV-BDIZC |CYCLE
----------------------------------------
00|00|00|FE |0708 |1/2  |10100100 |8080
00|00|00|FE |0708 |2/2  |10100100 |8081


---------------
Opcode: D0
ll: F8
Old PC: 070A Offset:-8 New PC: 0702
Instruction:BNE Addressing Mode:Relative - Operand (Value: "None", Address: "0x0702")
Instruction cycle count set to 2
A |X |Y |SP |PC   |T/MT |NV-BDIZC |CYCLE
----------------------------------------
00|00|00|FE |0702 |1/3  |10100100 |8082
00|00|00|FE |0702 |2/3  |10100100 |8083
00|00|00|FE |0702 |3/3  |10100100 |8084


---------------
Opcode: 8D
ll: 00 hh: A0
Instruction:STA Addressing Mode:Absolute - Operand (Value: "0x00", Address: "0xA000")
Writing value 0x00 to address: 0xA000
0xA000: 0x00
Instruction cycle count set to 4
A |X |Y |SP |PC   |T/MT |NV-BDIZC |CYCLE
----------------------------------------
00|00|00|FE |0705 |1/4  |10100100 |8085
00|00|00|FE |0705 |2/4  |10100100 |8086
00|00|00|FE |0705 |3/4  |10100100 |8087
00|00|00|FE |0705 |4/4  |10100100 |8088


---------------
Opcode: 4A
Instruction:LSR Addressing Mode:Accumulator - Operand (Value: "0x00", Address: "None")
Instruction cycle count set to 2
A |X |Y |SP |PC   |T/MT |NV-BDIZC |CYCLE
----------------------------------------
00|00|00|FE |0706 |1/2  |00100110 |8089
00|00|00|FE |0706 |2/2  |00100110 |8090


---------------
Opcode: C9
ll: 02
Instruction:CMP Addressing Mode:Immediate - Operand (Value: "0x02", Address: "None")
Instruction cycle count set to 2
A |X |Y |SP |PC   |T/MT |NV-BDIZC |CYCLE
----------------------------------------
00|00|00|FE |0708 |1/2  |10100100 |8091
00|00|00|FE |0708 |2/2  |10100100 |8092


---------------
Opcode: D0
ll: F8
Old PC: 070A Offset:-8 New PC: 0702
Instruction:BNE Addressing Mode:Relative - Operand (Value: "None", Address: "0x0702")
Instruction cycle count set to 2
A |X |Y |SP |PC   |T/MT |NV-BDIZC |CYCLE
----------------------------------------
00|00|00|FE |0702 |1/3  |10100100 |8093
00|00|00|FE |0702 |2/3  |10100100 |8094
00|00|00|FE |0702 |3/3  |10100100 |8095


---------------
Opcode: 8D
ll: 00 hh: A0
Instruction:STA Addressing Mode:Absolute - Operand (Value: "0x00", Address: "0xA000")
Writing value 0x00 to address: 0xA000
0xA000: 0x00
Instruction cycle count set to 4
A |X |Y |SP |PC   |T/MT |NV-BDIZC |CYCLE
----------------------------------------
00|00|00|FE |0705 |1/4  |10100100 |8096
00|00|00|FE |0705 |2/4  |10100100 |8097
00|00|00|FE |0705 |3/4  |10100100 |8098
00|00|00|FE |0705 |4/4  |10100100 |8099


---------------
Opcode: 4A
Instruction:LSR Addressing Mode:Accumulator - Operand (Value: "0x00", Address: "None")
Instruction cycle count set to 2
A |X |Y |SP |PC   |T/MT |NV-BDIZC |CYCLE
----------------------------------------
00|00|00|FE |0706 |1/2  |00100110 |8100
00|00|00|FE |0706 |2/2  |00100110 |8101


---------------
Opcode: C9
ll: 02
Instruction:CMP Addressing Mode:Immediate - Operand (Value: "0x02", Address: "None")
Instruction cycle count set to 2
A |X |Y |SP |PC   |T/MT |NV-BDIZC |CYCLE
----------------------------------------
00|00|00|FE |0708 |1/2  |10100100 |8102
00|00|00|FE |0708 |2/2  |10100100 |8103


---------------
Opcode: D0
ll: F8
Old PC: 070A Offset:-8 New PC: 0702
Instruction:BNE Addressing Mode:Relative - Operand (Value: "None", Address: "0x0702")
Instruction cycle count set to 2
A |X |Y |SP |PC   |T/MT |NV-BDIZC |CYCLE
----------------------------------------
00|00|00|FE |0702 |1/3  |10100100 |8104
00|00|00|FE |0702 |2/3  |10100100 |8105
00|00|00|FE |0702 |3/3  |10100100 |8106


---------------
Opcode: 8D
ll: 00 hh: A0
Instruction:STA Addressing Mode:Absolute - Operand (Value: "0x00", Address: "0xA000")
Writing value 0x00 to address: 0xA000
0xA000: 0x00
Instruction cycle count set to 4
A |X |Y |SP |PC   |T/MT |NV-BDIZC |CYCLE
----------------------------------------
00|00|00|FE |0705 |1/4  |10100100 |8107
00|00|00|FE |0705 |2/4  |10100100 |8108
00|00|00|FE |0705 |3/4  |10100100 |8109
00|00|00|FE |0705 |4/4  |10100100 |8110


---------------
Opcode: 4A
Instruction:LSR Addressing Mode:Accumulator - Operand (Value: "0x00", Address: "None")
Instruction cycle count set to 2
A |X |Y |SP |PC   |T/MT |NV-BDIZC |CYCLE
----------------------------------------
00|00|00|FE |0706 |1/2  |00100110 |8111
00|00|00|FE |0706 |2/2  |00100110 |8112


---------------
Opcode: C9
ll: 02
Instruction:CMP Addressing Mode:Immediate - Operand (Value: "0x02", Address: "None")
Instruction cycle count set to 2
A |X |Y |SP |PC   |T/MT |NV-BDIZC |CYCLE
----------------------------------------
00|00|00|FE |0708 |1/2  |10100100 |8113
00|00|00|FE |0708 |2/2  |10100100 |8114


---------------
Opcode: D0
ll: F8
Old PC: 070A Offset:-8 New PC: 0702
Instruction:BNE Addressing Mode:Relative - Operand (Value: "None", Address: "0x0702")
Instruction cycle count set to 2
A |X |Y |SP |PC   |T/MT |NV-BDIZC |CYCLE
----------------------------------------
00|00|00|FE |0702 |1/3  |10100100 |8115
00|00|00|FE |0702 |2/3  |10100100 |8116
00|00|00|FE |0702 |3/3  |10100100 |8117


---------------
Opcode: 8D
ll: 00 hh: A0
Instruction:STA Addressing Mode:Absolute - Operand (Value: "0x00", Address: "0xA000")
Writing value 0x00 to address: 0xA000
0xA000: 0x00
Instruction cycle count set to 4
A |X |Y |SP |PC   |T/MT |NV-BDIZC |CYCLE
----------------------------------------
00|00|00|FE |0705 |1/4  |10100100 |8118
00|00|00|FE |0705 |2/4  |10100100 |8119
00|00|00|FE |0705 |3/4  |10100100 |8120
00|00|00|FE |0705 |4/4  |10100100 |8121


---------------
Opcode: 4A
Instruction:LSR Addressing Mode:Accumulator - Operand (Value: "0x00", Address: "None")
Instruction cycle count set to 2
A |X |Y |SP |PC   |T/MT |NV-BDIZC |CYCLE
----------------------------------------
00|00|00|FE |0706 |1/2  |00100110 |8122
00|00|00|FE |0706 |2/2  |00100110 |8123


---------------
Opcode: C9
ll: 02
Instruction:CMP Addressing Mode:Immediate - Operand (Value: "0x02", Address: "None")
Instruction cycle count set to 2
A |X |Y |SP |PC   |T/MT |NV-BDIZC |CYCLE
----------------------------------------
00|00|00|FE |0708 |1/2  |10100100 |8124
00|00|00|FE |0708 |2/2  |10100100 |8125


---------------
Opcode: D0
ll: F8
Old PC: 070A Offset:-8 New PC: 0702
Instruction:BNE Addressing Mode:Relative - Operand (Value: "None", Address: "0x0702")
Instruction cycle count set to 2
A |X |Y |SP |PC   |T/MT |NV-BDIZC |CYCLE
----------------------------------------
00|00|00|FE |0702 |1/3  |10100100 |8126
00|00|00|FE |0702 |2/3  |10100100 |8127
00|00|00|FE |0702 |3/3  |10100100 |8128


---------------
Opcode: 8D
ll: 00 hh: A0
Instruction:STA Addressing Mode:Absolute - Operand (Value: "0x00", Address: "0xA000")
Writing value 0x00 to address: 0xA000
0xA000: 0x00
Instruction cycle count set to 4
A |X |Y |SP |PC   |T/MT |NV-BDIZC |CYCLE
----------------------------------------
00|00|00|FE |0705 |1/4  |10100100 |8129
00|00|00|FE |0705 |2/4  |10100100 |8130
00|00|00|FE |0705 |3/4  |10100100 |8131
00|00|00|FE |0705 |4/4  |10100100 |8132


---------------
Opcode: 4A
Instruction:LSR Addressing Mode:Accumulator - Operand (Value: "0x00", Address: "None")
Instruction cycle count set to 2
A |X |Y |SP |PC   |T/MT |NV-BDIZC |CYCLE
----------------------------------------
00|00|00|FE |0706 |1/2  |00100110 |8133
00|00|00|FE |0706 |2/2  |00100110 |8134


---------------
Opcode: C9
ll: 02
Instruction:CMP Addressing Mode:Immediate - Operand (Value: "0x02", Address: "None")
Instruction cycle count set to 2
A |X |Y |SP |PC   |T/MT |NV-BDIZC |CYCLE
----------------------------------------
00|00|00|FE |0708 |1/2  |10100100 |8135
00|00|00|FE |0708 |2/2  |10100100 |8136


---------------
Opcode: D0
ll: F8
Old PC: 070A Offset:-8 New PC: 0702
Instruction:BNE Addressing Mode:Relative - Operand (Value: "None", Address: "0x0702")
Instruction cycle count set to 2
A |X |Y |SP |PC   |T/MT |NV-BDIZC |CYCLE
----------------------------------------
00|00|00|FE |0702 |1/3  |10100100 |8137
00|00|00|FE |0702 |2/3  |10100100 |8138
00|00|00|FE |0702 |3/3  |10100100 |8139


---------------
Opcode: 8D
ll: 00 hh: A0
Instruction:STA Addressing Mode:Absolute - Operand (Value: "0x00", Address: "0xA000")
Writing value 0x00 to address: 0xA000
0xA000: 0x00
Instruction cycle count set to 4
A |X |Y |SP |PC   |T/MT |NV-BDIZC |CYCLE
----------------------------------------
00|00|00|FE |0705 |1/4  |10100100 |8140
00|00|00|FE |0705 |2/4  |10100100 |8141
00|00|00|FE |0705 |3/4  |10100100 |8142
00|00|00|FE |0705 |4/4  |10100100 |8143


---------------
Opcode: 4A
Instruction:LSR Addressing Mode:Accumulator - Operand (Value: "0x00", Address: "None")
Instruction cycle count set to 2
A |X |Y |SP |PC   |T/MT |NV-BDIZC |CYCLE
----------------------------------------
00|00|00|FE |0706 |1/2  |00100110 |8144
00|00|00|FE |0706 |2/2  |00100110 |8145


---------------
Opcode: C9
ll: 02
Instruction:CMP Addressing Mode:Immediate - Operand (Value: "0x02", Address: "None")
Instruction cycle count set to 2
A |X |Y |SP |PC   |T/MT |NV-BDIZC |CYCLE
----------------------------------------
00|00|00|FE |0708 |1/2  |10100100 |8146
00|00|00|FE |0708 |2/2  |10100100 |8147


---------------
Opcode: D0
ll: F8
Old PC: 070A Offset:-8 New PC: 0702
Instruction:BNE Addressing Mode:Relative - Operand (Value: "None", Address: "0x0702")
Instruction cycle count set to 2
A |X |Y |SP |PC   |T/MT |NV-BDIZC |CYCLE
----------------------------------------
00|00|00|FE |0702 |1/3  |10100100 |8148
00|00|00|FE |0702 |2/3  |10100100 |8149
00|00|00|FE |0702 |3/3  |10100100 |8150


---------------
Opcode: 8D
ll: 00 hh: A0
Instruction:STA Addressing Mode:Absolute - Operand (Value: "0x00", Address: "0xA000")
Writing value 0x00 to address: 0xA000
0xA000: 0x00
Instruction cycle count set to 4
A |X |Y |SP |PC   |T/MT |NV-BDIZC |CYCLE
----------------------------------------
00|00|00|FE |0705 |1/4  |10100100 |8151
00|00|00|FE |0705 |2/4  |10100100 |8152
00|00|00|FE |0705 |3/4  |10100100 |8153
00|00|00|FE |0705 |4/4  |10100100 |8154


---------------
Opcode: 4A
Instruction:LSR Addressing Mode:Accumulator - Operand (Value: "0x00", Address: "None")
Instruction cycle count set to 2
A |X |Y |SP |PC   |T/MT |NV-BDIZC |CYCLE
----------------------------------------
00|00|00|FE |0706 |1/2  |00100110 |8155
00|00|00|FE |0706 |2/2  |00100110 |8156


---------------
Opcode: C9
ll: 02
Instruction:CMP Addressing Mode:Immediate - Operand (Value: "0x02", Address: "None")
Instruction cycle count set to 2
A |X |Y |SP |PC   |T/MT |NV-BDIZC |CYCLE
----------------------------------------
00|00|00|FE |0708 |1/2  |10100100 |8157
00|00|00|FE |0708 |2/2  |10100100 |8158


---------------
Opcode: D0
ll: F8
Old PC: 070A Offset:-8 New PC: 0702
Instruction:BNE Addressing Mode:Relative - Operand (Value: "None", Address: "0x0702")
Instruction cycle count set to 2
A |X |Y |SP |PC   |T/MT |NV-BDIZC |CYCLE
----------------------------------------
00|00|00|FE |0702 |1/3  |10100100 |8159
00|00|00|FE |0702 |2/3  |10100100 |8160
00|00|00|FE |0702 |3/3  |10100100 |8161


---------------
Opcode: 8D
ll: 00 hh: A0
Instruction:STA Addressing Mode:Absolute - Operand (Value: "0x00", Address: "0xA000")
Writing value 0x00 to address: 0xA000
0xA000: 0x00
Instruction cycle count set to 4
A |X |Y |SP |PC   |T/MT |NV-BDIZC |CYCLE
----------------------------------------
00|00|00|FE |0705 |1/4  |10100100 |8162
00|00|00|FE |0705 |2/4  |10100100 |8163
00|00|00|FE |0705 |3/4  |10100100 |8164
00|00|00|FE |0705 |4/4  |10100100 |8165


---------------
Opcode: 4A
Instruction:LSR Addressing Mode:Accumulator - Operand (Value: "0x00", Address: "None")
Instruction cycle count set to 2
A |X |Y |SP |PC   |T/MT |NV-BDIZC |CYCLE
----------------------------------------
00|00|00|FE |0706 |1/2  |00100110 |8166
00|00|00|FE |0706 |2/2  |00100110 |8167


---------------
Opcode: C9
ll: 02
Instruction:CMP Addressing Mode:Immediate - Operand (Value: "0x02", Address: "None")
Instruction cycle count set to 2
A |X |Y |SP |PC   |T/MT |NV-BDIZC |CYCLE
----------------------------------------
00|00|00|FE |0708 |1/2  |10100100 |8168
00|00|00|FE |0708 |2/2  |10100100 |8169


---------------
Opcode: D0
ll: F8
Old PC: 070A Offset:-8 New PC: 0702
Instruction:BNE Addressing Mode:Relative - Operand (Value: "None", Address: "0x0702")
Instruction cycle count set to 2
A |X |Y |SP |PC   |T/MT |NV-BDIZC |CYCLE
----------------------------------------
00|00|00|FE |0702 |1/3  |10100100 |8170
00|00|00|FE |0702 |2/3  |10100100 |8171
00|00|00|FE |0702 |3/3  |10100100 |8172


---------------
Opcode: 8D
ll: 00 hh: A0
Instruction:STA Addressing Mode:Absolute - Operand (Value: "0x00", Address: "0xA000")
Writing value 0x00 to address: 0xA000
0xA000: 0x00
Instruction cycle count set to 4
A |X |Y |SP |PC   |T/MT |NV-BDIZC |CYCLE
----------------------------------------
00|00|00|FE |0705 |1/4  |10100100 |8173
00|00|00|FE |0705 |2/4  |10100100 |8174
00|00|00|FE |0705 |3/4  |10100100 |8175
00|00|00|FE |0705 |4/4  |10100100 |8176


---------------
Opcode: 4A
Instruction:LSR Addressing Mode:Accumulator - Operand (Value: "0x00", Address: "None")
Instruction cycle count set to 2
A |X |Y |SP |PC   |T/MT |NV-BDIZC |CYCLE
----------------------------------------
00|00|00|FE |0706 |1/2  |00100110 |8177
00|00|00|FE |0706 |2/2  |00100110 |8178


---------------
Opcode: C9
ll: 02
Instruction:CMP Addressing Mode:Immediate - Operand (Value: "0x02", Address: "None")
Instruction cycle count set to 2
A |X |Y |SP |PC   |T/MT |NV-BDIZC |CYCLE
----------------------------------------
00|00|00|FE |0708 |1/2  |10100100 |8179
00|00|00|FE |0708 |2/2  |10100100 |8180


---------------
Opcode: D0
ll: F8
Old PC: 070A Offset:-8 New PC: 0702
Instruction:BNE Addressing Mode:Relative - Operand (Value: "None", Address: "0x0702")
Instruction cycle count set to 2
A |X |Y |SP |PC   |T/MT |NV-BDIZC |CYCLE
----------------------------------------
00|00|00|FE |0702 |1/3  |10100100 |8181
00|00|00|FE |0702 |2/3  |10100100 |8182
00|00|00|FE |0702 |3/3  |10100100 |8183


---------------
Opcode: 8D
ll: 00 hh: A0
Instruction:STA Addressing Mode:Absolute - Operand (Value: "0x00", Address: "0xA000")
Writing value 0x00 to address: 0xA000
0xA000: 0x00
Instruction cycle count set to 4
A |X |Y |SP |PC   |T/MT |NV-BDIZC |CYCLE
----------------------------------------
00|00|00|FE |0705 |1/4  |10100100 |8184
00|00|00|FE |0705 |2/4  |10100100 |8185
00|00|00|FE |0705 |3/4  |10100100 |8186
00|00|00|FE |0705 |4/4  |10100100 |8187


---------------
Opcode: 4A
Instruction:LSR Addressing Mode:Accumulator - Operand (Value: "0x00", Address: "None")
Instruction cycle count set to 2
A |X |Y |SP |PC   |T/MT |NV-BDIZC |CYCLE
----------------------------------------
00|00|00|FE |0706 |1/2  |00100110 |8188
00|00|00|FE |0706 |2/2  |00100110 |8189


---------------
Opcode: C9
ll: 02
Instruction:CMP Addressing Mode:Immediate - Operand (Value: "0x02", Address: "None")
Instruction cycle count set to 2
A |X |Y |SP |PC   |T/MT |NV-BDIZC |CYCLE
----------------------------------------
00|00|00|FE |0708 |1/2  |10100100 |8190
00|00|00|FE |0708 |2/2  |10100100 |8191


---------------
Opcode: D0
ll: F8
Old PC: 070A Offset:-8 New PC: 0702
Instruction:BNE Addressing Mode:Relative - Operand (Value: "None", Address: "0x0702")
Instruction cycle count set to 2
A |X |Y |SP |PC   |T/MT |NV-BDIZC |CYCLE
----------------------------------------
00|00|00|FE |0702 |1/3  |10100100 |8192
00|00|00|FE |0702 |2/3  |10100100 |8193
00|00|00|FE |0702 |3/3  |10100100 |8194


---------------
Opcode: 8D
ll: 00 hh: A0
Instruction:STA Addressing Mode:Absolute - Operand (Value: "0x00", Address: "0xA000")
Writing value 0x00 to address: 0xA000
0xA000: 0x00
Instruction cycle count set to 4
A |X |Y |SP |PC   |T/MT |NV-BDIZC |CYCLE
----------------------------------------
00|00|00|FE |0705 |1/4  |10100100 |8195
00|00|00|FE |0705 |2/4  |10100100 |8196
00|00|00|FE |0705 |3/4  |10100100 |8197
00|00|00|FE |0705 |4/4  |10100100 |8198


---------------
Opcode: 4A
Instruction:LSR Addressing Mode:Accumulator - Operand (Value: "0x00", Address: "None")
Instruction cycle count set to 2
A |X |Y |SP |PC   |T/MT |NV-BDIZC |CYCLE
----------------------------------------
00|00|00|FE |0706 |1/2  |00100110 |8199
00|00|00|FE |0706 |2/2  |00100110 |8200


---------------
Opcode: C9
ll: 02
Instruction:CMP Addressing Mode:Immediate - Operand (Value: "0x02", Address: "None")
Instruction cycle count set to 2
A |X |Y |SP |PC   |T/MT |NV-BDIZC |CYCLE
----------------------------------------
00|00|00|FE |0708 |1/2  |10100100 |8201
00|00|00|FE |0708 |2/2  |10100100 |8202


---------------
Opcode: D0
ll: F8
Old PC: 070A Offset:-8 New PC: 0702
Instruction:BNE Addressing Mode:Relative - Operand (Value: "None", Address: "0x0702")
Instruction cycle count set to 2
A |X |Y |SP |PC   |T/MT |NV-BDIZC |CYCLE
----------------------------------------
00|00|00|FE |0702 |1/3  |10100100 |8203
00|00|00|FE |0702 |2/3  |10100100 |8204
00|00|00|FE |0702 |3/3  |10100100 |8205


---------------
Opcode: 8D
ll: 00 hh: A0
Instruction:STA Addressing Mode:Absolute - Operand (Value: "0x00", Address: "0xA000")
Writing value 0x00 to address: 0xA000
0xA000: 0x00
Instruction cycle count set to 4
A |X |Y |SP |PC   |T/MT |NV-BDIZC |CYCLE
----------------------------------------
00|00|00|FE |0705 |1/4  |10100100 |8206
00|00|00|FE |0705 |2/4  |10100100 |8207
00|00|00|FE |0705 |3/4  |10100100 |8208
00|00|00|FE |0705 |4/4  |10100100 |8209


---------------
Opcode: 4A
Instruction:LSR Addressing Mode:Accumulator - Operand (Value: "0x00", Address: "None")
Instruction cycle count set to 2
A |X |Y |SP |PC   |T/MT |NV-BDIZC |CYCLE
----------------------------------------
00|00|00|FE |0706 |1/2  |00100110 |8210
00|00|00|FE |0706 |2/2  |00100110 |8211


---------------
Opcode: C9
ll: 02
Instruction:CMP Addressing Mode:Immediate - Operand (Value: "0x02", Address: "None")
Instruction cycle count set to 2
A |X |Y |SP |PC   |T/MT |NV-BDIZC |CYCLE
----------------------------------------
00|00|00|FE |0708 |1/2  |10100100 |8212
00|00|00|FE |0708 |2/2  |10100100 |8213


---------------
Opcode: D0
ll: F8
Old PC: 070A Offset:-8 New PC: 0702
Instruction:BNE Addressing Mode:Relative - Operand (Value: "None", Address: "0x0702")
Instruction cycle count set to 2
A |X |Y |SP |PC   |T/MT |NV-BDIZC |CYCLE
----------------------------------------
00|00|00|FE |0702 |1/3  |10100100 |8214
00|00|00|FE |0702 |2/3  |10100100 |8215
00|00|00|FE |0702 |3/3  |10100100 |8216


---------------
Opcode: 8D
ll: 00 hh: A0
Instruction:STA Addressing Mode:Absolute - Operand (Value: "0x00", Address: "0xA000")
Writing value 0x00 to address: 0xA000
0xA000: 0x00
Instruction cycle count set to 4
A |X |Y |SP |PC   |T/MT |NV-BDIZC |CYCLE
----------------------------------------
00|00|00|FE |0705 |1/4  |10100100 |8217
00|00|00|FE |0705 |2/4  |10100100 |8218
00|00|00|FE |0705 |3/4  |10100100 |8219
00|00|00|FE |0705 |4/4  |10100100 |8220


---------------
Opcode: 4A
Instruction:LSR Addressing Mode:Accumulator - Operand (Value: "0x00", Address: "None")
Instruction cycle count set to 2
A |X |Y |SP |PC   |T/MT |NV-BDIZC |CYCLE
----------------------------------------
00|00|00|FE |0706 |1/2  |00100110 |8221
00|00|00|FE |0706 |2/2  |00100110 |8222


---------------
Opcode: C9
ll: 02
Instruction:CMP Addressing Mode:Immediate - Operand (Value: "0x02", Address: "None")
Instruction cycle count set to 2
A |X |Y |SP |PC   |T/MT |NV-BDIZC |CYCLE
----------------------------------------
00|00|00|FE |0708 |1/2  |10100100 |8223
00|00|00|FE |0708 |2/2  |10100100 |8224


---------------
Opcode: D0
ll: F8
Old PC: 070A Offset:-8 New PC: 0702
Instruction:BNE Addressing Mode:Relative - Operand (Value: "None", Address: "0x0702")
Instruction cycle count set to 2
A |X |Y |SP |PC   |T/MT |NV-BDIZC |CYCLE
----------------------------------------
00|00|00|FE |0702 |1/3  |10100100 |8225
00|00|00|FE |0702 |2/3  |10100100 |8226
00|00|00|FE |0702 |3/3  |10100100 |8227


---------------
Opcode: 8D
ll: 00 hh: A0
Instruction:STA Addressing Mode:Absolute - Operand (Value: "0x00", Address: "0xA000")
Writing value 0x00 to address: 0xA000
0xA000: 0x00
Instruction cycle count set to 4
A |X |Y |SP |PC   |T/MT |NV-BDIZC |CYCLE
----------------------------------------
00|00|00|FE |0705 |1/4  |10100100 |8228
00|00|00|FE |0705 |2/4  |10100100 |8229
00|00|00|FE |0705 |3/4  |10100100 |8230
00|00|00|FE |0705 |4/4  |10100100 |8231


---------------
Opcode: 4A
Instruction:LSR Addressing Mode:Accumulator - Operand (Value: "0x00", Address: "None")
Instruction cycle count set to 2
A |X |Y |SP |PC   |T/MT |NV-BDIZC |CYCLE
----------------------------------------
00|00|00|FE |0706 |1/2  |00100110 |8232
00|00|00|FE |0706 |2/2  |00100110 |8233


---------------
Opcode: C9
ll: 02
Instruction:CMP Addressing Mode:Immediate - Operand (Value: "0x02", Address: "None")
Instruction cycle count set to 2
A |X |Y |SP |PC   |T/MT |NV-BDIZC |CYCLE
----------------------------------------
00|00|00|FE |0708 |1/2  |10100100 |8234
00|00|00|FE |0708 |2/2  |10100100 |8235


---------------
Opcode: D0
ll: F8
Old PC: 070A Offset:-8 New PC: 0702
Instruction:BNE Addressing Mode:Relative - Operand (Value: "None", Address: "0x0702")
Instruction cycle count set to 2
A |X |Y |SP |PC   |T/MT |NV-BDIZC |CYCLE
----------------------------------------
00|00|00|FE |0702 |1/3  |10100100 |8236
00|00|00|FE |0702 |2/3  |10100100 |8237
00|00|00|FE |0702 |3/3  |10100100 |8238


---------------
Opcode: 8D
ll: 00 hh: A0
Instruction:STA Addressing Mode:Absolute - Operand (Value: "0x00", Address: "0xA000")
Writing value 0x00 to address: 0xA000
0xA000: 0x00
Instruction cycle count set to 4
A |X |Y |SP |PC   |T/MT |NV-BDIZC |CYCLE
----------------------------------------
00|00|00|FE |0705 |1/4  |10100100 |8239
00|00|00|FE |0705 |2/4  |10100100 |8240
00|00|00|FE |0705 |3/4  |10100100 |8241
00|00|00|FE |0705 |4/4  |10100100 |8242


---------------
Opcode: 4A
Instruction:LSR Addressing Mode:Accumulator - Operand (Value: "0x00", Address: "None")
Instruction cycle count set to 2
A |X |Y |SP |PC   |T/MT |NV-BDIZC |CYCLE
----------------------------------------
00|00|00|FE |0706 |1/2  |00100110 |8243
00|00|00|FE |0706 |2/2  |00100110 |8244


---------------
Opcode: C9
ll: 02
Instruction:CMP Addressing Mode:Immediate - Operand (Value: "0x02", Address: "None")
Instruction cycle count set to 2
A |X |Y |SP |PC   |T/MT |NV-BDIZC |CYCLE
----------------------------------------
00|00|00|FE |0708 |1/2  |10100100 |8245
00|00|00|FE |0708 |2/2  |10100100 |8246


---------------
Opcode: D0
ll: F8
Old PC: 070A Offset:-8 New PC: 0702
Instruction:BNE Addressing Mode:Relative - Operand (Value: "None", Address: "0x0702")
Instruction cycle count set to 2
A |X |Y |SP |PC   |T/MT |NV-BDIZC |CYCLE
----------------------------------------
00|00|00|FE |0702 |1/3  |10100100 |8247
00|00|00|FE |0702 |2/3  |10100100 |8248
00|00|00|FE |0702 |3/3  |10100100 |8249


---------------
Opcode: 8D
ll: 00 hh: A0
Instruction:STA Addressing Mode:Absolute - Operand (Value: "0x00", Address: "0xA000")
Writing value 0x00 to address: 0xA000
0xA000: 0x00
Instruction cycle count set to 4
A |X |Y |SP |PC   |T/MT |NV-BDIZC |CYCLE
----------------------------------------
00|00|00|FE |0705 |1/4  |10100100 |8250
00|00|00|FE |0705 |2/4  |10100100 |8251
00|00|00|FE |0705 |3/4  |10100100 |8252
00|00|00|FE |0705 |4/4  |10100100 |8253


---------------
Opcode: 4A
Instruction:LSR Addressing Mode:Accumulator - Operand (Value: "0x00", Address: "None")
Instruction cycle count set to 2
A |X |Y |SP |PC   |T/MT |NV-BDIZC |CYCLE
----------------------------------------
00|00|00|FE |0706 |1/2  |00100110 |8254
00|00|00|FE |0706 |2/2  |00100110 |8255


---------------
Opcode: C9
ll: 02
Instruction:CMP Addressing Mode:Immediate - Operand (Value: "0x02", Address: "None")
Instruction cycle count set to 2
A |X |Y |SP |PC   |T/MT |NV-BDIZC |CYCLE
----------------------------------------
00|00|00|FE |0708 |1/2  |10100100 |8256
00|00|00|FE |0708 |2/2  |10100100 |8257


---------------
Opcode: D0
ll: F8
Old PC: 070A Offset:-8 New PC: 0702
Instruction:BNE Addressing Mode:Relative - Operand (Value: "None", Address: "0x0702")
Instruction cycle count set to 2
A |X |Y |SP |PC   |T/MT |NV-BDIZC |CYCLE
----------------------------------------
00|00|00|FE |0702 |1/3  |10100100 |8258
00|00|00|FE |0702 |2/3  |10100100 |8259
00|00|00|FE |0702 |3/3  |10100100 |8260


---------------
Opcode: 8D
ll: 00 hh: A0
Instruction:STA Addressing Mode:Absolute - Operand (Value: "0x00", Address: "0xA000")
Writing value 0x00 to address: 0xA000
0xA000: 0x00
Instruction cycle count set to 4
A |X |Y |SP |PC   |T/MT |NV-BDIZC |CYCLE
----------------------------------------
00|00|00|FE |0705 |1/4  |10100100 |8261
00|00|00|FE |0705 |2/4  |10100100 |8262
00|00|00|FE |0705 |3/4  |10100100 |8263
00|00|00|FE |0705 |4/4  |10100100 |8264


---------------
Opcode: 4A
Instruction:LSR Addressing Mode:Accumulator - Operand (Value: "0x00", Address: "None")
Instruction cycle count set to 2
A |X |Y |SP |PC   |T/MT |NV-BDIZC |CYCLE
----------------------------------------
00|00|00|FE |0706 |1/2  |00100110 |8265
00|00|00|FE |0706 |2/2  |00100110 |8266


---------------
Opcode: C9
ll: 02
Instruction:CMP Addressing Mode:Immediate - Operand (Value: "0x02", Address: "None")
Instruction cycle count set to 2
A |X |Y |SP |PC   |T/MT |NV-BDIZC |CYCLE
----------------------------------------
00|00|00|FE |0708 |1/2  |10100100 |8267
00|00|00|FE |0708 |2/2  |10100100 |8268


---------------
Opcode: D0
ll: F8
Old PC: 070A Offset:-8 New PC: 0702
Instruction:BNE Addressing Mode:Relative - Operand (Value: "None", Address: "0x0702")
Instruction cycle count set to 2
A |X |Y |SP |PC   |T/MT |NV-BDIZC |CYCLE
----------------------------------------
00|00|00|FE |0702 |1/3  |10100100 |8269
00|00|00|FE |0702 |2/3  |10100100 |8270
00|00|00|FE |0702 |3/3  |10100100 |8271


---------------
Opcode: 8D
ll: 00 hh: A0
Instruction:STA Addressing Mode:Absolute - Operand (Value: "0x00", Address: "0xA000")
Writing value 0x00 to address: 0xA000
0xA000: 0x00
Instruction cycle count set to 4
A |X |Y |SP |PC   |T/MT |NV-BDIZC |CYCLE
----------------------------------------
00|00|00|FE |0705 |1/4  |10100100 |8272
00|00|00|FE |0705 |2/4  |10100100 |8273
00|00|00|FE |0705 |3/4  |10100100 |8274
00|00|00|FE |0705 |4/4  |10100100 |8275


---------------
Opcode: 4A
Instruction:LSR Addressing Mode:Accumulator - Operand (Value: "0x00", Address: "None")
Instruction cycle count set to 2
A |X |Y |SP |PC   |T/MT |NV-BDIZC |CYCLE
----------------------------------------
00|00|00|FE |0706 |1/2  |00100110 |8276
00|00|00|FE |0706 |2/2  |00100110 |8277


---------------
Opcode: C9
ll: 02
Instruction:CMP Addressing Mode:Immediate - Operand (Value: "0x02", Address: "None")
Instruction cycle count set to 2
A |X |Y |SP |PC   |T/MT |NV-BDIZC |CYCLE
----------------------------------------
00|00|00|FE |0708 |1/2  |10100100 |8278
00|00|00|FE |0708 |2/2  |10100100 |8279


---------------
Opcode: D0
ll: F8
Old PC: 070A Offset:-8 New PC: 0702
Instruction:BNE Addressing Mode:Relative - Operand (Value: "None", Address: "0x0702")
Instruction cycle count set to 2
A |X |Y |SP |PC   |T/MT |NV-BDIZC |CYCLE
----------------------------------------
00|00|00|FE |0702 |1/3  |10100100 |8280
00|00|00|FE |0702 |2/3  |10100100 |8281
00|00|00|FE |0702 |3/3  |10100100 |8282


---------------
Opcode: 8D
ll: 00 hh: A0
Instruction:STA Addressing Mode:Absolute - Operand (Value: "0x00", Address: "0xA000")
Writing value 0x00 to address: 0xA000
0xA000: 0x00
Instruction cycle count set to 4
A |X |Y |SP |PC   |T/MT |NV-BDIZC |CYCLE
----------------------------------------
00|00|00|FE |0705 |1/4  |10100100 |8283
00|00|00|FE |0705 |2/4  |10100100 |8284
00|00|00|FE |0705 |3/4  |10100100 |8285
00|00|00|FE |0705 |4/4  |10100100 |8286


---------------
Opcode: 4A
Instruction:LSR Addressing Mode:Accumulator - Operand (Value: "0x00", Address: "None")
Instruction cycle count set to 2
A |X |Y |SP |PC   |T/MT |NV-BDIZC |CYCLE
----------------------------------------
00|00|00|FE |0706 |1/2  |00100110 |8287
00|00|00|FE |0706 |2/2  |00100110 |8288


---------------
Opcode: C9
ll: 02
Instruction:CMP Addressing Mode:Immediate - Operand (Value: "0x02", Address: "None")
Instruction cycle count set to 2
A |X |Y |SP |PC   |T/MT |NV-BDIZC |CYCLE
----------------------------------------
00|00|00|FE |0708 |1/2  |10100100 |8289
00|00|00|FE |0708 |2/2  |10100100 |8290


---------------
Opcode: D0
ll: F8
Old PC: 070A Offset:-8 New PC: 0702
Instruction:BNE Addressing Mode:Relative - Operand (Value: "None", Address: "0x0702")
Instruction cycle count set to 2
A |X |Y |SP |PC   |T/MT |NV-BDIZC |CYCLE
----------------------------------------
00|00|00|FE |0702 |1/3  |10100100 |8291
00|00|00|FE |0702 |2/3  |10100100 |8292
00|00|00|FE |0702 |3/3  |10100100 |8293


---------------
Opcode: 8D
ll: 00 hh: A0
Instruction:STA Addressing Mode:Absolute - Operand (Value: "0x00", Address: "0xA000")
Writing value 0x00 to address: 0xA000
0xA000: 0x00
Instruction cycle count set to 4
A |X |Y |SP |PC   |T/MT |NV-BDIZC |CYCLE
----------------------------------------
00|00|00|FE |0705 |1/4  |10100100 |8294
00|00|00|FE |0705 |2/4  |10100100 |8295
00|00|00|FE |0705 |3/4  |10100100 |8296
00|00|00|FE |0705 |4/4  |10100100 |8297


---------------
Opcode: 4A
Instruction:LSR Addressing Mode:Accumulator - Operand (Value: "0x00", Address: "None")
Instruction cycle count set to 2
A |X |Y |SP |PC   |T/MT |NV-BDIZC |CYCLE
----------------------------------------
00|00|00|FE |0706 |1/2  |00100110 |8298
00|00|00|FE |0706 |2/2  |00100110 |8299


---------------
Opcode: C9
ll: 02
Instruction:CMP Addressing Mode:Immediate - Operand (Value: "0x02", Address: "None")
Instruction cycle count set to 2
A |X |Y |SP |PC   |T/MT |NV-BDIZC |CYCLE
----------------------------------------
00|00|00|FE |0708 |1/2  |10100100 |8300
00|00|00|FE |0708 |2/2  |10100100 |8301


---------------
Opcode: D0
ll: F8
Old PC: 070A Offset:-8 New PC: 0702
Instruction:BNE Addressing Mode:Relative - Operand (Value: "None", Address: "0x0702")
Instruction cycle count set to 2
A |X |Y |SP |PC   |T/MT |NV-BDIZC |CYCLE
----------------------------------------
00|00|00|FE |0702 |1/3  |10100100 |8302
00|00|00|FE |0702 |2/3  |10100100 |8303
00|00|00|FE |0702 |3/3  |10100100 |8304


---------------
Opcode: 8D
ll: 00 hh: A0
Instruction:STA Addressing Mode:Absolute - Operand (Value: "0x00", Address: "0xA000")
Writing value 0x00 to address: 0xA000
0xA000: 0x00
Instruction cycle count set to 4
A |X |Y |SP |PC   |T/MT |NV-BDIZC |CYCLE
----------------------------------------
00|00|00|FE |0705 |1/4  |10100100 |8305
00|00|00|FE |0705 |2/4  |10100100 |8306
00|00|00|FE |0705 |3/4  |10100100 |8307
00|00|00|FE |0705 |4/4  |10100100 |8308


---------------
Opcode: 4A
Instruction:LSR Addressing Mode:Accumulator - Operand (Value: "0x00", Address: "None")
Instruction cycle count set to 2
A |X |Y |SP |PC   |T/MT |NV-BDIZC |CYCLE
----------------------------------------
00|00|00|FE |0706 |1/2  |00100110 |8309
00|00|00|FE |0706 |2/2  |00100110 |8310


---------------
Opcode: C9
ll: 02
Instruction:CMP Addressing Mode:Immediate - Operand (Value: "0x02", Address: "None")
Instruction cycle count set to 2
A |X |Y |SP |PC   |T/MT |NV-BDIZC |CYCLE
----------------------------------------
00|00|00|FE |0708 |1/2  |10100100 |8311
00|00|00|FE |0708 |2/2  |10100100 |8312


---------------
Opcode: D0
ll: F8
Old PC: 070A Offset:-8 New PC: 0702
Instruction:BNE Addressing Mode:Relative - Operand (Value: "None", Address: "0x0702")
Instruction cycle count set to 2
A |X |Y |SP |PC   |T/MT |NV-BDIZC |CYCLE
----------------------------------------
00|00|00|FE |0702 |1/3  |10100100 |8313
00|00|00|FE |0702 |2/3  |10100100 |8314
00|00|00|FE |0702 |3/3  |10100100 |8315


---------------
Opcode: 8D
ll: 00 hh: A0
Instruction:STA Addressing Mode:Absolute - Operand (Value: "0x00", Address: "0xA000")
Writing value 0x00 to address: 0xA000
0xA000: 0x00
Instruction cycle count set to 4
A |X |Y |SP |PC   |T/MT |NV-BDIZC |CYCLE
----------------------------------------
00|00|00|FE |0705 |1/4  |10100100 |8316
00|00|00|FE |0705 |2/4  |10100100 |8317
00|00|00|FE |0705 |3/4  |10100100 |8318
00|00|00|FE |0705 |4/4  |10100100 |8319


---------------
Opcode: 4A
Instruction:LSR Addressing Mode:Accumulator - Operand (Value: "0x00", Address: "None")
Instruction cycle count set to 2
A |X |Y |SP |PC   |T/MT |NV-BDIZC |CYCLE
----------------------------------------
00|00|00|FE |0706 |1/2  |00100110 |8320
00|00|00|FE |0706 |2/2  |00100110 |8321


---------------
Opcode: C9
ll: 02
Instruction:CMP Addressing Mode:Immediate - Operand (Value: "0x02", Address: "None")
Instruction cycle count set to 2
A |X |Y |SP |PC   |T/MT |NV-BDIZC |CYCLE
----------------------------------------
00|00|00|FE |0708 |1/2  |10100100 |8322
00|00|00|FE |0708 |2/2  |10100100 |8323


---------------
Opcode: D0
ll: F8
Old PC: 070A Offset:-8 New PC: 0702
Instruction:BNE Addressing Mode:Relative - Operand (Value: "None", Address: "0x0702")
Instruction cycle count set to 2
A |X |Y |SP |PC   |T/MT |NV-BDIZC |CYCLE
----------------------------------------
00|00|00|FE |0702 |1/3  |10100100 |8324
00|00|00|FE |0702 |2/3  |10100100 |8325
00|00|00|FE |0702 |3/3  |10100100 |8326


---------------
Opcode: 8D
ll: 00 hh: A0
Instruction:STA Addressing Mode:Absolute - Operand (Value: "0x00", Address: "0xA000")
Writing value 0x00 to address: 0xA000
0xA000: 0x00
Instruction cycle count set to 4
A |X |Y |SP |PC   |T/MT |NV-BDIZC |CYCLE
----------------------------------------
00|00|00|FE |0705 |1/4  |10100100 |8327
00|00|00|FE |0705 |2/4  |10100100 |8328
00|00|00|FE |0705 |3/4  |10100100 |8329
00|00|00|FE |0705 |4/4  |10100100 |8330


---------------
Opcode: 4A
Instruction:LSR Addressing Mode:Accumulator - Operand (Value: "0x00", Address: "None")
Instruction cycle count set to 2
A |X |Y |SP |PC   |T/MT |NV-BDIZC |CYCLE
----------------------------------------
00|00|00|FE |0706 |1/2  |00100110 |8331
00|00|00|FE |0706 |2/2  |00100110 |8332


---------------
Opcode: C9
ll: 02
Instruction:CMP Addressing Mode:Immediate - Operand (Value: "0x02", Address: "None")
Instruction cycle count set to 2
A |X |Y |SP |PC   |T/MT |NV-BDIZC |CYCLE
----------------------------------------
00|00|00|FE |0708 |1/2  |10100100 |8333
00|00|00|FE |0708 |2/2  |10100100 |8334


---------------
Opcode: D0
ll: F8
Old PC: 070A Offset:-8 New PC: 0702
Instruction:BNE Addressing Mode:Relative - Operand (Value: "None", Address: "0x0702")
Instruction cycle count set to 2
A |X |Y |SP |PC   |T/MT |NV-BDIZC |CYCLE
----------------------------------------
00|00|00|FE |0702 |1/3  |10100100 |8335
00|00|00|FE |0702 |2/3  |10100100 |8336
00|00|00|FE |0702 |3/3  |10100100 |8337


---------------
Opcode: 8D
ll: 00 hh: A0
Instruction:STA Addressing Mode:Absolute - Operand (Value: "0x00", Address: "0xA000")
Writing value 0x00 to address: 0xA000
0xA000: 0x00
Instruction cycle count set to 4
A |X |Y |SP |PC   |T/MT |NV-BDIZC |CYCLE
----------------------------------------
00|00|00|FE |0705 |1/4  |10100100 |8338
00|00|00|FE |0705 |2/4  |10100100 |8339
00|00|00|FE |0705 |3/4  |10100100 |8340
00|00|00|FE |0705 |4/4  |10100100 |8341


---------------
Opcode: 4A
Instruction:LSR Addressing Mode:Accumulator - Operand (Value: "0x00", Address: "None")
Instruction cycle count set to 2
A |X |Y |SP |PC   |T/MT |NV-BDIZC |CYCLE
----------------------------------------
00|00|00|FE |0706 |1/2  |00100110 |8342
00|00|00|FE |0706 |2/2  |00100110 |8343


---------------
Opcode: C9
ll: 02
Instruction:CMP Addressing Mode:Immediate - Operand (Value: "0x02", Address: "None")
Instruction cycle count set to 2
A |X |Y |SP |PC   |T/MT |NV-BDIZC |CYCLE
----------------------------------------
00|00|00|FE |0708 |1/2  |10100100 |8344
00|00|00|FE |0708 |2/2  |10100100 |8345


---------------
Opcode: D0
ll: F8
Old PC: 070A Offset:-8 New PC: 0702
Instruction:BNE Addressing Mode:Relative - Operand (Value: "None", Address: "0x0702")
Instruction cycle count set to 2
A |X |Y |SP |PC   |T/MT |NV-BDIZC |CYCLE
----------------------------------------
00|00|00|FE |0702 |1/3  |10100100 |8346
00|00|00|FE |0702 |2/3  |10100100 |8347
00|00|00|FE |0702 |3/3  |10100100 |8348


---------------
Opcode: 8D
ll: 00 hh: A0
Instruction:STA Addressing Mode:Absolute - Operand (Value: "0x00", Address: "0xA000")
Writing value 0x00 to address: 0xA000
0xA000: 0x00
Instruction cycle count set to 4
A |X |Y |SP |PC   |T/MT |NV-BDIZC |CYCLE
----------------------------------------
00|00|00|FE |0705 |1/4  |10100100 |8349
00|00|00|FE |0705 |2/4  |10100100 |8350
00|00|00|FE |0705 |3/4  |10100100 |8351
00|00|00|FE |0705 |4/4  |10100100 |8352


---------------
Opcode: 4A
Instruction:LSR Addressing Mode:Accumulator - Operand (Value: "0x00", Address: "None")
Instruction cycle count set to 2
A |X |Y |SP |PC   |T/MT |NV-BDIZC |CYCLE
----------------------------------------
00|00|00|FE |0706 |1/2  |00100110 |8353
00|00|00|FE |0706 |2/2  |00100110 |8354


---------------
Opcode: C9
ll: 02
Instruction:CMP Addressing Mode:Immediate - Operand (Value: "0x02", Address: "None")
Instruction cycle count set to 2
A |X |Y |SP |PC   |T/MT |NV-BDIZC |CYCLE
----------------------------------------
00|00|00|FE |0708 |1/2  |10100100 |8355
00|00|00|FE |0708 |2/2  |10100100 |8356


---------------
Opcode: D0
ll: F8
Old PC: 070A Offset:-8 New PC: 0702
Instruction:BNE Addressing Mode:Relative - Operand (Value: "None", Address: "0x0702")
Instruction cycle count set to 2
A |X |Y |SP |PC   |T/MT |NV-BDIZC |CYCLE
----------------------------------------
00|00|00|FE |0702 |1/3  |10100100 |8357
00|00|00|FE |0702 |2/3  |10100100 |8358
00|00|00|FE |0702 |3/3  |10100100 |8359


---------------
Opcode: 8D
ll: 00 hh: A0
Instruction:STA Addressing Mode:Absolute - Operand (Value: "0x00", Address: "0xA000")
Writing value 0x00 to address: 0xA000
0xA000: 0x00
Instruction cycle count set to 4
A |X |Y |SP |PC   |T/MT |NV-BDIZC |CYCLE
----------------------------------------
00|00|00|FE |0705 |1/4  |10100100 |8360
00|00|00|FE |0705 |2/4  |10100100 |8361
00|00|00|FE |0705 |3/4  |10100100 |8362
00|00|00|FE |0705 |4/4  |10100100 |8363


---------------
Opcode: 4A
Instruction:LSR Addressing Mode:Accumulator - Operand (Value: "0x00", Address: "None")
Instruction cycle count set to 2
A |X |Y |SP |PC   |T/MT |NV-BDIZC |CYCLE
----------------------------------------
00|00|00|FE |0706 |1/2  |00100110 |8364
00|00|00|FE |0706 |2/2  |00100110 |8365


---------------
Opcode: C9
ll: 02
Instruction:CMP Addressing Mode:Immediate - Operand (Value: "0x02", Address: "None")
Instruction cycle count set to 2
A |X |Y |SP |PC   |T/MT |NV-BDIZC |CYCLE
----------------------------------------
00|00|00|FE |0708 |1/2  |10100100 |8366
00|00|00|FE |0708 |2/2  |10100100 |8367


---------------
Opcode: D0
ll: F8
Old PC: 070A Offset:-8 New PC: 0702
Instruction:BNE Addressing Mode:Relative - Operand (Value: "None", Address: "0x0702")
Instruction cycle count set to 2
A |X |Y |SP |PC   |T/MT |NV-BDIZC |CYCLE
----------------------------------------
00|00|00|FE |0702 |1/3  |10100100 |8368
00|00|00|FE |0702 |2/3  |10100100 |8369
00|00|00|FE |0702 |3/3  |10100100 |8370


---------------
Opcode: 8D
ll: 00 hh: A0
Instruction:STA Addressing Mode:Absolute - Operand (Value: "0x00", Address: "0xA000")
Writing value 0x00 to address: 0xA000
0xA000: 0x00
Instruction cycle count set to 4
A |X |Y |SP |PC   |T/MT |NV-BDIZC |CYCLE
----------------------------------------
00|00|00|FE |0705 |1/4  |10100100 |8371
00|00|00|FE |0705 |2/4  |10100100 |8372
00|00|00|FE |0705 |3/4  |10100100 |8373
00|00|00|FE |0705 |4/4  |10100100 |8374


---------------
Opcode: 4A
Instruction:LSR Addressing Mode:Accumulator - Operand (Value: "0x00", Address: "None")
Instruction cycle count set to 2
A |X |Y |SP |PC   |T/MT |NV-BDIZC |CYCLE
----------------------------------------
00|00|00|FE |0706 |1/2  |00100110 |8375
00|00|00|FE |0706 |2/2  |00100110 |8376


---------------
Opcode: C9
ll: 02
Instruction:CMP Addressing Mode:Immediate - Operand (Value: "0x02", Address: "None")
Instruction cycle count set to 2
A |X |Y |SP |PC   |T/MT |NV-BDIZC |CYCLE
----------------------------------------
00|00|00|FE |0708 |1/2  |10100100 |8377
00|00|00|FE |0708 |2/2  |10100100 |8378


---------------
Opcode: D0
ll: F8
Old PC: 070A Offset:-8 New PC: 0702
Instruction:BNE Addressing Mode:Relative - Operand (Value: "None", Address: "0x0702")
Instruction cycle count set to 2
A |X |Y |SP |PC   |T/MT |NV-BDIZC |CYCLE
----------------------------------------
00|00|00|FE |0702 |1/3  |10100100 |8379
00|00|00|FE |0702 |2/3  |10100100 |8380
00|00|00|FE |0702 |3/3  |10100100 |8381


---------------
Opcode: 8D
ll: 00 hh: A0
Instruction:STA Addressing Mode:Absolute - Operand (Value: "0x00", Address: "0xA000")
Writing value 0x00 to address: 0xA000
0xA000: 0x00
Instruction cycle count set to 4
A |X |Y |SP |PC   |T/MT |NV-BDIZC |CYCLE
----------------------------------------
00|00|00|FE |0705 |1/4  |10100100 |8382
00|00|00|FE |0705 |2/4  |10100100 |8383
00|00|00|FE |0705 |3/4  |10100100 |8384
00|00|00|FE |0705 |4/4  |10100100 |8385


---------------
Opcode: 4A
Instruction:LSR Addressing Mode:Accumulator - Operand (Value: "0x00", Address: "None")
Instruction cycle count set to 2
A |X |Y |SP |PC   |T/MT |NV-BDIZC |CYCLE
----------------------------------------
00|00|00|FE |0706 |1/2  |00100110 |8386
00|00|00|FE |0706 |2/2  |00100110 |8387


---------------
Opcode: C9
ll: 02
Instruction:CMP Addressing Mode:Immediate - Operand (Value: "0x02", Address: "None")
Instruction cycle count set to 2
A |X |Y |SP |PC   |T/MT |NV-BDIZC |CYCLE
----------------------------------------
00|00|00|FE |0708 |1/2  |10100100 |8388
00|00|00|FE |0708 |2/2  |10100100 |8389


---------------
Opcode: D0
ll: F8
Old PC: 070A Offset:-8 New PC: 0702
Instruction:BNE Addressing Mode:Relative - Operand (Value: "None", Address: "0x0702")
Instruction cycle count set to 2
A |X |Y |SP |PC   |T/MT |NV-BDIZC |CYCLE
----------------------------------------
00|00|00|FE |0702 |1/3  |10100100 |8390
00|00|00|FE |0702 |2/3  |10100100 |8391
00|00|00|FE |0702 |3/3  |10100100 |8392


---------------
Opcode: 8D
ll: 00 hh: A0
Instruction:STA Addressing Mode:Absolute - Operand (Value: "0x00", Address: "0xA000")
Writing value 0x00 to address: 0xA000
0xA000: 0x00
Instruction cycle count set to 4
A |X |Y |SP |PC   |T/MT |NV-BDIZC |CYCLE
----------------------------------------
00|00|00|FE |0705 |1/4  |10100100 |8393
00|00|00|FE |0705 |2/4  |10100100 |8394
00|00|00|FE |0705 |3/4  |10100100 |8395
00|00|00|FE |0705 |4/4  |10100100 |8396


---------------
Opcode: 4A
Instruction:LSR Addressing Mode:Accumulator - Operand (Value: "0x00", Address: "None")
Instruction cycle count set to 2
A |X |Y |SP |PC   |T/MT |NV-BDIZC |CYCLE
----------------------------------------
00|00|00|FE |0706 |1/2  |00100110 |8397
00|00|00|FE |0706 |2/2  |00100110 |8398


---------------
Opcode: C9
ll: 02
Instruction:CMP Addressing Mode:Immediate - Operand (Value: "0x02", Address: "None")
Instruction cycle count set to 2
A |X |Y |SP |PC   |T/MT |NV-BDIZC |CYCLE
----------------------------------------
00|00|00|FE |0708 |1/2  |10100100 |8399
00|00|00|FE |0708 |2/2  |10100100 |8400


---------------
Opcode: D0
ll: F8
Old PC: 070A Offset:-8 New PC: 0702
Instruction:BNE Addressing Mode:Relative - Operand (Value: "None", Address: "0x0702")
Instruction cycle count set to 2
A |X |Y |SP |PC   |T/MT |NV-BDIZC |CYCLE
----------------------------------------
00|00|00|FE |0702 |1/3  |10100100 |8401
00|00|00|FE |0702 |2/3  |10100100 |8402
00|00|00|FE |0702 |3/3  |10100100 |8403


---------------
Opcode: 8D
ll: 00 hh: A0
Instruction:STA Addressing Mode:Absolute - Operand (Value: "0x00", Address: "0xA000")
Writing value 0x00 to address: 0xA000
0xA000: 0x00
Instruction cycle count set to 4
A |X |Y |SP |PC   |T/MT |NV-BDIZC |CYCLE
----------------------------------------
00|00|00|FE |0705 |1/4  |10100100 |8404
00|00|00|FE |0705 |2/4  |10100100 |8405
00|00|00|FE |0705 |3/4  |10100100 |8406
00|00|00|FE |0705 |4/4  |10100100 |8407


---------------
Opcode: 4A
Instruction:LSR Addressing Mode:Accumulator - Operand (Value: "0x00", Address: "None")
Instruction cycle count set to 2
A |X |Y |SP |PC   |T/MT |NV-BDIZC |CYCLE
----------------------------------------
00|00|00|FE |0706 |1/2  |00100110 |8408
00|00|00|FE |0706 |2/2  |00100110 |8409


---------------
Opcode: C9
ll: 02
Instruction:CMP Addressing Mode:Immediate - Operand (Value: "0x02", Address: "None")
Instruction cycle count set to 2
A |X |Y |SP |PC   |T/MT |NV-BDIZC |CYCLE
----------------------------------------
00|00|00|FE |0708 |1/2  |10100100 |8410
00|00|00|FE |0708 |2/2  |10100100 |8411


---------------
Opcode: D0
ll: F8
Old PC: 070A Offset:-8 New PC: 0702
Instruction:BNE Addressing Mode:Relative - Operand (Value: "None", Address: "0x0702")
Instruction cycle count set to 2
A |X |Y |SP |PC   |T/MT |NV-BDIZC |CYCLE
----------------------------------------
00|00|00|FE |0702 |1/3  |10100100 |8412
00|00|00|FE |0702 |2/3  |10100100 |8413
00|00|00|FE |0702 |3/3  |10100100 |8414


---------------
Opcode: 8D
ll: 00 hh: A0
Instruction:STA Addressing Mode:Absolute - Operand (Value: "0x00", Address: "0xA000")
Writing value 0x00 to address: 0xA000
0xA000: 0x00
Instruction cycle count set to 4
A |X |Y |SP |PC   |T/MT |NV-BDIZC |CYCLE
----------------------------------------
00|00|00|FE |0705 |1/4  |10100100 |8415
00|00|00|FE |0705 |2/4  |10100100 |8416
00|00|00|FE |0705 |3/4  |10100100 |8417
00|00|00|FE |0705 |4/4  |10100100 |8418


---------------
Opcode: 4A
Instruction:LSR Addressing Mode:Accumulator - Operand (Value: "0x00", Address: "None")
Instruction cycle count set to 2
A |X |Y |SP |PC   |T/MT |NV-BDIZC |CYCLE
----------------------------------------
00|00|00|FE |0706 |1/2  |00100110 |8419
00|00|00|FE |0706 |2/2  |00100110 |8420


---------------
Opcode: C9
ll: 02
Instruction:CMP Addressing Mode:Immediate - Operand (Value: "0x02", Address: "None")
Instruction cycle count set to 2
A |X |Y |SP |PC   |T/MT |NV-BDIZC |CYCLE
----------------------------------------
00|00|00|FE |0708 |1/2  |10100100 |8421
00|00|00|FE |0708 |2/2  |10100100 |8422


---------------
Opcode: D0
ll: F8
Old PC: 070A Offset:-8 New PC: 0702
Instruction:BNE Addressing Mode:Relative - Operand (Value: "None", Address: "0x0702")
Instruction cycle count set to 2
A |X |Y |SP |PC   |T/MT |NV-BDIZC |CYCLE
----------------------------------------
00|00|00|FE |0702 |1/3  |10100100 |8423
00|00|00|FE |0702 |2/3  |10100100 |8424
00|00|00|FE |0702 |3/3  |10100100 |8425


---------------
Opcode: 8D
ll: 00 hh: A0
Instruction:STA Addressing Mode:Absolute - Operand (Value: "0x00", Address: "0xA000")
Writing value 0x00 to address: 0xA000
0xA000: 0x00
Instruction cycle count set to 4
A |X |Y |SP |PC   |T/MT |NV-BDIZC |CYCLE
----------------------------------------
00|00|00|FE |0705 |1/4  |10100100 |8426
00|00|00|FE |0705 |2/4  |10100100 |8427
00|00|00|FE |0705 |3/4  |10100100 |8428
00|00|00|FE |0705 |4/4  |10100100 |8429


---------------
Opcode: 4A
Instruction:LSR Addressing Mode:Accumulator - Operand (Value: "0x00", Address: "None")
Instruction cycle count set to 2
A |X |Y |SP |PC   |T/MT |NV-BDIZC |CYCLE
----------------------------------------
00|00|00|FE |0706 |1/2  |00100110 |8430
00|00|00|FE |0706 |2/2  |00100110 |8431


---------------
Opcode: C9
ll: 02
Instruction:CMP Addressing Mode:Immediate - Operand (Value: "0x02", Address: "None")
Instruction cycle count set to 2
A |X |Y |SP |PC   |T/MT |NV-BDIZC |CYCLE
----------------------------------------
00|00|00|FE |0708 |1/2  |10100100 |8432
00|00|00|FE |0708 |2/2  |10100100 |8433


---------------
Opcode: D0
ll: F8
Old PC: 070A Offset:-8 New PC: 0702
Instruction:BNE Addressing Mode:Relative - Operand (Value: "None", Address: "0x0702")
Instruction cycle count set to 2
A |X |Y |SP |PC   |T/MT |NV-BDIZC |CYCLE
----------------------------------------
00|00|00|FE |0702 |1/3  |10100100 |8434
00|00|00|FE |0702 |2/3  |10100100 |8435
00|00|00|FE |0702 |3/3  |10100100 |8436


---------------
Opcode: 8D
ll: 00 hh: A0
Instruction:STA Addressing Mode:Absolute - Operand (Value: "0x00", Address: "0xA000")
Writing value 0x00 to address: 0xA000
0xA000: 0x00
Instruction cycle count set to 4
A |X |Y |SP |PC   |T/MT |NV-BDIZC |CYCLE
----------------------------------------
00|00|00|FE |0705 |1/4  |10100100 |8437
00|00|00|FE |0705 |2/4  |10100100 |8438
00|00|00|FE |0705 |3/4  |10100100 |8439
00|00|00|FE |0705 |4/4  |10100100 |8440


---------------
Opcode: 4A
Instruction:LSR Addressing Mode:Accumulator - Operand (Value: "0x00", Address: "None")
Instruction cycle count set to 2
A |X |Y |SP |PC   |T/MT |NV-BDIZC |CYCLE
----------------------------------------
00|00|00|FE |0706 |1/2  |00100110 |8441
00|00|00|FE |0706 |2/2  |00100110 |8442


---------------
Opcode: C9
ll: 02
Instruction:CMP Addressing Mode:Immediate - Operand (Value: "0x02", Address: "None")
Instruction cycle count set to 2
A |X |Y |SP |PC   |T/MT |NV-BDIZC |CYCLE
----------------------------------------
00|00|00|FE |0708 |1/2  |10100100 |8443
00|00|00|FE |0708 |2/2  |10100100 |8444


---------------
Opcode: D0
ll: F8
Old PC: 070A Offset:-8 New PC: 0702
Instruction:BNE Addressing Mode:Relative - Operand (Value: "None", Address: "0x0702")
Instruction cycle count set to 2
A |X |Y |SP |PC   |T/MT |NV-BDIZC |CYCLE
----------------------------------------
00|00|00|FE |0702 |1/3  |10100100 |8445
00|00|00|FE |0702 |2/3  |10100100 |8446
00|00|00|FE |0702 |3/3  |10100100 |8447


---------------
Opcode: 8D
ll: 00 hh: A0
Instruction:STA Addressing Mode:Absolute - Operand (Value: "0x00", Address: "0xA000")
Writing value 0x00 to address: 0xA000
0xA000: 0x00
Instruction cycle count set to 4
A |X |Y |SP |PC   |T/MT |NV-BDIZC |CYCLE
----------------------------------------
00|00|00|FE |0705 |1/4  |10100100 |8448
00|00|00|FE |0705 |2/4  |10100100 |8449
00|00|00|FE |0705 |3/4  |10100100 |8450
00|00|00|FE |0705 |4/4  |10100100 |8451


---------------
Opcode: 4A
Instruction:LSR Addressing Mode:Accumulator - Operand (Value: "0x00", Address: "None")
Instruction cycle count set to 2
A |X |Y |SP |PC   |T/MT |NV-BDIZC |CYCLE
----------------------------------------
00|00|00|FE |0706 |1/2  |00100110 |8452
00|00|00|FE |0706 |2/2  |00100110 |8453


---------------
Opcode: C9
ll: 02
Instruction:CMP Addressing Mode:Immediate - Operand (Value: "0x02", Address: "None")
Instruction cycle count set to 2
A |X |Y |SP |PC   |T/MT |NV-BDIZC |CYCLE
----------------------------------------
00|00|00|FE |0708 |1/2  |10100100 |8454
00|00|00|FE |0708 |2/2  |10100100 |8455


---------------
Opcode: D0
ll: F8
Old PC: 070A Offset:-8 New PC: 0702
Instruction:BNE Addressing Mode:Relative - Operand (Value: "None", Address: "0x0702")
Instruction cycle count set to 2
A |X |Y |SP |PC   |T/MT |NV-BDIZC |CYCLE
----------------------------------------
00|00|00|FE |0702 |1/3  |10100100 |8456
00|00|00|FE |0702 |2/3  |10100100 |8457
00|00|00|FE |0702 |3/3  |10100100 |8458


---------------
Opcode: 8D
ll: 00 hh: A0
Instruction:STA Addressing Mode:Absolute - Operand (Value: "0x00", Address: "0xA000")
Writing value 0x00 to address: 0xA000
0xA000: 0x00
Instruction cycle count set to 4
A |X |Y |SP |PC   |T/MT |NV-BDIZC |CYCLE
----------------------------------------
00|00|00|FE |0705 |1/4  |10100100 |8459
00|00|00|FE |0705 |2/4  |10100100 |8460
00|00|00|FE |0705 |3/4  |10100100 |8461
00|00|00|FE |0705 |4/4  |10100100 |8462


---------------
Opcode: 4A
Instruction:LSR Addressing Mode:Accumulator - Operand (Value: "0x00", Address: "None")
Instruction cycle count set to 2
A |X |Y |SP |PC   |T/MT |NV-BDIZC |CYCLE
----------------------------------------
00|00|00|FE |0706 |1/2  |00100110 |8463
00|00|00|FE |0706 |2/2  |00100110 |8464


---------------
Opcode: C9
ll: 02
Instruction:CMP Addressing Mode:Immediate - Operand (Value: "0x02", Address: "None")
Instruction cycle count set to 2
A |X |Y |SP |PC   |T/MT |NV-BDIZC |CYCLE
----------------------------------------
00|00|00|FE |0708 |1/2  |10100100 |8465
00|00|00|FE |0708 |2/2  |10100100 |8466


---------------
Opcode: D0
ll: F8
Old PC: 070A Offset:-8 New PC: 0702
Instruction:BNE Addressing Mode:Relative - Operand (Value: "None", Address: "0x0702")
Instruction cycle count set to 2
A |X |Y |SP |PC   |T/MT |NV-BDIZC |CYCLE
----------------------------------------
00|00|00|FE |0702 |1/3  |10100100 |8467
00|00|00|FE |0702 |2/3  |10100100 |8468
00|00|00|FE |0702 |3/3  |10100100 |8469


---------------
Opcode: 8D
ll: 00 hh: A0
Instruction:STA Addressing Mode:Absolute - Operand (Value: "0x00", Address: "0xA000")
Writing value 0x00 to address: 0xA000
0xA000: 0x00
Instruction cycle count set to 4
A |X |Y |SP |PC   |T/MT |NV-BDIZC |CYCLE
----------------------------------------
00|00|00|FE |0705 |1/4  |10100100 |8470
00|00|00|FE |0705 |2/4  |10100100 |8471
00|00|00|FE |0705 |3/4  |10100100 |8472
00|00|00|FE |0705 |4/4  |10100100 |8473


---------------
Opcode: 4A
Instruction:LSR Addressing Mode:Accumulator - Operand (Value: "0x00", Address: "None")
Instruction cycle count set to 2
A |X |Y |SP |PC   |T/MT |NV-BDIZC |CYCLE
----------------------------------------
00|00|00|FE |0706 |1/2  |00100110 |8474
00|00|00|FE |0706 |2/2  |00100110 |8475


---------------
Opcode: C9
ll: 02
Instruction:CMP Addressing Mode:Immediate - Operand (Value: "0x02", Address: "None")
Instruction cycle count set to 2
A |X |Y |SP |PC   |T/MT |NV-BDIZC |CYCLE
----------------------------------------
00|00|00|FE |0708 |1/2  |10100100 |8476
00|00|00|FE |0708 |2/2  |10100100 |8477


---------------
Opcode: D0
ll: F8
Old PC: 070A Offset:-8 New PC: 0702
Instruction:BNE Addressing Mode:Relative - Operand (Value: "None", Address: "0x0702")
Instruction cycle count set to 2
A |X |Y |SP |PC   |T/MT |NV-BDIZC |CYCLE
----------------------------------------
00|00|00|FE |0702 |1/3  |10100100 |8478
00|00|00|FE |0702 |2/3  |10100100 |8479
00|00|00|FE |0702 |3/3  |10100100 |8480


---------------
Opcode: 8D
ll: 00 hh: A0
Instruction:STA Addressing Mode:Absolute - Operand (Value: "0x00", Address: "0xA000")
Writing value 0x00 to address: 0xA000
0xA000: 0x00
Instruction cycle count set to 4
A |X |Y |SP |PC   |T/MT |NV-BDIZC |CYCLE
----------------------------------------
00|00|00|FE |0705 |1/4  |10100100 |8481
00|00|00|FE |0705 |2/4  |10100100 |8482
00|00|00|FE |0705 |3/4  |10100100 |8483
00|00|00|FE |0705 |4/4  |10100100 |8484


---------------
Opcode: 4A
Instruction:LSR Addressing Mode:Accumulator - Operand (Value: "0x00", Address: "None")
Instruction cycle count set to 2
A |X |Y |SP |PC   |T/MT |NV-BDIZC |CYCLE
----------------------------------------
00|00|00|FE |0706 |1/2  |00100110 |8485
00|00|00|FE |0706 |2/2  |00100110 |8486


---------------
Opcode: C9
ll: 02
Instruction:CMP Addressing Mode:Immediate - Operand (Value: "0x02", Address: "None")
Instruction cycle count set to 2
A |X |Y |SP |PC   |T/MT |NV-BDIZC |CYCLE
----------------------------------------
00|00|00|FE |0708 |1/2  |10100100 |8487
00|00|00|FE |0708 |2/2  |10100100 |8488


---------------
Opcode: D0
ll: F8
Old PC: 070A Offset:-8 New PC: 0702
Instruction:BNE Addressing Mode:Relative - Operand (Value: "None", Address: "0x0702")
Instruction cycle count set to 2
A |X |Y |SP |PC   |T/MT |NV-BDIZC |CYCLE
----------------------------------------
00|00|00|FE |0702 |1/3  |10100100 |8489
00|00|00|FE |0702 |2/3  |10100100 |8490
00|00|00|FE |0702 |3/3  |10100100 |8491


---------------
Opcode: 8D
ll: 00 hh: A0
Instruction:STA Addressing Mode:Absolute - Operand (Value: "0x00", Address: "0xA000")
Writing value 0x00 to address: 0xA000
0xA000: 0x00
Instruction cycle count set to 4
A |X |Y |SP |PC   |T/MT |NV-BDIZC |CYCLE
----------------------------------------
00|00|00|FE |0705 |1/4  |10100100 |8492
00|00|00|FE |0705 |2/4  |10100100 |8493
00|00|00|FE |0705 |3/4  |10100100 |8494
00|00|00|FE |0705 |4/4  |10100100 |8495


---------------
Opcode: 4A
Instruction:LSR Addressing Mode:Accumulator - Operand (Value: "0x00", Address: "None")
Instruction cycle count set to 2
A |X |Y |SP |PC   |T/MT |NV-BDIZC |CYCLE
----------------------------------------
00|00|00|FE |0706 |1/2  |00100110 |8496
00|00|00|FE |0706 |2/2  |00100110 |8497


---------------
Opcode: C9
ll: 02
Instruction:CMP Addressing Mode:Immediate - Operand (Value: "0x02", Address: "None")
Instruction cycle count set to 2
A |X |Y |SP |PC   |T/MT |NV-BDIZC |CYCLE
----------------------------------------
00|00|00|FE |0708 |1/2  |10100100 |8498
00|00|00|FE |0708 |2/2  |10100100 |8499


---------------
Opcode: D0
ll: F8
Old PC: 070A Offset:-8 New PC: 0702
Instruction:BNE Addressing Mode:Relative - Operand (Value: "None", Address: "0x0702")
Instruction cycle count set to 2
A |X |Y |SP |PC   |T/MT |NV-BDIZC |CYCLE
----------------------------------------
00|00|00|FE |0702 |1/3  |10100100 |8500
00|00|00|FE |0702 |2/3  |10100100 |8501
00|00|00|FE |0702 |3/3  |10100100 |8502


---------------
Opcode: 8D
ll: 00 hh: A0
Instruction:STA Addressing Mode:Absolute - Operand (Value: "0x00", Address: "0xA000")
Writing value 0x00 to address: 0xA000
0xA000: 0x00
Instruction cycle count set to 4
A |X |Y |SP |PC   |T/MT |NV-BDIZC |CYCLE
----------------------------------------
00|00|00|FE |0705 |1/4  |10100100 |8503
00|00|00|FE |0705 |2/4  |10100100 |8504
00|00|00|FE |0705 |3/4  |10100100 |8505
00|00|00|FE |0705 |4/4  |10100100 |8506


---------------
Opcode: 4A
Instruction:LSR Addressing Mode:Accumulator - Operand (Value: "0x00", Address: "None")
Instruction cycle count set to 2
A |X |Y |SP |PC   |T/MT |NV-BDIZC |CYCLE
----------------------------------------
00|00|00|FE |0706 |1/2  |00100110 |8507
00|00|00|FE |0706 |2/2  |00100110 |8508


---------------
Opcode: C9
ll: 02
Instruction:CMP Addressing Mode:Immediate - Operand (Value: "0x02", Address: "None")
Instruction cycle count set to 2
A |X |Y |SP |PC   |T/MT |NV-BDIZC |CYCLE
----------------------------------------
00|00|00|FE |0708 |1/2  |10100100 |8509
00|00|00|FE |0708 |2/2  |10100100 |8510


---------------
Opcode: D0
ll: F8
Old PC: 070A Offset:-8 New PC: 0702
Instruction:BNE Addressing Mode:Relative - Operand (Value: "None", Address: "0x0702")
Instruction cycle count set to 2
A |X |Y |SP |PC   |T/MT |NV-BDIZC |CYCLE
----------------------------------------
00|00|00|FE |0702 |1/3  |10100100 |8511
00|00|00|FE |0702 |2/3  |10100100 |8512
00|00|00|FE |0702 |3/3  |10100100 |8513


---------------
Opcode: 8D
ll: 00 hh: A0
Instruction:STA Addressing Mode:Absolute - Operand (Value: "0x00", Address: "0xA000")
Writing value 0x00 to address: 0xA000
0xA000: 0x00
Instruction cycle count set to 4
A |X |Y |SP |PC   |T/MT |NV-BDIZC |CYCLE
----------------------------------------
00|00|00|FE |0705 |1/4  |10100100 |8514
00|00|00|FE |0705 |2/4  |10100100 |8515
00|00|00|FE |0705 |3/4  |10100100 |8516
00|00|00|FE |0705 |4/4  |10100100 |8517


---------------
Opcode: 4A
Instruction:LSR Addressing Mode:Accumulator - Operand (Value: "0x00", Address: "None")
Instruction cycle count set to 2
A |X |Y |SP |PC   |T/MT |NV-BDIZC |CYCLE
----------------------------------------
00|00|00|FE |0706 |1/2  |00100110 |8518
00|00|00|FE |0706 |2/2  |00100110 |8519


---------------
Opcode: C9
ll: 02
Instruction:CMP Addressing Mode:Immediate - Operand (Value: "0x02", Address: "None")
Instruction cycle count set to 2
A |X |Y |SP |PC   |T/MT |NV-BDIZC |CYCLE
----------------------------------------
00|00|00|FE |0708 |1/2  |10100100 |8520
00|00|00|FE |0708 |2/2  |10100100 |8521


---------------
Opcode: D0
ll: F8
Old PC: 070A Offset:-8 New PC: 0702
Instruction:BNE Addressing Mode:Relative - Operand (Value: "None", Address: "0x0702")
Instruction cycle count set to 2
A |X |Y |SP |PC   |T/MT |NV-BDIZC |CYCLE
----------------------------------------
00|00|00|FE |0702 |1/3  |10100100 |8522
00|00|00|FE |0702 |2/3  |10100100 |8523
00|00|00|FE |0702 |3/3  |10100100 |8524


---------------
Opcode: 8D
ll: 00 hh: A0
Instruction:STA Addressing Mode:Absolute - Operand (Value: "0x00", Address: "0xA000")
Writing value 0x00 to address: 0xA000
0xA000: 0x00
Instruction cycle count set to 4
A |X |Y |SP |PC   |T/MT |NV-BDIZC |CYCLE
----------------------------------------
00|00|00|FE |0705 |1/4  |10100100 |8525
00|00|00|FE |0705 |2/4  |10100100 |8526
00|00|00|FE |0705 |3/4  |10100100 |8527
00|00|00|FE |0705 |4/4  |10100100 |8528


---------------
Opcode: 4A
Instruction:LSR Addressing Mode:Accumulator - Operand (Value: "0x00", Address: "None")
Instruction cycle count set to 2
A |X |Y |SP |PC   |T/MT |NV-BDIZC |CYCLE
----------------------------------------
00|00|00|FE |0706 |1/2  |00100110 |8529
00|00|00|FE |0706 |2/2  |00100110 |8530


---------------
Opcode: C9
ll: 02
Instruction:CMP Addressing Mode:Immediate - Operand (Value: "0x02", Address: "None")
Instruction cycle count set to 2
A |X |Y |SP |PC   |T/MT |NV-BDIZC |CYCLE
----------------------------------------
00|00|00|FE |0708 |1/2  |10100100 |8531
00|00|00|FE |0708 |2/2  |10100100 |8532


---------------
Opcode: D0
ll: F8
Old PC: 070A Offset:-8 New PC: 0702
Instruction:BNE Addressing Mode:Relative - Operand (Value: "None", Address: "0x0702")
Instruction cycle count set to 2
A |X |Y |SP |PC   |T/MT |NV-BDIZC |CYCLE
----------------------------------------
00|00|00|FE |0702 |1/3  |10100100 |8533
00|00|00|FE |0702 |2/3  |10100100 |8534
00|00|00|FE |0702 |3/3  |10100100 |8535


---------------
Opcode: 8D
ll: 00 hh: A0
Instruction:STA Addressing Mode:Absolute - Operand (Value: "0x00", Address: "0xA000")
Writing value 0x00 to address: 0xA000
0xA000: 0x00
Instruction cycle count set to 4
A |X |Y |SP |PC   |T/MT |NV-BDIZC |CYCLE
----------------------------------------
00|00|00|FE |0705 |1/4  |10100100 |8536
00|00|00|FE |0705 |2/4  |10100100 |8537
00|00|00|FE |0705 |3/4  |10100100 |8538
00|00|00|FE |0705 |4/4  |10100100 |8539


---------------
Opcode: 4A
Instruction:LSR Addressing Mode:Accumulator - Operand (Value: "0x00", Address: "None")
Instruction cycle count set to 2
A |X |Y |SP |PC   |T/MT |NV-BDIZC |CYCLE
----------------------------------------
00|00|00|FE |0706 |1/2  |00100110 |8540
00|00|00|FE |0706 |2/2  |00100110 |8541


---------------
Opcode: C9
ll: 02
Instruction:CMP Addressing Mode:Immediate - Operand (Value: "0x02", Address: "None")
Instruction cycle count set to 2
A |X |Y |SP |PC   |T/MT |NV-BDIZC |CYCLE
----------------------------------------
00|00|00|FE |0708 |1/2  |10100100 |8542
00|00|00|FE |0708 |2/2  |10100100 |8543


---------------
Opcode: D0
ll: F8
Old PC: 070A Offset:-8 New PC: 0702
Instruction:BNE Addressing Mode:Relative - Operand (Value: "None", Address: "0x0702")
Instruction cycle count set to 2
A |X |Y |SP |PC   |T/MT |NV-BDIZC |CYCLE
----------------------------------------
00|00|00|FE |0702 |1/3  |10100100 |8544
00|00|00|FE |0702 |2/3  |10100100 |8545
00|00|00|FE |0702 |3/3  |10100100 |8546


---------------
Opcode: 8D
ll: 00 hh: A0
Instruction:STA Addressing Mode:Absolute - Operand (Value: "0x00", Address: "0xA000")
Writing value 0x00 to address: 0xA000
0xA000: 0x00
Instruction cycle count set to 4
A |X |Y |SP |PC   |T/MT |NV-BDIZC |CYCLE
----------------------------------------
00|00|00|FE |0705 |1/4  |10100100 |8547
00|00|00|FE |0705 |2/4  |10100100 |8548
00|00|00|FE |0705 |3/4  |10100100 |8549
00|00|00|FE |0705 |4/4  |10100100 |8550


---------------
Opcode: 4A
Instruction:LSR Addressing Mode:Accumulator - Operand (Value: "0x00", Address: "None")
Instruction cycle count set to 2
A |X |Y |SP |PC   |T/MT |NV-BDIZC |CYCLE
----------------------------------------
00|00|00|FE |0706 |1/2  |00100110 |8551
00|00|00|FE |0706 |2/2  |00100110 |8552


---------------
Opcode: C9
ll: 02
Instruction:CMP Addressing Mode:Immediate - Operand (Value: "0x02", Address: "None")
Instruction cycle count set to 2
A |X |Y |SP |PC   |T/MT |NV-BDIZC |CYCLE
----------------------------------------
00|00|00|FE |0708 |1/2  |10100100 |8553
00|00|00|FE |0708 |2/2  |10100100 |8554


---------------
Opcode: D0
ll: F8
Old PC: 070A Offset:-8 New PC: 0702
Instruction:BNE Addressing Mode:Relative - Operand (Value: "None", Address: "0x0702")
Instruction cycle count set to 2
A |X |Y |SP |PC   |T/MT |NV-BDIZC |CYCLE
----------------------------------------
00|00|00|FE |0702 |1/3  |10100100 |8555
00|00|00|FE |0702 |2/3  |10100100 |8556
00|00|00|FE |0702 |3/3  |10100100 |8557


---------------
Opcode: 8D
ll: 00 hh: A0
Instruction:STA Addressing Mode:Absolute - Operand (Value: "0x00", Address: "0xA000")
Writing value 0x00 to address: 0xA000
0xA000: 0x00
Instruction cycle count set to 4
A |X |Y |SP |PC   |T/MT |NV-BDIZC |CYCLE
----------------------------------------
00|00|00|FE |0705 |1/4  |10100100 |8558
00|00|00|FE |0705 |2/4  |10100100 |8559
00|00|00|FE |0705 |3/4  |10100100 |8560
00|00|00|FE |0705 |4/4  |10100100 |8561


---------------
Opcode: 4A
Instruction:LSR Addressing Mode:Accumulator - Operand (Value: "0x00", Address: "None")
Instruction cycle count set to 2
A |X |Y |SP |PC   |T/MT |NV-BDIZC |CYCLE
----------------------------------------
00|00|00|FE |0706 |1/2  |00100110 |8562
00|00|00|FE |0706 |2/2  |00100110 |8563


---------------
Opcode: C9
ll: 02
Instruction:CMP Addressing Mode:Immediate - Operand (Value: "0x02", Address: "None")
Instruction cycle count set to 2
A |X |Y |SP |PC   |T/MT |NV-BDIZC |CYCLE
----------------------------------------
00|00|00|FE |0708 |1/2  |10100100 |8564
00|00|00|FE |0708 |2/2  |10100100 |8565


---------------
Opcode: D0
ll: F8
Old PC: 070A Offset:-8 New PC: 0702
Instruction:BNE Addressing Mode:Relative - Operand (Value: "None", Address: "0x0702")
Instruction cycle count set to 2
A |X |Y |SP |PC   |T/MT |NV-BDIZC |CYCLE
----------------------------------------
00|00|00|FE |0702 |1/3  |10100100 |8566
00|00|00|FE |0702 |2/3  |10100100 |8567
00|00|00|FE |0702 |3/3  |10100100 |8568


---------------
Opcode: 8D
ll: 00 hh: A0
Instruction:STA Addressing Mode:Absolute - Operand (Value: "0x00", Address: "0xA000")
Writing value 0x00 to address: 0xA000
0xA000: 0x00
Instruction cycle count set to 4
A |X |Y |SP |PC   |T/MT |NV-BDIZC |CYCLE
----------------------------------------
00|00|00|FE |0705 |1/4  |10100100 |8569
00|00|00|FE |0705 |2/4  |10100100 |8570
00|00|00|FE |0705 |3/4  |10100100 |8571
00|00|00|FE |0705 |4/4  |10100100 |8572


---------------
Opcode: 4A
Instruction:LSR Addressing Mode:Accumulator - Operand (Value: "0x00", Address: "None")
Instruction cycle count set to 2
A |X |Y |SP |PC   |T/MT |NV-BDIZC |CYCLE
----------------------------------------
00|00|00|FE |0706 |1/2  |00100110 |8573
00|00|00|FE |0706 |2/2  |00100110 |8574


---------------
Opcode: C9
ll: 02
Instruction:CMP Addressing Mode:Immediate - Operand (Value: "0x02", Address: "None")
Instruction cycle count set to 2
A |X |Y |SP |PC   |T/MT |NV-BDIZC |CYCLE
----------------------------------------
00|00|00|FE |0708 |1/2  |10100100 |8575
00|00|00|FE |0708 |2/2  |10100100 |8576


---------------
Opcode: D0
ll: F8
Old PC: 070A Offset:-8 New PC: 0702
Instruction:BNE Addressing Mode:Relative - Operand (Value: "None", Address: "0x0702")
Instruction cycle count set to 2
A |X |Y |SP |PC   |T/MT |NV-BDIZC |CYCLE
----------------------------------------
00|00|00|FE |0702 |1/3  |10100100 |8577
00|00|00|FE |0702 |2/3  |10100100 |8578
00|00|00|FE |0702 |3/3  |10100100 |8579


---------------
Opcode: 8D
ll: 00 hh: A0
Instruction:STA Addressing Mode:Absolute - Operand (Value: "0x00", Address: "0xA000")
Writing value 0x00 to address: 0xA000
0xA000: 0x00
Instruction cycle count set to 4
A |X |Y |SP |PC   |T/MT |NV-BDIZC |CYCLE
----------------------------------------
00|00|00|FE |0705 |1/4  |10100100 |8580
00|00|00|FE |0705 |2/4  |10100100 |8581
00|00|00|FE |0705 |3/4  |10100100 |8582
00|00|00|FE |0705 |4/4  |10100100 |8583


---------------
Opcode: 4A
Instruction:LSR Addressing Mode:Accumulator - Operand (Value: "0x00", Address: "None")
Instruction cycle count set to 2
A |X |Y |SP |PC   |T/MT |NV-BDIZC |CYCLE
----------------------------------------
00|00|00|FE |0706 |1/2  |00100110 |8584
00|00|00|FE |0706 |2/2  |00100110 |8585


---------------
Opcode: C9
ll: 02
Instruction:CMP Addressing Mode:Immediate - Operand (Value: "0x02", Address: "None")
Instruction cycle count set to 2
A |X |Y |SP |PC   |T/MT |NV-BDIZC |CYCLE
----------------------------------------
00|00|00|FE |0708 |1/2  |10100100 |8586
00|00|00|FE |0708 |2/2  |10100100 |8587


---------------
Opcode: D0
ll: F8
Old PC: 070A Offset:-8 New PC: 0702
Instruction:BNE Addressing Mode:Relative - Operand (Value: "None", Address: "0x0702")
Instruction cycle count set to 2
A |X |Y |SP |PC   |T/MT |NV-BDIZC |CYCLE
----------------------------------------
00|00|00|FE |0702 |1/3  |10100100 |8588
00|00|00|FE |0702 |2/3  |10100100 |8589
00|00|00|FE |0702 |3/3  |10100100 |8590


---------------
Opcode: 8D
ll: 00 hh: A0
Instruction:STA Addressing Mode:Absolute - Operand (Value: "0x00", Address: "0xA000")
Writing value 0x00 to address: 0xA000
0xA000: 0x00
Instruction cycle count set to 4
A |X |Y |SP |PC   |T/MT |NV-BDIZC |CYCLE
----------------------------------------
00|00|00|FE |0705 |1/4  |10100100 |8591
00|00|00|FE |0705 |2/4  |10100100 |8592
00|00|00|FE |0705 |3/4  |10100100 |8593
00|00|00|FE |0705 |4/4  |10100100 |8594


---------------
Opcode: 4A
Instruction:LSR Addressing Mode:Accumulator - Operand (Value: "0x00", Address: "None")
Instruction cycle count set to 2
A |X |Y |SP |PC   |T/MT |NV-BDIZC |CYCLE
----------------------------------------
00|00|00|FE |0706 |1/2  |00100110 |8595
00|00|00|FE |0706 |2/2  |00100110 |8596


---------------
Opcode: C9
ll: 02
Instruction:CMP Addressing Mode:Immediate - Operand (Value: "0x02", Address: "None")
Instruction cycle count set to 2
A |X |Y |SP |PC   |T/MT |NV-BDIZC |CYCLE
----------------------------------------
00|00|00|FE |0708 |1/2  |10100100 |8597
00|00|00|FE |0708 |2/2  |10100100 |8598


---------------
Opcode: D0
ll: F8
Old PC: 070A Offset:-8 New PC: 0702
Instruction:BNE Addressing Mode:Relative - Operand (Value: "None", Address: "0x0702")
Instruction cycle count set to 2
A |X |Y |SP |PC   |T/MT |NV-BDIZC |CYCLE
----------------------------------------
00|00|00|FE |0702 |1/3  |10100100 |8599
00|00|00|FE |0702 |2/3  |10100100 |8600
00|00|00|FE |0702 |3/3  |10100100 |8601


---------------
Opcode: 8D
ll: 00 hh: A0
Instruction:STA Addressing Mode:Absolute - Operand (Value: "0x00", Address: "0xA000")
Writing value 0x00 to address: 0xA000
0xA000: 0x00
Instruction cycle count set to 4
A |X |Y |SP |PC   |T/MT |NV-BDIZC |CYCLE
----------------------------------------
00|00|00|FE |0705 |1/4  |10100100 |8602
00|00|00|FE |0705 |2/4  |10100100 |8603
00|00|00|FE |0705 |3/4  |10100100 |8604
00|00|00|FE |0705 |4/4  |10100100 |8605


---------------
Opcode: 4A
Instruction:LSR Addressing Mode:Accumulator - Operand (Value: "0x00", Address: "None")
Instruction cycle count set to 2
A |X |Y |SP |PC   |T/MT |NV-BDIZC |CYCLE
----------------------------------------
00|00|00|FE |0706 |1/2  |00100110 |8606
00|00|00|FE |0706 |2/2  |00100110 |8607


---------------
Opcode: C9
ll: 02
Instruction:CMP Addressing Mode:Immediate - Operand (Value: "0x02", Address: "None")
Instruction cycle count set to 2
A |X |Y |SP |PC   |T/MT |NV-BDIZC |CYCLE
----------------------------------------
00|00|00|FE |0708 |1/2  |10100100 |8608
00|00|00|FE |0708 |2/2  |10100100 |8609


---------------
Opcode: D0
ll: F8
Old PC: 070A Offset:-8 New PC: 0702
Instruction:BNE Addressing Mode:Relative - Operand (Value: "None", Address: "0x0702")
Instruction cycle count set to 2
A |X |Y |SP |PC   |T/MT |NV-BDIZC |CYCLE
----------------------------------------
00|00|00|FE |0702 |1/3  |10100100 |8610
00|00|00|FE |0702 |2/3  |10100100 |8611
00|00|00|FE |0702 |3/3  |10100100 |8612


---------------
Opcode: 8D
ll: 00 hh: A0
Instruction:STA Addressing Mode:Absolute - Operand (Value: "0x00", Address: "0xA000")
Writing value 0x00 to address: 0xA000
0xA000: 0x00
Instruction cycle count set to 4
A |X |Y |SP |PC   |T/MT |NV-BDIZC |CYCLE
----------------------------------------
00|00|00|FE |0705 |1/4  |10100100 |8613
00|00|00|FE |0705 |2/4  |10100100 |8614
00|00|00|FE |0705 |3/4  |10100100 |8615
00|00|00|FE |0705 |4/4  |10100100 |8616


---------------
Opcode: 4A
Instruction:LSR Addressing Mode:Accumulator - Operand (Value: "0x00", Address: "None")
Instruction cycle count set to 2
A |X |Y |SP |PC   |T/MT |NV-BDIZC |CYCLE
----------------------------------------
00|00|00|FE |0706 |1/2  |00100110 |8617
00|00|00|FE |0706 |2/2  |00100110 |8618


---------------
Opcode: C9
ll: 02
Instruction:CMP Addressing Mode:Immediate - Operand (Value: "0x02", Address: "None")
Instruction cycle count set to 2
A |X |Y |SP |PC   |T/MT |NV-BDIZC |CYCLE
----------------------------------------
00|00|00|FE |0708 |1/2  |10100100 |8619
00|00|00|FE |0708 |2/2  |10100100 |8620


---------------
Opcode: D0
ll: F8
Old PC: 070A Offset:-8 New PC: 0702
Instruction:BNE Addressing Mode:Relative - Operand (Value: "None", Address: "0x0702")
Instruction cycle count set to 2
A |X |Y |SP |PC   |T/MT |NV-BDIZC |CYCLE
----------------------------------------
00|00|00|FE |0702 |1/3  |10100100 |8621
00|00|00|FE |0702 |2/3  |10100100 |8622
00|00|00|FE |0702 |3/3  |10100100 |8623


---------------
Opcode: 8D
ll: 00 hh: A0
Instruction:STA Addressing Mode:Absolute - Operand (Value: "0x00", Address: "0xA000")
Writing value 0x00 to address: 0xA000
0xA000: 0x00
Instruction cycle count set to 4
A |X |Y |SP |PC   |T/MT |NV-BDIZC |CYCLE
----------------------------------------
00|00|00|FE |0705 |1/4  |10100100 |8624
00|00|00|FE |0705 |2/4  |10100100 |8625
00|00|00|FE |0705 |3/4  |10100100 |8626
00|00|00|FE |0705 |4/4  |10100100 |8627


---------------
Opcode: 4A
Instruction:LSR Addressing Mode:Accumulator - Operand (Value: "0x00", Address: "None")
Instruction cycle count set to 2
A |X |Y |SP |PC   |T/MT |NV-BDIZC |CYCLE
----------------------------------------
00|00|00|FE |0706 |1/2  |00100110 |8628
00|00|00|FE |0706 |2/2  |00100110 |8629


---------------
Opcode: C9
ll: 02
Instruction:CMP Addressing Mode:Immediate - Operand (Value: "0x02", Address: "None")
Instruction cycle count set to 2
A |X |Y |SP |PC   |T/MT |NV-BDIZC |CYCLE
----------------------------------------
00|00|00|FE |0708 |1/2  |10100100 |8630
00|00|00|FE |0708 |2/2  |10100100 |8631


---------------
Opcode: D0
ll: F8
Old PC: 070A Offset:-8 New PC: 0702
Instruction:BNE Addressing Mode:Relative - Operand (Value: "None", Address: "0x0702")
Instruction cycle count set to 2
A |X |Y |SP |PC   |T/MT |NV-BDIZC |CYCLE
----------------------------------------
00|00|00|FE |0702 |1/3  |10100100 |8632
00|00|00|FE |0702 |2/3  |10100100 |8633
00|00|00|FE |0702 |3/3  |10100100 |8634


---------------
Opcode: 8D
ll: 00 hh: A0
Instruction:STA Addressing Mode:Absolute - Operand (Value: "0x00", Address: "0xA000")
Writing value 0x00 to address: 0xA000
0xA000: 0x00
Instruction cycle count set to 4
A |X |Y |SP |PC   |T/MT |NV-BDIZC |CYCLE
----------------------------------------
00|00|00|FE |0705 |1/4  |10100100 |8635
00|00|00|FE |0705 |2/4  |10100100 |8636
00|00|00|FE |0705 |3/4  |10100100 |8637
00|00|00|FE |0705 |4/4  |10100100 |8638


---------------
Opcode: 4A
Instruction:LSR Addressing Mode:Accumulator - Operand (Value: "0x00", Address: "None")
Instruction cycle count set to 2
A |X |Y |SP |PC   |T/MT |NV-BDIZC |CYCLE
----------------------------------------
00|00|00|FE |0706 |1/2  |00100110 |8639
00|00|00|FE |0706 |2/2  |00100110 |8640


---------------
Opcode: C9
ll: 02
Instruction:CMP Addressing Mode:Immediate - Operand (Value: "0x02", Address: "None")
Instruction cycle count set to 2
A |X |Y |SP |PC   |T/MT |NV-BDIZC |CYCLE
----------------------------------------
00|00|00|FE |0708 |1/2  |10100100 |8641
00|00|00|FE |0708 |2/2  |10100100 |8642


---------------
Opcode: D0
ll: F8
Old PC: 070A Offset:-8 New PC: 0702
Instruction:BNE Addressing Mode:Relative - Operand (Value: "None", Address: "0x0702")
Instruction cycle count set to 2
A |X |Y |SP |PC   |T/MT |NV-BDIZC |CYCLE
----------------------------------------
00|00|00|FE |0702 |1/3  |10100100 |8643
00|00|00|FE |0702 |2/3  |10100100 |8644
00|00|00|FE |0702 |3/3  |10100100 |8645


---------------
Opcode: 8D
ll: 00 hh: A0
Instruction:STA Addressing Mode:Absolute - Operand (Value: "0x00", Address: "0xA000")
Writing value 0x00 to address: 0xA000
0xA000: 0x00
Instruction cycle count set to 4
A |X |Y |SP |PC   |T/MT |NV-BDIZC |CYCLE
----------------------------------------
00|00|00|FE |0705 |1/4  |10100100 |8646
00|00|00|FE |0705 |2/4  |10100100 |8647
00|00|00|FE |0705 |3/4  |10100100 |8648
00|00|00|FE |0705 |4/4  |10100100 |8649


---------------
Opcode: 4A
Instruction:LSR Addressing Mode:Accumulator - Operand (Value: "0x00", Address: "None")
Instruction cycle count set to 2
A |X |Y |SP |PC   |T/MT |NV-BDIZC |CYCLE
----------------------------------------
00|00|00|FE |0706 |1/2  |00100110 |8650
00|00|00|FE |0706 |2/2  |00100110 |8651


---------------
Opcode: C9
ll: 02
Instruction:CMP Addressing Mode:Immediate - Operand (Value: "0x02", Address: "None")
Instruction cycle count set to 2
A |X |Y |SP |PC   |T/MT |NV-BDIZC |CYCLE
----------------------------------------
00|00|00|FE |0708 |1/2  |10100100 |8652
00|00|00|FE |0708 |2/2  |10100100 |8653


---------------
Opcode: D0
ll: F8
Old PC: 070A Offset:-8 New PC: 0702
Instruction:BNE Addressing Mode:Relative - Operand (Value: "None", Address: "0x0702")
Instruction cycle count set to 2
A |X |Y |SP |PC   |T/MT |NV-BDIZC |CYCLE
----------------------------------------
00|00|00|FE |0702 |1/3  |10100100 |8654
00|00|00|FE |0702 |2/3  |10100100 |8655
00|00|00|FE |0702 |3/3  |10100100 |8656


---------------
Opcode: 8D
ll: 00 hh: A0
Instruction:STA Addressing Mode:Absolute - Operand (Value: "0x00", Address: "0xA000")
Writing value 0x00 to address: 0xA000
0xA000: 0x00
Instruction cycle count set to 4
A |X |Y |SP |PC   |T/MT |NV-BDIZC |CYCLE
----------------------------------------
00|00|00|FE |0705 |1/4  |10100100 |8657
00|00|00|FE |0705 |2/4  |10100100 |8658
00|00|00|FE |0705 |3/4  |10100100 |8659
00|00|00|FE |0705 |4/4  |10100100 |8660


---------------
Opcode: 4A
Instruction:LSR Addressing Mode:Accumulator - Operand (Value: "0x00", Address: "None")
Instruction cycle count set to 2
A |X |Y |SP |PC   |T/MT |NV-BDIZC |CYCLE
----------------------------------------
00|00|00|FE |0706 |1/2  |00100110 |8661
00|00|00|FE |0706 |2/2  |00100110 |8662


---------------
Opcode: C9
ll: 02
Instruction:CMP Addressing Mode:Immediate - Operand (Value: "0x02", Address: "None")
Instruction cycle count set to 2
A |X |Y |SP |PC   |T/MT |NV-BDIZC |CYCLE
----------------------------------------
00|00|00|FE |0708 |1/2  |10100100 |8663
00|00|00|FE |0708 |2/2  |10100100 |8664


---------------
Opcode: D0
ll: F8
Old PC: 070A Offset:-8 New PC: 0702
Instruction:BNE Addressing Mode:Relative - Operand (Value: "None", Address: "0x0702")
Instruction cycle count set to 2
A |X |Y |SP |PC   |T/MT |NV-BDIZC |CYCLE
----------------------------------------
00|00|00|FE |0702 |1/3  |10100100 |8665
00|00|00|FE |0702 |2/3  |10100100 |8666
00|00|00|FE |0702 |3/3  |10100100 |8667


---------------
Opcode: 8D
ll: 00 hh: A0
Instruction:STA Addressing Mode:Absolute - Operand (Value: "0x00", Address: "0xA000")
Writing value 0x00 to address: 0xA000
0xA000: 0x00
Instruction cycle count set to 4
A |X |Y |SP |PC   |T/MT |NV-BDIZC |CYCLE
----------------------------------------
00|00|00|FE |0705 |1/4  |10100100 |8668
00|00|00|FE |0705 |2/4  |10100100 |8669
00|00|00|FE |0705 |3/4  |10100100 |8670
00|00|00|FE |0705 |4/4  |10100100 |8671


---------------
Opcode: 4A
Instruction:LSR Addressing Mode:Accumulator - Operand (Value: "0x00", Address: "None")
Instruction cycle count set to 2
A |X |Y |SP |PC   |T/MT |NV-BDIZC |CYCLE
----------------------------------------
00|00|00|FE |0706 |1/2  |00100110 |8672
00|00|00|FE |0706 |2/2  |00100110 |8673


---------------
Opcode: C9
ll: 02
Instruction:CMP Addressing Mode:Immediate - Operand (Value: "0x02", Address: "None")
Instruction cycle count set to 2
A |X |Y |SP |PC   |T/MT |NV-BDIZC |CYCLE
----------------------------------------
00|00|00|FE |0708 |1/2  |10100100 |8674
00|00|00|FE |0708 |2/2  |10100100 |8675


---------------
Opcode: D0
ll: F8
Old PC: 070A Offset:-8 New PC: 0702
Instruction:BNE Addressing Mode:Relative - Operand (Value: "None", Address: "0x0702")
Instruction cycle count set to 2
A |X |Y |SP |PC   |T/MT |NV-BDIZC |CYCLE
----------------------------------------
00|00|00|FE |0702 |1/3  |10100100 |8676
00|00|00|FE |0702 |2/3  |10100100 |8677
00|00|00|FE |0702 |3/3  |10100100 |8678


---------------
Opcode: 8D
ll: 00 hh: A0
Instruction:STA Addressing Mode:Absolute - Operand (Value: "0x00", Address: "0xA000")
Writing value 0x00 to address: 0xA000
0xA000: 0x00
Instruction cycle count set to 4
A |X |Y |SP |PC   |T/MT |NV-BDIZC |CYCLE
----------------------------------------
00|00|00|FE |0705 |1/4  |10100100 |8679
00|00|00|FE |0705 |2/4  |10100100 |8680
00|00|00|FE |0705 |3/4  |10100100 |8681
00|00|00|FE |0705 |4/4  |10100100 |8682


---------------
Opcode: 4A
Instruction:LSR Addressing Mode:Accumulator - Operand (Value: "0x00", Address: "None")
Instruction cycle count set to 2
A |X |Y |SP |PC   |T/MT |NV-BDIZC |CYCLE
----------------------------------------
00|00|00|FE |0706 |1/2  |00100110 |8683
00|00|00|FE |0706 |2/2  |00100110 |8684


---------------
Opcode: C9
ll: 02
Instruction:CMP Addressing Mode:Immediate - Operand (Value: "0x02", Address: "None")
Instruction cycle count set to 2
A |X |Y |SP |PC   |T/MT |NV-BDIZC |CYCLE
----------------------------------------
00|00|00|FE |0708 |1/2  |10100100 |8685
00|00|00|FE |0708 |2/2  |10100100 |8686


---------------
Opcode: D0
ll: F8
Old PC: 070A Offset:-8 New PC: 0702
Instruction:BNE Addressing Mode:Relative - Operand (Value: "None", Address: "0x0702")
Instruction cycle count set to 2
A |X |Y |SP |PC   |T/MT |NV-BDIZC |CYCLE
----------------------------------------
00|00|00|FE |0702 |1/3  |10100100 |8687
00|00|00|FE |0702 |2/3  |10100100 |8688
00|00|00|FE |0702 |3/3  |10100100 |8689


---------------
Opcode: 8D
ll: 00 hh: A0
Instruction:STA Addressing Mode:Absolute - Operand (Value: "0x00", Address: "0xA000")
Writing value 0x00 to address: 0xA000
0xA000: 0x00
Instruction cycle count set to 4
A |X |Y |SP |PC   |T/MT |NV-BDIZC |CYCLE
----------------------------------------
00|00|00|FE |0705 |1/4  |10100100 |8690
00|00|00|FE |0705 |2/4  |10100100 |8691
00|00|00|FE |0705 |3/4  |10100100 |8692
00|00|00|FE |0705 |4/4  |10100100 |8693


---------------
Opcode: 4A
Instruction:LSR Addressing Mode:Accumulator - Operand (Value: "0x00", Address: "None")
Instruction cycle count set to 2
A |X |Y |SP |PC   |T/MT |NV-BDIZC |CYCLE
----------------------------------------
00|00|00|FE |0706 |1/2  |00100110 |8694
00|00|00|FE |0706 |2/2  |00100110 |8695


---------------
Opcode: C9
ll: 02
Instruction:CMP Addressing Mode:Immediate - Operand (Value: "0x02", Address: "None")
Instruction cycle count set to 2
A |X |Y |SP |PC   |T/MT |NV-BDIZC |CYCLE
----------------------------------------
00|00|00|FE |0708 |1/2  |10100100 |8696
00|00|00|FE |0708 |2/2  |10100100 |8697


---------------
Opcode: D0
ll: F8
Old PC: 070A Offset:-8 New PC: 0702
Instruction:BNE Addressing Mode:Relative - Operand (Value: "None", Address: "0x0702")
Instruction cycle count set to 2
A |X |Y |SP |PC   |T/MT |NV-BDIZC |CYCLE
----------------------------------------
00|00|00|FE |0702 |1/3  |10100100 |8698
00|00|00|FE |0702 |2/3  |10100100 |8699
00|00|00|FE |0702 |3/3  |10100100 |8700


---------------
Opcode: 8D
ll: 00 hh: A0
Instruction:STA Addressing Mode:Absolute - Operand (Value: "0x00", Address: "0xA000")
Writing value 0x00 to address: 0xA000
0xA000: 0x00
Instruction cycle count set to 4
A |X |Y |SP |PC   |T/MT |NV-BDIZC |CYCLE
----------------------------------------
00|00|00|FE |0705 |1/4  |10100100 |8701
00|00|00|FE |0705 |2/4  |10100100 |8702
00|00|00|FE |0705 |3/4  |10100100 |8703
00|00|00|FE |0705 |4/4  |10100100 |8704


---------------
Opcode: 4A
Instruction:LSR Addressing Mode:Accumulator - Operand (Value: "0x00", Address: "None")
Instruction cycle count set to 2
A |X |Y |SP |PC   |T/MT |NV-BDIZC |CYCLE
----------------------------------------
00|00|00|FE |0706 |1/2  |00100110 |8705
00|00|00|FE |0706 |2/2  |00100110 |8706


---------------
Opcode: C9
ll: 02
Instruction:CMP Addressing Mode:Immediate - Operand (Value: "0x02", Address: "None")
Instruction cycle count set to 2
A |X |Y |SP |PC   |T/MT |NV-BDIZC |CYCLE
----------------------------------------
00|00|00|FE |0708 |1/2  |10100100 |8707
00|00|00|FE |0708 |2/2  |10100100 |8708


---------------
Opcode: D0
ll: F8
Old PC: 070A Offset:-8 New PC: 0702
Instruction:BNE Addressing Mode:Relative - Operand (Value: "None", Address: "0x0702")
Instruction cycle count set to 2
A |X |Y |SP |PC   |T/MT |NV-BDIZC |CYCLE
----------------------------------------
00|00|00|FE |0702 |1/3  |10100100 |8709
00|00|00|FE |0702 |2/3  |10100100 |8710
00|00|00|FE |0702 |3/3  |10100100 |8711


---------------
Opcode: 8D
ll: 00 hh: A0
Instruction:STA Addressing Mode:Absolute - Operand (Value: "0x00", Address: "0xA000")
Writing value 0x00 to address: 0xA000
0xA000: 0x00
Instruction cycle count set to 4
A |X |Y |SP |PC   |T/MT |NV-BDIZC |CYCLE
----------------------------------------
00|00|00|FE |0705 |1/4  |10100100 |8712
00|00|00|FE |0705 |2/4  |10100100 |8713
00|00|00|FE |0705 |3/4  |10100100 |8714
00|00|00|FE |0705 |4/4  |10100100 |8715


---------------
Opcode: 4A
Instruction:LSR Addressing Mode:Accumulator - Operand (Value: "0x00", Address: "None")
Instruction cycle count set to 2
A |X |Y |SP |PC   |T/MT |NV-BDIZC |CYCLE
----------------------------------------
00|00|00|FE |0706 |1/2  |00100110 |8716
00|00|00|FE |0706 |2/2  |00100110 |8717


---------------
Opcode: C9
ll: 02
Instruction:CMP Addressing Mode:Immediate - Operand (Value: "0x02", Address: "None")
Instruction cycle count set to 2
A |X |Y |SP |PC   |T/MT |NV-BDIZC |CYCLE
----------------------------------------
00|00|00|FE |0708 |1/2  |10100100 |8718
00|00|00|FE |0708 |2/2  |10100100 |8719


---------------
Opcode: D0
ll: F8
Old PC: 070A Offset:-8 New PC: 0702
Instruction:BNE Addressing Mode:Relative - Operand (Value: "None", Address: "0x0702")
Instruction cycle count set to 2
A |X |Y |SP |PC   |T/MT |NV-BDIZC |CYCLE
----------------------------------------
00|00|00|FE |0702 |1/3  |10100100 |8720
00|00|00|FE |0702 |2/3  |10100100 |8721
00|00|00|FE |0702 |3/3  |10100100 |8722


---------------
Opcode: 8D
ll: 00 hh: A0
Instruction:STA Addressing Mode:Absolute - Operand (Value: "0x00", Address: "0xA000")
Writing value 0x00 to address: 0xA000
0xA000: 0x00
Instruction cycle count set to 4
A |X |Y |SP |PC   |T/MT |NV-BDIZC |CYCLE
----------------------------------------
00|00|00|FE |0705 |1/4  |10100100 |8723
00|00|00|FE |0705 |2/4  |10100100 |8724
00|00|00|FE |0705 |3/4  |10100100 |8725
00|00|00|FE |0705 |4/4  |10100100 |8726


---------------
Opcode: 4A
Instruction:LSR Addressing Mode:Accumulator - Operand (Value: "0x00", Address: "None")
Instruction cycle count set to 2
A |X |Y |SP |PC   |T/MT |NV-BDIZC |CYCLE
----------------------------------------
00|00|00|FE |0706 |1/2  |00100110 |8727
00|00|00|FE |0706 |2/2  |00100110 |8728


---------------
Opcode: C9
ll: 02
Instruction:CMP Addressing Mode:Immediate - Operand (Value: "0x02", Address: "None")
Instruction cycle count set to 2
A |X |Y |SP |PC   |T/MT |NV-BDIZC |CYCLE
----------------------------------------
00|00|00|FE |0708 |1/2  |10100100 |8729
00|00|00|FE |0708 |2/2  |10100100 |8730


---------------
Opcode: D0
ll: F8
Old PC: 070A Offset:-8 New PC: 0702
Instruction:BNE Addressing Mode:Relative - Operand (Value: "None", Address: "0x0702")
Instruction cycle count set to 2
A |X |Y |SP |PC   |T/MT |NV-BDIZC |CYCLE
----------------------------------------
00|00|00|FE |0702 |1/3  |10100100 |8731
00|00|00|FE |0702 |2/3  |10100100 |8732
00|00|00|FE |0702 |3/3  |10100100 |8733


---------------
Opcode: 8D
ll: 00 hh: A0
Instruction:STA Addressing Mode:Absolute - Operand (Value: "0x00", Address: "0xA000")
Writing value 0x00 to address: 0xA000
0xA000: 0x00
Instruction cycle count set to 4
A |X |Y |SP |PC   |T/MT |NV-BDIZC |CYCLE
----------------------------------------
00|00|00|FE |0705 |1/4  |10100100 |8734
00|00|00|FE |0705 |2/4  |10100100 |8735
00|00|00|FE |0705 |3/4  |10100100 |8736
00|00|00|FE |0705 |4/4  |10100100 |8737


---------------
Opcode: 4A
Instruction:LSR Addressing Mode:Accumulator - Operand (Value: "0x00", Address: "None")
Instruction cycle count set to 2
A |X |Y |SP |PC   |T/MT |NV-BDIZC |CYCLE
----------------------------------------
00|00|00|FE |0706 |1/2  |00100110 |8738
00|00|00|FE |0706 |2/2  |00100110 |8739


---------------
Opcode: C9
ll: 02
Instruction:CMP Addressing Mode:Immediate - Operand (Value: "0x02", Address: "None")
Instruction cycle count set to 2
A |X |Y |SP |PC   |T/MT |NV-BDIZC |CYCLE
----------------------------------------
00|00|00|FE |0708 |1/2  |10100100 |8740
00|00|00|FE |0708 |2/2  |10100100 |8741


---------------
Opcode: D0
ll: F8
Old PC: 070A Offset:-8 New PC: 0702
Instruction:BNE Addressing Mode:Relative - Operand (Value: "None", Address: "0x0702")
Instruction cycle count set to 2
A |X |Y |SP |PC   |T/MT |NV-BDIZC |CYCLE
----------------------------------------
00|00|00|FE |0702 |1/3  |10100100 |8742
00|00|00|FE |0702 |2/3  |10100100 |8743
00|00|00|FE |0702 |3/3  |10100100 |8744


---------------
Opcode: 8D
ll: 00 hh: A0
Instruction:STA Addressing Mode:Absolute - Operand (Value: "0x00", Address: "0xA000")
Writing value 0x00 to address: 0xA000
0xA000: 0x00
Instruction cycle count set to 4
A |X |Y |SP |PC   |T/MT |NV-BDIZC |CYCLE
----------------------------------------
00|00|00|FE |0705 |1/4  |10100100 |8745
00|00|00|FE |0705 |2/4  |10100100 |8746
00|00|00|FE |0705 |3/4  |10100100 |8747
00|00|00|FE |0705 |4/4  |10100100 |8748


---------------
Opcode: 4A
Instruction:LSR Addressing Mode:Accumulator - Operand (Value: "0x00", Address: "None")
Instruction cycle count set to 2
A |X |Y |SP |PC   |T/MT |NV-BDIZC |CYCLE
----------------------------------------
00|00|00|FE |0706 |1/2  |00100110 |8749
00|00|00|FE |0706 |2/2  |00100110 |8750


---------------
Opcode: C9
ll: 02
Instruction:CMP Addressing Mode:Immediate - Operand (Value: "0x02", Address: "None")
Instruction cycle count set to 2
A |X |Y |SP |PC   |T/MT |NV-BDIZC |CYCLE
----------------------------------------
00|00|00|FE |0708 |1/2  |10100100 |8751
00|00|00|FE |0708 |2/2  |10100100 |8752


---------------
Opcode: D0
ll: F8
Old PC: 070A Offset:-8 New PC: 0702
Instruction:BNE Addressing Mode:Relative - Operand (Value: "None", Address: "0x0702")
Instruction cycle count set to 2
A |X |Y |SP |PC   |T/MT |NV-BDIZC |CYCLE
----------------------------------------
00|00|00|FE |0702 |1/3  |10100100 |8753
00|00|00|FE |0702 |2/3  |10100100 |8754
00|00|00|FE |0702 |3/3  |10100100 |8755


---------------
Opcode: 8D
ll: 00 hh: A0
Instruction:STA Addressing Mode:Absolute - Operand (Value: "0x00", Address: "0xA000")
Writing value 0x00 to address: 0xA000
0xA000: 0x00
Instruction cycle count set to 4
A |X |Y |SP |PC   |T/MT |NV-BDIZC |CYCLE
----------------------------------------
00|00|00|FE |0705 |1/4  |10100100 |8756
00|00|00|FE |0705 |2/4  |10100100 |8757
00|00|00|FE |0705 |3/4  |10100100 |8758
00|00|00|FE |0705 |4/4  |10100100 |8759


---------------
Opcode: 4A
Instruction:LSR Addressing Mode:Accumulator - Operand (Value: "0x00", Address: "None")
Instruction cycle count set to 2
A |X |Y |SP |PC   |T/MT |NV-BDIZC |CYCLE
----------------------------------------
00|00|00|FE |0706 |1/2  |00100110 |8760
00|00|00|FE |0706 |2/2  |00100110 |8761


---------------
Opcode: C9
ll: 02
Instruction:CMP Addressing Mode:Immediate - Operand (Value: "0x02", Address: "None")
Instruction cycle count set to 2
A |X |Y |SP |PC   |T/MT |NV-BDIZC |CYCLE
----------------------------------------
00|00|00|FE |0708 |1/2  |10100100 |8762
00|00|00|FE |0708 |2/2  |10100100 |8763


---------------
Opcode: D0
ll: F8
Old PC: 070A Offset:-8 New PC: 0702
Instruction:BNE Addressing Mode:Relative - Operand (Value: "None", Address: "0x0702")
Instruction cycle count set to 2
A |X |Y |SP |PC   |T/MT |NV-BDIZC |CYCLE
----------------------------------------
00|00|00|FE |0702 |1/3  |10100100 |8764
00|00|00|FE |0702 |2/3  |10100100 |8765
00|00|00|FE |0702 |3/3  |10100100 |8766


---------------
Opcode: 8D
ll: 00 hh: A0
Instruction:STA Addressing Mode:Absolute - Operand (Value: "0x00", Address: "0xA000")
Writing value 0x00 to address: 0xA000
0xA000: 0x00
Instruction cycle count set to 4
A |X |Y |SP |PC   |T/MT |NV-BDIZC |CYCLE
----------------------------------------
00|00|00|FE |0705 |1/4  |10100100 |8767
00|00|00|FE |0705 |2/4  |10100100 |8768
00|00|00|FE |0705 |3/4  |10100100 |8769
00|00|00|FE |0705 |4/4  |10100100 |8770


---------------
Opcode: 4A
Instruction:LSR Addressing Mode:Accumulator - Operand (Value: "0x00", Address: "None")
Instruction cycle count set to 2
A |X |Y |SP |PC   |T/MT |NV-BDIZC |CYCLE
----------------------------------------
00|00|00|FE |0706 |1/2  |00100110 |8771
00|00|00|FE |0706 |2/2  |00100110 |8772


---------------
Opcode: C9
ll: 02
Instruction:CMP Addressing Mode:Immediate - Operand (Value: "0x02", Address: "None")
Instruction cycle count set to 2
A |X |Y |SP |PC   |T/MT |NV-BDIZC |CYCLE
----------------------------------------
00|00|00|FE |0708 |1/2  |10100100 |8773
00|00|00|FE |0708 |2/2  |10100100 |8774


---------------
Opcode: D0
ll: F8
Old PC: 070A Offset:-8 New PC: 0702
Instruction:BNE Addressing Mode:Relative - Operand (Value: "None", Address: "0x0702")
Instruction cycle count set to 2
A |X |Y |SP |PC   |T/MT |NV-BDIZC |CYCLE
----------------------------------------
00|00|00|FE |0702 |1/3  |10100100 |8775
00|00|00|FE |0702 |2/3  |10100100 |8776
00|00|00|FE |0702 |3/3  |10100100 |8777


---------------
Opcode: 8D
ll: 00 hh: A0
Instruction:STA Addressing Mode:Absolute - Operand (Value: "0x00", Address: "0xA000")
Writing value 0x00 to address: 0xA000
0xA000: 0x00
Instruction cycle count set to 4
A |X |Y |SP |PC   |T/MT |NV-BDIZC |CYCLE
----------------------------------------
00|00|00|FE |0705 |1/4  |10100100 |8778
00|00|00|FE |0705 |2/4  |10100100 |8779
00|00|00|FE |0705 |3/4  |10100100 |8780
00|00|00|FE |0705 |4/4  |10100100 |8781


---------------
Opcode: 4A
Instruction:LSR Addressing Mode:Accumulator - Operand (Value: "0x00", Address: "None")
Instruction cycle count set to 2
A |X |Y |SP |PC   |T/MT |NV-BDIZC |CYCLE
----------------------------------------
00|00|00|FE |0706 |1/2  |00100110 |8782
00|00|00|FE |0706 |2/2  |00100110 |8783


---------------
Opcode: C9
ll: 02
Instruction:CMP Addressing Mode:Immediate - Operand (Value: "0x02", Address: "None")
Instruction cycle count set to 2
A |X |Y |SP |PC   |T/MT |NV-BDIZC |CYCLE
----------------------------------------
00|00|00|FE |0708 |1/2  |10100100 |8784
00|00|00|FE |0708 |2/2  |10100100 |8785


---------------
Opcode: D0
ll: F8
Old PC: 070A Offset:-8 New PC: 0702
Instruction:BNE Addressing Mode:Relative - Operand (Value: "None", Address: "0x0702")
Instruction cycle count set to 2
A |X |Y |SP |PC   |T/MT |NV-BDIZC |CYCLE
----------------------------------------
00|00|00|FE |0702 |1/3  |10100100 |8786
00|00|00|FE |0702 |2/3  |10100100 |8787
00|00|00|FE |0702 |3/3  |10100100 |8788


---------------
Opcode: 8D
ll: 00 hh: A0
Instruction:STA Addressing Mode:Absolute - Operand (Value: "0x00", Address: "0xA000")
Writing value 0x00 to address: 0xA000
0xA000: 0x00
Instruction cycle count set to 4
A |X |Y |SP |PC   |T/MT |NV-BDIZC |CYCLE
----------------------------------------
00|00|00|FE |0705 |1/4  |10100100 |8789
00|00|00|FE |0705 |2/4  |10100100 |8790
00|00|00|FE |0705 |3/4  |10100100 |8791
00|00|00|FE |0705 |4/4  |10100100 |8792


---------------
Opcode: 4A
Instruction:LSR Addressing Mode:Accumulator - Operand (Value: "0x00", Address: "None")
Instruction cycle count set to 2
A |X |Y |SP |PC   |T/MT |NV-BDIZC |CYCLE
----------------------------------------
00|00|00|FE |0706 |1/2  |00100110 |8793
00|00|00|FE |0706 |2/2  |00100110 |8794


---------------
Opcode: C9
ll: 02
Instruction:CMP Addressing Mode:Immediate - Operand (Value: "0x02", Address: "None")
Instruction cycle count set to 2
A |X |Y |SP |PC   |T/MT |NV-BDIZC |CYCLE
----------------------------------------
00|00|00|FE |0708 |1/2  |10100100 |8795
00|00|00|FE |0708 |2/2  |10100100 |8796


---------------
Opcode: D0
ll: F8
Old PC: 070A Offset:-8 New PC: 0702
Instruction:BNE Addressing Mode:Relative - Operand (Value: "None", Address: "0x0702")
Instruction cycle count set to 2
A |X |Y |SP |PC   |T/MT |NV-BDIZC |CYCLE
----------------------------------------
00|00|00|FE |0702 |1/3  |10100100 |8797
00|00|00|FE |0702 |2/3  |10100100 |8798
00|00|00|FE |0702 |3/3  |10100100 |8799


---------------
Opcode: 8D
ll: 00 hh: A0
Instruction:STA Addressing Mode:Absolute - Operand (Value: "0x00", Address: "0xA000")
Writing value 0x00 to address: 0xA000
0xA000: 0x00
Instruction cycle count set to 4
A |X |Y |SP |PC   |T/MT |NV-BDIZC |CYCLE
----------------------------------------
00|00|00|FE |0705 |1/4  |10100100 |8800
00|00|00|FE |0705 |2/4  |10100100 |8801
00|00|00|FE |0705 |3/4  |10100100 |8802
00|00|00|FE |0705 |4/4  |10100100 |8803


---------------
Opcode: 4A
Instruction:LSR Addressing Mode:Accumulator - Operand (Value: "0x00", Address: "None")
Instruction cycle count set to 2
A |X |Y |SP |PC   |T/MT |NV-BDIZC |CYCLE
----------------------------------------
00|00|00|FE |0706 |1/2  |00100110 |8804
00|00|00|FE |0706 |2/2  |00100110 |8805


---------------
Opcode: C9
ll: 02
Instruction:CMP Addressing Mode:Immediate - Operand (Value: "0x02", Address: "None")
Instruction cycle count set to 2
A |X |Y |SP |PC   |T/MT |NV-BDIZC |CYCLE
----------------------------------------
00|00|00|FE |0708 |1/2  |10100100 |8806
00|00|00|FE |0708 |2/2  |10100100 |8807


---------------
Opcode: D0
ll: F8
Old PC: 070A Offset:-8 New PC: 0702
Instruction:BNE Addressing Mode:Relative - Operand (Value: "None", Address: "0x0702")
Instruction cycle count set to 2
A |X |Y |SP |PC   |T/MT |NV-BDIZC |CYCLE
----------------------------------------
00|00|00|FE |0702 |1/3  |10100100 |8808
00|00|00|FE |0702 |2/3  |10100100 |8809
00|00|00|FE |0702 |3/3  |10100100 |8810


---------------
Opcode: 8D
ll: 00 hh: A0
Instruction:STA Addressing Mode:Absolute - Operand (Value: "0x00", Address: "0xA000")
Writing value 0x00 to address: 0xA000
0xA000: 0x00
Instruction cycle count set to 4
A |X |Y |SP |PC   |T/MT |NV-BDIZC |CYCLE
----------------------------------------
00|00|00|FE |0705 |1/4  |10100100 |8811
00|00|00|FE |0705 |2/4  |10100100 |8812
00|00|00|FE |0705 |3/4  |10100100 |8813
00|00|00|FE |0705 |4/4  |10100100 |8814


---------------
Opcode: 4A
Instruction:LSR Addressing Mode:Accumulator - Operand (Value: "0x00", Address: "None")
Instruction cycle count set to 2
A |X |Y |SP |PC   |T/MT |NV-BDIZC |CYCLE
----------------------------------------
00|00|00|FE |0706 |1/2  |00100110 |8815
00|00|00|FE |0706 |2/2  |00100110 |8816


---------------
Opcode: C9
ll: 02
Instruction:CMP Addressing Mode:Immediate - Operand (Value: "0x02", Address: "None")
Instruction cycle count set to 2
A |X |Y |SP |PC   |T/MT |NV-BDIZC |CYCLE
----------------------------------------
00|00|00|FE |0708 |1/2  |10100100 |8817
00|00|00|FE |0708 |2/2  |10100100 |8818


---------------
Opcode: D0
ll: F8
Old PC: 070A Offset:-8 New PC: 0702
Instruction:BNE Addressing Mode:Relative - Operand (Value: "None", Address: "0x0702")
Instruction cycle count set to 2
A |X |Y |SP |PC   |T/MT |NV-BDIZC |CYCLE
----------------------------------------
00|00|00|FE |0702 |1/3  |10100100 |8819
00|00|00|FE |0702 |2/3  |10100100 |8820
00|00|00|FE |0702 |3/3  |10100100 |8821


---------------
Opcode: 8D
ll: 00 hh: A0
Instruction:STA Addressing Mode:Absolute - Operand (Value: "0x00", Address: "0xA000")
Writing value 0x00 to address: 0xA000
0xA000: 0x00
Instruction cycle count set to 4
A |X |Y |SP |PC   |T/MT |NV-BDIZC |CYCLE
----------------------------------------
00|00|00|FE |0705 |1/4  |10100100 |8822
00|00|00|FE |0705 |2/4  |10100100 |8823
00|00|00|FE |0705 |3/4  |10100100 |8824
00|00|00|FE |0705 |4/4  |10100100 |8825


---------------
Opcode: 4A
Instruction:LSR Addressing Mode:Accumulator - Operand (Value: "0x00", Address: "None")
Instruction cycle count set to 2
A |X |Y |SP |PC   |T/MT |NV-BDIZC |CYCLE
----------------------------------------
00|00|00|FE |0706 |1/2  |00100110 |8826
00|00|00|FE |0706 |2/2  |00100110 |8827


---------------
Opcode: C9
ll: 02
Instruction:CMP Addressing Mode:Immediate - Operand (Value: "0x02", Address: "None")
Instruction cycle count set to 2
A |X |Y |SP |PC   |T/MT |NV-BDIZC |CYCLE
----------------------------------------
00|00|00|FE |0708 |1/2  |10100100 |8828
00|00|00|FE |0708 |2/2  |10100100 |8829


---------------
Opcode: D0
ll: F8
Old PC: 070A Offset:-8 New PC: 0702
Instruction:BNE Addressing Mode:Relative - Operand (Value: "None", Address: "0x0702")
Instruction cycle count set to 2
A |X |Y |SP |PC   |T/MT |NV-BDIZC |CYCLE
----------------------------------------
00|00|00|FE |0702 |1/3  |10100100 |8830
00|00|00|FE |0702 |2/3  |10100100 |8831
00|00|00|FE |0702 |3/3  |10100100 |8832


---------------
Opcode: 8D
ll: 00 hh: A0
Instruction:STA Addressing Mode:Absolute - Operand (Value: "0x00", Address: "0xA000")
Writing value 0x00 to address: 0xA000
0xA000: 0x00
Instruction cycle count set to 4
A |X |Y |SP |PC   |T/MT |NV-BDIZC |CYCLE
----------------------------------------
00|00|00|FE |0705 |1/4  |10100100 |8833
00|00|00|FE |0705 |2/4  |10100100 |8834
00|00|00|FE |0705 |3/4  |10100100 |8835
00|00|00|FE |0705 |4/4  |10100100 |8836


---------------
Opcode: 4A
Instruction:LSR Addressing Mode:Accumulator - Operand (Value: "0x00", Address: "None")
Instruction cycle count set to 2
A |X |Y |SP |PC   |T/MT |NV-BDIZC |CYCLE
----------------------------------------
00|00|00|FE |0706 |1/2  |00100110 |8837
00|00|00|FE |0706 |2/2  |00100110 |8838


---------------
Opcode: C9
ll: 02
Instruction:CMP Addressing Mode:Immediate - Operand (Value: "0x02", Address: "None")
Instruction cycle count set to 2
A |X |Y |SP |PC   |T/MT |NV-BDIZC |CYCLE
----------------------------------------
00|00|00|FE |0708 |1/2  |10100100 |8839
00|00|00|FE |0708 |2/2  |10100100 |8840


---------------
Opcode: D0
ll: F8
Old PC: 070A Offset:-8 New PC: 0702
Instruction:BNE Addressing Mode:Relative - Operand (Value: "None", Address: "0x0702")
Instruction cycle count set to 2
A |X |Y |SP |PC   |T/MT |NV-BDIZC |CYCLE
----------------------------------------
00|00|00|FE |0702 |1/3  |10100100 |8841
00|00|00|FE |0702 |2/3  |10100100 |8842
00|00|00|FE |0702 |3/3  |10100100 |8843


---------------
Opcode: 8D
ll: 00 hh: A0
Instruction:STA Addressing Mode:Absolute - Operand (Value: "0x00", Address: "0xA000")
Writing value 0x00 to address: 0xA000
0xA000: 0x00
Instruction cycle count set to 4
A |X |Y |SP |PC   |T/MT |NV-BDIZC |CYCLE
----------------------------------------
00|00|00|FE |0705 |1/4  |10100100 |8844
00|00|00|FE |0705 |2/4  |10100100 |8845
00|00|00|FE |0705 |3/4  |10100100 |8846
00|00|00|FE |0705 |4/4  |10100100 |8847


---------------
Opcode: 4A
Instruction:LSR Addressing Mode:Accumulator - Operand (Value: "0x00", Address: "None")
Instruction cycle count set to 2
A |X |Y |SP |PC   |T/MT |NV-BDIZC |CYCLE
----------------------------------------
00|00|00|FE |0706 |1/2  |00100110 |8848
00|00|00|FE |0706 |2/2  |00100110 |8849


---------------
Opcode: C9
ll: 02
Instruction:CMP Addressing Mode:Immediate - Operand (Value: "0x02", Address: "None")
Instruction cycle count set to 2
A |X |Y |SP |PC   |T/MT |NV-BDIZC |CYCLE
----------------------------------------
00|00|00|FE |0708 |1/2  |10100100 |8850
00|00|00|FE |0708 |2/2  |10100100 |8851


---------------
Opcode: D0
ll: F8
Old PC: 070A Offset:-8 New PC: 0702
Instruction:BNE Addressing Mode:Relative - Operand (Value: "None", Address: "0x0702")
Instruction cycle count set to 2
A |X |Y |SP |PC   |T/MT |NV-BDIZC |CYCLE
----------------------------------------
00|00|00|FE |0702 |1/3  |10100100 |8852
00|00|00|FE |0702 |2/3  |10100100 |8853
00|00|00|FE |0702 |3/3  |10100100 |8854


---------------
Opcode: 8D
ll: 00 hh: A0
Instruction:STA Addressing Mode:Absolute - Operand (Value: "0x00", Address: "0xA000")
Writing value 0x00 to address: 0xA000
0xA000: 0x00
Instruction cycle count set to 4
A |X |Y |SP |PC   |T/MT |NV-BDIZC |CYCLE
----------------------------------------
00|00|00|FE |0705 |1/4  |10100100 |8855
00|00|00|FE |0705 |2/4  |10100100 |8856
00|00|00|FE |0705 |3/4  |10100100 |8857
00|00|00|FE |0705 |4/4  |10100100 |8858


---------------
Opcode: 4A
Instruction:LSR Addressing Mode:Accumulator - Operand (Value: "0x00", Address: "None")
Instruction cycle count set to 2
A |X |Y |SP |PC   |T/MT |NV-BDIZC |CYCLE
----------------------------------------
00|00|00|FE |0706 |1/2  |00100110 |8859
00|00|00|FE |0706 |2/2  |00100110 |8860


---------------
Opcode: C9
ll: 02
Instruction:CMP Addressing Mode:Immediate - Operand (Value: "0x02", Address: "None")
Instruction cycle count set to 2
A |X |Y |SP |PC   |T/MT |NV-BDIZC |CYCLE
----------------------------------------
00|00|00|FE |0708 |1/2  |10100100 |8861
00|00|00|FE |0708 |2/2  |10100100 |8862


---------------
Opcode: D0
ll: F8
Old PC: 070A Offset:-8 New PC: 0702
Instruction:BNE Addressing Mode:Relative - Operand (Value: "None", Address: "0x0702")
Instruction cycle count set to 2
A |X |Y |SP |PC   |T/MT |NV-BDIZC |CYCLE
----------------------------------------
00|00|00|FE |0702 |1/3  |10100100 |8863
00|00|00|FE |0702 |2/3  |10100100 |8864
00|00|00|FE |0702 |3/3  |10100100 |8865


---------------
Opcode: 8D
ll: 00 hh: A0
Instruction:STA Addressing Mode:Absolute - Operand (Value: "0x00", Address: "0xA000")
Writing value 0x00 to address: 0xA000
0xA000: 0x00
Instruction cycle count set to 4
A |X |Y |SP |PC   |T/MT |NV-BDIZC |CYCLE
----------------------------------------
00|00|00|FE |0705 |1/4  |10100100 |8866
00|00|00|FE |0705 |2/4  |10100100 |8867
00|00|00|FE |0705 |3/4  |10100100 |8868
00|00|00|FE |0705 |4/4  |10100100 |8869


---------------
Opcode: 4A
Instruction:LSR Addressing Mode:Accumulator - Operand (Value: "0x00", Address: "None")
Instruction cycle count set to 2
A |X |Y |SP |PC   |T/MT |NV-BDIZC |CYCLE
----------------------------------------
00|00|00|FE |0706 |1/2  |00100110 |8870
00|00|00|FE |0706 |2/2  |00100110 |8871


---------------
Opcode: C9
ll: 02
Instruction:CMP Addressing Mode:Immediate - Operand (Value: "0x02", Address: "None")
Instruction cycle count set to 2
A |X |Y |SP |PC   |T/MT |NV-BDIZC |CYCLE
----------------------------------------
00|00|00|FE |0708 |1/2  |10100100 |8872
00|00|00|FE |0708 |2/2  |10100100 |8873


---------------
Opcode: D0
ll: F8
Old PC: 070A Offset:-8 New PC: 0702
Instruction:BNE Addressing Mode:Relative - Operand (Value: "None", Address: "0x0702")
Instruction cycle count set to 2
A |X |Y |SP |PC   |T/MT |NV-BDIZC |CYCLE
----------------------------------------
00|00|00|FE |0702 |1/3  |10100100 |8874
00|00|00|FE |0702 |2/3  |10100100 |8875
00|00|00|FE |0702 |3/3  |10100100 |8876


---------------
Opcode: 8D
ll: 00 hh: A0
Instruction:STA Addressing Mode:Absolute - Operand (Value: "0x00", Address: "0xA000")
Writing value 0x00 to address: 0xA000
0xA000: 0x00
Instruction cycle count set to 4
A |X |Y |SP |PC   |T/MT |NV-BDIZC |CYCLE
----------------------------------------
00|00|00|FE |0705 |1/4  |10100100 |8877
00|00|00|FE |0705 |2/4  |10100100 |8878
00|00|00|FE |0705 |3/4  |10100100 |8879
00|00|00|FE |0705 |4/4  |10100100 |8880


---------------
Opcode: 4A
Instruction:LSR Addressing Mode:Accumulator - Operand (Value: "0x00", Address: "None")
Instruction cycle count set to 2
A |X |Y |SP |PC   |T/MT |NV-BDIZC |CYCLE
----------------------------------------
00|00|00|FE |0706 |1/2  |00100110 |8881
00|00|00|FE |0706 |2/2  |00100110 |8882


---------------
Opcode: C9
ll: 02
Instruction:CMP Addressing Mode:Immediate - Operand (Value: "0x02", Address: "None")
Instruction cycle count set to 2
A |X |Y |SP |PC   |T/MT |NV-BDIZC |CYCLE
----------------------------------------
00|00|00|FE |0708 |1/2  |10100100 |8883
00|00|00|FE |0708 |2/2  |10100100 |8884


---------------
Opcode: D0
ll: F8
Old PC: 070A Offset:-8 New PC: 0702
Instruction:BNE Addressing Mode:Relative - Operand (Value: "None", Address: "0x0702")
Instruction cycle count set to 2
A |X |Y |SP |PC   |T/MT |NV-BDIZC |CYCLE
----------------------------------------
00|00|00|FE |0702 |1/3  |10100100 |8885
00|00|00|FE |0702 |2/3  |10100100 |8886
00|00|00|FE |0702 |3/3  |10100100 |8887


---------------
Opcode: 8D
ll: 00 hh: A0
Instruction:STA Addressing Mode:Absolute - Operand (Value: "0x00", Address: "0xA000")
Writing value 0x00 to address: 0xA000
0xA000: 0x00
Instruction cycle count set to 4
A |X |Y |SP |PC   |T/MT |NV-BDIZC |CYCLE
----------------------------------------
00|00|00|FE |0705 |1/4  |10100100 |8888
00|00|00|FE |0705 |2/4  |10100100 |8889
00|00|00|FE |0705 |3/4  |10100100 |8890
00|00|00|FE |0705 |4/4  |10100100 |8891


---------------
Opcode: 4A
Instruction:LSR Addressing Mode:Accumulator - Operand (Value: "0x00", Address: "None")
Instruction cycle count set to 2
A |X |Y |SP |PC   |T/MT |NV-BDIZC |CYCLE
----------------------------------------
00|00|00|FE |0706 |1/2  |00100110 |8892
00|00|00|FE |0706 |2/2  |00100110 |8893


---------------
Opcode: C9
ll: 02
Instruction:CMP Addressing Mode:Immediate - Operand (Value: "0x02", Address: "None")
Instruction cycle count set to 2
A |X |Y |SP |PC   |T/MT |NV-BDIZC |CYCLE
----------------------------------------
00|00|00|FE |0708 |1/2  |10100100 |8894
00|00|00|FE |0708 |2/2  |10100100 |8895


---------------
Opcode: D0
ll: F8
Old PC: 070A Offset:-8 New PC: 0702
Instruction:BNE Addressing Mode:Relative - Operand (Value: "None", Address: "0x0702")
Instruction cycle count set to 2
A |X |Y |SP |PC   |T/MT |NV-BDIZC |CYCLE
----------------------------------------
00|00|00|FE |0702 |1/3  |10100100 |8896
00|00|00|FE |0702 |2/3  |10100100 |8897
00|00|00|FE |0702 |3/3  |10100100 |8898


---------------
Opcode: 8D
ll: 00 hh: A0
Instruction:STA Addressing Mode:Absolute - Operand (Value: "0x00", Address: "0xA000")
Writing value 0x00 to address: 0xA000
0xA000: 0x00
Instruction cycle count set to 4
A |X |Y |SP |PC   |T/MT |NV-BDIZC |CYCLE
----------------------------------------
00|00|00|FE |0705 |1/4  |10100100 |8899
00|00|00|FE |0705 |2/4  |10100100 |8900
00|00|00|FE |0705 |3/4  |10100100 |8901
00|00|00|FE |0705 |4/4  |10100100 |8902


---------------
Opcode: 4A
Instruction:LSR Addressing Mode:Accumulator - Operand (Value: "0x00", Address: "None")
Instruction cycle count set to 2
A |X |Y |SP |PC   |T/MT |NV-BDIZC |CYCLE
----------------------------------------
00|00|00|FE |0706 |1/2  |00100110 |8903
00|00|00|FE |0706 |2/2  |00100110 |8904


---------------
Opcode: C9
ll: 02
Instruction:CMP Addressing Mode:Immediate - Operand (Value: "0x02", Address: "None")
Instruction cycle count set to 2
A |X |Y |SP |PC   |T/MT |NV-BDIZC |CYCLE
----------------------------------------
00|00|00|FE |0708 |1/2  |10100100 |8905
00|00|00|FE |0708 |2/2  |10100100 |8906


---------------
Opcode: D0
ll: F8
Old PC: 070A Offset:-8 New PC: 0702
Instruction:BNE Addressing Mode:Relative - Operand (Value: "None", Address: "0x0702")
Instruction cycle count set to 2
A |X |Y |SP |PC   |T/MT |NV-BDIZC |CYCLE
----------------------------------------
00|00|00|FE |0702 |1/3  |10100100 |8907
00|00|00|FE |0702 |2/3  |10100100 |8908
00|00|00|FE |0702 |3/3  |10100100 |8909


---------------
Opcode: 8D
ll: 00 hh: A0
Instruction:STA Addressing Mode:Absolute - Operand (Value: "0x00", Address: "0xA000")
Writing value 0x00 to address: 0xA000
0xA000: 0x00
Instruction cycle count set to 4
A |X |Y |SP |PC   |T/MT |NV-BDIZC |CYCLE
----------------------------------------
00|00|00|FE |0705 |1/4  |10100100 |8910
00|00|00|FE |0705 |2/4  |10100100 |8911
00|00|00|FE |0705 |3/4  |10100100 |8912
00|00|00|FE |0705 |4/4  |10100100 |8913


---------------
Opcode: 4A
Instruction:LSR Addressing Mode:Accumulator - Operand (Value: "0x00", Address: "None")
Instruction cycle count set to 2
A |X |Y |SP |PC   |T/MT |NV-BDIZC |CYCLE
----------------------------------------
00|00|00|FE |0706 |1/2  |00100110 |8914
00|00|00|FE |0706 |2/2  |00100110 |8915


---------------
Opcode: C9
ll: 02
Instruction:CMP Addressing Mode:Immediate - Operand (Value: "0x02", Address: "None")
Instruction cycle count set to 2
A |X |Y |SP |PC   |T/MT |NV-BDIZC |CYCLE
----------------------------------------
00|00|00|FE |0708 |1/2  |10100100 |8916
00|00|00|FE |0708 |2/2  |10100100 |8917


---------------
Opcode: D0
ll: F8
Old PC: 070A Offset:-8 New PC: 0702
Instruction:BNE Addressing Mode:Relative - Operand (Value: "None", Address: "0x0702")
Instruction cycle count set to 2
A |X |Y |SP |PC   |T/MT |NV-BDIZC |CYCLE
----------------------------------------
00|00|00|FE |0702 |1/3  |10100100 |8918
00|00|00|FE |0702 |2/3  |10100100 |8919
00|00|00|FE |0702 |3/3  |10100100 |8920


---------------
Opcode: 8D
ll: 00 hh: A0
Instruction:STA Addressing Mode:Absolute - Operand (Value: "0x00", Address: "0xA000")
Writing value 0x00 to address: 0xA000
0xA000: 0x00
Instruction cycle count set to 4
A |X |Y |SP |PC   |T/MT |NV-BDIZC |CYCLE
----------------------------------------
00|00|00|FE |0705 |1/4  |10100100 |8921
00|00|00|FE |0705 |2/4  |10100100 |8922
00|00|00|FE |0705 |3/4  |10100100 |8923
00|00|00|FE |0705 |4/4  |10100100 |8924


---------------
Opcode: 4A
Instruction:LSR Addressing Mode:Accumulator - Operand (Value: "0x00", Address: "None")
Instruction cycle count set to 2
A |X |Y |SP |PC   |T/MT |NV-BDIZC |CYCLE
----------------------------------------
00|00|00|FE |0706 |1/2  |00100110 |8925
00|00|00|FE |0706 |2/2  |00100110 |8926


---------------
Opcode: C9
ll: 02
Instruction:CMP Addressing Mode:Immediate - Operand (Value: "0x02", Address: "None")
Instruction cycle count set to 2
A |X |Y |SP |PC   |T/MT |NV-BDIZC |CYCLE
----------------------------------------
00|00|00|FE |0708 |1/2  |10100100 |8927
00|00|00|FE |0708 |2/2  |10100100 |8928


---------------
Opcode: D0
ll: F8
Old PC: 070A Offset:-8 New PC: 0702
Instruction:BNE Addressing Mode:Relative - Operand (Value: "None", Address: "0x0702")
Instruction cycle count set to 2
A |X |Y |SP |PC   |T/MT |NV-BDIZC |CYCLE
----------------------------------------
00|00|00|FE |0702 |1/3  |10100100 |8929
00|00|00|FE |0702 |2/3  |10100100 |8930
00|00|00|FE |0702 |3/3  |10100100 |8931


---------------
Opcode: 8D
ll: 00 hh: A0
Instruction:STA Addressing Mode:Absolute - Operand (Value: "0x00", Address: "0xA000")
Writing value 0x00 to address: 0xA000
0xA000: 0x00
Instruction cycle count set to 4
A |X |Y |SP |PC   |T/MT |NV-BDIZC |CYCLE
----------------------------------------
00|00|00|FE |0705 |1/4  |10100100 |8932
00|00|00|FE |0705 |2/4  |10100100 |8933
00|00|00|FE |0705 |3/4  |10100100 |8934
00|00|00|FE |0705 |4/4  |10100100 |8935


---------------
Opcode: 4A
Instruction:LSR Addressing Mode:Accumulator - Operand (Value: "0x00", Address: "None")
Instruction cycle count set to 2
A |X |Y |SP |PC   |T/MT |NV-BDIZC |CYCLE
----------------------------------------
00|00|00|FE |0706 |1/2  |00100110 |8936
00|00|00|FE |0706 |2/2  |00100110 |8937


---------------
Opcode: C9
ll: 02
Instruction:CMP Addressing Mode:Immediate - Operand (Value: "0x02", Address: "None")
Instruction cycle count set to 2
A |X |Y |SP |PC   |T/MT |NV-BDIZC |CYCLE
----------------------------------------
00|00|00|FE |0708 |1/2  |10100100 |8938
00|00|00|FE |0708 |2/2  |10100100 |8939


---------------
Opcode: D0
ll: F8
Old PC: 070A Offset:-8 New PC: 0702
Instruction:BNE Addressing Mode:Relative - Operand (Value: "None", Address: "0x0702")
Instruction cycle count set to 2
A |X |Y |SP |PC   |T/MT |NV-BDIZC |CYCLE
----------------------------------------
00|00|00|FE |0702 |1/3  |10100100 |8940
00|00|00|FE |0702 |2/3  |10100100 |8941
00|00|00|FE |0702 |3/3  |10100100 |8942


---------------
Opcode: 8D
ll: 00 hh: A0
Instruction:STA Addressing Mode:Absolute - Operand (Value: "0x00", Address: "0xA000")
Writing value 0x00 to address: 0xA000
0xA000: 0x00
Instruction cycle count set to 4
A |X |Y |SP |PC   |T/MT |NV-BDIZC |CYCLE
----------------------------------------
00|00|00|FE |0705 |1/4  |10100100 |8943
00|00|00|FE |0705 |2/4  |10100100 |8944
00|00|00|FE |0705 |3/4  |10100100 |8945
00|00|00|FE |0705 |4/4  |10100100 |8946


---------------
Opcode: 4A
Instruction:LSR Addressing Mode:Accumulator - Operand (Value: "0x00", Address: "None")
Instruction cycle count set to 2
A |X |Y |SP |PC   |T/MT |NV-BDIZC |CYCLE
----------------------------------------
00|00|00|FE |0706 |1/2  |00100110 |8947
00|00|00|FE |0706 |2/2  |00100110 |8948


---------------
Opcode: C9
ll: 02
Instruction:CMP Addressing Mode:Immediate - Operand (Value: "0x02", Address: "None")
Instruction cycle count set to 2
A |X |Y |SP |PC   |T/MT |NV-BDIZC |CYCLE
----------------------------------------
00|00|00|FE |0708 |1/2  |10100100 |8949
00|00|00|FE |0708 |2/2  |10100100 |8950


---------------
Opcode: D0
ll: F8
Old PC: 070A Offset:-8 New PC: 0702
Instruction:BNE Addressing Mode:Relative - Operand (Value: "None", Address: "0x0702")
Instruction cycle count set to 2
A |X |Y |SP |PC   |T/MT |NV-BDIZC |CYCLE
----------------------------------------
00|00|00|FE |0702 |1/3  |10100100 |8951
00|00|00|FE |0702 |2/3  |10100100 |8952
00|00|00|FE |0702 |3/3  |10100100 |8953


---------------
Opcode: 8D
ll: 00 hh: A0
Instruction:STA Addressing Mode:Absolute - Operand (Value: "0x00", Address: "0xA000")
Writing value 0x00 to address: 0xA000
0xA000: 0x00
Instruction cycle count set to 4
A |X |Y |SP |PC   |T/MT |NV-BDIZC |CYCLE
----------------------------------------
00|00|00|FE |0705 |1/4  |10100100 |8954
00|00|00|FE |0705 |2/4  |10100100 |8955
00|00|00|FE |0705 |3/4  |10100100 |8956
00|00|00|FE |0705 |4/4  |10100100 |8957


---------------
Opcode: 4A
Instruction:LSR Addressing Mode:Accumulator - Operand (Value: "0x00", Address: "None")
Instruction cycle count set to 2
A |X |Y |SP |PC   |T/MT |NV-BDIZC |CYCLE
----------------------------------------
00|00|00|FE |0706 |1/2  |00100110 |8958
00|00|00|FE |0706 |2/2  |00100110 |8959


---------------
Opcode: C9
ll: 02
Instruction:CMP Addressing Mode:Immediate - Operand (Value: "0x02", Address: "None")
Instruction cycle count set to 2
A |X |Y |SP |PC   |T/MT |NV-BDIZC |CYCLE
----------------------------------------
00|00|00|FE |0708 |1/2  |10100100 |8960
00|00|00|FE |0708 |2/2  |10100100 |8961


---------------
Opcode: D0
ll: F8
Old PC: 070A Offset:-8 New PC: 0702
Instruction:BNE Addressing Mode:Relative - Operand (Value: "None", Address: "0x0702")
Instruction cycle count set to 2
A |X |Y |SP |PC   |T/MT |NV-BDIZC |CYCLE
----------------------------------------
00|00|00|FE |0702 |1/3  |10100100 |8962
00|00|00|FE |0702 |2/3  |10100100 |8963
00|00|00|FE |0702 |3/3  |10100100 |8964


---------------
Opcode: 8D
ll: 00 hh: A0
Instruction:STA Addressing Mode:Absolute - Operand (Value: "0x00", Address: "0xA000")
Writing value 0x00 to address: 0xA000
0xA000: 0x00
Instruction cycle count set to 4
A |X |Y |SP |PC   |T/MT |NV-BDIZC |CYCLE
----------------------------------------
00|00|00|FE |0705 |1/4  |10100100 |8965
00|00|00|FE |0705 |2/4  |10100100 |8966
00|00|00|FE |0705 |3/4  |10100100 |8967
00|00|00|FE |0705 |4/4  |10100100 |8968


---------------
Opcode: 4A
Instruction:LSR Addressing Mode:Accumulator - Operand (Value: "0x00", Address: "None")
Instruction cycle count set to 2
A |X |Y |SP |PC   |T/MT |NV-BDIZC |CYCLE
----------------------------------------
00|00|00|FE |0706 |1/2  |00100110 |8969
00|00|00|FE |0706 |2/2  |00100110 |8970


---------------
Opcode: C9
ll: 02
Instruction:CMP Addressing Mode:Immediate - Operand (Value: "0x02", Address: "None")
Instruction cycle count set to 2
A |X |Y |SP |PC   |T/MT |NV-BDIZC |CYCLE
----------------------------------------
00|00|00|FE |0708 |1/2  |10100100 |8971
00|00|00|FE |0708 |2/2  |10100100 |8972


---------------
Opcode: D0
ll: F8
Old PC: 070A Offset:-8 New PC: 0702
Instruction:BNE Addressing Mode:Relative - Operand (Value: "None", Address: "0x0702")
Instruction cycle count set to 2
A |X |Y |SP |PC   |T/MT |NV-BDIZC |CYCLE
----------------------------------------
00|00|00|FE |0702 |1/3  |10100100 |8973
00|00|00|FE |0702 |2/3  |10100100 |8974
00|00|00|FE |0702 |3/3  |10100100 |8975


---------------
Opcode: 8D
ll: 00 hh: A0
Instruction:STA Addressing Mode:Absolute - Operand (Value: "0x00", Address: "0xA000")
Writing value 0x00 to address: 0xA000
0xA000: 0x00
Instruction cycle count set to 4
A |X |Y |SP |PC   |T/MT |NV-BDIZC |CYCLE
----------------------------------------
00|00|00|FE |0705 |1/4  |10100100 |8976
00|00|00|FE |0705 |2/4  |10100100 |8977
00|00|00|FE |0705 |3/4  |10100100 |8978
00|00|00|FE |0705 |4/4  |10100100 |8979


---------------
Opcode: 4A
Instruction:LSR Addressing Mode:Accumulator - Operand (Value: "0x00", Address: "None")
Instruction cycle count set to 2
A |X |Y |SP |PC   |T/MT |NV-BDIZC |CYCLE
----------------------------------------
00|00|00|FE |0706 |1/2  |00100110 |8980
00|00|00|FE |0706 |2/2  |00100110 |8981


---------------
Opcode: C9
ll: 02
Instruction:CMP Addressing Mode:Immediate - Operand (Value: "0x02", Address: "None")
Instruction cycle count set to 2
A |X |Y |SP |PC   |T/MT |NV-BDIZC |CYCLE
----------------------------------------
00|00|00|FE |0708 |1/2  |10100100 |8982
00|00|00|FE |0708 |2/2  |10100100 |8983


---------------
Opcode: D0
ll: F8
Old PC: 070A Offset:-8 New PC: 0702
Instruction:BNE Addressing Mode:Relative - Operand (Value: "None", Address: "0x0702")
Instruction cycle count set to 2
A |X |Y |SP |PC   |T/MT |NV-BDIZC |CYCLE
----------------------------------------
00|00|00|FE |0702 |1/3  |10100100 |8984
00|00|00|FE |0702 |2/3  |10100100 |8985
00|00|00|FE |0702 |3/3  |10100100 |8986


---------------
Opcode: 8D
ll: 00 hh: A0
Instruction:STA Addressing Mode:Absolute - Operand (Value: "0x00", Address: "0xA000")
Writing value 0x00 to address: 0xA000
0xA000: 0x00
Instruction cycle count set to 4
A |X |Y |SP |PC   |T/MT |NV-BDIZC |CYCLE
----------------------------------------
00|00|00|FE |0705 |1/4  |10100100 |8987
00|00|00|FE |0705 |2/4  |10100100 |8988
00|00|00|FE |0705 |3/4  |10100100 |8989
00|00|00|FE |0705 |4/4  |10100100 |8990


---------------
Opcode: 4A
Instruction:LSR Addressing Mode:Accumulator - Operand (Value: "0x00", Address: "None")
Instruction cycle count set to 2
A |X |Y |SP |PC   |T/MT |NV-BDIZC |CYCLE
----------------------------------------
00|00|00|FE |0706 |1/2  |00100110 |8991
00|00|00|FE |0706 |2/2  |00100110 |8992


---------------
Opcode: C9
ll: 02
Instruction:CMP Addressing Mode:Immediate - Operand (Value: "0x02", Address: "None")
Instruction cycle count set to 2
A |X |Y |SP |PC   |T/MT |NV-BDIZC |CYCLE
----------------------------------------
00|00|00|FE |0708 |1/2  |10100100 |8993
00|00|00|FE |0708 |2/2  |10100100 |8994


---------------
Opcode: D0
ll: F8
Old PC: 070A Offset:-8 New PC: 0702
Instruction:BNE Addressing Mode:Relative - Operand (Value: "None", Address: "0x0702")
Instruction cycle count set to 2
A |X |Y |SP |PC   |T/MT |NV-BDIZC |CYCLE
----------------------------------------
00|00|00|FE |0702 |1/3  |10100100 |8995
00|00|00|FE |0702 |2/3  |10100100 |8996
00|00|00|FE |0702 |3/3  |10100100 |8997


---------------
Opcode: 8D
ll: 00 hh: A0
Instruction:STA Addressing Mode:Absolute - Operand (Value: "0x00", Address: "0xA000")
Writing value 0x00 to address: 0xA000
0xA000: 0x00
Instruction cycle count set to 4
A |X |Y |SP |PC   |T/MT |NV-BDIZC |CYCLE
----------------------------------------
00|00|00|FE |0705 |1/4  |10100100 |8998
emulation behind by 695.532468ms. trying to catch up...
00|00|00|FE |0705 |2/4  |10100100 |8999
00|00|00|FE |0705 |3/4  |10100100 |9000
00|00|00|FE |0705 |4/4  |10100100 |9001


---------------
Opcode: 4A
Instruction:LSR Addressing Mode:Accumulator - Operand (Value: "0x00", Address: "None")
Instruction cycle count set to 2
A |X |Y |SP |PC   |T/MT |NV-BDIZC |CYCLE
----------------------------------------
00|00|00|FE |0706 |1/2  |00100110 |9002
00|00|00|FE |0706 |2/2  |00100110 |9003


---------------
Opcode: C9
ll: 02
Instruction:CMP Addressing Mode:Immediate - Operand (Value: "0x02", Address: "None")
Instruction cycle count set to 2
A |X |Y |SP |PC   |T/MT |NV-BDIZC |CYCLE
----------------------------------------
00|00|00|FE |0708 |1/2  |10100100 |9004
00|00|00|FE |0708 |2/2  |10100100 |9005


---------------
Opcode: D0
ll: F8
Old PC: 070A Offset:-8 New PC: 0702
Instruction:BNE Addressing Mode:Relative - Operand (Value: "None", Address: "0x0702")
Instruction cycle count set to 2
A |X |Y |SP |PC   |T/MT |NV-BDIZC |CYCLE
----------------------------------------
00|00|00|FE |0702 |1/3  |10100100 |9006
00|00|00|FE |0702 |2/3  |10100100 |9007
00|00|00|FE |0702 |3/3  |10100100 |9008


---------------
Opcode: 8D
ll: 00 hh: A0
Instruction:STA Addressing Mode:Absolute - Operand (Value: "0x00", Address: "0xA000")
Writing value 0x00 to address: 0xA000
0xA000: 0x00
Instruction cycle count set to 4
A |X |Y |SP |PC   |T/MT |NV-BDIZC |CYCLE
----------------------------------------
00|00|00|FE |0705 |1/4  |10100100 |9009
00|00|00|FE |0705 |2/4  |10100100 |9010
00|00|00|FE |0705 |3/4  |10100100 |9011
00|00|00|FE |0705 |4/4  |10100100 |9012


---------------
Opcode: 4A
Instruction:LSR Addressing Mode:Accumulator - Operand (Value: "0x00", Address: "None")
Instruction cycle count set to 2
A |X |Y |SP |PC   |T/MT |NV-BDIZC |CYCLE
----------------------------------------
00|00|00|FE |0706 |1/2  |00100110 |9013
00|00|00|FE |0706 |2/2  |00100110 |9014


---------------
Opcode: C9
ll: 02
Instruction:CMP Addressing Mode:Immediate - Operand (Value: "0x02", Address: "None")
Instruction cycle count set to 2
A |X |Y |SP |PC   |T/MT |NV-BDIZC |CYCLE
----------------------------------------
00|00|00|FE |0708 |1/2  |10100100 |9015
00|00|00|FE |0708 |2/2  |10100100 |9016


---------------
Opcode: D0
ll: F8
Old PC: 070A Offset:-8 New PC: 0702
Instruction:BNE Addressing Mode:Relative - Operand (Value: "None", Address: "0x0702")
Instruction cycle count set to 2
A |X |Y |SP |PC   |T/MT |NV-BDIZC |CYCLE
----------------------------------------
00|00|00|FE |0702 |1/3  |10100100 |9017
00|00|00|FE |0702 |2/3  |10100100 |9018
00|00|00|FE |0702 |3/3  |10100100 |9019


---------------
Opcode: 8D
ll: 00 hh: A0
Instruction:STA Addressing Mode:Absolute - Operand (Value: "0x00", Address: "0xA000")
Writing value 0x00 to address: 0xA000
0xA000: 0x00
Instruction cycle count set to 4
A |X |Y |SP |PC   |T/MT |NV-BDIZC |CYCLE
----------------------------------------
00|00|00|FE |0705 |1/4  |10100100 |9020
00|00|00|FE |0705 |2/4  |10100100 |9021
00|00|00|FE |0705 |3/4  |10100100 |9022
00|00|00|FE |0705 |4/4  |10100100 |9023


---------------
Opcode: 4A
Instruction:LSR Addressing Mode:Accumulator - Operand (Value: "0x00", Address: "None")
Instruction cycle count set to 2
A |X |Y |SP |PC   |T/MT |NV-BDIZC |CYCLE
----------------------------------------
00|00|00|FE |0706 |1/2  |00100110 |9024
00|00|00|FE |0706 |2/2  |00100110 |9025


---------------
Opcode: C9
ll: 02
Instruction:CMP Addressing Mode:Immediate - Operand (Value: "0x02", Address: "None")
Instruction cycle count set to 2
A |X |Y |SP |PC   |T/MT |NV-BDIZC |CYCLE
----------------------------------------
00|00|00|FE |0708 |1/2  |10100100 |9026
00|00|00|FE |0708 |2/2  |10100100 |9027


---------------
Opcode: D0
ll: F8
Old PC: 070A Offset:-8 New PC: 0702
Instruction:BNE Addressing Mode:Relative - Operand (Value: "None", Address: "0x0702")
Instruction cycle count set to 2
A |X |Y |SP |PC   |T/MT |NV-BDIZC |CYCLE
----------------------------------------
00|00|00|FE |0702 |1/3  |10100100 |9028
00|00|00|FE |0702 |2/3  |10100100 |9029
00|00|00|FE |0702 |3/3  |10100100 |9030


---------------
Opcode: 8D
ll: 00 hh: A0
Instruction:STA Addressing Mode:Absolute - Operand (Value: "0x00", Address: "0xA000")
Writing value 0x00 to address: 0xA000
0xA000: 0x00
Instruction cycle count set to 4
A |X |Y |SP |PC   |T/MT |NV-BDIZC |CYCLE
----------------------------------------
00|00|00|FE |0705 |1/4  |10100100 |9031
00|00|00|FE |0705 |2/4  |10100100 |9032
00|00|00|FE |0705 |3/4  |10100100 |9033
00|00|00|FE |0705 |4/4  |10100100 |9034


---------------
Opcode: 4A
Instruction:LSR Addressing Mode:Accumulator - Operand (Value: "0x00", Address: "None")
Instruction cycle count set to 2
A |X |Y |SP |PC   |T/MT |NV-BDIZC |CYCLE
----------------------------------------
00|00|00|FE |0706 |1/2  |00100110 |9035
00|00|00|FE |0706 |2/2  |00100110 |9036


---------------
Opcode: C9
ll: 02
Instruction:CMP Addressing Mode:Immediate - Operand (Value: "0x02", Address: "None")
Instruction cycle count set to 2
A |X |Y |SP |PC   |T/MT |NV-BDIZC |CYCLE
----------------------------------------
00|00|00|FE |0708 |1/2  |10100100 |9037
00|00|00|FE |0708 |2/2  |10100100 |9038


---------------
Opcode: D0
ll: F8
Old PC: 070A Offset:-8 New PC: 0702
Instruction:BNE Addressing Mode:Relative - Operand (Value: "None", Address: "0x0702")
Instruction cycle count set to 2
A |X |Y |SP |PC   |T/MT |NV-BDIZC |CYCLE
----------------------------------------
00|00|00|FE |0702 |1/3  |10100100 |9039
00|00|00|FE |0702 |2/3  |10100100 |9040
00|00|00|FE |0702 |3/3  |10100100 |9041


---------------
Opcode: 8D
ll: 00 hh: A0
Instruction:STA Addressing Mode:Absolute - Operand (Value: "0x00", Address: "0xA000")
Writing value 0x00 to address: 0xA000
0xA000: 0x00
Instruction cycle count set to 4
A |X |Y |SP |PC   |T/MT |NV-BDIZC |CYCLE
----------------------------------------
00|00|00|FE |0705 |1/4  |10100100 |9042
00|00|00|FE |0705 |2/4  |10100100 |9043
00|00|00|FE |0705 |3/4  |10100100 |9044
00|00|00|FE |0705 |4/4  |10100100 |9045


---------------
Opcode: 4A
Instruction:LSR Addressing Mode:Accumulator - Operand (Value: "0x00", Address: "None")
Instruction cycle count set to 2
A |X |Y |SP |PC   |T/MT |NV-BDIZC |CYCLE
----------------------------------------
00|00|00|FE |0706 |1/2  |00100110 |9046
00|00|00|FE |0706 |2/2  |00100110 |9047


---------------
Opcode: C9
ll: 02
Instruction:CMP Addressing Mode:Immediate - Operand (Value: "0x02", Address: "None")
Instruction cycle count set to 2
A |X |Y |SP |PC   |T/MT |NV-BDIZC |CYCLE
----------------------------------------
00|00|00|FE |0708 |1/2  |10100100 |9048
00|00|00|FE |0708 |2/2  |10100100 |9049


---------------
Opcode: D0
ll: F8
Old PC: 070A Offset:-8 New PC: 0702
Instruction:BNE Addressing Mode:Relative - Operand (Value: "None", Address: "0x0702")
Instruction cycle count set to 2
A |X |Y |SP |PC   |T/MT |NV-BDIZC |CYCLE
----------------------------------------
00|00|00|FE |0702 |1/3  |10100100 |9050
00|00|00|FE |0702 |2/3  |10100100 |9051
00|00|00|FE |0702 |3/3  |10100100 |9052


---------------
Opcode: 8D
ll: 00 hh: A0
Instruction:STA Addressing Mode:Absolute - Operand (Value: "0x00", Address: "0xA000")
Writing value 0x00 to address: 0xA000
0xA000: 0x00
Instruction cycle count set to 4
A |X |Y |SP |PC   |T/MT |NV-BDIZC |CYCLE
----------------------------------------
00|00|00|FE |0705 |1/4  |10100100 |9053
00|00|00|FE |0705 |2/4  |10100100 |9054
00|00|00|FE |0705 |3/4  |10100100 |9055
00|00|00|FE |0705 |4/4  |10100100 |9056


---------------
Opcode: 4A
Instruction:LSR Addressing Mode:Accumulator - Operand (Value: "0x00", Address: "None")
Instruction cycle count set to 2
A |X |Y |SP |PC   |T/MT |NV-BDIZC |CYCLE
----------------------------------------
00|00|00|FE |0706 |1/2  |00100110 |9057
00|00|00|FE |0706 |2/2  |00100110 |9058


---------------
Opcode: C9
ll: 02
Instruction:CMP Addressing Mode:Immediate - Operand (Value: "0x02", Address: "None")
Instruction cycle count set to 2
A |X |Y |SP |PC   |T/MT |NV-BDIZC |CYCLE
----------------------------------------
00|00|00|FE |0708 |1/2  |10100100 |9059
00|00|00|FE |0708 |2/2  |10100100 |9060


---------------
Opcode: D0
ll: F8
Old PC: 070A Offset:-8 New PC: 0702
Instruction:BNE Addressing Mode:Relative - Operand (Value: "None", Address: "0x0702")
Instruction cycle count set to 2
A |X |Y |SP |PC   |T/MT |NV-BDIZC |CYCLE
----------------------------------------
00|00|00|FE |0702 |1/3  |10100100 |9061
00|00|00|FE |0702 |2/3  |10100100 |9062
00|00|00|FE |0702 |3/3  |10100100 |9063


---------------
Opcode: 8D
ll: 00 hh: A0
Instruction:STA Addressing Mode:Absolute - Operand (Value: "0x00", Address: "0xA000")
Writing value 0x00 to address: 0xA000
0xA000: 0x00
Instruction cycle count set to 4
A |X |Y |SP |PC   |T/MT |NV-BDIZC |CYCLE
----------------------------------------
00|00|00|FE |0705 |1/4  |10100100 |9064
00|00|00|FE |0705 |2/4  |10100100 |9065
00|00|00|FE |0705 |3/4  |10100100 |9066
00|00|00|FE |0705 |4/4  |10100100 |9067


---------------
Opcode: 4A
Instruction:LSR Addressing Mode:Accumulator - Operand (Value: "0x00", Address: "None")
Instruction cycle count set to 2
A |X |Y |SP |PC   |T/MT |NV-BDIZC |CYCLE
----------------------------------------
00|00|00|FE |0706 |1/2  |00100110 |9068
00|00|00|FE |0706 |2/2  |00100110 |9069


---------------
Opcode: C9
ll: 02
Instruction:CMP Addressing Mode:Immediate - Operand (Value: "0x02", Address: "None")
Instruction cycle count set to 2
A |X |Y |SP |PC   |T/MT |NV-BDIZC |CYCLE
----------------------------------------
00|00|00|FE |0708 |1/2  |10100100 |9070
00|00|00|FE |0708 |2/2  |10100100 |9071


---------------
Opcode: D0
ll: F8
Old PC: 070A Offset:-8 New PC: 0702
Instruction:BNE Addressing Mode:Relative - Operand (Value: "None", Address: "0x0702")
Instruction cycle count set to 2
A |X |Y |SP |PC   |T/MT |NV-BDIZC |CYCLE
----------------------------------------
00|00|00|FE |0702 |1/3  |10100100 |9072
00|00|00|FE |0702 |2/3  |10100100 |9073
00|00|00|FE |0702 |3/3  |10100100 |9074


---------------
Opcode: 8D
ll: 00 hh: A0
Instruction:STA Addressing Mode:Absolute - Operand (Value: "0x00", Address: "0xA000")
Writing value 0x00 to address: 0xA000
0xA000: 0x00
Instruction cycle count set to 4
A |X |Y |SP |PC   |T/MT |NV-BDIZC |CYCLE
----------------------------------------
00|00|00|FE |0705 |1/4  |10100100 |9075
00|00|00|FE |0705 |2/4  |10100100 |9076
00|00|00|FE |0705 |3/4  |10100100 |9077
00|00|00|FE |0705 |4/4  |10100100 |9078


---------------
Opcode: 4A
Instruction:LSR Addressing Mode:Accumulator - Operand (Value: "0x00", Address: "None")
Instruction cycle count set to 2
A |X |Y |SP |PC   |T/MT |NV-BDIZC |CYCLE
----------------------------------------
00|00|00|FE |0706 |1/2  |00100110 |9079
00|00|00|FE |0706 |2/2  |00100110 |9080


---------------
Opcode: C9
ll: 02
Instruction:CMP Addressing Mode:Immediate - Operand (Value: "0x02", Address: "None")
Instruction cycle count set to 2
A |X |Y |SP |PC   |T/MT |NV-BDIZC |CYCLE
----------------------------------------
00|00|00|FE |0708 |1/2  |10100100 |9081
00|00|00|FE |0708 |2/2  |10100100 |9082


---------------
Opcode: D0
ll: F8
Old PC: 070A Offset:-8 New PC: 0702
Instruction:BNE Addressing Mode:Relative - Operand (Value: "None", Address: "0x0702")
Instruction cycle count set to 2
A |X |Y |SP |PC   |T/MT |NV-BDIZC |CYCLE
----------------------------------------
00|00|00|FE |0702 |1/3  |10100100 |9083
00|00|00|FE |0702 |2/3  |10100100 |9084
00|00|00|FE |0702 |3/3  |10100100 |9085


---------------
Opcode: 8D
ll: 00 hh: A0
Instruction:STA Addressing Mode:Absolute - Operand (Value: "0x00", Address: "0xA000")
Writing value 0x00 to address: 0xA000
0xA000: 0x00
Instruction cycle count set to 4
A |X |Y |SP |PC   |T/MT |NV-BDIZC |CYCLE
----------------------------------------
00|00|00|FE |0705 |1/4  |10100100 |9086
00|00|00|FE |0705 |2/4  |10100100 |9087
00|00|00|FE |0705 |3/4  |10100100 |9088
00|00|00|FE |0705 |4/4  |10100100 |9089


---------------
Opcode: 4A
Instruction:LSR Addressing Mode:Accumulator - Operand (Value: "0x00", Address: "None")
Instruction cycle count set to 2
A |X |Y |SP |PC   |T/MT |NV-BDIZC |CYCLE
----------------------------------------
00|00|00|FE |0706 |1/2  |00100110 |9090
00|00|00|FE |0706 |2/2  |00100110 |9091


---------------
Opcode: C9
ll: 02
Instruction:CMP Addressing Mode:Immediate - Operand (Value: "0x02", Address: "None")
Instruction cycle count set to 2
A |X |Y |SP |PC   |T/MT |NV-BDIZC |CYCLE
----------------------------------------
00|00|00|FE |0708 |1/2  |10100100 |9092
00|00|00|FE |0708 |2/2  |10100100 |9093


---------------
Opcode: D0
ll: F8
Old PC: 070A Offset:-8 New PC: 0702
Instruction:BNE Addressing Mode:Relative - Operand (Value: "None", Address: "0x0702")
Instruction cycle count set to 2
A |X |Y |SP |PC   |T/MT |NV-BDIZC |CYCLE
----------------------------------------
00|00|00|FE |0702 |1/3  |10100100 |9094
00|00|00|FE |0702 |2/3  |10100100 |9095
00|00|00|FE |0702 |3/3  |10100100 |9096


---------------
Opcode: 8D
ll: 00 hh: A0
Instruction:STA Addressing Mode:Absolute - Operand (Value: "0x00", Address: "0xA000")
Writing value 0x00 to address: 0xA000
0xA000: 0x00
Instruction cycle count set to 4
A |X |Y |SP |PC   |T/MT |NV-BDIZC |CYCLE
----------------------------------------
00|00|00|FE |0705 |1/4  |10100100 |9097
00|00|00|FE |0705 |2/4  |10100100 |9098
00|00|00|FE |0705 |3/4  |10100100 |9099
00|00|00|FE |0705 |4/4  |10100100 |9100


---------------
Opcode: 4A
Instruction:LSR Addressing Mode:Accumulator - Operand (Value: "0x00", Address: "None")
Instruction cycle count set to 2
A |X |Y |SP |PC   |T/MT |NV-BDIZC |CYCLE
----------------------------------------
00|00|00|FE |0706 |1/2  |00100110 |9101
00|00|00|FE |0706 |2/2  |00100110 |9102


---------------
Opcode: C9
ll: 02
Instruction:CMP Addressing Mode:Immediate - Operand (Value: "0x02", Address: "None")
Instruction cycle count set to 2
A |X |Y |SP |PC   |T/MT |NV-BDIZC |CYCLE
----------------------------------------
00|00|00|FE |0708 |1/2  |10100100 |9103
00|00|00|FE |0708 |2/2  |10100100 |9104


---------------
Opcode: D0
ll: F8
Old PC: 070A Offset:-8 New PC: 0702
Instruction:BNE Addressing Mode:Relative - Operand (Value: "None", Address: "0x0702")
Instruction cycle count set to 2
A |X |Y |SP |PC   |T/MT |NV-BDIZC |CYCLE
----------------------------------------
00|00|00|FE |0702 |1/3  |10100100 |9105
00|00|00|FE |0702 |2/3  |10100100 |9106
00|00|00|FE |0702 |3/3  |10100100 |9107


---------------
Opcode: 8D
ll: 00 hh: A0
Instruction:STA Addressing Mode:Absolute - Operand (Value: "0x00", Address: "0xA000")
Writing value 0x00 to address: 0xA000
0xA000: 0x00
Instruction cycle count set to 4
A |X |Y |SP |PC   |T/MT |NV-BDIZC |CYCLE
----------------------------------------
00|00|00|FE |0705 |1/4  |10100100 |9108
00|00|00|FE |0705 |2/4  |10100100 |9109
00|00|00|FE |0705 |3/4  |10100100 |9110
00|00|00|FE |0705 |4/4  |10100100 |9111


---------------
Opcode: 4A
Instruction:LSR Addressing Mode:Accumulator - Operand (Value: "0x00", Address: "None")
Instruction cycle count set to 2
A |X |Y |SP |PC   |T/MT |NV-BDIZC |CYCLE
----------------------------------------
00|00|00|FE |0706 |1/2  |00100110 |9112
00|00|00|FE |0706 |2/2  |00100110 |9113


---------------
Opcode: C9
ll: 02
Instruction:CMP Addressing Mode:Immediate - Operand (Value: "0x02", Address: "None")
Instruction cycle count set to 2
A |X |Y |SP |PC   |T/MT |NV-BDIZC |CYCLE
----------------------------------------
00|00|00|FE |0708 |1/2  |10100100 |9114
00|00|00|FE |0708 |2/2  |10100100 |9115


---------------
Opcode: D0
ll: F8
Old PC: 070A Offset:-8 New PC: 0702
Instruction:BNE Addressing Mode:Relative - Operand (Value: "None", Address: "0x0702")
Instruction cycle count set to 2
A |X |Y |SP |PC   |T/MT |NV-BDIZC |CYCLE
----------------------------------------
00|00|00|FE |0702 |1/3  |10100100 |9116
00|00|00|FE |0702 |2/3  |10100100 |9117
00|00|00|FE |0702 |3/3  |10100100 |9118


---------------
Opcode: 8D
ll: 00 hh: A0
Instruction:STA Addressing Mode:Absolute - Operand (Value: "0x00", Address: "0xA000")
Writing value 0x00 to address: 0xA000
0xA000: 0x00
Instruction cycle count set to 4
A |X |Y |SP |PC   |T/MT |NV-BDIZC |CYCLE
----------------------------------------
00|00|00|FE |0705 |1/4  |10100100 |9119
00|00|00|FE |0705 |2/4  |10100100 |9120
00|00|00|FE |0705 |3/4  |10100100 |9121
00|00|00|FE |0705 |4/4  |10100100 |9122


---------------
Opcode: 4A
Instruction:LSR Addressing Mode:Accumulator - Operand (Value: "0x00", Address: "None")
Instruction cycle count set to 2
A |X |Y |SP |PC   |T/MT |NV-BDIZC |CYCLE
----------------------------------------
00|00|00|FE |0706 |1/2  |00100110 |9123
00|00|00|FE |0706 |2/2  |00100110 |9124


---------------
Opcode: C9
ll: 02
Instruction:CMP Addressing Mode:Immediate - Operand (Value: "0x02", Address: "None")
Instruction cycle count set to 2
A |X |Y |SP |PC   |T/MT |NV-BDIZC |CYCLE
----------------------------------------
00|00|00|FE |0708 |1/2  |10100100 |9125
00|00|00|FE |0708 |2/2  |10100100 |9126


---------------
Opcode: D0
ll: F8
Old PC: 070A Offset:-8 New PC: 0702
Instruction:BNE Addressing Mode:Relative - Operand (Value: "None", Address: "0x0702")
Instruction cycle count set to 2
A |X |Y |SP |PC   |T/MT |NV-BDIZC |CYCLE
----------------------------------------
00|00|00|FE |0702 |1/3  |10100100 |9127
00|00|00|FE |0702 |2/3  |10100100 |9128
00|00|00|FE |0702 |3/3  |10100100 |9129


---------------
Opcode: 8D
ll: 00 hh: A0
Instruction:STA Addressing Mode:Absolute - Operand (Value: "0x00", Address: "0xA000")
Writing value 0x00 to address: 0xA000
0xA000: 0x00
Instruction cycle count set to 4
A |X |Y |SP |PC   |T/MT |NV-BDIZC |CYCLE
----------------------------------------
00|00|00|FE |0705 |1/4  |10100100 |9130
00|00|00|FE |0705 |2/4  |10100100 |9131
00|00|00|FE |0705 |3/4  |10100100 |9132
00|00|00|FE |0705 |4/4  |10100100 |9133


---------------
Opcode: 4A
Instruction:LSR Addressing Mode:Accumulator - Operand (Value: "0x00", Address: "None")
Instruction cycle count set to 2
A |X |Y |SP |PC   |T/MT |NV-BDIZC |CYCLE
----------------------------------------
00|00|00|FE |0706 |1/2  |00100110 |9134
00|00|00|FE |0706 |2/2  |00100110 |9135


---------------
Opcode: C9
ll: 02
Instruction:CMP Addressing Mode:Immediate - Operand (Value: "0x02", Address: "None")
Instruction cycle count set to 2
A |X |Y |SP |PC   |T/MT |NV-BDIZC |CYCLE
----------------------------------------
00|00|00|FE |0708 |1/2  |10100100 |9136
00|00|00|FE |0708 |2/2  |10100100 |9137


---------------
Opcode: D0
ll: F8
Old PC: 070A Offset:-8 New PC: 0702
Instruction:BNE Addressing Mode:Relative - Operand (Value: "None", Address: "0x0702")
Instruction cycle count set to 2
A |X |Y |SP |PC   |T/MT |NV-BDIZC |CYCLE
----------------------------------------
00|00|00|FE |0702 |1/3  |10100100 |9138
00|00|00|FE |0702 |2/3  |10100100 |9139
00|00|00|FE |0702 |3/3  |10100100 |9140


---------------
Opcode: 8D
ll: 00 hh: A0
Instruction:STA Addressing Mode:Absolute - Operand (Value: "0x00", Address: "0xA000")
Writing value 0x00 to address: 0xA000
0xA000: 0x00
Instruction cycle count set to 4
A |X |Y |SP |PC   |T/MT |NV-BDIZC |CYCLE
----------------------------------------
00|00|00|FE |0705 |1/4  |10100100 |9141
00|00|00|FE |0705 |2/4  |10100100 |9142
00|00|00|FE |0705 |3/4  |10100100 |9143
00|00|00|FE |0705 |4/4  |10100100 |9144


---------------
Opcode: 4A
Instruction:LSR Addressing Mode:Accumulator - Operand (Value: "0x00", Address: "None")
Instruction cycle count set to 2
A |X |Y |SP |PC   |T/MT |NV-BDIZC |CYCLE
----------------------------------------
00|00|00|FE |0706 |1/2  |00100110 |9145
00|00|00|FE |0706 |2/2  |00100110 |9146


---------------
Opcode: C9
ll: 02
Instruction:CMP Addressing Mode:Immediate - Operand (Value: "0x02", Address: "None")
Instruction cycle count set to 2
A |X |Y |SP |PC   |T/MT |NV-BDIZC |CYCLE
----------------------------------------
00|00|00|FE |0708 |1/2  |10100100 |9147
00|00|00|FE |0708 |2/2  |10100100 |9148


---------------
Opcode: D0
ll: F8
Old PC: 070A Offset:-8 New PC: 0702
Instruction:BNE Addressing Mode:Relative - Operand (Value: "None", Address: "0x0702")
Instruction cycle count set to 2
A |X |Y |SP |PC   |T/MT |NV-BDIZC |CYCLE
----------------------------------------
00|00|00|FE |0702 |1/3  |10100100 |9149
00|00|00|FE |0702 |2/3  |10100100 |9150
00|00|00|FE |0702 |3/3  |10100100 |9151


---------------
Opcode: 8D
ll: 00 hh: A0
Instruction:STA Addressing Mode:Absolute - Operand (Value: "0x00", Address: "0xA000")
Writing value 0x00 to address: 0xA000
0xA000: 0x00
Instruction cycle count set to 4
A |X |Y |SP |PC   |T/MT |NV-BDIZC |CYCLE
----------------------------------------
00|00|00|FE |0705 |1/4  |10100100 |9152
00|00|00|FE |0705 |2/4  |10100100 |9153
00|00|00|FE |0705 |3/4  |10100100 |9154
00|00|00|FE |0705 |4/4  |10100100 |9155


---------------
Opcode: 4A
Instruction:LSR Addressing Mode:Accumulator - Operand (Value: "0x00", Address: "None")
Instruction cycle count set to 2
A |X |Y |SP |PC   |T/MT |NV-BDIZC |CYCLE
----------------------------------------
00|00|00|FE |0706 |1/2  |00100110 |9156
00|00|00|FE |0706 |2/2  |00100110 |9157


---------------
Opcode: C9
ll: 02
Instruction:CMP Addressing Mode:Immediate - Operand (Value: "0x02", Address: "None")
Instruction cycle count set to 2
A |X |Y |SP |PC   |T/MT |NV-BDIZC |CYCLE
----------------------------------------
00|00|00|FE |0708 |1/2  |10100100 |9158
00|00|00|FE |0708 |2/2  |10100100 |9159


---------------
Opcode: D0
ll: F8
Old PC: 070A Offset:-8 New PC: 0702
Instruction:BNE Addressing Mode:Relative - Operand (Value: "None", Address: "0x0702")
Instruction cycle count set to 2
A |X |Y |SP |PC   |T/MT |NV-BDIZC |CYCLE
----------------------------------------
00|00|00|FE |0702 |1/3  |10100100 |9160
00|00|00|FE |0702 |2/3  |10100100 |9161
00|00|00|FE |0702 |3/3  |10100100 |9162


---------------
Opcode: 8D
ll: 00 hh: A0
Instruction:STA Addressing Mode:Absolute - Operand (Value: "0x00", Address: "0xA000")
Writing value 0x00 to address: 0xA000
0xA000: 0x00
Instruction cycle count set to 4
A |X |Y |SP |PC   |T/MT |NV-BDIZC |CYCLE
----------------------------------------
00|00|00|FE |0705 |1/4  |10100100 |9163
00|00|00|FE |0705 |2/4  |10100100 |9164
00|00|00|FE |0705 |3/4  |10100100 |9165
00|00|00|FE |0705 |4/4  |10100100 |9166


---------------
Opcode: 4A
Instruction:LSR Addressing Mode:Accumulator - Operand (Value: "0x00", Address: "None")
Instruction cycle count set to 2
A |X |Y |SP |PC   |T/MT |NV-BDIZC |CYCLE
----------------------------------------
00|00|00|FE |0706 |1/2  |00100110 |9167
00|00|00|FE |0706 |2/2  |00100110 |9168


---------------
Opcode: C9
ll: 02
Instruction:CMP Addressing Mode:Immediate - Operand (Value: "0x02", Address: "None")
Instruction cycle count set to 2
A |X |Y |SP |PC   |T/MT |NV-BDIZC |CYCLE
----------------------------------------
00|00|00|FE |0708 |1/2  |10100100 |9169
00|00|00|FE |0708 |2/2  |10100100 |9170


---------------
Opcode: D0
ll: F8
Old PC: 070A Offset:-8 New PC: 0702
Instruction:BNE Addressing Mode:Relative - Operand (Value: "None", Address: "0x0702")
Instruction cycle count set to 2
A |X |Y |SP |PC   |T/MT |NV-BDIZC |CYCLE
----------------------------------------
00|00|00|FE |0702 |1/3  |10100100 |9171
00|00|00|FE |0702 |2/3  |10100100 |9172
00|00|00|FE |0702 |3/3  |10100100 |9173


---------------
Opcode: 8D
ll: 00 hh: A0
Instruction:STA Addressing Mode:Absolute - Operand (Value: "0x00", Address: "0xA000")
Writing value 0x00 to address: 0xA000
0xA000: 0x00
Instruction cycle count set to 4
A |X |Y |SP |PC   |T/MT |NV-BDIZC |CYCLE
----------------------------------------
00|00|00|FE |0705 |1/4  |10100100 |9174
00|00|00|FE |0705 |2/4  |10100100 |9175
00|00|00|FE |0705 |3/4  |10100100 |9176
00|00|00|FE |0705 |4/4  |10100100 |9177


---------------
Opcode: 4A
Instruction:LSR Addressing Mode:Accumulator - Operand (Value: "0x00", Address: "None")
Instruction cycle count set to 2
A |X |Y |SP |PC   |T/MT |NV-BDIZC |CYCLE
----------------------------------------
00|00|00|FE |0706 |1/2  |00100110 |9178
00|00|00|FE |0706 |2/2  |00100110 |9179


---------------
Opcode: C9
ll: 02
Instruction:CMP Addressing Mode:Immediate - Operand (Value: "0x02", Address: "None")
Instruction cycle count set to 2
A |X |Y |SP |PC   |T/MT |NV-BDIZC |CYCLE
----------------------------------------
00|00|00|FE |0708 |1/2  |10100100 |9180
00|00|00|FE |0708 |2/2  |10100100 |9181


---------------
Opcode: D0
ll: F8
Old PC: 070A Offset:-8 New PC: 0702
Instruction:BNE Addressing Mode:Relative - Operand (Value: "None", Address: "0x0702")
Instruction cycle count set to 2
A |X |Y |SP |PC   |T/MT |NV-BDIZC |CYCLE
----------------------------------------
00|00|00|FE |0702 |1/3  |10100100 |9182
00|00|00|FE |0702 |2/3  |10100100 |9183
00|00|00|FE |0702 |3/3  |10100100 |9184


---------------
Opcode: 8D
ll: 00 hh: A0
Instruction:STA Addressing Mode:Absolute - Operand (Value: "0x00", Address: "0xA000")
Writing value 0x00 to address: 0xA000
0xA000: 0x00
Instruction cycle count set to 4
A |X |Y |SP |PC   |T/MT |NV-BDIZC |CYCLE
----------------------------------------
00|00|00|FE |0705 |1/4  |10100100 |9185
00|00|00|FE |0705 |2/4  |10100100 |9186
00|00|00|FE |0705 |3/4  |10100100 |9187
00|00|00|FE |0705 |4/4  |10100100 |9188


---------------
Opcode: 4A
Instruction:LSR Addressing Mode:Accumulator - Operand (Value: "0x00", Address: "None")
Instruction cycle count set to 2
A |X |Y |SP |PC   |T/MT |NV-BDIZC |CYCLE
----------------------------------------
00|00|00|FE |0706 |1/2  |00100110 |9189
00|00|00|FE |0706 |2/2  |00100110 |9190


---------------
Opcode: C9
ll: 02
Instruction:CMP Addressing Mode:Immediate - Operand (Value: "0x02", Address: "None")
Instruction cycle count set to 2
A |X |Y |SP |PC   |T/MT |NV-BDIZC |CYCLE
----------------------------------------
00|00|00|FE |0708 |1/2  |10100100 |9191
00|00|00|FE |0708 |2/2  |10100100 |9192


---------------
Opcode: D0
ll: F8
Old PC: 070A Offset:-8 New PC: 0702
Instruction:BNE Addressing Mode:Relative - Operand (Value: "None", Address: "0x0702")
Instruction cycle count set to 2
A |X |Y |SP |PC   |T/MT |NV-BDIZC |CYCLE
----------------------------------------
00|00|00|FE |0702 |1/3  |10100100 |9193
00|00|00|FE |0702 |2/3  |10100100 |9194
00|00|00|FE |0702 |3/3  |10100100 |9195


---------------
Opcode: 8D
ll: 00 hh: A0
Instruction:STA Addressing Mode:Absolute - Operand (Value: "0x00", Address: "0xA000")
Writing value 0x00 to address: 0xA000
0xA000: 0x00
Instruction cycle count set to 4
A |X |Y |SP |PC   |T/MT |NV-BDIZC |CYCLE
----------------------------------------
00|00|00|FE |0705 |1/4  |10100100 |9196
00|00|00|FE |0705 |2/4  |10100100 |9197
00|00|00|FE |0705 |3/4  |10100100 |9198
00|00|00|FE |0705 |4/4  |10100100 |9199


---------------
Opcode: 4A
Instruction:LSR Addressing Mode:Accumulator - Operand (Value: "0x00", Address: "None")
Instruction cycle count set to 2
A |X |Y |SP |PC   |T/MT |NV-BDIZC |CYCLE
----------------------------------------
00|00|00|FE |0706 |1/2  |00100110 |9200
00|00|00|FE |0706 |2/2  |00100110 |9201


---------------
Opcode: C9
ll: 02
Instruction:CMP Addressing Mode:Immediate - Operand (Value: "0x02", Address: "None")
Instruction cycle count set to 2
A |X |Y |SP |PC   |T/MT |NV-BDIZC |CYCLE
----------------------------------------
00|00|00|FE |0708 |1/2  |10100100 |9202
00|00|00|FE |0708 |2/2  |10100100 |9203


---------------
Opcode: D0
ll: F8
Old PC: 070A Offset:-8 New PC: 0702
Instruction:BNE Addressing Mode:Relative - Operand (Value: "None", Address: "0x0702")
Instruction cycle count set to 2
A |X |Y |SP |PC   |T/MT |NV-BDIZC |CYCLE
----------------------------------------
00|00|00|FE |0702 |1/3  |10100100 |9204
00|00|00|FE |0702 |2/3  |10100100 |9205
00|00|00|FE |0702 |3/3  |10100100 |9206


---------------
Opcode: 8D
ll: 00 hh: A0
Instruction:STA Addressing Mode:Absolute - Operand (Value: "0x00", Address: "0xA000")
Writing value 0x00 to address: 0xA000
0xA000: 0x00
Instruction cycle count set to 4
A |X |Y |SP |PC   |T/MT |NV-BDIZC |CYCLE
----------------------------------------
00|00|00|FE |0705 |1/4  |10100100 |9207
00|00|00|FE |0705 |2/4  |10100100 |9208
00|00|00|FE |0705 |3/4  |10100100 |9209
00|00|00|FE |0705 |4/4  |10100100 |9210


---------------
Opcode: 4A
Instruction:LSR Addressing Mode:Accumulator - Operand (Value: "0x00", Address: "None")
Instruction cycle count set to 2
A |X |Y |SP |PC   |T/MT |NV-BDIZC |CYCLE
----------------------------------------
00|00|00|FE |0706 |1/2  |00100110 |9211
00|00|00|FE |0706 |2/2  |00100110 |9212


---------------
Opcode: C9
ll: 02
Instruction:CMP Addressing Mode:Immediate - Operand (Value: "0x02", Address: "None")
Instruction cycle count set to 2
A |X |Y |SP |PC   |T/MT |NV-BDIZC |CYCLE
----------------------------------------
00|00|00|FE |0708 |1/2  |10100100 |9213
00|00|00|FE |0708 |2/2  |10100100 |9214


---------------
Opcode: D0
ll: F8
Old PC: 070A Offset:-8 New PC: 0702
Instruction:BNE Addressing Mode:Relative - Operand (Value: "None", Address: "0x0702")
Instruction cycle count set to 2
A |X |Y |SP |PC   |T/MT |NV-BDIZC |CYCLE
----------------------------------------
00|00|00|FE |0702 |1/3  |10100100 |9215
00|00|00|FE |0702 |2/3  |10100100 |9216
00|00|00|FE |0702 |3/3  |10100100 |9217


---------------
Opcode: 8D
ll: 00 hh: A0
Instruction:STA Addressing Mode:Absolute - Operand (Value: "0x00", Address: "0xA000")
Writing value 0x00 to address: 0xA000
0xA000: 0x00
Instruction cycle count set to 4
A |X |Y |SP |PC   |T/MT |NV-BDIZC |CYCLE
----------------------------------------
00|00|00|FE |0705 |1/4  |10100100 |9218
00|00|00|FE |0705 |2/4  |10100100 |9219
00|00|00|FE |0705 |3/4  |10100100 |9220
00|00|00|FE |0705 |4/4  |10100100 |9221


---------------
Opcode: 4A
Instruction:LSR Addressing Mode:Accumulator - Operand (Value: "0x00", Address: "None")
Instruction cycle count set to 2
A |X |Y |SP |PC   |T/MT |NV-BDIZC |CYCLE
----------------------------------------
00|00|00|FE |0706 |1/2  |00100110 |9222
00|00|00|FE |0706 |2/2  |00100110 |9223


---------------
Opcode: C9
ll: 02
Instruction:CMP Addressing Mode:Immediate - Operand (Value: "0x02", Address: "None")
Instruction cycle count set to 2
A |X |Y |SP |PC   |T/MT |NV-BDIZC |CYCLE
----------------------------------------
00|00|00|FE |0708 |1/2  |10100100 |9224
00|00|00|FE |0708 |2/2  |10100100 |9225


---------------
Opcode: D0
ll: F8
Old PC: 070A Offset:-8 New PC: 0702
Instruction:BNE Addressing Mode:Relative - Operand (Value: "None", Address: "0x0702")
Instruction cycle count set to 2
A |X |Y |SP |PC   |T/MT |NV-BDIZC |CYCLE
----------------------------------------
00|00|00|FE |0702 |1/3  |10100100 |9226
00|00|00|FE |0702 |2/3  |10100100 |9227
00|00|00|FE |0702 |3/3  |10100100 |9228


---------------
Opcode: 8D
ll: 00 hh: A0
Instruction:STA Addressing Mode:Absolute - Operand (Value: "0x00", Address: "0xA000")
Writing value 0x00 to address: 0xA000
0xA000: 0x00
Instruction cycle count set to 4
A |X |Y |SP |PC   |T/MT |NV-BDIZC |CYCLE
----------------------------------------
00|00|00|FE |0705 |1/4  |10100100 |9229
00|00|00|FE |0705 |2/4  |10100100 |9230
00|00|00|FE |0705 |3/4  |10100100 |9231
00|00|00|FE |0705 |4/4  |10100100 |9232


---------------
Opcode: 4A
Instruction:LSR Addressing Mode:Accumulator - Operand (Value: "0x00", Address: "None")
Instruction cycle count set to 2
A |X |Y |SP |PC   |T/MT |NV-BDIZC |CYCLE
----------------------------------------
00|00|00|FE |0706 |1/2  |00100110 |9233
00|00|00|FE |0706 |2/2  |00100110 |9234


---------------
Opcode: C9
ll: 02
Instruction:CMP Addressing Mode:Immediate - Operand (Value: "0x02", Address: "None")
Instruction cycle count set to 2
A |X |Y |SP |PC   |T/MT |NV-BDIZC |CYCLE
----------------------------------------
00|00|00|FE |0708 |1/2  |10100100 |9235
00|00|00|FE |0708 |2/2  |10100100 |9236


---------------
Opcode: D0
ll: F8
Old PC: 070A Offset:-8 New PC: 0702
Instruction:BNE Addressing Mode:Relative - Operand (Value: "None", Address: "0x0702")
Instruction cycle count set to 2
A |X |Y |SP |PC   |T/MT |NV-BDIZC |CYCLE
----------------------------------------
00|00|00|FE |0702 |1/3  |10100100 |9237
00|00|00|FE |0702 |2/3  |10100100 |9238
00|00|00|FE |0702 |3/3  |10100100 |9239


---------------
Opcode: 8D
ll: 00 hh: A0
Instruction:STA Addressing Mode:Absolute - Operand (Value: "0x00", Address: "0xA000")
Writing value 0x00 to address: 0xA000
0xA000: 0x00
Instruction cycle count set to 4
A |X |Y |SP |PC   |T/MT |NV-BDIZC |CYCLE
----------------------------------------
00|00|00|FE |0705 |1/4  |10100100 |9240
00|00|00|FE |0705 |2/4  |10100100 |9241
00|00|00|FE |0705 |3/4  |10100100 |9242
00|00|00|FE |0705 |4/4  |10100100 |9243


---------------
Opcode: 4A
Instruction:LSR Addressing Mode:Accumulator - Operand (Value: "0x00", Address: "None")
Instruction cycle count set to 2
A |X |Y |SP |PC   |T/MT |NV-BDIZC |CYCLE
----------------------------------------
00|00|00|FE |0706 |1/2  |00100110 |9244
00|00|00|FE |0706 |2/2  |00100110 |9245


---------------
Opcode: C9
ll: 02
Instruction:CMP Addressing Mode:Immediate - Operand (Value: "0x02", Address: "None")
Instruction cycle count set to 2
A |X |Y |SP |PC   |T/MT |NV-BDIZC |CYCLE
----------------------------------------
00|00|00|FE |0708 |1/2  |10100100 |9246
00|00|00|FE |0708 |2/2  |10100100 |9247


---------------
Opcode: D0
ll: F8
Old PC: 070A Offset:-8 New PC: 0702
Instruction:BNE Addressing Mode:Relative - Operand (Value: "None", Address: "0x0702")
Instruction cycle count set to 2
A |X |Y |SP |PC   |T/MT |NV-BDIZC |CYCLE
----------------------------------------
00|00|00|FE |0702 |1/3  |10100100 |9248
00|00|00|FE |0702 |2/3  |10100100 |9249
00|00|00|FE |0702 |3/3  |10100100 |9250


---------------
Opcode: 8D
ll: 00 hh: A0
Instruction:STA Addressing Mode:Absolute - Operand (Value: "0x00", Address: "0xA000")
Writing value 0x00 to address: 0xA000
0xA000: 0x00
Instruction cycle count set to 4
A |X |Y |SP |PC   |T/MT |NV-BDIZC |CYCLE
----------------------------------------
00|00|00|FE |0705 |1/4  |10100100 |9251
00|00|00|FE |0705 |2/4  |10100100 |9252
00|00|00|FE |0705 |3/4  |10100100 |9253
00|00|00|FE |0705 |4/4  |10100100 |9254


---------------
Opcode: 4A
Instruction:LSR Addressing Mode:Accumulator - Operand (Value: "0x00", Address: "None")
Instruction cycle count set to 2
A |X |Y |SP |PC   |T/MT |NV-BDIZC |CYCLE
----------------------------------------
00|00|00|FE |0706 |1/2  |00100110 |9255
00|00|00|FE |0706 |2/2  |00100110 |9256


---------------
Opcode: C9
ll: 02
Instruction:CMP Addressing Mode:Immediate - Operand (Value: "0x02", Address: "None")
Instruction cycle count set to 2
A |X |Y |SP |PC   |T/MT |NV-BDIZC |CYCLE
----------------------------------------
00|00|00|FE |0708 |1/2  |10100100 |9257
00|00|00|FE |0708 |2/2  |10100100 |9258


---------------
Opcode: D0
ll: F8
Old PC: 070A Offset:-8 New PC: 0702
Instruction:BNE Addressing Mode:Relative - Operand (Value: "None", Address: "0x0702")
Instruction cycle count set to 2
A |X |Y |SP |PC   |T/MT |NV-BDIZC |CYCLE
----------------------------------------
00|00|00|FE |0702 |1/3  |10100100 |9259
00|00|00|FE |0702 |2/3  |10100100 |9260
00|00|00|FE |0702 |3/3  |10100100 |9261


---------------
Opcode: 8D
ll: 00 hh: A0
Instruction:STA Addressing Mode:Absolute - Operand (Value: "0x00", Address: "0xA000")
Writing value 0x00 to address: 0xA000
0xA000: 0x00
Instruction cycle count set to 4
A |X |Y |SP |PC   |T/MT |NV-BDIZC |CYCLE
----------------------------------------
00|00|00|FE |0705 |1/4  |10100100 |9262
00|00|00|FE |0705 |2/4  |10100100 |9263
00|00|00|FE |0705 |3/4  |10100100 |9264
00|00|00|FE |0705 |4/4  |10100100 |9265


---------------
Opcode: 4A
Instruction:LSR Addressing Mode:Accumulator - Operand (Value: "0x00", Address: "None")
Instruction cycle count set to 2
A |X |Y |SP |PC   |T/MT |NV-BDIZC |CYCLE
----------------------------------------
00|00|00|FE |0706 |1/2  |00100110 |9266
00|00|00|FE |0706 |2/2  |00100110 |9267


---------------
Opcode: C9
ll: 02
Instruction:CMP Addressing Mode:Immediate - Operand (Value: "0x02", Address: "None")
Instruction cycle count set to 2
A |X |Y |SP |PC   |T/MT |NV-BDIZC |CYCLE
----------------------------------------
00|00|00|FE |0708 |1/2  |10100100 |9268
00|00|00|FE |0708 |2/2  |10100100 |9269


---------------
Opcode: D0
ll: F8
Old PC: 070A Offset:-8 New PC: 0702
Instruction:BNE Addressing Mode:Relative - Operand (Value: "None", Address: "0x0702")
Instruction cycle count set to 2
A |X |Y |SP |PC   |T/MT |NV-BDIZC |CYCLE
----------------------------------------
00|00|00|FE |0702 |1/3  |10100100 |9270
00|00|00|FE |0702 |2/3  |10100100 |9271
00|00|00|FE |0702 |3/3  |10100100 |9272


---------------
Opcode: 8D
ll: 00 hh: A0
Instruction:STA Addressing Mode:Absolute - Operand (Value: "0x00", Address: "0xA000")
Writing value 0x00 to address: 0xA000
0xA000: 0x00
Instruction cycle count set to 4
A |X |Y |SP |PC   |T/MT |NV-BDIZC |CYCLE
----------------------------------------
00|00|00|FE |0705 |1/4  |10100100 |9273
00|00|00|FE |0705 |2/4  |10100100 |9274
00|00|00|FE |0705 |3/4  |10100100 |9275
00|00|00|FE |0705 |4/4  |10100100 |9276


---------------
Opcode: 4A
Instruction:LSR Addressing Mode:Accumulator - Operand (Value: "0x00", Address: "None")
Instruction cycle count set to 2
A |X |Y |SP |PC   |T/MT |NV-BDIZC |CYCLE
----------------------------------------
00|00|00|FE |0706 |1/2  |00100110 |9277
00|00|00|FE |0706 |2/2  |00100110 |9278


---------------
Opcode: C9
ll: 02
Instruction:CMP Addressing Mode:Immediate - Operand (Value: "0x02", Address: "None")
Instruction cycle count set to 2
A |X |Y |SP |PC   |T/MT |NV-BDIZC |CYCLE
----------------------------------------
00|00|00|FE |0708 |1/2  |10100100 |9279
00|00|00|FE |0708 |2/2  |10100100 |9280


---------------
Opcode: D0
ll: F8
Old PC: 070A Offset:-8 New PC: 0702
Instruction:BNE Addressing Mode:Relative - Operand (Value: "None", Address: "0x0702")
Instruction cycle count set to 2
A |X |Y |SP |PC   |T/MT |NV-BDIZC |CYCLE
----------------------------------------
00|00|00|FE |0702 |1/3  |10100100 |9281
00|00|00|FE |0702 |2/3  |10100100 |9282
00|00|00|FE |0702 |3/3  |10100100 |9283


---------------
Opcode: 8D
ll: 00 hh: A0
Instruction:STA Addressing Mode:Absolute - Operand (Value: "0x00", Address: "0xA000")
Writing value 0x00 to address: 0xA000
0xA000: 0x00
Instruction cycle count set to 4
A |X |Y |SP |PC   |T/MT |NV-BDIZC |CYCLE
----------------------------------------
00|00|00|FE |0705 |1/4  |10100100 |9284
00|00|00|FE |0705 |2/4  |10100100 |9285
00|00|00|FE |0705 |3/4  |10100100 |9286
00|00|00|FE |0705 |4/4  |10100100 |9287


---------------
Opcode: 4A
Instruction:LSR Addressing Mode:Accumulator - Operand (Value: "0x00", Address: "None")
Instruction cycle count set to 2
A |X |Y |SP |PC   |T/MT |NV-BDIZC |CYCLE
----------------------------------------
00|00|00|FE |0706 |1/2  |00100110 |9288
00|00|00|FE |0706 |2/2  |00100110 |9289


---------------
Opcode: C9
ll: 02
Instruction:CMP Addressing Mode:Immediate - Operand (Value: "0x02", Address: "None")
Instruction cycle count set to 2
A |X |Y |SP |PC   |T/MT |NV-BDIZC |CYCLE
----------------------------------------
00|00|00|FE |0708 |1/2  |10100100 |9290
00|00|00|FE |0708 |2/2  |10100100 |9291


---------------
Opcode: D0
ll: F8
Old PC: 070A Offset:-8 New PC: 0702
Instruction:BNE Addressing Mode:Relative - Operand (Value: "None", Address: "0x0702")
Instruction cycle count set to 2
A |X |Y |SP |PC   |T/MT |NV-BDIZC |CYCLE
----------------------------------------
00|00|00|FE |0702 |1/3  |10100100 |9292
00|00|00|FE |0702 |2/3  |10100100 |9293
00|00|00|FE |0702 |3/3  |10100100 |9294


---------------
Opcode: 8D
ll: 00 hh: A0
Instruction:STA Addressing Mode:Absolute - Operand (Value: "0x00", Address: "0xA000")
Writing value 0x00 to address: 0xA000
0xA000: 0x00
Instruction cycle count set to 4
A |X |Y |SP |PC   |T/MT |NV-BDIZC |CYCLE
----------------------------------------
00|00|00|FE |0705 |1/4  |10100100 |9295
00|00|00|FE |0705 |2/4  |10100100 |9296
00|00|00|FE |0705 |3/4  |10100100 |9297
00|00|00|FE |0705 |4/4  |10100100 |9298


---------------
Opcode: 4A
Instruction:LSR Addressing Mode:Accumulator - Operand (Value: "0x00", Address: "None")
Instruction cycle count set to 2
A |X |Y |SP |PC   |T/MT |NV-BDIZC |CYCLE
----------------------------------------
00|00|00|FE |0706 |1/2  |00100110 |9299
00|00|00|FE |0706 |2/2  |00100110 |9300


---------------
Opcode: C9
ll: 02
Instruction:CMP Addressing Mode:Immediate - Operand (Value: "0x02", Address: "None")
Instruction cycle count set to 2
A |X |Y |SP |PC   |T/MT |NV-BDIZC |CYCLE
----------------------------------------
00|00|00|FE |0708 |1/2  |10100100 |9301
00|00|00|FE |0708 |2/2  |10100100 |9302


---------------
Opcode: D0
ll: F8
Old PC: 070A Offset:-8 New PC: 0702
Instruction:BNE Addressing Mode:Relative - Operand (Value: "None", Address: "0x0702")
Instruction cycle count set to 2
A |X |Y |SP |PC   |T/MT |NV-BDIZC |CYCLE
----------------------------------------
00|00|00|FE |0702 |1/3  |10100100 |9303
00|00|00|FE |0702 |2/3  |10100100 |9304
00|00|00|FE |0702 |3/3  |10100100 |9305


---------------
Opcode: 8D
ll: 00 hh: A0
Instruction:STA Addressing Mode:Absolute - Operand (Value: "0x00", Address: "0xA000")
Writing value 0x00 to address: 0xA000
0xA000: 0x00
Instruction cycle count set to 4
A |X |Y |SP |PC   |T/MT |NV-BDIZC |CYCLE
----------------------------------------
00|00|00|FE |0705 |1/4  |10100100 |9306
00|00|00|FE |0705 |2/4  |10100100 |9307
00|00|00|FE |0705 |3/4  |10100100 |9308
00|00|00|FE |0705 |4/4  |10100100 |9309


---------------
Opcode: 4A
Instruction:LSR Addressing Mode:Accumulator - Operand (Value: "0x00", Address: "None")
Instruction cycle count set to 2
A |X |Y |SP |PC   |T/MT |NV-BDIZC |CYCLE
----------------------------------------
00|00|00|FE |0706 |1/2  |00100110 |9310
00|00|00|FE |0706 |2/2  |00100110 |9311


---------------
Opcode: C9
ll: 02
Instruction:CMP Addressing Mode:Immediate - Operand (Value: "0x02", Address: "None")
Instruction cycle count set to 2
A |X |Y |SP |PC   |T/MT |NV-BDIZC |CYCLE
----------------------------------------
00|00|00|FE |0708 |1/2  |10100100 |9312
00|00|00|FE |0708 |2/2  |10100100 |9313


---------------
Opcode: D0
ll: F8
Old PC: 070A Offset:-8 New PC: 0702
Instruction:BNE Addressing Mode:Relative - Operand (Value: "None", Address: "0x0702")
Instruction cycle count set to 2
A |X |Y |SP |PC   |T/MT |NV-BDIZC |CYCLE
----------------------------------------
00|00|00|FE |0702 |1/3  |10100100 |9314
00|00|00|FE |0702 |2/3  |10100100 |9315
00|00|00|FE |0702 |3/3  |10100100 |9316


---------------
Opcode: 8D
ll: 00 hh: A0
Instruction:STA Addressing Mode:Absolute - Operand (Value: "0x00", Address: "0xA000")
Writing value 0x00 to address: 0xA000
0xA000: 0x00
Instruction cycle count set to 4
A |X |Y |SP |PC   |T/MT |NV-BDIZC |CYCLE
----------------------------------------
00|00|00|FE |0705 |1/4  |10100100 |9317
00|00|00|FE |0705 |2/4  |10100100 |9318
00|00|00|FE |0705 |3/4  |10100100 |9319
00|00|00|FE |0705 |4/4  |10100100 |9320


---------------
Opcode: 4A
Instruction:LSR Addressing Mode:Accumulator - Operand (Value: "0x00", Address: "None")
Instruction cycle count set to 2
A |X |Y |SP |PC   |T/MT |NV-BDIZC |CYCLE
----------------------------------------
00|00|00|FE |0706 |1/2  |00100110 |9321
00|00|00|FE |0706 |2/2  |00100110 |9322


---------------
Opcode: C9
ll: 02
Instruction:CMP Addressing Mode:Immediate - Operand (Value: "0x02", Address: "None")
Instruction cycle count set to 2
A |X |Y |SP |PC   |T/MT |NV-BDIZC |CYCLE
----------------------------------------
00|00|00|FE |0708 |1/2  |10100100 |9323
00|00|00|FE |0708 |2/2  |10100100 |9324


---------------
Opcode: D0
ll: F8
Old PC: 070A Offset:-8 New PC: 0702
Instruction:BNE Addressing Mode:Relative - Operand (Value: "None", Address: "0x0702")
Instruction cycle count set to 2
A |X |Y |SP |PC   |T/MT |NV-BDIZC |CYCLE
----------------------------------------
00|00|00|FE |0702 |1/3  |10100100 |9325
00|00|00|FE |0702 |2/3  |10100100 |9326
00|00|00|FE |0702 |3/3  |10100100 |9327


---------------
Opcode: 8D
ll: 00 hh: A0
Instruction:STA Addressing Mode:Absolute - Operand (Value: "0x00", Address: "0xA000")
Writing value 0x00 to address: 0xA000
0xA000: 0x00
Instruction cycle count set to 4
A |X |Y |SP |PC   |T/MT |NV-BDIZC |CYCLE
----------------------------------------
00|00|00|FE |0705 |1/4  |10100100 |9328
00|00|00|FE |0705 |2/4  |10100100 |9329
00|00|00|FE |0705 |3/4  |10100100 |9330
00|00|00|FE |0705 |4/4  |10100100 |9331


---------------
Opcode: 4A
Instruction:LSR Addressing Mode:Accumulator - Operand (Value: "0x00", Address: "None")
Instruction cycle count set to 2
A |X |Y |SP |PC   |T/MT |NV-BDIZC |CYCLE
----------------------------------------
00|00|00|FE |0706 |1/2  |00100110 |9332
00|00|00|FE |0706 |2/2  |00100110 |9333


---------------
Opcode: C9
ll: 02
Instruction:CMP Addressing Mode:Immediate - Operand (Value: "0x02", Address: "None")
Instruction cycle count set to 2
A |X |Y |SP |PC   |T/MT |NV-BDIZC |CYCLE
----------------------------------------
00|00|00|FE |0708 |1/2  |10100100 |9334
00|00|00|FE |0708 |2/2  |10100100 |9335


---------------
Opcode: D0
ll: F8
Old PC: 070A Offset:-8 New PC: 0702
Instruction:BNE Addressing Mode:Relative - Operand (Value: "None", Address: "0x0702")
Instruction cycle count set to 2
A |X |Y |SP |PC   |T/MT |NV-BDIZC |CYCLE
----------------------------------------
00|00|00|FE |0702 |1/3  |10100100 |9336
00|00|00|FE |0702 |2/3  |10100100 |9337
00|00|00|FE |0702 |3/3  |10100100 |9338


---------------
Opcode: 8D
ll: 00 hh: A0
Instruction:STA Addressing Mode:Absolute - Operand (Value: "0x00", Address: "0xA000")
Writing value 0x00 to address: 0xA000
0xA000: 0x00
Instruction cycle count set to 4
A |X |Y |SP |PC   |T/MT |NV-BDIZC |CYCLE
----------------------------------------
00|00|00|FE |0705 |1/4  |10100100 |9339
00|00|00|FE |0705 |2/4  |10100100 |9340
00|00|00|FE |0705 |3/4  |10100100 |9341
00|00|00|FE |0705 |4/4  |10100100 |9342


---------------
Opcode: 4A
Instruction:LSR Addressing Mode:Accumulator - Operand (Value: "0x00", Address: "None")
Instruction cycle count set to 2
A |X |Y |SP |PC   |T/MT |NV-BDIZC |CYCLE
----------------------------------------
00|00|00|FE |0706 |1/2  |00100110 |9343
00|00|00|FE |0706 |2/2  |00100110 |9344


---------------
Opcode: C9
ll: 02
Instruction:CMP Addressing Mode:Immediate - Operand (Value: "0x02", Address: "None")
Instruction cycle count set to 2
A |X |Y |SP |PC   |T/MT |NV-BDIZC |CYCLE
----------------------------------------
00|00|00|FE |0708 |1/2  |10100100 |9345
00|00|00|FE |0708 |2/2  |10100100 |9346


---------------
Opcode: D0
ll: F8
Old PC: 070A Offset:-8 New PC: 0702
Instruction:BNE Addressing Mode:Relative - Operand (Value: "None", Address: "0x0702")
Instruction cycle count set to 2
A |X |Y |SP |PC   |T/MT |NV-BDIZC |CYCLE
----------------------------------------
00|00|00|FE |0702 |1/3  |10100100 |9347
00|00|00|FE |0702 |2/3  |10100100 |9348
00|00|00|FE |0702 |3/3  |10100100 |9349


---------------
Opcode: 8D
ll: 00 hh: A0
Instruction:STA Addressing Mode:Absolute - Operand (Value: "0x00", Address: "0xA000")
Writing value 0x00 to address: 0xA000
0xA000: 0x00
Instruction cycle count set to 4
A |X |Y |SP |PC   |T/MT |NV-BDIZC |CYCLE
----------------------------------------
00|00|00|FE |0705 |1/4  |10100100 |9350
00|00|00|FE |0705 |2/4  |10100100 |9351
00|00|00|FE |0705 |3/4  |10100100 |9352
00|00|00|FE |0705 |4/4  |10100100 |9353


---------------
Opcode: 4A
Instruction:LSR Addressing Mode:Accumulator - Operand (Value: "0x00", Address: "None")
Instruction cycle count set to 2
A |X |Y |SP |PC   |T/MT |NV-BDIZC |CYCLE
----------------------------------------
00|00|00|FE |0706 |1/2  |00100110 |9354
00|00|00|FE |0706 |2/2  |00100110 |9355


---------------
Opcode: C9
ll: 02
Instruction:CMP Addressing Mode:Immediate - Operand (Value: "0x02", Address: "None")
Instruction cycle count set to 2
A |X |Y |SP |PC   |T/MT |NV-BDIZC |CYCLE
----------------------------------------
00|00|00|FE |0708 |1/2  |10100100 |9356
00|00|00|FE |0708 |2/2  |10100100 |9357


---------------
Opcode: D0
ll: F8
Old PC: 070A Offset:-8 New PC: 0702
Instruction:BNE Addressing Mode:Relative - Operand (Value: "None", Address: "0x0702")
Instruction cycle count set to 2
A |X |Y |SP |PC   |T/MT |NV-BDIZC |CYCLE
----------------------------------------
00|00|00|FE |0702 |1/3  |10100100 |9358
00|00|00|FE |0702 |2/3  |10100100 |9359
00|00|00|FE |0702 |3/3  |10100100 |9360


---------------
Opcode: 8D
ll: 00 hh: A0
Instruction:STA Addressing Mode:Absolute - Operand (Value: "0x00", Address: "0xA000")
Writing value 0x00 to address: 0xA000
0xA000: 0x00
Instruction cycle count set to 4
A |X |Y |SP |PC   |T/MT |NV-BDIZC |CYCLE
----------------------------------------
00|00|00|FE |0705 |1/4  |10100100 |9361
00|00|00|FE |0705 |2/4  |10100100 |9362
00|00|00|FE |0705 |3/4  |10100100 |9363
00|00|00|FE |0705 |4/4  |10100100 |9364


---------------
Opcode: 4A
Instruction:LSR Addressing Mode:Accumulator - Operand (Value: "0x00", Address: "None")
Instruction cycle count set to 2
A |X |Y |SP |PC   |T/MT |NV-BDIZC |CYCLE
----------------------------------------
00|00|00|FE |0706 |1/2  |00100110 |9365
00|00|00|FE |0706 |2/2  |00100110 |9366


---------------
Opcode: C9
ll: 02
Instruction:CMP Addressing Mode:Immediate - Operand (Value: "0x02", Address: "None")
Instruction cycle count set to 2
A |X |Y |SP |PC   |T/MT |NV-BDIZC |CYCLE
----------------------------------------
00|00|00|FE |0708 |1/2  |10100100 |9367
00|00|00|FE |0708 |2/2  |10100100 |9368


---------------
Opcode: D0
ll: F8
Old PC: 070A Offset:-8 New PC: 0702
Instruction:BNE Addressing Mode:Relative - Operand (Value: "None", Address: "0x0702")
Instruction cycle count set to 2
A |X |Y |SP |PC   |T/MT |NV-BDIZC |CYCLE
----------------------------------------
00|00|00|FE |0702 |1/3  |10100100 |9369
00|00|00|FE |0702 |2/3  |10100100 |9370
00|00|00|FE |0702 |3/3  |10100100 |9371


---------------
Opcode: 8D
ll: 00 hh: A0
Instruction:STA Addressing Mode:Absolute - Operand (Value: "0x00", Address: "0xA000")
Writing value 0x00 to address: 0xA000
0xA000: 0x00
Instruction cycle count set to 4
A |X |Y |SP |PC   |T/MT |NV-BDIZC |CYCLE
----------------------------------------
00|00|00|FE |0705 |1/4  |10100100 |9372
00|00|00|FE |0705 |2/4  |10100100 |9373
00|00|00|FE |0705 |3/4  |10100100 |9374
00|00|00|FE |0705 |4/4  |10100100 |9375


---------------
Opcode: 4A
Instruction:LSR Addressing Mode:Accumulator - Operand (Value: "0x00", Address: "None")
Instruction cycle count set to 2
A |X |Y |SP |PC   |T/MT |NV-BDIZC |CYCLE
----------------------------------------
00|00|00|FE |0706 |1/2  |00100110 |9376
00|00|00|FE |0706 |2/2  |00100110 |9377


---------------
Opcode: C9
ll: 02
Instruction:CMP Addressing Mode:Immediate - Operand (Value: "0x02", Address: "None")
Instruction cycle count set to 2
A |X |Y |SP |PC   |T/MT |NV-BDIZC |CYCLE
----------------------------------------
00|00|00|FE |0708 |1/2  |10100100 |9378
00|00|00|FE |0708 |2/2  |10100100 |9379


---------------
Opcode: D0
ll: F8
Old PC: 070A Offset:-8 New PC: 0702
Instruction:BNE Addressing Mode:Relative - Operand (Value: "None", Address: "0x0702")
Instruction cycle count set to 2
A |X |Y |SP |PC   |T/MT |NV-BDIZC |CYCLE
----------------------------------------
00|00|00|FE |0702 |1/3  |10100100 |9380
00|00|00|FE |0702 |2/3  |10100100 |9381
00|00|00|FE |0702 |3/3  |10100100 |9382


---------------
Opcode: 8D
ll: 00 hh: A0
Instruction:STA Addressing Mode:Absolute - Operand (Value: "0x00", Address: "0xA000")
Writing value 0x00 to address: 0xA000
0xA000: 0x00
Instruction cycle count set to 4
A |X |Y |SP |PC   |T/MT |NV-BDIZC |CYCLE
----------------------------------------
00|00|00|FE |0705 |1/4  |10100100 |9383
00|00|00|FE |0705 |2/4  |10100100 |9384
00|00|00|FE |0705 |3/4  |10100100 |9385
00|00|00|FE |0705 |4/4  |10100100 |9386


---------------
Opcode: 4A
Instruction:LSR Addressing Mode:Accumulator - Operand (Value: "0x00", Address: "None")
Instruction cycle count set to 2
A |X |Y |SP |PC   |T/MT |NV-BDIZC |CYCLE
----------------------------------------
00|00|00|FE |0706 |1/2  |00100110 |9387
00|00|00|FE |0706 |2/2  |00100110 |9388


---------------
Opcode: C9
ll: 02
Instruction:CMP Addressing Mode:Immediate - Operand (Value: "0x02", Address: "None")
Instruction cycle count set to 2
A |X |Y |SP |PC   |T/MT |NV-BDIZC |CYCLE
----------------------------------------
00|00|00|FE |0708 |1/2  |10100100 |9389
00|00|00|FE |0708 |2/2  |10100100 |9390


---------------
Opcode: D0
ll: F8
Old PC: 070A Offset:-8 New PC: 0702
Instruction:BNE Addressing Mode:Relative - Operand (Value: "None", Address: "0x0702")
Instruction cycle count set to 2
A |X |Y |SP |PC   |T/MT |NV-BDIZC |CYCLE
----------------------------------------
00|00|00|FE |0702 |1/3  |10100100 |9391
00|00|00|FE |0702 |2/3  |10100100 |9392
00|00|00|FE |0702 |3/3  |10100100 |9393


---------------
Opcode: 8D
ll: 00 hh: A0
Instruction:STA Addressing Mode:Absolute - Operand (Value: "0x00", Address: "0xA000")
Writing value 0x00 to address: 0xA000
0xA000: 0x00
Instruction cycle count set to 4
A |X |Y |SP |PC   |T/MT |NV-BDIZC |CYCLE
----------------------------------------
00|00|00|FE |0705 |1/4  |10100100 |9394
00|00|00|FE |0705 |2/4  |10100100 |9395
00|00|00|FE |0705 |3/4  |10100100 |9396
00|00|00|FE |0705 |4/4  |10100100 |9397


---------------
Opcode: 4A
Instruction:LSR Addressing Mode:Accumulator - Operand (Value: "0x00", Address: "None")
Instruction cycle count set to 2
A |X |Y |SP |PC   |T/MT |NV-BDIZC |CYCLE
----------------------------------------
00|00|00|FE |0706 |1/2  |00100110 |9398
00|00|00|FE |0706 |2/2  |00100110 |9399


---------------
Opcode: C9
ll: 02
Instruction:CMP Addressing Mode:Immediate - Operand (Value: "0x02", Address: "None")
Instruction cycle count set to 2
A |X |Y |SP |PC   |T/MT |NV-BDIZC |CYCLE
----------------------------------------
00|00|00|FE |0708 |1/2  |10100100 |9400
00|00|00|FE |0708 |2/2  |10100100 |9401


---------------
Opcode: D0
ll: F8
Old PC: 070A Offset:-8 New PC: 0702
Instruction:BNE Addressing Mode:Relative - Operand (Value: "None", Address: "0x0702")
Instruction cycle count set to 2
A |X |Y |SP |PC   |T/MT |NV-BDIZC |CYCLE
----------------------------------------
00|00|00|FE |0702 |1/3  |10100100 |9402
00|00|00|FE |0702 |2/3  |10100100 |9403
00|00|00|FE |0702 |3/3  |10100100 |9404


---------------
Opcode: 8D
ll: 00 hh: A0
Instruction:STA Addressing Mode:Absolute - Operand (Value: "0x00", Address: "0xA000")
Writing value 0x00 to address: 0xA000
0xA000: 0x00
Instruction cycle count set to 4
A |X |Y |SP |PC   |T/MT |NV-BDIZC |CYCLE
----------------------------------------
00|00|00|FE |0705 |1/4  |10100100 |9405
00|00|00|FE |0705 |2/4  |10100100 |9406
00|00|00|FE |0705 |3/4  |10100100 |9407
00|00|00|FE |0705 |4/4  |10100100 |9408


---------------
Opcode: 4A
Instruction:LSR Addressing Mode:Accumulator - Operand (Value: "0x00", Address: "None")
Instruction cycle count set to 2
A |X |Y |SP |PC   |T/MT |NV-BDIZC |CYCLE
----------------------------------------
00|00|00|FE |0706 |1/2  |00100110 |9409
00|00|00|FE |0706 |2/2  |00100110 |9410


---------------
Opcode: C9
ll: 02
Instruction:CMP Addressing Mode:Immediate - Operand (Value: "0x02", Address: "None")
Instruction cycle count set to 2
A |X |Y |SP |PC   |T/MT |NV-BDIZC |CYCLE
----------------------------------------
00|00|00|FE |0708 |1/2  |10100100 |9411
00|00|00|FE |0708 |2/2  |10100100 |9412


---------------
Opcode: D0
ll: F8
Old PC: 070A Offset:-8 New PC: 0702
Instruction:BNE Addressing Mode:Relative - Operand (Value: "None", Address: "0x0702")
Instruction cycle count set to 2
A |X |Y |SP |PC   |T/MT |NV-BDIZC |CYCLE
----------------------------------------
00|00|00|FE |0702 |1/3  |10100100 |9413
00|00|00|FE |0702 |2/3  |10100100 |9414
00|00|00|FE |0702 |3/3  |10100100 |9415


---------------
Opcode: 8D
ll: 00 hh: A0
Instruction:STA Addressing Mode:Absolute - Operand (Value: "0x00", Address: "0xA000")
Writing value 0x00 to address: 0xA000
0xA000: 0x00
Instruction cycle count set to 4
A |X |Y |SP |PC   |T/MT |NV-BDIZC |CYCLE
----------------------------------------
00|00|00|FE |0705 |1/4  |10100100 |9416
00|00|00|FE |0705 |2/4  |10100100 |9417
00|00|00|FE |0705 |3/4  |10100100 |9418
00|00|00|FE |0705 |4/4  |10100100 |9419


---------------
Opcode: 4A
Instruction:LSR Addressing Mode:Accumulator - Operand (Value: "0x00", Address: "None")
Instruction cycle count set to 2
A |X |Y |SP |PC   |T/MT |NV-BDIZC |CYCLE
----------------------------------------
00|00|00|FE |0706 |1/2  |00100110 |9420
00|00|00|FE |0706 |2/2  |00100110 |9421


---------------
Opcode: C9
ll: 02
Instruction:CMP Addressing Mode:Immediate - Operand (Value: "0x02", Address: "None")
Instruction cycle count set to 2
A |X |Y |SP |PC   |T/MT |NV-BDIZC |CYCLE
----------------------------------------
00|00|00|FE |0708 |1/2  |10100100 |9422
00|00|00|FE |0708 |2/2  |10100100 |9423


---------------
Opcode: D0
ll: F8
Old PC: 070A Offset:-8 New PC: 0702
Instruction:BNE Addressing Mode:Relative - Operand (Value: "None", Address: "0x0702")
Instruction cycle count set to 2
A |X |Y |SP |PC   |T/MT |NV-BDIZC |CYCLE
----------------------------------------
00|00|00|FE |0702 |1/3  |10100100 |9424
00|00|00|FE |0702 |2/3  |10100100 |9425
00|00|00|FE |0702 |3/3  |10100100 |9426


---------------
Opcode: 8D
ll: 00 hh: A0
Instruction:STA Addressing Mode:Absolute - Operand (Value: "0x00", Address: "0xA000")
Writing value 0x00 to address: 0xA000
0xA000: 0x00
Instruction cycle count set to 4
A |X |Y |SP |PC   |T/MT |NV-BDIZC |CYCLE
----------------------------------------
00|00|00|FE |0705 |1/4  |10100100 |9427
00|00|00|FE |0705 |2/4  |10100100 |9428
00|00|00|FE |0705 |3/4  |10100100 |9429
00|00|00|FE |0705 |4/4  |10100100 |9430


---------------
Opcode: 4A
Instruction:LSR Addressing Mode:Accumulator - Operand (Value: "0x00", Address: "None")
Instruction cycle count set to 2
A |X |Y |SP |PC   |T/MT |NV-BDIZC |CYCLE
----------------------------------------
00|00|00|FE |0706 |1/2  |00100110 |9431
00|00|00|FE |0706 |2/2  |00100110 |9432


---------------
Opcode: C9
ll: 02
Instruction:CMP Addressing Mode:Immediate - Operand (Value: "0x02", Address: "None")
Instruction cycle count set to 2
A |X |Y |SP |PC   |T/MT |NV-BDIZC |CYCLE
----------------------------------------
00|00|00|FE |0708 |1/2  |10100100 |9433
00|00|00|FE |0708 |2/2  |10100100 |9434


---------------
Opcode: D0
ll: F8
Old PC: 070A Offset:-8 New PC: 0702
Instruction:BNE Addressing Mode:Relative - Operand (Value: "None", Address: "0x0702")
Instruction cycle count set to 2
A |X |Y |SP |PC   |T/MT |NV-BDIZC |CYCLE
----------------------------------------
00|00|00|FE |0702 |1/3  |10100100 |9435
00|00|00|FE |0702 |2/3  |10100100 |9436
00|00|00|FE |0702 |3/3  |10100100 |9437


---------------
Opcode: 8D
ll: 00 hh: A0
Instruction:STA Addressing Mode:Absolute - Operand (Value: "0x00", Address: "0xA000")
Writing value 0x00 to address: 0xA000
0xA000: 0x00
Instruction cycle count set to 4
A |X |Y |SP |PC   |T/MT |NV-BDIZC |CYCLE
----------------------------------------
00|00|00|FE |0705 |1/4  |10100100 |9438
00|00|00|FE |0705 |2/4  |10100100 |9439
00|00|00|FE |0705 |3/4  |10100100 |9440
00|00|00|FE |0705 |4/4  |10100100 |9441


---------------
Opcode: 4A
Instruction:LSR Addressing Mode:Accumulator - Operand (Value: "0x00", Address: "None")
Instruction cycle count set to 2
A |X |Y |SP |PC   |T/MT |NV-BDIZC |CYCLE
----------------------------------------
00|00|00|FE |0706 |1/2  |00100110 |9442
00|00|00|FE |0706 |2/2  |00100110 |9443


---------------
Opcode: C9
ll: 02
Instruction:CMP Addressing Mode:Immediate - Operand (Value: "0x02", Address: "None")
Instruction cycle count set to 2
A |X |Y |SP |PC   |T/MT |NV-BDIZC |CYCLE
----------------------------------------
00|00|00|FE |0708 |1/2  |10100100 |9444
00|00|00|FE |0708 |2/2  |10100100 |9445


---------------
Opcode: D0
ll: F8
Old PC: 070A Offset:-8 New PC: 0702
Instruction:BNE Addressing Mode:Relative - Operand (Value: "None", Address: "0x0702")
Instruction cycle count set to 2
A |X |Y |SP |PC   |T/MT |NV-BDIZC |CYCLE
----------------------------------------
00|00|00|FE |0702 |1/3  |10100100 |9446
00|00|00|FE |0702 |2/3  |10100100 |9447
00|00|00|FE |0702 |3/3  |10100100 |9448


---------------
Opcode: 8D
ll: 00 hh: A0
Instruction:STA Addressing Mode:Absolute - Operand (Value: "0x00", Address: "0xA000")
Writing value 0x00 to address: 0xA000
0xA000: 0x00
Instruction cycle count set to 4
A |X |Y |SP |PC   |T/MT |NV-BDIZC |CYCLE
----------------------------------------
00|00|00|FE |0705 |1/4  |10100100 |9449
00|00|00|FE |0705 |2/4  |10100100 |9450
00|00|00|FE |0705 |3/4  |10100100 |9451
00|00|00|FE |0705 |4/4  |10100100 |9452


---------------
Opcode: 4A
Instruction:LSR Addressing Mode:Accumulator - Operand (Value: "0x00", Address: "None")
Instruction cycle count set to 2
A |X |Y |SP |PC   |T/MT |NV-BDIZC |CYCLE
----------------------------------------
00|00|00|FE |0706 |1/2  |00100110 |9453
00|00|00|FE |0706 |2/2  |00100110 |9454


---------------
Opcode: C9
ll: 02
Instruction:CMP Addressing Mode:Immediate - Operand (Value: "0x02", Address: "None")
Instruction cycle count set to 2
A |X |Y |SP |PC   |T/MT |NV-BDIZC |CYCLE
----------------------------------------
00|00|00|FE |0708 |1/2  |10100100 |9455
00|00|00|FE |0708 |2/2  |10100100 |9456


---------------
Opcode: D0
ll: F8
Old PC: 070A Offset:-8 New PC: 0702
Instruction:BNE Addressing Mode:Relative - Operand (Value: "None", Address: "0x0702")
Instruction cycle count set to 2
A |X |Y |SP |PC   |T/MT |NV-BDIZC |CYCLE
----------------------------------------
00|00|00|FE |0702 |1/3  |10100100 |9457
00|00|00|FE |0702 |2/3  |10100100 |9458
00|00|00|FE |0702 |3/3  |10100100 |9459


---------------
Opcode: 8D
ll: 00 hh: A0
Instruction:STA Addressing Mode:Absolute - Operand (Value: "0x00", Address: "0xA000")
Writing value 0x00 to address: 0xA000
0xA000: 0x00
Instruction cycle count set to 4
A |X |Y |SP |PC   |T/MT |NV-BDIZC |CYCLE
----------------------------------------
00|00|00|FE |0705 |1/4  |10100100 |9460
00|00|00|FE |0705 |2/4  |10100100 |9461
00|00|00|FE |0705 |3/4  |10100100 |9462
00|00|00|FE |0705 |4/4  |10100100 |9463


---------------
Opcode: 4A
Instruction:LSR Addressing Mode:Accumulator - Operand (Value: "0x00", Address: "None")
Instruction cycle count set to 2
A |X |Y |SP |PC   |T/MT |NV-BDIZC |CYCLE
----------------------------------------
00|00|00|FE |0706 |1/2  |00100110 |9464
00|00|00|FE |0706 |2/2  |00100110 |9465


---------------
Opcode: C9
ll: 02
Instruction:CMP Addressing Mode:Immediate - Operand (Value: "0x02", Address: "None")
Instruction cycle count set to 2
A |X |Y |SP |PC   |T/MT |NV-BDIZC |CYCLE
----------------------------------------
00|00|00|FE |0708 |1/2  |10100100 |9466
00|00|00|FE |0708 |2/2  |10100100 |9467


---------------
Opcode: D0
ll: F8
Old PC: 070A Offset:-8 New PC: 0702
Instruction:BNE Addressing Mode:Relative - Operand (Value: "None", Address: "0x0702")
Instruction cycle count set to 2
A |X |Y |SP |PC   |T/MT |NV-BDIZC |CYCLE
----------------------------------------
00|00|00|FE |0702 |1/3  |10100100 |9468
00|00|00|FE |0702 |2/3  |10100100 |9469
00|00|00|FE |0702 |3/3  |10100100 |9470


---------------
Opcode: 8D
ll: 00 hh: A0
Instruction:STA Addressing Mode:Absolute - Operand (Value: "0x00", Address: "0xA000")
Writing value 0x00 to address: 0xA000
0xA000: 0x00
Instruction cycle count set to 4
A |X |Y |SP |PC   |T/MT |NV-BDIZC |CYCLE
----------------------------------------
00|00|00|FE |0705 |1/4  |10100100 |9471
00|00|00|FE |0705 |2/4  |10100100 |9472
00|00|00|FE |0705 |3/4  |10100100 |9473
00|00|00|FE |0705 |4/4  |10100100 |9474


---------------
Opcode: 4A
Instruction:LSR Addressing Mode:Accumulator - Operand (Value: "0x00", Address: "None")
Instruction cycle count set to 2
A |X |Y |SP |PC   |T/MT |NV-BDIZC |CYCLE
----------------------------------------
00|00|00|FE |0706 |1/2  |00100110 |9475
00|00|00|FE |0706 |2/2  |00100110 |9476


---------------
Opcode: C9
ll: 02
Instruction:CMP Addressing Mode:Immediate - Operand (Value: "0x02", Address: "None")
Instruction cycle count set to 2
A |X |Y |SP |PC   |T/MT |NV-BDIZC |CYCLE
----------------------------------------
00|00|00|FE |0708 |1/2  |10100100 |9477
00|00|00|FE |0708 |2/2  |10100100 |9478


---------------
Opcode: D0
ll: F8
Old PC: 070A Offset:-8 New PC: 0702
Instruction:BNE Addressing Mode:Relative - Operand (Value: "None", Address: "0x0702")
Instruction cycle count set to 2
A |X |Y |SP |PC   |T/MT |NV-BDIZC |CYCLE
----------------------------------------
00|00|00|FE |0702 |1/3  |10100100 |9479
00|00|00|FE |0702 |2/3  |10100100 |9480
00|00|00|FE |0702 |3/3  |10100100 |9481


---------------
Opcode: 8D
ll: 00 hh: A0
Instruction:STA Addressing Mode:Absolute - Operand (Value: "0x00", Address: "0xA000")
Writing value 0x00 to address: 0xA000
0xA000: 0x00
Instruction cycle count set to 4
A |X |Y |SP |PC   |T/MT |NV-BDIZC |CYCLE
----------------------------------------
00|00|00|FE |0705 |1/4  |10100100 |9482
00|00|00|FE |0705 |2/4  |10100100 |9483
00|00|00|FE |0705 |3/4  |10100100 |9484
00|00|00|FE |0705 |4/4  |10100100 |9485


---------------
Opcode: 4A
Instruction:LSR Addressing Mode:Accumulator - Operand (Value: "0x00", Address: "None")
Instruction cycle count set to 2
A |X |Y |SP |PC   |T/MT |NV-BDIZC |CYCLE
----------------------------------------
00|00|00|FE |0706 |1/2  |00100110 |9486
00|00|00|FE |0706 |2/2  |00100110 |9487


---------------
Opcode: C9
ll: 02
Instruction:CMP Addressing Mode:Immediate - Operand (Value: "0x02", Address: "None")
Instruction cycle count set to 2
A |X |Y |SP |PC   |T/MT |NV-BDIZC |CYCLE
----------------------------------------
00|00|00|FE |0708 |1/2  |10100100 |9488
00|00|00|FE |0708 |2/2  |10100100 |9489


---------------
Opcode: D0
ll: F8
Old PC: 070A Offset:-8 New PC: 0702
Instruction:BNE Addressing Mode:Relative - Operand (Value: "None", Address: "0x0702")
Instruction cycle count set to 2
A |X |Y |SP |PC   |T/MT |NV-BDIZC |CYCLE
----------------------------------------
00|00|00|FE |0702 |1/3  |10100100 |9490
00|00|00|FE |0702 |2/3  |10100100 |9491
00|00|00|FE |0702 |3/3  |10100100 |9492


---------------
Opcode: 8D
ll: 00 hh: A0
Instruction:STA Addressing Mode:Absolute - Operand (Value: "0x00", Address: "0xA000")
Writing value 0x00 to address: 0xA000
0xA000: 0x00
Instruction cycle count set to 4
A |X |Y |SP |PC   |T/MT |NV-BDIZC |CYCLE
----------------------------------------
00|00|00|FE |0705 |1/4  |10100100 |9493
00|00|00|FE |0705 |2/4  |10100100 |9494
00|00|00|FE |0705 |3/4  |10100100 |9495
00|00|00|FE |0705 |4/4  |10100100 |9496


---------------
Opcode: 4A
Instruction:LSR Addressing Mode:Accumulator - Operand (Value: "0x00", Address: "None")
Instruction cycle count set to 2
A |X |Y |SP |PC   |T/MT |NV-BDIZC |CYCLE
----------------------------------------
00|00|00|FE |0706 |1/2  |00100110 |9497
00|00|00|FE |0706 |2/2  |00100110 |9498


---------------
Opcode: C9
ll: 02
Instruction:CMP Addressing Mode:Immediate - Operand (Value: "0x02", Address: "None")
Instruction cycle count set to 2
A |X |Y |SP |PC   |T/MT |NV-BDIZC |CYCLE
----------------------------------------
00|00|00|FE |0708 |1/2  |10100100 |9499
00|00|00|FE |0708 |2/2  |10100100 |9500


---------------
Opcode: D0
ll: F8
Old PC: 070A Offset:-8 New PC: 0702
Instruction:BNE Addressing Mode:Relative - Operand (Value: "None", Address: "0x0702")
Instruction cycle count set to 2
A |X |Y |SP |PC   |T/MT |NV-BDIZC |CYCLE
----------------------------------------
00|00|00|FE |0702 |1/3  |10100100 |9501
00|00|00|FE |0702 |2/3  |10100100 |9502
00|00|00|FE |0702 |3/3  |10100100 |9503


---------------
Opcode: 8D
ll: 00 hh: A0
Instruction:STA Addressing Mode:Absolute - Operand (Value: "0x00", Address: "0xA000")
Writing value 0x00 to address: 0xA000
0xA000: 0x00
Instruction cycle count set to 4
A |X |Y |SP |PC   |T/MT |NV-BDIZC |CYCLE
----------------------------------------
00|00|00|FE |0705 |1/4  |10100100 |9504
00|00|00|FE |0705 |2/4  |10100100 |9505
00|00|00|FE |0705 |3/4  |10100100 |9506
00|00|00|FE |0705 |4/4  |10100100 |9507


---------------
Opcode: 4A
Instruction:LSR Addressing Mode:Accumulator - Operand (Value: "0x00", Address: "None")
Instruction cycle count set to 2
A |X |Y |SP |PC   |T/MT |NV-BDIZC |CYCLE
----------------------------------------
00|00|00|FE |0706 |1/2  |00100110 |9508
00|00|00|FE |0706 |2/2  |00100110 |9509


---------------
Opcode: C9
ll: 02
Instruction:CMP Addressing Mode:Immediate - Operand (Value: "0x02", Address: "None")
Instruction cycle count set to 2
A |X |Y |SP |PC   |T/MT |NV-BDIZC |CYCLE
----------------------------------------
00|00|00|FE |0708 |1/2  |10100100 |9510
00|00|00|FE |0708 |2/2  |10100100 |9511


---------------
Opcode: D0
ll: F8
Old PC: 070A Offset:-8 New PC: 0702
Instruction:BNE Addressing Mode:Relative - Operand (Value: "None", Address: "0x0702")
Instruction cycle count set to 2
A |X |Y |SP |PC   |T/MT |NV-BDIZC |CYCLE
----------------------------------------
00|00|00|FE |0702 |1/3  |10100100 |9512
00|00|00|FE |0702 |2/3  |10100100 |9513
00|00|00|FE |0702 |3/3  |10100100 |9514


---------------
Opcode: 8D
ll: 00 hh: A0
Instruction:STA Addressing Mode:Absolute - Operand (Value: "0x00", Address: "0xA000")
Writing value 0x00 to address: 0xA000
0xA000: 0x00
Instruction cycle count set to 4
A |X |Y |SP |PC   |T/MT |NV-BDIZC |CYCLE
----------------------------------------
00|00|00|FE |0705 |1/4  |10100100 |9515
00|00|00|FE |0705 |2/4  |10100100 |9516
00|00|00|FE |0705 |3/4  |10100100 |9517
00|00|00|FE |0705 |4/4  |10100100 |9518


---------------
Opcode: 4A
Instruction:LSR Addressing Mode:Accumulator - Operand (Value: "0x00", Address: "None")
Instruction cycle count set to 2
A |X |Y |SP |PC   |T/MT |NV-BDIZC |CYCLE
----------------------------------------
00|00|00|FE |0706 |1/2  |00100110 |9519
00|00|00|FE |0706 |2/2  |00100110 |9520


---------------
Opcode: C9
ll: 02
Instruction:CMP Addressing Mode:Immediate - Operand (Value: "0x02", Address: "None")
Instruction cycle count set to 2
A |X |Y |SP |PC   |T/MT |NV-BDIZC |CYCLE
----------------------------------------
00|00|00|FE |0708 |1/2  |10100100 |9521
00|00|00|FE |0708 |2/2  |10100100 |9522


---------------
Opcode: D0
ll: F8
Old PC: 070A Offset:-8 New PC: 0702
Instruction:BNE Addressing Mode:Relative - Operand (Value: "None", Address: "0x0702")
Instruction cycle count set to 2
A |X |Y |SP |PC   |T/MT |NV-BDIZC |CYCLE
----------------------------------------
00|00|00|FE |0702 |1/3  |10100100 |9523
00|00|00|FE |0702 |2/3  |10100100 |9524
00|00|00|FE |0702 |3/3  |10100100 |9525


---------------
Opcode: 8D
ll: 00 hh: A0
Instruction:STA Addressing Mode:Absolute - Operand (Value: "0x00", Address: "0xA000")
Writing value 0x00 to address: 0xA000
0xA000: 0x00
Instruction cycle count set to 4
A |X |Y |SP |PC   |T/MT |NV-BDIZC |CYCLE
----------------------------------------
00|00|00|FE |0705 |1/4  |10100100 |9526
00|00|00|FE |0705 |2/4  |10100100 |9527
00|00|00|FE |0705 |3/4  |10100100 |9528
00|00|00|FE |0705 |4/4  |10100100 |9529


---------------
Opcode: 4A
Instruction:LSR Addressing Mode:Accumulator - Operand (Value: "0x00", Address: "None")
Instruction cycle count set to 2
A |X |Y |SP |PC   |T/MT |NV-BDIZC |CYCLE
----------------------------------------
00|00|00|FE |0706 |1/2  |00100110 |9530
00|00|00|FE |0706 |2/2  |00100110 |9531


---------------
Opcode: C9
ll: 02
Instruction:CMP Addressing Mode:Immediate - Operand (Value: "0x02", Address: "None")
Instruction cycle count set to 2
A |X |Y |SP |PC   |T/MT |NV-BDIZC |CYCLE
----------------------------------------
00|00|00|FE |0708 |1/2  |10100100 |9532
00|00|00|FE |0708 |2/2  |10100100 |9533


---------------
Opcode: D0
ll: F8
Old PC: 070A Offset:-8 New PC: 0702
Instruction:BNE Addressing Mode:Relative - Operand (Value: "None", Address: "0x0702")
Instruction cycle count set to 2
A |X |Y |SP |PC   |T/MT |NV-BDIZC |CYCLE
----------------------------------------
00|00|00|FE |0702 |1/3  |10100100 |9534
00|00|00|FE |0702 |2/3  |10100100 |9535
00|00|00|FE |0702 |3/3  |10100100 |9536


---------------
Opcode: 8D
ll: 00 hh: A0
Instruction:STA Addressing Mode:Absolute - Operand (Value: "0x00", Address: "0xA000")
Writing value 0x00 to address: 0xA000
0xA000: 0x00
Instruction cycle count set to 4
A |X |Y |SP |PC   |T/MT |NV-BDIZC |CYCLE
----------------------------------------
00|00|00|FE |0705 |1/4  |10100100 |9537
00|00|00|FE |0705 |2/4  |10100100 |9538
00|00|00|FE |0705 |3/4  |10100100 |9539
00|00|00|FE |0705 |4/4  |10100100 |9540


---------------
Opcode: 4A
Instruction:LSR Addressing Mode:Accumulator - Operand (Value: "0x00", Address: "None")
Instruction cycle count set to 2
A |X |Y |SP |PC   |T/MT |NV-BDIZC |CYCLE
----------------------------------------
00|00|00|FE |0706 |1/2  |00100110 |9541
00|00|00|FE |0706 |2/2  |00100110 |9542


---------------
Opcode: C9
ll: 02
Instruction:CMP Addressing Mode:Immediate - Operand (Value: "0x02", Address: "None")
Instruction cycle count set to 2
A |X |Y |SP |PC   |T/MT |NV-BDIZC |CYCLE
----------------------------------------
00|00|00|FE |0708 |1/2  |10100100 |9543
00|00|00|FE |0708 |2/2  |10100100 |9544


---------------
Opcode: D0
ll: F8
Old PC: 070A Offset:-8 New PC: 0702
Instruction:BNE Addressing Mode:Relative - Operand (Value: "None", Address: "0x0702")
Instruction cycle count set to 2
A |X |Y |SP |PC   |T/MT |NV-BDIZC |CYCLE
----------------------------------------
00|00|00|FE |0702 |1/3  |10100100 |9545
00|00|00|FE |0702 |2/3  |10100100 |9546
00|00|00|FE |0702 |3/3  |10100100 |9547


---------------
Opcode: 8D
ll: 00 hh: A0
Instruction:STA Addressing Mode:Absolute - Operand (Value: "0x00", Address: "0xA000")
Writing value 0x00 to address: 0xA000
0xA000: 0x00
Instruction cycle count set to 4
A |X |Y |SP |PC   |T/MT |NV-BDIZC |CYCLE
----------------------------------------
00|00|00|FE |0705 |1/4  |10100100 |9548
00|00|00|FE |0705 |2/4  |10100100 |9549
00|00|00|FE |0705 |3/4  |10100100 |9550
00|00|00|FE |0705 |4/4  |10100100 |9551


---------------
Opcode: 4A
Instruction:LSR Addressing Mode:Accumulator - Operand (Value: "0x00", Address: "None")
Instruction cycle count set to 2
A |X |Y |SP |PC   |T/MT |NV-BDIZC |CYCLE
----------------------------------------
00|00|00|FE |0706 |1/2  |00100110 |9552
00|00|00|FE |0706 |2/2  |00100110 |9553


---------------
Opcode: C9
ll: 02
Instruction:CMP Addressing Mode:Immediate - Operand (Value: "0x02", Address: "None")
Instruction cycle count set to 2
A |X |Y |SP |PC   |T/MT |NV-BDIZC |CYCLE
----------------------------------------
00|00|00|FE |0708 |1/2  |10100100 |9554
00|00|00|FE |0708 |2/2  |10100100 |9555


---------------
Opcode: D0
ll: F8
Old PC: 070A Offset:-8 New PC: 0702
Instruction:BNE Addressing Mode:Relative - Operand (Value: "None", Address: "0x0702")
Instruction cycle count set to 2
A |X |Y |SP |PC   |T/MT |NV-BDIZC |CYCLE
----------------------------------------
00|00|00|FE |0702 |1/3  |10100100 |9556
00|00|00|FE |0702 |2/3  |10100100 |9557
00|00|00|FE |0702 |3/3  |10100100 |9558


---------------
Opcode: 8D
ll: 00 hh: A0
Instruction:STA Addressing Mode:Absolute - Operand (Value: "0x00", Address: "0xA000")
Writing value 0x00 to address: 0xA000
0xA000: 0x00
Instruction cycle count set to 4
A |X |Y |SP |PC   |T/MT |NV-BDIZC |CYCLE
----------------------------------------
00|00|00|FE |0705 |1/4  |10100100 |9559
00|00|00|FE |0705 |2/4  |10100100 |9560
00|00|00|FE |0705 |3/4  |10100100 |9561
00|00|00|FE |0705 |4/4  |10100100 |9562


---------------
Opcode: 4A
Instruction:LSR Addressing Mode:Accumulator - Operand (Value: "0x00", Address: "None")
Instruction cycle count set to 2
A |X |Y |SP |PC   |T/MT |NV-BDIZC |CYCLE
----------------------------------------
00|00|00|FE |0706 |1/2  |00100110 |9563
00|00|00|FE |0706 |2/2  |00100110 |9564


---------------
Opcode: C9
ll: 02
Instruction:CMP Addressing Mode:Immediate - Operand (Value: "0x02", Address: "None")
Instruction cycle count set to 2
A |X |Y |SP |PC   |T/MT |NV-BDIZC |CYCLE
----------------------------------------
00|00|00|FE |0708 |1/2  |10100100 |9565
00|00|00|FE |0708 |2/2  |10100100 |9566


---------------
Opcode: D0
ll: F8
Old PC: 070A Offset:-8 New PC: 0702
Instruction:BNE Addressing Mode:Relative - Operand (Value: "None", Address: "0x0702")
Instruction cycle count set to 2
A |X |Y |SP |PC   |T/MT |NV-BDIZC |CYCLE
----------------------------------------
00|00|00|FE |0702 |1/3  |10100100 |9567
00|00|00|FE |0702 |2/3  |10100100 |9568
00|00|00|FE |0702 |3/3  |10100100 |9569


---------------
Opcode: 8D
ll: 00 hh: A0
Instruction:STA Addressing Mode:Absolute - Operand (Value: "0x00", Address: "0xA000")
Writing value 0x00 to address: 0xA000
0xA000: 0x00
Instruction cycle count set to 4
A |X |Y |SP |PC   |T/MT |NV-BDIZC |CYCLE
----------------------------------------
00|00|00|FE |0705 |1/4  |10100100 |9570
00|00|00|FE |0705 |2/4  |10100100 |9571
00|00|00|FE |0705 |3/4  |10100100 |9572
00|00|00|FE |0705 |4/4  |10100100 |9573


---------------
Opcode: 4A
Instruction:LSR Addressing Mode:Accumulator - Operand (Value: "0x00", Address: "None")
Instruction cycle count set to 2
A |X |Y |SP |PC   |T/MT |NV-BDIZC |CYCLE
----------------------------------------
00|00|00|FE |0706 |1/2  |00100110 |9574
00|00|00|FE |0706 |2/2  |00100110 |9575


---------------
Opcode: C9
ll: 02
Instruction:CMP Addressing Mode:Immediate - Operand (Value: "0x02", Address: "None")
Instruction cycle count set to 2
A |X |Y |SP |PC   |T/MT |NV-BDIZC |CYCLE
----------------------------------------
00|00|00|FE |0708 |1/2  |10100100 |9576
00|00|00|FE |0708 |2/2  |10100100 |9577


---------------
Opcode: D0
ll: F8
Old PC: 070A Offset:-8 New PC: 0702
Instruction:BNE Addressing Mode:Relative - Operand (Value: "None", Address: "0x0702")
Instruction cycle count set to 2
A |X |Y |SP |PC   |T/MT |NV-BDIZC |CYCLE
----------------------------------------
00|00|00|FE |0702 |1/3  |10100100 |9578
00|00|00|FE |0702 |2/3  |10100100 |9579
00|00|00|FE |0702 |3/3  |10100100 |9580


---------------
Opcode: 8D
ll: 00 hh: A0
Instruction:STA Addressing Mode:Absolute - Operand (Value: "0x00", Address: "0xA000")
Writing value 0x00 to address: 0xA000
0xA000: 0x00
Instruction cycle count set to 4
A |X |Y |SP |PC   |T/MT |NV-BDIZC |CYCLE
----------------------------------------
00|00|00|FE |0705 |1/4  |10100100 |9581
00|00|00|FE |0705 |2/4  |10100100 |9582
00|00|00|FE |0705 |3/4  |10100100 |9583
00|00|00|FE |0705 |4/4  |10100100 |9584


---------------
Opcode: 4A
Instruction:LSR Addressing Mode:Accumulator - Operand (Value: "0x00", Address: "None")
Instruction cycle count set to 2
A |X |Y |SP |PC   |T/MT |NV-BDIZC |CYCLE
----------------------------------------
00|00|00|FE |0706 |1/2  |00100110 |9585
00|00|00|FE |0706 |2/2  |00100110 |9586


---------------
Opcode: C9
ll: 02
Instruction:CMP Addressing Mode:Immediate - Operand (Value: "0x02", Address: "None")
Instruction cycle count set to 2
A |X |Y |SP |PC   |T/MT |NV-BDIZC |CYCLE
----------------------------------------
00|00|00|FE |0708 |1/2  |10100100 |9587
00|00|00|FE |0708 |2/2  |10100100 |9588


---------------
Opcode: D0
ll: F8
Old PC: 070A Offset:-8 New PC: 0702
Instruction:BNE Addressing Mode:Relative - Operand (Value: "None", Address: "0x0702")
Instruction cycle count set to 2
A |X |Y |SP |PC   |T/MT |NV-BDIZC |CYCLE
----------------------------------------
00|00|00|FE |0702 |1/3  |10100100 |9589
00|00|00|FE |0702 |2/3  |10100100 |9590
00|00|00|FE |0702 |3/3  |10100100 |9591


---------------
Opcode: 8D
ll: 00 hh: A0
Instruction:STA Addressing Mode:Absolute - Operand (Value: "0x00", Address: "0xA000")
Writing value 0x00 to address: 0xA000
0xA000: 0x00
Instruction cycle count set to 4
A |X |Y |SP |PC   |T/MT |NV-BDIZC |CYCLE
----------------------------------------
00|00|00|FE |0705 |1/4  |10100100 |9592
00|00|00|FE |0705 |2/4  |10100100 |9593
00|00|00|FE |0705 |3/4  |10100100 |9594
00|00|00|FE |0705 |4/4  |10100100 |9595


---------------
Opcode: 4A
Instruction:LSR Addressing Mode:Accumulator - Operand (Value: "0x00", Address: "None")
Instruction cycle count set to 2
A |X |Y |SP |PC   |T/MT |NV-BDIZC |CYCLE
----------------------------------------
00|00|00|FE |0706 |1/2  |00100110 |9596
00|00|00|FE |0706 |2/2  |00100110 |9597


---------------
Opcode: C9
ll: 02
Instruction:CMP Addressing Mode:Immediate - Operand (Value: "0x02", Address: "None")
Instruction cycle count set to 2
A |X |Y |SP |PC   |T/MT |NV-BDIZC |CYCLE
----------------------------------------
00|00|00|FE |0708 |1/2  |10100100 |9598
00|00|00|FE |0708 |2/2  |10100100 |9599


---------------
Opcode: D0
ll: F8
Old PC: 070A Offset:-8 New PC: 0702
Instruction:BNE Addressing Mode:Relative - Operand (Value: "None", Address: "0x0702")
Instruction cycle count set to 2
A |X |Y |SP |PC   |T/MT |NV-BDIZC |CYCLE
----------------------------------------
00|00|00|FE |0702 |1/3  |10100100 |9600
00|00|00|FE |0702 |2/3  |10100100 |9601
00|00|00|FE |0702 |3/3  |10100100 |9602


---------------
Opcode: 8D
ll: 00 hh: A0
Instruction:STA Addressing Mode:Absolute - Operand (Value: "0x00", Address: "0xA000")
Writing value 0x00 to address: 0xA000
0xA000: 0x00
Instruction cycle count set to 4
A |X |Y |SP |PC   |T/MT |NV-BDIZC |CYCLE
----------------------------------------
00|00|00|FE |0705 |1/4  |10100100 |9603
00|00|00|FE |0705 |2/4  |10100100 |9604
00|00|00|FE |0705 |3/4  |10100100 |9605
00|00|00|FE |0705 |4/4  |10100100 |9606


---------------
Opcode: 4A
Instruction:LSR Addressing Mode:Accumulator - Operand (Value: "0x00", Address: "None")
Instruction cycle count set to 2
A |X |Y |SP |PC   |T/MT |NV-BDIZC |CYCLE
----------------------------------------
00|00|00|FE |0706 |1/2  |00100110 |9607
00|00|00|FE |0706 |2/2  |00100110 |9608


---------------
Opcode: C9
ll: 02
Instruction:CMP Addressing Mode:Immediate - Operand (Value: "0x02", Address: "None")
Instruction cycle count set to 2
A |X |Y |SP |PC   |T/MT |NV-BDIZC |CYCLE
----------------------------------------
00|00|00|FE |0708 |1/2  |10100100 |9609
00|00|00|FE |0708 |2/2  |10100100 |9610


---------------
Opcode: D0
ll: F8
Old PC: 070A Offset:-8 New PC: 0702
Instruction:BNE Addressing Mode:Relative - Operand (Value: "None", Address: "0x0702")
Instruction cycle count set to 2
A |X |Y |SP |PC   |T/MT |NV-BDIZC |CYCLE
----------------------------------------
00|00|00|FE |0702 |1/3  |10100100 |9611
00|00|00|FE |0702 |2/3  |10100100 |9612
00|00|00|FE |0702 |3/3  |10100100 |9613


---------------
Opcode: 8D
ll: 00 hh: A0
Instruction:STA Addressing Mode:Absolute - Operand (Value: "0x00", Address: "0xA000")
Writing value 0x00 to address: 0xA000
0xA000: 0x00
Instruction cycle count set to 4
A |X |Y |SP |PC   |T/MT |NV-BDIZC |CYCLE
----------------------------------------
00|00|00|FE |0705 |1/4  |10100100 |9614
00|00|00|FE |0705 |2/4  |10100100 |9615
00|00|00|FE |0705 |3/4  |10100100 |9616
00|00|00|FE |0705 |4/4  |10100100 |9617


---------------
Opcode: 4A
Instruction:LSR Addressing Mode:Accumulator - Operand (Value: "0x00", Address: "None")
Instruction cycle count set to 2
A |X |Y |SP |PC   |T/MT |NV-BDIZC |CYCLE
----------------------------------------
00|00|00|FE |0706 |1/2  |00100110 |9618
00|00|00|FE |0706 |2/2  |00100110 |9619


---------------
Opcode: C9
ll: 02
Instruction:CMP Addressing Mode:Immediate - Operand (Value: "0x02", Address: "None")
Instruction cycle count set to 2
A |X |Y |SP |PC   |T/MT |NV-BDIZC |CYCLE
----------------------------------------
00|00|00|FE |0708 |1/2  |10100100 |9620
00|00|00|FE |0708 |2/2  |10100100 |9621


---------------
Opcode: D0
ll: F8
Old PC: 070A Offset:-8 New PC: 0702
Instruction:BNE Addressing Mode:Relative - Operand (Value: "None", Address: "0x0702")
Instruction cycle count set to 2
A |X |Y |SP |PC   |T/MT |NV-BDIZC |CYCLE
----------------------------------------
00|00|00|FE |0702 |1/3  |10100100 |9622
00|00|00|FE |0702 |2/3  |10100100 |9623
00|00|00|FE |0702 |3/3  |10100100 |9624


---------------
Opcode: 8D
ll: 00 hh: A0
Instruction:STA Addressing Mode:Absolute - Operand (Value: "0x00", Address: "0xA000")
Writing value 0x00 to address: 0xA000
0xA000: 0x00
Instruction cycle count set to 4
A |X |Y |SP |PC   |T/MT |NV-BDIZC |CYCLE
----------------------------------------
00|00|00|FE |0705 |1/4  |10100100 |9625
00|00|00|FE |0705 |2/4  |10100100 |9626
00|00|00|FE |0705 |3/4  |10100100 |9627
00|00|00|FE |0705 |4/4  |10100100 |9628


---------------
Opcode: 4A
Instruction:LSR Addressing Mode:Accumulator - Operand (Value: "0x00", Address: "None")
Instruction cycle count set to 2
A |X |Y |SP |PC   |T/MT |NV-BDIZC |CYCLE
----------------------------------------
00|00|00|FE |0706 |1/2  |00100110 |9629
00|00|00|FE |0706 |2/2  |00100110 |9630


---------------
Opcode: C9
ll: 02
Instruction:CMP Addressing Mode:Immediate - Operand (Value: "0x02", Address: "None")
Instruction cycle count set to 2
A |X |Y |SP |PC   |T/MT |NV-BDIZC |CYCLE
----------------------------------------
00|00|00|FE |0708 |1/2  |10100100 |9631
00|00|00|FE |0708 |2/2  |10100100 |9632


---------------
Opcode: D0
ll: F8
Old PC: 070A Offset:-8 New PC: 0702
Instruction:BNE Addressing Mode:Relative - Operand (Value: "None", Address: "0x0702")
Instruction cycle count set to 2
A |X |Y |SP |PC   |T/MT |NV-BDIZC |CYCLE
----------------------------------------
00|00|00|FE |0702 |1/3  |10100100 |9633
00|00|00|FE |0702 |2/3  |10100100 |9634
00|00|00|FE |0702 |3/3  |10100100 |9635


---------------
Opcode: 8D
ll: 00 hh: A0
Instruction:STA Addressing Mode:Absolute - Operand (Value: "0x00", Address: "0xA000")
Writing value 0x00 to address: 0xA000
0xA000: 0x00
Instruction cycle count set to 4
A |X |Y |SP |PC   |T/MT |NV-BDIZC |CYCLE
----------------------------------------
00|00|00|FE |0705 |1/4  |10100100 |9636
00|00|00|FE |0705 |2/4  |10100100 |9637
00|00|00|FE |0705 |3/4  |10100100 |9638
00|00|00|FE |0705 |4/4  |10100100 |9639


---------------
Opcode: 4A
Instruction:LSR Addressing Mode:Accumulator - Operand (Value: "0x00", Address: "None")
Instruction cycle count set to 2
A |X |Y |SP |PC   |T/MT |NV-BDIZC |CYCLE
----------------------------------------
00|00|00|FE |0706 |1/2  |00100110 |9640
00|00|00|FE |0706 |2/2  |00100110 |9641


---------------
Opcode: C9
ll: 02
Instruction:CMP Addressing Mode:Immediate - Operand (Value: "0x02", Address: "None")
Instruction cycle count set to 2
A |X |Y |SP |PC   |T/MT |NV-BDIZC |CYCLE
----------------------------------------
00|00|00|FE |0708 |1/2  |10100100 |9642
00|00|00|FE |0708 |2/2  |10100100 |9643


---------------
Opcode: D0
ll: F8
Old PC: 070A Offset:-8 New PC: 0702
Instruction:BNE Addressing Mode:Relative - Operand (Value: "None", Address: "0x0702")
Instruction cycle count set to 2
A |X |Y |SP |PC   |T/MT |NV-BDIZC |CYCLE
----------------------------------------
00|00|00|FE |0702 |1/3  |10100100 |9644
00|00|00|FE |0702 |2/3  |10100100 |9645
00|00|00|FE |0702 |3/3  |10100100 |9646


---------------
Opcode: 8D
ll: 00 hh: A0
Instruction:STA Addressing Mode:Absolute - Operand (Value: "0x00", Address: "0xA000")
Writing value 0x00 to address: 0xA000
0xA000: 0x00
Instruction cycle count set to 4
A |X |Y |SP |PC   |T/MT |NV-BDIZC |CYCLE
----------------------------------------
00|00|00|FE |0705 |1/4  |10100100 |9647
00|00|00|FE |0705 |2/4  |10100100 |9648
00|00|00|FE |0705 |3/4  |10100100 |9649
00|00|00|FE |0705 |4/4  |10100100 |9650


---------------
Opcode: 4A
Instruction:LSR Addressing Mode:Accumulator - Operand (Value: "0x00", Address: "None")
Instruction cycle count set to 2
A |X |Y |SP |PC   |T/MT |NV-BDIZC |CYCLE
----------------------------------------
00|00|00|FE |0706 |1/2  |00100110 |9651
00|00|00|FE |0706 |2/2  |00100110 |9652


---------------
Opcode: C9
ll: 02
Instruction:CMP Addressing Mode:Immediate - Operand (Value: "0x02", Address: "None")
Instruction cycle count set to 2
A |X |Y |SP |PC   |T/MT |NV-BDIZC |CYCLE
----------------------------------------
00|00|00|FE |0708 |1/2  |10100100 |9653
00|00|00|FE |0708 |2/2  |10100100 |9654


---------------
Opcode: D0
ll: F8
Old PC: 070A Offset:-8 New PC: 0702
Instruction:BNE Addressing Mode:Relative - Operand (Value: "None", Address: "0x0702")
Instruction cycle count set to 2
A |X |Y |SP |PC   |T/MT |NV-BDIZC |CYCLE
----------------------------------------
00|00|00|FE |0702 |1/3  |10100100 |9655
00|00|00|FE |0702 |2/3  |10100100 |9656
00|00|00|FE |0702 |3/3  |10100100 |9657


---------------
Opcode: 8D
ll: 00 hh: A0
Instruction:STA Addressing Mode:Absolute - Operand (Value: "0x00", Address: "0xA000")
Writing value 0x00 to address: 0xA000
0xA000: 0x00
Instruction cycle count set to 4
A |X |Y |SP |PC   |T/MT |NV-BDIZC |CYCLE
----------------------------------------
00|00|00|FE |0705 |1/4  |10100100 |9658
00|00|00|FE |0705 |2/4  |10100100 |9659
00|00|00|FE |0705 |3/4  |10100100 |9660
00|00|00|FE |0705 |4/4  |10100100 |9661


---------------
Opcode: 4A
Instruction:LSR Addressing Mode:Accumulator - Operand (Value: "0x00", Address: "None")
Instruction cycle count set to 2
A |X |Y |SP |PC   |T/MT |NV-BDIZC |CYCLE
----------------------------------------
00|00|00|FE |0706 |1/2  |00100110 |9662
00|00|00|FE |0706 |2/2  |00100110 |9663


---------------
Opcode: C9
ll: 02
Instruction:CMP Addressing Mode:Immediate - Operand (Value: "0x02", Address: "None")
Instruction cycle count set to 2
A |X |Y |SP |PC   |T/MT |NV-BDIZC |CYCLE
----------------------------------------
00|00|00|FE |0708 |1/2  |10100100 |9664
00|00|00|FE |0708 |2/2  |10100100 |9665


---------------
Opcode: D0
ll: F8
Old PC: 070A Offset:-8 New PC: 0702
Instruction:BNE Addressing Mode:Relative - Operand (Value: "None", Address: "0x0702")
Instruction cycle count set to 2
A |X |Y |SP |PC   |T/MT |NV-BDIZC |CYCLE
----------------------------------------
00|00|00|FE |0702 |1/3  |10100100 |9666
00|00|00|FE |0702 |2/3  |10100100 |9667
00|00|00|FE |0702 |3/3  |10100100 |9668


---------------
Opcode: 8D
ll: 00 hh: A0
Instruction:STA Addressing Mode:Absolute - Operand (Value: "0x00", Address: "0xA000")
Writing value 0x00 to address: 0xA000
0xA000: 0x00
Instruction cycle count set to 4
A |X |Y |SP |PC   |T/MT |NV-BDIZC |CYCLE
----------------------------------------
00|00|00|FE |0705 |1/4  |10100100 |9669
00|00|00|FE |0705 |2/4  |10100100 |9670
00|00|00|FE |0705 |3/4  |10100100 |9671
00|00|00|FE |0705 |4/4  |10100100 |9672


---------------
Opcode: 4A
Instruction:LSR Addressing Mode:Accumulator - Operand (Value: "0x00", Address: "None")
Instruction cycle count set to 2
A |X |Y |SP |PC   |T/MT |NV-BDIZC |CYCLE
----------------------------------------
00|00|00|FE |0706 |1/2  |00100110 |9673
00|00|00|FE |0706 |2/2  |00100110 |9674


---------------
Opcode: C9
ll: 02
Instruction:CMP Addressing Mode:Immediate - Operand (Value: "0x02", Address: "None")
Instruction cycle count set to 2
A |X |Y |SP |PC   |T/MT |NV-BDIZC |CYCLE
----------------------------------------
00|00|00|FE |0708 |1/2  |10100100 |9675
00|00|00|FE |0708 |2/2  |10100100 |9676


---------------
Opcode: D0
ll: F8
Old PC: 070A Offset:-8 New PC: 0702
Instruction:BNE Addressing Mode:Relative - Operand (Value: "None", Address: "0x0702")
Instruction cycle count set to 2
A |X |Y |SP |PC   |T/MT |NV-BDIZC |CYCLE
----------------------------------------
00|00|00|FE |0702 |1/3  |10100100 |9677
00|00|00|FE |0702 |2/3  |10100100 |9678
00|00|00|FE |0702 |3/3  |10100100 |9679


---------------
Opcode: 8D
ll: 00 hh: A0
Instruction:STA Addressing Mode:Absolute - Operand (Value: "0x00", Address: "0xA000")
Writing value 0x00 to address: 0xA000
0xA000: 0x00
Instruction cycle count set to 4
A |X |Y |SP |PC   |T/MT |NV-BDIZC |CYCLE
----------------------------------------
00|00|00|FE |0705 |1/4  |10100100 |9680
00|00|00|FE |0705 |2/4  |10100100 |9681
00|00|00|FE |0705 |3/4  |10100100 |9682
00|00|00|FE |0705 |4/4  |10100100 |9683


---------------
Opcode: 4A
Instruction:LSR Addressing Mode:Accumulator - Operand (Value: "0x00", Address: "None")
Instruction cycle count set to 2
A |X |Y |SP |PC   |T/MT |NV-BDIZC |CYCLE
----------------------------------------
00|00|00|FE |0706 |1/2  |00100110 |9684
00|00|00|FE |0706 |2/2  |00100110 |9685


---------------
Opcode: C9
ll: 02
Instruction:CMP Addressing Mode:Immediate - Operand (Value: "0x02", Address: "None")
Instruction cycle count set to 2
A |X |Y |SP |PC   |T/MT |NV-BDIZC |CYCLE
----------------------------------------
00|00|00|FE |0708 |1/2  |10100100 |9686
00|00|00|FE |0708 |2/2  |10100100 |9687


---------------
Opcode: D0
ll: F8
Old PC: 070A Offset:-8 New PC: 0702
Instruction:BNE Addressing Mode:Relative - Operand (Value: "None", Address: "0x0702")
Instruction cycle count set to 2
A |X |Y |SP |PC   |T/MT |NV-BDIZC |CYCLE
----------------------------------------
00|00|00|FE |0702 |1/3  |10100100 |9688
00|00|00|FE |0702 |2/3  |10100100 |9689
00|00|00|FE |0702 |3/3  |10100100 |9690


---------------
Opcode: 8D
ll: 00 hh: A0
Instruction:STA Addressing Mode:Absolute - Operand (Value: "0x00", Address: "0xA000")
Writing value 0x00 to address: 0xA000
0xA000: 0x00
Instruction cycle count set to 4
A |X |Y |SP |PC   |T/MT |NV-BDIZC |CYCLE
----------------------------------------
00|00|00|FE |0705 |1/4  |10100100 |9691
00|00|00|FE |0705 |2/4  |10100100 |9692
00|00|00|FE |0705 |3/4  |10100100 |9693
00|00|00|FE |0705 |4/4  |10100100 |9694


---------------
Opcode: 4A
Instruction:LSR Addressing Mode:Accumulator - Operand (Value: "0x00", Address: "None")
Instruction cycle count set to 2
A |X |Y |SP |PC   |T/MT |NV-BDIZC |CYCLE
----------------------------------------
00|00|00|FE |0706 |1/2  |00100110 |9695
00|00|00|FE |0706 |2/2  |00100110 |9696


---------------
Opcode: C9
ll: 02
Instruction:CMP Addressing Mode:Immediate - Operand (Value: "0x02", Address: "None")
Instruction cycle count set to 2
A |X |Y |SP |PC   |T/MT |NV-BDIZC |CYCLE
----------------------------------------
00|00|00|FE |0708 |1/2  |10100100 |9697
00|00|00|FE |0708 |2/2  |10100100 |9698


---------------
Opcode: D0
ll: F8
Old PC: 070A Offset:-8 New PC: 0702
Instruction:BNE Addressing Mode:Relative - Operand (Value: "None", Address: "0x0702")
Instruction cycle count set to 2
A |X |Y |SP |PC   |T/MT |NV-BDIZC |CYCLE
----------------------------------------
00|00|00|FE |0702 |1/3  |10100100 |9699
00|00|00|FE |0702 |2/3  |10100100 |9700
00|00|00|FE |0702 |3/3  |10100100 |9701


---------------
Opcode: 8D
ll: 00 hh: A0
Instruction:STA Addressing Mode:Absolute - Operand (Value: "0x00", Address: "0xA000")
Writing value 0x00 to address: 0xA000
0xA000: 0x00
Instruction cycle count set to 4
A |X |Y |SP |PC   |T/MT |NV-BDIZC |CYCLE
----------------------------------------
00|00|00|FE |0705 |1/4  |10100100 |9702
00|00|00|FE |0705 |2/4  |10100100 |9703
00|00|00|FE |0705 |3/4  |10100100 |9704
00|00|00|FE |0705 |4/4  |10100100 |9705


---------------
Opcode: 4A
Instruction:LSR Addressing Mode:Accumulator - Operand (Value: "0x00", Address: "None")
Instruction cycle count set to 2
A |X |Y |SP |PC   |T/MT |NV-BDIZC |CYCLE
----------------------------------------
00|00|00|FE |0706 |1/2  |00100110 |9706
00|00|00|FE |0706 |2/2  |00100110 |9707


---------------
Opcode: C9
ll: 02
Instruction:CMP Addressing Mode:Immediate - Operand (Value: "0x02", Address: "None")
Instruction cycle count set to 2
A |X |Y |SP |PC   |T/MT |NV-BDIZC |CYCLE
----------------------------------------
00|00|00|FE |0708 |1/2  |10100100 |9708
00|00|00|FE |0708 |2/2  |10100100 |9709


---------------
Opcode: D0
ll: F8
Old PC: 070A Offset:-8 New PC: 0702
Instruction:BNE Addressing Mode:Relative - Operand (Value: "None", Address: "0x0702")
Instruction cycle count set to 2
A |X |Y |SP |PC   |T/MT |NV-BDIZC |CYCLE
----------------------------------------
00|00|00|FE |0702 |1/3  |10100100 |9710
00|00|00|FE |0702 |2/3  |10100100 |9711
00|00|00|FE |0702 |3/3  |10100100 |9712


---------------
Opcode: 8D
ll: 00 hh: A0
Instruction:STA Addressing Mode:Absolute - Operand (Value: "0x00", Address: "0xA000")
Writing value 0x00 to address: 0xA000
0xA000: 0x00
Instruction cycle count set to 4
A |X |Y |SP |PC   |T/MT |NV-BDIZC |CYCLE
----------------------------------------
00|00|00|FE |0705 |1/4  |10100100 |9713
00|00|00|FE |0705 |2/4  |10100100 |9714
00|00|00|FE |0705 |3/4  |10100100 |9715
00|00|00|FE |0705 |4/4  |10100100 |9716


---------------
Opcode: 4A
Instruction:LSR Addressing Mode:Accumulator - Operand (Value: "0x00", Address: "None")
Instruction cycle count set to 2
A |X |Y |SP |PC   |T/MT |NV-BDIZC |CYCLE
----------------------------------------
00|00|00|FE |0706 |1/2  |00100110 |9717
00|00|00|FE |0706 |2/2  |00100110 |9718


---------------
Opcode: C9
ll: 02
Instruction:CMP Addressing Mode:Immediate - Operand (Value: "0x02", Address: "None")
Instruction cycle count set to 2
A |X |Y |SP |PC   |T/MT |NV-BDIZC |CYCLE
----------------------------------------
00|00|00|FE |0708 |1/2  |10100100 |9719
00|00|00|FE |0708 |2/2  |10100100 |9720


---------------
Opcode: D0
ll: F8
Old PC: 070A Offset:-8 New PC: 0702
Instruction:BNE Addressing Mode:Relative - Operand (Value: "None", Address: "0x0702")
Instruction cycle count set to 2
A |X |Y |SP |PC   |T/MT |NV-BDIZC |CYCLE
----------------------------------------
00|00|00|FE |0702 |1/3  |10100100 |9721
00|00|00|FE |0702 |2/3  |10100100 |9722
00|00|00|FE |0702 |3/3  |10100100 |9723


---------------
Opcode: 8D
ll: 00 hh: A0
Instruction:STA Addressing Mode:Absolute - Operand (Value: "0x00", Address: "0xA000")
Writing value 0x00 to address: 0xA000
0xA000: 0x00
Instruction cycle count set to 4
A |X |Y |SP |PC   |T/MT |NV-BDIZC |CYCLE
----------------------------------------
00|00|00|FE |0705 |1/4  |10100100 |9724
00|00|00|FE |0705 |2/4  |10100100 |9725
00|00|00|FE |0705 |3/4  |10100100 |9726
00|00|00|FE |0705 |4/4  |10100100 |9727


---------------
Opcode: 4A
Instruction:LSR Addressing Mode:Accumulator - Operand (Value: "0x00", Address: "None")
Instruction cycle count set to 2
A |X |Y |SP |PC   |T/MT |NV-BDIZC |CYCLE
----------------------------------------
00|00|00|FE |0706 |1/2  |00100110 |9728
00|00|00|FE |0706 |2/2  |00100110 |9729


---------------
Opcode: C9
ll: 02
Instruction:CMP Addressing Mode:Immediate - Operand (Value: "0x02", Address: "None")
Instruction cycle count set to 2
A |X |Y |SP |PC   |T/MT |NV-BDIZC |CYCLE
----------------------------------------
00|00|00|FE |0708 |1/2  |10100100 |9730
00|00|00|FE |0708 |2/2  |10100100 |9731


---------------
Opcode: D0
ll: F8
Old PC: 070A Offset:-8 New PC: 0702
Instruction:BNE Addressing Mode:Relative - Operand (Value: "None", Address: "0x0702")
Instruction cycle count set to 2
A |X |Y |SP |PC   |T/MT |NV-BDIZC |CYCLE
----------------------------------------
00|00|00|FE |0702 |1/3  |10100100 |9732
00|00|00|FE |0702 |2/3  |10100100 |9733
00|00|00|FE |0702 |3/3  |10100100 |9734


---------------
Opcode: 8D
ll: 00 hh: A0
Instruction:STA Addressing Mode:Absolute - Operand (Value: "0x00", Address: "0xA000")
Writing value 0x00 to address: 0xA000
0xA000: 0x00
Instruction cycle count set to 4
A |X |Y |SP |PC   |T/MT |NV-BDIZC |CYCLE
----------------------------------------
00|00|00|FE |0705 |1/4  |10100100 |9735
00|00|00|FE |0705 |2/4  |10100100 |9736
00|00|00|FE |0705 |3/4  |10100100 |9737
00|00|00|FE |0705 |4/4  |10100100 |9738


---------------
Opcode: 4A
Instruction:LSR Addressing Mode:Accumulator - Operand (Value: "0x00", Address: "None")
Instruction cycle count set to 2
A |X |Y |SP |PC   |T/MT |NV-BDIZC |CYCLE
----------------------------------------
00|00|00|FE |0706 |1/2  |00100110 |9739
00|00|00|FE |0706 |2/2  |00100110 |9740


---------------
Opcode: C9
ll: 02
Instruction:CMP Addressing Mode:Immediate - Operand (Value: "0x02", Address: "None")
Instruction cycle count set to 2
A |X |Y |SP |PC   |T/MT |NV-BDIZC |CYCLE
----------------------------------------
00|00|00|FE |0708 |1/2  |10100100 |9741
00|00|00|FE |0708 |2/2  |10100100 |9742


---------------
Opcode: D0
ll: F8
Old PC: 070A Offset:-8 New PC: 0702
Instruction:BNE Addressing Mode:Relative - Operand (Value: "None", Address: "0x0702")
Instruction cycle count set to 2
A |X |Y |SP |PC   |T/MT |NV-BDIZC |CYCLE
----------------------------------------
00|00|00|FE |0702 |1/3  |10100100 |9743
00|00|00|FE |0702 |2/3  |10100100 |9744
00|00|00|FE |0702 |3/3  |10100100 |9745


---------------
Opcode: 8D
ll: 00 hh: A0
Instruction:STA Addressing Mode:Absolute - Operand (Value: "0x00", Address: "0xA000")
Writing value 0x00 to address: 0xA000
0xA000: 0x00
Instruction cycle count set to 4
A |X |Y |SP |PC   |T/MT |NV-BDIZC |CYCLE
----------------------------------------
00|00|00|FE |0705 |1/4  |10100100 |9746
00|00|00|FE |0705 |2/4  |10100100 |9747
00|00|00|FE |0705 |3/4  |10100100 |9748
00|00|00|FE |0705 |4/4  |10100100 |9749


---------------
Opcode: 4A
Instruction:LSR Addressing Mode:Accumulator - Operand (Value: "0x00", Address: "None")
Instruction cycle count set to 2
A |X |Y |SP |PC   |T/MT |NV-BDIZC |CYCLE
----------------------------------------
00|00|00|FE |0706 |1/2  |00100110 |9750
00|00|00|FE |0706 |2/2  |00100110 |9751


---------------
Opcode: C9
ll: 02
Instruction:CMP Addressing Mode:Immediate - Operand (Value: "0x02", Address: "None")
Instruction cycle count set to 2
A |X |Y |SP |PC   |T/MT |NV-BDIZC |CYCLE
----------------------------------------
00|00|00|FE |0708 |1/2  |10100100 |9752
00|00|00|FE |0708 |2/2  |10100100 |9753


---------------
Opcode: D0
ll: F8
Old PC: 070A Offset:-8 New PC: 0702
Instruction:BNE Addressing Mode:Relative - Operand (Value: "None", Address: "0x0702")
Instruction cycle count set to 2
A |X |Y |SP |PC   |T/MT |NV-BDIZC |CYCLE
----------------------------------------
00|00|00|FE |0702 |1/3  |10100100 |9754
00|00|00|FE |0702 |2/3  |10100100 |9755
00|00|00|FE |0702 |3/3  |10100100 |9756


---------------
Opcode: 8D
ll: 00 hh: A0
Instruction:STA Addressing Mode:Absolute - Operand (Value: "0x00", Address: "0xA000")
Writing value 0x00 to address: 0xA000
0xA000: 0x00
Instruction cycle count set to 4
A |X |Y |SP |PC   |T/MT |NV-BDIZC |CYCLE
----------------------------------------
00|00|00|FE |0705 |1/4  |10100100 |9757
00|00|00|FE |0705 |2/4  |10100100 |9758
00|00|00|FE |0705 |3/4  |10100100 |9759
00|00|00|FE |0705 |4/4  |10100100 |9760


---------------
Opcode: 4A
Instruction:LSR Addressing Mode:Accumulator - Operand (Value: "0x00", Address: "None")
Instruction cycle count set to 2
A |X |Y |SP |PC   |T/MT |NV-BDIZC |CYCLE
----------------------------------------
00|00|00|FE |0706 |1/2  |00100110 |9761
00|00|00|FE |0706 |2/2  |00100110 |9762


---------------
Opcode: C9
ll: 02
Instruction:CMP Addressing Mode:Immediate - Operand (Value: "0x02", Address: "None")
Instruction cycle count set to 2
A |X |Y |SP |PC   |T/MT |NV-BDIZC |CYCLE
----------------------------------------
00|00|00|FE |0708 |1/2  |10100100 |9763
00|00|00|FE |0708 |2/2  |10100100 |9764


---------------
Opcode: D0
ll: F8
Old PC: 070A Offset:-8 New PC: 0702
Instruction:BNE Addressing Mode:Relative - Operand (Value: "None", Address: "0x0702")
Instruction cycle count set to 2
A |X |Y |SP |PC   |T/MT |NV-BDIZC |CYCLE
----------------------------------------
00|00|00|FE |0702 |1/3  |10100100 |9765
00|00|00|FE |0702 |2/3  |10100100 |9766
00|00|00|FE |0702 |3/3  |10100100 |9767


---------------
Opcode: 8D
ll: 00 hh: A0
Instruction:STA Addressing Mode:Absolute - Operand (Value: "0x00", Address: "0xA000")
Writing value 0x00 to address: 0xA000
0xA000: 0x00
Instruction cycle count set to 4
A |X |Y |SP |PC   |T/MT |NV-BDIZC |CYCLE
----------------------------------------
00|00|00|FE |0705 |1/4  |10100100 |9768
00|00|00|FE |0705 |2/4  |10100100 |9769
00|00|00|FE |0705 |3/4  |10100100 |9770
00|00|00|FE |0705 |4/4  |10100100 |9771


---------------
Opcode: 4A
Instruction:LSR Addressing Mode:Accumulator - Operand (Value: "0x00", Address: "None")
Instruction cycle count set to 2
A |X |Y |SP |PC   |T/MT |NV-BDIZC |CYCLE
----------------------------------------
00|00|00|FE |0706 |1/2  |00100110 |9772
00|00|00|FE |0706 |2/2  |00100110 |9773


---------------
Opcode: C9
ll: 02
Instruction:CMP Addressing Mode:Immediate - Operand (Value: "0x02", Address: "None")
Instruction cycle count set to 2
A |X |Y |SP |PC   |T/MT |NV-BDIZC |CYCLE
----------------------------------------
00|00|00|FE |0708 |1/2  |10100100 |9774
00|00|00|FE |0708 |2/2  |10100100 |9775


---------------
Opcode: D0
ll: F8
Old PC: 070A Offset:-8 New PC: 0702
Instruction:BNE Addressing Mode:Relative - Operand (Value: "None", Address: "0x0702")
Instruction cycle count set to 2
A |X |Y |SP |PC   |T/MT |NV-BDIZC |CYCLE
----------------------------------------
00|00|00|FE |0702 |1/3  |10100100 |9776
00|00|00|FE |0702 |2/3  |10100100 |9777
00|00|00|FE |0702 |3/3  |10100100 |9778


---------------
Opcode: 8D
ll: 00 hh: A0
Instruction:STA Addressing Mode:Absolute - Operand (Value: "0x00", Address: "0xA000")
Writing value 0x00 to address: 0xA000
0xA000: 0x00
Instruction cycle count set to 4
A |X |Y |SP |PC   |T/MT |NV-BDIZC |CYCLE
----------------------------------------
00|00|00|FE |0705 |1/4  |10100100 |9779
00|00|00|FE |0705 |2/4  |10100100 |9780
00|00|00|FE |0705 |3/4  |10100100 |9781
00|00|00|FE |0705 |4/4  |10100100 |9782


---------------
Opcode: 4A
Instruction:LSR Addressing Mode:Accumulator - Operand (Value: "0x00", Address: "None")
Instruction cycle count set to 2
A |X |Y |SP |PC   |T/MT |NV-BDIZC |CYCLE
----------------------------------------
00|00|00|FE |0706 |1/2  |00100110 |9783
00|00|00|FE |0706 |2/2  |00100110 |9784


---------------
Opcode: C9
ll: 02
Instruction:CMP Addressing Mode:Immediate - Operand (Value: "0x02", Address: "None")
Instruction cycle count set to 2
A |X |Y |SP |PC   |T/MT |NV-BDIZC |CYCLE
----------------------------------------
00|00|00|FE |0708 |1/2  |10100100 |9785
00|00|00|FE |0708 |2/2  |10100100 |9786


---------------
Opcode: D0
ll: F8
Old PC: 070A Offset:-8 New PC: 0702
Instruction:BNE Addressing Mode:Relative - Operand (Value: "None", Address: "0x0702")
Instruction cycle count set to 2
A |X |Y |SP |PC   |T/MT |NV-BDIZC |CYCLE
----------------------------------------
00|00|00|FE |0702 |1/3  |10100100 |9787
00|00|00|FE |0702 |2/3  |10100100 |9788
00|00|00|FE |0702 |3/3  |10100100 |9789


---------------
Opcode: 8D
ll: 00 hh: A0
Instruction:STA Addressing Mode:Absolute - Operand (Value: "0x00", Address: "0xA000")
Writing value 0x00 to address: 0xA000
0xA000: 0x00
Instruction cycle count set to 4
A |X |Y |SP |PC   |T/MT |NV-BDIZC |CYCLE
----------------------------------------
00|00|00|FE |0705 |1/4  |10100100 |9790
00|00|00|FE |0705 |2/4  |10100100 |9791
00|00|00|FE |0705 |3/4  |10100100 |9792
00|00|00|FE |0705 |4/4  |10100100 |9793


---------------
Opcode: 4A
Instruction:LSR Addressing Mode:Accumulator - Operand (Value: "0x00", Address: "None")
Instruction cycle count set to 2
A |X |Y |SP |PC   |T/MT |NV-BDIZC |CYCLE
----------------------------------------
00|00|00|FE |0706 |1/2  |00100110 |9794
00|00|00|FE |0706 |2/2  |00100110 |9795


---------------
Opcode: C9
ll: 02
Instruction:CMP Addressing Mode:Immediate - Operand (Value: "0x02", Address: "None")
Instruction cycle count set to 2
A |X |Y |SP |PC   |T/MT |NV-BDIZC |CYCLE
----------------------------------------
00|00|00|FE |0708 |1/2  |10100100 |9796
00|00|00|FE |0708 |2/2  |10100100 |9797


---------------
Opcode: D0
ll: F8
Old PC: 070A Offset:-8 New PC: 0702
Instruction:BNE Addressing Mode:Relative - Operand (Value: "None", Address: "0x0702")
Instruction cycle count set to 2
A |X |Y |SP |PC   |T/MT |NV-BDIZC |CYCLE
----------------------------------------
00|00|00|FE |0702 |1/3  |10100100 |9798
00|00|00|FE |0702 |2/3  |10100100 |9799
00|00|00|FE |0702 |3/3  |10100100 |9800


---------------
Opcode: 8D
ll: 00 hh: A0
Instruction:STA Addressing Mode:Absolute - Operand (Value: "0x00", Address: "0xA000")
Writing value 0x00 to address: 0xA000
0xA000: 0x00
Instruction cycle count set to 4
A |X |Y |SP |PC   |T/MT |NV-BDIZC |CYCLE
----------------------------------------
00|00|00|FE |0705 |1/4  |10100100 |9801
00|00|00|FE |0705 |2/4  |10100100 |9802
00|00|00|FE |0705 |3/4  |10100100 |9803
00|00|00|FE |0705 |4/4  |10100100 |9804


---------------
Opcode: 4A
Instruction:LSR Addressing Mode:Accumulator - Operand (Value: "0x00", Address: "None")
Instruction cycle count set to 2
A |X |Y |SP |PC   |T/MT |NV-BDIZC |CYCLE
----------------------------------------
00|00|00|FE |0706 |1/2  |00100110 |9805
00|00|00|FE |0706 |2/2  |00100110 |9806


---------------
Opcode: C9
ll: 02
Instruction:CMP Addressing Mode:Immediate - Operand (Value: "0x02", Address: "None")
Instruction cycle count set to 2
A |X |Y |SP |PC   |T/MT |NV-BDIZC |CYCLE
----------------------------------------
00|00|00|FE |0708 |1/2  |10100100 |9807
00|00|00|FE |0708 |2/2  |10100100 |9808


---------------
Opcode: D0
ll: F8
Old PC: 070A Offset:-8 New PC: 0702
Instruction:BNE Addressing Mode:Relative - Operand (Value: "None", Address: "0x0702")
Instruction cycle count set to 2
A |X |Y |SP |PC   |T/MT |NV-BDIZC |CYCLE
----------------------------------------
00|00|00|FE |0702 |1/3  |10100100 |9809
00|00|00|FE |0702 |2/3  |10100100 |9810
00|00|00|FE |0702 |3/3  |10100100 |9811


---------------
Opcode: 8D
ll: 00 hh: A0
Instruction:STA Addressing Mode:Absolute - Operand (Value: "0x00", Address: "0xA000")
Writing value 0x00 to address: 0xA000
0xA000: 0x00
Instruction cycle count set to 4
A |X |Y |SP |PC   |T/MT |NV-BDIZC |CYCLE
----------------------------------------
00|00|00|FE |0705 |1/4  |10100100 |9812
00|00|00|FE |0705 |2/4  |10100100 |9813
00|00|00|FE |0705 |3/4  |10100100 |9814
00|00|00|FE |0705 |4/4  |10100100 |9815


---------------
Opcode: 4A
Instruction:LSR Addressing Mode:Accumulator - Operand (Value: "0x00", Address: "None")
Instruction cycle count set to 2
A |X |Y |SP |PC   |T/MT |NV-BDIZC |CYCLE
----------------------------------------
00|00|00|FE |0706 |1/2  |00100110 |9816
00|00|00|FE |0706 |2/2  |00100110 |9817


---------------
Opcode: C9
ll: 02
Instruction:CMP Addressing Mode:Immediate - Operand (Value: "0x02", Address: "None")
Instruction cycle count set to 2
A |X |Y |SP |PC   |T/MT |NV-BDIZC |CYCLE
----------------------------------------
00|00|00|FE |0708 |1/2  |10100100 |9818
00|00|00|FE |0708 |2/2  |10100100 |9819


---------------
Opcode: D0
ll: F8
Old PC: 070A Offset:-8 New PC: 0702
Instruction:BNE Addressing Mode:Relative - Operand (Value: "None", Address: "0x0702")
Instruction cycle count set to 2
A |X |Y |SP |PC   |T/MT |NV-BDIZC |CYCLE
----------------------------------------
00|00|00|FE |0702 |1/3  |10100100 |9820
00|00|00|FE |0702 |2/3  |10100100 |9821
00|00|00|FE |0702 |3/3  |10100100 |9822


---------------
Opcode: 8D
ll: 00 hh: A0
Instruction:STA Addressing Mode:Absolute - Operand (Value: "0x00", Address: "0xA000")
Writing value 0x00 to address: 0xA000
0xA000: 0x00
Instruction cycle count set to 4
A |X |Y |SP |PC   |T/MT |NV-BDIZC |CYCLE
----------------------------------------
00|00|00|FE |0705 |1/4  |10100100 |9823
00|00|00|FE |0705 |2/4  |10100100 |9824
00|00|00|FE |0705 |3/4  |10100100 |9825
00|00|00|FE |0705 |4/4  |10100100 |9826


---------------
Opcode: 4A
Instruction:LSR Addressing Mode:Accumulator - Operand (Value: "0x00", Address: "None")
Instruction cycle count set to 2
A |X |Y |SP |PC   |T/MT |NV-BDIZC |CYCLE
----------------------------------------
00|00|00|FE |0706 |1/2  |00100110 |9827
00|00|00|FE |0706 |2/2  |00100110 |9828


---------------
Opcode: C9
ll: 02
Instruction:CMP Addressing Mode:Immediate - Operand (Value: "0x02", Address: "None")
Instruction cycle count set to 2
A |X |Y |SP |PC   |T/MT |NV-BDIZC |CYCLE
----------------------------------------
00|00|00|FE |0708 |1/2  |10100100 |9829
00|00|00|FE |0708 |2/2  |10100100 |9830


---------------
Opcode: D0
ll: F8
Old PC: 070A Offset:-8 New PC: 0702
Instruction:BNE Addressing Mode:Relative - Operand (Value: "None", Address: "0x0702")
Instruction cycle count set to 2
A |X |Y |SP |PC   |T/MT |NV-BDIZC |CYCLE
----------------------------------------
00|00|00|FE |0702 |1/3  |10100100 |9831
00|00|00|FE |0702 |2/3  |10100100 |9832
00|00|00|FE |0702 |3/3  |10100100 |9833


---------------
Opcode: 8D
ll: 00 hh: A0
Instruction:STA Addressing Mode:Absolute - Operand (Value: "0x00", Address: "0xA000")
Writing value 0x00 to address: 0xA000
0xA000: 0x00
Instruction cycle count set to 4
A |X |Y |SP |PC   |T/MT |NV-BDIZC |CYCLE
----------------------------------------
00|00|00|FE |0705 |1/4  |10100100 |9834
00|00|00|FE |0705 |2/4  |10100100 |9835
00|00|00|FE |0705 |3/4  |10100100 |9836
00|00|00|FE |0705 |4/4  |10100100 |9837


---------------
Opcode: 4A
Instruction:LSR Addressing Mode:Accumulator - Operand (Value: "0x00", Address: "None")
Instruction cycle count set to 2
A |X |Y |SP |PC   |T/MT |NV-BDIZC |CYCLE
----------------------------------------
00|00|00|FE |0706 |1/2  |00100110 |9838
00|00|00|FE |0706 |2/2  |00100110 |9839


---------------
Opcode: C9
ll: 02
Instruction:CMP Addressing Mode:Immediate - Operand (Value: "0x02", Address: "None")
Instruction cycle count set to 2
A |X |Y |SP |PC   |T/MT |NV-BDIZC |CYCLE
----------------------------------------
00|00|00|FE |0708 |1/2  |10100100 |9840
00|00|00|FE |0708 |2/2  |10100100 |9841


---------------
Opcode: D0
ll: F8
Old PC: 070A Offset:-8 New PC: 0702
Instruction:BNE Addressing Mode:Relative - Operand (Value: "None", Address: "0x0702")
Instruction cycle count set to 2
A |X |Y |SP |PC   |T/MT |NV-BDIZC |CYCLE
----------------------------------------
00|00|00|FE |0702 |1/3  |10100100 |9842
00|00|00|FE |0702 |2/3  |10100100 |9843
00|00|00|FE |0702 |3/3  |10100100 |9844


---------------
Opcode: 8D
ll: 00 hh: A0
Instruction:STA Addressing Mode:Absolute - Operand (Value: "0x00", Address: "0xA000")
Writing value 0x00 to address: 0xA000
0xA000: 0x00
Instruction cycle count set to 4
A |X |Y |SP |PC   |T/MT |NV-BDIZC |CYCLE
----------------------------------------
00|00|00|FE |0705 |1/4  |10100100 |9845
00|00|00|FE |0705 |2/4  |10100100 |9846
00|00|00|FE |0705 |3/4  |10100100 |9847
00|00|00|FE |0705 |4/4  |10100100 |9848


---------------
Opcode: 4A
Instruction:LSR Addressing Mode:Accumulator - Operand (Value: "0x00", Address: "None")
Instruction cycle count set to 2
A |X |Y |SP |PC   |T/MT |NV-BDIZC |CYCLE
----------------------------------------
00|00|00|FE |0706 |1/2  |00100110 |9849
00|00|00|FE |0706 |2/2  |00100110 |9850


---------------
Opcode: C9
ll: 02
Instruction:CMP Addressing Mode:Immediate - Operand (Value: "0x02", Address: "None")
Instruction cycle count set to 2
A |X |Y |SP |PC   |T/MT |NV-BDIZC |CYCLE
----------------------------------------
00|00|00|FE |0708 |1/2  |10100100 |9851
00|00|00|FE |0708 |2/2  |10100100 |9852


---------------
Opcode: D0
ll: F8
Old PC: 070A Offset:-8 New PC: 0702
Instruction:BNE Addressing Mode:Relative - Operand (Value: "None", Address: "0x0702")
Instruction cycle count set to 2
A |X |Y |SP |PC   |T/MT |NV-BDIZC |CYCLE
----------------------------------------
00|00|00|FE |0702 |1/3  |10100100 |9853
00|00|00|FE |0702 |2/3  |10100100 |9854
00|00|00|FE |0702 |3/3  |10100100 |9855


---------------
Opcode: 8D
ll: 00 hh: A0
Instruction:STA Addressing Mode:Absolute - Operand (Value: "0x00", Address: "0xA000")
Writing value 0x00 to address: 0xA000
0xA000: 0x00
Instruction cycle count set to 4
A |X |Y |SP |PC   |T/MT |NV-BDIZC |CYCLE
----------------------------------------
00|00|00|FE |0705 |1/4  |10100100 |9856
00|00|00|FE |0705 |2/4  |10100100 |9857
00|00|00|FE |0705 |3/4  |10100100 |9858
00|00|00|FE |0705 |4/4  |10100100 |9859


---------------
Opcode: 4A
Instruction:LSR Addressing Mode:Accumulator - Operand (Value: "0x00", Address: "None")
Instruction cycle count set to 2
A |X |Y |SP |PC   |T/MT |NV-BDIZC |CYCLE
----------------------------------------
00|00|00|FE |0706 |1/2  |00100110 |9860
00|00|00|FE |0706 |2/2  |00100110 |9861


---------------
Opcode: C9
ll: 02
Instruction:CMP Addressing Mode:Immediate - Operand (Value: "0x02", Address: "None")
Instruction cycle count set to 2
A |X |Y |SP |PC   |T/MT |NV-BDIZC |CYCLE
----------------------------------------
00|00|00|FE |0708 |1/2  |10100100 |9862
00|00|00|FE |0708 |2/2  |10100100 |9863


---------------
Opcode: D0
ll: F8
Old PC: 070A Offset:-8 New PC: 0702
Instruction:BNE Addressing Mode:Relative - Operand (Value: "None", Address: "0x0702")
Instruction cycle count set to 2
A |X |Y |SP |PC   |T/MT |NV-BDIZC |CYCLE
----------------------------------------
00|00|00|FE |0702 |1/3  |10100100 |9864
00|00|00|FE |0702 |2/3  |10100100 |9865
00|00|00|FE |0702 |3/3  |10100100 |9866


---------------
Opcode: 8D
ll: 00 hh: A0
Instruction:STA Addressing Mode:Absolute - Operand (Value: "0x00", Address: "0xA000")
Writing value 0x00 to address: 0xA000
0xA000: 0x00
Instruction cycle count set to 4
A |X |Y |SP |PC   |T/MT |NV-BDIZC |CYCLE
----------------------------------------
00|00|00|FE |0705 |1/4  |10100100 |9867
00|00|00|FE |0705 |2/4  |10100100 |9868
00|00|00|FE |0705 |3/4  |10100100 |9869
00|00|00|FE |0705 |4/4  |10100100 |9870


---------------
Opcode: 4A
Instruction:LSR Addressing Mode:Accumulator - Operand (Value: "0x00", Address: "None")
Instruction cycle count set to 2
A |X |Y |SP |PC   |T/MT |NV-BDIZC |CYCLE
----------------------------------------
00|00|00|FE |0706 |1/2  |00100110 |9871
00|00|00|FE |0706 |2/2  |00100110 |9872


---------------
Opcode: C9
ll: 02
Instruction:CMP Addressing Mode:Immediate - Operand (Value: "0x02", Address: "None")
Instruction cycle count set to 2
A |X |Y |SP |PC   |T/MT |NV-BDIZC |CYCLE
----------------------------------------
00|00|00|FE |0708 |1/2  |10100100 |9873
00|00|00|FE |0708 |2/2  |10100100 |9874


---------------
Opcode: D0
ll: F8
Old PC: 070A Offset:-8 New PC: 0702
Instruction:BNE Addressing Mode:Relative - Operand (Value: "None", Address: "0x0702")
Instruction cycle count set to 2
A |X |Y |SP |PC   |T/MT |NV-BDIZC |CYCLE
----------------------------------------
00|00|00|FE |0702 |1/3  |10100100 |9875
00|00|00|FE |0702 |2/3  |10100100 |9876
00|00|00|FE |0702 |3/3  |10100100 |9877


---------------
Opcode: 8D
ll: 00 hh: A0
Instruction:STA Addressing Mode:Absolute - Operand (Value: "0x00", Address: "0xA000")
Writing value 0x00 to address: 0xA000
0xA000: 0x00
Instruction cycle count set to 4
A |X |Y |SP |PC   |T/MT |NV-BDIZC |CYCLE
----------------------------------------
00|00|00|FE |0705 |1/4  |10100100 |9878
00|00|00|FE |0705 |2/4  |10100100 |9879
00|00|00|FE |0705 |3/4  |10100100 |9880
00|00|00|FE |0705 |4/4  |10100100 |9881


---------------
Opcode: 4A
Instruction:LSR Addressing Mode:Accumulator - Operand (Value: "0x00", Address: "None")
Instruction cycle count set to 2
A |X |Y |SP |PC   |T/MT |NV-BDIZC |CYCLE
----------------------------------------
00|00|00|FE |0706 |1/2  |00100110 |9882
00|00|00|FE |0706 |2/2  |00100110 |9883


---------------
Opcode: C9
ll: 02
Instruction:CMP Addressing Mode:Immediate - Operand (Value: "0x02", Address: "None")
Instruction cycle count set to 2
A |X |Y |SP |PC   |T/MT |NV-BDIZC |CYCLE
----------------------------------------
00|00|00|FE |0708 |1/2  |10100100 |9884
00|00|00|FE |0708 |2/2  |10100100 |9885


---------------
Opcode: D0
ll: F8
Old PC: 070A Offset:-8 New PC: 0702
Instruction:BNE Addressing Mode:Relative - Operand (Value: "None", Address: "0x0702")
Instruction cycle count set to 2
A |X |Y |SP |PC   |T/MT |NV-BDIZC |CYCLE
----------------------------------------
00|00|00|FE |0702 |1/3  |10100100 |9886
00|00|00|FE |0702 |2/3  |10100100 |9887
00|00|00|FE |0702 |3/3  |10100100 |9888


---------------
Opcode: 8D
ll: 00 hh: A0
Instruction:STA Addressing Mode:Absolute - Operand (Value: "0x00", Address: "0xA000")
Writing value 0x00 to address: 0xA000
0xA000: 0x00
Instruction cycle count set to 4
A |X |Y |SP |PC   |T/MT |NV-BDIZC |CYCLE
----------------------------------------
00|00|00|FE |0705 |1/4  |10100100 |9889
00|00|00|FE |0705 |2/4  |10100100 |9890
00|00|00|FE |0705 |3/4  |10100100 |9891
00|00|00|FE |0705 |4/4  |10100100 |9892


---------------
Opcode: 4A
Instruction:LSR Addressing Mode:Accumulator - Operand (Value: "0x00", Address: "None")
Instruction cycle count set to 2
A |X |Y |SP |PC   |T/MT |NV-BDIZC |CYCLE
----------------------------------------
00|00|00|FE |0706 |1/2  |00100110 |9893
00|00|00|FE |0706 |2/2  |00100110 |9894


---------------
Opcode: C9
ll: 02
Instruction:CMP Addressing Mode:Immediate - Operand (Value: "0x02", Address: "None")
Instruction cycle count set to 2
A |X |Y |SP |PC   |T/MT |NV-BDIZC |CYCLE
----------------------------------------
00|00|00|FE |0708 |1/2  |10100100 |9895
00|00|00|FE |0708 |2/2  |10100100 |9896


---------------
Opcode: D0
ll: F8
Old PC: 070A Offset:-8 New PC: 0702
Instruction:BNE Addressing Mode:Relative - Operand (Value: "None", Address: "0x0702")
Instruction cycle count set to 2
A |X |Y |SP |PC   |T/MT |NV-BDIZC |CYCLE
----------------------------------------
00|00|00|FE |0702 |1/3  |10100100 |9897
00|00|00|FE |0702 |2/3  |10100100 |9898
00|00|00|FE |0702 |3/3  |10100100 |9899


---------------
Opcode: 8D
ll: 00 hh: A0
Instruction:STA Addressing Mode:Absolute - Operand (Value: "0x00", Address: "0xA000")
Writing value 0x00 to address: 0xA000
0xA000: 0x00
Instruction cycle count set to 4
A |X |Y |SP |PC   |T/MT |NV-BDIZC |CYCLE
----------------------------------------
00|00|00|FE |0705 |1/4  |10100100 |9900
00|00|00|FE |0705 |2/4  |10100100 |9901
00|00|00|FE |0705 |3/4  |10100100 |9902
00|00|00|FE |0705 |4/4  |10100100 |9903


---------------
Opcode: 4A
Instruction:LSR Addressing Mode:Accumulator - Operand (Value: "0x00", Address: "None")
Instruction cycle count set to 2
A |X |Y |SP |PC   |T/MT |NV-BDIZC |CYCLE
----------------------------------------
00|00|00|FE |0706 |1/2  |00100110 |9904
00|00|00|FE |0706 |2/2  |00100110 |9905


---------------
Opcode: C9
ll: 02
Instruction:CMP Addressing Mode:Immediate - Operand (Value: "0x02", Address: "None")
Instruction cycle count set to 2
A |X |Y |SP |PC   |T/MT |NV-BDIZC |CYCLE
----------------------------------------
00|00|00|FE |0708 |1/2  |10100100 |9906
00|00|00|FE |0708 |2/2  |10100100 |9907


---------------
Opcode: D0
ll: F8
Old PC: 070A Offset:-8 New PC: 0702
Instruction:BNE Addressing Mode:Relative - Operand (Value: "None", Address: "0x0702")
Instruction cycle count set to 2
A |X |Y |SP |PC   |T/MT |NV-BDIZC |CYCLE
----------------------------------------
00|00|00|FE |0702 |1/3  |10100100 |9908
00|00|00|FE |0702 |2/3  |10100100 |9909
00|00|00|FE |0702 |3/3  |10100100 |9910


---------------
Opcode: 8D
ll: 00 hh: A0
Instruction:STA Addressing Mode:Absolute - Operand (Value: "0x00", Address: "0xA000")
Writing value 0x00 to address: 0xA000
0xA000: 0x00
Instruction cycle count set to 4
A |X |Y |SP |PC   |T/MT |NV-BDIZC |CYCLE
----------------------------------------
00|00|00|FE |0705 |1/4  |10100100 |9911
00|00|00|FE |0705 |2/4  |10100100 |9912
00|00|00|FE |0705 |3/4  |10100100 |9913
00|00|00|FE |0705 |4/4  |10100100 |9914


---------------
Opcode: 4A
Instruction:LSR Addressing Mode:Accumulator - Operand (Value: "0x00", Address: "None")
Instruction cycle count set to 2
A |X |Y |SP |PC   |T/MT |NV-BDIZC |CYCLE
----------------------------------------
00|00|00|FE |0706 |1/2  |00100110 |9915
00|00|00|FE |0706 |2/2  |00100110 |9916


---------------
Opcode: C9
ll: 02
Instruction:CMP Addressing Mode:Immediate - Operand (Value: "0x02", Address: "None")
Instruction cycle count set to 2
A |X |Y |SP |PC   |T/MT |NV-BDIZC |CYCLE
----------------------------------------
00|00|00|FE |0708 |1/2  |10100100 |9917
00|00|00|FE |0708 |2/2  |10100100 |9918


---------------
Opcode: D0
ll: F8
Old PC: 070A Offset:-8 New PC: 0702
Instruction:BNE Addressing Mode:Relative - Operand (Value: "None", Address: "0x0702")
Instruction cycle count set to 2
A |X |Y |SP |PC   |T/MT |NV-BDIZC |CYCLE
----------------------------------------
00|00|00|FE |0702 |1/3  |10100100 |9919
00|00|00|FE |0702 |2/3  |10100100 |9920
00|00|00|FE |0702 |3/3  |10100100 |9921


---------------
Opcode: 8D
ll: 00 hh: A0
Instruction:STA Addressing Mode:Absolute - Operand (Value: "0x00", Address: "0xA000")
Writing value 0x00 to address: 0xA000
0xA000: 0x00
Instruction cycle count set to 4
A |X |Y |SP |PC   |T/MT |NV-BDIZC |CYCLE
----------------------------------------
00|00|00|FE |0705 |1/4  |10100100 |9922
00|00|00|FE |0705 |2/4  |10100100 |9923
00|00|00|FE |0705 |3/4  |10100100 |9924
00|00|00|FE |0705 |4/4  |10100100 |9925


---------------
Opcode: 4A
Instruction:LSR Addressing Mode:Accumulator - Operand (Value: "0x00", Address: "None")
Instruction cycle count set to 2
A |X |Y |SP |PC   |T/MT |NV-BDIZC |CYCLE
----------------------------------------
00|00|00|FE |0706 |1/2  |00100110 |9926
00|00|00|FE |0706 |2/2  |00100110 |9927


---------------
Opcode: C9
ll: 02
Instruction:CMP Addressing Mode:Immediate - Operand (Value: "0x02", Address: "None")
Instruction cycle count set to 2
A |X |Y |SP |PC   |T/MT |NV-BDIZC |CYCLE
----------------------------------------
00|00|00|FE |0708 |1/2  |10100100 |9928
00|00|00|FE |0708 |2/2  |10100100 |9929


---------------
Opcode: D0
ll: F8
Old PC: 070A Offset:-8 New PC: 0702
Instruction:BNE Addressing Mode:Relative - Operand (Value: "None", Address: "0x0702")
Instruction cycle count set to 2
A |X |Y |SP |PC   |T/MT |NV-BDIZC |CYCLE
----------------------------------------
00|00|00|FE |0702 |1/3  |10100100 |9930
00|00|00|FE |0702 |2/3  |10100100 |9931
00|00|00|FE |0702 |3/3  |10100100 |9932


---------------
Opcode: 8D
ll: 00 hh: A0
Instruction:STA Addressing Mode:Absolute - Operand (Value: "0x00", Address: "0xA000")
Writing value 0x00 to address: 0xA000
0xA000: 0x00
Instruction cycle count set to 4
A |X |Y |SP |PC   |T/MT |NV-BDIZC |CYCLE
----------------------------------------
00|00|00|FE |0705 |1/4  |10100100 |9933
00|00|00|FE |0705 |2/4  |10100100 |9934
00|00|00|FE |0705 |3/4  |10100100 |9935
00|00|00|FE |0705 |4/4  |10100100 |9936


---------------
Opcode: 4A
Instruction:LSR Addressing Mode:Accumulator - Operand (Value: "0x00", Address: "None")
Instruction cycle count set to 2
A |X |Y |SP |PC   |T/MT |NV-BDIZC |CYCLE
----------------------------------------
00|00|00|FE |0706 |1/2  |00100110 |9937
00|00|00|FE |0706 |2/2  |00100110 |9938


---------------
Opcode: C9
ll: 02
Instruction:CMP Addressing Mode:Immediate - Operand (Value: "0x02", Address: "None")
Instruction cycle count set to 2
A |X |Y |SP |PC   |T/MT |NV-BDIZC |CYCLE
----------------------------------------
00|00|00|FE |0708 |1/2  |10100100 |9939
00|00|00|FE |0708 |2/2  |10100100 |9940


---------------
Opcode: D0
ll: F8
Old PC: 070A Offset:-8 New PC: 0702
Instruction:BNE Addressing Mode:Relative - Operand (Value: "None", Address: "0x0702")
Instruction cycle count set to 2
A |X |Y |SP |PC   |T/MT |NV-BDIZC |CYCLE
----------------------------------------
00|00|00|FE |0702 |1/3  |10100100 |9941
00|00|00|FE |0702 |2/3  |10100100 |9942
00|00|00|FE |0702 |3/3  |10100100 |9943


---------------
Opcode: 8D
ll: 00 hh: A0
Instruction:STA Addressing Mode:Absolute - Operand (Value: "0x00", Address: "0xA000")
Writing value 0x00 to address: 0xA000
0xA000: 0x00
Instruction cycle count set to 4
A |X |Y |SP |PC   |T/MT |NV-BDIZC |CYCLE
----------------------------------------
00|00|00|FE |0705 |1/4  |10100100 |9944
00|00|00|FE |0705 |2/4  |10100100 |9945
00|00|00|FE |0705 |3/4  |10100100 |9946
00|00|00|FE |0705 |4/4  |10100100 |9947


---------------
Opcode: 4A
Instruction:LSR Addressing Mode:Accumulator - Operand (Value: "0x00", Address: "None")
Instruction cycle count set to 2
A |X |Y |SP |PC   |T/MT |NV-BDIZC |CYCLE
----------------------------------------
00|00|00|FE |0706 |1/2  |00100110 |9948
00|00|00|FE |0706 |2/2  |00100110 |9949


---------------
Opcode: C9
ll: 02
Instruction:CMP Addressing Mode:Immediate - Operand (Value: "0x02", Address: "None")
Instruction cycle count set to 2
A |X |Y |SP |PC   |T/MT |NV-BDIZC |CYCLE
----------------------------------------
00|00|00|FE |0708 |1/2  |10100100 |9950
00|00|00|FE |0708 |2/2  |10100100 |9951


---------------
Opcode: D0
ll: F8
Old PC: 070A Offset:-8 New PC: 0702
Instruction:BNE Addressing Mode:Relative - Operand (Value: "None", Address: "0x0702")
Instruction cycle count set to 2
A |X |Y |SP |PC   |T/MT |NV-BDIZC |CYCLE
----------------------------------------
00|00|00|FE |0702 |1/3  |10100100 |9952
00|00|00|FE |0702 |2/3  |10100100 |9953
00|00|00|FE |0702 |3/3  |10100100 |9954


---------------
Opcode: 8D
ll: 00 hh: A0
Instruction:STA Addressing Mode:Absolute - Operand (Value: "0x00", Address: "0xA000")
Writing value 0x00 to address: 0xA000
0xA000: 0x00
Instruction cycle count set to 4
A |X |Y |SP |PC   |T/MT |NV-BDIZC |CYCLE
----------------------------------------
00|00|00|FE |0705 |1/4  |10100100 |9955
00|00|00|FE |0705 |2/4  |10100100 |9956
00|00|00|FE |0705 |3/4  |10100100 |9957
00|00|00|FE |0705 |4/4  |10100100 |9958


---------------
Opcode: 4A
Instruction:LSR Addressing Mode:Accumulator - Operand (Value: "0x00", Address: "None")
Instruction cycle count set to 2
A |X |Y |SP |PC   |T/MT |NV-BDIZC |CYCLE
----------------------------------------
00|00|00|FE |0706 |1/2  |00100110 |9959
00|00|00|FE |0706 |2/2  |00100110 |9960


---------------
Opcode: C9
ll: 02
Instruction:CMP Addressing Mode:Immediate - Operand (Value: "0x02", Address: "None")
Instruction cycle count set to 2
A |X |Y |SP |PC   |T/MT |NV-BDIZC |CYCLE
----------------------------------------
00|00|00|FE |0708 |1/2  |10100100 |9961
00|00|00|FE |0708 |2/2  |10100100 |9962


---------------
Opcode: D0
ll: F8
Old PC: 070A Offset:-8 New PC: 0702
Instruction:BNE Addressing Mode:Relative - Operand (Value: "None", Address: "0x0702")
Instruction cycle count set to 2
A |X |Y |SP |PC   |T/MT |NV-BDIZC |CYCLE
----------------------------------------
00|00|00|FE |0702 |1/3  |10100100 |9963
00|00|00|FE |0702 |2/3  |10100100 |9964
00|00|00|FE |0702 |3/3  |10100100 |9965


---------------
Opcode: 8D
ll: 00 hh: A0
Instruction:STA Addressing Mode:Absolute - Operand (Value: "0x00", Address: "0xA000")
Writing value 0x00 to address: 0xA000
0xA000: 0x00
Instruction cycle count set to 4
A |X |Y |SP |PC   |T/MT |NV-BDIZC |CYCLE
----------------------------------------
00|00|00|FE |0705 |1/4  |10100100 |9966
00|00|00|FE |0705 |2/4  |10100100 |9967
00|00|00|FE |0705 |3/4  |10100100 |9968
00|00|00|FE |0705 |4/4  |10100100 |9969


---------------
Opcode: 4A
Instruction:LSR Addressing Mode:Accumulator - Operand (Value: "0x00", Address: "None")
Instruction cycle count set to 2
A |X |Y |SP |PC   |T/MT |NV-BDIZC |CYCLE
----------------------------------------
00|00|00|FE |0706 |1/2  |00100110 |9970
00|00|00|FE |0706 |2/2  |00100110 |9971


---------------
Opcode: C9
ll: 02
Instruction:CMP Addressing Mode:Immediate - Operand (Value: "0x02", Address: "None")
Instruction cycle count set to 2
A |X |Y |SP |PC   |T/MT |NV-BDIZC |CYCLE
----------------------------------------
00|00|00|FE |0708 |1/2  |10100100 |9972
00|00|00|FE |0708 |2/2  |10100100 |9973


---------------
Opcode: D0
ll: F8
Old PC: 070A Offset:-8 New PC: 0702
Instruction:BNE Addressing Mode:Relative - Operand (Value: "None", Address: "0x0702")
Instruction cycle count set to 2
A |X |Y |SP |PC   |T/MT |NV-BDIZC |CYCLE
----------------------------------------
00|00|00|FE |0702 |1/3  |10100100 |9974
00|00|00|FE |0702 |2/3  |10100100 |9975
00|00|00|FE |0702 |3/3  |10100100 |9976


---------------
Opcode: 8D
ll: 00 hh: A0
Instruction:STA Addressing Mode:Absolute - Operand (Value: "0x00", Address: "0xA000")
Writing value 0x00 to address: 0xA000
0xA000: 0x00
Instruction cycle count set to 4
A |X |Y |SP |PC   |T/MT |NV-BDIZC |CYCLE
----------------------------------------
00|00|00|FE |0705 |1/4  |10100100 |9977
00|00|00|FE |0705 |2/4  |10100100 |9978
00|00|00|FE |0705 |3/4  |10100100 |9979
00|00|00|FE |0705 |4/4  |10100100 |9980


---------------
Opcode: 4A
Instruction:LSR Addressing Mode:Accumulator - Operand (Value: "0x00", Address: "None")
Instruction cycle count set to 2
A |X |Y |SP |PC   |T/MT |NV-BDIZC |CYCLE
----------------------------------------
00|00|00|FE |0706 |1/2  |00100110 |9981
00|00|00|FE |0706 |2/2  |00100110 |9982


---------------
Opcode: C9
ll: 02
Instruction:CMP Addressing Mode:Immediate - Operand (Value: "0x02", Address: "None")
Instruction cycle count set to 2
A |X |Y |SP |PC   |T/MT |NV-BDIZC |CYCLE
----------------------------------------
00|00|00|FE |0708 |1/2  |10100100 |9983
00|00|00|FE |0708 |2/2  |10100100 |9984


---------------
Opcode: D0
ll: F8
Old PC: 070A Offset:-8 New PC: 0702
Instruction:BNE Addressing Mode:Relative - Operand (Value: "None", Address: "0x0702")
Instruction cycle count set to 2
A |X |Y |SP |PC   |T/MT |NV-BDIZC |CYCLE
----------------------------------------
00|00|00|FE |0702 |1/3  |10100100 |9985
00|00|00|FE |0702 |2/3  |10100100 |9986
00|00|00|FE |0702 |3/3  |10100100 |9987


---------------
Opcode: 8D
ll: 00 hh: A0
Instruction:STA Addressing Mode:Absolute - Operand (Value: "0x00", Address: "0xA000")
Writing value 0x00 to address: 0xA000
0xA000: 0x00
Instruction cycle count set to 4
A |X |Y |SP |PC   |T/MT |NV-BDIZC |CYCLE
----------------------------------------
00|00|00|FE |0705 |1/4  |10100100 |9988
00|00|00|FE |0705 |2/4  |10100100 |9989
00|00|00|FE |0705 |3/4  |10100100 |9990
00|00|00|FE |0705 |4/4  |10100100 |9991


---------------
Opcode: 4A
Instruction:LSR Addressing Mode:Accumulator - Operand (Value: "0x00", Address: "None")
Instruction cycle count set to 2
A |X |Y |SP |PC   |T/MT |NV-BDIZC |CYCLE
----------------------------------------
00|00|00|FE |0706 |1/2  |00100110 |9992
00|00|00|FE |0706 |2/2  |00100110 |9993


---------------
Opcode: C9
ll: 02
Instruction:CMP Addressing Mode:Immediate - Operand (Value: "0x02", Address: "None")
Instruction cycle count set to 2
A |X |Y |SP |PC   |T/MT |NV-BDIZC |CYCLE
----------------------------------------
00|00|00|FE |0708 |1/2  |10100100 |9994
00|00|00|FE |0708 |2/2  |10100100 |9995


---------------
Opcode: D0
ll: F8
Old PC: 070A Offset:-8 New PC: 0702
Instruction:BNE Addressing Mode:Relative - Operand (Value: "None", Address: "0x0702")
Instruction cycle count set to 2
A |X |Y |SP |PC   |T/MT |NV-BDIZC |CYCLE
----------------------------------------
00|00|00|FE |0702 |1/3  |10100100 |9996
00|00|00|FE |0702 |2/3  |10100100 |9997
00|00|00|FE |0702 |3/3  |10100100 |9998
emulation behind by 776.229236ms. trying to catch up...


---------------
Opcode: 8D
ll: 00 hh: A0
Instruction:STA Addressing Mode:Absolute - Operand (Value: "0x00", Address: "0xA000")
Writing value 0x00 to address: 0xA000
0xA000: 0x00
Instruction cycle count set to 4
A |X |Y |SP |PC   |T/MT |NV-BDIZC |CYCLE
----------------------------------------
00|00|00|FE |0705 |1/4  |10100100 |9999
00|00|00|FE |0705 |2/4  |10100100 |10000
00|00|00|FE |0705 |3/4  |10100100 |10001
00|00|00|FE |0705 |4/4  |10100100 |10002


---------------
Opcode: 4A
Instruction:LSR Addressing Mode:Accumulator - Operand (Value: "0x00", Address: "None")
Instruction cycle count set to 2
A |X |Y |SP |PC   |T/MT |NV-BDIZC |CYCLE
----------------------------------------
00|00|00|FE |0706 |1/2  |00100110 |10003
00|00|00|FE |0706 |2/2  |00100110 |10004


---------------
Opcode: C9
ll: 02
Instruction:CMP Addressing Mode:Immediate - Operand (Value: "0x02", Address: "None")
Instruction cycle count set to 2
A |X |Y |SP |PC   |T/MT |NV-BDIZC |CYCLE
----------------------------------------
00|00|00|FE |0708 |1/2  |10100100 |10005
00|00|00|FE |0708 |2/2  |10100100 |10006


---------------
Opcode: D0
ll: F8
Old PC: 070A Offset:-8 New PC: 0702
Instruction:BNE Addressing Mode:Relative - Operand (Value: "None", Address: "0x0702")
Instruction cycle count set to 2
A |X |Y |SP |PC   |T/MT |NV-BDIZC |CYCLE
----------------------------------------
00|00|00|FE |0702 |1/3  |10100100 |10007
00|00|00|FE |0702 |2/3  |10100100 |10008
00|00|00|FE |0702 |3/3  |10100100 |10009


---------------
Opcode: 8D
ll: 00 hh: A0
Instruction:STA Addressing Mode:Absolute - Operand (Value: "0x00", Address: "0xA000")
Writing value 0x00 to address: 0xA000
0xA000: 0x00
Instruction cycle count set to 4
A |X |Y |SP |PC   |T/MT |NV-BDIZC |CYCLE
----------------------------------------
00|00|00|FE |0705 |1/4  |10100100 |10010
00|00|00|FE |0705 |2/4  |10100100 |10011
00|00|00|FE |0705 |3/4  |10100100 |10012
00|00|00|FE |0705 |4/4  |10100100 |10013


---------------
Opcode: 4A
Instruction:LSR Addressing Mode:Accumulator - Operand (Value: "0x00", Address: "None")
Instruction cycle count set to 2
A |X |Y |SP |PC   |T/MT |NV-BDIZC |CYCLE
----------------------------------------
00|00|00|FE |0706 |1/2  |00100110 |10014
00|00|00|FE |0706 |2/2  |00100110 |10015


---------------
Opcode: C9
ll: 02
Instruction:CMP Addressing Mode:Immediate - Operand (Value: "0x02", Address: "None")
Instruction cycle count set to 2
A |X |Y |SP |PC   |T/MT |NV-BDIZC |CYCLE
----------------------------------------
00|00|00|FE |0708 |1/2  |10100100 |10016
00|00|00|FE |0708 |2/2  |10100100 |10017


---------------
Opcode: D0
ll: F8
Old PC: 070A Offset:-8 New PC: 0702
Instruction:BNE Addressing Mode:Relative - Operand (Value: "None", Address: "0x0702")
Instruction cycle count set to 2
A |X |Y |SP |PC   |T/MT |NV-BDIZC |CYCLE
----------------------------------------
00|00|00|FE |0702 |1/3  |10100100 |10018
00|00|00|FE |0702 |2/3  |10100100 |10019
00|00|00|FE |0702 |3/3  |10100100 |10020


---------------
Opcode: 8D
ll: 00 hh: A0
Instruction:STA Addressing Mode:Absolute - Operand (Value: "0x00", Address: "0xA000")
Writing value 0x00 to address: 0xA000
0xA000: 0x00
Instruction cycle count set to 4
A |X |Y |SP |PC   |T/MT |NV-BDIZC |CYCLE
----------------------------------------
00|00|00|FE |0705 |1/4  |10100100 |10021
00|00|00|FE |0705 |2/4  |10100100 |10022
00|00|00|FE |0705 |3/4  |10100100 |10023
00|00|00|FE |0705 |4/4  |10100100 |10024


---------------
Opcode: 4A
Instruction:LSR Addressing Mode:Accumulator - Operand (Value: "0x00", Address: "None")
Instruction cycle count set to 2
A |X |Y |SP |PC   |T/MT |NV-BDIZC |CYCLE
----------------------------------------
00|00|00|FE |0706 |1/2  |00100110 |10025
00|00|00|FE |0706 |2/2  |00100110 |10026


---------------
Opcode: C9
ll: 02
Instruction:CMP Addressing Mode:Immediate - Operand (Value: "0x02", Address: "None")
Instruction cycle count set to 2
A |X |Y |SP |PC   |T/MT |NV-BDIZC |CYCLE
----------------------------------------
00|00|00|FE |0708 |1/2  |10100100 |10027
00|00|00|FE |0708 |2/2  |10100100 |10028


---------------
Opcode: D0
ll: F8
Old PC: 070A Offset:-8 New PC: 0702
Instruction:BNE Addressing Mode:Relative - Operand (Value: "None", Address: "0x0702")
Instruction cycle count set to 2
A |X |Y |SP |PC   |T/MT |NV-BDIZC |CYCLE
----------------------------------------
00|00|00|FE |0702 |1/3  |10100100 |10029
00|00|00|FE |0702 |2/3  |10100100 |10030
00|00|00|FE |0702 |3/3  |10100100 |10031


---------------
Opcode: 8D
ll: 00 hh: A0
Instruction:STA Addressing Mode:Absolute - Operand (Value: "0x00", Address: "0xA000")
Writing value 0x00 to address: 0xA000
0xA000: 0x00
Instruction cycle count set to 4
A |X |Y |SP |PC   |T/MT |NV-BDIZC |CYCLE
----------------------------------------
00|00|00|FE |0705 |1/4  |10100100 |10032
00|00|00|FE |0705 |2/4  |10100100 |10033
00|00|00|FE |0705 |3/4  |10100100 |10034
00|00|00|FE |0705 |4/4  |10100100 |10035


---------------
Opcode: 4A
Instruction:LSR Addressing Mode:Accumulator - Operand (Value: "0x00", Address: "None")
Instruction cycle count set to 2
A |X |Y |SP |PC   |T/MT |NV-BDIZC |CYCLE
----------------------------------------
00|00|00|FE |0706 |1/2  |00100110 |10036
00|00|00|FE |0706 |2/2  |00100110 |10037


---------------
Opcode: C9
ll: 02
Instruction:CMP Addressing Mode:Immediate - Operand (Value: "0x02", Address: "None")
Instruction cycle count set to 2
A |X |Y |SP |PC   |T/MT |NV-BDIZC |CYCLE
----------------------------------------
00|00|00|FE |0708 |1/2  |10100100 |10038
00|00|00|FE |0708 |2/2  |10100100 |10039


---------------
Opcode: D0
ll: F8
Old PC: 070A Offset:-8 New PC: 0702
Instruction:BNE Addressing Mode:Relative - Operand (Value: "None", Address: "0x0702")
Instruction cycle count set to 2
A |X |Y |SP |PC   |T/MT |NV-BDIZC |CYCLE
----------------------------------------
00|00|00|FE |0702 |1/3  |10100100 |10040
00|00|00|FE |0702 |2/3  |10100100 |10041
00|00|00|FE |0702 |3/3  |10100100 |10042


---------------
Opcode: 8D
ll: 00 hh: A0
Instruction:STA Addressing Mode:Absolute - Operand (Value: "0x00", Address: "0xA000")
Writing value 0x00 to address: 0xA000
0xA000: 0x00
Instruction cycle count set to 4
A |X |Y |SP |PC   |T/MT |NV-BDIZC |CYCLE
----------------------------------------
00|00|00|FE |0705 |1/4  |10100100 |10043
00|00|00|FE |0705 |2/4  |10100100 |10044
00|00|00|FE |0705 |3/4  |10100100 |10045
00|00|00|FE |0705 |4/4  |10100100 |10046


---------------
Opcode: 4A
Instruction:LSR Addressing Mode:Accumulator - Operand (Value: "0x00", Address: "None")
Instruction cycle count set to 2
A |X |Y |SP |PC   |T/MT |NV-BDIZC |CYCLE
----------------------------------------
00|00|00|FE |0706 |1/2  |00100110 |10047
00|00|00|FE |0706 |2/2  |00100110 |10048


---------------
Opcode: C9
ll: 02
Instruction:CMP Addressing Mode:Immediate - Operand (Value: "0x02", Address: "None")
Instruction cycle count set to 2
A |X |Y |SP |PC   |T/MT |NV-BDIZC |CYCLE
----------------------------------------
00|00|00|FE |0708 |1/2  |10100100 |10049
00|00|00|FE |0708 |2/2  |10100100 |10050


---------------
Opcode: D0
ll: F8
Old PC: 070A Offset:-8 New PC: 0702
Instruction:BNE Addressing Mode:Relative - Operand (Value: "None", Address: "0x0702")
Instruction cycle count set to 2
A |X |Y |SP |PC   |T/MT |NV-BDIZC |CYCLE
----------------------------------------
00|00|00|FE |0702 |1/3  |10100100 |10051
00|00|00|FE |0702 |2/3  |10100100 |10052
00|00|00|FE |0702 |3/3  |10100100 |10053


---------------
Opcode: 8D
ll: 00 hh: A0
Instruction:STA Addressing Mode:Absolute - Operand (Value: "0x00", Address: "0xA000")
Writing value 0x00 to address: 0xA000
0xA000: 0x00
Instruction cycle count set to 4
A |X |Y |SP |PC   |T/MT |NV-BDIZC |CYCLE
----------------------------------------
00|00|00|FE |0705 |1/4  |10100100 |10054
00|00|00|FE |0705 |2/4  |10100100 |10055
00|00|00|FE |0705 |3/4  |10100100 |10056
00|00|00|FE |0705 |4/4  |10100100 |10057


---------------
Opcode: 4A
Instruction:LSR Addressing Mode:Accumulator - Operand (Value: "0x00", Address: "None")
Instruction cycle count set to 2
A |X |Y |SP |PC   |T/MT |NV-BDIZC |CYCLE
----------------------------------------
00|00|00|FE |0706 |1/2  |00100110 |10058
00|00|00|FE |0706 |2/2  |00100110 |10059


---------------
Opcode: C9
ll: 02
Instruction:CMP Addressing Mode:Immediate - Operand (Value: "0x02", Address: "None")
Instruction cycle count set to 2
A |X |Y |SP |PC   |T/MT |NV-BDIZC |CYCLE
----------------------------------------
00|00|00|FE |0708 |1/2  |10100100 |10060
00|00|00|FE |0708 |2/2  |10100100 |10061


---------------
Opcode: D0
ll: F8
Old PC: 070A Offset:-8 New PC: 0702
Instruction:BNE Addressing Mode:Relative - Operand (Value: "None", Address: "0x0702")
Instruction cycle count set to 2
A |X |Y |SP |PC   |T/MT |NV-BDIZC |CYCLE
----------------------------------------
00|00|00|FE |0702 |1/3  |10100100 |10062
00|00|00|FE |0702 |2/3  |10100100 |10063
00|00|00|FE |0702 |3/3  |10100100 |10064


---------------
Opcode: 8D
ll: 00 hh: A0
Instruction:STA Addressing Mode:Absolute - Operand (Value: "0x00", Address: "0xA000")
Writing value 0x00 to address: 0xA000
0xA000: 0x00
Instruction cycle count set to 4
A |X |Y |SP |PC   |T/MT |NV-BDIZC |CYCLE
----------------------------------------
00|00|00|FE |0705 |1/4  |10100100 |10065
00|00|00|FE |0705 |2/4  |10100100 |10066
00|00|00|FE |0705 |3/4  |10100100 |10067
00|00|00|FE |0705 |4/4  |10100100 |10068


---------------
Opcode: 4A
Instruction:LSR Addressing Mode:Accumulator - Operand (Value: "0x00", Address: "None")
Instruction cycle count set to 2
A |X |Y |SP |PC   |T/MT |NV-BDIZC |CYCLE
----------------------------------------
00|00|00|FE |0706 |1/2  |00100110 |10069
00|00|00|FE |0706 |2/2  |00100110 |10070


---------------
Opcode: C9
ll: 02
Instruction:CMP Addressing Mode:Immediate - Operand (Value: "0x02", Address: "None")
Instruction cycle count set to 2
A |X |Y |SP |PC   |T/MT |NV-BDIZC |CYCLE
----------------------------------------
00|00|00|FE |0708 |1/2  |10100100 |10071
00|00|00|FE |0708 |2/2  |10100100 |10072


---------------
Opcode: D0
ll: F8
Old PC: 070A Offset:-8 New PC: 0702
Instruction:BNE Addressing Mode:Relative - Operand (Value: "None", Address: "0x0702")
Instruction cycle count set to 2
A |X |Y |SP |PC   |T/MT |NV-BDIZC |CYCLE
----------------------------------------
00|00|00|FE |0702 |1/3  |10100100 |10073
00|00|00|FE |0702 |2/3  |10100100 |10074
00|00|00|FE |0702 |3/3  |10100100 |10075


---------------
Opcode: 8D
ll: 00 hh: A0
Instruction:STA Addressing Mode:Absolute - Operand (Value: "0x00", Address: "0xA000")
Writing value 0x00 to address: 0xA000
0xA000: 0x00
Instruction cycle count set to 4
A |X |Y |SP |PC   |T/MT |NV-BDIZC |CYCLE
----------------------------------------
00|00|00|FE |0705 |1/4  |10100100 |10076
00|00|00|FE |0705 |2/4  |10100100 |10077
00|00|00|FE |0705 |3/4  |10100100 |10078
00|00|00|FE |0705 |4/4  |10100100 |10079


---------------
Opcode: 4A
Instruction:LSR Addressing Mode:Accumulator - Operand (Value: "0x00", Address: "None")
Instruction cycle count set to 2
A |X |Y |SP |PC   |T/MT |NV-BDIZC |CYCLE
----------------------------------------
00|00|00|FE |0706 |1/2  |00100110 |10080
00|00|00|FE |0706 |2/2  |00100110 |10081


---------------
Opcode: C9
ll: 02
Instruction:CMP Addressing Mode:Immediate - Operand (Value: "0x02", Address: "None")
Instruction cycle count set to 2
A |X |Y |SP |PC   |T/MT |NV-BDIZC |CYCLE
----------------------------------------
00|00|00|FE |0708 |1/2  |10100100 |10082
00|00|00|FE |0708 |2/2  |10100100 |10083


---------------
Opcode: D0
ll: F8
Old PC: 070A Offset:-8 New PC: 0702
Instruction:BNE Addressing Mode:Relative - Operand (Value: "None", Address: "0x0702")
Instruction cycle count set to 2
A |X |Y |SP |PC   |T/MT |NV-BDIZC |CYCLE
----------------------------------------
00|00|00|FE |0702 |1/3  |10100100 |10084
00|00|00|FE |0702 |2/3  |10100100 |10085
00|00|00|FE |0702 |3/3  |10100100 |10086


---------------
Opcode: 8D
ll: 00 hh: A0
Instruction:STA Addressing Mode:Absolute - Operand (Value: "0x00", Address: "0xA000")
Writing value 0x00 to address: 0xA000
0xA000: 0x00
Instruction cycle count set to 4
A |X |Y |SP |PC   |T/MT |NV-BDIZC |CYCLE
----------------------------------------
00|00|00|FE |0705 |1/4  |10100100 |10087
00|00|00|FE |0705 |2/4  |10100100 |10088
00|00|00|FE |0705 |3/4  |10100100 |10089
00|00|00|FE |0705 |4/4  |10100100 |10090


---------------
Opcode: 4A
Instruction:LSR Addressing Mode:Accumulator - Operand (Value: "0x00", Address: "None")
Instruction cycle count set to 2
A |X |Y |SP |PC   |T/MT |NV-BDIZC |CYCLE
----------------------------------------
00|00|00|FE |0706 |1/2  |00100110 |10091
00|00|00|FE |0706 |2/2  |00100110 |10092


---------------
Opcode: C9
ll: 02
Instruction:CMP Addressing Mode:Immediate - Operand (Value: "0x02", Address: "None")
Instruction cycle count set to 2
A |X |Y |SP |PC   |T/MT |NV-BDIZC |CYCLE
----------------------------------------
00|00|00|FE |0708 |1/2  |10100100 |10093
00|00|00|FE |0708 |2/2  |10100100 |10094


---------------
Opcode: D0
ll: F8
Old PC: 070A Offset:-8 New PC: 0702
Instruction:BNE Addressing Mode:Relative - Operand (Value: "None", Address: "0x0702")
Instruction cycle count set to 2
A |X |Y |SP |PC   |T/MT |NV-BDIZC |CYCLE
----------------------------------------
00|00|00|FE |0702 |1/3  |10100100 |10095
00|00|00|FE |0702 |2/3  |10100100 |10096
00|00|00|FE |0702 |3/3  |10100100 |10097


---------------
Opcode: 8D
ll: 00 hh: A0
Instruction:STA Addressing Mode:Absolute - Operand (Value: "0x00", Address: "0xA000")
Writing value 0x00 to address: 0xA000
0xA000: 0x00
Instruction cycle count set to 4
A |X |Y |SP |PC   |T/MT |NV-BDIZC |CYCLE
----------------------------------------
00|00|00|FE |0705 |1/4  |10100100 |10098
00|00|00|FE |0705 |2/4  |10100100 |10099
00|00|00|FE |0705 |3/4  |10100100 |10100
00|00|00|FE |0705 |4/4  |10100100 |10101


---------------
Opcode: 4A
Instruction:LSR Addressing Mode:Accumulator - Operand (Value: "0x00", Address: "None")
Instruction cycle count set to 2
A |X |Y |SP |PC   |T/MT |NV-BDIZC |CYCLE
----------------------------------------
00|00|00|FE |0706 |1/2  |00100110 |10102
00|00|00|FE |0706 |2/2  |00100110 |10103


---------------
Opcode: C9
ll: 02
Instruction:CMP Addressing Mode:Immediate - Operand (Value: "0x02", Address: "None")
Instruction cycle count set to 2
A |X |Y |SP |PC   |T/MT |NV-BDIZC |CYCLE
----------------------------------------
00|00|00|FE |0708 |1/2  |10100100 |10104
00|00|00|FE |0708 |2/2  |10100100 |10105


---------------
Opcode: D0
ll: F8
Old PC: 070A Offset:-8 New PC: 0702
Instruction:BNE Addressing Mode:Relative - Operand (Value: "None", Address: "0x0702")
Instruction cycle count set to 2
A |X |Y |SP |PC   |T/MT |NV-BDIZC |CYCLE
----------------------------------------
00|00|00|FE |0702 |1/3  |10100100 |10106
00|00|00|FE |0702 |2/3  |10100100 |10107
00|00|00|FE |0702 |3/3  |10100100 |10108


---------------
Opcode: 8D
ll: 00 hh: A0
Instruction:STA Addressing Mode:Absolute - Operand (Value: "0x00", Address: "0xA000")
Writing value 0x00 to address: 0xA000
0xA000: 0x00
Instruction cycle count set to 4
A |X |Y |SP |PC   |T/MT |NV-BDIZC |CYCLE
----------------------------------------
00|00|00|FE |0705 |1/4  |10100100 |10109
00|00|00|FE |0705 |2/4  |10100100 |10110
00|00|00|FE |0705 |3/4  |10100100 |10111
00|00|00|FE |0705 |4/4  |10100100 |10112


---------------
Opcode: 4A
Instruction:LSR Addressing Mode:Accumulator - Operand (Value: "0x00", Address: "None")
Instruction cycle count set to 2
A |X |Y |SP |PC   |T/MT |NV-BDIZC |CYCLE
----------------------------------------
00|00|00|FE |0706 |1/2  |00100110 |10113
00|00|00|FE |0706 |2/2  |00100110 |10114


---------------
Opcode: C9
ll: 02
Instruction:CMP Addressing Mode:Immediate - Operand (Value: "0x02", Address: "None")
Instruction cycle count set to 2
A |X |Y |SP |PC   |T/MT |NV-BDIZC |CYCLE
----------------------------------------
00|00|00|FE |0708 |1/2  |10100100 |10115
00|00|00|FE |0708 |2/2  |10100100 |10116


---------------
Opcode: D0
ll: F8
Old PC: 070A Offset:-8 New PC: 0702
Instruction:BNE Addressing Mode:Relative - Operand (Value: "None", Address: "0x0702")
Instruction cycle count set to 2
A |X |Y |SP |PC   |T/MT |NV-BDIZC |CYCLE
----------------------------------------
00|00|00|FE |0702 |1/3  |10100100 |10117
00|00|00|FE |0702 |2/3  |10100100 |10118
00|00|00|FE |0702 |3/3  |10100100 |10119


---------------
Opcode: 8D
ll: 00 hh: A0
Instruction:STA Addressing Mode:Absolute - Operand (Value: "0x00", Address: "0xA000")
Writing value 0x00 to address: 0xA000
0xA000: 0x00
Instruction cycle count set to 4
A |X |Y |SP |PC   |T/MT |NV-BDIZC |CYCLE
----------------------------------------
00|00|00|FE |0705 |1/4  |10100100 |10120
00|00|00|FE |0705 |2/4  |10100100 |10121
00|00|00|FE |0705 |3/4  |10100100 |10122
00|00|00|FE |0705 |4/4  |10100100 |10123


---------------
Opcode: 4A
Instruction:LSR Addressing Mode:Accumulator - Operand (Value: "0x00", Address: "None")
Instruction cycle count set to 2
A |X |Y |SP |PC   |T/MT |NV-BDIZC |CYCLE
----------------------------------------
00|00|00|FE |0706 |1/2  |00100110 |10124
00|00|00|FE |0706 |2/2  |00100110 |10125


---------------
Opcode: C9
ll: 02
Instruction:CMP Addressing Mode:Immediate - Operand (Value: "0x02", Address: "None")
Instruction cycle count set to 2
A |X |Y |SP |PC   |T/MT |NV-BDIZC |CYCLE
----------------------------------------
00|00|00|FE |0708 |1/2  |10100100 |10126
00|00|00|FE |0708 |2/2  |10100100 |10127


---------------
Opcode: D0
ll: F8
Old PC: 070A Offset:-8 New PC: 0702
Instruction:BNE Addressing Mode:Relative - Operand (Value: "None", Address: "0x0702")
Instruction cycle count set to 2
A |X |Y |SP |PC   |T/MT |NV-BDIZC |CYCLE
----------------------------------------
00|00|00|FE |0702 |1/3  |10100100 |10128
00|00|00|FE |0702 |2/3  |10100100 |10129
00|00|00|FE |0702 |3/3  |10100100 |10130


---------------
Opcode: 8D
ll: 00 hh: A0
Instruction:STA Addressing Mode:Absolute - Operand (Value: "0x00", Address: "0xA000")
Writing value 0x00 to address: 0xA000
0xA000: 0x00
Instruction cycle count set to 4
A |X |Y |SP |PC   |T/MT |NV-BDIZC |CYCLE
----------------------------------------
00|00|00|FE |0705 |1/4  |10100100 |10131
00|00|00|FE |0705 |2/4  |10100100 |10132
00|00|00|FE |0705 |3/4  |10100100 |10133
00|00|00|FE |0705 |4/4  |10100100 |10134


---------------
Opcode: 4A
Instruction:LSR Addressing Mode:Accumulator - Operand (Value: "0x00", Address: "None")
Instruction cycle count set to 2
A |X |Y |SP |PC   |T/MT |NV-BDIZC |CYCLE
----------------------------------------
00|00|00|FE |0706 |1/2  |00100110 |10135
00|00|00|FE |0706 |2/2  |00100110 |10136


---------------
Opcode: C9
ll: 02
Instruction:CMP Addressing Mode:Immediate - Operand (Value: "0x02", Address: "None")
Instruction cycle count set to 2
A |X |Y |SP |PC   |T/MT |NV-BDIZC |CYCLE
----------------------------------------
00|00|00|FE |0708 |1/2  |10100100 |10137
00|00|00|FE |0708 |2/2  |10100100 |10138


---------------
Opcode: D0
ll: F8
Old PC: 070A Offset:-8 New PC: 0702
Instruction:BNE Addressing Mode:Relative - Operand (Value: "None", Address: "0x0702")
Instruction cycle count set to 2
A |X |Y |SP |PC   |T/MT |NV-BDIZC |CYCLE
----------------------------------------
00|00|00|FE |0702 |1/3  |10100100 |10139
00|00|00|FE |0702 |2/3  |10100100 |10140
00|00|00|FE |0702 |3/3  |10100100 |10141


---------------
Opcode: 8D
ll: 00 hh: A0
Instruction:STA Addressing Mode:Absolute - Operand (Value: "0x00", Address: "0xA000")
Writing value 0x00 to address: 0xA000
0xA000: 0x00
Instruction cycle count set to 4
A |X |Y |SP |PC   |T/MT |NV-BDIZC |CYCLE
----------------------------------------
00|00|00|FE |0705 |1/4  |10100100 |10142
00|00|00|FE |0705 |2/4  |10100100 |10143
00|00|00|FE |0705 |3/4  |10100100 |10144
00|00|00|FE |0705 |4/4  |10100100 |10145


---------------
Opcode: 4A
Instruction:LSR Addressing Mode:Accumulator - Operand (Value: "0x00", Address: "None")
Instruction cycle count set to 2
A |X |Y |SP |PC   |T/MT |NV-BDIZC |CYCLE
----------------------------------------
00|00|00|FE |0706 |1/2  |00100110 |10146
00|00|00|FE |0706 |2/2  |00100110 |10147


---------------
Opcode: C9
ll: 02
Instruction:CMP Addressing Mode:Immediate - Operand (Value: "0x02", Address: "None")
Instruction cycle count set to 2
A |X |Y |SP |PC   |T/MT |NV-BDIZC |CYCLE
----------------------------------------
00|00|00|FE |0708 |1/2  |10100100 |10148
00|00|00|FE |0708 |2/2  |10100100 |10149


---------------
Opcode: D0
ll: F8
Old PC: 070A Offset:-8 New PC: 0702
Instruction:BNE Addressing Mode:Relative - Operand (Value: "None", Address: "0x0702")
Instruction cycle count set to 2
A |X |Y |SP |PC   |T/MT |NV-BDIZC |CYCLE
----------------------------------------
00|00|00|FE |0702 |1/3  |10100100 |10150
00|00|00|FE |0702 |2/3  |10100100 |10151
00|00|00|FE |0702 |3/3  |10100100 |10152


---------------
Opcode: 8D
ll: 00 hh: A0
Instruction:STA Addressing Mode:Absolute - Operand (Value: "0x00", Address: "0xA000")
Writing value 0x00 to address: 0xA000
0xA000: 0x00
Instruction cycle count set to 4
A |X |Y |SP |PC   |T/MT |NV-BDIZC |CYCLE
----------------------------------------
00|00|00|FE |0705 |1/4  |10100100 |10153
00|00|00|FE |0705 |2/4  |10100100 |10154
00|00|00|FE |0705 |3/4  |10100100 |10155
00|00|00|FE |0705 |4/4  |10100100 |10156


---------------
Opcode: 4A
Instruction:LSR Addressing Mode:Accumulator - Operand (Value: "0x00", Address: "None")
Instruction cycle count set to 2
A |X |Y |SP |PC   |T/MT |NV-BDIZC |CYCLE
----------------------------------------
00|00|00|FE |0706 |1/2  |00100110 |10157
00|00|00|FE |0706 |2/2  |00100110 |10158


---------------
Opcode: C9
ll: 02
Instruction:CMP Addressing Mode:Immediate - Operand (Value: "0x02", Address: "None")
Instruction cycle count set to 2
A |X |Y |SP |PC   |T/MT |NV-BDIZC |CYCLE
----------------------------------------
00|00|00|FE |0708 |1/2  |10100100 |10159
00|00|00|FE |0708 |2/2  |10100100 |10160


---------------
Opcode: D0
ll: F8
Old PC: 070A Offset:-8 New PC: 0702
Instruction:BNE Addressing Mode:Relative - Operand (Value: "None", Address: "0x0702")
Instruction cycle count set to 2
A |X |Y |SP |PC   |T/MT |NV-BDIZC |CYCLE
----------------------------------------
00|00|00|FE |0702 |1/3  |10100100 |10161
00|00|00|FE |0702 |2/3  |10100100 |10162
00|00|00|FE |0702 |3/3  |10100100 |10163


---------------
Opcode: 8D
ll: 00 hh: A0
Instruction:STA Addressing Mode:Absolute - Operand (Value: "0x00", Address: "0xA000")
Writing value 0x00 to address: 0xA000
0xA000: 0x00
Instruction cycle count set to 4
A |X |Y |SP |PC   |T/MT |NV-BDIZC |CYCLE
----------------------------------------
00|00|00|FE |0705 |1/4  |10100100 |10164
00|00|00|FE |0705 |2/4  |10100100 |10165
00|00|00|FE |0705 |3/4  |10100100 |10166
00|00|00|FE |0705 |4/4  |10100100 |10167


---------------
Opcode: 4A
Instruction:LSR Addressing Mode:Accumulator - Operand (Value: "0x00", Address: "None")
Instruction cycle count set to 2
A |X |Y |SP |PC   |T/MT |NV-BDIZC |CYCLE
----------------------------------------
00|00|00|FE |0706 |1/2  |00100110 |10168
00|00|00|FE |0706 |2/2  |00100110 |10169


---------------
Opcode: C9
ll: 02
Instruction:CMP Addressing Mode:Immediate - Operand (Value: "0x02", Address: "None")
Instruction cycle count set to 2
A |X |Y |SP |PC   |T/MT |NV-BDIZC |CYCLE
----------------------------------------
00|00|00|FE |0708 |1/2  |10100100 |10170
00|00|00|FE |0708 |2/2  |10100100 |10171


---------------
Opcode: D0
ll: F8
Old PC: 070A Offset:-8 New PC: 0702
Instruction:BNE Addressing Mode:Relative - Operand (Value: "None", Address: "0x0702")
Instruction cycle count set to 2
A |X |Y |SP |PC   |T/MT |NV-BDIZC |CYCLE
----------------------------------------
00|00|00|FE |0702 |1/3  |10100100 |10172
00|00|00|FE |0702 |2/3  |10100100 |10173
00|00|00|FE |0702 |3/3  |10100100 |10174


---------------
Opcode: 8D
ll: 00 hh: A0
Instruction:STA Addressing Mode:Absolute - Operand (Value: "0x00", Address: "0xA000")
Writing value 0x00 to address: 0xA000
0xA000: 0x00
Instruction cycle count set to 4
A |X |Y |SP |PC   |T/MT |NV-BDIZC |CYCLE
----------------------------------------
00|00|00|FE |0705 |1/4  |10100100 |10175
00|00|00|FE |0705 |2/4  |10100100 |10176
00|00|00|FE |0705 |3/4  |10100100 |10177
00|00|00|FE |0705 |4/4  |10100100 |10178


---------------
Opcode: 4A
Instruction:LSR Addressing Mode:Accumulator - Operand (Value: "0x00", Address: "None")
Instruction cycle count set to 2
A |X |Y |SP |PC   |T/MT |NV-BDIZC |CYCLE
----------------------------------------
00|00|00|FE |0706 |1/2  |00100110 |10179
00|00|00|FE |0706 |2/2  |00100110 |10180


---------------
Opcode: C9
ll: 02
Instruction:CMP Addressing Mode:Immediate - Operand (Value: "0x02", Address: "None")
Instruction cycle count set to 2
A |X |Y |SP |PC   |T/MT |NV-BDIZC |CYCLE
----------------------------------------
00|00|00|FE |0708 |1/2  |10100100 |10181
00|00|00|FE |0708 |2/2  |10100100 |10182


---------------
Opcode: D0
ll: F8
Old PC: 070A Offset:-8 New PC: 0702
Instruction:BNE Addressing Mode:Relative - Operand (Value: "None", Address: "0x0702")
Instruction cycle count set to 2
A |X |Y |SP |PC   |T/MT |NV-BDIZC |CYCLE
----------------------------------------
00|00|00|FE |0702 |1/3  |10100100 |10183
00|00|00|FE |0702 |2/3  |10100100 |10184
00|00|00|FE |0702 |3/3  |10100100 |10185


---------------
Opcode: 8D
ll: 00 hh: A0
Instruction:STA Addressing Mode:Absolute - Operand (Value: "0x00", Address: "0xA000")
Writing value 0x00 to address: 0xA000
0xA000: 0x00
Instruction cycle count set to 4
A |X |Y |SP |PC   |T/MT |NV-BDIZC |CYCLE
----------------------------------------
00|00|00|FE |0705 |1/4  |10100100 |10186
00|00|00|FE |0705 |2/4  |10100100 |10187
00|00|00|FE |0705 |3/4  |10100100 |10188
00|00|00|FE |0705 |4/4  |10100100 |10189


---------------
Opcode: 4A
Instruction:LSR Addressing Mode:Accumulator - Operand (Value: "0x00", Address: "None")
Instruction cycle count set to 2
A |X |Y |SP |PC   |T/MT |NV-BDIZC |CYCLE
----------------------------------------
00|00|00|FE |0706 |1/2  |00100110 |10190
00|00|00|FE |0706 |2/2  |00100110 |10191


---------------
Opcode: C9
ll: 02
Instruction:CMP Addressing Mode:Immediate - Operand (Value: "0x02", Address: "None")
Instruction cycle count set to 2
A |X |Y |SP |PC   |T/MT |NV-BDIZC |CYCLE
----------------------------------------
00|00|00|FE |0708 |1/2  |10100100 |10192
00|00|00|FE |0708 |2/2  |10100100 |10193


---------------
Opcode: D0
ll: F8
Old PC: 070A Offset:-8 New PC: 0702
Instruction:BNE Addressing Mode:Relative - Operand (Value: "None", Address: "0x0702")
Instruction cycle count set to 2
A |X |Y |SP |PC   |T/MT |NV-BDIZC |CYCLE
----------------------------------------
00|00|00|FE |0702 |1/3  |10100100 |10194
00|00|00|FE |0702 |2/3  |10100100 |10195
00|00|00|FE |0702 |3/3  |10100100 |10196


---------------
Opcode: 8D
ll: 00 hh: A0
Instruction:STA Addressing Mode:Absolute - Operand (Value: "0x00", Address: "0xA000")
Writing value 0x00 to address: 0xA000
0xA000: 0x00
Instruction cycle count set to 4
A |X |Y |SP |PC   |T/MT |NV-BDIZC |CYCLE
----------------------------------------
00|00|00|FE |0705 |1/4  |10100100 |10197
00|00|00|FE |0705 |2/4  |10100100 |10198
00|00|00|FE |0705 |3/4  |10100100 |10199
00|00|00|FE |0705 |4/4  |10100100 |10200


---------------
Opcode: 4A
Instruction:LSR Addressing Mode:Accumulator - Operand (Value: "0x00", Address: "None")
Instruction cycle count set to 2
A |X |Y |SP |PC   |T/MT |NV-BDIZC |CYCLE
----------------------------------------
00|00|00|FE |0706 |1/2  |00100110 |10201
00|00|00|FE |0706 |2/2  |00100110 |10202


---------------
Opcode: C9
ll: 02
Instruction:CMP Addressing Mode:Immediate - Operand (Value: "0x02", Address: "None")
Instruction cycle count set to 2
A |X |Y |SP |PC   |T/MT |NV-BDIZC |CYCLE
----------------------------------------
00|00|00|FE |0708 |1/2  |10100100 |10203
00|00|00|FE |0708 |2/2  |10100100 |10204


---------------
Opcode: D0
ll: F8
Old PC: 070A Offset:-8 New PC: 0702
Instruction:BNE Addressing Mode:Relative - Operand (Value: "None", Address: "0x0702")
Instruction cycle count set to 2
A |X |Y |SP |PC   |T/MT |NV-BDIZC |CYCLE
----------------------------------------
00|00|00|FE |0702 |1/3  |10100100 |10205
00|00|00|FE |0702 |2/3  |10100100 |10206
00|00|00|FE |0702 |3/3  |10100100 |10207


---------------
Opcode: 8D
ll: 00 hh: A0
Instruction:STA Addressing Mode:Absolute - Operand (Value: "0x00", Address: "0xA000")
Writing value 0x00 to address: 0xA000
0xA000: 0x00
Instruction cycle count set to 4
A |X |Y |SP |PC   |T/MT |NV-BDIZC |CYCLE
----------------------------------------
00|00|00|FE |0705 |1/4  |10100100 |10208
00|00|00|FE |0705 |2/4  |10100100 |10209
00|00|00|FE |0705 |3/4  |10100100 |10210
00|00|00|FE |0705 |4/4  |10100100 |10211


---------------
Opcode: 4A
Instruction:LSR Addressing Mode:Accumulator - Operand (Value: "0x00", Address: "None")
Instruction cycle count set to 2
A |X |Y |SP |PC   |T/MT |NV-BDIZC |CYCLE
----------------------------------------
00|00|00|FE |0706 |1/2  |00100110 |10212
00|00|00|FE |0706 |2/2  |00100110 |10213


---------------
Opcode: C9
ll: 02
Instruction:CMP Addressing Mode:Immediate - Operand (Value: "0x02", Address: "None")
Instruction cycle count set to 2
A |X |Y |SP |PC   |T/MT |NV-BDIZC |CYCLE
----------------------------------------
00|00|00|FE |0708 |1/2  |10100100 |10214
00|00|00|FE |0708 |2/2  |10100100 |10215


---------------
Opcode: D0
ll: F8
Old PC: 070A Offset:-8 New PC: 0702
Instruction:BNE Addressing Mode:Relative - Operand (Value: "None", Address: "0x0702")
Instruction cycle count set to 2
A |X |Y |SP |PC   |T/MT |NV-BDIZC |CYCLE
----------------------------------------
00|00|00|FE |0702 |1/3  |10100100 |10216
00|00|00|FE |0702 |2/3  |10100100 |10217
00|00|00|FE |0702 |3/3  |10100100 |10218


---------------
Opcode: 8D
ll: 00 hh: A0
Instruction:STA Addressing Mode:Absolute - Operand (Value: "0x00", Address: "0xA000")
Writing value 0x00 to address: 0xA000
0xA000: 0x00
Instruction cycle count set to 4
A |X |Y |SP |PC   |T/MT |NV-BDIZC |CYCLE
----------------------------------------
00|00|00|FE |0705 |1/4  |10100100 |10219
00|00|00|FE |0705 |2/4  |10100100 |10220
00|00|00|FE |0705 |3/4  |10100100 |10221
00|00|00|FE |0705 |4/4  |10100100 |10222


---------------
Opcode: 4A
Instruction:LSR Addressing Mode:Accumulator - Operand (Value: "0x00", Address: "None")
Instruction cycle count set to 2
A |X |Y |SP |PC   |T/MT |NV-BDIZC |CYCLE
----------------------------------------
00|00|00|FE |0706 |1/2  |00100110 |10223
00|00|00|FE |0706 |2/2  |00100110 |10224


---------------
Opcode: C9
ll: 02
Instruction:CMP Addressing Mode:Immediate - Operand (Value: "0x02", Address: "None")
Instruction cycle count set to 2
A |X |Y |SP |PC   |T/MT |NV-BDIZC |CYCLE
----------------------------------------
00|00|00|FE |0708 |1/2  |10100100 |10225
00|00|00|FE |0708 |2/2  |10100100 |10226


---------------
Opcode: D0
ll: F8
Old PC: 070A Offset:-8 New PC: 0702
Instruction:BNE Addressing Mode:Relative - Operand (Value: "None", Address: "0x0702")
Instruction cycle count set to 2
A |X |Y |SP |PC   |T/MT |NV-BDIZC |CYCLE
----------------------------------------
00|00|00|FE |0702 |1/3  |10100100 |10227
00|00|00|FE |0702 |2/3  |10100100 |10228
00|00|00|FE |0702 |3/3  |10100100 |10229


---------------
Opcode: 8D
ll: 00 hh: A0
Instruction:STA Addressing Mode:Absolute - Operand (Value: "0x00", Address: "0xA000")
Writing value 0x00 to address: 0xA000
0xA000: 0x00
Instruction cycle count set to 4
A |X |Y |SP |PC   |T/MT |NV-BDIZC |CYCLE
----------------------------------------
00|00|00|FE |0705 |1/4  |10100100 |10230
00|00|00|FE |0705 |2/4  |10100100 |10231
00|00|00|FE |0705 |3/4  |10100100 |10232
00|00|00|FE |0705 |4/4  |10100100 |10233


---------------
Opcode: 4A
Instruction:LSR Addressing Mode:Accumulator - Operand (Value: "0x00", Address: "None")
Instruction cycle count set to 2
A |X |Y |SP |PC   |T/MT |NV-BDIZC |CYCLE
----------------------------------------
00|00|00|FE |0706 |1/2  |00100110 |10234
00|00|00|FE |0706 |2/2  |00100110 |10235


---------------
Opcode: C9
ll: 02
Instruction:CMP Addressing Mode:Immediate - Operand (Value: "0x02", Address: "None")
Instruction cycle count set to 2
A |X |Y |SP |PC   |T/MT |NV-BDIZC |CYCLE
----------------------------------------
00|00|00|FE |0708 |1/2  |10100100 |10236
00|00|00|FE |0708 |2/2  |10100100 |10237


---------------
Opcode: D0
ll: F8
Old PC: 070A Offset:-8 New PC: 0702
Instruction:BNE Addressing Mode:Relative - Operand (Value: "None", Address: "0x0702")
Instruction cycle count set to 2
A |X |Y |SP |PC   |T/MT |NV-BDIZC |CYCLE
----------------------------------------
00|00|00|FE |0702 |1/3  |10100100 |10238
00|00|00|FE |0702 |2/3  |10100100 |10239
00|00|00|FE |0702 |3/3  |10100100 |10240


---------------
Opcode: 8D
ll: 00 hh: A0
Instruction:STA Addressing Mode:Absolute - Operand (Value: "0x00", Address: "0xA000")
Writing value 0x00 to address: 0xA000
0xA000: 0x00
Instruction cycle count set to 4
A |X |Y |SP |PC   |T/MT |NV-BDIZC |CYCLE
----------------------------------------
00|00|00|FE |0705 |1/4  |10100100 |10241
00|00|00|FE |0705 |2/4  |10100100 |10242
00|00|00|FE |0705 |3/4  |10100100 |10243
00|00|00|FE |0705 |4/4  |10100100 |10244


---------------
Opcode: 4A
Instruction:LSR Addressing Mode:Accumulator - Operand (Value: "0x00", Address: "None")
Instruction cycle count set to 2
A |X |Y |SP |PC   |T/MT |NV-BDIZC |CYCLE
----------------------------------------
00|00|00|FE |0706 |1/2  |00100110 |10245
00|00|00|FE |0706 |2/2  |00100110 |10246


---------------
Opcode: C9
ll: 02
Instruction:CMP Addressing Mode:Immediate - Operand (Value: "0x02", Address: "None")
Instruction cycle count set to 2
A |X |Y |SP |PC   |T/MT |NV-BDIZC |CYCLE
----------------------------------------
00|00|00|FE |0708 |1/2  |10100100 |10247
00|00|00|FE |0708 |2/2  |10100100 |10248


---------------
Opcode: D0
ll: F8
Old PC: 070A Offset:-8 New PC: 0702
Instruction:BNE Addressing Mode:Relative - Operand (Value: "None", Address: "0x0702")
Instruction cycle count set to 2
A |X |Y |SP |PC   |T/MT |NV-BDIZC |CYCLE
----------------------------------------
00|00|00|FE |0702 |1/3  |10100100 |10249
00|00|00|FE |0702 |2/3  |10100100 |10250
00|00|00|FE |0702 |3/3  |10100100 |10251


---------------
Opcode: 8D
ll: 00 hh: A0
Instruction:STA Addressing Mode:Absolute - Operand (Value: "0x00", Address: "0xA000")
Writing value 0x00 to address: 0xA000
0xA000: 0x00
Instruction cycle count set to 4
A |X |Y |SP |PC   |T/MT |NV-BDIZC |CYCLE
----------------------------------------
00|00|00|FE |0705 |1/4  |10100100 |10252
00|00|00|FE |0705 |2/4  |10100100 |10253
00|00|00|FE |0705 |3/4  |10100100 |10254
00|00|00|FE |0705 |4/4  |10100100 |10255


---------------
Opcode: 4A
Instruction:LSR Addressing Mode:Accumulator - Operand (Value: "0x00", Address: "None")
Instruction cycle count set to 2
A |X |Y |SP |PC   |T/MT |NV-BDIZC |CYCLE
----------------------------------------
00|00|00|FE |0706 |1/2  |00100110 |10256
00|00|00|FE |0706 |2/2  |00100110 |10257


---------------
Opcode: C9
ll: 02
Instruction:CMP Addressing Mode:Immediate - Operand (Value: "0x02", Address: "None")
Instruction cycle count set to 2
A |X |Y |SP |PC   |T/MT |NV-BDIZC |CYCLE
----------------------------------------
00|00|00|FE |0708 |1/2  |10100100 |10258
00|00|00|FE |0708 |2/2  |10100100 |10259


---------------
Opcode: D0
ll: F8
Old PC: 070A Offset:-8 New PC: 0702
Instruction:BNE Addressing Mode:Relative - Operand (Value: "None", Address: "0x0702")
Instruction cycle count set to 2
A |X |Y |SP |PC   |T/MT |NV-BDIZC |CYCLE
----------------------------------------
00|00|00|FE |0702 |1/3  |10100100 |10260
00|00|00|FE |0702 |2/3  |10100100 |10261
00|00|00|FE |0702 |3/3  |10100100 |10262


---------------
Opcode: 8D
ll: 00 hh: A0
Instruction:STA Addressing Mode:Absolute - Operand (Value: "0x00", Address: "0xA000")
Writing value 0x00 to address: 0xA000
0xA000: 0x00
Instruction cycle count set to 4
A |X |Y |SP |PC   |T/MT |NV-BDIZC |CYCLE
----------------------------------------
00|00|00|FE |0705 |1/4  |10100100 |10263
00|00|00|FE |0705 |2/4  |10100100 |10264
00|00|00|FE |0705 |3/4  |10100100 |10265
00|00|00|FE |0705 |4/4  |10100100 |10266


---------------
Opcode: 4A
Instruction:LSR Addressing Mode:Accumulator - Operand (Value: "0x00", Address: "None")
Instruction cycle count set to 2
A |X |Y |SP |PC   |T/MT |NV-BDIZC |CYCLE
----------------------------------------
00|00|00|FE |0706 |1/2  |00100110 |10267
00|00|00|FE |0706 |2/2  |00100110 |10268


---------------
Opcode: C9
ll: 02
Instruction:CMP Addressing Mode:Immediate - Operand (Value: "0x02", Address: "None")
Instruction cycle count set to 2
A |X |Y |SP |PC   |T/MT |NV-BDIZC |CYCLE
----------------------------------------
00|00|00|FE |0708 |1/2  |10100100 |10269
00|00|00|FE |0708 |2/2  |10100100 |10270


---------------
Opcode: D0
ll: F8
Old PC: 070A Offset:-8 New PC: 0702
Instruction:BNE Addressing Mode:Relative - Operand (Value: "None", Address: "0x0702")
Instruction cycle count set to 2
A |X |Y |SP |PC   |T/MT |NV-BDIZC |CYCLE
----------------------------------------
00|00|00|FE |0702 |1/3  |10100100 |10271
00|00|00|FE |0702 |2/3  |10100100 |10272
00|00|00|FE |0702 |3/3  |10100100 |10273


---------------
Opcode: 8D
ll: 00 hh: A0
Instruction:STA Addressing Mode:Absolute - Operand (Value: "0x00", Address: "0xA000")
Writing value 0x00 to address: 0xA000
0xA000: 0x00
Instruction cycle count set to 4
A |X |Y |SP |PC   |T/MT |NV-BDIZC |CYCLE
----------------------------------------
00|00|00|FE |0705 |1/4  |10100100 |10274
00|00|00|FE |0705 |2/4  |10100100 |10275
00|00|00|FE |0705 |3/4  |10100100 |10276
00|00|00|FE |0705 |4/4  |10100100 |10277


---------------
Opcode: 4A
Instruction:LSR Addressing Mode:Accumulator - Operand (Value: "0x00", Address: "None")
Instruction cycle count set to 2
A |X |Y |SP |PC   |T/MT |NV-BDIZC |CYCLE
----------------------------------------
00|00|00|FE |0706 |1/2  |00100110 |10278
00|00|00|FE |0706 |2/2  |00100110 |10279


---------------
Opcode: C9
ll: 02
Instruction:CMP Addressing Mode:Immediate - Operand (Value: "0x02", Address: "None")
Instruction cycle count set to 2
A |X |Y |SP |PC   |T/MT |NV-BDIZC |CYCLE
----------------------------------------
00|00|00|FE |0708 |1/2  |10100100 |10280
00|00|00|FE |0708 |2/2  |10100100 |10281


---------------
Opcode: D0
ll: F8
Old PC: 070A Offset:-8 New PC: 0702
Instruction:BNE Addressing Mode:Relative - Operand (Value: "None", Address: "0x0702")
Instruction cycle count set to 2
A |X |Y |SP |PC   |T/MT |NV-BDIZC |CYCLE
----------------------------------------
00|00|00|FE |0702 |1/3  |10100100 |10282
00|00|00|FE |0702 |2/3  |10100100 |10283
00|00|00|FE |0702 |3/3  |10100100 |10284


---------------
Opcode: 8D
ll: 00 hh: A0
Instruction:STA Addressing Mode:Absolute - Operand (Value: "0x00", Address: "0xA000")
Writing value 0x00 to address: 0xA000
0xA000: 0x00
Instruction cycle count set to 4
A |X |Y |SP |PC   |T/MT |NV-BDIZC |CYCLE
----------------------------------------
00|00|00|FE |0705 |1/4  |10100100 |10285
00|00|00|FE |0705 |2/4  |10100100 |10286
00|00|00|FE |0705 |3/4  |10100100 |10287
00|00|00|FE |0705 |4/4  |10100100 |10288


---------------
Opcode: 4A
Instruction:LSR Addressing Mode:Accumulator - Operand (Value: "0x00", Address: "None")
Instruction cycle count set to 2
A |X |Y |SP |PC   |T/MT |NV-BDIZC |CYCLE
----------------------------------------
00|00|00|FE |0706 |1/2  |00100110 |10289
00|00|00|FE |0706 |2/2  |00100110 |10290


---------------
Opcode: C9
ll: 02
Instruction:CMP Addressing Mode:Immediate - Operand (Value: "0x02", Address: "None")
Instruction cycle count set to 2
A |X |Y |SP |PC   |T/MT |NV-BDIZC |CYCLE
----------------------------------------
00|00|00|FE |0708 |1/2  |10100100 |10291
00|00|00|FE |0708 |2/2  |10100100 |10292


---------------
Opcode: D0
ll: F8
Old PC: 070A Offset:-8 New PC: 0702
Instruction:BNE Addressing Mode:Relative - Operand (Value: "None", Address: "0x0702")
Instruction cycle count set to 2
A |X |Y |SP |PC   |T/MT |NV-BDIZC |CYCLE
----------------------------------------
00|00|00|FE |0702 |1/3  |10100100 |10293
00|00|00|FE |0702 |2/3  |10100100 |10294
00|00|00|FE |0702 |3/3  |10100100 |10295


---------------
Opcode: 8D
ll: 00 hh: A0
Instruction:STA Addressing Mode:Absolute - Operand (Value: "0x00", Address: "0xA000")
Writing value 0x00 to address: 0xA000
0xA000: 0x00
Instruction cycle count set to 4
A |X |Y |SP |PC   |T/MT |NV-BDIZC |CYCLE
----------------------------------------
00|00|00|FE |0705 |1/4  |10100100 |10296
00|00|00|FE |0705 |2/4  |10100100 |10297
00|00|00|FE |0705 |3/4  |10100100 |10298
00|00|00|FE |0705 |4/4  |10100100 |10299


---------------
Opcode: 4A
Instruction:LSR Addressing Mode:Accumulator - Operand (Value: "0x00", Address: "None")
Instruction cycle count set to 2
A |X |Y |SP |PC   |T/MT |NV-BDIZC |CYCLE
----------------------------------------
00|00|00|FE |0706 |1/2  |00100110 |10300
00|00|00|FE |0706 |2/2  |00100110 |10301


---------------
Opcode: C9
ll: 02
Instruction:CMP Addressing Mode:Immediate - Operand (Value: "0x02", Address: "None")
Instruction cycle count set to 2
A |X |Y |SP |PC   |T/MT |NV-BDIZC |CYCLE
----------------------------------------
00|00|00|FE |0708 |1/2  |10100100 |10302
00|00|00|FE |0708 |2/2  |10100100 |10303


---------------
Opcode: D0
ll: F8
Old PC: 070A Offset:-8 New PC: 0702
Instruction:BNE Addressing Mode:Relative - Operand (Value: "None", Address: "0x0702")
Instruction cycle count set to 2
A |X |Y |SP |PC   |T/MT |NV-BDIZC |CYCLE
----------------------------------------
00|00|00|FE |0702 |1/3  |10100100 |10304
00|00|00|FE |0702 |2/3  |10100100 |10305
00|00|00|FE |0702 |3/3  |10100100 |10306


---------------
Opcode: 8D
ll: 00 hh: A0
Instruction:STA Addressing Mode:Absolute - Operand (Value: "0x00", Address: "0xA000")
Writing value 0x00 to address: 0xA000
0xA000: 0x00
Instruction cycle count set to 4
A |X |Y |SP |PC   |T/MT |NV-BDIZC |CYCLE
----------------------------------------
00|00|00|FE |0705 |1/4  |10100100 |10307
00|00|00|FE |0705 |2/4  |10100100 |10308
00|00|00|FE |0705 |3/4  |10100100 |10309
00|00|00|FE |0705 |4/4  |10100100 |10310


---------------
Opcode: 4A
Instruction:LSR Addressing Mode:Accumulator - Operand (Value: "0x00", Address: "None")
Instruction cycle count set to 2
A |X |Y |SP |PC   |T/MT |NV-BDIZC |CYCLE
----------------------------------------
00|00|00|FE |0706 |1/2  |00100110 |10311
00|00|00|FE |0706 |2/2  |00100110 |10312


---------------
Opcode: C9
ll: 02
Instruction:CMP Addressing Mode:Immediate - Operand (Value: "0x02", Address: "None")
Instruction cycle count set to 2
A |X |Y |SP |PC   |T/MT |NV-BDIZC |CYCLE
----------------------------------------
00|00|00|FE |0708 |1/2  |10100100 |10313
00|00|00|FE |0708 |2/2  |10100100 |10314


---------------
Opcode: D0
ll: F8
Old PC: 070A Offset:-8 New PC: 0702
Instruction:BNE Addressing Mode:Relative - Operand (Value: "None", Address: "0x0702")
Instruction cycle count set to 2
A |X |Y |SP |PC   |T/MT |NV-BDIZC |CYCLE
----------------------------------------
00|00|00|FE |0702 |1/3  |10100100 |10315
00|00|00|FE |0702 |2/3  |10100100 |10316
00|00|00|FE |0702 |3/3  |10100100 |10317


---------------
Opcode: 8D
ll: 00 hh: A0
Instruction:STA Addressing Mode:Absolute - Operand (Value: "0x00", Address: "0xA000")
Writing value 0x00 to address: 0xA000
0xA000: 0x00
Instruction cycle count set to 4
A |X |Y |SP |PC   |T/MT |NV-BDIZC |CYCLE
----------------------------------------
00|00|00|FE |0705 |1/4  |10100100 |10318
00|00|00|FE |0705 |2/4  |10100100 |10319
00|00|00|FE |0705 |3/4  |10100100 |10320
00|00|00|FE |0705 |4/4  |10100100 |10321


---------------
Opcode: 4A
Instruction:LSR Addressing Mode:Accumulator - Operand (Value: "0x00", Address: "None")
Instruction cycle count set to 2
A |X |Y |SP |PC   |T/MT |NV-BDIZC |CYCLE
----------------------------------------
00|00|00|FE |0706 |1/2  |00100110 |10322
00|00|00|FE |0706 |2/2  |00100110 |10323


---------------
Opcode: C9
ll: 02
Instruction:CMP Addressing Mode:Immediate - Operand (Value: "0x02", Address: "None")
Instruction cycle count set to 2
A |X |Y |SP |PC   |T/MT |NV-BDIZC |CYCLE
----------------------------------------
00|00|00|FE |0708 |1/2  |10100100 |10324
00|00|00|FE |0708 |2/2  |10100100 |10325


---------------
Opcode: D0
ll: F8
Old PC: 070A Offset:-8 New PC: 0702
Instruction:BNE Addressing Mode:Relative - Operand (Value: "None", Address: "0x0702")
Instruction cycle count set to 2
A |X |Y |SP |PC   |T/MT |NV-BDIZC |CYCLE
----------------------------------------
00|00|00|FE |0702 |1/3  |10100100 |10326
00|00|00|FE |0702 |2/3  |10100100 |10327
00|00|00|FE |0702 |3/3  |10100100 |10328


---------------
Opcode: 8D
ll: 00 hh: A0
Instruction:STA Addressing Mode:Absolute - Operand (Value: "0x00", Address: "0xA000")
Writing value 0x00 to address: 0xA000
0xA000: 0x00
Instruction cycle count set to 4
A |X |Y |SP |PC   |T/MT |NV-BDIZC |CYCLE
----------------------------------------
00|00|00|FE |0705 |1/4  |10100100 |10329
00|00|00|FE |0705 |2/4  |10100100 |10330
00|00|00|FE |0705 |3/4  |10100100 |10331
00|00|00|FE |0705 |4/4  |10100100 |10332


---------------
Opcode: 4A
Instruction:LSR Addressing Mode:Accumulator - Operand (Value: "0x00", Address: "None")
Instruction cycle count set to 2
A |X |Y |SP |PC   |T/MT |NV-BDIZC |CYCLE
----------------------------------------
00|00|00|FE |0706 |1/2  |00100110 |10333
00|00|00|FE |0706 |2/2  |00100110 |10334


---------------
Opcode: C9
ll: 02
Instruction:CMP Addressing Mode:Immediate - Operand (Value: "0x02", Address: "None")
Instruction cycle count set to 2
A |X |Y |SP |PC   |T/MT |NV-BDIZC |CYCLE
----------------------------------------
00|00|00|FE |0708 |1/2  |10100100 |10335
00|00|00|FE |0708 |2/2  |10100100 |10336


---------------
Opcode: D0
ll: F8
Old PC: 070A Offset:-8 New PC: 0702
Instruction:BNE Addressing Mode:Relative - Operand (Value: "None", Address: "0x0702")
Instruction cycle count set to 2
A |X |Y |SP |PC   |T/MT |NV-BDIZC |CYCLE
----------------------------------------
00|00|00|FE |0702 |1/3  |10100100 |10337
00|00|00|FE |0702 |2/3  |10100100 |10338
00|00|00|FE |0702 |3/3  |10100100 |10339


---------------
Opcode: 8D
ll: 00 hh: A0
Instruction:STA Addressing Mode:Absolute - Operand (Value: "0x00", Address: "0xA000")
Writing value 0x00 to address: 0xA000
0xA000: 0x00
Instruction cycle count set to 4
A |X |Y |SP |PC   |T/MT |NV-BDIZC |CYCLE
----------------------------------------
00|00|00|FE |0705 |1/4  |10100100 |10340
00|00|00|FE |0705 |2/4  |10100100 |10341
00|00|00|FE |0705 |3/4  |10100100 |10342
00|00|00|FE |0705 |4/4  |10100100 |10343


---------------
Opcode: 4A
Instruction:LSR Addressing Mode:Accumulator - Operand (Value: "0x00", Address: "None")
Instruction cycle count set to 2
A |X |Y |SP |PC   |T/MT |NV-BDIZC |CYCLE
----------------------------------------
00|00|00|FE |0706 |1/2  |00100110 |10344
00|00|00|FE |0706 |2/2  |00100110 |10345


---------------
Opcode: C9
ll: 02
Instruction:CMP Addressing Mode:Immediate - Operand (Value: "0x02", Address: "None")
Instruction cycle count set to 2
A |X |Y |SP |PC   |T/MT |NV-BDIZC |CYCLE
----------------------------------------
00|00|00|FE |0708 |1/2  |10100100 |10346
00|00|00|FE |0708 |2/2  |10100100 |10347


---------------
Opcode: D0
ll: F8
Old PC: 070A Offset:-8 New PC: 0702
Instruction:BNE Addressing Mode:Relative - Operand (Value: "None", Address: "0x0702")
Instruction cycle count set to 2
A |X |Y |SP |PC   |T/MT |NV-BDIZC |CYCLE
----------------------------------------
00|00|00|FE |0702 |1/3  |10100100 |10348
00|00|00|FE |0702 |2/3  |10100100 |10349
00|00|00|FE |0702 |3/3  |10100100 |10350


---------------
Opcode: 8D
ll: 00 hh: A0
Instruction:STA Addressing Mode:Absolute - Operand (Value: "0x00", Address: "0xA000")
Writing value 0x00 to address: 0xA000
0xA000: 0x00
Instruction cycle count set to 4
A |X |Y |SP |PC   |T/MT |NV-BDIZC |CYCLE
----------------------------------------
00|00|00|FE |0705 |1/4  |10100100 |10351
00|00|00|FE |0705 |2/4  |10100100 |10352
00|00|00|FE |0705 |3/4  |10100100 |10353
00|00|00|FE |0705 |4/4  |10100100 |10354


---------------
Opcode: 4A
Instruction:LSR Addressing Mode:Accumulator - Operand (Value: "0x00", Address: "None")
Instruction cycle count set to 2
A |X |Y |SP |PC   |T/MT |NV-BDIZC |CYCLE
----------------------------------------
00|00|00|FE |0706 |1/2  |00100110 |10355
00|00|00|FE |0706 |2/2  |00100110 |10356


---------------
Opcode: C9
ll: 02
Instruction:CMP Addressing Mode:Immediate - Operand (Value: "0x02", Address: "None")
Instruction cycle count set to 2
A |X |Y |SP |PC   |T/MT |NV-BDIZC |CYCLE
----------------------------------------
00|00|00|FE |0708 |1/2  |10100100 |10357
00|00|00|FE |0708 |2/2  |10100100 |10358


---------------
Opcode: D0
ll: F8
Old PC: 070A Offset:-8 New PC: 0702
Instruction:BNE Addressing Mode:Relative - Operand (Value: "None", Address: "0x0702")
Instruction cycle count set to 2
A |X |Y |SP |PC   |T/MT |NV-BDIZC |CYCLE
----------------------------------------
00|00|00|FE |0702 |1/3  |10100100 |10359
00|00|00|FE |0702 |2/3  |10100100 |10360
00|00|00|FE |0702 |3/3  |10100100 |10361


---------------
Opcode: 8D
ll: 00 hh: A0
Instruction:STA Addressing Mode:Absolute - Operand (Value: "0x00", Address: "0xA000")
Writing value 0x00 to address: 0xA000
0xA000: 0x00
Instruction cycle count set to 4
A |X |Y |SP |PC   |T/MT |NV-BDIZC |CYCLE
----------------------------------------
00|00|00|FE |0705 |1/4  |10100100 |10362
00|00|00|FE |0705 |2/4  |10100100 |10363
00|00|00|FE |0705 |3/4  |10100100 |10364
00|00|00|FE |0705 |4/4  |10100100 |10365


---------------
Opcode: 4A
Instruction:LSR Addressing Mode:Accumulator - Operand (Value: "0x00", Address: "None")
Instruction cycle count set to 2
A |X |Y |SP |PC   |T/MT |NV-BDIZC |CYCLE
----------------------------------------
00|00|00|FE |0706 |1/2  |00100110 |10366
00|00|00|FE |0706 |2/2  |00100110 |10367


---------------
Opcode: C9
ll: 02
Instruction:CMP Addressing Mode:Immediate - Operand (Value: "0x02", Address: "None")
Instruction cycle count set to 2
A |X |Y |SP |PC   |T/MT |NV-BDIZC |CYCLE
----------------------------------------
00|00|00|FE |0708 |1/2  |10100100 |10368
00|00|00|FE |0708 |2/2  |10100100 |10369


---------------
Opcode: D0
ll: F8
Old PC: 070A Offset:-8 New PC: 0702
Instruction:BNE Addressing Mode:Relative - Operand (Value: "None", Address: "0x0702")
Instruction cycle count set to 2
A |X |Y |SP |PC   |T/MT |NV-BDIZC |CYCLE
----------------------------------------
00|00|00|FE |0702 |1/3  |10100100 |10370
00|00|00|FE |0702 |2/3  |10100100 |10371
00|00|00|FE |0702 |3/3  |10100100 |10372


---------------
Opcode: 8D
ll: 00 hh: A0
Instruction:STA Addressing Mode:Absolute - Operand (Value: "0x00", Address: "0xA000")
Writing value 0x00 to address: 0xA000
0xA000: 0x00
Instruction cycle count set to 4
A |X |Y |SP |PC   |T/MT |NV-BDIZC |CYCLE
----------------------------------------
00|00|00|FE |0705 |1/4  |10100100 |10373
00|00|00|FE |0705 |2/4  |10100100 |10374
00|00|00|FE |0705 |3/4  |10100100 |10375
00|00|00|FE |0705 |4/4  |10100100 |10376


---------------
Opcode: 4A
Instruction:LSR Addressing Mode:Accumulator - Operand (Value: "0x00", Address: "None")
Instruction cycle count set to 2
A |X |Y |SP |PC   |T/MT |NV-BDIZC |CYCLE
----------------------------------------
00|00|00|FE |0706 |1/2  |00100110 |10377
00|00|00|FE |0706 |2/2  |00100110 |10378


---------------
Opcode: C9
ll: 02
Instruction:CMP Addressing Mode:Immediate - Operand (Value: "0x02", Address: "None")
Instruction cycle count set to 2
A |X |Y |SP |PC   |T/MT |NV-BDIZC |CYCLE
----------------------------------------
00|00|00|FE |0708 |1/2  |10100100 |10379
00|00|00|FE |0708 |2/2  |10100100 |10380


---------------
Opcode: D0
ll: F8
Old PC: 070A Offset:-8 New PC: 0702
Instruction:BNE Addressing Mode:Relative - Operand (Value: "None", Address: "0x0702")
Instruction cycle count set to 2
A |X |Y |SP |PC   |T/MT |NV-BDIZC |CYCLE
----------------------------------------
00|00|00|FE |0702 |1/3  |10100100 |10381
00|00|00|FE |0702 |2/3  |10100100 |10382
00|00|00|FE |0702 |3/3  |10100100 |10383


---------------
Opcode: 8D
ll: 00 hh: A0
Instruction:STA Addressing Mode:Absolute - Operand (Value: "0x00", Address: "0xA000")
Writing value 0x00 to address: 0xA000
0xA000: 0x00
Instruction cycle count set to 4
A |X |Y |SP |PC   |T/MT |NV-BDIZC |CYCLE
----------------------------------------
00|00|00|FE |0705 |1/4  |10100100 |10384
00|00|00|FE |0705 |2/4  |10100100 |10385
00|00|00|FE |0705 |3/4  |10100100 |10386
00|00|00|FE |0705 |4/4  |10100100 |10387


---------------
Opcode: 4A
Instruction:LSR Addressing Mode:Accumulator - Operand (Value: "0x00", Address: "None")
Instruction cycle count set to 2
A |X |Y |SP |PC   |T/MT |NV-BDIZC |CYCLE
----------------------------------------
00|00|00|FE |0706 |1/2  |00100110 |10388
00|00|00|FE |0706 |2/2  |00100110 |10389


---------------
Opcode: C9
ll: 02
Instruction:CMP Addressing Mode:Immediate - Operand (Value: "0x02", Address: "None")
Instruction cycle count set to 2
A |X |Y |SP |PC   |T/MT |NV-BDIZC |CYCLE
----------------------------------------
00|00|00|FE |0708 |1/2  |10100100 |10390
00|00|00|FE |0708 |2/2  |10100100 |10391


---------------
Opcode: D0
ll: F8
Old PC: 070A Offset:-8 New PC: 0702
Instruction:BNE Addressing Mode:Relative - Operand (Value: "None", Address: "0x0702")
Instruction cycle count set to 2
A |X |Y |SP |PC   |T/MT |NV-BDIZC |CYCLE
----------------------------------------
00|00|00|FE |0702 |1/3  |10100100 |10392
00|00|00|FE |0702 |2/3  |10100100 |10393
00|00|00|FE |0702 |3/3  |10100100 |10394


---------------
Opcode: 8D
ll: 00 hh: A0
Instruction:STA Addressing Mode:Absolute - Operand (Value: "0x00", Address: "0xA000")
Writing value 0x00 to address: 0xA000
0xA000: 0x00
Instruction cycle count set to 4
A |X |Y |SP |PC   |T/MT |NV-BDIZC |CYCLE
----------------------------------------
00|00|00|FE |0705 |1/4  |10100100 |10395
00|00|00|FE |0705 |2/4  |10100100 |10396
00|00|00|FE |0705 |3/4  |10100100 |10397
00|00|00|FE |0705 |4/4  |10100100 |10398


---------------
Opcode: 4A
Instruction:LSR Addressing Mode:Accumulator - Operand (Value: "0x00", Address: "None")
Instruction cycle count set to 2
A |X |Y |SP |PC   |T/MT |NV-BDIZC |CYCLE
----------------------------------------
00|00|00|FE |0706 |1/2  |00100110 |10399
00|00|00|FE |0706 |2/2  |00100110 |10400


---------------
Opcode: C9
ll: 02
Instruction:CMP Addressing Mode:Immediate - Operand (Value: "0x02", Address: "None")
Instruction cycle count set to 2
A |X |Y |SP |PC   |T/MT |NV-BDIZC |CYCLE
----------------------------------------
00|00|00|FE |0708 |1/2  |10100100 |10401
00|00|00|FE |0708 |2/2  |10100100 |10402


---------------
Opcode: D0
ll: F8
Old PC: 070A Offset:-8 New PC: 0702
Instruction:BNE Addressing Mode:Relative - Operand (Value: "None", Address: "0x0702")
Instruction cycle count set to 2
A |X |Y |SP |PC   |T/MT |NV-BDIZC |CYCLE
----------------------------------------
00|00|00|FE |0702 |1/3  |10100100 |10403
00|00|00|FE |0702 |2/3  |10100100 |10404
00|00|00|FE |0702 |3/3  |10100100 |10405


---------------
Opcode: 8D
ll: 00 hh: A0
Instruction:STA Addressing Mode:Absolute - Operand (Value: "0x00", Address: "0xA000")
Writing value 0x00 to address: 0xA000
0xA000: 0x00
Instruction cycle count set to 4
A |X |Y |SP |PC   |T/MT |NV-BDIZC |CYCLE
----------------------------------------
00|00|00|FE |0705 |1/4  |10100100 |10406
00|00|00|FE |0705 |2/4  |10100100 |10407
00|00|00|FE |0705 |3/4  |10100100 |10408
00|00|00|FE |0705 |4/4  |10100100 |10409


---------------
Opcode: 4A
Instruction:LSR Addressing Mode:Accumulator - Operand (Value: "0x00", Address: "None")
Instruction cycle count set to 2
A |X |Y |SP |PC   |T/MT |NV-BDIZC |CYCLE
----------------------------------------
00|00|00|FE |0706 |1/2  |00100110 |10410
00|00|00|FE |0706 |2/2  |00100110 |10411


---------------
Opcode: C9
ll: 02
Instruction:CMP Addressing Mode:Immediate - Operand (Value: "0x02", Address: "None")
Instruction cycle count set to 2
A |X |Y |SP |PC   |T/MT |NV-BDIZC |CYCLE
----------------------------------------
00|00|00|FE |0708 |1/2  |10100100 |10412
00|00|00|FE |0708 |2/2  |10100100 |10413


---------------
Opcode: D0
ll: F8
Old PC: 070A Offset:-8 New PC: 0702
Instruction:BNE Addressing Mode:Relative - Operand (Value: "None", Address: "0x0702")
Instruction cycle count set to 2
A |X |Y |SP |PC   |T/MT |NV-BDIZC |CYCLE
----------------------------------------
00|00|00|FE |0702 |1/3  |10100100 |10414
00|00|00|FE |0702 |2/3  |10100100 |10415
00|00|00|FE |0702 |3/3  |10100100 |10416


---------------
Opcode: 8D
ll: 00 hh: A0
Instruction:STA Addressing Mode:Absolute - Operand (Value: "0x00", Address: "0xA000")
Writing value 0x00 to address: 0xA000
0xA000: 0x00
Instruction cycle count set to 4
A |X |Y |SP |PC   |T/MT |NV-BDIZC |CYCLE
----------------------------------------
00|00|00|FE |0705 |1/4  |10100100 |10417
00|00|00|FE |0705 |2/4  |10100100 |10418
00|00|00|FE |0705 |3/4  |10100100 |10419
00|00|00|FE |0705 |4/4  |10100100 |10420


---------------
Opcode: 4A
Instruction:LSR Addressing Mode:Accumulator - Operand (Value: "0x00", Address: "None")
Instruction cycle count set to 2
A |X |Y |SP |PC   |T/MT |NV-BDIZC |CYCLE
----------------------------------------
00|00|00|FE |0706 |1/2  |00100110 |10421
00|00|00|FE |0706 |2/2  |00100110 |10422


---------------
Opcode: C9
ll: 02
Instruction:CMP Addressing Mode:Immediate - Operand (Value: "0x02", Address: "None")
Instruction cycle count set to 2
A |X |Y |SP |PC   |T/MT |NV-BDIZC |CYCLE
----------------------------------------
00|00|00|FE |0708 |1/2  |10100100 |10423
00|00|00|FE |0708 |2/2  |10100100 |10424


---------------
Opcode: D0
ll: F8
Old PC: 070A Offset:-8 New PC: 0702
Instruction:BNE Addressing Mode:Relative - Operand (Value: "None", Address: "0x0702")
Instruction cycle count set to 2
A |X |Y |SP |PC   |T/MT |NV-BDIZC |CYCLE
----------------------------------------
00|00|00|FE |0702 |1/3  |10100100 |10425
00|00|00|FE |0702 |2/3  |10100100 |10426
00|00|00|FE |0702 |3/3  |10100100 |10427


---------------
Opcode: 8D
ll: 00 hh: A0
Instruction:STA Addressing Mode:Absolute - Operand (Value: "0x00", Address: "0xA000")
Writing value 0x00 to address: 0xA000
0xA000: 0x00
Instruction cycle count set to 4
A |X |Y |SP |PC   |T/MT |NV-BDIZC |CYCLE
----------------------------------------
00|00|00|FE |0705 |1/4  |10100100 |10428
00|00|00|FE |0705 |2/4  |10100100 |10429
00|00|00|FE |0705 |3/4  |10100100 |10430
00|00|00|FE |0705 |4/4  |10100100 |10431


---------------
Opcode: 4A
Instruction:LSR Addressing Mode:Accumulator - Operand (Value: "0x00", Address: "None")
Instruction cycle count set to 2
A |X |Y |SP |PC   |T/MT |NV-BDIZC |CYCLE
----------------------------------------
00|00|00|FE |0706 |1/2  |00100110 |10432
00|00|00|FE |0706 |2/2  |00100110 |10433


---------------
Opcode: C9
ll: 02
Instruction:CMP Addressing Mode:Immediate - Operand (Value: "0x02", Address: "None")
Instruction cycle count set to 2
A |X |Y |SP |PC   |T/MT |NV-BDIZC |CYCLE
----------------------------------------
00|00|00|FE |0708 |1/2  |10100100 |10434
00|00|00|FE |0708 |2/2  |10100100 |10435


---------------
Opcode: D0
ll: F8
Old PC: 070A Offset:-8 New PC: 0702
Instruction:BNE Addressing Mode:Relative - Operand (Value: "None", Address: "0x0702")
Instruction cycle count set to 2
A |X |Y |SP |PC   |T/MT |NV-BDIZC |CYCLE
----------------------------------------
00|00|00|FE |0702 |1/3  |10100100 |10436
00|00|00|FE |0702 |2/3  |10100100 |10437
00|00|00|FE |0702 |3/3  |10100100 |10438


---------------
Opcode: 8D
ll: 00 hh: A0
Instruction:STA Addressing Mode:Absolute - Operand (Value: "0x00", Address: "0xA000")
Writing value 0x00 to address: 0xA000
0xA000: 0x00
Instruction cycle count set to 4
A |X |Y |SP |PC   |T/MT |NV-BDIZC |CYCLE
----------------------------------------
00|00|00|FE |0705 |1/4  |10100100 |10439
00|00|00|FE |0705 |2/4  |10100100 |10440
00|00|00|FE |0705 |3/4  |10100100 |10441
00|00|00|FE |0705 |4/4  |10100100 |10442


---------------
Opcode: 4A
Instruction:LSR Addressing Mode:Accumulator - Operand (Value: "0x00", Address: "None")
Instruction cycle count set to 2
A |X |Y |SP |PC   |T/MT |NV-BDIZC |CYCLE
----------------------------------------
00|00|00|FE |0706 |1/2  |00100110 |10443
00|00|00|FE |0706 |2/2  |00100110 |10444


---------------
Opcode: C9
ll: 02
Instruction:CMP Addressing Mode:Immediate - Operand (Value: "0x02", Address: "None")
Instruction cycle count set to 2
A |X |Y |SP |PC   |T/MT |NV-BDIZC |CYCLE
----------------------------------------
00|00|00|FE |0708 |1/2  |10100100 |10445
00|00|00|FE |0708 |2/2  |10100100 |10446


---------------
Opcode: D0
ll: F8
Old PC: 070A Offset:-8 New PC: 0702
Instruction:BNE Addressing Mode:Relative - Operand (Value: "None", Address: "0x0702")
Instruction cycle count set to 2
A |X |Y |SP |PC   |T/MT |NV-BDIZC |CYCLE
----------------------------------------
00|00|00|FE |0702 |1/3  |10100100 |10447
00|00|00|FE |0702 |2/3  |10100100 |10448
00|00|00|FE |0702 |3/3  |10100100 |10449


---------------
Opcode: 8D
ll: 00 hh: A0
Instruction:STA Addressing Mode:Absolute - Operand (Value: "0x00", Address: "0xA000")
Writing value 0x00 to address: 0xA000
0xA000: 0x00
Instruction cycle count set to 4
A |X |Y |SP |PC   |T/MT |NV-BDIZC |CYCLE
----------------------------------------
00|00|00|FE |0705 |1/4  |10100100 |10450
00|00|00|FE |0705 |2/4  |10100100 |10451
00|00|00|FE |0705 |3/4  |10100100 |10452
00|00|00|FE |0705 |4/4  |10100100 |10453


---------------
Opcode: 4A
Instruction:LSR Addressing Mode:Accumulator - Operand (Value: "0x00", Address: "None")
Instruction cycle count set to 2
A |X |Y |SP |PC   |T/MT |NV-BDIZC |CYCLE
----------------------------------------
00|00|00|FE |0706 |1/2  |00100110 |10454
00|00|00|FE |0706 |2/2  |00100110 |10455


---------------
Opcode: C9
ll: 02
Instruction:CMP Addressing Mode:Immediate - Operand (Value: "0x02", Address: "None")
Instruction cycle count set to 2
A |X |Y |SP |PC   |T/MT |NV-BDIZC |CYCLE
----------------------------------------
00|00|00|FE |0708 |1/2  |10100100 |10456
00|00|00|FE |0708 |2/2  |10100100 |10457


---------------
Opcode: D0
ll: F8
Old PC: 070A Offset:-8 New PC: 0702
Instruction:BNE Addressing Mode:Relative - Operand (Value: "None", Address: "0x0702")
Instruction cycle count set to 2
A |X |Y |SP |PC   |T/MT |NV-BDIZC |CYCLE
----------------------------------------
00|00|00|FE |0702 |1/3  |10100100 |10458
00|00|00|FE |0702 |2/3  |10100100 |10459
00|00|00|FE |0702 |3/3  |10100100 |10460


---------------
Opcode: 8D
ll: 00 hh: A0
Instruction:STA Addressing Mode:Absolute - Operand (Value: "0x00", Address: "0xA000")
Writing value 0x00 to address: 0xA000
0xA000: 0x00
Instruction cycle count set to 4
A |X |Y |SP |PC   |T/MT |NV-BDIZC |CYCLE
----------------------------------------
00|00|00|FE |0705 |1/4  |10100100 |10461
00|00|00|FE |0705 |2/4  |10100100 |10462
00|00|00|FE |0705 |3/4  |10100100 |10463
00|00|00|FE |0705 |4/4  |10100100 |10464


---------------
Opcode: 4A
Instruction:LSR Addressing Mode:Accumulator - Operand (Value: "0x00", Address: "None")
Instruction cycle count set to 2
A |X |Y |SP |PC   |T/MT |NV-BDIZC |CYCLE
----------------------------------------
00|00|00|FE |0706 |1/2  |00100110 |10465
00|00|00|FE |0706 |2/2  |00100110 |10466


---------------
Opcode: C9
ll: 02
Instruction:CMP Addressing Mode:Immediate - Operand (Value: "0x02", Address: "None")
Instruction cycle count set to 2
A |X |Y |SP |PC   |T/MT |NV-BDIZC |CYCLE
----------------------------------------
00|00|00|FE |0708 |1/2  |10100100 |10467
00|00|00|FE |0708 |2/2  |10100100 |10468


---------------
Opcode: D0
ll: F8
Old PC: 070A Offset:-8 New PC: 0702
Instruction:BNE Addressing Mode:Relative - Operand (Value: "None", Address: "0x0702")
Instruction cycle count set to 2
A |X |Y |SP |PC   |T/MT |NV-BDIZC |CYCLE
----------------------------------------
00|00|00|FE |0702 |1/3  |10100100 |10469
00|00|00|FE |0702 |2/3  |10100100 |10470
00|00|00|FE |0702 |3/3  |10100100 |10471


---------------
Opcode: 8D
ll: 00 hh: A0
Instruction:STA Addressing Mode:Absolute - Operand (Value: "0x00", Address: "0xA000")
Writing value 0x00 to address: 0xA000
0xA000: 0x00
Instruction cycle count set to 4
A |X |Y |SP |PC   |T/MT |NV-BDIZC |CYCLE
----------------------------------------
00|00|00|FE |0705 |1/4  |10100100 |10472
00|00|00|FE |0705 |2/4  |10100100 |10473
00|00|00|FE |0705 |3/4  |10100100 |10474
00|00|00|FE |0705 |4/4  |10100100 |10475


---------------
Opcode: 4A
Instruction:LSR Addressing Mode:Accumulator - Operand (Value: "0x00", Address: "None")
Instruction cycle count set to 2
A |X |Y |SP |PC   |T/MT |NV-BDIZC |CYCLE
----------------------------------------
00|00|00|FE |0706 |1/2  |00100110 |10476
00|00|00|FE |0706 |2/2  |00100110 |10477


---------------
Opcode: C9
ll: 02
Instruction:CMP Addressing Mode:Immediate - Operand (Value: "0x02", Address: "None")
Instruction cycle count set to 2
A |X |Y |SP |PC   |T/MT |NV-BDIZC |CYCLE
----------------------------------------
00|00|00|FE |0708 |1/2  |10100100 |10478
00|00|00|FE |0708 |2/2  |10100100 |10479


---------------
Opcode: D0
ll: F8
Old PC: 070A Offset:-8 New PC: 0702
Instruction:BNE Addressing Mode:Relative - Operand (Value: "None", Address: "0x0702")
Instruction cycle count set to 2
A |X |Y |SP |PC   |T/MT |NV-BDIZC |CYCLE
----------------------------------------
00|00|00|FE |0702 |1/3  |10100100 |10480
00|00|00|FE |0702 |2/3  |10100100 |10481
00|00|00|FE |0702 |3/3  |10100100 |10482


---------------
Opcode: 8D
ll: 00 hh: A0
Instruction:STA Addressing Mode:Absolute - Operand (Value: "0x00", Address: "0xA000")
Writing value 0x00 to address: 0xA000
0xA000: 0x00
Instruction cycle count set to 4
A |X |Y |SP |PC   |T/MT |NV-BDIZC |CYCLE
----------------------------------------
00|00|00|FE |0705 |1/4  |10100100 |10483
00|00|00|FE |0705 |2/4  |10100100 |10484
00|00|00|FE |0705 |3/4  |10100100 |10485
00|00|00|FE |0705 |4/4  |10100100 |10486


---------------
Opcode: 4A
Instruction:LSR Addressing Mode:Accumulator - Operand (Value: "0x00", Address: "None")
Instruction cycle count set to 2
A |X |Y |SP |PC   |T/MT |NV-BDIZC |CYCLE
----------------------------------------
00|00|00|FE |0706 |1/2  |00100110 |10487
00|00|00|FE |0706 |2/2  |00100110 |10488


---------------
Opcode: C9
ll: 02
Instruction:CMP Addressing Mode:Immediate - Operand (Value: "0x02", Address: "None")
Instruction cycle count set to 2
A |X |Y |SP |PC   |T/MT |NV-BDIZC |CYCLE
----------------------------------------
00|00|00|FE |0708 |1/2  |10100100 |10489
00|00|00|FE |0708 |2/2  |10100100 |10490


---------------
Opcode: D0
ll: F8
Old PC: 070A Offset:-8 New PC: 0702
Instruction:BNE Addressing Mode:Relative - Operand (Value: "None", Address: "0x0702")
Instruction cycle count set to 2
A |X |Y |SP |PC   |T/MT |NV-BDIZC |CYCLE
----------------------------------------
00|00|00|FE |0702 |1/3  |10100100 |10491
00|00|00|FE |0702 |2/3  |10100100 |10492
00|00|00|FE |0702 |3/3  |10100100 |10493


---------------
Opcode: 8D
ll: 00 hh: A0
Instruction:STA Addressing Mode:Absolute - Operand (Value: "0x00", Address: "0xA000")
Writing value 0x00 to address: 0xA000
0xA000: 0x00
Instruction cycle count set to 4
A |X |Y |SP |PC   |T/MT |NV-BDIZC |CYCLE
----------------------------------------
00|00|00|FE |0705 |1/4  |10100100 |10494
00|00|00|FE |0705 |2/4  |10100100 |10495
00|00|00|FE |0705 |3/4  |10100100 |10496
00|00|00|FE |0705 |4/4  |10100100 |10497


---------------
Opcode: 4A
Instruction:LSR Addressing Mode:Accumulator - Operand (Value: "0x00", Address: "None")
Instruction cycle count set to 2
A |X |Y |SP |PC   |T/MT |NV-BDIZC |CYCLE
----------------------------------------
00|00|00|FE |0706 |1/2  |00100110 |10498
00|00|00|FE |0706 |2/2  |00100110 |10499


---------------
Opcode: C9
ll: 02
Instruction:CMP Addressing Mode:Immediate - Operand (Value: "0x02", Address: "None")
Instruction cycle count set to 2
A |X |Y |SP |PC   |T/MT |NV-BDIZC |CYCLE
----------------------------------------
00|00|00|FE |0708 |1/2  |10100100 |10500
00|00|00|FE |0708 |2/2  |10100100 |10501


---------------
Opcode: D0
ll: F8
Old PC: 070A Offset:-8 New PC: 0702
Instruction:BNE Addressing Mode:Relative - Operand (Value: "None", Address: "0x0702")
Instruction cycle count set to 2
A |X |Y |SP |PC   |T/MT |NV-BDIZC |CYCLE
----------------------------------------
00|00|00|FE |0702 |1/3  |10100100 |10502
00|00|00|FE |0702 |2/3  |10100100 |10503
00|00|00|FE |0702 |3/3  |10100100 |10504


---------------
Opcode: 8D
ll: 00 hh: A0
Instruction:STA Addressing Mode:Absolute - Operand (Value: "0x00", Address: "0xA000")
Writing value 0x00 to address: 0xA000
0xA000: 0x00
Instruction cycle count set to 4
A |X |Y |SP |PC   |T/MT |NV-BDIZC |CYCLE
----------------------------------------
00|00|00|FE |0705 |1/4  |10100100 |10505
00|00|00|FE |0705 |2/4  |10100100 |10506
00|00|00|FE |0705 |3/4  |10100100 |10507
00|00|00|FE |0705 |4/4  |10100100 |10508


---------------
Opcode: 4A
Instruction:LSR Addressing Mode:Accumulator - Operand (Value: "0x00", Address: "None")
Instruction cycle count set to 2
A |X |Y |SP |PC   |T/MT |NV-BDIZC |CYCLE
----------------------------------------
00|00|00|FE |0706 |1/2  |00100110 |10509
00|00|00|FE |0706 |2/2  |00100110 |10510


---------------
Opcode: C9
ll: 02
Instruction:CMP Addressing Mode:Immediate - Operand (Value: "0x02", Address: "None")
Instruction cycle count set to 2
A |X |Y |SP |PC   |T/MT |NV-BDIZC |CYCLE
----------------------------------------
00|00|00|FE |0708 |1/2  |10100100 |10511
00|00|00|FE |0708 |2/2  |10100100 |10512


---------------
Opcode: D0
ll: F8
Old PC: 070A Offset:-8 New PC: 0702
Instruction:BNE Addressing Mode:Relative - Operand (Value: "None", Address: "0x0702")
Instruction cycle count set to 2
A |X |Y |SP |PC   |T/MT |NV-BDIZC |CYCLE
----------------------------------------
00|00|00|FE |0702 |1/3  |10100100 |10513
00|00|00|FE |0702 |2/3  |10100100 |10514
00|00|00|FE |0702 |3/3  |10100100 |10515


---------------
Opcode: 8D
ll: 00 hh: A0
Instruction:STA Addressing Mode:Absolute - Operand (Value: "0x00", Address: "0xA000")
Writing value 0x00 to address: 0xA000
0xA000: 0x00
Instruction cycle count set to 4
A |X |Y |SP |PC   |T/MT |NV-BDIZC |CYCLE
----------------------------------------
00|00|00|FE |0705 |1/4  |10100100 |10516
00|00|00|FE |0705 |2/4  |10100100 |10517
00|00|00|FE |0705 |3/4  |10100100 |10518
00|00|00|FE |0705 |4/4  |10100100 |10519


---------------
Opcode: 4A
Instruction:LSR Addressing Mode:Accumulator - Operand (Value: "0x00", Address: "None")
Instruction cycle count set to 2
A |X |Y |SP |PC   |T/MT |NV-BDIZC |CYCLE
----------------------------------------
00|00|00|FE |0706 |1/2  |00100110 |10520
00|00|00|FE |0706 |2/2  |00100110 |10521


---------------
Opcode: C9
ll: 02
Instruction:CMP Addressing Mode:Immediate - Operand (Value: "0x02", Address: "None")
Instruction cycle count set to 2
A |X |Y |SP |PC   |T/MT |NV-BDIZC |CYCLE
----------------------------------------
00|00|00|FE |0708 |1/2  |10100100 |10522
00|00|00|FE |0708 |2/2  |10100100 |10523


---------------
Opcode: D0
ll: F8
Old PC: 070A Offset:-8 New PC: 0702
Instruction:BNE Addressing Mode:Relative - Operand (Value: "None", Address: "0x0702")
Instruction cycle count set to 2
A |X |Y |SP |PC   |T/MT |NV-BDIZC |CYCLE
----------------------------------------
00|00|00|FE |0702 |1/3  |10100100 |10524
00|00|00|FE |0702 |2/3  |10100100 |10525
00|00|00|FE |0702 |3/3  |10100100 |10526


---------------
Opcode: 8D
ll: 00 hh: A0
Instruction:STA Addressing Mode:Absolute - Operand (Value: "0x00", Address: "0xA000")
Writing value 0x00 to address: 0xA000
0xA000: 0x00
Instruction cycle count set to 4
A |X |Y |SP |PC   |T/MT |NV-BDIZC |CYCLE
----------------------------------------
00|00|00|FE |0705 |1/4  |10100100 |10527
00|00|00|FE |0705 |2/4  |10100100 |10528
00|00|00|FE |0705 |3/4  |10100100 |10529
00|00|00|FE |0705 |4/4  |10100100 |10530


---------------
Opcode: 4A
Instruction:LSR Addressing Mode:Accumulator - Operand (Value: "0x00", Address: "None")
Instruction cycle count set to 2
A |X |Y |SP |PC   |T/MT |NV-BDIZC |CYCLE
----------------------------------------
00|00|00|FE |0706 |1/2  |00100110 |10531
00|00|00|FE |0706 |2/2  |00100110 |10532


---------------
Opcode: C9
ll: 02
Instruction:CMP Addressing Mode:Immediate - Operand (Value: "0x02", Address: "None")
Instruction cycle count set to 2
A |X |Y |SP |PC   |T/MT |NV-BDIZC |CYCLE
----------------------------------------
00|00|00|FE |0708 |1/2  |10100100 |10533
00|00|00|FE |0708 |2/2  |10100100 |10534


---------------
Opcode: D0
ll: F8
Old PC: 070A Offset:-8 New PC: 0702
Instruction:BNE Addressing Mode:Relative - Operand (Value: "None", Address: "0x0702")
Instruction cycle count set to 2
A |X |Y |SP |PC   |T/MT |NV-BDIZC |CYCLE
----------------------------------------
00|00|00|FE |0702 |1/3  |10100100 |10535
00|00|00|FE |0702 |2/3  |10100100 |10536
00|00|00|FE |0702 |3/3  |10100100 |10537


---------------
Opcode: 8D
ll: 00 hh: A0
Instruction:STA Addressing Mode:Absolute - Operand (Value: "0x00", Address: "0xA000")
Writing value 0x00 to address: 0xA000
0xA000: 0x00
Instruction cycle count set to 4
A |X |Y |SP |PC   |T/MT |NV-BDIZC |CYCLE
----------------------------------------
00|00|00|FE |0705 |1/4  |10100100 |10538
00|00|00|FE |0705 |2/4  |10100100 |10539
00|00|00|FE |0705 |3/4  |10100100 |10540
00|00|00|FE |0705 |4/4  |10100100 |10541


---------------
Opcode: 4A
Instruction:LSR Addressing Mode:Accumulator - Operand (Value: "0x00", Address: "None")
Instruction cycle count set to 2
A |X |Y |SP |PC   |T/MT |NV-BDIZC |CYCLE
----------------------------------------
00|00|00|FE |0706 |1/2  |00100110 |10542
00|00|00|FE |0706 |2/2  |00100110 |10543


---------------
Opcode: C9
ll: 02
Instruction:CMP Addressing Mode:Immediate - Operand (Value: "0x02", Address: "None")
Instruction cycle count set to 2
A |X |Y |SP |PC   |T/MT |NV-BDIZC |CYCLE
----------------------------------------
00|00|00|FE |0708 |1/2  |10100100 |10544
00|00|00|FE |0708 |2/2  |10100100 |10545


---------------
Opcode: D0
ll: F8
Old PC: 070A Offset:-8 New PC: 0702
Instruction:BNE Addressing Mode:Relative - Operand (Value: "None", Address: "0x0702")
Instruction cycle count set to 2
A |X |Y |SP |PC   |T/MT |NV-BDIZC |CYCLE
----------------------------------------
00|00|00|FE |0702 |1/3  |10100100 |10546
00|00|00|FE |0702 |2/3  |10100100 |10547
00|00|00|FE |0702 |3/3  |10100100 |10548


---------------
Opcode: 8D
ll: 00 hh: A0
Instruction:STA Addressing Mode:Absolute - Operand (Value: "0x00", Address: "0xA000")
Writing value 0x00 to address: 0xA000
0xA000: 0x00
Instruction cycle count set to 4
A |X |Y |SP |PC   |T/MT |NV-BDIZC |CYCLE
----------------------------------------
00|00|00|FE |0705 |1/4  |10100100 |10549
00|00|00|FE |0705 |2/4  |10100100 |10550
00|00|00|FE |0705 |3/4  |10100100 |10551
00|00|00|FE |0705 |4/4  |10100100 |10552


---------------
Opcode: 4A
Instruction:LSR Addressing Mode:Accumulator - Operand (Value: "0x00", Address: "None")
Instruction cycle count set to 2
A |X |Y |SP |PC   |T/MT |NV-BDIZC |CYCLE
----------------------------------------
00|00|00|FE |0706 |1/2  |00100110 |10553
00|00|00|FE |0706 |2/2  |00100110 |10554


---------------
Opcode: C9
ll: 02
Instruction:CMP Addressing Mode:Immediate - Operand (Value: "0x02", Address: "None")
Instruction cycle count set to 2
A |X |Y |SP |PC   |T/MT |NV-BDIZC |CYCLE
----------------------------------------
00|00|00|FE |0708 |1/2  |10100100 |10555
00|00|00|FE |0708 |2/2  |10100100 |10556


---------------
Opcode: D0
ll: F8
Old PC: 070A Offset:-8 New PC: 0702
Instruction:BNE Addressing Mode:Relative - Operand (Value: "None", Address: "0x0702")
Instruction cycle count set to 2
A |X |Y |SP |PC   |T/MT |NV-BDIZC |CYCLE
----------------------------------------
00|00|00|FE |0702 |1/3  |10100100 |10557
00|00|00|FE |0702 |2/3  |10100100 |10558
00|00|00|FE |0702 |3/3  |10100100 |10559


---------------
Opcode: 8D
ll: 00 hh: A0
Instruction:STA Addressing Mode:Absolute - Operand (Value: "0x00", Address: "0xA000")
Writing value 0x00 to address: 0xA000
0xA000: 0x00
Instruction cycle count set to 4
A |X |Y |SP |PC   |T/MT |NV-BDIZC |CYCLE
----------------------------------------
00|00|00|FE |0705 |1/4  |10100100 |10560
00|00|00|FE |0705 |2/4  |10100100 |10561
00|00|00|FE |0705 |3/4  |10100100 |10562
00|00|00|FE |0705 |4/4  |10100100 |10563


---------------
Opcode: 4A
Instruction:LSR Addressing Mode:Accumulator - Operand (Value: "0x00", Address: "None")
Instruction cycle count set to 2
A |X |Y |SP |PC   |T/MT |NV-BDIZC |CYCLE
----------------------------------------
00|00|00|FE |0706 |1/2  |00100110 |10564
00|00|00|FE |0706 |2/2  |00100110 |10565


---------------
Opcode: C9
ll: 02
Instruction:CMP Addressing Mode:Immediate - Operand (Value: "0x02", Address: "None")
Instruction cycle count set to 2
A |X |Y |SP |PC   |T/MT |NV-BDIZC |CYCLE
----------------------------------------
00|00|00|FE |0708 |1/2  |10100100 |10566
00|00|00|FE |0708 |2/2  |10100100 |10567


---------------
Opcode: D0
ll: F8
Old PC: 070A Offset:-8 New PC: 0702
Instruction:BNE Addressing Mode:Relative - Operand (Value: "None", Address: "0x0702")
Instruction cycle count set to 2
A |X |Y |SP |PC   |T/MT |NV-BDIZC |CYCLE
----------------------------------------
00|00|00|FE |0702 |1/3  |10100100 |10568
00|00|00|FE |0702 |2/3  |10100100 |10569
00|00|00|FE |0702 |3/3  |10100100 |10570


---------------
Opcode: 8D
ll: 00 hh: A0
Instruction:STA Addressing Mode:Absolute - Operand (Value: "0x00", Address: "0xA000")
Writing value 0x00 to address: 0xA000
0xA000: 0x00
Instruction cycle count set to 4
A |X |Y |SP |PC   |T/MT |NV-BDIZC |CYCLE
----------------------------------------
00|00|00|FE |0705 |1/4  |10100100 |10571
00|00|00|FE |0705 |2/4  |10100100 |10572
00|00|00|FE |0705 |3/4  |10100100 |10573
00|00|00|FE |0705 |4/4  |10100100 |10574


---------------
Opcode: 4A
Instruction:LSR Addressing Mode:Accumulator - Operand (Value: "0x00", Address: "None")
Instruction cycle count set to 2
A |X |Y |SP |PC   |T/MT |NV-BDIZC |CYCLE
----------------------------------------
00|00|00|FE |0706 |1/2  |00100110 |10575
00|00|00|FE |0706 |2/2  |00100110 |10576


---------------
Opcode: C9
ll: 02
Instruction:CMP Addressing Mode:Immediate - Operand (Value: "0x02", Address: "None")
Instruction cycle count set to 2
A |X |Y |SP |PC   |T/MT |NV-BDIZC |CYCLE
----------------------------------------
00|00|00|FE |0708 |1/2  |10100100 |10577
00|00|00|FE |0708 |2/2  |10100100 |10578


---------------
Opcode: D0
ll: F8
Old PC: 070A Offset:-8 New PC: 0702
Instruction:BNE Addressing Mode:Relative - Operand (Value: "None", Address: "0x0702")
Instruction cycle count set to 2
A |X |Y |SP |PC   |T/MT |NV-BDIZC |CYCLE
----------------------------------------
00|00|00|FE |0702 |1/3  |10100100 |10579
00|00|00|FE |0702 |2/3  |10100100 |10580
00|00|00|FE |0702 |3/3  |10100100 |10581


---------------
Opcode: 8D
ll: 00 hh: A0
Instruction:STA Addressing Mode:Absolute - Operand (Value: "0x00", Address: "0xA000")
Writing value 0x00 to address: 0xA000
0xA000: 0x00
Instruction cycle count set to 4
A |X |Y |SP |PC   |T/MT |NV-BDIZC |CYCLE
----------------------------------------
00|00|00|FE |0705 |1/4  |10100100 |10582
00|00|00|FE |0705 |2/4  |10100100 |10583
00|00|00|FE |0705 |3/4  |10100100 |10584
00|00|00|FE |0705 |4/4  |10100100 |10585


---------------
Opcode: 4A
Instruction:LSR Addressing Mode:Accumulator - Operand (Value: "0x00", Address: "None")
Instruction cycle count set to 2
A |X |Y |SP |PC   |T/MT |NV-BDIZC |CYCLE
----------------------------------------
00|00|00|FE |0706 |1/2  |00100110 |10586
00|00|00|FE |0706 |2/2  |00100110 |10587


---------------
Opcode: C9
ll: 02
Instruction:CMP Addressing Mode:Immediate - Operand (Value: "0x02", Address: "None")
Instruction cycle count set to 2
A |X |Y |SP |PC   |T/MT |NV-BDIZC |CYCLE
----------------------------------------
00|00|00|FE |0708 |1/2  |10100100 |10588
00|00|00|FE |0708 |2/2  |10100100 |10589


---------------
Opcode: D0
ll: F8
Old PC: 070A Offset:-8 New PC: 0702
Instruction:BNE Addressing Mode:Relative - Operand (Value: "None", Address: "0x0702")
Instruction cycle count set to 2
A |X |Y |SP |PC   |T/MT |NV-BDIZC |CYCLE
----------------------------------------
00|00|00|FE |0702 |1/3  |10100100 |10590
00|00|00|FE |0702 |2/3  |10100100 |10591
00|00|00|FE |0702 |3/3  |10100100 |10592


---------------
Opcode: 8D
ll: 00 hh: A0
Instruction:STA Addressing Mode:Absolute - Operand (Value: "0x00", Address: "0xA000")
Writing value 0x00 to address: 0xA000
0xA000: 0x00
Instruction cycle count set to 4
A |X |Y |SP |PC   |T/MT |NV-BDIZC |CYCLE
----------------------------------------
00|00|00|FE |0705 |1/4  |10100100 |10593
00|00|00|FE |0705 |2/4  |10100100 |10594
00|00|00|FE |0705 |3/4  |10100100 |10595
00|00|00|FE |0705 |4/4  |10100100 |10596


---------------
Opcode: 4A
Instruction:LSR Addressing Mode:Accumulator - Operand (Value: "0x00", Address: "None")
Instruction cycle count set to 2
A |X |Y |SP |PC   |T/MT |NV-BDIZC |CYCLE
----------------------------------------
00|00|00|FE |0706 |1/2  |00100110 |10597
00|00|00|FE |0706 |2/2  |00100110 |10598


---------------
Opcode: C9
ll: 02
Instruction:CMP Addressing Mode:Immediate - Operand (Value: "0x02", Address: "None")
Instruction cycle count set to 2
A |X |Y |SP |PC   |T/MT |NV-BDIZC |CYCLE
----------------------------------------
00|00|00|FE |0708 |1/2  |10100100 |10599
00|00|00|FE |0708 |2/2  |10100100 |10600


---------------
Opcode: D0
ll: F8
Old PC: 070A Offset:-8 New PC: 0702
Instruction:BNE Addressing Mode:Relative - Operand (Value: "None", Address: "0x0702")
Instruction cycle count set to 2
A |X |Y |SP |PC   |T/MT |NV-BDIZC |CYCLE
----------------------------------------
00|00|00|FE |0702 |1/3  |10100100 |10601
00|00|00|FE |0702 |2/3  |10100100 |10602
00|00|00|FE |0702 |3/3  |10100100 |10603


---------------
Opcode: 8D
ll: 00 hh: A0
Instruction:STA Addressing Mode:Absolute - Operand (Value: "0x00", Address: "0xA000")
Writing value 0x00 to address: 0xA000
0xA000: 0x00
Instruction cycle count set to 4
A |X |Y |SP |PC   |T/MT |NV-BDIZC |CYCLE
----------------------------------------
00|00|00|FE |0705 |1/4  |10100100 |10604
00|00|00|FE |0705 |2/4  |10100100 |10605
00|00|00|FE |0705 |3/4  |10100100 |10606
00|00|00|FE |0705 |4/4  |10100100 |10607


---------------
Opcode: 4A
Instruction:LSR Addressing Mode:Accumulator - Operand (Value: "0x00", Address: "None")
Instruction cycle count set to 2
A |X |Y |SP |PC   |T/MT |NV-BDIZC |CYCLE
----------------------------------------
00|00|00|FE |0706 |1/2  |00100110 |10608
00|00|00|FE |0706 |2/2  |00100110 |10609


---------------
Opcode: C9
ll: 02
Instruction:CMP Addressing Mode:Immediate - Operand (Value: "0x02", Address: "None")
Instruction cycle count set to 2
A |X |Y |SP |PC   |T/MT |NV-BDIZC |CYCLE
----------------------------------------
00|00|00|FE |0708 |1/2  |10100100 |10610
00|00|00|FE |0708 |2/2  |10100100 |10611


---------------
Opcode: D0
ll: F8
Old PC: 070A Offset:-8 New PC: 0702
Instruction:BNE Addressing Mode:Relative - Operand (Value: "None", Address: "0x0702")
Instruction cycle count set to 2
A |X |Y |SP |PC   |T/MT |NV-BDIZC |CYCLE
----------------------------------------
00|00|00|FE |0702 |1/3  |10100100 |10612
00|00|00|FE |0702 |2/3  |10100100 |10613
00|00|00|FE |0702 |3/3  |10100100 |10614


---------------
Opcode: 8D
ll: 00 hh: A0
Instruction:STA Addressing Mode:Absolute - Operand (Value: "0x00", Address: "0xA000")
Writing value 0x00 to address: 0xA000
0xA000: 0x00
Instruction cycle count set to 4
A |X |Y |SP |PC   |T/MT |NV-BDIZC |CYCLE
----------------------------------------
00|00|00|FE |0705 |1/4  |10100100 |10615
00|00|00|FE |0705 |2/4  |10100100 |10616
00|00|00|FE |0705 |3/4  |10100100 |10617
00|00|00|FE |0705 |4/4  |10100100 |10618


---------------
Opcode: 4A
Instruction:LSR Addressing Mode:Accumulator - Operand (Value: "0x00", Address: "None")
Instruction cycle count set to 2
A |X |Y |SP |PC   |T/MT |NV-BDIZC |CYCLE
----------------------------------------
00|00|00|FE |0706 |1/2  |00100110 |10619
00|00|00|FE |0706 |2/2  |00100110 |10620


---------------
Opcode: C9
ll: 02
Instruction:CMP Addressing Mode:Immediate - Operand (Value: "0x02", Address: "None")
Instruction cycle count set to 2
A |X |Y |SP |PC   |T/MT |NV-BDIZC |CYCLE
----------------------------------------
00|00|00|FE |0708 |1/2  |10100100 |10621
00|00|00|FE |0708 |2/2  |10100100 |10622


---------------
Opcode: D0
ll: F8
Old PC: 070A Offset:-8 New PC: 0702
Instruction:BNE Addressing Mode:Relative - Operand (Value: "None", Address: "0x0702")
Instruction cycle count set to 2
A |X |Y |SP |PC   |T/MT |NV-BDIZC |CYCLE
----------------------------------------
00|00|00|FE |0702 |1/3  |10100100 |10623
00|00|00|FE |0702 |2/3  |10100100 |10624
00|00|00|FE |0702 |3/3  |10100100 |10625


---------------
Opcode: 8D
ll: 00 hh: A0
Instruction:STA Addressing Mode:Absolute - Operand (Value: "0x00", Address: "0xA000")
Writing value 0x00 to address: 0xA000
0xA000: 0x00
Instruction cycle count set to 4
A |X |Y |SP |PC   |T/MT |NV-BDIZC |CYCLE
----------------------------------------
00|00|00|FE |0705 |1/4  |10100100 |10626
00|00|00|FE |0705 |2/4  |10100100 |10627
00|00|00|FE |0705 |3/4  |10100100 |10628
00|00|00|FE |0705 |4/4  |10100100 |10629


---------------
Opcode: 4A
Instruction:LSR Addressing Mode:Accumulator - Operand (Value: "0x00", Address: "None")
Instruction cycle count set to 2
A |X |Y |SP |PC   |T/MT |NV-BDIZC |CYCLE
----------------------------------------
00|00|00|FE |0706 |1/2  |00100110 |10630
00|00|00|FE |0706 |2/2  |00100110 |10631


---------------
Opcode: C9
ll: 02
Instruction:CMP Addressing Mode:Immediate - Operand (Value: "0x02", Address: "None")
Instruction cycle count set to 2
A |X |Y |SP |PC   |T/MT |NV-BDIZC |CYCLE
----------------------------------------
00|00|00|FE |0708 |1/2  |10100100 |10632
00|00|00|FE |0708 |2/2  |10100100 |10633


---------------
Opcode: D0
ll: F8
Old PC: 070A Offset:-8 New PC: 0702
Instruction:BNE Addressing Mode:Relative - Operand (Value: "None", Address: "0x0702")
Instruction cycle count set to 2
A |X |Y |SP |PC   |T/MT |NV-BDIZC |CYCLE
----------------------------------------
00|00|00|FE |0702 |1/3  |10100100 |10634
00|00|00|FE |0702 |2/3  |10100100 |10635
00|00|00|FE |0702 |3/3  |10100100 |10636


---------------
Opcode: 8D
ll: 00 hh: A0
Instruction:STA Addressing Mode:Absolute - Operand (Value: "0x00", Address: "0xA000")
Writing value 0x00 to address: 0xA000
0xA000: 0x00
Instruction cycle count set to 4
A |X |Y |SP |PC   |T/MT |NV-BDIZC |CYCLE
----------------------------------------
00|00|00|FE |0705 |1/4  |10100100 |10637
00|00|00|FE |0705 |2/4  |10100100 |10638
00|00|00|FE |0705 |3/4  |10100100 |10639
00|00|00|FE |0705 |4/4  |10100100 |10640


---------------
Opcode: 4A
Instruction:LSR Addressing Mode:Accumulator - Operand (Value: "0x00", Address: "None")
Instruction cycle count set to 2
A |X |Y |SP |PC   |T/MT |NV-BDIZC |CYCLE
----------------------------------------
00|00|00|FE |0706 |1/2  |00100110 |10641
00|00|00|FE |0706 |2/2  |00100110 |10642


---------------
Opcode: C9
ll: 02
Instruction:CMP Addressing Mode:Immediate - Operand (Value: "0x02", Address: "None")
Instruction cycle count set to 2
A |X |Y |SP |PC   |T/MT |NV-BDIZC |CYCLE
----------------------------------------
00|00|00|FE |0708 |1/2  |10100100 |10643
00|00|00|FE |0708 |2/2  |10100100 |10644


---------------
Opcode: D0
ll: F8
Old PC: 070A Offset:-8 New PC: 0702
Instruction:BNE Addressing Mode:Relative - Operand (Value: "None", Address: "0x0702")
Instruction cycle count set to 2
A |X |Y |SP |PC   |T/MT |NV-BDIZC |CYCLE
----------------------------------------
00|00|00|FE |0702 |1/3  |10100100 |10645
00|00|00|FE |0702 |2/3  |10100100 |10646
00|00|00|FE |0702 |3/3  |10100100 |10647


---------------
Opcode: 8D
ll: 00 hh: A0
Instruction:STA Addressing Mode:Absolute - Operand (Value: "0x00", Address: "0xA000")
Writing value 0x00 to address: 0xA000
0xA000: 0x00
Instruction cycle count set to 4
A |X |Y |SP |PC   |T/MT |NV-BDIZC |CYCLE
----------------------------------------
00|00|00|FE |0705 |1/4  |10100100 |10648
00|00|00|FE |0705 |2/4  |10100100 |10649
00|00|00|FE |0705 |3/4  |10100100 |10650
00|00|00|FE |0705 |4/4  |10100100 |10651


---------------
Opcode: 4A
Instruction:LSR Addressing Mode:Accumulator - Operand (Value: "0x00", Address: "None")
Instruction cycle count set to 2
A |X |Y |SP |PC   |T/MT |NV-BDIZC |CYCLE
----------------------------------------
00|00|00|FE |0706 |1/2  |00100110 |10652
00|00|00|FE |0706 |2/2  |00100110 |10653


---------------
Opcode: C9
ll: 02
Instruction:CMP Addressing Mode:Immediate - Operand (Value: "0x02", Address: "None")
Instruction cycle count set to 2
A |X |Y |SP |PC   |T/MT |NV-BDIZC |CYCLE
----------------------------------------
00|00|00|FE |0708 |1/2  |10100100 |10654
00|00|00|FE |0708 |2/2  |10100100 |10655


---------------
Opcode: D0
ll: F8
Old PC: 070A Offset:-8 New PC: 0702
Instruction:BNE Addressing Mode:Relative - Operand (Value: "None", Address: "0x0702")
Instruction cycle count set to 2
A |X |Y |SP |PC   |T/MT |NV-BDIZC |CYCLE
----------------------------------------
00|00|00|FE |0702 |1/3  |10100100 |10656
00|00|00|FE |0702 |2/3  |10100100 |10657
00|00|00|FE |0702 |3/3  |10100100 |10658


---------------
Opcode: 8D
ll: 00 hh: A0
Instruction:STA Addressing Mode:Absolute - Operand (Value: "0x00", Address: "0xA000")
Writing value 0x00 to address: 0xA000
0xA000: 0x00
Instruction cycle count set to 4
A |X |Y |SP |PC   |T/MT |NV-BDIZC |CYCLE
----------------------------------------
00|00|00|FE |0705 |1/4  |10100100 |10659
00|00|00|FE |0705 |2/4  |10100100 |10660
00|00|00|FE |0705 |3/4  |10100100 |10661
00|00|00|FE |0705 |4/4  |10100100 |10662


---------------
Opcode: 4A
Instruction:LSR Addressing Mode:Accumulator - Operand (Value: "0x00", Address: "None")
Instruction cycle count set to 2
A |X |Y |SP |PC   |T/MT |NV-BDIZC |CYCLE
----------------------------------------
00|00|00|FE |0706 |1/2  |00100110 |10663
00|00|00|FE |0706 |2/2  |00100110 |10664


---------------
Opcode: C9
ll: 02
Instruction:CMP Addressing Mode:Immediate - Operand (Value: "0x02", Address: "None")
Instruction cycle count set to 2
A |X |Y |SP |PC   |T/MT |NV-BDIZC |CYCLE
----------------------------------------
00|00|00|FE |0708 |1/2  |10100100 |10665
00|00|00|FE |0708 |2/2  |10100100 |10666


---------------
Opcode: D0
ll: F8
Old PC: 070A Offset:-8 New PC: 0702
Instruction:BNE Addressing Mode:Relative - Operand (Value: "None", Address: "0x0702")
Instruction cycle count set to 2
A |X |Y |SP |PC   |T/MT |NV-BDIZC |CYCLE
----------------------------------------
00|00|00|FE |0702 |1/3  |10100100 |10667
00|00|00|FE |0702 |2/3  |10100100 |10668
00|00|00|FE |0702 |3/3  |10100100 |10669


---------------
Opcode: 8D
ll: 00 hh: A0
Instruction:STA Addressing Mode:Absolute - Operand (Value: "0x00", Address: "0xA000")
Writing value 0x00 to address: 0xA000
0xA000: 0x00
Instruction cycle count set to 4
A |X |Y |SP |PC   |T/MT |NV-BDIZC |CYCLE
----------------------------------------
00|00|00|FE |0705 |1/4  |10100100 |10670
00|00|00|FE |0705 |2/4  |10100100 |10671
00|00|00|FE |0705 |3/4  |10100100 |10672
00|00|00|FE |0705 |4/4  |10100100 |10673


---------------
Opcode: 4A
Instruction:LSR Addressing Mode:Accumulator - Operand (Value: "0x00", Address: "None")
Instruction cycle count set to 2
A |X |Y |SP |PC   |T/MT |NV-BDIZC |CYCLE
----------------------------------------
00|00|00|FE |0706 |1/2  |00100110 |10674
00|00|00|FE |0706 |2/2  |00100110 |10675


---------------
Opcode: C9
ll: 02
Instruction:CMP Addressing Mode:Immediate - Operand (Value: "0x02", Address: "None")
Instruction cycle count set to 2
A |X |Y |SP |PC   |T/MT |NV-BDIZC |CYCLE
----------------------------------------
00|00|00|FE |0708 |1/2  |10100100 |10676
00|00|00|FE |0708 |2/2  |10100100 |10677


---------------
Opcode: D0
ll: F8
Old PC: 070A Offset:-8 New PC: 0702
Instruction:BNE Addressing Mode:Relative - Operand (Value: "None", Address: "0x0702")
Instruction cycle count set to 2
A |X |Y |SP |PC   |T/MT |NV-BDIZC |CYCLE
----------------------------------------
00|00|00|FE |0702 |1/3  |10100100 |10678
00|00|00|FE |0702 |2/3  |10100100 |10679
00|00|00|FE |0702 |3/3  |10100100 |10680


---------------
Opcode: 8D
ll: 00 hh: A0
Instruction:STA Addressing Mode:Absolute - Operand (Value: "0x00", Address: "0xA000")
Writing value 0x00 to address: 0xA000
0xA000: 0x00
Instruction cycle count set to 4
A |X |Y |SP |PC   |T/MT |NV-BDIZC |CYCLE
----------------------------------------
00|00|00|FE |0705 |1/4  |10100100 |10681
00|00|00|FE |0705 |2/4  |10100100 |10682
00|00|00|FE |0705 |3/4  |10100100 |10683
00|00|00|FE |0705 |4/4  |10100100 |10684


---------------
Opcode: 4A
Instruction:LSR Addressing Mode:Accumulator - Operand (Value: "0x00", Address: "None")
Instruction cycle count set to 2
A |X |Y |SP |PC   |T/MT |NV-BDIZC |CYCLE
----------------------------------------
00|00|00|FE |0706 |1/2  |00100110 |10685
00|00|00|FE |0706 |2/2  |00100110 |10686


---------------
Opcode: C9
ll: 02
Instruction:CMP Addressing Mode:Immediate - Operand (Value: "0x02", Address: "None")
Instruction cycle count set to 2
A |X |Y |SP |PC   |T/MT |NV-BDIZC |CYCLE
----------------------------------------
00|00|00|FE |0708 |1/2  |10100100 |10687
00|00|00|FE |0708 |2/2  |10100100 |10688


---------------
Opcode: D0
ll: F8
Old PC: 070A Offset:-8 New PC: 0702
Instruction:BNE Addressing Mode:Relative - Operand (Value: "None", Address: "0x0702")
Instruction cycle count set to 2
A |X |Y |SP |PC   |T/MT |NV-BDIZC |CYCLE
----------------------------------------
00|00|00|FE |0702 |1/3  |10100100 |10689
00|00|00|FE |0702 |2/3  |10100100 |10690
00|00|00|FE |0702 |3/3  |10100100 |10691


---------------
Opcode: 8D
ll: 00 hh: A0
Instruction:STA Addressing Mode:Absolute - Operand (Value: "0x00", Address: "0xA000")
Writing value 0x00 to address: 0xA000
0xA000: 0x00
Instruction cycle count set to 4
A |X |Y |SP |PC   |T/MT |NV-BDIZC |CYCLE
----------------------------------------
00|00|00|FE |0705 |1/4  |10100100 |10692
00|00|00|FE |0705 |2/4  |10100100 |10693
00|00|00|FE |0705 |3/4  |10100100 |10694
00|00|00|FE |0705 |4/4  |10100100 |10695


---------------
Opcode: 4A
Instruction:LSR Addressing Mode:Accumulator - Operand (Value: "0x00", Address: "None")
Instruction cycle count set to 2
A |X |Y |SP |PC   |T/MT |NV-BDIZC |CYCLE
----------------------------------------
00|00|00|FE |0706 |1/2  |00100110 |10696
00|00|00|FE |0706 |2/2  |00100110 |10697


---------------
Opcode: C9
ll: 02
Instruction:CMP Addressing Mode:Immediate - Operand (Value: "0x02", Address: "None")
Instruction cycle count set to 2
A |X |Y |SP |PC   |T/MT |NV-BDIZC |CYCLE
----------------------------------------
00|00|00|FE |0708 |1/2  |10100100 |10698
00|00|00|FE |0708 |2/2  |10100100 |10699


---------------
Opcode: D0
ll: F8
Old PC: 070A Offset:-8 New PC: 0702
Instruction:BNE Addressing Mode:Relative - Operand (Value: "None", Address: "0x0702")
Instruction cycle count set to 2
A |X |Y |SP |PC   |T/MT |NV-BDIZC |CYCLE
----------------------------------------
00|00|00|FE |0702 |1/3  |10100100 |10700
00|00|00|FE |0702 |2/3  |10100100 |10701
00|00|00|FE |0702 |3/3  |10100100 |10702


---------------
Opcode: 8D
ll: 00 hh: A0
Instruction:STA Addressing Mode:Absolute - Operand (Value: "0x00", Address: "0xA000")
Writing value 0x00 to address: 0xA000
0xA000: 0x00
Instruction cycle count set to 4
A |X |Y |SP |PC   |T/MT |NV-BDIZC |CYCLE
----------------------------------------
00|00|00|FE |0705 |1/4  |10100100 |10703
00|00|00|FE |0705 |2/4  |10100100 |10704
00|00|00|FE |0705 |3/4  |10100100 |10705
00|00|00|FE |0705 |4/4  |10100100 |10706


---------------
Opcode: 4A
Instruction:LSR Addressing Mode:Accumulator - Operand (Value: "0x00", Address: "None")
Instruction cycle count set to 2
A |X |Y |SP |PC   |T/MT |NV-BDIZC |CYCLE
----------------------------------------
00|00|00|FE |0706 |1/2  |00100110 |10707
00|00|00|FE |0706 |2/2  |00100110 |10708


---------------
Opcode: C9
ll: 02
Instruction:CMP Addressing Mode:Immediate - Operand (Value: "0x02", Address: "None")
Instruction cycle count set to 2
A |X |Y |SP |PC   |T/MT |NV-BDIZC |CYCLE
----------------------------------------
00|00|00|FE |0708 |1/2  |10100100 |10709
00|00|00|FE |0708 |2/2  |10100100 |10710


---------------
Opcode: D0
ll: F8
Old PC: 070A Offset:-8 New PC: 0702
Instruction:BNE Addressing Mode:Relative - Operand (Value: "None", Address: "0x0702")
Instruction cycle count set to 2
A |X |Y |SP |PC   |T/MT |NV-BDIZC |CYCLE
----------------------------------------
00|00|00|FE |0702 |1/3  |10100100 |10711
00|00|00|FE |0702 |2/3  |10100100 |10712
00|00|00|FE |0702 |3/3  |10100100 |10713


---------------
Opcode: 8D
ll: 00 hh: A0
Instruction:STA Addressing Mode:Absolute - Operand (Value: "0x00", Address: "0xA000")
Writing value 0x00 to address: 0xA000
0xA000: 0x00
Instruction cycle count set to 4
A |X |Y |SP |PC   |T/MT |NV-BDIZC |CYCLE
----------------------------------------
00|00|00|FE |0705 |1/4  |10100100 |10714
00|00|00|FE |0705 |2/4  |10100100 |10715
00|00|00|FE |0705 |3/4  |10100100 |10716
00|00|00|FE |0705 |4/4  |10100100 |10717


---------------
Opcode: 4A
Instruction:LSR Addressing Mode:Accumulator - Operand (Value: "0x00", Address: "None")
Instruction cycle count set to 2
A |X |Y |SP |PC   |T/MT |NV-BDIZC |CYCLE
----------------------------------------
00|00|00|FE |0706 |1/2  |00100110 |10718
00|00|00|FE |0706 |2/2  |00100110 |10719


---------------
Opcode: C9
ll: 02
Instruction:CMP Addressing Mode:Immediate - Operand (Value: "0x02", Address: "None")
Instruction cycle count set to 2
A |X |Y |SP |PC   |T/MT |NV-BDIZC |CYCLE
----------------------------------------
00|00|00|FE |0708 |1/2  |10100100 |10720
00|00|00|FE |0708 |2/2  |10100100 |10721


---------------
Opcode: D0
ll: F8
Old PC: 070A Offset:-8 New PC: 0702
Instruction:BNE Addressing Mode:Relative - Operand (Value: "None", Address: "0x0702")
Instruction cycle count set to 2
A |X |Y |SP |PC   |T/MT |NV-BDIZC |CYCLE
----------------------------------------
00|00|00|FE |0702 |1/3  |10100100 |10722
00|00|00|FE |0702 |2/3  |10100100 |10723
00|00|00|FE |0702 |3/3  |10100100 |10724


---------------
Opcode: 8D
ll: 00 hh: A0
Instruction:STA Addressing Mode:Absolute - Operand (Value: "0x00", Address: "0xA000")
Writing value 0x00 to address: 0xA000
0xA000: 0x00
Instruction cycle count set to 4
A |X |Y |SP |PC   |T/MT |NV-BDIZC |CYCLE
----------------------------------------
00|00|00|FE |0705 |1/4  |10100100 |10725
00|00|00|FE |0705 |2/4  |10100100 |10726
00|00|00|FE |0705 |3/4  |10100100 |10727
00|00|00|FE |0705 |4/4  |10100100 |10728


---------------
Opcode: 4A
Instruction:LSR Addressing Mode:Accumulator - Operand (Value: "0x00", Address: "None")
Instruction cycle count set to 2
A |X |Y |SP |PC   |T/MT |NV-BDIZC |CYCLE
----------------------------------------
00|00|00|FE |0706 |1/2  |00100110 |10729
00|00|00|FE |0706 |2/2  |00100110 |10730


---------------
Opcode: C9
ll: 02
Instruction:CMP Addressing Mode:Immediate - Operand (Value: "0x02", Address: "None")
Instruction cycle count set to 2
A |X |Y |SP |PC   |T/MT |NV-BDIZC |CYCLE
----------------------------------------
00|00|00|FE |0708 |1/2  |10100100 |10731
00|00|00|FE |0708 |2/2  |10100100 |10732


---------------
Opcode: D0
ll: F8
Old PC: 070A Offset:-8 New PC: 0702
Instruction:BNE Addressing Mode:Relative - Operand (Value: "None", Address: "0x0702")
Instruction cycle count set to 2
A |X |Y |SP |PC   |T/MT |NV-BDIZC |CYCLE
----------------------------------------
00|00|00|FE |0702 |1/3  |10100100 |10733
00|00|00|FE |0702 |2/3  |10100100 |10734
00|00|00|FE |0702 |3/3  |10100100 |10735


---------------
Opcode: 8D
ll: 00 hh: A0
Instruction:STA Addressing Mode:Absolute - Operand (Value: "0x00", Address: "0xA000")
Writing value 0x00 to address: 0xA000
0xA000: 0x00
Instruction cycle count set to 4
A |X |Y |SP |PC   |T/MT |NV-BDIZC |CYCLE
----------------------------------------
00|00|00|FE |0705 |1/4  |10100100 |10736
00|00|00|FE |0705 |2/4  |10100100 |10737
00|00|00|FE |0705 |3/4  |10100100 |10738
00|00|00|FE |0705 |4/4  |10100100 |10739


---------------
Opcode: 4A
Instruction:LSR Addressing Mode:Accumulator - Operand (Value: "0x00", Address: "None")
Instruction cycle count set to 2
A |X |Y |SP |PC   |T/MT |NV-BDIZC |CYCLE
----------------------------------------
00|00|00|FE |0706 |1/2  |00100110 |10740
00|00|00|FE |0706 |2/2  |00100110 |10741


---------------
Opcode: C9
ll: 02
Instruction:CMP Addressing Mode:Immediate - Operand (Value: "0x02", Address: "None")
Instruction cycle count set to 2
A |X |Y |SP |PC   |T/MT |NV-BDIZC |CYCLE
----------------------------------------
00|00|00|FE |0708 |1/2  |10100100 |10742
00|00|00|FE |0708 |2/2  |10100100 |10743


---------------
Opcode: D0
ll: F8
Old PC: 070A Offset:-8 New PC: 0702
Instruction:BNE Addressing Mode:Relative - Operand (Value: "None", Address: "0x0702")
Instruction cycle count set to 2
A |X |Y |SP |PC   |T/MT |NV-BDIZC |CYCLE
----------------------------------------
00|00|00|FE |0702 |1/3  |10100100 |10744
00|00|00|FE |0702 |2/3  |10100100 |10745
00|00|00|FE |0702 |3/3  |10100100 |10746


---------------
Opcode: 8D
ll: 00 hh: A0
Instruction:STA Addressing Mode:Absolute - Operand (Value: "0x00", Address: "0xA000")
Writing value 0x00 to address: 0xA000
0xA000: 0x00
Instruction cycle count set to 4
A |X |Y |SP |PC   |T/MT |NV-BDIZC |CYCLE
----------------------------------------
00|00|00|FE |0705 |1/4  |10100100 |10747
00|00|00|FE |0705 |2/4  |10100100 |10748
00|00|00|FE |0705 |3/4  |10100100 |10749
00|00|00|FE |0705 |4/4  |10100100 |10750


---------------
Opcode: 4A
Instruction:LSR Addressing Mode:Accumulator - Operand (Value: "0x00", Address: "None")
Instruction cycle count set to 2
A |X |Y |SP |PC   |T/MT |NV-BDIZC |CYCLE
----------------------------------------
00|00|00|FE |0706 |1/2  |00100110 |10751
00|00|00|FE |0706 |2/2  |00100110 |10752


---------------
Opcode: C9
ll: 02
Instruction:CMP Addressing Mode:Immediate - Operand (Value: "0x02", Address: "None")
Instruction cycle count set to 2
A |X |Y |SP |PC   |T/MT |NV-BDIZC |CYCLE
----------------------------------------
00|00|00|FE |0708 |1/2  |10100100 |10753
00|00|00|FE |0708 |2/2  |10100100 |10754


---------------
Opcode: D0
ll: F8
Old PC: 070A Offset:-8 New PC: 0702
Instruction:BNE Addressing Mode:Relative - Operand (Value: "None", Address: "0x0702")
Instruction cycle count set to 2
A |X |Y |SP |PC   |T/MT |NV-BDIZC |CYCLE
----------------------------------------
00|00|00|FE |0702 |1/3  |10100100 |10755
00|00|00|FE |0702 |2/3  |10100100 |10756
00|00|00|FE |0702 |3/3  |10100100 |10757


---------------
Opcode: 8D
ll: 00 hh: A0
Instruction:STA Addressing Mode:Absolute - Operand (Value: "0x00", Address: "0xA000")
Writing value 0x00 to address: 0xA000
0xA000: 0x00
Instruction cycle count set to 4
A |X |Y |SP |PC   |T/MT |NV-BDIZC |CYCLE
----------------------------------------
00|00|00|FE |0705 |1/4  |10100100 |10758
00|00|00|FE |0705 |2/4  |10100100 |10759
00|00|00|FE |0705 |3/4  |10100100 |10760
00|00|00|FE |0705 |4/4  |10100100 |10761


---------------
Opcode: 4A
Instruction:LSR Addressing Mode:Accumulator - Operand (Value: "0x00", Address: "None")
Instruction cycle count set to 2
A |X |Y |SP |PC   |T/MT |NV-BDIZC |CYCLE
----------------------------------------
00|00|00|FE |0706 |1/2  |00100110 |10762
00|00|00|FE |0706 |2/2  |00100110 |10763


---------------
Opcode: C9
ll: 02
Instruction:CMP Addressing Mode:Immediate - Operand (Value: "0x02", Address: "None")
Instruction cycle count set to 2
A |X |Y |SP |PC   |T/MT |NV-BDIZC |CYCLE
----------------------------------------
00|00|00|FE |0708 |1/2  |10100100 |10764
00|00|00|FE |0708 |2/2  |10100100 |10765


---------------
Opcode: D0
ll: F8
Old PC: 070A Offset:-8 New PC: 0702
Instruction:BNE Addressing Mode:Relative - Operand (Value: "None", Address: "0x0702")
Instruction cycle count set to 2
A |X |Y |SP |PC   |T/MT |NV-BDIZC |CYCLE
----------------------------------------
00|00|00|FE |0702 |1/3  |10100100 |10766
00|00|00|FE |0702 |2/3  |10100100 |10767
00|00|00|FE |0702 |3/3  |10100100 |10768


---------------
Opcode: 8D
ll: 00 hh: A0
Instruction:STA Addressing Mode:Absolute - Operand (Value: "0x00", Address: "0xA000")
Writing value 0x00 to address: 0xA000
0xA000: 0x00
Instruction cycle count set to 4
A |X |Y |SP |PC   |T/MT |NV-BDIZC |CYCLE
----------------------------------------
00|00|00|FE |0705 |1/4  |10100100 |10769
00|00|00|FE |0705 |2/4  |10100100 |10770
00|00|00|FE |0705 |3/4  |10100100 |10771
00|00|00|FE |0705 |4/4  |10100100 |10772


---------------
Opcode: 4A
Instruction:LSR Addressing Mode:Accumulator - Operand (Value: "0x00", Address: "None")
Instruction cycle count set to 2
A |X |Y |SP |PC   |T/MT |NV-BDIZC |CYCLE
----------------------------------------
00|00|00|FE |0706 |1/2  |00100110 |10773
00|00|00|FE |0706 |2/2  |00100110 |10774


---------------
Opcode: C9
ll: 02
Instruction:CMP Addressing Mode:Immediate - Operand (Value: "0x02", Address: "None")
Instruction cycle count set to 2
A |X |Y |SP |PC   |T/MT |NV-BDIZC |CYCLE
----------------------------------------
00|00|00|FE |0708 |1/2  |10100100 |10775
00|00|00|FE |0708 |2/2  |10100100 |10776


---------------
Opcode: D0
ll: F8
Old PC: 070A Offset:-8 New PC: 0702
Instruction:BNE Addressing Mode:Relative - Operand (Value: "None", Address: "0x0702")
Instruction cycle count set to 2
A |X |Y |SP |PC   |T/MT |NV-BDIZC |CYCLE
----------------------------------------
00|00|00|FE |0702 |1/3  |10100100 |10777
00|00|00|FE |0702 |2/3  |10100100 |10778
00|00|00|FE |0702 |3/3  |10100100 |10779


---------------
Opcode: 8D
ll: 00 hh: A0
Instruction:STA Addressing Mode:Absolute - Operand (Value: "0x00", Address: "0xA000")
Writing value 0x00 to address: 0xA000
0xA000: 0x00
Instruction cycle count set to 4
A |X |Y |SP |PC   |T/MT |NV-BDIZC |CYCLE
----------------------------------------
00|00|00|FE |0705 |1/4  |10100100 |10780
00|00|00|FE |0705 |2/4  |10100100 |10781
00|00|00|FE |0705 |3/4  |10100100 |10782
00|00|00|FE |0705 |4/4  |10100100 |10783


---------------
Opcode: 4A
Instruction:LSR Addressing Mode:Accumulator - Operand (Value: "0x00", Address: "None")
Instruction cycle count set to 2
A |X |Y |SP |PC   |T/MT |NV-BDIZC |CYCLE
----------------------------------------
00|00|00|FE |0706 |1/2  |00100110 |10784
00|00|00|FE |0706 |2/2  |00100110 |10785


---------------
Opcode: C9
ll: 02
Instruction:CMP Addressing Mode:Immediate - Operand (Value: "0x02", Address: "None")
Instruction cycle count set to 2
A |X |Y |SP |PC   |T/MT |NV-BDIZC |CYCLE
----------------------------------------
00|00|00|FE |0708 |1/2  |10100100 |10786
00|00|00|FE |0708 |2/2  |10100100 |10787


---------------
Opcode: D0
ll: F8
Old PC: 070A Offset:-8 New PC: 0702
Instruction:BNE Addressing Mode:Relative - Operand (Value: "None", Address: "0x0702")
Instruction cycle count set to 2
A |X |Y |SP |PC   |T/MT |NV-BDIZC |CYCLE
----------------------------------------
00|00|00|FE |0702 |1/3  |10100100 |10788
00|00|00|FE |0702 |2/3  |10100100 |10789
00|00|00|FE |0702 |3/3  |10100100 |10790


---------------
Opcode: 8D
ll: 00 hh: A0
Instruction:STA Addressing Mode:Absolute - Operand (Value: "0x00", Address: "0xA000")
Writing value 0x00 to address: 0xA000
0xA000: 0x00
Instruction cycle count set to 4
A |X |Y |SP |PC   |T/MT |NV-BDIZC |CYCLE
----------------------------------------
00|00|00|FE |0705 |1/4  |10100100 |10791
00|00|00|FE |0705 |2/4  |10100100 |10792
00|00|00|FE |0705 |3/4  |10100100 |10793
00|00|00|FE |0705 |4/4  |10100100 |10794


---------------
Opcode: 4A
Instruction:LSR Addressing Mode:Accumulator - Operand (Value: "0x00", Address: "None")
Instruction cycle count set to 2
A |X |Y |SP |PC   |T/MT |NV-BDIZC |CYCLE
----------------------------------------
00|00|00|FE |0706 |1/2  |00100110 |10795
00|00|00|FE |0706 |2/2  |00100110 |10796


---------------
Opcode: C9
ll: 02
Instruction:CMP Addressing Mode:Immediate - Operand (Value: "0x02", Address: "None")
Instruction cycle count set to 2
A |X |Y |SP |PC   |T/MT |NV-BDIZC |CYCLE
----------------------------------------
00|00|00|FE |0708 |1/2  |10100100 |10797
00|00|00|FE |0708 |2/2  |10100100 |10798


---------------
Opcode: D0
ll: F8
Old PC: 070A Offset:-8 New PC: 0702
Instruction:BNE Addressing Mode:Relative - Operand (Value: "None", Address: "0x0702")
Instruction cycle count set to 2
A |X |Y |SP |PC   |T/MT |NV-BDIZC |CYCLE
----------------------------------------
00|00|00|FE |0702 |1/3  |10100100 |10799
00|00|00|FE |0702 |2/3  |10100100 |10800
00|00|00|FE |0702 |3/3  |10100100 |10801


---------------
Opcode: 8D
ll: 00 hh: A0
Instruction:STA Addressing Mode:Absolute - Operand (Value: "0x00", Address: "0xA000")
Writing value 0x00 to address: 0xA000
0xA000: 0x00
Instruction cycle count set to 4
A |X |Y |SP |PC   |T/MT |NV-BDIZC |CYCLE
----------------------------------------
00|00|00|FE |0705 |1/4  |10100100 |10802
00|00|00|FE |0705 |2/4  |10100100 |10803
00|00|00|FE |0705 |3/4  |10100100 |10804
00|00|00|FE |0705 |4/4  |10100100 |10805


---------------
Opcode: 4A
Instruction:LSR Addressing Mode:Accumulator - Operand (Value: "0x00", Address: "None")
Instruction cycle count set to 2
A |X |Y |SP |PC   |T/MT |NV-BDIZC |CYCLE
----------------------------------------
00|00|00|FE |0706 |1/2  |00100110 |10806
00|00|00|FE |0706 |2/2  |00100110 |10807


---------------
Opcode: C9
ll: 02
Instruction:CMP Addressing Mode:Immediate - Operand (Value: "0x02", Address: "None")
Instruction cycle count set to 2
A |X |Y |SP |PC   |T/MT |NV-BDIZC |CYCLE
----------------------------------------
00|00|00|FE |0708 |1/2  |10100100 |10808
00|00|00|FE |0708 |2/2  |10100100 |10809


---------------
Opcode: D0
ll: F8
Old PC: 070A Offset:-8 New PC: 0702
Instruction:BNE Addressing Mode:Relative - Operand (Value: "None", Address: "0x0702")
Instruction cycle count set to 2
A |X |Y |SP |PC   |T/MT |NV-BDIZC |CYCLE
----------------------------------------
00|00|00|FE |0702 |1/3  |10100100 |10810
00|00|00|FE |0702 |2/3  |10100100 |10811
00|00|00|FE |0702 |3/3  |10100100 |10812


---------------
Opcode: 8D
ll: 00 hh: A0
Instruction:STA Addressing Mode:Absolute - Operand (Value: "0x00", Address: "0xA000")
Writing value 0x00 to address: 0xA000
0xA000: 0x00
Instruction cycle count set to 4
A |X |Y |SP |PC   |T/MT |NV-BDIZC |CYCLE
----------------------------------------
00|00|00|FE |0705 |1/4  |10100100 |10813
00|00|00|FE |0705 |2/4  |10100100 |10814
00|00|00|FE |0705 |3/4  |10100100 |10815
00|00|00|FE |0705 |4/4  |10100100 |10816


---------------
Opcode: 4A
Instruction:LSR Addressing Mode:Accumulator - Operand (Value: "0x00", Address: "None")
Instruction cycle count set to 2
A |X |Y |SP |PC   |T/MT |NV-BDIZC |CYCLE
----------------------------------------
00|00|00|FE |0706 |1/2  |00100110 |10817
00|00|00|FE |0706 |2/2  |00100110 |10818


---------------
Opcode: C9
ll: 02
Instruction:CMP Addressing Mode:Immediate - Operand (Value: "0x02", Address: "None")
Instruction cycle count set to 2
A |X |Y |SP |PC   |T/MT |NV-BDIZC |CYCLE
----------------------------------------
00|00|00|FE |0708 |1/2  |10100100 |10819
00|00|00|FE |0708 |2/2  |10100100 |10820


---------------
Opcode: D0
ll: F8
Old PC: 070A Offset:-8 New PC: 0702
Instruction:BNE Addressing Mode:Relative - Operand (Value: "None", Address: "0x0702")
Instruction cycle count set to 2
A |X |Y |SP |PC   |T/MT |NV-BDIZC |CYCLE
----------------------------------------
00|00|00|FE |0702 |1/3  |10100100 |10821
00|00|00|FE |0702 |2/3  |10100100 |10822
00|00|00|FE |0702 |3/3  |10100100 |10823


---------------
Opcode: 8D
ll: 00 hh: A0
Instruction:STA Addressing Mode:Absolute - Operand (Value: "0x00", Address: "0xA000")
Writing value 0x00 to address: 0xA000
0xA000: 0x00
Instruction cycle count set to 4
A |X |Y |SP |PC   |T/MT |NV-BDIZC |CYCLE
----------------------------------------
00|00|00|FE |0705 |1/4  |10100100 |10824
00|00|00|FE |0705 |2/4  |10100100 |10825
00|00|00|FE |0705 |3/4  |10100100 |10826
00|00|00|FE |0705 |4/4  |10100100 |10827


---------------
Opcode: 4A
Instruction:LSR Addressing Mode:Accumulator - Operand (Value: "0x00", Address: "None")
Instruction cycle count set to 2
A |X |Y |SP |PC   |T/MT |NV-BDIZC |CYCLE
----------------------------------------
00|00|00|FE |0706 |1/2  |00100110 |10828
00|00|00|FE |0706 |2/2  |00100110 |10829


---------------
Opcode: C9
ll: 02
Instruction:CMP Addressing Mode:Immediate - Operand (Value: "0x02", Address: "None")
Instruction cycle count set to 2
A |X |Y |SP |PC   |T/MT |NV-BDIZC |CYCLE
----------------------------------------
00|00|00|FE |0708 |1/2  |10100100 |10830
00|00|00|FE |0708 |2/2  |10100100 |10831


---------------
Opcode: D0
ll: F8
Old PC: 070A Offset:-8 New PC: 0702
Instruction:BNE Addressing Mode:Relative - Operand (Value: "None", Address: "0x0702")
Instruction cycle count set to 2
A |X |Y |SP |PC   |T/MT |NV-BDIZC |CYCLE
----------------------------------------
00|00|00|FE |0702 |1/3  |10100100 |10832
00|00|00|FE |0702 |2/3  |10100100 |10833
00|00|00|FE |0702 |3/3  |10100100 |10834


---------------
Opcode: 8D
ll: 00 hh: A0
Instruction:STA Addressing Mode:Absolute - Operand (Value: "0x00", Address: "0xA000")
Writing value 0x00 to address: 0xA000
0xA000: 0x00
Instruction cycle count set to 4
A |X |Y |SP |PC   |T/MT |NV-BDIZC |CYCLE
----------------------------------------
00|00|00|FE |0705 |1/4  |10100100 |10835
00|00|00|FE |0705 |2/4  |10100100 |10836
00|00|00|FE |0705 |3/4  |10100100 |10837
00|00|00|FE |0705 |4/4  |10100100 |10838


---------------
Opcode: 4A
Instruction:LSR Addressing Mode:Accumulator - Operand (Value: "0x00", Address: "None")
Instruction cycle count set to 2
A |X |Y |SP |PC   |T/MT |NV-BDIZC |CYCLE
----------------------------------------
00|00|00|FE |0706 |1/2  |00100110 |10839
00|00|00|FE |0706 |2/2  |00100110 |10840


---------------
Opcode: C9
ll: 02
Instruction:CMP Addressing Mode:Immediate - Operand (Value: "0x02", Address: "None")
Instruction cycle count set to 2
A |X |Y |SP |PC   |T/MT |NV-BDIZC |CYCLE
----------------------------------------
00|00|00|FE |0708 |1/2  |10100100 |10841
00|00|00|FE |0708 |2/2  |10100100 |10842


---------------
Opcode: D0
ll: F8
Old PC: 070A Offset:-8 New PC: 0702
Instruction:BNE Addressing Mode:Relative - Operand (Value: "None", Address: "0x0702")
Instruction cycle count set to 2
A |X |Y |SP |PC   |T/MT |NV-BDIZC |CYCLE
----------------------------------------
00|00|00|FE |0702 |1/3  |10100100 |10843
00|00|00|FE |0702 |2/3  |10100100 |10844
00|00|00|FE |0702 |3/3  |10100100 |10845


---------------
Opcode: 8D
ll: 00 hh: A0
Instruction:STA Addressing Mode:Absolute - Operand (Value: "0x00", Address: "0xA000")
Writing value 0x00 to address: 0xA000
0xA000: 0x00
Instruction cycle count set to 4
A |X |Y |SP |PC   |T/MT |NV-BDIZC |CYCLE
----------------------------------------
00|00|00|FE |0705 |1/4  |10100100 |10846
00|00|00|FE |0705 |2/4  |10100100 |10847
00|00|00|FE |0705 |3/4  |10100100 |10848
00|00|00|FE |0705 |4/4  |10100100 |10849


---------------
Opcode: 4A
Instruction:LSR Addressing Mode:Accumulator - Operand (Value: "0x00", Address: "None")
Instruction cycle count set to 2
A |X |Y |SP |PC   |T/MT |NV-BDIZC |CYCLE
----------------------------------------
00|00|00|FE |0706 |1/2  |00100110 |10850
00|00|00|FE |0706 |2/2  |00100110 |10851


---------------
Opcode: C9
ll: 02
Instruction:CMP Addressing Mode:Immediate - Operand (Value: "0x02", Address: "None")
Instruction cycle count set to 2
A |X |Y |SP |PC   |T/MT |NV-BDIZC |CYCLE
----------------------------------------
00|00|00|FE |0708 |1/2  |10100100 |10852
00|00|00|FE |0708 |2/2  |10100100 |10853


---------------
Opcode: D0
ll: F8
Old PC: 070A Offset:-8 New PC: 0702
Instruction:BNE Addressing Mode:Relative - Operand (Value: "None", Address: "0x0702")
Instruction cycle count set to 2
A |X |Y |SP |PC   |T/MT |NV-BDIZC |CYCLE
----------------------------------------
00|00|00|FE |0702 |1/3  |10100100 |10854
00|00|00|FE |0702 |2/3  |10100100 |10855
00|00|00|FE |0702 |3/3  |10100100 |10856


---------------
Opcode: 8D
ll: 00 hh: A0
Instruction:STA Addressing Mode:Absolute - Operand (Value: "0x00", Address: "0xA000")
Writing value 0x00 to address: 0xA000
0xA000: 0x00
Instruction cycle count set to 4
A |X |Y |SP |PC   |T/MT |NV-BDIZC |CYCLE
----------------------------------------
00|00|00|FE |0705 |1/4  |10100100 |10857
00|00|00|FE |0705 |2/4  |10100100 |10858
00|00|00|FE |0705 |3/4  |10100100 |10859
00|00|00|FE |0705 |4/4  |10100100 |10860


---------------
Opcode: 4A
Instruction:LSR Addressing Mode:Accumulator - Operand (Value: "0x00", Address: "None")
Instruction cycle count set to 2
A |X |Y |SP |PC   |T/MT |NV-BDIZC |CYCLE
----------------------------------------
00|00|00|FE |0706 |1/2  |00100110 |10861
00|00|00|FE |0706 |2/2  |00100110 |10862


---------------
Opcode: C9
ll: 02
Instruction:CMP Addressing Mode:Immediate - Operand (Value: "0x02", Address: "None")
Instruction cycle count set to 2
A |X |Y |SP |PC   |T/MT |NV-BDIZC |CYCLE
----------------------------------------
00|00|00|FE |0708 |1/2  |10100100 |10863
00|00|00|FE |0708 |2/2  |10100100 |10864


---------------
Opcode: D0
ll: F8
Old PC: 070A Offset:-8 New PC: 0702
Instruction:BNE Addressing Mode:Relative - Operand (Value: "None", Address: "0x0702")
Instruction cycle count set to 2
A |X |Y |SP |PC   |T/MT |NV-BDIZC |CYCLE
----------------------------------------
00|00|00|FE |0702 |1/3  |10100100 |10865
00|00|00|FE |0702 |2/3  |10100100 |10866
00|00|00|FE |0702 |3/3  |10100100 |10867


---------------
Opcode: 8D
ll: 00 hh: A0
Instruction:STA Addressing Mode:Absolute - Operand (Value: "0x00", Address: "0xA000")
Writing value 0x00 to address: 0xA000
0xA000: 0x00
Instruction cycle count set to 4
A |X |Y |SP |PC   |T/MT |NV-BDIZC |CYCLE
----------------------------------------
00|00|00|FE |0705 |1/4  |10100100 |10868
00|00|00|FE |0705 |2/4  |10100100 |10869
00|00|00|FE |0705 |3/4  |10100100 |10870
00|00|00|FE |0705 |4/4  |10100100 |10871


---------------
Opcode: 4A
Instruction:LSR Addressing Mode:Accumulator - Operand (Value: "0x00", Address: "None")
Instruction cycle count set to 2
A |X |Y |SP |PC   |T/MT |NV-BDIZC |CYCLE
----------------------------------------
00|00|00|FE |0706 |1/2  |00100110 |10872
00|00|00|FE |0706 |2/2  |00100110 |10873


---------------
Opcode: C9
ll: 02
Instruction:CMP Addressing Mode:Immediate - Operand (Value: "0x02", Address: "None")
Instruction cycle count set to 2
A |X |Y |SP |PC   |T/MT |NV-BDIZC |CYCLE
----------------------------------------
00|00|00|FE |0708 |1/2  |10100100 |10874
00|00|00|FE |0708 |2/2  |10100100 |10875


---------------
Opcode: D0
ll: F8
Old PC: 070A Offset:-8 New PC: 0702
Instruction:BNE Addressing Mode:Relative - Operand (Value: "None", Address: "0x0702")
Instruction cycle count set to 2
A |X |Y |SP |PC   |T/MT |NV-BDIZC |CYCLE
----------------------------------------
00|00|00|FE |0702 |1/3  |10100100 |10876
00|00|00|FE |0702 |2/3  |10100100 |10877
00|00|00|FE |0702 |3/3  |10100100 |10878


---------------
Opcode: 8D
ll: 00 hh: A0
Instruction:STA Addressing Mode:Absolute - Operand (Value: "0x00", Address: "0xA000")
Writing value 0x00 to address: 0xA000
0xA000: 0x00
Instruction cycle count set to 4
A |X |Y |SP |PC   |T/MT |NV-BDIZC |CYCLE
----------------------------------------
00|00|00|FE |0705 |1/4  |10100100 |10879
00|00|00|FE |0705 |2/4  |10100100 |10880
00|00|00|FE |0705 |3/4  |10100100 |10881
00|00|00|FE |0705 |4/4  |10100100 |10882


---------------
Opcode: 4A
Instruction:LSR Addressing Mode:Accumulator - Operand (Value: "0x00", Address: "None")
Instruction cycle count set to 2
A |X |Y |SP |PC   |T/MT |NV-BDIZC |CYCLE
----------------------------------------
00|00|00|FE |0706 |1/2  |00100110 |10883
00|00|00|FE |0706 |2/2  |00100110 |10884


---------------
Opcode: C9
ll: 02
Instruction:CMP Addressing Mode:Immediate - Operand (Value: "0x02", Address: "None")
Instruction cycle count set to 2
A |X |Y |SP |PC   |T/MT |NV-BDIZC |CYCLE
----------------------------------------
00|00|00|FE |0708 |1/2  |10100100 |10885
00|00|00|FE |0708 |2/2  |10100100 |10886


---------------
Opcode: D0
ll: F8
Old PC: 070A Offset:-8 New PC: 0702
Instruction:BNE Addressing Mode:Relative - Operand (Value: "None", Address: "0x0702")
Instruction cycle count set to 2
A |X |Y |SP |PC   |T/MT |NV-BDIZC |CYCLE
----------------------------------------
00|00|00|FE |0702 |1/3  |10100100 |10887
00|00|00|FE |0702 |2/3  |10100100 |10888
00|00|00|FE |0702 |3/3  |10100100 |10889


---------------
Opcode: 8D
ll: 00 hh: A0
Instruction:STA Addressing Mode:Absolute - Operand (Value: "0x00", Address: "0xA000")
Writing value 0x00 to address: 0xA000
0xA000: 0x00
Instruction cycle count set to 4
A |X |Y |SP |PC   |T/MT |NV-BDIZC |CYCLE
----------------------------------------
00|00|00|FE |0705 |1/4  |10100100 |10890
00|00|00|FE |0705 |2/4  |10100100 |10891
00|00|00|FE |0705 |3/4  |10100100 |10892
00|00|00|FE |0705 |4/4  |10100100 |10893


---------------
Opcode: 4A
Instruction:LSR Addressing Mode:Accumulator - Operand (Value: "0x00", Address: "None")
Instruction cycle count set to 2
A |X |Y |SP |PC   |T/MT |NV-BDIZC |CYCLE
----------------------------------------
00|00|00|FE |0706 |1/2  |00100110 |10894
00|00|00|FE |0706 |2/2  |00100110 |10895


---------------
Opcode: C9
ll: 02
Instruction:CMP Addressing Mode:Immediate - Operand (Value: "0x02", Address: "None")
Instruction cycle count set to 2
A |X |Y |SP |PC   |T/MT |NV-BDIZC |CYCLE
----------------------------------------
00|00|00|FE |0708 |1/2  |10100100 |10896
00|00|00|FE |0708 |2/2  |10100100 |10897


---------------
Opcode: D0
ll: F8
Old PC: 070A Offset:-8 New PC: 0702
Instruction:BNE Addressing Mode:Relative - Operand (Value: "None", Address: "0x0702")
Instruction cycle count set to 2
A |X |Y |SP |PC   |T/MT |NV-BDIZC |CYCLE
----------------------------------------
00|00|00|FE |0702 |1/3  |10100100 |10898
00|00|00|FE |0702 |2/3  |10100100 |10899
00|00|00|FE |0702 |3/3  |10100100 |10900


---------------
Opcode: 8D
ll: 00 hh: A0
Instruction:STA Addressing Mode:Absolute - Operand (Value: "0x00", Address: "0xA000")
Writing value 0x00 to address: 0xA000
0xA000: 0x00
Instruction cycle count set to 4
A |X |Y |SP |PC   |T/MT |NV-BDIZC |CYCLE
----------------------------------------
00|00|00|FE |0705 |1/4  |10100100 |10901
00|00|00|FE |0705 |2/4  |10100100 |10902
00|00|00|FE |0705 |3/4  |10100100 |10903
00|00|00|FE |0705 |4/4  |10100100 |10904


---------------
Opcode: 4A
Instruction:LSR Addressing Mode:Accumulator - Operand (Value: "0x00", Address: "None")
Instruction cycle count set to 2
A |X |Y |SP |PC   |T/MT |NV-BDIZC |CYCLE
----------------------------------------
00|00|00|FE |0706 |1/2  |00100110 |10905
00|00|00|FE |0706 |2/2  |00100110 |10906


---------------
Opcode: C9
ll: 02
Instruction:CMP Addressing Mode:Immediate - Operand (Value: "0x02", Address: "None")
Instruction cycle count set to 2
A |X |Y |SP |PC   |T/MT |NV-BDIZC |CYCLE
----------------------------------------
00|00|00|FE |0708 |1/2  |10100100 |10907
00|00|00|FE |0708 |2/2  |10100100 |10908


---------------
Opcode: D0
ll: F8
Old PC: 070A Offset:-8 New PC: 0702
Instruction:BNE Addressing Mode:Relative - Operand (Value: "None", Address: "0x0702")
Instruction cycle count set to 2
A |X |Y |SP |PC   |T/MT |NV-BDIZC |CYCLE
----------------------------------------
00|00|00|FE |0702 |1/3  |10100100 |10909
00|00|00|FE |0702 |2/3  |10100100 |10910
00|00|00|FE |0702 |3/3  |10100100 |10911


---------------
Opcode: 8D
ll: 00 hh: A0
Instruction:STA Addressing Mode:Absolute - Operand (Value: "0x00", Address: "0xA000")
Writing value 0x00 to address: 0xA000
0xA000: 0x00
Instruction cycle count set to 4
A |X |Y |SP |PC   |T/MT |NV-BDIZC |CYCLE
----------------------------------------
00|00|00|FE |0705 |1/4  |10100100 |10912
00|00|00|FE |0705 |2/4  |10100100 |10913
00|00|00|FE |0705 |3/4  |10100100 |10914
00|00|00|FE |0705 |4/4  |10100100 |10915


---------------
Opcode: 4A
Instruction:LSR Addressing Mode:Accumulator - Operand (Value: "0x00", Address: "None")
Instruction cycle count set to 2
A |X |Y |SP |PC   |T/MT |NV-BDIZC |CYCLE
----------------------------------------
00|00|00|FE |0706 |1/2  |00100110 |10916
00|00|00|FE |0706 |2/2  |00100110 |10917


---------------
Opcode: C9
ll: 02
Instruction:CMP Addressing Mode:Immediate - Operand (Value: "0x02", Address: "None")
Instruction cycle count set to 2
A |X |Y |SP |PC   |T/MT |NV-BDIZC |CYCLE
----------------------------------------
00|00|00|FE |0708 |1/2  |10100100 |10918
00|00|00|FE |0708 |2/2  |10100100 |10919


---------------
Opcode: D0
ll: F8
Old PC: 070A Offset:-8 New PC: 0702
Instruction:BNE Addressing Mode:Relative - Operand (Value: "None", Address: "0x0702")
Instruction cycle count set to 2
A |X |Y |SP |PC   |T/MT |NV-BDIZC |CYCLE
----------------------------------------
00|00|00|FE |0702 |1/3  |10100100 |10920
00|00|00|FE |0702 |2/3  |10100100 |10921
00|00|00|FE |0702 |3/3  |10100100 |10922


---------------
Opcode: 8D
ll: 00 hh: A0
Instruction:STA Addressing Mode:Absolute - Operand (Value: "0x00", Address: "0xA000")
Writing value 0x00 to address: 0xA000
0xA000: 0x00
Instruction cycle count set to 4
A |X |Y |SP |PC   |T/MT |NV-BDIZC |CYCLE
----------------------------------------
00|00|00|FE |0705 |1/4  |10100100 |10923
00|00|00|FE |0705 |2/4  |10100100 |10924
00|00|00|FE |0705 |3/4  |10100100 |10925
00|00|00|FE |0705 |4/4  |10100100 |10926


---------------
Opcode: 4A
Instruction:LSR Addressing Mode:Accumulator - Operand (Value: "0x00", Address: "None")
Instruction cycle count set to 2
A |X |Y |SP |PC   |T/MT |NV-BDIZC |CYCLE
----------------------------------------
00|00|00|FE |0706 |1/2  |00100110 |10927
00|00|00|FE |0706 |2/2  |00100110 |10928


---------------
Opcode: C9
ll: 02
Instruction:CMP Addressing Mode:Immediate - Operand (Value: "0x02", Address: "None")
Instruction cycle count set to 2
A |X |Y |SP |PC   |T/MT |NV-BDIZC |CYCLE
----------------------------------------
00|00|00|FE |0708 |1/2  |10100100 |10929
00|00|00|FE |0708 |2/2  |10100100 |10930


---------------
Opcode: D0
ll: F8
Old PC: 070A Offset:-8 New PC: 0702
Instruction:BNE Addressing Mode:Relative - Operand (Value: "None", Address: "0x0702")
Instruction cycle count set to 2
A |X |Y |SP |PC   |T/MT |NV-BDIZC |CYCLE
----------------------------------------
00|00|00|FE |0702 |1/3  |10100100 |10931
00|00|00|FE |0702 |2/3  |10100100 |10932
00|00|00|FE |0702 |3/3  |10100100 |10933


---------------
Opcode: 8D
ll: 00 hh: A0
Instruction:STA Addressing Mode:Absolute - Operand (Value: "0x00", Address: "0xA000")
Writing value 0x00 to address: 0xA000
0xA000: 0x00
Instruction cycle count set to 4
A |X |Y |SP |PC   |T/MT |NV-BDIZC |CYCLE
----------------------------------------
00|00|00|FE |0705 |1/4  |10100100 |10934
00|00|00|FE |0705 |2/4  |10100100 |10935
00|00|00|FE |0705 |3/4  |10100100 |10936
00|00|00|FE |0705 |4/4  |10100100 |10937


---------------
Opcode: 4A
Instruction:LSR Addressing Mode:Accumulator - Operand (Value: "0x00", Address: "None")
Instruction cycle count set to 2
A |X |Y |SP |PC   |T/MT |NV-BDIZC |CYCLE
----------------------------------------
00|00|00|FE |0706 |1/2  |00100110 |10938
00|00|00|FE |0706 |2/2  |00100110 |10939


---------------
Opcode: C9
ll: 02
Instruction:CMP Addressing Mode:Immediate - Operand (Value: "0x02", Address: "None")
Instruction cycle count set to 2
A |X |Y |SP |PC   |T/MT |NV-BDIZC |CYCLE
----------------------------------------
00|00|00|FE |0708 |1/2  |10100100 |10940
00|00|00|FE |0708 |2/2  |10100100 |10941


---------------
Opcode: D0
ll: F8
Old PC: 070A Offset:-8 New PC: 0702
Instruction:BNE Addressing Mode:Relative - Operand (Value: "None", Address: "0x0702")
Instruction cycle count set to 2
A |X |Y |SP |PC   |T/MT |NV-BDIZC |CYCLE
----------------------------------------
00|00|00|FE |0702 |1/3  |10100100 |10942
00|00|00|FE |0702 |2/3  |10100100 |10943
00|00|00|FE |0702 |3/3  |10100100 |10944


---------------
Opcode: 8D
ll: 00 hh: A0
Instruction:STA Addressing Mode:Absolute - Operand (Value: "0x00", Address: "0xA000")
Writing value 0x00 to address: 0xA000
0xA000: 0x00
Instruction cycle count set to 4
A |X |Y |SP |PC   |T/MT |NV-BDIZC |CYCLE
----------------------------------------
00|00|00|FE |0705 |1/4  |10100100 |10945
00|00|00|FE |0705 |2/4  |10100100 |10946
00|00|00|FE |0705 |3/4  |10100100 |10947
00|00|00|FE |0705 |4/4  |10100100 |10948


---------------
Opcode: 4A
Instruction:LSR Addressing Mode:Accumulator - Operand (Value: "0x00", Address: "None")
Instruction cycle count set to 2
A |X |Y |SP |PC   |T/MT |NV-BDIZC |CYCLE
----------------------------------------
00|00|00|FE |0706 |1/2  |00100110 |10949
00|00|00|FE |0706 |2/2  |00100110 |10950


---------------
Opcode: C9
ll: 02
Instruction:CMP Addressing Mode:Immediate - Operand (Value: "0x02", Address: "None")
Instruction cycle count set to 2
A |X |Y |SP |PC   |T/MT |NV-BDIZC |CYCLE
----------------------------------------
00|00|00|FE |0708 |1/2  |10100100 |10951
00|00|00|FE |0708 |2/2  |10100100 |10952


---------------
Opcode: D0
ll: F8
Old PC: 070A Offset:-8 New PC: 0702
Instruction:BNE Addressing Mode:Relative - Operand (Value: "None", Address: "0x0702")
Instruction cycle count set to 2
A |X |Y |SP |PC   |T/MT |NV-BDIZC |CYCLE
----------------------------------------
00|00|00|FE |0702 |1/3  |10100100 |10953
00|00|00|FE |0702 |2/3  |10100100 |10954
00|00|00|FE |0702 |3/3  |10100100 |10955


---------------
Opcode: 8D
ll: 00 hh: A0
Instruction:STA Addressing Mode:Absolute - Operand (Value: "0x00", Address: "0xA000")
Writing value 0x00 to address: 0xA000
0xA000: 0x00
Instruction cycle count set to 4
A |X |Y |SP |PC   |T/MT |NV-BDIZC |CYCLE
----------------------------------------
00|00|00|FE |0705 |1/4  |10100100 |10956
00|00|00|FE |0705 |2/4  |10100100 |10957
00|00|00|FE |0705 |3/4  |10100100 |10958
00|00|00|FE |0705 |4/4  |10100100 |10959


---------------
Opcode: 4A
Instruction:LSR Addressing Mode:Accumulator - Operand (Value: "0x00", Address: "None")
Instruction cycle count set to 2
A |X |Y |SP |PC   |T/MT |NV-BDIZC |CYCLE
----------------------------------------
00|00|00|FE |0706 |1/2  |00100110 |10960
00|00|00|FE |0706 |2/2  |00100110 |10961


---------------
Opcode: C9
ll: 02
Instruction:CMP Addressing Mode:Immediate - Operand (Value: "0x02", Address: "None")
Instruction cycle count set to 2
A |X |Y |SP |PC   |T/MT |NV-BDIZC |CYCLE
----------------------------------------
00|00|00|FE |0708 |1/2  |10100100 |10962
00|00|00|FE |0708 |2/2  |10100100 |10963


---------------
Opcode: D0
ll: F8
Old PC: 070A Offset:-8 New PC: 0702
Instruction:BNE Addressing Mode:Relative - Operand (Value: "None", Address: "0x0702")
Instruction cycle count set to 2
A |X |Y |SP |PC   |T/MT |NV-BDIZC |CYCLE
----------------------------------------
00|00|00|FE |0702 |1/3  |10100100 |10964
00|00|00|FE |0702 |2/3  |10100100 |10965
00|00|00|FE |0702 |3/3  |10100100 |10966


---------------
Opcode: 8D
ll: 00 hh: A0
Instruction:STA Addressing Mode:Absolute - Operand (Value: "0x00", Address: "0xA000")
Writing value 0x00 to address: 0xA000
0xA000: 0x00
Instruction cycle count set to 4
A |X |Y |SP |PC   |T/MT |NV-BDIZC |CYCLE
----------------------------------------
00|00|00|FE |0705 |1/4  |10100100 |10967
00|00|00|FE |0705 |2/4  |10100100 |10968
00|00|00|FE |0705 |3/4  |10100100 |10969
00|00|00|FE |0705 |4/4  |10100100 |10970


---------------
Opcode: 4A
Instruction:LSR Addressing Mode:Accumulator - Operand (Value: "0x00", Address: "None")
Instruction cycle count set to 2
A |X |Y |SP |PC   |T/MT |NV-BDIZC |CYCLE
----------------------------------------
00|00|00|FE |0706 |1/2  |00100110 |10971
00|00|00|FE |0706 |2/2  |00100110 |10972


---------------
Opcode: C9
ll: 02
Instruction:CMP Addressing Mode:Immediate - Operand (Value: "0x02", Address: "None")
Instruction cycle count set to 2
A |X |Y |SP |PC   |T/MT |NV-BDIZC |CYCLE
----------------------------------------
00|00|00|FE |0708 |1/2  |10100100 |10973
00|00|00|FE |0708 |2/2  |10100100 |10974


---------------
Opcode: D0
ll: F8
Old PC: 070A Offset:-8 New PC: 0702
Instruction:BNE Addressing Mode:Relative - Operand (Value: "None", Address: "0x0702")
Instruction cycle count set to 2
A |X |Y |SP |PC   |T/MT |NV-BDIZC |CYCLE
----------------------------------------
00|00|00|FE |0702 |1/3  |10100100 |10975
00|00|00|FE |0702 |2/3  |10100100 |10976
00|00|00|FE |0702 |3/3  |10100100 |10977


---------------
Opcode: 8D
ll: 00 hh: A0
Instruction:STA Addressing Mode:Absolute - Operand (Value: "0x00", Address: "0xA000")
Writing value 0x00 to address: 0xA000
0xA000: 0x00
Instruction cycle count set to 4
A |X |Y |SP |PC   |T/MT |NV-BDIZC |CYCLE
----------------------------------------
00|00|00|FE |0705 |1/4  |10100100 |10978
00|00|00|FE |0705 |2/4  |10100100 |10979
00|00|00|FE |0705 |3/4  |10100100 |10980
00|00|00|FE |0705 |4/4  |10100100 |10981


---------------
Opcode: 4A
Instruction:LSR Addressing Mode:Accumulator - Operand (Value: "0x00", Address: "None")
Instruction cycle count set to 2
A |X |Y |SP |PC   |T/MT |NV-BDIZC |CYCLE
----------------------------------------
00|00|00|FE |0706 |1/2  |00100110 |10982
00|00|00|FE |0706 |2/2  |00100110 |10983


---------------
Opcode: C9
ll: 02
Instruction:CMP Addressing Mode:Immediate - Operand (Value: "0x02", Address: "None")
Instruction cycle count set to 2
A |X |Y |SP |PC   |T/MT |NV-BDIZC |CYCLE
----------------------------------------
00|00|00|FE |0708 |1/2  |10100100 |10984
00|00|00|FE |0708 |2/2  |10100100 |10985


---------------
Opcode: D0
ll: F8
Old PC: 070A Offset:-8 New PC: 0702
Instruction:BNE Addressing Mode:Relative - Operand (Value: "None", Address: "0x0702")
Instruction cycle count set to 2
A |X |Y |SP |PC   |T/MT |NV-BDIZC |CYCLE
----------------------------------------
00|00|00|FE |0702 |1/3  |10100100 |10986
00|00|00|FE |0702 |2/3  |10100100 |10987
00|00|00|FE |0702 |3/3  |10100100 |10988


---------------
Opcode: 8D
ll: 00 hh: A0
Instruction:STA Addressing Mode:Absolute - Operand (Value: "0x00", Address: "0xA000")
Writing value 0x00 to address: 0xA000
0xA000: 0x00
Instruction cycle count set to 4
A |X |Y |SP |PC   |T/MT |NV-BDIZC |CYCLE
----------------------------------------
00|00|00|FE |0705 |1/4  |10100100 |10989
00|00|00|FE |0705 |2/4  |10100100 |10990
00|00|00|FE |0705 |3/4  |10100100 |10991
00|00|00|FE |0705 |4/4  |10100100 |10992


---------------
Opcode: 4A
Instruction:LSR Addressing Mode:Accumulator - Operand (Value: "0x00", Address: "None")
Instruction cycle count set to 2
A |X |Y |SP |PC   |T/MT |NV-BDIZC |CYCLE
----------------------------------------
00|00|00|FE |0706 |1/2  |00100110 |10993
00|00|00|FE |0706 |2/2  |00100110 |10994


---------------
Opcode: C9
ll: 02
Instruction:CMP Addressing Mode:Immediate - Operand (Value: "0x02", Address: "None")
Instruction cycle count set to 2
A |X |Y |SP |PC   |T/MT |NV-BDIZC |CYCLE
----------------------------------------
00|00|00|FE |0708 |1/2  |10100100 |10995
00|00|00|FE |0708 |2/2  |10100100 |10996


---------------
Opcode: D0
ll: F8
Old PC: 070A Offset:-8 New PC: 0702
Instruction:BNE Addressing Mode:Relative - Operand (Value: "None", Address: "0x0702")
Instruction cycle count set to 2
A |X |Y |SP |PC   |T/MT |NV-BDIZC |CYCLE
----------------------------------------
00|00|00|FE |0702 |1/3  |10100100 |10997
00|00|00|FE |0702 |2/3  |10100100 |10998
emulation behind by 853.638272ms. trying to catch up...
00|00|00|FE |0702 |3/3  |10100100 |10999


---------------
Opcode: 8D
ll: 00 hh: A0
Instruction:STA Addressing Mode:Absolute - Operand (Value: "0x00", Address: "0xA000")
Writing value 0x00 to address: 0xA000
0xA000: 0x00
Instruction cycle count set to 4
A |X |Y |SP |PC   |T/MT |NV-BDIZC |CYCLE
----------------------------------------
00|00|00|FE |0705 |1/4  |10100100 |11000
00|00|00|FE |0705 |2/4  |10100100 |11001
00|00|00|FE |0705 |3/4  |10100100 |11002
00|00|00|FE |0705 |4/4  |10100100 |11003


---------------
Opcode: 4A
Instruction:LSR Addressing Mode:Accumulator - Operand (Value: "0x00", Address: "None")
Instruction cycle count set to 2
A |X |Y |SP |PC   |T/MT |NV-BDIZC |CYCLE
----------------------------------------
00|00|00|FE |0706 |1/2  |00100110 |11004
00|00|00|FE |0706 |2/2  |00100110 |11005


---------------
Opcode: C9
ll: 02
Instruction:CMP Addressing Mode:Immediate - Operand (Value: "0x02", Address: "None")
Instruction cycle count set to 2
A |X |Y |SP |PC   |T/MT |NV-BDIZC |CYCLE
----------------------------------------
00|00|00|FE |0708 |1/2  |10100100 |11006
00|00|00|FE |0708 |2/2  |10100100 |11007


---------------
Opcode: D0
ll: F8
Old PC: 070A Offset:-8 New PC: 0702
Instruction:BNE Addressing Mode:Relative - Operand (Value: "None", Address: "0x0702")
Instruction cycle count set to 2
A |X |Y |SP |PC   |T/MT |NV-BDIZC |CYCLE
----------------------------------------
00|00|00|FE |0702 |1/3  |10100100 |11008
00|00|00|FE |0702 |2/3  |10100100 |11009
00|00|00|FE |0702 |3/3  |10100100 |11010


---------------
Opcode: 8D
ll: 00 hh: A0
Instruction:STA Addressing Mode:Absolute - Operand (Value: "0x00", Address: "0xA000")
Writing value 0x00 to address: 0xA000
0xA000: 0x00
Instruction cycle count set to 4
A |X |Y |SP |PC   |T/MT |NV-BDIZC |CYCLE
----------------------------------------
00|00|00|FE |0705 |1/4  |10100100 |11011
00|00|00|FE |0705 |2/4  |10100100 |11012
00|00|00|FE |0705 |3/4  |10100100 |11013
00|00|00|FE |0705 |4/4  |10100100 |11014


---------------
Opcode: 4A
Instruction:LSR Addressing Mode:Accumulator - Operand (Value: "0x00", Address: "None")
Instruction cycle count set to 2
A |X |Y |SP |PC   |T/MT |NV-BDIZC |CYCLE
----------------------------------------
00|00|00|FE |0706 |1/2  |00100110 |11015
00|00|00|FE |0706 |2/2  |00100110 |11016


---------------
Opcode: C9
ll: 02
Instruction:CMP Addressing Mode:Immediate - Operand (Value: "0x02", Address: "None")
Instruction cycle count set to 2
A |X |Y |SP |PC   |T/MT |NV-BDIZC |CYCLE
----------------------------------------
00|00|00|FE |0708 |1/2  |10100100 |11017
00|00|00|FE |0708 |2/2  |10100100 |11018


---------------
Opcode: D0
ll: F8
Old PC: 070A Offset:-8 New PC: 0702
Instruction:BNE Addressing Mode:Relative - Operand (Value: "None", Address: "0x0702")
Instruction cycle count set to 2
A |X |Y |SP |PC   |T/MT |NV-BDIZC |CYCLE
----------------------------------------
00|00|00|FE |0702 |1/3  |10100100 |11019
00|00|00|FE |0702 |2/3  |10100100 |11020
00|00|00|FE |0702 |3/3  |10100100 |11021


---------------
Opcode: 8D
ll: 00 hh: A0
Instruction:STA Addressing Mode:Absolute - Operand (Value: "0x00", Address: "0xA000")
Writing value 0x00 to address: 0xA000
0xA000: 0x00
Instruction cycle count set to 4
A |X |Y |SP |PC   |T/MT |NV-BDIZC |CYCLE
----------------------------------------
00|00|00|FE |0705 |1/4  |10100100 |11022
00|00|00|FE |0705 |2/4  |10100100 |11023
00|00|00|FE |0705 |3/4  |10100100 |11024
00|00|00|FE |0705 |4/4  |10100100 |11025


---------------
Opcode: 4A
Instruction:LSR Addressing Mode:Accumulator - Operand (Value: "0x00", Address: "None")
Instruction cycle count set to 2
A |X |Y |SP |PC   |T/MT |NV-BDIZC |CYCLE
----------------------------------------
00|00|00|FE |0706 |1/2  |00100110 |11026
00|00|00|FE |0706 |2/2  |00100110 |11027


---------------
Opcode: C9
ll: 02
Instruction:CMP Addressing Mode:Immediate - Operand (Value: "0x02", Address: "None")
Instruction cycle count set to 2
A |X |Y |SP |PC   |T/MT |NV-BDIZC |CYCLE
----------------------------------------
00|00|00|FE |0708 |1/2  |10100100 |11028
00|00|00|FE |0708 |2/2  |10100100 |11029


---------------
Opcode: D0
ll: F8
Old PC: 070A Offset:-8 New PC: 0702
Instruction:BNE Addressing Mode:Relative - Operand (Value: "None", Address: "0x0702")
Instruction cycle count set to 2
A |X |Y |SP |PC   |T/MT |NV-BDIZC |CYCLE
----------------------------------------
00|00|00|FE |0702 |1/3  |10100100 |11030
00|00|00|FE |0702 |2/3  |10100100 |11031
00|00|00|FE |0702 |3/3  |10100100 |11032


---------------
Opcode: 8D
ll: 00 hh: A0
Instruction:STA Addressing Mode:Absolute - Operand (Value: "0x00", Address: "0xA000")
Writing value 0x00 to address: 0xA000
0xA000: 0x00
Instruction cycle count set to 4
A |X |Y |SP |PC   |T/MT |NV-BDIZC |CYCLE
----------------------------------------
00|00|00|FE |0705 |1/4  |10100100 |11033
00|00|00|FE |0705 |2/4  |10100100 |11034
00|00|00|FE |0705 |3/4  |10100100 |11035
00|00|00|FE |0705 |4/4  |10100100 |11036


---------------
Opcode: 4A
Instruction:LSR Addressing Mode:Accumulator - Operand (Value: "0x00", Address: "None")
Instruction cycle count set to 2
A |X |Y |SP |PC   |T/MT |NV-BDIZC |CYCLE
----------------------------------------
00|00|00|FE |0706 |1/2  |00100110 |11037
00|00|00|FE |0706 |2/2  |00100110 |11038


---------------
Opcode: C9
ll: 02
Instruction:CMP Addressing Mode:Immediate - Operand (Value: "0x02", Address: "None")
Instruction cycle count set to 2
A |X |Y |SP |PC   |T/MT |NV-BDIZC |CYCLE
----------------------------------------
00|00|00|FE |0708 |1/2  |10100100 |11039
00|00|00|FE |0708 |2/2  |10100100 |11040


---------------
Opcode: D0
ll: F8
Old PC: 070A Offset:-8 New PC: 0702
Instruction:BNE Addressing Mode:Relative - Operand (Value: "None", Address: "0x0702")
Instruction cycle count set to 2
A |X |Y |SP |PC   |T/MT |NV-BDIZC |CYCLE
----------------------------------------
00|00|00|FE |0702 |1/3  |10100100 |11041
00|00|00|FE |0702 |2/3  |10100100 |11042
00|00|00|FE |0702 |3/3  |10100100 |11043


---------------
Opcode: 8D
ll: 00 hh: A0
Instruction:STA Addressing Mode:Absolute - Operand (Value: "0x00", Address: "0xA000")
Writing value 0x00 to address: 0xA000
0xA000: 0x00
Instruction cycle count set to 4
A |X |Y |SP |PC   |T/MT |NV-BDIZC |CYCLE
----------------------------------------
00|00|00|FE |0705 |1/4  |10100100 |11044
00|00|00|FE |0705 |2/4  |10100100 |11045
00|00|00|FE |0705 |3/4  |10100100 |11046
00|00|00|FE |0705 |4/4  |10100100 |11047


---------------
Opcode: 4A
Instruction:LSR Addressing Mode:Accumulator - Operand (Value: "0x00", Address: "None")
Instruction cycle count set to 2
A |X |Y |SP |PC   |T/MT |NV-BDIZC |CYCLE
----------------------------------------
00|00|00|FE |0706 |1/2  |00100110 |11048
00|00|00|FE |0706 |2/2  |00100110 |11049


---------------
Opcode: C9
ll: 02
Instruction:CMP Addressing Mode:Immediate - Operand (Value: "0x02", Address: "None")
Instruction cycle count set to 2
A |X |Y |SP |PC   |T/MT |NV-BDIZC |CYCLE
----------------------------------------
00|00|00|FE |0708 |1/2  |10100100 |11050
00|00|00|FE |0708 |2/2  |10100100 |11051


---------------
Opcode: D0
ll: F8
Old PC: 070A Offset:-8 New PC: 0702
Instruction:BNE Addressing Mode:Relative - Operand (Value: "None", Address: "0x0702")
Instruction cycle count set to 2
A |X |Y |SP |PC   |T/MT |NV-BDIZC |CYCLE
----------------------------------------
00|00|00|FE |0702 |1/3  |10100100 |11052
00|00|00|FE |0702 |2/3  |10100100 |11053
00|00|00|FE |0702 |3/3  |10100100 |11054


---------------
Opcode: 8D
ll: 00 hh: A0
Instruction:STA Addressing Mode:Absolute - Operand (Value: "0x00", Address: "0xA000")
Writing value 0x00 to address: 0xA000
0xA000: 0x00
Instruction cycle count set to 4
A |X |Y |SP |PC   |T/MT |NV-BDIZC |CYCLE
----------------------------------------
00|00|00|FE |0705 |1/4  |10100100 |11055
00|00|00|FE |0705 |2/4  |10100100 |11056
00|00|00|FE |0705 |3/4  |10100100 |11057
00|00|00|FE |0705 |4/4  |10100100 |11058


---------------
Opcode: 4A
Instruction:LSR Addressing Mode:Accumulator - Operand (Value: "0x00", Address: "None")
Instruction cycle count set to 2
A |X |Y |SP |PC   |T/MT |NV-BDIZC |CYCLE
----------------------------------------
00|00|00|FE |0706 |1/2  |00100110 |11059
00|00|00|FE |0706 |2/2  |00100110 |11060


---------------
Opcode: C9
ll: 02
Instruction:CMP Addressing Mode:Immediate - Operand (Value: "0x02", Address: "None")
Instruction cycle count set to 2
A |X |Y |SP |PC   |T/MT |NV-BDIZC |CYCLE
----------------------------------------
00|00|00|FE |0708 |1/2  |10100100 |11061
00|00|00|FE |0708 |2/2  |10100100 |11062


---------------
Opcode: D0
ll: F8
Old PC: 070A Offset:-8 New PC: 0702
Instruction:BNE Addressing Mode:Relative - Operand (Value: "None", Address: "0x0702")
Instruction cycle count set to 2
A |X |Y |SP |PC   |T/MT |NV-BDIZC |CYCLE
----------------------------------------
00|00|00|FE |0702 |1/3  |10100100 |11063
00|00|00|FE |0702 |2/3  |10100100 |11064
00|00|00|FE |0702 |3/3  |10100100 |11065


---------------
Opcode: 8D
ll: 00 hh: A0
Instruction:STA Addressing Mode:Absolute - Operand (Value: "0x00", Address: "0xA000")
Writing value 0x00 to address: 0xA000
0xA000: 0x00
Instruction cycle count set to 4
A |X |Y |SP |PC   |T/MT |NV-BDIZC |CYCLE
----------------------------------------
00|00|00|FE |0705 |1/4  |10100100 |11066
00|00|00|FE |0705 |2/4  |10100100 |11067
00|00|00|FE |0705 |3/4  |10100100 |11068
00|00|00|FE |0705 |4/4  |10100100 |11069


---------------
Opcode: 4A
Instruction:LSR Addressing Mode:Accumulator - Operand (Value: "0x00", Address: "None")
Instruction cycle count set to 2
A |X |Y |SP |PC   |T/MT |NV-BDIZC |CYCLE
----------------------------------------
00|00|00|FE |0706 |1/2  |00100110 |11070
00|00|00|FE |0706 |2/2  |00100110 |11071


---------------
Opcode: C9
ll: 02
Instruction:CMP Addressing Mode:Immediate - Operand (Value: "0x02", Address: "None")
Instruction cycle count set to 2
A |X |Y |SP |PC   |T/MT |NV-BDIZC |CYCLE
----------------------------------------
00|00|00|FE |0708 |1/2  |10100100 |11072
00|00|00|FE |0708 |2/2  |10100100 |11073


---------------
Opcode: D0
ll: F8
Old PC: 070A Offset:-8 New PC: 0702
Instruction:BNE Addressing Mode:Relative - Operand (Value: "None", Address: "0x0702")
Instruction cycle count set to 2
A |X |Y |SP |PC   |T/MT |NV-BDIZC |CYCLE
----------------------------------------
00|00|00|FE |0702 |1/3  |10100100 |11074
00|00|00|FE |0702 |2/3  |10100100 |11075
00|00|00|FE |0702 |3/3  |10100100 |11076


---------------
Opcode: 8D
ll: 00 hh: A0
Instruction:STA Addressing Mode:Absolute - Operand (Value: "0x00", Address: "0xA000")
Writing value 0x00 to address: 0xA000
0xA000: 0x00
Instruction cycle count set to 4
A |X |Y |SP |PC   |T/MT |NV-BDIZC |CYCLE
----------------------------------------
00|00|00|FE |0705 |1/4  |10100100 |11077
00|00|00|FE |0705 |2/4  |10100100 |11078
00|00|00|FE |0705 |3/4  |10100100 |11079
00|00|00|FE |0705 |4/4  |10100100 |11080


---------------
Opcode: 4A
Instruction:LSR Addressing Mode:Accumulator - Operand (Value: "0x00", Address: "None")
Instruction cycle count set to 2
A |X |Y |SP |PC   |T/MT |NV-BDIZC |CYCLE
----------------------------------------
00|00|00|FE |0706 |1/2  |00100110 |11081
00|00|00|FE |0706 |2/2  |00100110 |11082


---------------
Opcode: C9
ll: 02
Instruction:CMP Addressing Mode:Immediate - Operand (Value: "0x02", Address: "None")
Instruction cycle count set to 2
A |X |Y |SP |PC   |T/MT |NV-BDIZC |CYCLE
----------------------------------------
00|00|00|FE |0708 |1/2  |10100100 |11083
00|00|00|FE |0708 |2/2  |10100100 |11084


---------------
Opcode: D0
ll: F8
Old PC: 070A Offset:-8 New PC: 0702
Instruction:BNE Addressing Mode:Relative - Operand (Value: "None", Address: "0x0702")
Instruction cycle count set to 2
A |X |Y |SP |PC   |T/MT |NV-BDIZC |CYCLE
----------------------------------------
00|00|00|FE |0702 |1/3  |10100100 |11085
00|00|00|FE |0702 |2/3  |10100100 |11086
00|00|00|FE |0702 |3/3  |10100100 |11087


---------------
Opcode: 8D
ll: 00 hh: A0
Instruction:STA Addressing Mode:Absolute - Operand (Value: "0x00", Address: "0xA000")
Writing value 0x00 to address: 0xA000
0xA000: 0x00
Instruction cycle count set to 4
A |X |Y |SP |PC   |T/MT |NV-BDIZC |CYCLE
----------------------------------------
00|00|00|FE |0705 |1/4  |10100100 |11088
00|00|00|FE |0705 |2/4  |10100100 |11089
00|00|00|FE |0705 |3/4  |10100100 |11090
00|00|00|FE |0705 |4/4  |10100100 |11091


---------------
Opcode: 4A
Instruction:LSR Addressing Mode:Accumulator - Operand (Value: "0x00", Address: "None")
Instruction cycle count set to 2
A |X |Y |SP |PC   |T/MT |NV-BDIZC |CYCLE
----------------------------------------
00|00|00|FE |0706 |1/2  |00100110 |11092
00|00|00|FE |0706 |2/2  |00100110 |11093


---------------
Opcode: C9
ll: 02
Instruction:CMP Addressing Mode:Immediate - Operand (Value: "0x02", Address: "None")
Instruction cycle count set to 2
A |X |Y |SP |PC   |T/MT |NV-BDIZC |CYCLE
----------------------------------------
00|00|00|FE |0708 |1/2  |10100100 |11094
00|00|00|FE |0708 |2/2  |10100100 |11095


---------------
Opcode: D0
ll: F8
Old PC: 070A Offset:-8 New PC: 0702
Instruction:BNE Addressing Mode:Relative - Operand (Value: "None", Address: "0x0702")
Instruction cycle count set to 2
A |X |Y |SP |PC   |T/MT |NV-BDIZC |CYCLE
----------------------------------------
00|00|00|FE |0702 |1/3  |10100100 |11096
00|00|00|FE |0702 |2/3  |10100100 |11097
00|00|00|FE |0702 |3/3  |10100100 |11098


---------------
Opcode: 8D
ll: 00 hh: A0
Instruction:STA Addressing Mode:Absolute - Operand (Value: "0x00", Address: "0xA000")
Writing value 0x00 to address: 0xA000
0xA000: 0x00
Instruction cycle count set to 4
A |X |Y |SP |PC   |T/MT |NV-BDIZC |CYCLE
----------------------------------------
00|00|00|FE |0705 |1/4  |10100100 |11099
00|00|00|FE |0705 |2/4  |10100100 |11100
00|00|00|FE |0705 |3/4  |10100100 |11101
00|00|00|FE |0705 |4/4  |10100100 |11102


---------------
Opcode: 4A
Instruction:LSR Addressing Mode:Accumulator - Operand (Value: "0x00", Address: "None")
Instruction cycle count set to 2
A |X |Y |SP |PC   |T/MT |NV-BDIZC |CYCLE
----------------------------------------
00|00|00|FE |0706 |1/2  |00100110 |11103
00|00|00|FE |0706 |2/2  |00100110 |11104


---------------
Opcode: C9
ll: 02
Instruction:CMP Addressing Mode:Immediate - Operand (Value: "0x02", Address: "None")
Instruction cycle count set to 2
A |X |Y |SP |PC   |T/MT |NV-BDIZC |CYCLE
----------------------------------------
00|00|00|FE |0708 |1/2  |10100100 |11105
00|00|00|FE |0708 |2/2  |10100100 |11106


---------------
Opcode: D0
ll: F8
Old PC: 070A Offset:-8 New PC: 0702
Instruction:BNE Addressing Mode:Relative - Operand (Value: "None", Address: "0x0702")
Instruction cycle count set to 2
A |X |Y |SP |PC   |T/MT |NV-BDIZC |CYCLE
----------------------------------------
00|00|00|FE |0702 |1/3  |10100100 |11107
00|00|00|FE |0702 |2/3  |10100100 |11108
00|00|00|FE |0702 |3/3  |10100100 |11109


---------------
Opcode: 8D
ll: 00 hh: A0
Instruction:STA Addressing Mode:Absolute - Operand (Value: "0x00", Address: "0xA000")
Writing value 0x00 to address: 0xA000
0xA000: 0x00
Instruction cycle count set to 4
A |X |Y |SP |PC   |T/MT |NV-BDIZC |CYCLE
----------------------------------------
00|00|00|FE |0705 |1/4  |10100100 |11110
00|00|00|FE |0705 |2/4  |10100100 |11111
00|00|00|FE |0705 |3/4  |10100100 |11112
00|00|00|FE |0705 |4/4  |10100100 |11113


---------------
Opcode: 4A
Instruction:LSR Addressing Mode:Accumulator - Operand (Value: "0x00", Address: "None")
Instruction cycle count set to 2
A |X |Y |SP |PC   |T/MT |NV-BDIZC |CYCLE
----------------------------------------
00|00|00|FE |0706 |1/2  |00100110 |11114
00|00|00|FE |0706 |2/2  |00100110 |11115


---------------
Opcode: C9
ll: 02
Instruction:CMP Addressing Mode:Immediate - Operand (Value: "0x02", Address: "None")
Instruction cycle count set to 2
A |X |Y |SP |PC   |T/MT |NV-BDIZC |CYCLE
----------------------------------------
00|00|00|FE |0708 |1/2  |10100100 |11116
00|00|00|FE |0708 |2/2  |10100100 |11117


---------------
Opcode: D0
ll: F8
Old PC: 070A Offset:-8 New PC: 0702
Instruction:BNE Addressing Mode:Relative - Operand (Value: "None", Address: "0x0702")
Instruction cycle count set to 2
A |X |Y |SP |PC   |T/MT |NV-BDIZC |CYCLE
----------------------------------------
00|00|00|FE |0702 |1/3  |10100100 |11118
00|00|00|FE |0702 |2/3  |10100100 |11119
00|00|00|FE |0702 |3/3  |10100100 |11120


---------------
Opcode: 8D
ll: 00 hh: A0
Instruction:STA Addressing Mode:Absolute - Operand (Value: "0x00", Address: "0xA000")
Writing value 0x00 to address: 0xA000
0xA000: 0x00
Instruction cycle count set to 4
A |X |Y |SP |PC   |T/MT |NV-BDIZC |CYCLE
----------------------------------------
00|00|00|FE |0705 |1/4  |10100100 |11121
00|00|00|FE |0705 |2/4  |10100100 |11122
00|00|00|FE |0705 |3/4  |10100100 |11123
00|00|00|FE |0705 |4/4  |10100100 |11124


---------------
Opcode: 4A
Instruction:LSR Addressing Mode:Accumulator - Operand (Value: "0x00", Address: "None")
Instruction cycle count set to 2
A |X |Y |SP |PC   |T/MT |NV-BDIZC |CYCLE
----------------------------------------
00|00|00|FE |0706 |1/2  |00100110 |11125
00|00|00|FE |0706 |2/2  |00100110 |11126


---------------
Opcode: C9
ll: 02
Instruction:CMP Addressing Mode:Immediate - Operand (Value: "0x02", Address: "None")
Instruction cycle count set to 2
A |X |Y |SP |PC   |T/MT |NV-BDIZC |CYCLE
----------------------------------------
00|00|00|FE |0708 |1/2  |10100100 |11127
00|00|00|FE |0708 |2/2  |10100100 |11128


---------------
Opcode: D0
ll: F8
Old PC: 070A Offset:-8 New PC: 0702
Instruction:BNE Addressing Mode:Relative - Operand (Value: "None", Address: "0x0702")
Instruction cycle count set to 2
A |X |Y |SP |PC   |T/MT |NV-BDIZC |CYCLE
----------------------------------------
00|00|00|FE |0702 |1/3  |10100100 |11129
00|00|00|FE |0702 |2/3  |10100100 |11130
00|00|00|FE |0702 |3/3  |10100100 |11131


---------------
Opcode: 8D
ll: 00 hh: A0
Instruction:STA Addressing Mode:Absolute - Operand (Value: "0x00", Address: "0xA000")
Writing value 0x00 to address: 0xA000
0xA000: 0x00
Instruction cycle count set to 4
A |X |Y |SP |PC   |T/MT |NV-BDIZC |CYCLE
----------------------------------------
00|00|00|FE |0705 |1/4  |10100100 |11132
00|00|00|FE |0705 |2/4  |10100100 |11133
00|00|00|FE |0705 |3/4  |10100100 |11134
00|00|00|FE |0705 |4/4  |10100100 |11135


---------------
Opcode: 4A
Instruction:LSR Addressing Mode:Accumulator - Operand (Value: "0x00", Address: "None")
Instruction cycle count set to 2
A |X |Y |SP |PC   |T/MT |NV-BDIZC |CYCLE
----------------------------------------
00|00|00|FE |0706 |1/2  |00100110 |11136
00|00|00|FE |0706 |2/2  |00100110 |11137


---------------
Opcode: C9
ll: 02
Instruction:CMP Addressing Mode:Immediate - Operand (Value: "0x02", Address: "None")
Instruction cycle count set to 2
A |X |Y |SP |PC   |T/MT |NV-BDIZC |CYCLE
----------------------------------------
00|00|00|FE |0708 |1/2  |10100100 |11138
00|00|00|FE |0708 |2/2  |10100100 |11139


---------------
Opcode: D0
ll: F8
Old PC: 070A Offset:-8 New PC: 0702
Instruction:BNE Addressing Mode:Relative - Operand (Value: "None", Address: "0x0702")
Instruction cycle count set to 2
A |X |Y |SP |PC   |T/MT |NV-BDIZC |CYCLE
----------------------------------------
00|00|00|FE |0702 |1/3  |10100100 |11140
00|00|00|FE |0702 |2/3  |10100100 |11141
00|00|00|FE |0702 |3/3  |10100100 |11142


---------------
Opcode: 8D
ll: 00 hh: A0
Instruction:STA Addressing Mode:Absolute - Operand (Value: "0x00", Address: "0xA000")
Writing value 0x00 to address: 0xA000
0xA000: 0x00
Instruction cycle count set to 4
A |X |Y |SP |PC   |T/MT |NV-BDIZC |CYCLE
----------------------------------------
00|00|00|FE |0705 |1/4  |10100100 |11143
00|00|00|FE |0705 |2/4  |10100100 |11144
00|00|00|FE |0705 |3/4  |10100100 |11145
00|00|00|FE |0705 |4/4  |10100100 |11146


---------------
Opcode: 4A
Instruction:LSR Addressing Mode:Accumulator - Operand (Value: "0x00", Address: "None")
Instruction cycle count set to 2
A |X |Y |SP |PC   |T/MT |NV-BDIZC |CYCLE
----------------------------------------
00|00|00|FE |0706 |1/2  |00100110 |11147
00|00|00|FE |0706 |2/2  |00100110 |11148


---------------
Opcode: C9
ll: 02
Instruction:CMP Addressing Mode:Immediate - Operand (Value: "0x02", Address: "None")
Instruction cycle count set to 2
A |X |Y |SP |PC   |T/MT |NV-BDIZC |CYCLE
----------------------------------------
00|00|00|FE |0708 |1/2  |10100100 |11149
00|00|00|FE |0708 |2/2  |10100100 |11150


---------------
Opcode: D0
ll: F8
Old PC: 070A Offset:-8 New PC: 0702
Instruction:BNE Addressing Mode:Relative - Operand (Value: "None", Address: "0x0702")
Instruction cycle count set to 2
A |X |Y |SP |PC   |T/MT |NV-BDIZC |CYCLE
----------------------------------------
00|00|00|FE |0702 |1/3  |10100100 |11151
00|00|00|FE |0702 |2/3  |10100100 |11152
00|00|00|FE |0702 |3/3  |10100100 |11153


---------------
Opcode: 8D
ll: 00 hh: A0
Instruction:STA Addressing Mode:Absolute - Operand (Value: "0x00", Address: "0xA000")
Writing value 0x00 to address: 0xA000
0xA000: 0x00
Instruction cycle count set to 4
A |X |Y |SP |PC   |T/MT |NV-BDIZC |CYCLE
----------------------------------------
00|00|00|FE |0705 |1/4  |10100100 |11154
00|00|00|FE |0705 |2/4  |10100100 |11155
00|00|00|FE |0705 |3/4  |10100100 |11156
00|00|00|FE |0705 |4/4  |10100100 |11157


---------------
Opcode: 4A
Instruction:LSR Addressing Mode:Accumulator - Operand (Value: "0x00", Address: "None")
Instruction cycle count set to 2
A |X |Y |SP |PC   |T/MT |NV-BDIZC |CYCLE
----------------------------------------
00|00|00|FE |0706 |1/2  |00100110 |11158
00|00|00|FE |0706 |2/2  |00100110 |11159


---------------
Opcode: C9
ll: 02
Instruction:CMP Addressing Mode:Immediate - Operand (Value: "0x02", Address: "None")
Instruction cycle count set to 2
A |X |Y |SP |PC   |T/MT |NV-BDIZC |CYCLE
----------------------------------------
00|00|00|FE |0708 |1/2  |10100100 |11160
00|00|00|FE |0708 |2/2  |10100100 |11161


---------------
Opcode: D0
ll: F8
Old PC: 070A Offset:-8 New PC: 0702
Instruction:BNE Addressing Mode:Relative - Operand (Value: "None", Address: "0x0702")
Instruction cycle count set to 2
A |X |Y |SP |PC   |T/MT |NV-BDIZC |CYCLE
----------------------------------------
00|00|00|FE |0702 |1/3  |10100100 |11162
00|00|00|FE |0702 |2/3  |10100100 |11163
00|00|00|FE |0702 |3/3  |10100100 |11164


---------------
Opcode: 8D
ll: 00 hh: A0
Instruction:STA Addressing Mode:Absolute - Operand (Value: "0x00", Address: "0xA000")
Writing value 0x00 to address: 0xA000
0xA000: 0x00
Instruction cycle count set to 4
A |X |Y |SP |PC   |T/MT |NV-BDIZC |CYCLE
----------------------------------------
00|00|00|FE |0705 |1/4  |10100100 |11165
00|00|00|FE |0705 |2/4  |10100100 |11166
00|00|00|FE |0705 |3/4  |10100100 |11167
00|00|00|FE |0705 |4/4  |10100100 |11168


---------------
Opcode: 4A
Instruction:LSR Addressing Mode:Accumulator - Operand (Value: "0x00", Address: "None")
Instruction cycle count set to 2
A |X |Y |SP |PC   |T/MT |NV-BDIZC |CYCLE
----------------------------------------
00|00|00|FE |0706 |1/2  |00100110 |11169
00|00|00|FE |0706 |2/2  |00100110 |11170


---------------
Opcode: C9
ll: 02
Instruction:CMP Addressing Mode:Immediate - Operand (Value: "0x02", Address: "None")
Instruction cycle count set to 2
A |X |Y |SP |PC   |T/MT |NV-BDIZC |CYCLE
----------------------------------------
00|00|00|FE |0708 |1/2  |10100100 |11171
00|00|00|FE |0708 |2/2  |10100100 |11172


---------------
Opcode: D0
ll: F8
Old PC: 070A Offset:-8 New PC: 0702
Instruction:BNE Addressing Mode:Relative - Operand (Value: "None", Address: "0x0702")
Instruction cycle count set to 2
A |X |Y |SP |PC   |T/MT |NV-BDIZC |CYCLE
----------------------------------------
00|00|00|FE |0702 |1/3  |10100100 |11173
00|00|00|FE |0702 |2/3  |10100100 |11174
00|00|00|FE |0702 |3/3  |10100100 |11175


---------------
Opcode: 8D
ll: 00 hh: A0
Instruction:STA Addressing Mode:Absolute - Operand (Value: "0x00", Address: "0xA000")
Writing value 0x00 to address: 0xA000
0xA000: 0x00
Instruction cycle count set to 4
A |X |Y |SP |PC   |T/MT |NV-BDIZC |CYCLE
----------------------------------------
00|00|00|FE |0705 |1/4  |10100100 |11176
00|00|00|FE |0705 |2/4  |10100100 |11177
00|00|00|FE |0705 |3/4  |10100100 |11178
00|00|00|FE |0705 |4/4  |10100100 |11179


---------------
Opcode: 4A
Instruction:LSR Addressing Mode:Accumulator - Operand (Value: "0x00", Address: "None")
Instruction cycle count set to 2
A |X |Y |SP |PC   |T/MT |NV-BDIZC |CYCLE
----------------------------------------
00|00|00|FE |0706 |1/2  |00100110 |11180
00|00|00|FE |0706 |2/2  |00100110 |11181


---------------
Opcode: C9
ll: 02
Instruction:CMP Addressing Mode:Immediate - Operand (Value: "0x02", Address: "None")
Instruction cycle count set to 2
A |X |Y |SP |PC   |T/MT |NV-BDIZC |CYCLE
----------------------------------------
00|00|00|FE |0708 |1/2  |10100100 |11182
00|00|00|FE |0708 |2/2  |10100100 |11183


---------------
Opcode: D0
ll: F8
Old PC: 070A Offset:-8 New PC: 0702
Instruction:BNE Addressing Mode:Relative - Operand (Value: "None", Address: "0x0702")
Instruction cycle count set to 2
A |X |Y |SP |PC   |T/MT |NV-BDIZC |CYCLE
----------------------------------------
00|00|00|FE |0702 |1/3  |10100100 |11184
00|00|00|FE |0702 |2/3  |10100100 |11185
00|00|00|FE |0702 |3/3  |10100100 |11186


---------------
Opcode: 8D
ll: 00 hh: A0
Instruction:STA Addressing Mode:Absolute - Operand (Value: "0x00", Address: "0xA000")
Writing value 0x00 to address: 0xA000
0xA000: 0x00
Instruction cycle count set to 4
A |X |Y |SP |PC   |T/MT |NV-BDIZC |CYCLE
----------------------------------------
00|00|00|FE |0705 |1/4  |10100100 |11187
00|00|00|FE |0705 |2/4  |10100100 |11188
00|00|00|FE |0705 |3/4  |10100100 |11189
00|00|00|FE |0705 |4/4  |10100100 |11190


---------------
Opcode: 4A
Instruction:LSR Addressing Mode:Accumulator - Operand (Value: "0x00", Address: "None")
Instruction cycle count set to 2
A |X |Y |SP |PC   |T/MT |NV-BDIZC |CYCLE
----------------------------------------
00|00|00|FE |0706 |1/2  |00100110 |11191
00|00|00|FE |0706 |2/2  |00100110 |11192


---------------
Opcode: C9
ll: 02
Instruction:CMP Addressing Mode:Immediate - Operand (Value: "0x02", Address: "None")
Instruction cycle count set to 2
A |X |Y |SP |PC   |T/MT |NV-BDIZC |CYCLE
----------------------------------------
00|00|00|FE |0708 |1/2  |10100100 |11193
00|00|00|FE |0708 |2/2  |10100100 |11194


---------------
Opcode: D0
ll: F8
Old PC: 070A Offset:-8 New PC: 0702
Instruction:BNE Addressing Mode:Relative - Operand (Value: "None", Address: "0x0702")
Instruction cycle count set to 2
A |X |Y |SP |PC   |T/MT |NV-BDIZC |CYCLE
----------------------------------------
00|00|00|FE |0702 |1/3  |10100100 |11195
00|00|00|FE |0702 |2/3  |10100100 |11196
00|00|00|FE |0702 |3/3  |10100100 |11197


---------------
Opcode: 8D
ll: 00 hh: A0
Instruction:STA Addressing Mode:Absolute - Operand (Value: "0x00", Address: "0xA000")
Writing value 0x00 to address: 0xA000
0xA000: 0x00
Instruction cycle count set to 4
A |X |Y |SP |PC   |T/MT |NV-BDIZC |CYCLE
----------------------------------------
00|00|00|FE |0705 |1/4  |10100100 |11198
00|00|00|FE |0705 |2/4  |10100100 |11199
00|00|00|FE |0705 |3/4  |10100100 |11200
00|00|00|FE |0705 |4/4  |10100100 |11201


---------------
Opcode: 4A
Instruction:LSR Addressing Mode:Accumulator - Operand (Value: "0x00", Address: "None")
Instruction cycle count set to 2
A |X |Y |SP |PC   |T/MT |NV-BDIZC |CYCLE
----------------------------------------
00|00|00|FE |0706 |1/2  |00100110 |11202
00|00|00|FE |0706 |2/2  |00100110 |11203


---------------
Opcode: C9
ll: 02
Instruction:CMP Addressing Mode:Immediate - Operand (Value: "0x02", Address: "None")
Instruction cycle count set to 2
A |X |Y |SP |PC   |T/MT |NV-BDIZC |CYCLE
----------------------------------------
00|00|00|FE |0708 |1/2  |10100100 |11204
00|00|00|FE |0708 |2/2  |10100100 |11205


---------------
Opcode: D0
ll: F8
Old PC: 070A Offset:-8 New PC: 0702
Instruction:BNE Addressing Mode:Relative - Operand (Value: "None", Address: "0x0702")
Instruction cycle count set to 2
A |X |Y |SP |PC   |T/MT |NV-BDIZC |CYCLE
----------------------------------------
00|00|00|FE |0702 |1/3  |10100100 |11206
00|00|00|FE |0702 |2/3  |10100100 |11207
00|00|00|FE |0702 |3/3  |10100100 |11208


---------------
Opcode: 8D
ll: 00 hh: A0
Instruction:STA Addressing Mode:Absolute - Operand (Value: "0x00", Address: "0xA000")
Writing value 0x00 to address: 0xA000
0xA000: 0x00
Instruction cycle count set to 4
A |X |Y |SP |PC   |T/MT |NV-BDIZC |CYCLE
----------------------------------------
00|00|00|FE |0705 |1/4  |10100100 |11209
00|00|00|FE |0705 |2/4  |10100100 |11210
00|00|00|FE |0705 |3/4  |10100100 |11211
00|00|00|FE |0705 |4/4  |10100100 |11212


---------------
Opcode: 4A
Instruction:LSR Addressing Mode:Accumulator - Operand (Value: "0x00", Address: "None")
Instruction cycle count set to 2
A |X |Y |SP |PC   |T/MT |NV-BDIZC |CYCLE
----------------------------------------
00|00|00|FE |0706 |1/2  |00100110 |11213
00|00|00|FE |0706 |2/2  |00100110 |11214


---------------
Opcode: C9
ll: 02
Instruction:CMP Addressing Mode:Immediate - Operand (Value: "0x02", Address: "None")
Instruction cycle count set to 2
A |X |Y |SP |PC   |T/MT |NV-BDIZC |CYCLE
----------------------------------------
00|00|00|FE |0708 |1/2  |10100100 |11215
00|00|00|FE |0708 |2/2  |10100100 |11216


---------------
Opcode: D0
ll: F8
Old PC: 070A Offset:-8 New PC: 0702
Instruction:BNE Addressing Mode:Relative - Operand (Value: "None", Address: "0x0702")
Instruction cycle count set to 2
A |X |Y |SP |PC   |T/MT |NV-BDIZC |CYCLE
----------------------------------------
00|00|00|FE |0702 |1/3  |10100100 |11217
00|00|00|FE |0702 |2/3  |10100100 |11218
00|00|00|FE |0702 |3/3  |10100100 |11219


---------------
Opcode: 8D
ll: 00 hh: A0
Instruction:STA Addressing Mode:Absolute - Operand (Value: "0x00", Address: "0xA000")
Writing value 0x00 to address: 0xA000
0xA000: 0x00
Instruction cycle count set to 4
A |X |Y |SP |PC   |T/MT |NV-BDIZC |CYCLE
----------------------------------------
00|00|00|FE |0705 |1/4  |10100100 |11220
00|00|00|FE |0705 |2/4  |10100100 |11221
00|00|00|FE |0705 |3/4  |10100100 |11222
00|00|00|FE |0705 |4/4  |10100100 |11223


---------------
Opcode: 4A
Instruction:LSR Addressing Mode:Accumulator - Operand (Value: "0x00", Address: "None")
Instruction cycle count set to 2
A |X |Y |SP |PC   |T/MT |NV-BDIZC |CYCLE
----------------------------------------
00|00|00|FE |0706 |1/2  |00100110 |11224
00|00|00|FE |0706 |2/2  |00100110 |11225


---------------
Opcode: C9
ll: 02
Instruction:CMP Addressing Mode:Immediate - Operand (Value: "0x02", Address: "None")
Instruction cycle count set to 2
A |X |Y |SP |PC   |T/MT |NV-BDIZC |CYCLE
----------------------------------------
00|00|00|FE |0708 |1/2  |10100100 |11226
00|00|00|FE |0708 |2/2  |10100100 |11227


---------------
Opcode: D0
ll: F8
Old PC: 070A Offset:-8 New PC: 0702
Instruction:BNE Addressing Mode:Relative - Operand (Value: "None", Address: "0x0702")
Instruction cycle count set to 2
A |X |Y |SP |PC   |T/MT |NV-BDIZC |CYCLE
----------------------------------------
00|00|00|FE |0702 |1/3  |10100100 |11228
00|00|00|FE |0702 |2/3  |10100100 |11229
00|00|00|FE |0702 |3/3  |10100100 |11230


---------------
Opcode: 8D
ll: 00 hh: A0
Instruction:STA Addressing Mode:Absolute - Operand (Value: "0x00", Address: "0xA000")
Writing value 0x00 to address: 0xA000
0xA000: 0x00
Instruction cycle count set to 4
A |X |Y |SP |PC   |T/MT |NV-BDIZC |CYCLE
----------------------------------------
00|00|00|FE |0705 |1/4  |10100100 |11231
00|00|00|FE |0705 |2/4  |10100100 |11232
00|00|00|FE |0705 |3/4  |10100100 |11233
00|00|00|FE |0705 |4/4  |10100100 |11234


---------------
Opcode: 4A
Instruction:LSR Addressing Mode:Accumulator - Operand (Value: "0x00", Address: "None")
Instruction cycle count set to 2
A |X |Y |SP |PC   |T/MT |NV-BDIZC |CYCLE
----------------------------------------
00|00|00|FE |0706 |1/2  |00100110 |11235
00|00|00|FE |0706 |2/2  |00100110 |11236


---------------
Opcode: C9
ll: 02
Instruction:CMP Addressing Mode:Immediate - Operand (Value: "0x02", Address: "None")
Instruction cycle count set to 2
A |X |Y |SP |PC   |T/MT |NV-BDIZC |CYCLE
----------------------------------------
00|00|00|FE |0708 |1/2  |10100100 |11237
00|00|00|FE |0708 |2/2  |10100100 |11238


---------------
Opcode: D0
ll: F8
Old PC: 070A Offset:-8 New PC: 0702
Instruction:BNE Addressing Mode:Relative - Operand (Value: "None", Address: "0x0702")
Instruction cycle count set to 2
A |X |Y |SP |PC   |T/MT |NV-BDIZC |CYCLE
----------------------------------------
00|00|00|FE |0702 |1/3  |10100100 |11239
00|00|00|FE |0702 |2/3  |10100100 |11240
00|00|00|FE |0702 |3/3  |10100100 |11241


---------------
Opcode: 8D
ll: 00 hh: A0
Instruction:STA Addressing Mode:Absolute - Operand (Value: "0x00", Address: "0xA000")
Writing value 0x00 to address: 0xA000
0xA000: 0x00
Instruction cycle count set to 4
A |X |Y |SP |PC   |T/MT |NV-BDIZC |CYCLE
----------------------------------------
00|00|00|FE |0705 |1/4  |10100100 |11242
00|00|00|FE |0705 |2/4  |10100100 |11243
00|00|00|FE |0705 |3/4  |10100100 |11244
00|00|00|FE |0705 |4/4  |10100100 |11245


---------------
Opcode: 4A
Instruction:LSR Addressing Mode:Accumulator - Operand (Value: "0x00", Address: "None")
Instruction cycle count set to 2
A |X |Y |SP |PC   |T/MT |NV-BDIZC |CYCLE
----------------------------------------
00|00|00|FE |0706 |1/2  |00100110 |11246
00|00|00|FE |0706 |2/2  |00100110 |11247


---------------
Opcode: C9
ll: 02
Instruction:CMP Addressing Mode:Immediate - Operand (Value: "0x02", Address: "None")
Instruction cycle count set to 2
A |X |Y |SP |PC   |T/MT |NV-BDIZC |CYCLE
----------------------------------------
00|00|00|FE |0708 |1/2  |10100100 |11248
00|00|00|FE |0708 |2/2  |10100100 |11249


---------------
Opcode: D0
ll: F8
Old PC: 070A Offset:-8 New PC: 0702
Instruction:BNE Addressing Mode:Relative - Operand (Value: "None", Address: "0x0702")
Instruction cycle count set to 2
A |X |Y |SP |PC   |T/MT |NV-BDIZC |CYCLE
----------------------------------------
00|00|00|FE |0702 |1/3  |10100100 |11250
00|00|00|FE |0702 |2/3  |10100100 |11251
00|00|00|FE |0702 |3/3  |10100100 |11252


---------------
Opcode: 8D
ll: 00 hh: A0
Instruction:STA Addressing Mode:Absolute - Operand (Value: "0x00", Address: "0xA000")
Writing value 0x00 to address: 0xA000
0xA000: 0x00
Instruction cycle count set to 4
A |X |Y |SP |PC   |T/MT |NV-BDIZC |CYCLE
----------------------------------------
00|00|00|FE |0705 |1/4  |10100100 |11253
00|00|00|FE |0705 |2/4  |10100100 |11254
00|00|00|FE |0705 |3/4  |10100100 |11255
00|00|00|FE |0705 |4/4  |10100100 |11256


---------------
Opcode: 4A
Instruction:LSR Addressing Mode:Accumulator - Operand (Value: "0x00", Address: "None")
Instruction cycle count set to 2
A |X |Y |SP |PC   |T/MT |NV-BDIZC |CYCLE
----------------------------------------
00|00|00|FE |0706 |1/2  |00100110 |11257
00|00|00|FE |0706 |2/2  |00100110 |11258


---------------
Opcode: C9
ll: 02
Instruction:CMP Addressing Mode:Immediate - Operand (Value: "0x02", Address: "None")
Instruction cycle count set to 2
A |X |Y |SP |PC   |T/MT |NV-BDIZC |CYCLE
----------------------------------------
00|00|00|FE |0708 |1/2  |10100100 |11259
00|00|00|FE |0708 |2/2  |10100100 |11260


---------------
Opcode: D0
ll: F8
Old PC: 070A Offset:-8 New PC: 0702
Instruction:BNE Addressing Mode:Relative - Operand (Value: "None", Address: "0x0702")
Instruction cycle count set to 2
A |X |Y |SP |PC   |T/MT |NV-BDIZC |CYCLE
----------------------------------------
00|00|00|FE |0702 |1/3  |10100100 |11261
00|00|00|FE |0702 |2/3  |10100100 |11262
00|00|00|FE |0702 |3/3  |10100100 |11263


---------------
Opcode: 8D
ll: 00 hh: A0
Instruction:STA Addressing Mode:Absolute - Operand (Value: "0x00", Address: "0xA000")
Writing value 0x00 to address: 0xA000
0xA000: 0x00
Instruction cycle count set to 4
A |X |Y |SP |PC   |T/MT |NV-BDIZC |CYCLE
----------------------------------------
00|00|00|FE |0705 |1/4  |10100100 |11264
00|00|00|FE |0705 |2/4  |10100100 |11265
00|00|00|FE |0705 |3/4  |10100100 |11266
00|00|00|FE |0705 |4/4  |10100100 |11267


---------------
Opcode: 4A
Instruction:LSR Addressing Mode:Accumulator - Operand (Value: "0x00", Address: "None")
Instruction cycle count set to 2
A |X |Y |SP |PC   |T/MT |NV-BDIZC |CYCLE
----------------------------------------
00|00|00|FE |0706 |1/2  |00100110 |11268
00|00|00|FE |0706 |2/2  |00100110 |11269


---------------
Opcode: C9
ll: 02
Instruction:CMP Addressing Mode:Immediate - Operand (Value: "0x02", Address: "None")
Instruction cycle count set to 2
A |X |Y |SP |PC   |T/MT |NV-BDIZC |CYCLE
----------------------------------------
00|00|00|FE |0708 |1/2  |10100100 |11270
00|00|00|FE |0708 |2/2  |10100100 |11271


---------------
Opcode: D0
ll: F8
Old PC: 070A Offset:-8 New PC: 0702
Instruction:BNE Addressing Mode:Relative - Operand (Value: "None", Address: "0x0702")
Instruction cycle count set to 2
A |X |Y |SP |PC   |T/MT |NV-BDIZC |CYCLE
----------------------------------------
00|00|00|FE |0702 |1/3  |10100100 |11272
00|00|00|FE |0702 |2/3  |10100100 |11273
00|00|00|FE |0702 |3/3  |10100100 |11274


---------------
Opcode: 8D
ll: 00 hh: A0
Instruction:STA Addressing Mode:Absolute - Operand (Value: "0x00", Address: "0xA000")
Writing value 0x00 to address: 0xA000
0xA000: 0x00
Instruction cycle count set to 4
A |X |Y |SP |PC   |T/MT |NV-BDIZC |CYCLE
----------------------------------------
00|00|00|FE |0705 |1/4  |10100100 |11275
00|00|00|FE |0705 |2/4  |10100100 |11276
00|00|00|FE |0705 |3/4  |10100100 |11277
00|00|00|FE |0705 |4/4  |10100100 |11278


---------------
Opcode: 4A
Instruction:LSR Addressing Mode:Accumulator - Operand (Value: "0x00", Address: "None")
Instruction cycle count set to 2
A |X |Y |SP |PC   |T/MT |NV-BDIZC |CYCLE
----------------------------------------
00|00|00|FE |0706 |1/2  |00100110 |11279
00|00|00|FE |0706 |2/2  |00100110 |11280


---------------
Opcode: C9
ll: 02
Instruction:CMP Addressing Mode:Immediate - Operand (Value: "0x02", Address: "None")
Instruction cycle count set to 2
A |X |Y |SP |PC   |T/MT |NV-BDIZC |CYCLE
----------------------------------------
00|00|00|FE |0708 |1/2  |10100100 |11281
00|00|00|FE |0708 |2/2  |10100100 |11282


---------------
Opcode: D0
ll: F8
Old PC: 070A Offset:-8 New PC: 0702
Instruction:BNE Addressing Mode:Relative - Operand (Value: "None", Address: "0x0702")
Instruction cycle count set to 2
A |X |Y |SP |PC   |T/MT |NV-BDIZC |CYCLE
----------------------------------------
00|00|00|FE |0702 |1/3  |10100100 |11283
00|00|00|FE |0702 |2/3  |10100100 |11284
00|00|00|FE |0702 |3/3  |10100100 |11285


---------------
Opcode: 8D
ll: 00 hh: A0
Instruction:STA Addressing Mode:Absolute - Operand (Value: "0x00", Address: "0xA000")
Writing value 0x00 to address: 0xA000
0xA000: 0x00
Instruction cycle count set to 4
A |X |Y |SP |PC   |T/MT |NV-BDIZC |CYCLE
----------------------------------------
00|00|00|FE |0705 |1/4  |10100100 |11286
00|00|00|FE |0705 |2/4  |10100100 |11287
00|00|00|FE |0705 |3/4  |10100100 |11288
00|00|00|FE |0705 |4/4  |10100100 |11289


---------------
Opcode: 4A
Instruction:LSR Addressing Mode:Accumulator - Operand (Value: "0x00", Address: "None")
Instruction cycle count set to 2
A |X |Y |SP |PC   |T/MT |NV-BDIZC |CYCLE
----------------------------------------
00|00|00|FE |0706 |1/2  |00100110 |11290
00|00|00|FE |0706 |2/2  |00100110 |11291


---------------
Opcode: C9
ll: 02
Instruction:CMP Addressing Mode:Immediate - Operand (Value: "0x02", Address: "None")
Instruction cycle count set to 2
A |X |Y |SP |PC   |T/MT |NV-BDIZC |CYCLE
----------------------------------------
00|00|00|FE |0708 |1/2  |10100100 |11292
00|00|00|FE |0708 |2/2  |10100100 |11293


---------------
Opcode: D0
ll: F8
Old PC: 070A Offset:-8 New PC: 0702
Instruction:BNE Addressing Mode:Relative - Operand (Value: "None", Address: "0x0702")
Instruction cycle count set to 2
A |X |Y |SP |PC   |T/MT |NV-BDIZC |CYCLE
----------------------------------------
00|00|00|FE |0702 |1/3  |10100100 |11294
00|00|00|FE |0702 |2/3  |10100100 |11295
00|00|00|FE |0702 |3/3  |10100100 |11296


---------------
Opcode: 8D
ll: 00 hh: A0
Instruction:STA Addressing Mode:Absolute - Operand (Value: "0x00", Address: "0xA000")
Writing value 0x00 to address: 0xA000
0xA000: 0x00
Instruction cycle count set to 4
A |X |Y |SP |PC   |T/MT |NV-BDIZC |CYCLE
----------------------------------------
00|00|00|FE |0705 |1/4  |10100100 |11297
00|00|00|FE |0705 |2/4  |10100100 |11298
00|00|00|FE |0705 |3/4  |10100100 |11299
00|00|00|FE |0705 |4/4  |10100100 |11300


---------------
Opcode: 4A
Instruction:LSR Addressing Mode:Accumulator - Operand (Value: "0x00", Address: "None")
Instruction cycle count set to 2
A |X |Y |SP |PC   |T/MT |NV-BDIZC |CYCLE
----------------------------------------
00|00|00|FE |0706 |1/2  |00100110 |11301
00|00|00|FE |0706 |2/2  |00100110 |11302


---------------
Opcode: C9
ll: 02
Instruction:CMP Addressing Mode:Immediate - Operand (Value: "0x02", Address: "None")
Instruction cycle count set to 2
A |X |Y |SP |PC   |T/MT |NV-BDIZC |CYCLE
----------------------------------------
00|00|00|FE |0708 |1/2  |10100100 |11303
00|00|00|FE |0708 |2/2  |10100100 |11304


---------------
Opcode: D0
ll: F8
Old PC: 070A Offset:-8 New PC: 0702
Instruction:BNE Addressing Mode:Relative - Operand (Value: "None", Address: "0x0702")
Instruction cycle count set to 2
A |X |Y |SP |PC   |T/MT |NV-BDIZC |CYCLE
----------------------------------------
00|00|00|FE |0702 |1/3  |10100100 |11305
00|00|00|FE |0702 |2/3  |10100100 |11306
00|00|00|FE |0702 |3/3  |10100100 |11307


---------------
Opcode: 8D
ll: 00 hh: A0
Instruction:STA Addressing Mode:Absolute - Operand (Value: "0x00", Address: "0xA000")
Writing value 0x00 to address: 0xA000
0xA000: 0x00
Instruction cycle count set to 4
A |X |Y |SP |PC   |T/MT |NV-BDIZC |CYCLE
----------------------------------------
00|00|00|FE |0705 |1/4  |10100100 |11308
00|00|00|FE |0705 |2/4  |10100100 |11309
00|00|00|FE |0705 |3/4  |10100100 |11310
00|00|00|FE |0705 |4/4  |10100100 |11311


---------------
Opcode: 4A
Instruction:LSR Addressing Mode:Accumulator - Operand (Value: "0x00", Address: "None")
Instruction cycle count set to 2
A |X |Y |SP |PC   |T/MT |NV-BDIZC |CYCLE
----------------------------------------
00|00|00|FE |0706 |1/2  |00100110 |11312
00|00|00|FE |0706 |2/2  |00100110 |11313


---------------
Opcode: C9
ll: 02
Instruction:CMP Addressing Mode:Immediate - Operand (Value: "0x02", Address: "None")
Instruction cycle count set to 2
A |X |Y |SP |PC   |T/MT |NV-BDIZC |CYCLE
----------------------------------------
00|00|00|FE |0708 |1/2  |10100100 |11314
00|00|00|FE |0708 |2/2  |10100100 |11315


---------------
Opcode: D0
ll: F8
Old PC: 070A Offset:-8 New PC: 0702
Instruction:BNE Addressing Mode:Relative - Operand (Value: "None", Address: "0x0702")
Instruction cycle count set to 2
A |X |Y |SP |PC   |T/MT |NV-BDIZC |CYCLE
----------------------------------------
00|00|00|FE |0702 |1/3  |10100100 |11316
00|00|00|FE |0702 |2/3  |10100100 |11317
00|00|00|FE |0702 |3/3  |10100100 |11318


---------------
Opcode: 8D
ll: 00 hh: A0
Instruction:STA Addressing Mode:Absolute - Operand (Value: "0x00", Address: "0xA000")
Writing value 0x00 to address: 0xA000
0xA000: 0x00
Instruction cycle count set to 4
A |X |Y |SP |PC   |T/MT |NV-BDIZC |CYCLE
----------------------------------------
00|00|00|FE |0705 |1/4  |10100100 |11319
00|00|00|FE |0705 |2/4  |10100100 |11320
00|00|00|FE |0705 |3/4  |10100100 |11321
00|00|00|FE |0705 |4/4  |10100100 |11322


---------------
Opcode: 4A
Instruction:LSR Addressing Mode:Accumulator - Operand (Value: "0x00", Address: "None")
Instruction cycle count set to 2
A |X |Y |SP |PC   |T/MT |NV-BDIZC |CYCLE
----------------------------------------
00|00|00|FE |0706 |1/2  |00100110 |11323
00|00|00|FE |0706 |2/2  |00100110 |11324


---------------
Opcode: C9
ll: 02
Instruction:CMP Addressing Mode:Immediate - Operand (Value: "0x02", Address: "None")
Instruction cycle count set to 2
A |X |Y |SP |PC   |T/MT |NV-BDIZC |CYCLE
----------------------------------------
00|00|00|FE |0708 |1/2  |10100100 |11325
00|00|00|FE |0708 |2/2  |10100100 |11326


---------------
Opcode: D0
ll: F8
Old PC: 070A Offset:-8 New PC: 0702
Instruction:BNE Addressing Mode:Relative - Operand (Value: "None", Address: "0x0702")
Instruction cycle count set to 2
A |X |Y |SP |PC   |T/MT |NV-BDIZC |CYCLE
----------------------------------------
00|00|00|FE |0702 |1/3  |10100100 |11327
00|00|00|FE |0702 |2/3  |10100100 |11328
00|00|00|FE |0702 |3/3  |10100100 |11329


---------------
Opcode: 8D
ll: 00 hh: A0
Instruction:STA Addressing Mode:Absolute - Operand (Value: "0x00", Address: "0xA000")
Writing value 0x00 to address: 0xA000
0xA000: 0x00
Instruction cycle count set to 4
A |X |Y |SP |PC   |T/MT |NV-BDIZC |CYCLE
----------------------------------------
00|00|00|FE |0705 |1/4  |10100100 |11330
00|00|00|FE |0705 |2/4  |10100100 |11331
00|00|00|FE |0705 |3/4  |10100100 |11332
00|00|00|FE |0705 |4/4  |10100100 |11333


---------------
Opcode: 4A
Instruction:LSR Addressing Mode:Accumulator - Operand (Value: "0x00", Address: "None")
Instruction cycle count set to 2
A |X |Y |SP |PC   |T/MT |NV-BDIZC |CYCLE
----------------------------------------
00|00|00|FE |0706 |1/2  |00100110 |11334
00|00|00|FE |0706 |2/2  |00100110 |11335


---------------
Opcode: C9
ll: 02
Instruction:CMP Addressing Mode:Immediate - Operand (Value: "0x02", Address: "None")
Instruction cycle count set to 2
A |X |Y |SP |PC   |T/MT |NV-BDIZC |CYCLE
----------------------------------------
00|00|00|FE |0708 |1/2  |10100100 |11336
00|00|00|FE |0708 |2/2  |10100100 |11337


---------------
Opcode: D0
ll: F8
Old PC: 070A Offset:-8 New PC: 0702
Instruction:BNE Addressing Mode:Relative - Operand (Value: "None", Address: "0x0702")
Instruction cycle count set to 2
A |X |Y |SP |PC   |T/MT |NV-BDIZC |CYCLE
----------------------------------------
00|00|00|FE |0702 |1/3  |10100100 |11338
00|00|00|FE |0702 |2/3  |10100100 |11339
00|00|00|FE |0702 |3/3  |10100100 |11340


---------------
Opcode: 8D
ll: 00 hh: A0
Instruction:STA Addressing Mode:Absolute - Operand (Value: "0x00", Address: "0xA000")
Writing value 0x00 to address: 0xA000
0xA000: 0x00
Instruction cycle count set to 4
A |X |Y |SP |PC   |T/MT |NV-BDIZC |CYCLE
----------------------------------------
00|00|00|FE |0705 |1/4  |10100100 |11341
00|00|00|FE |0705 |2/4  |10100100 |11342
00|00|00|FE |0705 |3/4  |10100100 |11343
00|00|00|FE |0705 |4/4  |10100100 |11344


---------------
Opcode: 4A
Instruction:LSR Addressing Mode:Accumulator - Operand (Value: "0x00", Address: "None")
Instruction cycle count set to 2
A |X |Y |SP |PC   |T/MT |NV-BDIZC |CYCLE
----------------------------------------
00|00|00|FE |0706 |1/2  |00100110 |11345
00|00|00|FE |0706 |2/2  |00100110 |11346


---------------
Opcode: C9
ll: 02
Instruction:CMP Addressing Mode:Immediate - Operand (Value: "0x02", Address: "None")
Instruction cycle count set to 2
A |X |Y |SP |PC   |T/MT |NV-BDIZC |CYCLE
----------------------------------------
00|00|00|FE |0708 |1/2  |10100100 |11347
00|00|00|FE |0708 |2/2  |10100100 |11348


---------------
Opcode: D0
ll: F8
Old PC: 070A Offset:-8 New PC: 0702
Instruction:BNE Addressing Mode:Relative - Operand (Value: "None", Address: "0x0702")
Instruction cycle count set to 2
A |X |Y |SP |PC   |T/MT |NV-BDIZC |CYCLE
----------------------------------------
00|00|00|FE |0702 |1/3  |10100100 |11349
00|00|00|FE |0702 |2/3  |10100100 |11350
00|00|00|FE |0702 |3/3  |10100100 |11351


---------------
Opcode: 8D
ll: 00 hh: A0
Instruction:STA Addressing Mode:Absolute - Operand (Value: "0x00", Address: "0xA000")
Writing value 0x00 to address: 0xA000
0xA000: 0x00
Instruction cycle count set to 4
A |X |Y |SP |PC   |T/MT |NV-BDIZC |CYCLE
----------------------------------------
00|00|00|FE |0705 |1/4  |10100100 |11352
00|00|00|FE |0705 |2/4  |10100100 |11353
00|00|00|FE |0705 |3/4  |10100100 |11354
00|00|00|FE |0705 |4/4  |10100100 |11355


---------------
Opcode: 4A
Instruction:LSR Addressing Mode:Accumulator - Operand (Value: "0x00", Address: "None")
Instruction cycle count set to 2
A |X |Y |SP |PC   |T/MT |NV-BDIZC |CYCLE
----------------------------------------
00|00|00|FE |0706 |1/2  |00100110 |11356
00|00|00|FE |0706 |2/2  |00100110 |11357


---------------
Opcode: C9
ll: 02
Instruction:CMP Addressing Mode:Immediate - Operand (Value: "0x02", Address: "None")
Instruction cycle count set to 2
A |X |Y |SP |PC   |T/MT |NV-BDIZC |CYCLE
----------------------------------------
00|00|00|FE |0708 |1/2  |10100100 |11358
00|00|00|FE |0708 |2/2  |10100100 |11359


---------------
Opcode: D0
ll: F8
Old PC: 070A Offset:-8 New PC: 0702
Instruction:BNE Addressing Mode:Relative - Operand (Value: "None", Address: "0x0702")
Instruction cycle count set to 2
A |X |Y |SP |PC   |T/MT |NV-BDIZC |CYCLE
----------------------------------------
00|00|00|FE |0702 |1/3  |10100100 |11360
00|00|00|FE |0702 |2/3  |10100100 |11361
00|00|00|FE |0702 |3/3  |10100100 |11362


---------------
Opcode: 8D
ll: 00 hh: A0
Instruction:STA Addressing Mode:Absolute - Operand (Value: "0x00", Address: "0xA000")
Writing value 0x00 to address: 0xA000
0xA000: 0x00
Instruction cycle count set to 4
A |X |Y |SP |PC   |T/MT |NV-BDIZC |CYCLE
----------------------------------------
00|00|00|FE |0705 |1/4  |10100100 |11363
00|00|00|FE |0705 |2/4  |10100100 |11364
00|00|00|FE |0705 |3/4  |10100100 |11365
00|00|00|FE |0705 |4/4  |10100100 |11366


---------------
Opcode: 4A
Instruction:LSR Addressing Mode:Accumulator - Operand (Value: "0x00", Address: "None")
Instruction cycle count set to 2
A |X |Y |SP |PC   |T/MT |NV-BDIZC |CYCLE
----------------------------------------
00|00|00|FE |0706 |1/2  |00100110 |11367
00|00|00|FE |0706 |2/2  |00100110 |11368


---------------
Opcode: C9
ll: 02
Instruction:CMP Addressing Mode:Immediate - Operand (Value: "0x02", Address: "None")
Instruction cycle count set to 2
A |X |Y |SP |PC   |T/MT |NV-BDIZC |CYCLE
----------------------------------------
00|00|00|FE |0708 |1/2  |10100100 |11369
00|00|00|FE |0708 |2/2  |10100100 |11370


---------------
Opcode: D0
ll: F8
Old PC: 070A Offset:-8 New PC: 0702
Instruction:BNE Addressing Mode:Relative - Operand (Value: "None", Address: "0x0702")
Instruction cycle count set to 2
A |X |Y |SP |PC   |T/MT |NV-BDIZC |CYCLE
----------------------------------------
00|00|00|FE |0702 |1/3  |10100100 |11371
00|00|00|FE |0702 |2/3  |10100100 |11372
00|00|00|FE |0702 |3/3  |10100100 |11373


---------------
Opcode: 8D
ll: 00 hh: A0
Instruction:STA Addressing Mode:Absolute - Operand (Value: "0x00", Address: "0xA000")
Writing value 0x00 to address: 0xA000
0xA000: 0x00
Instruction cycle count set to 4
A |X |Y |SP |PC   |T/MT |NV-BDIZC |CYCLE
----------------------------------------
00|00|00|FE |0705 |1/4  |10100100 |11374
00|00|00|FE |0705 |2/4  |10100100 |11375
00|00|00|FE |0705 |3/4  |10100100 |11376
00|00|00|FE |0705 |4/4  |10100100 |11377


---------------
Opcode: 4A
Instruction:LSR Addressing Mode:Accumulator - Operand (Value: "0x00", Address: "None")
Instruction cycle count set to 2
A |X |Y |SP |PC   |T/MT |NV-BDIZC |CYCLE
----------------------------------------
00|00|00|FE |0706 |1/2  |00100110 |11378
00|00|00|FE |0706 |2/2  |00100110 |11379


---------------
Opcode: C9
ll: 02
Instruction:CMP Addressing Mode:Immediate - Operand (Value: "0x02", Address: "None")
Instruction cycle count set to 2
A |X |Y |SP |PC   |T/MT |NV-BDIZC |CYCLE
----------------------------------------
00|00|00|FE |0708 |1/2  |10100100 |11380
00|00|00|FE |0708 |2/2  |10100100 |11381


---------------
Opcode: D0
ll: F8
Old PC: 070A Offset:-8 New PC: 0702
Instruction:BNE Addressing Mode:Relative - Operand (Value: "None", Address: "0x0702")
Instruction cycle count set to 2
A |X |Y |SP |PC   |T/MT |NV-BDIZC |CYCLE
----------------------------------------
00|00|00|FE |0702 |1/3  |10100100 |11382
00|00|00|FE |0702 |2/3  |10100100 |11383
00|00|00|FE |0702 |3/3  |10100100 |11384


---------------
Opcode: 8D
ll: 00 hh: A0
Instruction:STA Addressing Mode:Absolute - Operand (Value: "0x00", Address: "0xA000")
Writing value 0x00 to address: 0xA000
0xA000: 0x00
Instruction cycle count set to 4
A |X |Y |SP |PC   |T/MT |NV-BDIZC |CYCLE
----------------------------------------
00|00|00|FE |0705 |1/4  |10100100 |11385
00|00|00|FE |0705 |2/4  |10100100 |11386
00|00|00|FE |0705 |3/4  |10100100 |11387
00|00|00|FE |0705 |4/4  |10100100 |11388


---------------
Opcode: 4A
Instruction:LSR Addressing Mode:Accumulator - Operand (Value: "0x00", Address: "None")
Instruction cycle count set to 2
A |X |Y |SP |PC   |T/MT |NV-BDIZC |CYCLE
----------------------------------------
00|00|00|FE |0706 |1/2  |00100110 |11389
00|00|00|FE |0706 |2/2  |00100110 |11390


---------------
Opcode: C9
ll: 02
Instruction:CMP Addressing Mode:Immediate - Operand (Value: "0x02", Address: "None")
Instruction cycle count set to 2
A |X |Y |SP |PC   |T/MT |NV-BDIZC |CYCLE
----------------------------------------
00|00|00|FE |0708 |1/2  |10100100 |11391
00|00|00|FE |0708 |2/2  |10100100 |11392


---------------
Opcode: D0
ll: F8
Old PC: 070A Offset:-8 New PC: 0702
Instruction:BNE Addressing Mode:Relative - Operand (Value: "None", Address: "0x0702")
Instruction cycle count set to 2
A |X |Y |SP |PC   |T/MT |NV-BDIZC |CYCLE
----------------------------------------
00|00|00|FE |0702 |1/3  |10100100 |11393
00|00|00|FE |0702 |2/3  |10100100 |11394
00|00|00|FE |0702 |3/3  |10100100 |11395


---------------
Opcode: 8D
ll: 00 hh: A0
Instruction:STA Addressing Mode:Absolute - Operand (Value: "0x00", Address: "0xA000")
Writing value 0x00 to address: 0xA000
0xA000: 0x00
Instruction cycle count set to 4
A |X |Y |SP |PC   |T/MT |NV-BDIZC |CYCLE
----------------------------------------
00|00|00|FE |0705 |1/4  |10100100 |11396
00|00|00|FE |0705 |2/4  |10100100 |11397
00|00|00|FE |0705 |3/4  |10100100 |11398
00|00|00|FE |0705 |4/4  |10100100 |11399


---------------
Opcode: 4A
Instruction:LSR Addressing Mode:Accumulator - Operand (Value: "0x00", Address: "None")
Instruction cycle count set to 2
A |X |Y |SP |PC   |T/MT |NV-BDIZC |CYCLE
----------------------------------------
00|00|00|FE |0706 |1/2  |00100110 |11400
00|00|00|FE |0706 |2/2  |00100110 |11401


---------------
Opcode: C9
ll: 02
Instruction:CMP Addressing Mode:Immediate - Operand (Value: "0x02", Address: "None")
Instruction cycle count set to 2
A |X |Y |SP |PC   |T/MT |NV-BDIZC |CYCLE
----------------------------------------
00|00|00|FE |0708 |1/2  |10100100 |11402
00|00|00|FE |0708 |2/2  |10100100 |11403


---------------
Opcode: D0
ll: F8
Old PC: 070A Offset:-8 New PC: 0702
Instruction:BNE Addressing Mode:Relative - Operand (Value: "None", Address: "0x0702")
Instruction cycle count set to 2
A |X |Y |SP |PC   |T/MT |NV-BDIZC |CYCLE
----------------------------------------
00|00|00|FE |0702 |1/3  |10100100 |11404
00|00|00|FE |0702 |2/3  |10100100 |11405
00|00|00|FE |0702 |3/3  |10100100 |11406


---------------
Opcode: 8D
ll: 00 hh: A0
Instruction:STA Addressing Mode:Absolute - Operand (Value: "0x00", Address: "0xA000")
Writing value 0x00 to address: 0xA000
0xA000: 0x00
Instruction cycle count set to 4
A |X |Y |SP |PC   |T/MT |NV-BDIZC |CYCLE
----------------------------------------
00|00|00|FE |0705 |1/4  |10100100 |11407
00|00|00|FE |0705 |2/4  |10100100 |11408
00|00|00|FE |0705 |3/4  |10100100 |11409
00|00|00|FE |0705 |4/4  |10100100 |11410


---------------
Opcode: 4A
Instruction:LSR Addressing Mode:Accumulator - Operand (Value: "0x00", Address: "None")
Instruction cycle count set to 2
A |X |Y |SP |PC   |T/MT |NV-BDIZC |CYCLE
----------------------------------------
00|00|00|FE |0706 |1/2  |00100110 |11411
00|00|00|FE |0706 |2/2  |00100110 |11412


---------------
Opcode: C9
ll: 02
Instruction:CMP Addressing Mode:Immediate - Operand (Value: "0x02", Address: "None")
Instruction cycle count set to 2
A |X |Y |SP |PC   |T/MT |NV-BDIZC |CYCLE
----------------------------------------
00|00|00|FE |0708 |1/2  |10100100 |11413
00|00|00|FE |0708 |2/2  |10100100 |11414


---------------
Opcode: D0
ll: F8
Old PC: 070A Offset:-8 New PC: 0702
Instruction:BNE Addressing Mode:Relative - Operand (Value: "None", Address: "0x0702")
Instruction cycle count set to 2
A |X |Y |SP |PC   |T/MT |NV-BDIZC |CYCLE
----------------------------------------
00|00|00|FE |0702 |1/3  |10100100 |11415
00|00|00|FE |0702 |2/3  |10100100 |11416
00|00|00|FE |0702 |3/3  |10100100 |11417


---------------
Opcode: 8D
ll: 00 hh: A0
Instruction:STA Addressing Mode:Absolute - Operand (Value: "0x00", Address: "0xA000")
Writing value 0x00 to address: 0xA000
0xA000: 0x00
Instruction cycle count set to 4
A |X |Y |SP |PC   |T/MT |NV-BDIZC |CYCLE
----------------------------------------
00|00|00|FE |0705 |1/4  |10100100 |11418
00|00|00|FE |0705 |2/4  |10100100 |11419
00|00|00|FE |0705 |3/4  |10100100 |11420
00|00|00|FE |0705 |4/4  |10100100 |11421


---------------
Opcode: 4A
Instruction:LSR Addressing Mode:Accumulator - Operand (Value: "0x00", Address: "None")
Instruction cycle count set to 2
A |X |Y |SP |PC   |T/MT |NV-BDIZC |CYCLE
----------------------------------------
00|00|00|FE |0706 |1/2  |00100110 |11422
00|00|00|FE |0706 |2/2  |00100110 |11423


---------------
Opcode: C9
ll: 02
Instruction:CMP Addressing Mode:Immediate - Operand (Value: "0x02", Address: "None")
Instruction cycle count set to 2
A |X |Y |SP |PC   |T/MT |NV-BDIZC |CYCLE
----------------------------------------
00|00|00|FE |0708 |1/2  |10100100 |11424
00|00|00|FE |0708 |2/2  |10100100 |11425


---------------
Opcode: D0
ll: F8
Old PC: 070A Offset:-8 New PC: 0702
Instruction:BNE Addressing Mode:Relative - Operand (Value: "None", Address: "0x0702")
Instruction cycle count set to 2
A |X |Y |SP |PC   |T/MT |NV-BDIZC |CYCLE
----------------------------------------
00|00|00|FE |0702 |1/3  |10100100 |11426
00|00|00|FE |0702 |2/3  |10100100 |11427
00|00|00|FE |0702 |3/3  |10100100 |11428


---------------
Opcode: 8D
ll: 00 hh: A0
Instruction:STA Addressing Mode:Absolute - Operand (Value: "0x00", Address: "0xA000")
Writing value 0x00 to address: 0xA000
0xA000: 0x00
Instruction cycle count set to 4
A |X |Y |SP |PC   |T/MT |NV-BDIZC |CYCLE
----------------------------------------
00|00|00|FE |0705 |1/4  |10100100 |11429
00|00|00|FE |0705 |2/4  |10100100 |11430
00|00|00|FE |0705 |3/4  |10100100 |11431
00|00|00|FE |0705 |4/4  |10100100 |11432


---------------
Opcode: 4A
Instruction:LSR Addressing Mode:Accumulator - Operand (Value: "0x00", Address: "None")
Instruction cycle count set to 2
A |X |Y |SP |PC   |T/MT |NV-BDIZC |CYCLE
----------------------------------------
00|00|00|FE |0706 |1/2  |00100110 |11433
00|00|00|FE |0706 |2/2  |00100110 |11434


---------------
Opcode: C9
ll: 02
Instruction:CMP Addressing Mode:Immediate - Operand (Value: "0x02", Address: "None")
Instruction cycle count set to 2
A |X |Y |SP |PC   |T/MT |NV-BDIZC |CYCLE
----------------------------------------
00|00|00|FE |0708 |1/2  |10100100 |11435
00|00|00|FE |0708 |2/2  |10100100 |11436


---------------
Opcode: D0
ll: F8
Old PC: 070A Offset:-8 New PC: 0702
Instruction:BNE Addressing Mode:Relative - Operand (Value: "None", Address: "0x0702")
Instruction cycle count set to 2
A |X |Y |SP |PC   |T/MT |NV-BDIZC |CYCLE
----------------------------------------
00|00|00|FE |0702 |1/3  |10100100 |11437
00|00|00|FE |0702 |2/3  |10100100 |11438
00|00|00|FE |0702 |3/3  |10100100 |11439


---------------
Opcode: 8D
ll: 00 hh: A0
Instruction:STA Addressing Mode:Absolute - Operand (Value: "0x00", Address: "0xA000")
Writing value 0x00 to address: 0xA000
0xA000: 0x00
Instruction cycle count set to 4
A |X |Y |SP |PC   |T/MT |NV-BDIZC |CYCLE
----------------------------------------
00|00|00|FE |0705 |1/4  |10100100 |11440
00|00|00|FE |0705 |2/4  |10100100 |11441
00|00|00|FE |0705 |3/4  |10100100 |11442
00|00|00|FE |0705 |4/4  |10100100 |11443


---------------
Opcode: 4A
Instruction:LSR Addressing Mode:Accumulator - Operand (Value: "0x00", Address: "None")
Instruction cycle count set to 2
A |X |Y |SP |PC   |T/MT |NV-BDIZC |CYCLE
----------------------------------------
00|00|00|FE |0706 |1/2  |00100110 |11444
00|00|00|FE |0706 |2/2  |00100110 |11445


---------------
Opcode: C9
ll: 02
Instruction:CMP Addressing Mode:Immediate - Operand (Value: "0x02", Address: "None")
Instruction cycle count set to 2
A |X |Y |SP |PC   |T/MT |NV-BDIZC |CYCLE
----------------------------------------
00|00|00|FE |0708 |1/2  |10100100 |11446
00|00|00|FE |0708 |2/2  |10100100 |11447


---------------
Opcode: D0
ll: F8
Old PC: 070A Offset:-8 New PC: 0702
Instruction:BNE Addressing Mode:Relative - Operand (Value: "None", Address: "0x0702")
Instruction cycle count set to 2
A |X |Y |SP |PC   |T/MT |NV-BDIZC |CYCLE
----------------------------------------
00|00|00|FE |0702 |1/3  |10100100 |11448
00|00|00|FE |0702 |2/3  |10100100 |11449
00|00|00|FE |0702 |3/3  |10100100 |11450


---------------
Opcode: 8D
ll: 00 hh: A0
Instruction:STA Addressing Mode:Absolute - Operand (Value: "0x00", Address: "0xA000")
Writing value 0x00 to address: 0xA000
0xA000: 0x00
Instruction cycle count set to 4
A |X |Y |SP |PC   |T/MT |NV-BDIZC |CYCLE
----------------------------------------
00|00|00|FE |0705 |1/4  |10100100 |11451
00|00|00|FE |0705 |2/4  |10100100 |11452
00|00|00|FE |0705 |3/4  |10100100 |11453
00|00|00|FE |0705 |4/4  |10100100 |11454


---------------
Opcode: 4A
Instruction:LSR Addressing Mode:Accumulator - Operand (Value: "0x00", Address: "None")
Instruction cycle count set to 2
A |X |Y |SP |PC   |T/MT |NV-BDIZC |CYCLE
----------------------------------------
00|00|00|FE |0706 |1/2  |00100110 |11455
00|00|00|FE |0706 |2/2  |00100110 |11456


---------------
Opcode: C9
ll: 02
Instruction:CMP Addressing Mode:Immediate - Operand (Value: "0x02", Address: "None")
Instruction cycle count set to 2
A |X |Y |SP |PC   |T/MT |NV-BDIZC |CYCLE
----------------------------------------
00|00|00|FE |0708 |1/2  |10100100 |11457
00|00|00|FE |0708 |2/2  |10100100 |11458


---------------
Opcode: D0
ll: F8
Old PC: 070A Offset:-8 New PC: 0702
Instruction:BNE Addressing Mode:Relative - Operand (Value: "None", Address: "0x0702")
Instruction cycle count set to 2
A |X |Y |SP |PC   |T/MT |NV-BDIZC |CYCLE
----------------------------------------
00|00|00|FE |0702 |1/3  |10100100 |11459
00|00|00|FE |0702 |2/3  |10100100 |11460
00|00|00|FE |0702 |3/3  |10100100 |11461


---------------
Opcode: 8D
ll: 00 hh: A0
Instruction:STA Addressing Mode:Absolute - Operand (Value: "0x00", Address: "0xA000")
Writing value 0x00 to address: 0xA000
0xA000: 0x00
Instruction cycle count set to 4
A |X |Y |SP |PC   |T/MT |NV-BDIZC |CYCLE
----------------------------------------
00|00|00|FE |0705 |1/4  |10100100 |11462
00|00|00|FE |0705 |2/4  |10100100 |11463
00|00|00|FE |0705 |3/4  |10100100 |11464
00|00|00|FE |0705 |4/4  |10100100 |11465


---------------
Opcode: 4A
Instruction:LSR Addressing Mode:Accumulator - Operand (Value: "0x00", Address: "None")
Instruction cycle count set to 2
A |X |Y |SP |PC   |T/MT |NV-BDIZC |CYCLE
----------------------------------------
00|00|00|FE |0706 |1/2  |00100110 |11466
00|00|00|FE |0706 |2/2  |00100110 |11467


---------------
Opcode: C9
ll: 02
Instruction:CMP Addressing Mode:Immediate - Operand (Value: "0x02", Address: "None")
Instruction cycle count set to 2
A |X |Y |SP |PC   |T/MT |NV-BDIZC |CYCLE
----------------------------------------
00|00|00|FE |0708 |1/2  |10100100 |11468
00|00|00|FE |0708 |2/2  |10100100 |11469


---------------
Opcode: D0
ll: F8
Old PC: 070A Offset:-8 New PC: 0702
Instruction:BNE Addressing Mode:Relative - Operand (Value: "None", Address: "0x0702")
Instruction cycle count set to 2
A |X |Y |SP |PC   |T/MT |NV-BDIZC |CYCLE
----------------------------------------
00|00|00|FE |0702 |1/3  |10100100 |11470
00|00|00|FE |0702 |2/3  |10100100 |11471
00|00|00|FE |0702 |3/3  |10100100 |11472


---------------
Opcode: 8D
ll: 00 hh: A0
Instruction:STA Addressing Mode:Absolute - Operand (Value: "0x00", Address: "0xA000")
Writing value 0x00 to address: 0xA000
0xA000: 0x00
Instruction cycle count set to 4
A |X |Y |SP |PC   |T/MT |NV-BDIZC |CYCLE
----------------------------------------
00|00|00|FE |0705 |1/4  |10100100 |11473
00|00|00|FE |0705 |2/4  |10100100 |11474
00|00|00|FE |0705 |3/4  |10100100 |11475
00|00|00|FE |0705 |4/4  |10100100 |11476


---------------
Opcode: 4A
Instruction:LSR Addressing Mode:Accumulator - Operand (Value: "0x00", Address: "None")
Instruction cycle count set to 2
A |X |Y |SP |PC   |T/MT |NV-BDIZC |CYCLE
----------------------------------------
00|00|00|FE |0706 |1/2  |00100110 |11477
00|00|00|FE |0706 |2/2  |00100110 |11478


---------------
Opcode: C9
ll: 02
Instruction:CMP Addressing Mode:Immediate - Operand (Value: "0x02", Address: "None")
Instruction cycle count set to 2
A |X |Y |SP |PC   |T/MT |NV-BDIZC |CYCLE
----------------------------------------
00|00|00|FE |0708 |1/2  |10100100 |11479
00|00|00|FE |0708 |2/2  |10100100 |11480


---------------
Opcode: D0
ll: F8
Old PC: 070A Offset:-8 New PC: 0702
Instruction:BNE Addressing Mode:Relative - Operand (Value: "None", Address: "0x0702")
Instruction cycle count set to 2
A |X |Y |SP |PC   |T/MT |NV-BDIZC |CYCLE
----------------------------------------
00|00|00|FE |0702 |1/3  |10100100 |11481
00|00|00|FE |0702 |2/3  |10100100 |11482
00|00|00|FE |0702 |3/3  |10100100 |11483


---------------
Opcode: 8D
ll: 00 hh: A0
Instruction:STA Addressing Mode:Absolute - Operand (Value: "0x00", Address: "0xA000")
Writing value 0x00 to address: 0xA000
0xA000: 0x00
Instruction cycle count set to 4
A |X |Y |SP |PC   |T/MT |NV-BDIZC |CYCLE
----------------------------------------
00|00|00|FE |0705 |1/4  |10100100 |11484
00|00|00|FE |0705 |2/4  |10100100 |11485
00|00|00|FE |0705 |3/4  |10100100 |11486
00|00|00|FE |0705 |4/4  |10100100 |11487


---------------
Opcode: 4A
Instruction:LSR Addressing Mode:Accumulator - Operand (Value: "0x00", Address: "None")
Instruction cycle count set to 2
A |X |Y |SP |PC   |T/MT |NV-BDIZC |CYCLE
----------------------------------------
00|00|00|FE |0706 |1/2  |00100110 |11488
00|00|00|FE |0706 |2/2  |00100110 |11489


---------------
Opcode: C9
ll: 02
Instruction:CMP Addressing Mode:Immediate - Operand (Value: "0x02", Address: "None")
Instruction cycle count set to 2
A |X |Y |SP |PC   |T/MT |NV-BDIZC |CYCLE
----------------------------------------
00|00|00|FE |0708 |1/2  |10100100 |11490
00|00|00|FE |0708 |2/2  |10100100 |11491


---------------
Opcode: D0
ll: F8
Old PC: 070A Offset:-8 New PC: 0702
Instruction:BNE Addressing Mode:Relative - Operand (Value: "None", Address: "0x0702")
Instruction cycle count set to 2
A |X |Y |SP |PC   |T/MT |NV-BDIZC |CYCLE
----------------------------------------
00|00|00|FE |0702 |1/3  |10100100 |11492
00|00|00|FE |0702 |2/3  |10100100 |11493
00|00|00|FE |0702 |3/3  |10100100 |11494


---------------
Opcode: 8D
ll: 00 hh: A0
Instruction:STA Addressing Mode:Absolute - Operand (Value: "0x00", Address: "0xA000")
Writing value 0x00 to address: 0xA000
0xA000: 0x00
Instruction cycle count set to 4
A |X |Y |SP |PC   |T/MT |NV-BDIZC |CYCLE
----------------------------------------
00|00|00|FE |0705 |1/4  |10100100 |11495
00|00|00|FE |0705 |2/4  |10100100 |11496
00|00|00|FE |0705 |3/4  |10100100 |11497
00|00|00|FE |0705 |4/4  |10100100 |11498


---------------
Opcode: 4A
Instruction:LSR Addressing Mode:Accumulator - Operand (Value: "0x00", Address: "None")
Instruction cycle count set to 2
A |X |Y |SP |PC   |T/MT |NV-BDIZC |CYCLE
----------------------------------------
00|00|00|FE |0706 |1/2  |00100110 |11499
00|00|00|FE |0706 |2/2  |00100110 |11500


---------------
Opcode: C9
ll: 02
Instruction:CMP Addressing Mode:Immediate - Operand (Value: "0x02", Address: "None")
Instruction cycle count set to 2
A |X |Y |SP |PC   |T/MT |NV-BDIZC |CYCLE
----------------------------------------
00|00|00|FE |0708 |1/2  |10100100 |11501
00|00|00|FE |0708 |2/2  |10100100 |11502


---------------
Opcode: D0
ll: F8
Old PC: 070A Offset:-8 New PC: 0702
Instruction:BNE Addressing Mode:Relative - Operand (Value: "None", Address: "0x0702")
Instruction cycle count set to 2
A |X |Y |SP |PC   |T/MT |NV-BDIZC |CYCLE
----------------------------------------
00|00|00|FE |0702 |1/3  |10100100 |11503
00|00|00|FE |0702 |2/3  |10100100 |11504
00|00|00|FE |0702 |3/3  |10100100 |11505


---------------
Opcode: 8D
ll: 00 hh: A0
Instruction:STA Addressing Mode:Absolute - Operand (Value: "0x00", Address: "0xA000")
Writing value 0x00 to address: 0xA000
0xA000: 0x00
Instruction cycle count set to 4
A |X |Y |SP |PC   |T/MT |NV-BDIZC |CYCLE
----------------------------------------
00|00|00|FE |0705 |1/4  |10100100 |11506
00|00|00|FE |0705 |2/4  |10100100 |11507
00|00|00|FE |0705 |3/4  |10100100 |11508
00|00|00|FE |0705 |4/4  |10100100 |11509


---------------
Opcode: 4A
Instruction:LSR Addressing Mode:Accumulator - Operand (Value: "0x00", Address: "None")
Instruction cycle count set to 2
A |X |Y |SP |PC   |T/MT |NV-BDIZC |CYCLE
----------------------------------------
00|00|00|FE |0706 |1/2  |00100110 |11510
00|00|00|FE |0706 |2/2  |00100110 |11511


---------------
Opcode: C9
ll: 02
Instruction:CMP Addressing Mode:Immediate - Operand (Value: "0x02", Address: "None")
Instruction cycle count set to 2
A |X |Y |SP |PC   |T/MT |NV-BDIZC |CYCLE
----------------------------------------
00|00|00|FE |0708 |1/2  |10100100 |11512
00|00|00|FE |0708 |2/2  |10100100 |11513


---------------
Opcode: D0
ll: F8
Old PC: 070A Offset:-8 New PC: 0702
Instruction:BNE Addressing Mode:Relative - Operand (Value: "None", Address: "0x0702")
Instruction cycle count set to 2
A |X |Y |SP |PC   |T/MT |NV-BDIZC |CYCLE
----------------------------------------
00|00|00|FE |0702 |1/3  |10100100 |11514
00|00|00|FE |0702 |2/3  |10100100 |11515
00|00|00|FE |0702 |3/3  |10100100 |11516


---------------
Opcode: 8D
ll: 00 hh: A0
Instruction:STA Addressing Mode:Absolute - Operand (Value: "0x00", Address: "0xA000")
Writing value 0x00 to address: 0xA000
0xA000: 0x00
Instruction cycle count set to 4
A |X |Y |SP |PC   |T/MT |NV-BDIZC |CYCLE
----------------------------------------
00|00|00|FE |0705 |1/4  |10100100 |11517
00|00|00|FE |0705 |2/4  |10100100 |11518
00|00|00|FE |0705 |3/4  |10100100 |11519
00|00|00|FE |0705 |4/4  |10100100 |11520


---------------
Opcode: 4A
Instruction:LSR Addressing Mode:Accumulator - Operand (Value: "0x00", Address: "None")
Instruction cycle count set to 2
A |X |Y |SP |PC   |T/MT |NV-BDIZC |CYCLE
----------------------------------------
00|00|00|FE |0706 |1/2  |00100110 |11521
00|00|00|FE |0706 |2/2  |00100110 |11522


---------------
Opcode: C9
ll: 02
Instruction:CMP Addressing Mode:Immediate - Operand (Value: "0x02", Address: "None")
Instruction cycle count set to 2
A |X |Y |SP |PC   |T/MT |NV-BDIZC |CYCLE
----------------------------------------
00|00|00|FE |0708 |1/2  |10100100 |11523
00|00|00|FE |0708 |2/2  |10100100 |11524


---------------
Opcode: D0
ll: F8
Old PC: 070A Offset:-8 New PC: 0702
Instruction:BNE Addressing Mode:Relative - Operand (Value: "None", Address: "0x0702")
Instruction cycle count set to 2
A |X |Y |SP |PC   |T/MT |NV-BDIZC |CYCLE
----------------------------------------
00|00|00|FE |0702 |1/3  |10100100 |11525
00|00|00|FE |0702 |2/3  |10100100 |11526
00|00|00|FE |0702 |3/3  |10100100 |11527


---------------
Opcode: 8D
ll: 00 hh: A0
Instruction:STA Addressing Mode:Absolute - Operand (Value: "0x00", Address: "0xA000")
Writing value 0x00 to address: 0xA000
0xA000: 0x00
Instruction cycle count set to 4
A |X |Y |SP |PC   |T/MT |NV-BDIZC |CYCLE
----------------------------------------
00|00|00|FE |0705 |1/4  |10100100 |11528
00|00|00|FE |0705 |2/4  |10100100 |11529
00|00|00|FE |0705 |3/4  |10100100 |11530
00|00|00|FE |0705 |4/4  |10100100 |11531


---------------
Opcode: 4A
Instruction:LSR Addressing Mode:Accumulator - Operand (Value: "0x00", Address: "None")
Instruction cycle count set to 2
A |X |Y |SP |PC   |T/MT |NV-BDIZC |CYCLE
----------------------------------------
00|00|00|FE |0706 |1/2  |00100110 |11532
00|00|00|FE |0706 |2/2  |00100110 |11533


---------------
Opcode: C9
ll: 02
Instruction:CMP Addressing Mode:Immediate - Operand (Value: "0x02", Address: "None")
Instruction cycle count set to 2
A |X |Y |SP |PC   |T/MT |NV-BDIZC |CYCLE
----------------------------------------
00|00|00|FE |0708 |1/2  |10100100 |11534
00|00|00|FE |0708 |2/2  |10100100 |11535


---------------
Opcode: D0
ll: F8
Old PC: 070A Offset:-8 New PC: 0702
Instruction:BNE Addressing Mode:Relative - Operand (Value: "None", Address: "0x0702")
Instruction cycle count set to 2
A |X |Y |SP |PC   |T/MT |NV-BDIZC |CYCLE
----------------------------------------
00|00|00|FE |0702 |1/3  |10100100 |11536
00|00|00|FE |0702 |2/3  |10100100 |11537
00|00|00|FE |0702 |3/3  |10100100 |11538


---------------
Opcode: 8D
ll: 00 hh: A0
Instruction:STA Addressing Mode:Absolute - Operand (Value: "0x00", Address: "0xA000")
Writing value 0x00 to address: 0xA000
0xA000: 0x00
Instruction cycle count set to 4
A |X |Y |SP |PC   |T/MT |NV-BDIZC |CYCLE
----------------------------------------
00|00|00|FE |0705 |1/4  |10100100 |11539
00|00|00|FE |0705 |2/4  |10100100 |11540
00|00|00|FE |0705 |3/4  |10100100 |11541
00|00|00|FE |0705 |4/4  |10100100 |11542


---------------
Opcode: 4A
Instruction:LSR Addressing Mode:Accumulator - Operand (Value: "0x00", Address: "None")
Instruction cycle count set to 2
A |X |Y |SP |PC   |T/MT |NV-BDIZC |CYCLE
----------------------------------------
00|00|00|FE |0706 |1/2  |00100110 |11543
00|00|00|FE |0706 |2/2  |00100110 |11544


---------------
Opcode: C9
ll: 02
Instruction:CMP Addressing Mode:Immediate - Operand (Value: "0x02", Address: "None")
Instruction cycle count set to 2
A |X |Y |SP |PC   |T/MT |NV-BDIZC |CYCLE
----------------------------------------
00|00|00|FE |0708 |1/2  |10100100 |11545
00|00|00|FE |0708 |2/2  |10100100 |11546


---------------
Opcode: D0
ll: F8
Old PC: 070A Offset:-8 New PC: 0702
Instruction:BNE Addressing Mode:Relative - Operand (Value: "None", Address: "0x0702")
Instruction cycle count set to 2
A |X |Y |SP |PC   |T/MT |NV-BDIZC |CYCLE
----------------------------------------
00|00|00|FE |0702 |1/3  |10100100 |11547
00|00|00|FE |0702 |2/3  |10100100 |11548
00|00|00|FE |0702 |3/3  |10100100 |11549


---------------
Opcode: 8D
ll: 00 hh: A0
Instruction:STA Addressing Mode:Absolute - Operand (Value: "0x00", Address: "0xA000")
Writing value 0x00 to address: 0xA000
0xA000: 0x00
Instruction cycle count set to 4
A |X |Y |SP |PC   |T/MT |NV-BDIZC |CYCLE
----------------------------------------
00|00|00|FE |0705 |1/4  |10100100 |11550
00|00|00|FE |0705 |2/4  |10100100 |11551
00|00|00|FE |0705 |3/4  |10100100 |11552
00|00|00|FE |0705 |4/4  |10100100 |11553


---------------
Opcode: 4A
Instruction:LSR Addressing Mode:Accumulator - Operand (Value: "0x00", Address: "None")
Instruction cycle count set to 2
A |X |Y |SP |PC   |T/MT |NV-BDIZC |CYCLE
----------------------------------------
00|00|00|FE |0706 |1/2  |00100110 |11554
00|00|00|FE |0706 |2/2  |00100110 |11555


---------------
Opcode: C9
ll: 02
Instruction:CMP Addressing Mode:Immediate - Operand (Value: "0x02", Address: "None")
Instruction cycle count set to 2
A |X |Y |SP |PC   |T/MT |NV-BDIZC |CYCLE
----------------------------------------
00|00|00|FE |0708 |1/2  |10100100 |11556
00|00|00|FE |0708 |2/2  |10100100 |11557


---------------
Opcode: D0
ll: F8
Old PC: 070A Offset:-8 New PC: 0702
Instruction:BNE Addressing Mode:Relative - Operand (Value: "None", Address: "0x0702")
Instruction cycle count set to 2
A |X |Y |SP |PC   |T/MT |NV-BDIZC |CYCLE
----------------------------------------
00|00|00|FE |0702 |1/3  |10100100 |11558
00|00|00|FE |0702 |2/3  |10100100 |11559
00|00|00|FE |0702 |3/3  |10100100 |11560


---------------
Opcode: 8D
ll: 00 hh: A0
Instruction:STA Addressing Mode:Absolute - Operand (Value: "0x00", Address: "0xA000")
Writing value 0x00 to address: 0xA000
0xA000: 0x00
Instruction cycle count set to 4
A |X |Y |SP |PC   |T/MT |NV-BDIZC |CYCLE
----------------------------------------
00|00|00|FE |0705 |1/4  |10100100 |11561
00|00|00|FE |0705 |2/4  |10100100 |11562
00|00|00|FE |0705 |3/4  |10100100 |11563
00|00|00|FE |0705 |4/4  |10100100 |11564


---------------
Opcode: 4A
Instruction:LSR Addressing Mode:Accumulator - Operand (Value: "0x00", Address: "None")
Instruction cycle count set to 2
A |X |Y |SP |PC   |T/MT |NV-BDIZC |CYCLE
----------------------------------------
00|00|00|FE |0706 |1/2  |00100110 |11565
00|00|00|FE |0706 |2/2  |00100110 |11566


---------------
Opcode: C9
ll: 02
Instruction:CMP Addressing Mode:Immediate - Operand (Value: "0x02", Address: "None")
Instruction cycle count set to 2
A |X |Y |SP |PC   |T/MT |NV-BDIZC |CYCLE
----------------------------------------
00|00|00|FE |0708 |1/2  |10100100 |11567
00|00|00|FE |0708 |2/2  |10100100 |11568


---------------
Opcode: D0
ll: F8
Old PC: 070A Offset:-8 New PC: 0702
Instruction:BNE Addressing Mode:Relative - Operand (Value: "None", Address: "0x0702")
Instruction cycle count set to 2
A |X |Y |SP |PC   |T/MT |NV-BDIZC |CYCLE
----------------------------------------
00|00|00|FE |0702 |1/3  |10100100 |11569
00|00|00|FE |0702 |2/3  |10100100 |11570
00|00|00|FE |0702 |3/3  |10100100 |11571


---------------
Opcode: 8D
ll: 00 hh: A0
Instruction:STA Addressing Mode:Absolute - Operand (Value: "0x00", Address: "0xA000")
Writing value 0x00 to address: 0xA000
0xA000: 0x00
Instruction cycle count set to 4
A |X |Y |SP |PC   |T/MT |NV-BDIZC |CYCLE
----------------------------------------
00|00|00|FE |0705 |1/4  |10100100 |11572
00|00|00|FE |0705 |2/4  |10100100 |11573
00|00|00|FE |0705 |3/4  |10100100 |11574
00|00|00|FE |0705 |4/4  |10100100 |11575


---------------
Opcode: 4A
Instruction:LSR Addressing Mode:Accumulator - Operand (Value: "0x00", Address: "None")
Instruction cycle count set to 2
A |X |Y |SP |PC   |T/MT |NV-BDIZC |CYCLE
----------------------------------------
00|00|00|FE |0706 |1/2  |00100110 |11576
00|00|00|FE |0706 |2/2  |00100110 |11577


---------------
Opcode: C9
ll: 02
Instruction:CMP Addressing Mode:Immediate - Operand (Value: "0x02", Address: "None")
Instruction cycle count set to 2
A |X |Y |SP |PC   |T/MT |NV-BDIZC |CYCLE
----------------------------------------
00|00|00|FE |0708 |1/2  |10100100 |11578
00|00|00|FE |0708 |2/2  |10100100 |11579


---------------
Opcode: D0
ll: F8
Old PC: 070A Offset:-8 New PC: 0702
Instruction:BNE Addressing Mode:Relative - Operand (Value: "None", Address: "0x0702")
Instruction cycle count set to 2
A |X |Y |SP |PC   |T/MT |NV-BDIZC |CYCLE
----------------------------------------
00|00|00|FE |0702 |1/3  |10100100 |11580
00|00|00|FE |0702 |2/3  |10100100 |11581
00|00|00|FE |0702 |3/3  |10100100 |11582


---------------
Opcode: 8D
ll: 00 hh: A0
Instruction:STA Addressing Mode:Absolute - Operand (Value: "0x00", Address: "0xA000")
Writing value 0x00 to address: 0xA000
0xA000: 0x00
Instruction cycle count set to 4
A |X |Y |SP |PC   |T/MT |NV-BDIZC |CYCLE
----------------------------------------
00|00|00|FE |0705 |1/4  |10100100 |11583
00|00|00|FE |0705 |2/4  |10100100 |11584
00|00|00|FE |0705 |3/4  |10100100 |11585
00|00|00|FE |0705 |4/4  |10100100 |11586


---------------
Opcode: 4A
Instruction:LSR Addressing Mode:Accumulator - Operand (Value: "0x00", Address: "None")
Instruction cycle count set to 2
A |X |Y |SP |PC   |T/MT |NV-BDIZC |CYCLE
----------------------------------------
00|00|00|FE |0706 |1/2  |00100110 |11587
00|00|00|FE |0706 |2/2  |00100110 |11588


---------------
Opcode: C9
ll: 02
Instruction:CMP Addressing Mode:Immediate - Operand (Value: "0x02", Address: "None")
Instruction cycle count set to 2
A |X |Y |SP |PC   |T/MT |NV-BDIZC |CYCLE
----------------------------------------
00|00|00|FE |0708 |1/2  |10100100 |11589
00|00|00|FE |0708 |2/2  |10100100 |11590


---------------
Opcode: D0
ll: F8
Old PC: 070A Offset:-8 New PC: 0702
Instruction:BNE Addressing Mode:Relative - Operand (Value: "None", Address: "0x0702")
Instruction cycle count set to 2
A |X |Y |SP |PC   |T/MT |NV-BDIZC |CYCLE
----------------------------------------
00|00|00|FE |0702 |1/3  |10100100 |11591
00|00|00|FE |0702 |2/3  |10100100 |11592
00|00|00|FE |0702 |3/3  |10100100 |11593


---------------
Opcode: 8D
ll: 00 hh: A0
Instruction:STA Addressing Mode:Absolute - Operand (Value: "0x00", Address: "0xA000")
Writing value 0x00 to address: 0xA000
0xA000: 0x00
Instruction cycle count set to 4
A |X |Y |SP |PC   |T/MT |NV-BDIZC |CYCLE
----------------------------------------
00|00|00|FE |0705 |1/4  |10100100 |11594
00|00|00|FE |0705 |2/4  |10100100 |11595
00|00|00|FE |0705 |3/4  |10100100 |11596
00|00|00|FE |0705 |4/4  |10100100 |11597


---------------
Opcode: 4A
Instruction:LSR Addressing Mode:Accumulator - Operand (Value: "0x00", Address: "None")
Instruction cycle count set to 2
A |X |Y |SP |PC   |T/MT |NV-BDIZC |CYCLE
----------------------------------------
00|00|00|FE |0706 |1/2  |00100110 |11598
00|00|00|FE |0706 |2/2  |00100110 |11599


---------------
Opcode: C9
ll: 02
Instruction:CMP Addressing Mode:Immediate - Operand (Value: "0x02", Address: "None")
Instruction cycle count set to 2
A |X |Y |SP |PC   |T/MT |NV-BDIZC |CYCLE
----------------------------------------
00|00|00|FE |0708 |1/2  |10100100 |11600
00|00|00|FE |0708 |2/2  |10100100 |11601


---------------
Opcode: D0
ll: F8
Old PC: 070A Offset:-8 New PC: 0702
Instruction:BNE Addressing Mode:Relative - Operand (Value: "None", Address: "0x0702")
Instruction cycle count set to 2
A |X |Y |SP |PC   |T/MT |NV-BDIZC |CYCLE
----------------------------------------
00|00|00|FE |0702 |1/3  |10100100 |11602
00|00|00|FE |0702 |2/3  |10100100 |11603
00|00|00|FE |0702 |3/3  |10100100 |11604


---------------
Opcode: 8D
ll: 00 hh: A0
Instruction:STA Addressing Mode:Absolute - Operand (Value: "0x00", Address: "0xA000")
Writing value 0x00 to address: 0xA000
0xA000: 0x00
Instruction cycle count set to 4
A |X |Y |SP |PC   |T/MT |NV-BDIZC |CYCLE
----------------------------------------
00|00|00|FE |0705 |1/4  |10100100 |11605
00|00|00|FE |0705 |2/4  |10100100 |11606
00|00|00|FE |0705 |3/4  |10100100 |11607
00|00|00|FE |0705 |4/4  |10100100 |11608


---------------
Opcode: 4A
Instruction:LSR Addressing Mode:Accumulator - Operand (Value: "0x00", Address: "None")
Instruction cycle count set to 2
A |X |Y |SP |PC   |T/MT |NV-BDIZC |CYCLE
----------------------------------------
00|00|00|FE |0706 |1/2  |00100110 |11609
00|00|00|FE |0706 |2/2  |00100110 |11610


---------------
Opcode: C9
ll: 02
Instruction:CMP Addressing Mode:Immediate - Operand (Value: "0x02", Address: "None")
Instruction cycle count set to 2
A |X |Y |SP |PC   |T/MT |NV-BDIZC |CYCLE
----------------------------------------
00|00|00|FE |0708 |1/2  |10100100 |11611
00|00|00|FE |0708 |2/2  |10100100 |11612


---------------
Opcode: D0
ll: F8
Old PC: 070A Offset:-8 New PC: 0702
Instruction:BNE Addressing Mode:Relative - Operand (Value: "None", Address: "0x0702")
Instruction cycle count set to 2
A |X |Y |SP |PC   |T/MT |NV-BDIZC |CYCLE
----------------------------------------
00|00|00|FE |0702 |1/3  |10100100 |11613
00|00|00|FE |0702 |2/3  |10100100 |11614
00|00|00|FE |0702 |3/3  |10100100 |11615


---------------
Opcode: 8D
ll: 00 hh: A0
Instruction:STA Addressing Mode:Absolute - Operand (Value: "0x00", Address: "0xA000")
Writing value 0x00 to address: 0xA000
0xA000: 0x00
Instruction cycle count set to 4
A |X |Y |SP |PC   |T/MT |NV-BDIZC |CYCLE
----------------------------------------
00|00|00|FE |0705 |1/4  |10100100 |11616
00|00|00|FE |0705 |2/4  |10100100 |11617
00|00|00|FE |0705 |3/4  |10100100 |11618
00|00|00|FE |0705 |4/4  |10100100 |11619


---------------
Opcode: 4A
Instruction:LSR Addressing Mode:Accumulator - Operand (Value: "0x00", Address: "None")
Instruction cycle count set to 2
A |X |Y |SP |PC   |T/MT |NV-BDIZC |CYCLE
----------------------------------------
00|00|00|FE |0706 |1/2  |00100110 |11620
00|00|00|FE |0706 |2/2  |00100110 |11621


---------------
Opcode: C9
ll: 02
Instruction:CMP Addressing Mode:Immediate - Operand (Value: "0x02", Address: "None")
Instruction cycle count set to 2
A |X |Y |SP |PC   |T/MT |NV-BDIZC |CYCLE
----------------------------------------
00|00|00|FE |0708 |1/2  |10100100 |11622
00|00|00|FE |0708 |2/2  |10100100 |11623


---------------
Opcode: D0
ll: F8
Old PC: 070A Offset:-8 New PC: 0702
Instruction:BNE Addressing Mode:Relative - Operand (Value: "None", Address: "0x0702")
Instruction cycle count set to 2
A |X |Y |SP |PC   |T/MT |NV-BDIZC |CYCLE
----------------------------------------
00|00|00|FE |0702 |1/3  |10100100 |11624
00|00|00|FE |0702 |2/3  |10100100 |11625
00|00|00|FE |0702 |3/3  |10100100 |11626


---------------
Opcode: 8D
ll: 00 hh: A0
Instruction:STA Addressing Mode:Absolute - Operand (Value: "0x00", Address: "0xA000")
Writing value 0x00 to address: 0xA000
0xA000: 0x00
Instruction cycle count set to 4
A |X |Y |SP |PC   |T/MT |NV-BDIZC |CYCLE
----------------------------------------
00|00|00|FE |0705 |1/4  |10100100 |11627
00|00|00|FE |0705 |2/4  |10100100 |11628
00|00|00|FE |0705 |3/4  |10100100 |11629
00|00|00|FE |0705 |4/4  |10100100 |11630


---------------
Opcode: 4A
Instruction:LSR Addressing Mode:Accumulator - Operand (Value: "0x00", Address: "None")
Instruction cycle count set to 2
A |X |Y |SP |PC   |T/MT |NV-BDIZC |CYCLE
----------------------------------------
00|00|00|FE |0706 |1/2  |00100110 |11631
00|00|00|FE |0706 |2/2  |00100110 |11632


---------------
Opcode: C9
ll: 02
Instruction:CMP Addressing Mode:Immediate - Operand (Value: "0x02", Address: "None")
Instruction cycle count set to 2
A |X |Y |SP |PC   |T/MT |NV-BDIZC |CYCLE
----------------------------------------
00|00|00|FE |0708 |1/2  |10100100 |11633
00|00|00|FE |0708 |2/2  |10100100 |11634


---------------
Opcode: D0
ll: F8
Old PC: 070A Offset:-8 New PC: 0702
Instruction:BNE Addressing Mode:Relative - Operand (Value: "None", Address: "0x0702")
Instruction cycle count set to 2
A |X |Y |SP |PC   |T/MT |NV-BDIZC |CYCLE
----------------------------------------
00|00|00|FE |0702 |1/3  |10100100 |11635
00|00|00|FE |0702 |2/3  |10100100 |11636
00|00|00|FE |0702 |3/3  |10100100 |11637


---------------
Opcode: 8D
ll: 00 hh: A0
Instruction:STA Addressing Mode:Absolute - Operand (Value: "0x00", Address: "0xA000")
Writing value 0x00 to address: 0xA000
0xA000: 0x00
Instruction cycle count set to 4
A |X |Y |SP |PC   |T/MT |NV-BDIZC |CYCLE
----------------------------------------
00|00|00|FE |0705 |1/4  |10100100 |11638
00|00|00|FE |0705 |2/4  |10100100 |11639
00|00|00|FE |0705 |3/4  |10100100 |11640
00|00|00|FE |0705 |4/4  |10100100 |11641


---------------
Opcode: 4A
Instruction:LSR Addressing Mode:Accumulator - Operand (Value: "0x00", Address: "None")
Instruction cycle count set to 2
A |X |Y |SP |PC   |T/MT |NV-BDIZC |CYCLE
----------------------------------------
00|00|00|FE |0706 |1/2  |00100110 |11642
00|00|00|FE |0706 |2/2  |00100110 |11643


---------------
Opcode: C9
ll: 02
Instruction:CMP Addressing Mode:Immediate - Operand (Value: "0x02", Address: "None")
Instruction cycle count set to 2
A |X |Y |SP |PC   |T/MT |NV-BDIZC |CYCLE
----------------------------------------
00|00|00|FE |0708 |1/2  |10100100 |11644
00|00|00|FE |0708 |2/2  |10100100 |11645


---------------
Opcode: D0
ll: F8
Old PC: 070A Offset:-8 New PC: 0702
Instruction:BNE Addressing Mode:Relative - Operand (Value: "None", Address: "0x0702")
Instruction cycle count set to 2
A |X |Y |SP |PC   |T/MT |NV-BDIZC |CYCLE
----------------------------------------
00|00|00|FE |0702 |1/3  |10100100 |11646
00|00|00|FE |0702 |2/3  |10100100 |11647
00|00|00|FE |0702 |3/3  |10100100 |11648


---------------
Opcode: 8D
ll: 00 hh: A0
Instruction:STA Addressing Mode:Absolute - Operand (Value: "0x00", Address: "0xA000")
Writing value 0x00 to address: 0xA000
0xA000: 0x00
Instruction cycle count set to 4
A |X |Y |SP |PC   |T/MT |NV-BDIZC |CYCLE
----------------------------------------
00|00|00|FE |0705 |1/4  |10100100 |11649
00|00|00|FE |0705 |2/4  |10100100 |11650
00|00|00|FE |0705 |3/4  |10100100 |11651
00|00|00|FE |0705 |4/4  |10100100 |11652


---------------
Opcode: 4A
Instruction:LSR Addressing Mode:Accumulator - Operand (Value: "0x00", Address: "None")
Instruction cycle count set to 2
A |X |Y |SP |PC   |T/MT |NV-BDIZC |CYCLE
----------------------------------------
00|00|00|FE |0706 |1/2  |00100110 |11653
00|00|00|FE |0706 |2/2  |00100110 |11654


---------------
Opcode: C9
ll: 02
Instruction:CMP Addressing Mode:Immediate - Operand (Value: "0x02", Address: "None")
Instruction cycle count set to 2
A |X |Y |SP |PC   |T/MT |NV-BDIZC |CYCLE
----------------------------------------
00|00|00|FE |0708 |1/2  |10100100 |11655
00|00|00|FE |0708 |2/2  |10100100 |11656


---------------
Opcode: D0
ll: F8
Old PC: 070A Offset:-8 New PC: 0702
Instruction:BNE Addressing Mode:Relative - Operand (Value: "None", Address: "0x0702")
Instruction cycle count set to 2
A |X |Y |SP |PC   |T/MT |NV-BDIZC |CYCLE
----------------------------------------
00|00|00|FE |0702 |1/3  |10100100 |11657
00|00|00|FE |0702 |2/3  |10100100 |11658
00|00|00|FE |0702 |3/3  |10100100 |11659


---------------
Opcode: 8D
ll: 00 hh: A0
Instruction:STA Addressing Mode:Absolute - Operand (Value: "0x00", Address: "0xA000")
Writing value 0x00 to address: 0xA000
0xA000: 0x00
Instruction cycle count set to 4
A |X |Y |SP |PC   |T/MT |NV-BDIZC |CYCLE
----------------------------------------
00|00|00|FE |0705 |1/4  |10100100 |11660
00|00|00|FE |0705 |2/4  |10100100 |11661
00|00|00|FE |0705 |3/4  |10100100 |11662
00|00|00|FE |0705 |4/4  |10100100 |11663


---------------
Opcode: 4A
Instruction:LSR Addressing Mode:Accumulator - Operand (Value: "0x00", Address: "None")
Instruction cycle count set to 2
A |X |Y |SP |PC   |T/MT |NV-BDIZC |CYCLE
----------------------------------------
00|00|00|FE |0706 |1/2  |00100110 |11664
00|00|00|FE |0706 |2/2  |00100110 |11665


---------------
Opcode: C9
ll: 02
Instruction:CMP Addressing Mode:Immediate - Operand (Value: "0x02", Address: "None")
Instruction cycle count set to 2
A |X |Y |SP |PC   |T/MT |NV-BDIZC |CYCLE
----------------------------------------
00|00|00|FE |0708 |1/2  |10100100 |11666
00|00|00|FE |0708 |2/2  |10100100 |11667


---------------
Opcode: D0
ll: F8
Old PC: 070A Offset:-8 New PC: 0702
Instruction:BNE Addressing Mode:Relative - Operand (Value: "None", Address: "0x0702")
Instruction cycle count set to 2
A |X |Y |SP |PC   |T/MT |NV-BDIZC |CYCLE
----------------------------------------
00|00|00|FE |0702 |1/3  |10100100 |11668
00|00|00|FE |0702 |2/3  |10100100 |11669
00|00|00|FE |0702 |3/3  |10100100 |11670


---------------
Opcode: 8D
ll: 00 hh: A0
Instruction:STA Addressing Mode:Absolute - Operand (Value: "0x00", Address: "0xA000")
Writing value 0x00 to address: 0xA000
0xA000: 0x00
Instruction cycle count set to 4
A |X |Y |SP |PC   |T/MT |NV-BDIZC |CYCLE
----------------------------------------
00|00|00|FE |0705 |1/4  |10100100 |11671
00|00|00|FE |0705 |2/4  |10100100 |11672
00|00|00|FE |0705 |3/4  |10100100 |11673
00|00|00|FE |0705 |4/4  |10100100 |11674


---------------
Opcode: 4A
Instruction:LSR Addressing Mode:Accumulator - Operand (Value: "0x00", Address: "None")
Instruction cycle count set to 2
A |X |Y |SP |PC   |T/MT |NV-BDIZC |CYCLE
----------------------------------------
00|00|00|FE |0706 |1/2  |00100110 |11675
00|00|00|FE |0706 |2/2  |00100110 |11676


---------------
Opcode: C9
ll: 02
Instruction:CMP Addressing Mode:Immediate - Operand (Value: "0x02", Address: "None")
Instruction cycle count set to 2
A |X |Y |SP |PC   |T/MT |NV-BDIZC |CYCLE
----------------------------------------
00|00|00|FE |0708 |1/2  |10100100 |11677
00|00|00|FE |0708 |2/2  |10100100 |11678


---------------
Opcode: D0
ll: F8
Old PC: 070A Offset:-8 New PC: 0702
Instruction:BNE Addressing Mode:Relative - Operand (Value: "None", Address: "0x0702")
Instruction cycle count set to 2
A |X |Y |SP |PC   |T/MT |NV-BDIZC |CYCLE
----------------------------------------
00|00|00|FE |0702 |1/3  |10100100 |11679
00|00|00|FE |0702 |2/3  |10100100 |11680
00|00|00|FE |0702 |3/3  |10100100 |11681


---------------
Opcode: 8D
ll: 00 hh: A0
Instruction:STA Addressing Mode:Absolute - Operand (Value: "0x00", Address: "0xA000")
Writing value 0x00 to address: 0xA000
0xA000: 0x00
Instruction cycle count set to 4
A |X |Y |SP |PC   |T/MT |NV-BDIZC |CYCLE
----------------------------------------
00|00|00|FE |0705 |1/4  |10100100 |11682
00|00|00|FE |0705 |2/4  |10100100 |11683
00|00|00|FE |0705 |3/4  |10100100 |11684
00|00|00|FE |0705 |4/4  |10100100 |11685


---------------
Opcode: 4A
Instruction:LSR Addressing Mode:Accumulator - Operand (Value: "0x00", Address: "None")
Instruction cycle count set to 2
A |X |Y |SP |PC   |T/MT |NV-BDIZC |CYCLE
----------------------------------------
00|00|00|FE |0706 |1/2  |00100110 |11686
00|00|00|FE |0706 |2/2  |00100110 |11687


---------------
Opcode: C9
ll: 02
Instruction:CMP Addressing Mode:Immediate - Operand (Value: "0x02", Address: "None")
Instruction cycle count set to 2
A |X |Y |SP |PC   |T/MT |NV-BDIZC |CYCLE
----------------------------------------
00|00|00|FE |0708 |1/2  |10100100 |11688
00|00|00|FE |0708 |2/2  |10100100 |11689


---------------
Opcode: D0
ll: F8
Old PC: 070A Offset:-8 New PC: 0702
Instruction:BNE Addressing Mode:Relative - Operand (Value: "None", Address: "0x0702")
Instruction cycle count set to 2
A |X |Y |SP |PC   |T/MT |NV-BDIZC |CYCLE
----------------------------------------
00|00|00|FE |0702 |1/3  |10100100 |11690
00|00|00|FE |0702 |2/3  |10100100 |11691
00|00|00|FE |0702 |3/3  |10100100 |11692


---------------
Opcode: 8D
ll: 00 hh: A0
Instruction:STA Addressing Mode:Absolute - Operand (Value: "0x00", Address: "0xA000")
Writing value 0x00 to address: 0xA000
0xA000: 0x00
Instruction cycle count set to 4
A |X |Y |SP |PC   |T/MT |NV-BDIZC |CYCLE
----------------------------------------
00|00|00|FE |0705 |1/4  |10100100 |11693
00|00|00|FE |0705 |2/4  |10100100 |11694
00|00|00|FE |0705 |3/4  |10100100 |11695
00|00|00|FE |0705 |4/4  |10100100 |11696


---------------
Opcode: 4A
Instruction:LSR Addressing Mode:Accumulator - Operand (Value: "0x00", Address: "None")
Instruction cycle count set to 2
A |X |Y |SP |PC   |T/MT |NV-BDIZC |CYCLE
----------------------------------------
00|00|00|FE |0706 |1/2  |00100110 |11697
00|00|00|FE |0706 |2/2  |00100110 |11698


---------------
Opcode: C9
ll: 02
Instruction:CMP Addressing Mode:Immediate - Operand (Value: "0x02", Address: "None")
Instruction cycle count set to 2
A |X |Y |SP |PC   |T/MT |NV-BDIZC |CYCLE
----------------------------------------
00|00|00|FE |0708 |1/2  |10100100 |11699
00|00|00|FE |0708 |2/2  |10100100 |11700


---------------
Opcode: D0
ll: F8
Old PC: 070A Offset:-8 New PC: 0702
Instruction:BNE Addressing Mode:Relative - Operand (Value: "None", Address: "0x0702")
Instruction cycle count set to 2
A |X |Y |SP |PC   |T/MT |NV-BDIZC |CYCLE
----------------------------------------
00|00|00|FE |0702 |1/3  |10100100 |11701
00|00|00|FE |0702 |2/3  |10100100 |11702
00|00|00|FE |0702 |3/3  |10100100 |11703


---------------
Opcode: 8D
ll: 00 hh: A0
Instruction:STA Addressing Mode:Absolute - Operand (Value: "0x00", Address: "0xA000")
Writing value 0x00 to address: 0xA000
0xA000: 0x00
Instruction cycle count set to 4
A |X |Y |SP |PC   |T/MT |NV-BDIZC |CYCLE
----------------------------------------
00|00|00|FE |0705 |1/4  |10100100 |11704
00|00|00|FE |0705 |2/4  |10100100 |11705
00|00|00|FE |0705 |3/4  |10100100 |11706
00|00|00|FE |0705 |4/4  |10100100 |11707


---------------
Opcode: 4A
Instruction:LSR Addressing Mode:Accumulator - Operand (Value: "0x00", Address: "None")
Instruction cycle count set to 2
A |X |Y |SP |PC   |T/MT |NV-BDIZC |CYCLE
----------------------------------------
00|00|00|FE |0706 |1/2  |00100110 |11708
00|00|00|FE |0706 |2/2  |00100110 |11709


---------------
Opcode: C9
ll: 02
Instruction:CMP Addressing Mode:Immediate - Operand (Value: "0x02", Address: "None")
Instruction cycle count set to 2
A |X |Y |SP |PC   |T/MT |NV-BDIZC |CYCLE
----------------------------------------
00|00|00|FE |0708 |1/2  |10100100 |11710
00|00|00|FE |0708 |2/2  |10100100 |11711


---------------
Opcode: D0
ll: F8
Old PC: 070A Offset:-8 New PC: 0702
Instruction:BNE Addressing Mode:Relative - Operand (Value: "None", Address: "0x0702")
Instruction cycle count set to 2
A |X |Y |SP |PC   |T/MT |NV-BDIZC |CYCLE
----------------------------------------
00|00|00|FE |0702 |1/3  |10100100 |11712
00|00|00|FE |0702 |2/3  |10100100 |11713
00|00|00|FE |0702 |3/3  |10100100 |11714


---------------
Opcode: 8D
ll: 00 hh: A0
Instruction:STA Addressing Mode:Absolute - Operand (Value: "0x00", Address: "0xA000")
Writing value 0x00 to address: 0xA000
0xA000: 0x00
Instruction cycle count set to 4
A |X |Y |SP |PC   |T/MT |NV-BDIZC |CYCLE
----------------------------------------
00|00|00|FE |0705 |1/4  |10100100 |11715
00|00|00|FE |0705 |2/4  |10100100 |11716
00|00|00|FE |0705 |3/4  |10100100 |11717
00|00|00|FE |0705 |4/4  |10100100 |11718


---------------
Opcode: 4A
Instruction:LSR Addressing Mode:Accumulator - Operand (Value: "0x00", Address: "None")
Instruction cycle count set to 2
A |X |Y |SP |PC   |T/MT |NV-BDIZC |CYCLE
----------------------------------------
00|00|00|FE |0706 |1/2  |00100110 |11719
00|00|00|FE |0706 |2/2  |00100110 |11720


---------------
Opcode: C9
ll: 02
Instruction:CMP Addressing Mode:Immediate - Operand (Value: "0x02", Address: "None")
Instruction cycle count set to 2
A |X |Y |SP |PC   |T/MT |NV-BDIZC |CYCLE
----------------------------------------
00|00|00|FE |0708 |1/2  |10100100 |11721
00|00|00|FE |0708 |2/2  |10100100 |11722


---------------
Opcode: D0
ll: F8
Old PC: 070A Offset:-8 New PC: 0702
Instruction:BNE Addressing Mode:Relative - Operand (Value: "None", Address: "0x0702")
Instruction cycle count set to 2
A |X |Y |SP |PC   |T/MT |NV-BDIZC |CYCLE
----------------------------------------
00|00|00|FE |0702 |1/3  |10100100 |11723
00|00|00|FE |0702 |2/3  |10100100 |11724
00|00|00|FE |0702 |3/3  |10100100 |11725


---------------
Opcode: 8D
ll: 00 hh: A0
Instruction:STA Addressing Mode:Absolute - Operand (Value: "0x00", Address: "0xA000")
Writing value 0x00 to address: 0xA000
0xA000: 0x00
Instruction cycle count set to 4
A |X |Y |SP |PC   |T/MT |NV-BDIZC |CYCLE
----------------------------------------
00|00|00|FE |0705 |1/4  |10100100 |11726
00|00|00|FE |0705 |2/4  |10100100 |11727
00|00|00|FE |0705 |3/4  |10100100 |11728
00|00|00|FE |0705 |4/4  |10100100 |11729


---------------
Opcode: 4A
Instruction:LSR Addressing Mode:Accumulator - Operand (Value: "0x00", Address: "None")
Instruction cycle count set to 2
A |X |Y |SP |PC   |T/MT |NV-BDIZC |CYCLE
----------------------------------------
00|00|00|FE |0706 |1/2  |00100110 |11730
00|00|00|FE |0706 |2/2  |00100110 |11731


---------------
Opcode: C9
ll: 02
Instruction:CMP Addressing Mode:Immediate - Operand (Value: "0x02", Address: "None")
Instruction cycle count set to 2
A |X |Y |SP |PC   |T/MT |NV-BDIZC |CYCLE
----------------------------------------
00|00|00|FE |0708 |1/2  |10100100 |11732
00|00|00|FE |0708 |2/2  |10100100 |11733


---------------
Opcode: D0
ll: F8
Old PC: 070A Offset:-8 New PC: 0702
Instruction:BNE Addressing Mode:Relative - Operand (Value: "None", Address: "0x0702")
Instruction cycle count set to 2
A |X |Y |SP |PC   |T/MT |NV-BDIZC |CYCLE
----------------------------------------
00|00|00|FE |0702 |1/3  |10100100 |11734
00|00|00|FE |0702 |2/3  |10100100 |11735
00|00|00|FE |0702 |3/3  |10100100 |11736


---------------
Opcode: 8D
ll: 00 hh: A0
Instruction:STA Addressing Mode:Absolute - Operand (Value: "0x00", Address: "0xA000")
Writing value 0x00 to address: 0xA000
0xA000: 0x00
Instruction cycle count set to 4
A |X |Y |SP |PC   |T/MT |NV-BDIZC |CYCLE
----------------------------------------
00|00|00|FE |0705 |1/4  |10100100 |11737
00|00|00|FE |0705 |2/4  |10100100 |11738
00|00|00|FE |0705 |3/4  |10100100 |11739
00|00|00|FE |0705 |4/4  |10100100 |11740


---------------
Opcode: 4A
Instruction:LSR Addressing Mode:Accumulator - Operand (Value: "0x00", Address: "None")
Instruction cycle count set to 2
A |X |Y |SP |PC   |T/MT |NV-BDIZC |CYCLE
----------------------------------------
00|00|00|FE |0706 |1/2  |00100110 |11741
00|00|00|FE |0706 |2/2  |00100110 |11742


---------------
Opcode: C9
ll: 02
Instruction:CMP Addressing Mode:Immediate - Operand (Value: "0x02", Address: "None")
Instruction cycle count set to 2
A |X |Y |SP |PC   |T/MT |NV-BDIZC |CYCLE
----------------------------------------
00|00|00|FE |0708 |1/2  |10100100 |11743
00|00|00|FE |0708 |2/2  |10100100 |11744


---------------
Opcode: D0
ll: F8
Old PC: 070A Offset:-8 New PC: 0702
Instruction:BNE Addressing Mode:Relative - Operand (Value: "None", Address: "0x0702")
Instruction cycle count set to 2
A |X |Y |SP |PC   |T/MT |NV-BDIZC |CYCLE
----------------------------------------
00|00|00|FE |0702 |1/3  |10100100 |11745
00|00|00|FE |0702 |2/3  |10100100 |11746
00|00|00|FE |0702 |3/3  |10100100 |11747


---------------
Opcode: 8D
ll: 00 hh: A0
Instruction:STA Addressing Mode:Absolute - Operand (Value: "0x00", Address: "0xA000")
Writing value 0x00 to address: 0xA000
0xA000: 0x00
Instruction cycle count set to 4
A |X |Y |SP |PC   |T/MT |NV-BDIZC |CYCLE
----------------------------------------
00|00|00|FE |0705 |1/4  |10100100 |11748
00|00|00|FE |0705 |2/4  |10100100 |11749
00|00|00|FE |0705 |3/4  |10100100 |11750
00|00|00|FE |0705 |4/4  |10100100 |11751


---------------
Opcode: 4A
Instruction:LSR Addressing Mode:Accumulator - Operand (Value: "0x00", Address: "None")
Instruction cycle count set to 2
A |X |Y |SP |PC   |T/MT |NV-BDIZC |CYCLE
----------------------------------------
00|00|00|FE |0706 |1/2  |00100110 |11752
00|00|00|FE |0706 |2/2  |00100110 |11753


---------------
Opcode: C9
ll: 02
Instruction:CMP Addressing Mode:Immediate - Operand (Value: "0x02", Address: "None")
Instruction cycle count set to 2
A |X |Y |SP |PC   |T/MT |NV-BDIZC |CYCLE
----------------------------------------
00|00|00|FE |0708 |1/2  |10100100 |11754
00|00|00|FE |0708 |2/2  |10100100 |11755


---------------
Opcode: D0
ll: F8
Old PC: 070A Offset:-8 New PC: 0702
Instruction:BNE Addressing Mode:Relative - Operand (Value: "None", Address: "0x0702")
Instruction cycle count set to 2
A |X |Y |SP |PC   |T/MT |NV-BDIZC |CYCLE
----------------------------------------
00|00|00|FE |0702 |1/3  |10100100 |11756
00|00|00|FE |0702 |2/3  |10100100 |11757
00|00|00|FE |0702 |3/3  |10100100 |11758


---------------
Opcode: 8D
ll: 00 hh: A0
Instruction:STA Addressing Mode:Absolute - Operand (Value: "0x00", Address: "0xA000")
Writing value 0x00 to address: 0xA000
0xA000: 0x00
Instruction cycle count set to 4
A |X |Y |SP |PC   |T/MT |NV-BDIZC |CYCLE
----------------------------------------
00|00|00|FE |0705 |1/4  |10100100 |11759
00|00|00|FE |0705 |2/4  |10100100 |11760
00|00|00|FE |0705 |3/4  |10100100 |11761
00|00|00|FE |0705 |4/4  |10100100 |11762


---------------
Opcode: 4A
Instruction:LSR Addressing Mode:Accumulator - Operand (Value: "0x00", Address: "None")
Instruction cycle count set to 2
A |X |Y |SP |PC   |T/MT |NV-BDIZC |CYCLE
----------------------------------------
00|00|00|FE |0706 |1/2  |00100110 |11763
00|00|00|FE |0706 |2/2  |00100110 |11764


---------------
Opcode: C9
ll: 02
Instruction:CMP Addressing Mode:Immediate - Operand (Value: "0x02", Address: "None")
Instruction cycle count set to 2
A |X |Y |SP |PC   |T/MT |NV-BDIZC |CYCLE
----------------------------------------
00|00|00|FE |0708 |1/2  |10100100 |11765
00|00|00|FE |0708 |2/2  |10100100 |11766


---------------
Opcode: D0
ll: F8
Old PC: 070A Offset:-8 New PC: 0702
Instruction:BNE Addressing Mode:Relative - Operand (Value: "None", Address: "0x0702")
Instruction cycle count set to 2
A |X |Y |SP |PC   |T/MT |NV-BDIZC |CYCLE
----------------------------------------
00|00|00|FE |0702 |1/3  |10100100 |11767
00|00|00|FE |0702 |2/3  |10100100 |11768
00|00|00|FE |0702 |3/3  |10100100 |11769


---------------
Opcode: 8D
ll: 00 hh: A0
Instruction:STA Addressing Mode:Absolute - Operand (Value: "0x00", Address: "0xA000")
Writing value 0x00 to address: 0xA000
0xA000: 0x00
Instruction cycle count set to 4
A |X |Y |SP |PC   |T/MT |NV-BDIZC |CYCLE
----------------------------------------
00|00|00|FE |0705 |1/4  |10100100 |11770
00|00|00|FE |0705 |2/4  |10100100 |11771
00|00|00|FE |0705 |3/4  |10100100 |11772
00|00|00|FE |0705 |4/4  |10100100 |11773


---------------
Opcode: 4A
Instruction:LSR Addressing Mode:Accumulator - Operand (Value: "0x00", Address: "None")
Instruction cycle count set to 2
A |X |Y |SP |PC   |T/MT |NV-BDIZC |CYCLE
----------------------------------------
00|00|00|FE |0706 |1/2  |00100110 |11774
00|00|00|FE |0706 |2/2  |00100110 |11775


---------------
Opcode: C9
ll: 02
Instruction:CMP Addressing Mode:Immediate - Operand (Value: "0x02", Address: "None")
Instruction cycle count set to 2
A |X |Y |SP |PC   |T/MT |NV-BDIZC |CYCLE
----------------------------------------
00|00|00|FE |0708 |1/2  |10100100 |11776
00|00|00|FE |0708 |2/2  |10100100 |11777


---------------
Opcode: D0
ll: F8
Old PC: 070A Offset:-8 New PC: 0702
Instruction:BNE Addressing Mode:Relative - Operand (Value: "None", Address: "0x0702")
Instruction cycle count set to 2
A |X |Y |SP |PC   |T/MT |NV-BDIZC |CYCLE
----------------------------------------
00|00|00|FE |0702 |1/3  |10100100 |11778
00|00|00|FE |0702 |2/3  |10100100 |11779
00|00|00|FE |0702 |3/3  |10100100 |11780


---------------
Opcode: 8D
ll: 00 hh: A0
Instruction:STA Addressing Mode:Absolute - Operand (Value: "0x00", Address: "0xA000")
Writing value 0x00 to address: 0xA000
0xA000: 0x00
Instruction cycle count set to 4
A |X |Y |SP |PC   |T/MT |NV-BDIZC |CYCLE
----------------------------------------
00|00|00|FE |0705 |1/4  |10100100 |11781
00|00|00|FE |0705 |2/4  |10100100 |11782
00|00|00|FE |0705 |3/4  |10100100 |11783
00|00|00|FE |0705 |4/4  |10100100 |11784


---------------
Opcode: 4A
Instruction:LSR Addressing Mode:Accumulator - Operand (Value: "0x00", Address: "None")
Instruction cycle count set to 2
A |X |Y |SP |PC   |T/MT |NV-BDIZC |CYCLE
----------------------------------------
00|00|00|FE |0706 |1/2  |00100110 |11785
00|00|00|FE |0706 |2/2  |00100110 |11786


---------------
Opcode: C9
ll: 02
Instruction:CMP Addressing Mode:Immediate - Operand (Value: "0x02", Address: "None")
Instruction cycle count set to 2
A |X |Y |SP |PC   |T/MT |NV-BDIZC |CYCLE
----------------------------------------
00|00|00|FE |0708 |1/2  |10100100 |11787
00|00|00|FE |0708 |2/2  |10100100 |11788


---------------
Opcode: D0
ll: F8
Old PC: 070A Offset:-8 New PC: 0702
Instruction:BNE Addressing Mode:Relative - Operand (Value: "None", Address: "0x0702")
Instruction cycle count set to 2
A |X |Y |SP |PC   |T/MT |NV-BDIZC |CYCLE
----------------------------------------
00|00|00|FE |0702 |1/3  |10100100 |11789
00|00|00|FE |0702 |2/3  |10100100 |11790
00|00|00|FE |0702 |3/3  |10100100 |11791


---------------
Opcode: 8D
ll: 00 hh: A0
Instruction:STA Addressing Mode:Absolute - Operand (Value: "0x00", Address: "0xA000")
Writing value 0x00 to address: 0xA000
0xA000: 0x00
Instruction cycle count set to 4
A |X |Y |SP |PC   |T/MT |NV-BDIZC |CYCLE
----------------------------------------
00|00|00|FE |0705 |1/4  |10100100 |11792
00|00|00|FE |0705 |2/4  |10100100 |11793
00|00|00|FE |0705 |3/4  |10100100 |11794
00|00|00|FE |0705 |4/4  |10100100 |11795


---------------
Opcode: 4A
Instruction:LSR Addressing Mode:Accumulator - Operand (Value: "0x00", Address: "None")
Instruction cycle count set to 2
A |X |Y |SP |PC   |T/MT |NV-BDIZC |CYCLE
----------------------------------------
00|00|00|FE |0706 |1/2  |00100110 |11796
00|00|00|FE |0706 |2/2  |00100110 |11797


---------------
Opcode: C9
ll: 02
Instruction:CMP Addressing Mode:Immediate - Operand (Value: "0x02", Address: "None")
Instruction cycle count set to 2
A |X |Y |SP |PC   |T/MT |NV-BDIZC |CYCLE
----------------------------------------
00|00|00|FE |0708 |1/2  |10100100 |11798
00|00|00|FE |0708 |2/2  |10100100 |11799


---------------
Opcode: D0
ll: F8
Old PC: 070A Offset:-8 New PC: 0702
Instruction:BNE Addressing Mode:Relative - Operand (Value: "None", Address: "0x0702")
Instruction cycle count set to 2
A |X |Y |SP |PC   |T/MT |NV-BDIZC |CYCLE
----------------------------------------
00|00|00|FE |0702 |1/3  |10100100 |11800
00|00|00|FE |0702 |2/3  |10100100 |11801
00|00|00|FE |0702 |3/3  |10100100 |11802


---------------
Opcode: 8D
ll: 00 hh: A0
Instruction:STA Addressing Mode:Absolute - Operand (Value: "0x00", Address: "0xA000")
Writing value 0x00 to address: 0xA000
0xA000: 0x00
Instruction cycle count set to 4
A |X |Y |SP |PC   |T/MT |NV-BDIZC |CYCLE
----------------------------------------
00|00|00|FE |0705 |1/4  |10100100 |11803
00|00|00|FE |0705 |2/4  |10100100 |11804
00|00|00|FE |0705 |3/4  |10100100 |11805
00|00|00|FE |0705 |4/4  |10100100 |11806


---------------
Opcode: 4A
Instruction:LSR Addressing Mode:Accumulator - Operand (Value: "0x00", Address: "None")
Instruction cycle count set to 2
A |X |Y |SP |PC   |T/MT |NV-BDIZC |CYCLE
----------------------------------------
00|00|00|FE |0706 |1/2  |00100110 |11807
00|00|00|FE |0706 |2/2  |00100110 |11808


---------------
Opcode: C9
ll: 02
Instruction:CMP Addressing Mode:Immediate - Operand (Value: "0x02", Address: "None")
Instruction cycle count set to 2
A |X |Y |SP |PC   |T/MT |NV-BDIZC |CYCLE
----------------------------------------
00|00|00|FE |0708 |1/2  |10100100 |11809
00|00|00|FE |0708 |2/2  |10100100 |11810


---------------
Opcode: D0
ll: F8
Old PC: 070A Offset:-8 New PC: 0702
Instruction:BNE Addressing Mode:Relative - Operand (Value: "None", Address: "0x0702")
Instruction cycle count set to 2
A |X |Y |SP |PC   |T/MT |NV-BDIZC |CYCLE
----------------------------------------
00|00|00|FE |0702 |1/3  |10100100 |11811
00|00|00|FE |0702 |2/3  |10100100 |11812
00|00|00|FE |0702 |3/3  |10100100 |11813


---------------
Opcode: 8D
ll: 00 hh: A0
Instruction:STA Addressing Mode:Absolute - Operand (Value: "0x00", Address: "0xA000")
Writing value 0x00 to address: 0xA000
0xA000: 0x00
Instruction cycle count set to 4
A |X |Y |SP |PC   |T/MT |NV-BDIZC |CYCLE
----------------------------------------
00|00|00|FE |0705 |1/4  |10100100 |11814
00|00|00|FE |0705 |2/4  |10100100 |11815
00|00|00|FE |0705 |3/4  |10100100 |11816
00|00|00|FE |0705 |4/4  |10100100 |11817


---------------
Opcode: 4A
Instruction:LSR Addressing Mode:Accumulator - Operand (Value: "0x00", Address: "None")
Instruction cycle count set to 2
A |X |Y |SP |PC   |T/MT |NV-BDIZC |CYCLE
----------------------------------------
00|00|00|FE |0706 |1/2  |00100110 |11818
00|00|00|FE |0706 |2/2  |00100110 |11819


---------------
Opcode: C9
ll: 02
Instruction:CMP Addressing Mode:Immediate - Operand (Value: "0x02", Address: "None")
Instruction cycle count set to 2
A |X |Y |SP |PC   |T/MT |NV-BDIZC |CYCLE
----------------------------------------
00|00|00|FE |0708 |1/2  |10100100 |11820
00|00|00|FE |0708 |2/2  |10100100 |11821


---------------
Opcode: D0
ll: F8
Old PC: 070A Offset:-8 New PC: 0702
Instruction:BNE Addressing Mode:Relative - Operand (Value: "None", Address: "0x0702")
Instruction cycle count set to 2
A |X |Y |SP |PC   |T/MT |NV-BDIZC |CYCLE
----------------------------------------
00|00|00|FE |0702 |1/3  |10100100 |11822
00|00|00|FE |0702 |2/3  |10100100 |11823
00|00|00|FE |0702 |3/3  |10100100 |11824


---------------
Opcode: 8D
ll: 00 hh: A0
Instruction:STA Addressing Mode:Absolute - Operand (Value: "0x00", Address: "0xA000")
Writing value 0x00 to address: 0xA000
0xA000: 0x00
Instruction cycle count set to 4
A |X |Y |SP |PC   |T/MT |NV-BDIZC |CYCLE
----------------------------------------
00|00|00|FE |0705 |1/4  |10100100 |11825
00|00|00|FE |0705 |2/4  |10100100 |11826
00|00|00|FE |0705 |3/4  |10100100 |11827
00|00|00|FE |0705 |4/4  |10100100 |11828


---------------
Opcode: 4A
Instruction:LSR Addressing Mode:Accumulator - Operand (Value: "0x00", Address: "None")
Instruction cycle count set to 2
A |X |Y |SP |PC   |T/MT |NV-BDIZC |CYCLE
----------------------------------------
00|00|00|FE |0706 |1/2  |00100110 |11829
00|00|00|FE |0706 |2/2  |00100110 |11830


---------------
Opcode: C9
ll: 02
Instruction:CMP Addressing Mode:Immediate - Operand (Value: "0x02", Address: "None")
Instruction cycle count set to 2
A |X |Y |SP |PC   |T/MT |NV-BDIZC |CYCLE
----------------------------------------
00|00|00|FE |0708 |1/2  |10100100 |11831
00|00|00|FE |0708 |2/2  |10100100 |11832


---------------
Opcode: D0
ll: F8
Old PC: 070A Offset:-8 New PC: 0702
Instruction:BNE Addressing Mode:Relative - Operand (Value: "None", Address: "0x0702")
Instruction cycle count set to 2
A |X |Y |SP |PC   |T/MT |NV-BDIZC |CYCLE
----------------------------------------
00|00|00|FE |0702 |1/3  |10100100 |11833
00|00|00|FE |0702 |2/3  |10100100 |11834
00|00|00|FE |0702 |3/3  |10100100 |11835


---------------
Opcode: 8D
ll: 00 hh: A0
Instruction:STA Addressing Mode:Absolute - Operand (Value: "0x00", Address: "0xA000")
Writing value 0x00 to address: 0xA000
0xA000: 0x00
Instruction cycle count set to 4
A |X |Y |SP |PC   |T/MT |NV-BDIZC |CYCLE
----------------------------------------
00|00|00|FE |0705 |1/4  |10100100 |11836
00|00|00|FE |0705 |2/4  |10100100 |11837
00|00|00|FE |0705 |3/4  |10100100 |11838
00|00|00|FE |0705 |4/4  |10100100 |11839


---------------
Opcode: 4A
Instruction:LSR Addressing Mode:Accumulator - Operand (Value: "0x00", Address: "None")
Instruction cycle count set to 2
A |X |Y |SP |PC   |T/MT |NV-BDIZC |CYCLE
----------------------------------------
00|00|00|FE |0706 |1/2  |00100110 |11840
00|00|00|FE |0706 |2/2  |00100110 |11841


---------------
Opcode: C9
ll: 02
Instruction:CMP Addressing Mode:Immediate - Operand (Value: "0x02", Address: "None")
Instruction cycle count set to 2
A |X |Y |SP |PC   |T/MT |NV-BDIZC |CYCLE
----------------------------------------
00|00|00|FE |0708 |1/2  |10100100 |11842
00|00|00|FE |0708 |2/2  |10100100 |11843


---------------
Opcode: D0
ll: F8
Old PC: 070A Offset:-8 New PC: 0702
Instruction:BNE Addressing Mode:Relative - Operand (Value: "None", Address: "0x0702")
Instruction cycle count set to 2
A |X |Y |SP |PC   |T/MT |NV-BDIZC |CYCLE
----------------------------------------
00|00|00|FE |0702 |1/3  |10100100 |11844
00|00|00|FE |0702 |2/3  |10100100 |11845
00|00|00|FE |0702 |3/3  |10100100 |11846


---------------
Opcode: 8D
ll: 00 hh: A0
Instruction:STA Addressing Mode:Absolute - Operand (Value: "0x00", Address: "0xA000")
Writing value 0x00 to address: 0xA000
0xA000: 0x00
Instruction cycle count set to 4
A |X |Y |SP |PC   |T/MT |NV-BDIZC |CYCLE
----------------------------------------
00|00|00|FE |0705 |1/4  |10100100 |11847
00|00|00|FE |0705 |2/4  |10100100 |11848
00|00|00|FE |0705 |3/4  |10100100 |11849
00|00|00|FE |0705 |4/4  |10100100 |11850


---------------
Opcode: 4A
Instruction:LSR Addressing Mode:Accumulator - Operand (Value: "0x00", Address: "None")
Instruction cycle count set to 2
A |X |Y |SP |PC   |T/MT |NV-BDIZC |CYCLE
----------------------------------------
00|00|00|FE |0706 |1/2  |00100110 |11851
00|00|00|FE |0706 |2/2  |00100110 |11852


---------------
Opcode: C9
ll: 02
Instruction:CMP Addressing Mode:Immediate - Operand (Value: "0x02", Address: "None")
Instruction cycle count set to 2
A |X |Y |SP |PC   |T/MT |NV-BDIZC |CYCLE
----------------------------------------
00|00|00|FE |0708 |1/2  |10100100 |11853
00|00|00|FE |0708 |2/2  |10100100 |11854


---------------
Opcode: D0
ll: F8
Old PC: 070A Offset:-8 New PC: 0702
Instruction:BNE Addressing Mode:Relative - Operand (Value: "None", Address: "0x0702")
Instruction cycle count set to 2
A |X |Y |SP |PC   |T/MT |NV-BDIZC |CYCLE
----------------------------------------
00|00|00|FE |0702 |1/3  |10100100 |11855
00|00|00|FE |0702 |2/3  |10100100 |11856
00|00|00|FE |0702 |3/3  |10100100 |11857


---------------
Opcode: 8D
ll: 00 hh: A0
Instruction:STA Addressing Mode:Absolute - Operand (Value: "0x00", Address: "0xA000")
Writing value 0x00 to address: 0xA000
0xA000: 0x00
Instruction cycle count set to 4
A |X |Y |SP |PC   |T/MT |NV-BDIZC |CYCLE
----------------------------------------
00|00|00|FE |0705 |1/4  |10100100 |11858
00|00|00|FE |0705 |2/4  |10100100 |11859
00|00|00|FE |0705 |3/4  |10100100 |11860
00|00|00|FE |0705 |4/4  |10100100 |11861


---------------
Opcode: 4A
Instruction:LSR Addressing Mode:Accumulator - Operand (Value: "0x00", Address: "None")
Instruction cycle count set to 2
A |X |Y |SP |PC   |T/MT |NV-BDIZC |CYCLE
----------------------------------------
00|00|00|FE |0706 |1/2  |00100110 |11862
00|00|00|FE |0706 |2/2  |00100110 |11863


---------------
Opcode: C9
ll: 02
Instruction:CMP Addressing Mode:Immediate - Operand (Value: "0x02", Address: "None")
Instruction cycle count set to 2
A |X |Y |SP |PC   |T/MT |NV-BDIZC |CYCLE
----------------------------------------
00|00|00|FE |0708 |1/2  |10100100 |11864
00|00|00|FE |0708 |2/2  |10100100 |11865


---------------
Opcode: D0
ll: F8
Old PC: 070A Offset:-8 New PC: 0702
Instruction:BNE Addressing Mode:Relative - Operand (Value: "None", Address: "0x0702")
Instruction cycle count set to 2
A |X |Y |SP |PC   |T/MT |NV-BDIZC |CYCLE
----------------------------------------
00|00|00|FE |0702 |1/3  |10100100 |11866
00|00|00|FE |0702 |2/3  |10100100 |11867
00|00|00|FE |0702 |3/3  |10100100 |11868


---------------
Opcode: 8D
ll: 00 hh: A0
Instruction:STA Addressing Mode:Absolute - Operand (Value: "0x00", Address: "0xA000")
Writing value 0x00 to address: 0xA000
0xA000: 0x00
Instruction cycle count set to 4
A |X |Y |SP |PC   |T/MT |NV-BDIZC |CYCLE
----------------------------------------
00|00|00|FE |0705 |1/4  |10100100 |11869
00|00|00|FE |0705 |2/4  |10100100 |11870
00|00|00|FE |0705 |3/4  |10100100 |11871
00|00|00|FE |0705 |4/4  |10100100 |11872


---------------
Opcode: 4A
Instruction:LSR Addressing Mode:Accumulator - Operand (Value: "0x00", Address: "None")
Instruction cycle count set to 2
A |X |Y |SP |PC   |T/MT |NV-BDIZC |CYCLE
----------------------------------------
00|00|00|FE |0706 |1/2  |00100110 |11873
00|00|00|FE |0706 |2/2  |00100110 |11874


---------------
Opcode: C9
ll: 02
Instruction:CMP Addressing Mode:Immediate - Operand (Value: "0x02", Address: "None")
Instruction cycle count set to 2
A |X |Y |SP |PC   |T/MT |NV-BDIZC |CYCLE
----------------------------------------
00|00|00|FE |0708 |1/2  |10100100 |11875
00|00|00|FE |0708 |2/2  |10100100 |11876


---------------
Opcode: D0
ll: F8
Old PC: 070A Offset:-8 New PC: 0702
Instruction:BNE Addressing Mode:Relative - Operand (Value: "None", Address: "0x0702")
Instruction cycle count set to 2
A |X |Y |SP |PC   |T/MT |NV-BDIZC |CYCLE
----------------------------------------
00|00|00|FE |0702 |1/3  |10100100 |11877
00|00|00|FE |0702 |2/3  |10100100 |11878
00|00|00|FE |0702 |3/3  |10100100 |11879


---------------
Opcode: 8D
ll: 00 hh: A0
Instruction:STA Addressing Mode:Absolute - Operand (Value: "0x00", Address: "0xA000")
Writing value 0x00 to address: 0xA000
0xA000: 0x00
Instruction cycle count set to 4
A |X |Y |SP |PC   |T/MT |NV-BDIZC |CYCLE
----------------------------------------
00|00|00|FE |0705 |1/4  |10100100 |11880
00|00|00|FE |0705 |2/4  |10100100 |11881
00|00|00|FE |0705 |3/4  |10100100 |11882
00|00|00|FE |0705 |4/4  |10100100 |11883


---------------
Opcode: 4A
Instruction:LSR Addressing Mode:Accumulator - Operand (Value: "0x00", Address: "None")
Instruction cycle count set to 2
A |X |Y |SP |PC   |T/MT |NV-BDIZC |CYCLE
----------------------------------------
00|00|00|FE |0706 |1/2  |00100110 |11884
00|00|00|FE |0706 |2/2  |00100110 |11885


---------------
Opcode: C9
ll: 02
Instruction:CMP Addressing Mode:Immediate - Operand (Value: "0x02", Address: "None")
Instruction cycle count set to 2
A |X |Y |SP |PC   |T/MT |NV-BDIZC |CYCLE
----------------------------------------
00|00|00|FE |0708 |1/2  |10100100 |11886
00|00|00|FE |0708 |2/2  |10100100 |11887


---------------
Opcode: D0
ll: F8
Old PC: 070A Offset:-8 New PC: 0702
Instruction:BNE Addressing Mode:Relative - Operand (Value: "None", Address: "0x0702")
Instruction cycle count set to 2
A |X |Y |SP |PC   |T/MT |NV-BDIZC |CYCLE
----------------------------------------
00|00|00|FE |0702 |1/3  |10100100 |11888
00|00|00|FE |0702 |2/3  |10100100 |11889
00|00|00|FE |0702 |3/3  |10100100 |11890


---------------
Opcode: 8D
ll: 00 hh: A0
Instruction:STA Addressing Mode:Absolute - Operand (Value: "0x00", Address: "0xA000")
Writing value 0x00 to address: 0xA000
0xA000: 0x00
Instruction cycle count set to 4
A |X |Y |SP |PC   |T/MT |NV-BDIZC |CYCLE
----------------------------------------
00|00|00|FE |0705 |1/4  |10100100 |11891
00|00|00|FE |0705 |2/4  |10100100 |11892
00|00|00|FE |0705 |3/4  |10100100 |11893
00|00|00|FE |0705 |4/4  |10100100 |11894


---------------
Opcode: 4A
Instruction:LSR Addressing Mode:Accumulator - Operand (Value: "0x00", Address: "None")
Instruction cycle count set to 2
A |X |Y |SP |PC   |T/MT |NV-BDIZC |CYCLE
----------------------------------------
00|00|00|FE |0706 |1/2  |00100110 |11895
00|00|00|FE |0706 |2/2  |00100110 |11896


---------------
Opcode: C9
ll: 02
Instruction:CMP Addressing Mode:Immediate - Operand (Value: "0x02", Address: "None")
Instruction cycle count set to 2
A |X |Y |SP |PC   |T/MT |NV-BDIZC |CYCLE
----------------------------------------
00|00|00|FE |0708 |1/2  |10100100 |11897
00|00|00|FE |0708 |2/2  |10100100 |11898


---------------
Opcode: D0
ll: F8
Old PC: 070A Offset:-8 New PC: 0702
Instruction:BNE Addressing Mode:Relative - Operand (Value: "None", Address: "0x0702")
Instruction cycle count set to 2
A |X |Y |SP |PC   |T/MT |NV-BDIZC |CYCLE
----------------------------------------
00|00|00|FE |0702 |1/3  |10100100 |11899
00|00|00|FE |0702 |2/3  |10100100 |11900
00|00|00|FE |0702 |3/3  |10100100 |11901


---------------
Opcode: 8D
ll: 00 hh: A0
Instruction:STA Addressing Mode:Absolute - Operand (Value: "0x00", Address: "0xA000")
Writing value 0x00 to address: 0xA000
0xA000: 0x00
Instruction cycle count set to 4
A |X |Y |SP |PC   |T/MT |NV-BDIZC |CYCLE
----------------------------------------
00|00|00|FE |0705 |1/4  |10100100 |11902
00|00|00|FE |0705 |2/4  |10100100 |11903
00|00|00|FE |0705 |3/4  |10100100 |11904
00|00|00|FE |0705 |4/4  |10100100 |11905


---------------
Opcode: 4A
Instruction:LSR Addressing Mode:Accumulator - Operand (Value: "0x00", Address: "None")
Instruction cycle count set to 2
A |X |Y |SP |PC   |T/MT |NV-BDIZC |CYCLE
----------------------------------------
00|00|00|FE |0706 |1/2  |00100110 |11906
00|00|00|FE |0706 |2/2  |00100110 |11907


---------------
Opcode: C9
ll: 02
Instruction:CMP Addressing Mode:Immediate - Operand (Value: "0x02", Address: "None")
Instruction cycle count set to 2
A |X |Y |SP |PC   |T/MT |NV-BDIZC |CYCLE
----------------------------------------
00|00|00|FE |0708 |1/2  |10100100 |11908
00|00|00|FE |0708 |2/2  |10100100 |11909


---------------
Opcode: D0
ll: F8
Old PC: 070A Offset:-8 New PC: 0702
Instruction:BNE Addressing Mode:Relative - Operand (Value: "None", Address: "0x0702")
Instruction cycle count set to 2
A |X |Y |SP |PC   |T/MT |NV-BDIZC |CYCLE
----------------------------------------
00|00|00|FE |0702 |1/3  |10100100 |11910
00|00|00|FE |0702 |2/3  |10100100 |11911
00|00|00|FE |0702 |3/3  |10100100 |11912


---------------
Opcode: 8D
ll: 00 hh: A0
Instruction:STA Addressing Mode:Absolute - Operand (Value: "0x00", Address: "0xA000")
Writing value 0x00 to address: 0xA000
0xA000: 0x00
Instruction cycle count set to 4
A |X |Y |SP |PC   |T/MT |NV-BDIZC |CYCLE
----------------------------------------
00|00|00|FE |0705 |1/4  |10100100 |11913
00|00|00|FE |0705 |2/4  |10100100 |11914
00|00|00|FE |0705 |3/4  |10100100 |11915
00|00|00|FE |0705 |4/4  |10100100 |11916


---------------
Opcode: 4A
Instruction:LSR Addressing Mode:Accumulator - Operand (Value: "0x00", Address: "None")
Instruction cycle count set to 2
A |X |Y |SP |PC   |T/MT |NV-BDIZC |CYCLE
----------------------------------------
00|00|00|FE |0706 |1/2  |00100110 |11917
00|00|00|FE |0706 |2/2  |00100110 |11918


---------------
Opcode: C9
ll: 02
Instruction:CMP Addressing Mode:Immediate - Operand (Value: "0x02", Address: "None")
Instruction cycle count set to 2
A |X |Y |SP |PC   |T/MT |NV-BDIZC |CYCLE
----------------------------------------
00|00|00|FE |0708 |1/2  |10100100 |11919
00|00|00|FE |0708 |2/2  |10100100 |11920


---------------
Opcode: D0
ll: F8
Old PC: 070A Offset:-8 New PC: 0702
Instruction:BNE Addressing Mode:Relative - Operand (Value: "None", Address: "0x0702")
Instruction cycle count set to 2
A |X |Y |SP |PC   |T/MT |NV-BDIZC |CYCLE
----------------------------------------
00|00|00|FE |0702 |1/3  |10100100 |11921
00|00|00|FE |0702 |2/3  |10100100 |11922
00|00|00|FE |0702 |3/3  |10100100 |11923


---------------
Opcode: 8D
ll: 00 hh: A0
Instruction:STA Addressing Mode:Absolute - Operand (Value: "0x00", Address: "0xA000")
Writing value 0x00 to address: 0xA000
0xA000: 0x00
Instruction cycle count set to 4
A |X |Y |SP |PC   |T/MT |NV-BDIZC |CYCLE
----------------------------------------
00|00|00|FE |0705 |1/4  |10100100 |11924
00|00|00|FE |0705 |2/4  |10100100 |11925
00|00|00|FE |0705 |3/4  |10100100 |11926
00|00|00|FE |0705 |4/4  |10100100 |11927


---------------
Opcode: 4A
Instruction:LSR Addressing Mode:Accumulator - Operand (Value: "0x00", Address: "None")
Instruction cycle count set to 2
A |X |Y |SP |PC   |T/MT |NV-BDIZC |CYCLE
----------------------------------------
00|00|00|FE |0706 |1/2  |00100110 |11928
00|00|00|FE |0706 |2/2  |00100110 |11929


---------------
Opcode: C9
ll: 02
Instruction:CMP Addressing Mode:Immediate - Operand (Value: "0x02", Address: "None")
Instruction cycle count set to 2
A |X |Y |SP |PC   |T/MT |NV-BDIZC |CYCLE
----------------------------------------
00|00|00|FE |0708 |1/2  |10100100 |11930
00|00|00|FE |0708 |2/2  |10100100 |11931


---------------
Opcode: D0
ll: F8
Old PC: 070A Offset:-8 New PC: 0702
Instruction:BNE Addressing Mode:Relative - Operand (Value: "None", Address: "0x0702")
Instruction cycle count set to 2
A |X |Y |SP |PC   |T/MT |NV-BDIZC |CYCLE
----------------------------------------
00|00|00|FE |0702 |1/3  |10100100 |11932
00|00|00|FE |0702 |2/3  |10100100 |11933
00|00|00|FE |0702 |3/3  |10100100 |11934


---------------
Opcode: 8D
ll: 00 hh: A0
Instruction:STA Addressing Mode:Absolute - Operand (Value: "0x00", Address: "0xA000")
Writing value 0x00 to address: 0xA000
0xA000: 0x00
Instruction cycle count set to 4
A |X |Y |SP |PC   |T/MT |NV-BDIZC |CYCLE
----------------------------------------
00|00|00|FE |0705 |1/4  |10100100 |11935
00|00|00|FE |0705 |2/4  |10100100 |11936
00|00|00|FE |0705 |3/4  |10100100 |11937
00|00|00|FE |0705 |4/4  |10100100 |11938


---------------
Opcode: 4A
Instruction:LSR Addressing Mode:Accumulator - Operand (Value: "0x00", Address: "None")
Instruction cycle count set to 2
A |X |Y |SP |PC   |T/MT |NV-BDIZC |CYCLE
----------------------------------------
00|00|00|FE |0706 |1/2  |00100110 |11939
00|00|00|FE |0706 |2/2  |00100110 |11940


---------------
Opcode: C9
ll: 02
Instruction:CMP Addressing Mode:Immediate - Operand (Value: "0x02", Address: "None")
Instruction cycle count set to 2
A |X |Y |SP |PC   |T/MT |NV-BDIZC |CYCLE
----------------------------------------
00|00|00|FE |0708 |1/2  |10100100 |11941
00|00|00|FE |0708 |2/2  |10100100 |11942


---------------
Opcode: D0
ll: F8
Old PC: 070A Offset:-8 New PC: 0702
Instruction:BNE Addressing Mode:Relative - Operand (Value: "None", Address: "0x0702")
Instruction cycle count set to 2
A |X |Y |SP |PC   |T/MT |NV-BDIZC |CYCLE
----------------------------------------
00|00|00|FE |0702 |1/3  |10100100 |11943
00|00|00|FE |0702 |2/3  |10100100 |11944
00|00|00|FE |0702 |3/3  |10100100 |11945


---------------
Opcode: 8D
ll: 00 hh: A0
Instruction:STA Addressing Mode:Absolute - Operand (Value: "0x00", Address: "0xA000")
Writing value 0x00 to address: 0xA000
0xA000: 0x00
Instruction cycle count set to 4
A |X |Y |SP |PC   |T/MT |NV-BDIZC |CYCLE
----------------------------------------
00|00|00|FE |0705 |1/4  |10100100 |11946
00|00|00|FE |0705 |2/4  |10100100 |11947
00|00|00|FE |0705 |3/4  |10100100 |11948
00|00|00|FE |0705 |4/4  |10100100 |11949


---------------
Opcode: 4A
Instruction:LSR Addressing Mode:Accumulator - Operand (Value: "0x00", Address: "None")
Instruction cycle count set to 2
A |X |Y |SP |PC   |T/MT |NV-BDIZC |CYCLE
----------------------------------------
00|00|00|FE |0706 |1/2  |00100110 |11950
00|00|00|FE |0706 |2/2  |00100110 |11951


---------------
Opcode: C9
ll: 02
Instruction:CMP Addressing Mode:Immediate - Operand (Value: "0x02", Address: "None")
Instruction cycle count set to 2
A |X |Y |SP |PC   |T/MT |NV-BDIZC |CYCLE
----------------------------------------
00|00|00|FE |0708 |1/2  |10100100 |11952
00|00|00|FE |0708 |2/2  |10100100 |11953


---------------
Opcode: D0
ll: F8
Old PC: 070A Offset:-8 New PC: 0702
Instruction:BNE Addressing Mode:Relative - Operand (Value: "None", Address: "0x0702")
Instruction cycle count set to 2
A |X |Y |SP |PC   |T/MT |NV-BDIZC |CYCLE
----------------------------------------
00|00|00|FE |0702 |1/3  |10100100 |11954
00|00|00|FE |0702 |2/3  |10100100 |11955
00|00|00|FE |0702 |3/3  |10100100 |11956


---------------
Opcode: 8D
ll: 00 hh: A0
Instruction:STA Addressing Mode:Absolute - Operand (Value: "0x00", Address: "0xA000")
Writing value 0x00 to address: 0xA000
0xA000: 0x00
Instruction cycle count set to 4
A |X |Y |SP |PC   |T/MT |NV-BDIZC |CYCLE
----------------------------------------
00|00|00|FE |0705 |1/4  |10100100 |11957
00|00|00|FE |0705 |2/4  |10100100 |11958
00|00|00|FE |0705 |3/4  |10100100 |11959
00|00|00|FE |0705 |4/4  |10100100 |11960


---------------
Opcode: 4A
Instruction:LSR Addressing Mode:Accumulator - Operand (Value: "0x00", Address: "None")
Instruction cycle count set to 2
A |X |Y |SP |PC   |T/MT |NV-BDIZC |CYCLE
----------------------------------------
00|00|00|FE |0706 |1/2  |00100110 |11961
00|00|00|FE |0706 |2/2  |00100110 |11962


---------------
Opcode: C9
ll: 02
Instruction:CMP Addressing Mode:Immediate - Operand (Value: "0x02", Address: "None")
Instruction cycle count set to 2
A |X |Y |SP |PC   |T/MT |NV-BDIZC |CYCLE
----------------------------------------
00|00|00|FE |0708 |1/2  |10100100 |11963
00|00|00|FE |0708 |2/2  |10100100 |11964


---------------
Opcode: D0
ll: F8
Old PC: 070A Offset:-8 New PC: 0702
Instruction:BNE Addressing Mode:Relative - Operand (Value: "None", Address: "0x0702")
Instruction cycle count set to 2
A |X |Y |SP |PC   |T/MT |NV-BDIZC |CYCLE
----------------------------------------
00|00|00|FE |0702 |1/3  |10100100 |11965
00|00|00|FE |0702 |2/3  |10100100 |11966
00|00|00|FE |0702 |3/3  |10100100 |11967


---------------
Opcode: 8D
ll: 00 hh: A0
Instruction:STA Addressing Mode:Absolute - Operand (Value: "0x00", Address: "0xA000")
Writing value 0x00 to address: 0xA000
0xA000: 0x00
Instruction cycle count set to 4
A |X |Y |SP |PC   |T/MT |NV-BDIZC |CYCLE
----------------------------------------
00|00|00|FE |0705 |1/4  |10100100 |11968
00|00|00|FE |0705 |2/4  |10100100 |11969
00|00|00|FE |0705 |3/4  |10100100 |11970
00|00|00|FE |0705 |4/4  |10100100 |11971


---------------
Opcode: 4A
Instruction:LSR Addressing Mode:Accumulator - Operand (Value: "0x00", Address: "None")
Instruction cycle count set to 2
A |X |Y |SP |PC   |T/MT |NV-BDIZC |CYCLE
----------------------------------------
00|00|00|FE |0706 |1/2  |00100110 |11972
00|00|00|FE |0706 |2/2  |00100110 |11973


---------------
Opcode: C9
ll: 02
Instruction:CMP Addressing Mode:Immediate - Operand (Value: "0x02", Address: "None")
Instruction cycle count set to 2
A |X |Y |SP |PC   |T/MT |NV-BDIZC |CYCLE
----------------------------------------
00|00|00|FE |0708 |1/2  |10100100 |11974
00|00|00|FE |0708 |2/2  |10100100 |11975


---------------
Opcode: D0
ll: F8
Old PC: 070A Offset:-8 New PC: 0702
Instruction:BNE Addressing Mode:Relative - Operand (Value: "None", Address: "0x0702")
Instruction cycle count set to 2
A |X |Y |SP |PC   |T/MT |NV-BDIZC |CYCLE
----------------------------------------
00|00|00|FE |0702 |1/3  |10100100 |11976
00|00|00|FE |0702 |2/3  |10100100 |11977
00|00|00|FE |0702 |3/3  |10100100 |11978


---------------
Opcode: 8D
ll: 00 hh: A0
Instruction:STA Addressing Mode:Absolute - Operand (Value: "0x00", Address: "0xA000")
Writing value 0x00 to address: 0xA000
0xA000: 0x00
Instruction cycle count set to 4
A |X |Y |SP |PC   |T/MT |NV-BDIZC |CYCLE
----------------------------------------
00|00|00|FE |0705 |1/4  |10100100 |11979
00|00|00|FE |0705 |2/4  |10100100 |11980
00|00|00|FE |0705 |3/4  |10100100 |11981
00|00|00|FE |0705 |4/4  |10100100 |11982


---------------
Opcode: 4A
Instruction:LSR Addressing Mode:Accumulator - Operand (Value: "0x00", Address: "None")
Instruction cycle count set to 2
A |X |Y |SP |PC   |T/MT |NV-BDIZC |CYCLE
----------------------------------------
00|00|00|FE |0706 |1/2  |00100110 |11983
00|00|00|FE |0706 |2/2  |00100110 |11984


---------------
Opcode: C9
ll: 02
Instruction:CMP Addressing Mode:Immediate - Operand (Value: "0x02", Address: "None")
Instruction cycle count set to 2
A |X |Y |SP |PC   |T/MT |NV-BDIZC |CYCLE
----------------------------------------
00|00|00|FE |0708 |1/2  |10100100 |11985
00|00|00|FE |0708 |2/2  |10100100 |11986


---------------
Opcode: D0
ll: F8
Old PC: 070A Offset:-8 New PC: 0702
Instruction:BNE Addressing Mode:Relative - Operand (Value: "None", Address: "0x0702")
Instruction cycle count set to 2
A |X |Y |SP |PC   |T/MT |NV-BDIZC |CYCLE
----------------------------------------
00|00|00|FE |0702 |1/3  |10100100 |11987
00|00|00|FE |0702 |2/3  |10100100 |11988
00|00|00|FE |0702 |3/3  |10100100 |11989


---------------
Opcode: 8D
ll: 00 hh: A0
Instruction:STA Addressing Mode:Absolute - Operand (Value: "0x00", Address: "0xA000")
Writing value 0x00 to address: 0xA000
0xA000: 0x00
Instruction cycle count set to 4
A |X |Y |SP |PC   |T/MT |NV-BDIZC |CYCLE
----------------------------------------
00|00|00|FE |0705 |1/4  |10100100 |11990
00|00|00|FE |0705 |2/4  |10100100 |11991
00|00|00|FE |0705 |3/4  |10100100 |11992
00|00|00|FE |0705 |4/4  |10100100 |11993


---------------
Opcode: 4A
Instruction:LSR Addressing Mode:Accumulator - Operand (Value: "0x00", Address: "None")
Instruction cycle count set to 2
A |X |Y |SP |PC   |T/MT |NV-BDIZC |CYCLE
----------------------------------------
00|00|00|FE |0706 |1/2  |00100110 |11994
00|00|00|FE |0706 |2/2  |00100110 |11995


---------------
Opcode: C9
ll: 02
Instruction:CMP Addressing Mode:Immediate - Operand (Value: "0x02", Address: "None")
Instruction cycle count set to 2
A |X |Y |SP |PC   |T/MT |NV-BDIZC |CYCLE
----------------------------------------
00|00|00|FE |0708 |1/2  |10100100 |11996
00|00|00|FE |0708 |2/2  |10100100 |11997


---------------
Opcode: D0
ll: F8
Old PC: 070A Offset:-8 New PC: 0702
Instruction:BNE Addressing Mode:Relative - Operand (Value: "None", Address: "0x0702")
Instruction cycle count set to 2
A |X |Y |SP |PC   |T/MT |NV-BDIZC |CYCLE
----------------------------------------
00|00|00|FE |0702 |1/3  |10100100 |11998
emulation behind by 930.709451ms. trying to catch up...
00|00|00|FE |0702 |2/3  |10100100 |11999
00|00|00|FE |0702 |3/3  |10100100 |12000


---------------
Opcode: 8D
ll: 00 hh: A0
Instruction:STA Addressing Mode:Absolute - Operand (Value: "0x00", Address: "0xA000")
Writing value 0x00 to address: 0xA000
0xA000: 0x00
Instruction cycle count set to 4
A |X |Y |SP |PC   |T/MT |NV-BDIZC |CYCLE
----------------------------------------
00|00|00|FE |0705 |1/4  |10100100 |12001
00|00|00|FE |0705 |2/4  |10100100 |12002
00|00|00|FE |0705 |3/4  |10100100 |12003
00|00|00|FE |0705 |4/4  |10100100 |12004


---------------
Opcode: 4A
Instruction:LSR Addressing Mode:Accumulator - Operand (Value: "0x00", Address: "None")
Instruction cycle count set to 2
A |X |Y |SP |PC   |T/MT |NV-BDIZC |CYCLE
----------------------------------------
00|00|00|FE |0706 |1/2  |00100110 |12005
00|00|00|FE |0706 |2/2  |00100110 |12006


---------------
Opcode: C9
ll: 02
Instruction:CMP Addressing Mode:Immediate - Operand (Value: "0x02", Address: "None")
Instruction cycle count set to 2
A |X |Y |SP |PC   |T/MT |NV-BDIZC |CYCLE
----------------------------------------
00|00|00|FE |0708 |1/2  |10100100 |12007
00|00|00|FE |0708 |2/2  |10100100 |12008


---------------
Opcode: D0
ll: F8
Old PC: 070A Offset:-8 New PC: 0702
Instruction:BNE Addressing Mode:Relative - Operand (Value: "None", Address: "0x0702")
Instruction cycle count set to 2
A |X |Y |SP |PC   |T/MT |NV-BDIZC |CYCLE
----------------------------------------
00|00|00|FE |0702 |1/3  |10100100 |12009
00|00|00|FE |0702 |2/3  |10100100 |12010
00|00|00|FE |0702 |3/3  |10100100 |12011


---------------
Opcode: 8D
ll: 00 hh: A0
Instruction:STA Addressing Mode:Absolute - Operand (Value: "0x00", Address: "0xA000")
Writing value 0x00 to address: 0xA000
0xA000: 0x00
Instruction cycle count set to 4
A |X |Y |SP |PC   |T/MT |NV-BDIZC |CYCLE
----------------------------------------
00|00|00|FE |0705 |1/4  |10100100 |12012
00|00|00|FE |0705 |2/4  |10100100 |12013
00|00|00|FE |0705 |3/4  |10100100 |12014
00|00|00|FE |0705 |4/4  |10100100 |12015


---------------
Opcode: 4A
Instruction:LSR Addressing Mode:Accumulator - Operand (Value: "0x00", Address: "None")
Instruction cycle count set to 2
A |X |Y |SP |PC   |T/MT |NV-BDIZC |CYCLE
----------------------------------------
00|00|00|FE |0706 |1/2  |00100110 |12016
00|00|00|FE |0706 |2/2  |00100110 |12017


---------------
Opcode: C9
ll: 02
Instruction:CMP Addressing Mode:Immediate - Operand (Value: "0x02", Address: "None")
Instruction cycle count set to 2
A |X |Y |SP |PC   |T/MT |NV-BDIZC |CYCLE
----------------------------------------
00|00|00|FE |0708 |1/2  |10100100 |12018
00|00|00|FE |0708 |2/2  |10100100 |12019


---------------
Opcode: D0
ll: F8
Old PC: 070A Offset:-8 New PC: 0702
Instruction:BNE Addressing Mode:Relative - Operand (Value: "None", Address: "0x0702")
Instruction cycle count set to 2
A |X |Y |SP |PC   |T/MT |NV-BDIZC |CYCLE
----------------------------------------
00|00|00|FE |0702 |1/3  |10100100 |12020
00|00|00|FE |0702 |2/3  |10100100 |12021
00|00|00|FE |0702 |3/3  |10100100 |12022


---------------
Opcode: 8D
ll: 00 hh: A0
Instruction:STA Addressing Mode:Absolute - Operand (Value: "0x00", Address: "0xA000")
Writing value 0x00 to address: 0xA000
0xA000: 0x00
Instruction cycle count set to 4
A |X |Y |SP |PC   |T/MT |NV-BDIZC |CYCLE
----------------------------------------
00|00|00|FE |0705 |1/4  |10100100 |12023
00|00|00|FE |0705 |2/4  |10100100 |12024
00|00|00|FE |0705 |3/4  |10100100 |12025
00|00|00|FE |0705 |4/4  |10100100 |12026


---------------
Opcode: 4A
Instruction:LSR Addressing Mode:Accumulator - Operand (Value: "0x00", Address: "None")
Instruction cycle count set to 2
A |X |Y |SP |PC   |T/MT |NV-BDIZC |CYCLE
----------------------------------------
00|00|00|FE |0706 |1/2  |00100110 |12027
00|00|00|FE |0706 |2/2  |00100110 |12028


---------------
Opcode: C9
ll: 02
Instruction:CMP Addressing Mode:Immediate - Operand (Value: "0x02", Address: "None")
Instruction cycle count set to 2
A |X |Y |SP |PC   |T/MT |NV-BDIZC |CYCLE
----------------------------------------
00|00|00|FE |0708 |1/2  |10100100 |12029
00|00|00|FE |0708 |2/2  |10100100 |12030


---------------
Opcode: D0
ll: F8
Old PC: 070A Offset:-8 New PC: 0702
Instruction:BNE Addressing Mode:Relative - Operand (Value: "None", Address: "0x0702")
Instruction cycle count set to 2
A |X |Y |SP |PC   |T/MT |NV-BDIZC |CYCLE
----------------------------------------
00|00|00|FE |0702 |1/3  |10100100 |12031
00|00|00|FE |0702 |2/3  |10100100 |12032
00|00|00|FE |0702 |3/3  |10100100 |12033


---------------
Opcode: 8D
ll: 00 hh: A0
Instruction:STA Addressing Mode:Absolute - Operand (Value: "0x00", Address: "0xA000")
Writing value 0x00 to address: 0xA000
0xA000: 0x00
Instruction cycle count set to 4
A |X |Y |SP |PC   |T/MT |NV-BDIZC |CYCLE
----------------------------------------
00|00|00|FE |0705 |1/4  |10100100 |12034
00|00|00|FE |0705 |2/4  |10100100 |12035
00|00|00|FE |0705 |3/4  |10100100 |12036
00|00|00|FE |0705 |4/4  |10100100 |12037


---------------
Opcode: 4A
Instruction:LSR Addressing Mode:Accumulator - Operand (Value: "0x00", Address: "None")
Instruction cycle count set to 2
A |X |Y |SP |PC   |T/MT |NV-BDIZC |CYCLE
----------------------------------------
00|00|00|FE |0706 |1/2  |00100110 |12038
00|00|00|FE |0706 |2/2  |00100110 |12039


---------------
Opcode: C9
ll: 02
Instruction:CMP Addressing Mode:Immediate - Operand (Value: "0x02", Address: "None")
Instruction cycle count set to 2
A |X |Y |SP |PC   |T/MT |NV-BDIZC |CYCLE
----------------------------------------
00|00|00|FE |0708 |1/2  |10100100 |12040
00|00|00|FE |0708 |2/2  |10100100 |12041


---------------
Opcode: D0
ll: F8
Old PC: 070A Offset:-8 New PC: 0702
Instruction:BNE Addressing Mode:Relative - Operand (Value: "None", Address: "0x0702")
Instruction cycle count set to 2
A |X |Y |SP |PC   |T/MT |NV-BDIZC |CYCLE
----------------------------------------
00|00|00|FE |0702 |1/3  |10100100 |12042
00|00|00|FE |0702 |2/3  |10100100 |12043
00|00|00|FE |0702 |3/3  |10100100 |12044


---------------
Opcode: 8D
ll: 00 hh: A0
Instruction:STA Addressing Mode:Absolute - Operand (Value: "0x00", Address: "0xA000")
Writing value 0x00 to address: 0xA000
0xA000: 0x00
Instruction cycle count set to 4
A |X |Y |SP |PC   |T/MT |NV-BDIZC |CYCLE
----------------------------------------
00|00|00|FE |0705 |1/4  |10100100 |12045
00|00|00|FE |0705 |2/4  |10100100 |12046
00|00|00|FE |0705 |3/4  |10100100 |12047
00|00|00|FE |0705 |4/4  |10100100 |12048


---------------
Opcode: 4A
Instruction:LSR Addressing Mode:Accumulator - Operand (Value: "0x00", Address: "None")
Instruction cycle count set to 2
A |X |Y |SP |PC   |T/MT |NV-BDIZC |CYCLE
----------------------------------------
00|00|00|FE |0706 |1/2  |00100110 |12049
00|00|00|FE |0706 |2/2  |00100110 |12050


---------------
Opcode: C9
ll: 02
Instruction:CMP Addressing Mode:Immediate - Operand (Value: "0x02", Address: "None")
Instruction cycle count set to 2
A |X |Y |SP |PC   |T/MT |NV-BDIZC |CYCLE
----------------------------------------
00|00|00|FE |0708 |1/2  |10100100 |12051
00|00|00|FE |0708 |2/2  |10100100 |12052


---------------
Opcode: D0
ll: F8
Old PC: 070A Offset:-8 New PC: 0702
Instruction:BNE Addressing Mode:Relative - Operand (Value: "None", Address: "0x0702")
Instruction cycle count set to 2
A |X |Y |SP |PC   |T/MT |NV-BDIZC |CYCLE
----------------------------------------
00|00|00|FE |0702 |1/3  |10100100 |12053
00|00|00|FE |0702 |2/3  |10100100 |12054
00|00|00|FE |0702 |3/3  |10100100 |12055


---------------
Opcode: 8D
ll: 00 hh: A0
Instruction:STA Addressing Mode:Absolute - Operand (Value: "0x00", Address: "0xA000")
Writing value 0x00 to address: 0xA000
0xA000: 0x00
Instruction cycle count set to 4
A |X |Y |SP |PC   |T/MT |NV-BDIZC |CYCLE
----------------------------------------
00|00|00|FE |0705 |1/4  |10100100 |12056
00|00|00|FE |0705 |2/4  |10100100 |12057
00|00|00|FE |0705 |3/4  |10100100 |12058
00|00|00|FE |0705 |4/4  |10100100 |12059


---------------
Opcode: 4A
Instruction:LSR Addressing Mode:Accumulator - Operand (Value: "0x00", Address: "None")
Instruction cycle count set to 2
A |X |Y |SP |PC   |T/MT |NV-BDIZC |CYCLE
----------------------------------------
00|00|00|FE |0706 |1/2  |00100110 |12060
00|00|00|FE |0706 |2/2  |00100110 |12061


---------------
Opcode: C9
ll: 02
Instruction:CMP Addressing Mode:Immediate - Operand (Value: "0x02", Address: "None")
Instruction cycle count set to 2
A |X |Y |SP |PC   |T/MT |NV-BDIZC |CYCLE
----------------------------------------
00|00|00|FE |0708 |1/2  |10100100 |12062
00|00|00|FE |0708 |2/2  |10100100 |12063


---------------
Opcode: D0
ll: F8
Old PC: 070A Offset:-8 New PC: 0702
Instruction:BNE Addressing Mode:Relative - Operand (Value: "None", Address: "0x0702")
Instruction cycle count set to 2
A |X |Y |SP |PC   |T/MT |NV-BDIZC |CYCLE
----------------------------------------
00|00|00|FE |0702 |1/3  |10100100 |12064
00|00|00|FE |0702 |2/3  |10100100 |12065
00|00|00|FE |0702 |3/3  |10100100 |12066


---------------
Opcode: 8D
ll: 00 hh: A0
Instruction:STA Addressing Mode:Absolute - Operand (Value: "0x00", Address: "0xA000")
Writing value 0x00 to address: 0xA000
0xA000: 0x00
Instruction cycle count set to 4
A |X |Y |SP |PC   |T/MT |NV-BDIZC |CYCLE
----------------------------------------
00|00|00|FE |0705 |1/4  |10100100 |12067
00|00|00|FE |0705 |2/4  |10100100 |12068
00|00|00|FE |0705 |3/4  |10100100 |12069
00|00|00|FE |0705 |4/4  |10100100 |12070


---------------
Opcode: 4A
Instruction:LSR Addressing Mode:Accumulator - Operand (Value: "0x00", Address: "None")
Instruction cycle count set to 2
A |X |Y |SP |PC   |T/MT |NV-BDIZC |CYCLE
----------------------------------------
00|00|00|FE |0706 |1/2  |00100110 |12071
00|00|00|FE |0706 |2/2  |00100110 |12072


---------------
Opcode: C9
ll: 02
Instruction:CMP Addressing Mode:Immediate - Operand (Value: "0x02", Address: "None")
Instruction cycle count set to 2
A |X |Y |SP |PC   |T/MT |NV-BDIZC |CYCLE
----------------------------------------
00|00|00|FE |0708 |1/2  |10100100 |12073
00|00|00|FE |0708 |2/2  |10100100 |12074


---------------
Opcode: D0
ll: F8
Old PC: 070A Offset:-8 New PC: 0702
Instruction:BNE Addressing Mode:Relative - Operand (Value: "None", Address: "0x0702")
Instruction cycle count set to 2
A |X |Y |SP |PC   |T/MT |NV-BDIZC |CYCLE
----------------------------------------
00|00|00|FE |0702 |1/3  |10100100 |12075
00|00|00|FE |0702 |2/3  |10100100 |12076
00|00|00|FE |0702 |3/3  |10100100 |12077


---------------
Opcode: 8D
ll: 00 hh: A0
Instruction:STA Addressing Mode:Absolute - Operand (Value: "0x00", Address: "0xA000")
Writing value 0x00 to address: 0xA000
0xA000: 0x00
Instruction cycle count set to 4
A |X |Y |SP |PC   |T/MT |NV-BDIZC |CYCLE
----------------------------------------
00|00|00|FE |0705 |1/4  |10100100 |12078
00|00|00|FE |0705 |2/4  |10100100 |12079
00|00|00|FE |0705 |3/4  |10100100 |12080
00|00|00|FE |0705 |4/4  |10100100 |12081


---------------
Opcode: 4A
Instruction:LSR Addressing Mode:Accumulator - Operand (Value: "0x00", Address: "None")
Instruction cycle count set to 2
A |X |Y |SP |PC   |T/MT |NV-BDIZC |CYCLE
----------------------------------------
00|00|00|FE |0706 |1/2  |00100110 |12082
00|00|00|FE |0706 |2/2  |00100110 |12083


---------------
Opcode: C9
ll: 02
Instruction:CMP Addressing Mode:Immediate - Operand (Value: "0x02", Address: "None")
Instruction cycle count set to 2
A |X |Y |SP |PC   |T/MT |NV-BDIZC |CYCLE
----------------------------------------
00|00|00|FE |0708 |1/2  |10100100 |12084
00|00|00|FE |0708 |2/2  |10100100 |12085


---------------
Opcode: D0
ll: F8
Old PC: 070A Offset:-8 New PC: 0702
Instruction:BNE Addressing Mode:Relative - Operand (Value: "None", Address: "0x0702")
Instruction cycle count set to 2
A |X |Y |SP |PC   |T/MT |NV-BDIZC |CYCLE
----------------------------------------
00|00|00|FE |0702 |1/3  |10100100 |12086
00|00|00|FE |0702 |2/3  |10100100 |12087
00|00|00|FE |0702 |3/3  |10100100 |12088


---------------
Opcode: 8D
ll: 00 hh: A0
Instruction:STA Addressing Mode:Absolute - Operand (Value: "0x00", Address: "0xA000")
Writing value 0x00 to address: 0xA000
0xA000: 0x00
Instruction cycle count set to 4
A |X |Y |SP |PC   |T/MT |NV-BDIZC |CYCLE
----------------------------------------
00|00|00|FE |0705 |1/4  |10100100 |12089
00|00|00|FE |0705 |2/4  |10100100 |12090
00|00|00|FE |0705 |3/4  |10100100 |12091
00|00|00|FE |0705 |4/4  |10100100 |12092


---------------
Opcode: 4A
Instruction:LSR Addressing Mode:Accumulator - Operand (Value: "0x00", Address: "None")
Instruction cycle count set to 2
A |X |Y |SP |PC   |T/MT |NV-BDIZC |CYCLE
----------------------------------------
00|00|00|FE |0706 |1/2  |00100110 |12093
00|00|00|FE |0706 |2/2  |00100110 |12094


---------------
Opcode: C9
ll: 02
Instruction:CMP Addressing Mode:Immediate - Operand (Value: "0x02", Address: "None")
Instruction cycle count set to 2
A |X |Y |SP |PC   |T/MT |NV-BDIZC |CYCLE
----------------------------------------
00|00|00|FE |0708 |1/2  |10100100 |12095
00|00|00|FE |0708 |2/2  |10100100 |12096


---------------
Opcode: D0
ll: F8
Old PC: 070A Offset:-8 New PC: 0702
Instruction:BNE Addressing Mode:Relative - Operand (Value: "None", Address: "0x0702")
Instruction cycle count set to 2
A |X |Y |SP |PC   |T/MT |NV-BDIZC |CYCLE
----------------------------------------
00|00|00|FE |0702 |1/3  |10100100 |12097
00|00|00|FE |0702 |2/3  |10100100 |12098
00|00|00|FE |0702 |3/3  |10100100 |12099


---------------
Opcode: 8D
ll: 00 hh: A0
Instruction:STA Addressing Mode:Absolute - Operand (Value: "0x00", Address: "0xA000")
Writing value 0x00 to address: 0xA000
0xA000: 0x00
Instruction cycle count set to 4
A |X |Y |SP |PC   |T/MT |NV-BDIZC |CYCLE
----------------------------------------
00|00|00|FE |0705 |1/4  |10100100 |12100
00|00|00|FE |0705 |2/4  |10100100 |12101
00|00|00|FE |0705 |3/4  |10100100 |12102
00|00|00|FE |0705 |4/4  |10100100 |12103


---------------
Opcode: 4A
Instruction:LSR Addressing Mode:Accumulator - Operand (Value: "0x00", Address: "None")
Instruction cycle count set to 2
A |X |Y |SP |PC   |T/MT |NV-BDIZC |CYCLE
----------------------------------------
00|00|00|FE |0706 |1/2  |00100110 |12104
00|00|00|FE |0706 |2/2  |00100110 |12105


---------------
Opcode: C9
ll: 02
Instruction:CMP Addressing Mode:Immediate - Operand (Value: "0x02", Address: "None")
Instruction cycle count set to 2
A |X |Y |SP |PC   |T/MT |NV-BDIZC |CYCLE
----------------------------------------
00|00|00|FE |0708 |1/2  |10100100 |12106
00|00|00|FE |0708 |2/2  |10100100 |12107


---------------
Opcode: D0
ll: F8
Old PC: 070A Offset:-8 New PC: 0702
Instruction:BNE Addressing Mode:Relative - Operand (Value: "None", Address: "0x0702")
Instruction cycle count set to 2
A |X |Y |SP |PC   |T/MT |NV-BDIZC |CYCLE
----------------------------------------
00|00|00|FE |0702 |1/3  |10100100 |12108
00|00|00|FE |0702 |2/3  |10100100 |12109
00|00|00|FE |0702 |3/3  |10100100 |12110


---------------
Opcode: 8D
ll: 00 hh: A0
Instruction:STA Addressing Mode:Absolute - Operand (Value: "0x00", Address: "0xA000")
Writing value 0x00 to address: 0xA000
0xA000: 0x00
Instruction cycle count set to 4
A |X |Y |SP |PC   |T/MT |NV-BDIZC |CYCLE
----------------------------------------
00|00|00|FE |0705 |1/4  |10100100 |12111
00|00|00|FE |0705 |2/4  |10100100 |12112
00|00|00|FE |0705 |3/4  |10100100 |12113
00|00|00|FE |0705 |4/4  |10100100 |12114


---------------
Opcode: 4A
Instruction:LSR Addressing Mode:Accumulator - Operand (Value: "0x00", Address: "None")
Instruction cycle count set to 2
A |X |Y |SP |PC   |T/MT |NV-BDIZC |CYCLE
----------------------------------------
00|00|00|FE |0706 |1/2  |00100110 |12115
00|00|00|FE |0706 |2/2  |00100110 |12116


---------------
Opcode: C9
ll: 02
Instruction:CMP Addressing Mode:Immediate - Operand (Value: "0x02", Address: "None")
Instruction cycle count set to 2
A |X |Y |SP |PC   |T/MT |NV-BDIZC |CYCLE
----------------------------------------
00|00|00|FE |0708 |1/2  |10100100 |12117
00|00|00|FE |0708 |2/2  |10100100 |12118


---------------
Opcode: D0
ll: F8
Old PC: 070A Offset:-8 New PC: 0702
Instruction:BNE Addressing Mode:Relative - Operand (Value: "None", Address: "0x0702")
Instruction cycle count set to 2
A |X |Y |SP |PC   |T/MT |NV-BDIZC |CYCLE
----------------------------------------
00|00|00|FE |0702 |1/3  |10100100 |12119
00|00|00|FE |0702 |2/3  |10100100 |12120
00|00|00|FE |0702 |3/3  |10100100 |12121


---------------
Opcode: 8D
ll: 00 hh: A0
Instruction:STA Addressing Mode:Absolute - Operand (Value: "0x00", Address: "0xA000")
Writing value 0x00 to address: 0xA000
0xA000: 0x00
Instruction cycle count set to 4
A |X |Y |SP |PC   |T/MT |NV-BDIZC |CYCLE
----------------------------------------
00|00|00|FE |0705 |1/4  |10100100 |12122
00|00|00|FE |0705 |2/4  |10100100 |12123
00|00|00|FE |0705 |3/4  |10100100 |12124
00|00|00|FE |0705 |4/4  |10100100 |12125


---------------
Opcode: 4A
Instruction:LSR Addressing Mode:Accumulator - Operand (Value: "0x00", Address: "None")
Instruction cycle count set to 2
A |X |Y |SP |PC   |T/MT |NV-BDIZC |CYCLE
----------------------------------------
00|00|00|FE |0706 |1/2  |00100110 |12126
00|00|00|FE |0706 |2/2  |00100110 |12127


---------------
Opcode: C9
ll: 02
Instruction:CMP Addressing Mode:Immediate - Operand (Value: "0x02", Address: "None")
Instruction cycle count set to 2
A |X |Y |SP |PC   |T/MT |NV-BDIZC |CYCLE
----------------------------------------
00|00|00|FE |0708 |1/2  |10100100 |12128
00|00|00|FE |0708 |2/2  |10100100 |12129


---------------
Opcode: D0
ll: F8
Old PC: 070A Offset:-8 New PC: 0702
Instruction:BNE Addressing Mode:Relative - Operand (Value: "None", Address: "0x0702")
Instruction cycle count set to 2
A |X |Y |SP |PC   |T/MT |NV-BDIZC |CYCLE
----------------------------------------
00|00|00|FE |0702 |1/3  |10100100 |12130
00|00|00|FE |0702 |2/3  |10100100 |12131
00|00|00|FE |0702 |3/3  |10100100 |12132


---------------
Opcode: 8D
ll: 00 hh: A0
Instruction:STA Addressing Mode:Absolute - Operand (Value: "0x00", Address: "0xA000")
Writing value 0x00 to address: 0xA000
0xA000: 0x00
Instruction cycle count set to 4
A |X |Y |SP |PC   |T/MT |NV-BDIZC |CYCLE
----------------------------------------
00|00|00|FE |0705 |1/4  |10100100 |12133
00|00|00|FE |0705 |2/4  |10100100 |12134
00|00|00|FE |0705 |3/4  |10100100 |12135
00|00|00|FE |0705 |4/4  |10100100 |12136


---------------
Opcode: 4A
Instruction:LSR Addressing Mode:Accumulator - Operand (Value: "0x00", Address: "None")
Instruction cycle count set to 2
A |X |Y |SP |PC   |T/MT |NV-BDIZC |CYCLE
----------------------------------------
00|00|00|FE |0706 |1/2  |00100110 |12137
00|00|00|FE |0706 |2/2  |00100110 |12138


---------------
Opcode: C9
ll: 02
Instruction:CMP Addressing Mode:Immediate - Operand (Value: "0x02", Address: "None")
Instruction cycle count set to 2
A |X |Y |SP |PC   |T/MT |NV-BDIZC |CYCLE
----------------------------------------
00|00|00|FE |0708 |1/2  |10100100 |12139
00|00|00|FE |0708 |2/2  |10100100 |12140


---------------
Opcode: D0
ll: F8
Old PC: 070A Offset:-8 New PC: 0702
Instruction:BNE Addressing Mode:Relative - Operand (Value: "None", Address: "0x0702")
Instruction cycle count set to 2
A |X |Y |SP |PC   |T/MT |NV-BDIZC |CYCLE
----------------------------------------
00|00|00|FE |0702 |1/3  |10100100 |12141
00|00|00|FE |0702 |2/3  |10100100 |12142
00|00|00|FE |0702 |3/3  |10100100 |12143


---------------
Opcode: 8D
ll: 00 hh: A0
Instruction:STA Addressing Mode:Absolute - Operand (Value: "0x00", Address: "0xA000")
Writing value 0x00 to address: 0xA000
0xA000: 0x00
Instruction cycle count set to 4
A |X |Y |SP |PC   |T/MT |NV-BDIZC |CYCLE
----------------------------------------
00|00|00|FE |0705 |1/4  |10100100 |12144
00|00|00|FE |0705 |2/4  |10100100 |12145
00|00|00|FE |0705 |3/4  |10100100 |12146
00|00|00|FE |0705 |4/4  |10100100 |12147


---------------
Opcode: 4A
Instruction:LSR Addressing Mode:Accumulator - Operand (Value: "0x00", Address: "None")
Instruction cycle count set to 2
A |X |Y |SP |PC   |T/MT |NV-BDIZC |CYCLE
----------------------------------------
00|00|00|FE |0706 |1/2  |00100110 |12148
00|00|00|FE |0706 |2/2  |00100110 |12149


---------------
Opcode: C9
ll: 02
Instruction:CMP Addressing Mode:Immediate - Operand (Value: "0x02", Address: "None")
Instruction cycle count set to 2
A |X |Y |SP |PC   |T/MT |NV-BDIZC |CYCLE
----------------------------------------
00|00|00|FE |0708 |1/2  |10100100 |12150
00|00|00|FE |0708 |2/2  |10100100 |12151


---------------
Opcode: D0
ll: F8
Old PC: 070A Offset:-8 New PC: 0702
Instruction:BNE Addressing Mode:Relative - Operand (Value: "None", Address: "0x0702")
Instruction cycle count set to 2
A |X |Y |SP |PC   |T/MT |NV-BDIZC |CYCLE
----------------------------------------
00|00|00|FE |0702 |1/3  |10100100 |12152
00|00|00|FE |0702 |2/3  |10100100 |12153
00|00|00|FE |0702 |3/3  |10100100 |12154


---------------
Opcode: 8D
ll: 00 hh: A0
Instruction:STA Addressing Mode:Absolute - Operand (Value: "0x00", Address: "0xA000")
Writing value 0x00 to address: 0xA000
0xA000: 0x00
Instruction cycle count set to 4
A |X |Y |SP |PC   |T/MT |NV-BDIZC |CYCLE
----------------------------------------
00|00|00|FE |0705 |1/4  |10100100 |12155
00|00|00|FE |0705 |2/4  |10100100 |12156
00|00|00|FE |0705 |3/4  |10100100 |12157
00|00|00|FE |0705 |4/4  |10100100 |12158


---------------
Opcode: 4A
Instruction:LSR Addressing Mode:Accumulator - Operand (Value: "0x00", Address: "None")
Instruction cycle count set to 2
A |X |Y |SP |PC   |T/MT |NV-BDIZC |CYCLE
----------------------------------------
00|00|00|FE |0706 |1/2  |00100110 |12159
00|00|00|FE |0706 |2/2  |00100110 |12160


---------------
Opcode: C9
ll: 02
Instruction:CMP Addressing Mode:Immediate - Operand (Value: "0x02", Address: "None")
Instruction cycle count set to 2
A |X |Y |SP |PC   |T/MT |NV-BDIZC |CYCLE
----------------------------------------
00|00|00|FE |0708 |1/2  |10100100 |12161
00|00|00|FE |0708 |2/2  |10100100 |12162


---------------
Opcode: D0
ll: F8
Old PC: 070A Offset:-8 New PC: 0702
Instruction:BNE Addressing Mode:Relative - Operand (Value: "None", Address: "0x0702")
Instruction cycle count set to 2
A |X |Y |SP |PC   |T/MT |NV-BDIZC |CYCLE
----------------------------------------
00|00|00|FE |0702 |1/3  |10100100 |12163
00|00|00|FE |0702 |2/3  |10100100 |12164
00|00|00|FE |0702 |3/3  |10100100 |12165


---------------
Opcode: 8D
ll: 00 hh: A0
Instruction:STA Addressing Mode:Absolute - Operand (Value: "0x00", Address: "0xA000")
Writing value 0x00 to address: 0xA000
0xA000: 0x00
Instruction cycle count set to 4
A |X |Y |SP |PC   |T/MT |NV-BDIZC |CYCLE
----------------------------------------
00|00|00|FE |0705 |1/4  |10100100 |12166
00|00|00|FE |0705 |2/4  |10100100 |12167
00|00|00|FE |0705 |3/4  |10100100 |12168
00|00|00|FE |0705 |4/4  |10100100 |12169


---------------
Opcode: 4A
Instruction:LSR Addressing Mode:Accumulator - Operand (Value: "0x00", Address: "None")
Instruction cycle count set to 2
A |X |Y |SP |PC   |T/MT |NV-BDIZC |CYCLE
----------------------------------------
00|00|00|FE |0706 |1/2  |00100110 |12170
00|00|00|FE |0706 |2/2  |00100110 |12171


---------------
Opcode: C9
ll: 02
Instruction:CMP Addressing Mode:Immediate - Operand (Value: "0x02", Address: "None")
Instruction cycle count set to 2
A |X |Y |SP |PC   |T/MT |NV-BDIZC |CYCLE
----------------------------------------
00|00|00|FE |0708 |1/2  |10100100 |12172
00|00|00|FE |0708 |2/2  |10100100 |12173


---------------
Opcode: D0
ll: F8
Old PC: 070A Offset:-8 New PC: 0702
Instruction:BNE Addressing Mode:Relative - Operand (Value: "None", Address: "0x0702")
Instruction cycle count set to 2
A |X |Y |SP |PC   |T/MT |NV-BDIZC |CYCLE
----------------------------------------
00|00|00|FE |0702 |1/3  |10100100 |12174
00|00|00|FE |0702 |2/3  |10100100 |12175
00|00|00|FE |0702 |3/3  |10100100 |12176


---------------
Opcode: 8D
ll: 00 hh: A0
Instruction:STA Addressing Mode:Absolute - Operand (Value: "0x00", Address: "0xA000")
Writing value 0x00 to address: 0xA000
0xA000: 0x00
Instruction cycle count set to 4
A |X |Y |SP |PC   |T/MT |NV-BDIZC |CYCLE
----------------------------------------
00|00|00|FE |0705 |1/4  |10100100 |12177
00|00|00|FE |0705 |2/4  |10100100 |12178
00|00|00|FE |0705 |3/4  |10100100 |12179
00|00|00|FE |0705 |4/4  |10100100 |12180


---------------
Opcode: 4A
Instruction:LSR Addressing Mode:Accumulator - Operand (Value: "0x00", Address: "None")
Instruction cycle count set to 2
A |X |Y |SP |PC   |T/MT |NV-BDIZC |CYCLE
----------------------------------------
00|00|00|FE |0706 |1/2  |00100110 |12181
00|00|00|FE |0706 |2/2  |00100110 |12182


---------------
Opcode: C9
ll: 02
Instruction:CMP Addressing Mode:Immediate - Operand (Value: "0x02", Address: "None")
Instruction cycle count set to 2
A |X |Y |SP |PC   |T/MT |NV-BDIZC |CYCLE
----------------------------------------
00|00|00|FE |0708 |1/2  |10100100 |12183
00|00|00|FE |0708 |2/2  |10100100 |12184


---------------
Opcode: D0
ll: F8
Old PC: 070A Offset:-8 New PC: 0702
Instruction:BNE Addressing Mode:Relative - Operand (Value: "None", Address: "0x0702")
Instruction cycle count set to 2
A |X |Y |SP |PC   |T/MT |NV-BDIZC |CYCLE
----------------------------------------
00|00|00|FE |0702 |1/3  |10100100 |12185
00|00|00|FE |0702 |2/3  |10100100 |12186
00|00|00|FE |0702 |3/3  |10100100 |12187


---------------
Opcode: 8D
ll: 00 hh: A0
Instruction:STA Addressing Mode:Absolute - Operand (Value: "0x00", Address: "0xA000")
Writing value 0x00 to address: 0xA000
0xA000: 0x00
Instruction cycle count set to 4
A |X |Y |SP |PC   |T/MT |NV-BDIZC |CYCLE
----------------------------------------
00|00|00|FE |0705 |1/4  |10100100 |12188
00|00|00|FE |0705 |2/4  |10100100 |12189
00|00|00|FE |0705 |3/4  |10100100 |12190
00|00|00|FE |0705 |4/4  |10100100 |12191


---------------
Opcode: 4A
Instruction:LSR Addressing Mode:Accumulator - Operand (Value: "0x00", Address: "None")
Instruction cycle count set to 2
A |X |Y |SP |PC   |T/MT |NV-BDIZC |CYCLE
----------------------------------------
00|00|00|FE |0706 |1/2  |00100110 |12192
00|00|00|FE |0706 |2/2  |00100110 |12193


---------------
Opcode: C9
ll: 02
Instruction:CMP Addressing Mode:Immediate - Operand (Value: "0x02", Address: "None")
Instruction cycle count set to 2
A |X |Y |SP |PC   |T/MT |NV-BDIZC |CYCLE
----------------------------------------
00|00|00|FE |0708 |1/2  |10100100 |12194
00|00|00|FE |0708 |2/2  |10100100 |12195


---------------
Opcode: D0
ll: F8
Old PC: 070A Offset:-8 New PC: 0702
Instruction:BNE Addressing Mode:Relative - Operand (Value: "None", Address: "0x0702")
Instruction cycle count set to 2
A |X |Y |SP |PC   |T/MT |NV-BDIZC |CYCLE
----------------------------------------
00|00|00|FE |0702 |1/3  |10100100 |12196
00|00|00|FE |0702 |2/3  |10100100 |12197
00|00|00|FE |0702 |3/3  |10100100 |12198


---------------
Opcode: 8D
ll: 00 hh: A0
Instruction:STA Addressing Mode:Absolute - Operand (Value: "0x00", Address: "0xA000")
Writing value 0x00 to address: 0xA000
0xA000: 0x00
Instruction cycle count set to 4
A |X |Y |SP |PC   |T/MT |NV-BDIZC |CYCLE
----------------------------------------
00|00|00|FE |0705 |1/4  |10100100 |12199
00|00|00|FE |0705 |2/4  |10100100 |12200
00|00|00|FE |0705 |3/4  |10100100 |12201
00|00|00|FE |0705 |4/4  |10100100 |12202


---------------
Opcode: 4A
Instruction:LSR Addressing Mode:Accumulator - Operand (Value: "0x00", Address: "None")
Instruction cycle count set to 2
A |X |Y |SP |PC   |T/MT |NV-BDIZC |CYCLE
----------------------------------------
00|00|00|FE |0706 |1/2  |00100110 |12203
00|00|00|FE |0706 |2/2  |00100110 |12204


---------------
Opcode: C9
ll: 02
Instruction:CMP Addressing Mode:Immediate - Operand (Value: "0x02", Address: "None")
Instruction cycle count set to 2
A |X |Y |SP |PC   |T/MT |NV-BDIZC |CYCLE
----------------------------------------
00|00|00|FE |0708 |1/2  |10100100 |12205
00|00|00|FE |0708 |2/2  |10100100 |12206


---------------
Opcode: D0
ll: F8
Old PC: 070A Offset:-8 New PC: 0702
Instruction:BNE Addressing Mode:Relative - Operand (Value: "None", Address: "0x0702")
Instruction cycle count set to 2
A |X |Y |SP |PC   |T/MT |NV-BDIZC |CYCLE
----------------------------------------
00|00|00|FE |0702 |1/3  |10100100 |12207
00|00|00|FE |0702 |2/3  |10100100 |12208
00|00|00|FE |0702 |3/3  |10100100 |12209


---------------
Opcode: 8D
ll: 00 hh: A0
Instruction:STA Addressing Mode:Absolute - Operand (Value: "0x00", Address: "0xA000")
Writing value 0x00 to address: 0xA000
0xA000: 0x00
Instruction cycle count set to 4
A |X |Y |SP |PC   |T/MT |NV-BDIZC |CYCLE
----------------------------------------
00|00|00|FE |0705 |1/4  |10100100 |12210
00|00|00|FE |0705 |2/4  |10100100 |12211
00|00|00|FE |0705 |3/4  |10100100 |12212
00|00|00|FE |0705 |4/4  |10100100 |12213


---------------
Opcode: 4A
Instruction:LSR Addressing Mode:Accumulator - Operand (Value: "0x00", Address: "None")
Instruction cycle count set to 2
A |X |Y |SP |PC   |T/MT |NV-BDIZC |CYCLE
----------------------------------------
00|00|00|FE |0706 |1/2  |00100110 |12214
00|00|00|FE |0706 |2/2  |00100110 |12215


---------------
Opcode: C9
ll: 02
Instruction:CMP Addressing Mode:Immediate - Operand (Value: "0x02", Address: "None")
Instruction cycle count set to 2
A |X |Y |SP |PC   |T/MT |NV-BDIZC |CYCLE
----------------------------------------
00|00|00|FE |0708 |1/2  |10100100 |12216
00|00|00|FE |0708 |2/2  |10100100 |12217


---------------
Opcode: D0
ll: F8
Old PC: 070A Offset:-8 New PC: 0702
Instruction:BNE Addressing Mode:Relative - Operand (Value: "None", Address: "0x0702")
Instruction cycle count set to 2
A |X |Y |SP |PC   |T/MT |NV-BDIZC |CYCLE
----------------------------------------
00|00|00|FE |0702 |1/3  |10100100 |12218
00|00|00|FE |0702 |2/3  |10100100 |12219
00|00|00|FE |0702 |3/3  |10100100 |12220


---------------
Opcode: 8D
ll: 00 hh: A0
Instruction:STA Addressing Mode:Absolute - Operand (Value: "0x00", Address: "0xA000")
Writing value 0x00 to address: 0xA000
0xA000: 0x00
Instruction cycle count set to 4
A |X |Y |SP |PC   |T/MT |NV-BDIZC |CYCLE
----------------------------------------
00|00|00|FE |0705 |1/4  |10100100 |12221
00|00|00|FE |0705 |2/4  |10100100 |12222
00|00|00|FE |0705 |3/4  |10100100 |12223
00|00|00|FE |0705 |4/4  |10100100 |12224


---------------
Opcode: 4A
Instruction:LSR Addressing Mode:Accumulator - Operand (Value: "0x00", Address: "None")
Instruction cycle count set to 2
A |X |Y |SP |PC   |T/MT |NV-BDIZC |CYCLE
----------------------------------------
00|00|00|FE |0706 |1/2  |00100110 |12225
00|00|00|FE |0706 |2/2  |00100110 |12226


---------------
Opcode: C9
ll: 02
Instruction:CMP Addressing Mode:Immediate - Operand (Value: "0x02", Address: "None")
Instruction cycle count set to 2
A |X |Y |SP |PC   |T/MT |NV-BDIZC |CYCLE
----------------------------------------
00|00|00|FE |0708 |1/2  |10100100 |12227
00|00|00|FE |0708 |2/2  |10100100 |12228


---------------
Opcode: D0
ll: F8
Old PC: 070A Offset:-8 New PC: 0702
Instruction:BNE Addressing Mode:Relative - Operand (Value: "None", Address: "0x0702")
Instruction cycle count set to 2
A |X |Y |SP |PC   |T/MT |NV-BDIZC |CYCLE
----------------------------------------
00|00|00|FE |0702 |1/3  |10100100 |12229
00|00|00|FE |0702 |2/3  |10100100 |12230
00|00|00|FE |0702 |3/3  |10100100 |12231


---------------
Opcode: 8D
ll: 00 hh: A0
Instruction:STA Addressing Mode:Absolute - Operand (Value: "0x00", Address: "0xA000")
Writing value 0x00 to address: 0xA000
0xA000: 0x00
Instruction cycle count set to 4
A |X |Y |SP |PC   |T/MT |NV-BDIZC |CYCLE
----------------------------------------
00|00|00|FE |0705 |1/4  |10100100 |12232
00|00|00|FE |0705 |2/4  |10100100 |12233
00|00|00|FE |0705 |3/4  |10100100 |12234
00|00|00|FE |0705 |4/4  |10100100 |12235


---------------
Opcode: 4A
Instruction:LSR Addressing Mode:Accumulator - Operand (Value: "0x00", Address: "None")
Instruction cycle count set to 2
A |X |Y |SP |PC   |T/MT |NV-BDIZC |CYCLE
----------------------------------------
00|00|00|FE |0706 |1/2  |00100110 |12236
00|00|00|FE |0706 |2/2  |00100110 |12237


---------------
Opcode: C9
ll: 02
Instruction:CMP Addressing Mode:Immediate - Operand (Value: "0x02", Address: "None")
Instruction cycle count set to 2
A |X |Y |SP |PC   |T/MT |NV-BDIZC |CYCLE
----------------------------------------
00|00|00|FE |0708 |1/2  |10100100 |12238
00|00|00|FE |0708 |2/2  |10100100 |12239


---------------
Opcode: D0
ll: F8
Old PC: 070A Offset:-8 New PC: 0702
Instruction:BNE Addressing Mode:Relative - Operand (Value: "None", Address: "0x0702")
Instruction cycle count set to 2
A |X |Y |SP |PC   |T/MT |NV-BDIZC |CYCLE
----------------------------------------
00|00|00|FE |0702 |1/3  |10100100 |12240
00|00|00|FE |0702 |2/3  |10100100 |12241
00|00|00|FE |0702 |3/3  |10100100 |12242


---------------
Opcode: 8D
ll: 00 hh: A0
Instruction:STA Addressing Mode:Absolute - Operand (Value: "0x00", Address: "0xA000")
Writing value 0x00 to address: 0xA000
0xA000: 0x00
Instruction cycle count set to 4
A |X |Y |SP |PC   |T/MT |NV-BDIZC |CYCLE
----------------------------------------
00|00|00|FE |0705 |1/4  |10100100 |12243
00|00|00|FE |0705 |2/4  |10100100 |12244
00|00|00|FE |0705 |3/4  |10100100 |12245
00|00|00|FE |0705 |4/4  |10100100 |12246


---------------
Opcode: 4A
Instruction:LSR Addressing Mode:Accumulator - Operand (Value: "0x00", Address: "None")
Instruction cycle count set to 2
A |X |Y |SP |PC   |T/MT |NV-BDIZC |CYCLE
----------------------------------------
00|00|00|FE |0706 |1/2  |00100110 |12247
00|00|00|FE |0706 |2/2  |00100110 |12248


---------------
Opcode: C9
ll: 02
Instruction:CMP Addressing Mode:Immediate - Operand (Value: "0x02", Address: "None")
Instruction cycle count set to 2
A |X |Y |SP |PC   |T/MT |NV-BDIZC |CYCLE
----------------------------------------
00|00|00|FE |0708 |1/2  |10100100 |12249
00|00|00|FE |0708 |2/2  |10100100 |12250


---------------
Opcode: D0
ll: F8
Old PC: 070A Offset:-8 New PC: 0702
Instruction:BNE Addressing Mode:Relative - Operand (Value: "None", Address: "0x0702")
Instruction cycle count set to 2
A |X |Y |SP |PC   |T/MT |NV-BDIZC |CYCLE
----------------------------------------
00|00|00|FE |0702 |1/3  |10100100 |12251
00|00|00|FE |0702 |2/3  |10100100 |12252
00|00|00|FE |0702 |3/3  |10100100 |12253


---------------
Opcode: 8D
ll: 00 hh: A0
Instruction:STA Addressing Mode:Absolute - Operand (Value: "0x00", Address: "0xA000")
Writing value 0x00 to address: 0xA000
0xA000: 0x00
Instruction cycle count set to 4
A |X |Y |SP |PC   |T/MT |NV-BDIZC |CYCLE
----------------------------------------
00|00|00|FE |0705 |1/4  |10100100 |12254
00|00|00|FE |0705 |2/4  |10100100 |12255
00|00|00|FE |0705 |3/4  |10100100 |12256
00|00|00|FE |0705 |4/4  |10100100 |12257


---------------
Opcode: 4A
Instruction:LSR Addressing Mode:Accumulator - Operand (Value: "0x00", Address: "None")
Instruction cycle count set to 2
A |X |Y |SP |PC   |T/MT |NV-BDIZC |CYCLE
----------------------------------------
00|00|00|FE |0706 |1/2  |00100110 |12258
00|00|00|FE |0706 |2/2  |00100110 |12259


---------------
Opcode: C9
ll: 02
Instruction:CMP Addressing Mode:Immediate - Operand (Value: "0x02", Address: "None")
Instruction cycle count set to 2
A |X |Y |SP |PC   |T/MT |NV-BDIZC |CYCLE
----------------------------------------
00|00|00|FE |0708 |1/2  |10100100 |12260
00|00|00|FE |0708 |2/2  |10100100 |12261


---------------
Opcode: D0
ll: F8
Old PC: 070A Offset:-8 New PC: 0702
Instruction:BNE Addressing Mode:Relative - Operand (Value: "None", Address: "0x0702")
Instruction cycle count set to 2
A |X |Y |SP |PC   |T/MT |NV-BDIZC |CYCLE
----------------------------------------
00|00|00|FE |0702 |1/3  |10100100 |12262
00|00|00|FE |0702 |2/3  |10100100 |12263
00|00|00|FE |0702 |3/3  |10100100 |12264


---------------
Opcode: 8D
ll: 00 hh: A0
Instruction:STA Addressing Mode:Absolute - Operand (Value: "0x00", Address: "0xA000")
Writing value 0x00 to address: 0xA000
0xA000: 0x00
Instruction cycle count set to 4
A |X |Y |SP |PC   |T/MT |NV-BDIZC |CYCLE
----------------------------------------
00|00|00|FE |0705 |1/4  |10100100 |12265
00|00|00|FE |0705 |2/4  |10100100 |12266
00|00|00|FE |0705 |3/4  |10100100 |12267
00|00|00|FE |0705 |4/4  |10100100 |12268


---------------
Opcode: 4A
Instruction:LSR Addressing Mode:Accumulator - Operand (Value: "0x00", Address: "None")
Instruction cycle count set to 2
A |X |Y |SP |PC   |T/MT |NV-BDIZC |CYCLE
----------------------------------------
00|00|00|FE |0706 |1/2  |00100110 |12269
00|00|00|FE |0706 |2/2  |00100110 |12270


---------------
Opcode: C9
ll: 02
Instruction:CMP Addressing Mode:Immediate - Operand (Value: "0x02", Address: "None")
Instruction cycle count set to 2
A |X |Y |SP |PC   |T/MT |NV-BDIZC |CYCLE
----------------------------------------
00|00|00|FE |0708 |1/2  |10100100 |12271
00|00|00|FE |0708 |2/2  |10100100 |12272


---------------
Opcode: D0
ll: F8
Old PC: 070A Offset:-8 New PC: 0702
Instruction:BNE Addressing Mode:Relative - Operand (Value: "None", Address: "0x0702")
Instruction cycle count set to 2
A |X |Y |SP |PC   |T/MT |NV-BDIZC |CYCLE
----------------------------------------
00|00|00|FE |0702 |1/3  |10100100 |12273
00|00|00|FE |0702 |2/3  |10100100 |12274
00|00|00|FE |0702 |3/3  |10100100 |12275


---------------
Opcode: 8D
ll: 00 hh: A0
Instruction:STA Addressing Mode:Absolute - Operand (Value: "0x00", Address: "0xA000")
Writing value 0x00 to address: 0xA000
0xA000: 0x00
Instruction cycle count set to 4
A |X |Y |SP |PC   |T/MT |NV-BDIZC |CYCLE
----------------------------------------
00|00|00|FE |0705 |1/4  |10100100 |12276
00|00|00|FE |0705 |2/4  |10100100 |12277
00|00|00|FE |0705 |3/4  |10100100 |12278
00|00|00|FE |0705 |4/4  |10100100 |12279


---------------
Opcode: 4A
Instruction:LSR Addressing Mode:Accumulator - Operand (Value: "0x00", Address: "None")
Instruction cycle count set to 2
A |X |Y |SP |PC   |T/MT |NV-BDIZC |CYCLE
----------------------------------------
00|00|00|FE |0706 |1/2  |00100110 |12280
00|00|00|FE |0706 |2/2  |00100110 |12281


---------------
Opcode: C9
ll: 02
Instruction:CMP Addressing Mode:Immediate - Operand (Value: "0x02", Address: "None")
Instruction cycle count set to 2
A |X |Y |SP |PC   |T/MT |NV-BDIZC |CYCLE
----------------------------------------
00|00|00|FE |0708 |1/2  |10100100 |12282
00|00|00|FE |0708 |2/2  |10100100 |12283


---------------
Opcode: D0
ll: F8
Old PC: 070A Offset:-8 New PC: 0702
Instruction:BNE Addressing Mode:Relative - Operand (Value: "None", Address: "0x0702")
Instruction cycle count set to 2
A |X |Y |SP |PC   |T/MT |NV-BDIZC |CYCLE
----------------------------------------
00|00|00|FE |0702 |1/3  |10100100 |12284
00|00|00|FE |0702 |2/3  |10100100 |12285
00|00|00|FE |0702 |3/3  |10100100 |12286


---------------
Opcode: 8D
ll: 00 hh: A0
Instruction:STA Addressing Mode:Absolute - Operand (Value: "0x00", Address: "0xA000")
Writing value 0x00 to address: 0xA000
0xA000: 0x00
Instruction cycle count set to 4
A |X |Y |SP |PC   |T/MT |NV-BDIZC |CYCLE
----------------------------------------
00|00|00|FE |0705 |1/4  |10100100 |12287
00|00|00|FE |0705 |2/4  |10100100 |12288
00|00|00|FE |0705 |3/4  |10100100 |12289
00|00|00|FE |0705 |4/4  |10100100 |12290


---------------
Opcode: 4A
Instruction:LSR Addressing Mode:Accumulator - Operand (Value: "0x00", Address: "None")
Instruction cycle count set to 2
A |X |Y |SP |PC   |T/MT |NV-BDIZC |CYCLE
----------------------------------------
00|00|00|FE |0706 |1/2  |00100110 |12291
00|00|00|FE |0706 |2/2  |00100110 |12292


---------------
Opcode: C9
ll: 02
Instruction:CMP Addressing Mode:Immediate - Operand (Value: "0x02", Address: "None")
Instruction cycle count set to 2
A |X |Y |SP |PC   |T/MT |NV-BDIZC |CYCLE
----------------------------------------
00|00|00|FE |0708 |1/2  |10100100 |12293
00|00|00|FE |0708 |2/2  |10100100 |12294


---------------
Opcode: D0
ll: F8
Old PC: 070A Offset:-8 New PC: 0702
Instruction:BNE Addressing Mode:Relative - Operand (Value: "None", Address: "0x0702")
Instruction cycle count set to 2
A |X |Y |SP |PC   |T/MT |NV-BDIZC |CYCLE
----------------------------------------
00|00|00|FE |0702 |1/3  |10100100 |12295
00|00|00|FE |0702 |2/3  |10100100 |12296
00|00|00|FE |0702 |3/3  |10100100 |12297


---------------
Opcode: 8D
ll: 00 hh: A0
Instruction:STA Addressing Mode:Absolute - Operand (Value: "0x00", Address: "0xA000")
Writing value 0x00 to address: 0xA000
0xA000: 0x00
Instruction cycle count set to 4
A |X |Y |SP |PC   |T/MT |NV-BDIZC |CYCLE
----------------------------------------
00|00|00|FE |0705 |1/4  |10100100 |12298
00|00|00|FE |0705 |2/4  |10100100 |12299
00|00|00|FE |0705 |3/4  |10100100 |12300
00|00|00|FE |0705 |4/4  |10100100 |12301


---------------
Opcode: 4A
Instruction:LSR Addressing Mode:Accumulator - Operand (Value: "0x00", Address: "None")
Instruction cycle count set to 2
A |X |Y |SP |PC   |T/MT |NV-BDIZC |CYCLE
----------------------------------------
00|00|00|FE |0706 |1/2  |00100110 |12302
00|00|00|FE |0706 |2/2  |00100110 |12303


---------------
Opcode: C9
ll: 02
Instruction:CMP Addressing Mode:Immediate - Operand (Value: "0x02", Address: "None")
Instruction cycle count set to 2
A |X |Y |SP |PC   |T/MT |NV-BDIZC |CYCLE
----------------------------------------
00|00|00|FE |0708 |1/2  |10100100 |12304
00|00|00|FE |0708 |2/2  |10100100 |12305


---------------
Opcode: D0
ll: F8
Old PC: 070A Offset:-8 New PC: 0702
Instruction:BNE Addressing Mode:Relative - Operand (Value: "None", Address: "0x0702")
Instruction cycle count set to 2
A |X |Y |SP |PC   |T/MT |NV-BDIZC |CYCLE
----------------------------------------
00|00|00|FE |0702 |1/3  |10100100 |12306
00|00|00|FE |0702 |2/3  |10100100 |12307
00|00|00|FE |0702 |3/3  |10100100 |12308


---------------
Opcode: 8D
ll: 00 hh: A0
Instruction:STA Addressing Mode:Absolute - Operand (Value: "0x00", Address: "0xA000")
Writing value 0x00 to address: 0xA000
0xA000: 0x00
Instruction cycle count set to 4
A |X |Y |SP |PC   |T/MT |NV-BDIZC |CYCLE
----------------------------------------
00|00|00|FE |0705 |1/4  |10100100 |12309
00|00|00|FE |0705 |2/4  |10100100 |12310
00|00|00|FE |0705 |3/4  |10100100 |12311
00|00|00|FE |0705 |4/4  |10100100 |12312


---------------
Opcode: 4A
Instruction:LSR Addressing Mode:Accumulator - Operand (Value: "0x00", Address: "None")
Instruction cycle count set to 2
A |X |Y |SP |PC   |T/MT |NV-BDIZC |CYCLE
----------------------------------------
00|00|00|FE |0706 |1/2  |00100110 |12313
00|00|00|FE |0706 |2/2  |00100110 |12314


---------------
Opcode: C9
ll: 02
Instruction:CMP Addressing Mode:Immediate - Operand (Value: "0x02", Address: "None")
Instruction cycle count set to 2
A |X |Y |SP |PC   |T/MT |NV-BDIZC |CYCLE
----------------------------------------
00|00|00|FE |0708 |1/2  |10100100 |12315
00|00|00|FE |0708 |2/2  |10100100 |12316


---------------
Opcode: D0
ll: F8
Old PC: 070A Offset:-8 New PC: 0702
Instruction:BNE Addressing Mode:Relative - Operand (Value: "None", Address: "0x0702")
Instruction cycle count set to 2
A |X |Y |SP |PC   |T/MT |NV-BDIZC |CYCLE
----------------------------------------
00|00|00|FE |0702 |1/3  |10100100 |12317
00|00|00|FE |0702 |2/3  |10100100 |12318
00|00|00|FE |0702 |3/3  |10100100 |12319


---------------
Opcode: 8D
ll: 00 hh: A0
Instruction:STA Addressing Mode:Absolute - Operand (Value: "0x00", Address: "0xA000")
Writing value 0x00 to address: 0xA000
0xA000: 0x00
Instruction cycle count set to 4
A |X |Y |SP |PC   |T/MT |NV-BDIZC |CYCLE
----------------------------------------
00|00|00|FE |0705 |1/4  |10100100 |12320
00|00|00|FE |0705 |2/4  |10100100 |12321
00|00|00|FE |0705 |3/4  |10100100 |12322
00|00|00|FE |0705 |4/4  |10100100 |12323


---------------
Opcode: 4A
Instruction:LSR Addressing Mode:Accumulator - Operand (Value: "0x00", Address: "None")
Instruction cycle count set to 2
A |X |Y |SP |PC   |T/MT |NV-BDIZC |CYCLE
----------------------------------------
00|00|00|FE |0706 |1/2  |00100110 |12324
00|00|00|FE |0706 |2/2  |00100110 |12325


---------------
Opcode: C9
ll: 02
Instruction:CMP Addressing Mode:Immediate - Operand (Value: "0x02", Address: "None")
Instruction cycle count set to 2
A |X |Y |SP |PC   |T/MT |NV-BDIZC |CYCLE
----------------------------------------
00|00|00|FE |0708 |1/2  |10100100 |12326
00|00|00|FE |0708 |2/2  |10100100 |12327


---------------
Opcode: D0
ll: F8
Old PC: 070A Offset:-8 New PC: 0702
Instruction:BNE Addressing Mode:Relative - Operand (Value: "None", Address: "0x0702")
Instruction cycle count set to 2
A |X |Y |SP |PC   |T/MT |NV-BDIZC |CYCLE
----------------------------------------
00|00|00|FE |0702 |1/3  |10100100 |12328
00|00|00|FE |0702 |2/3  |10100100 |12329
00|00|00|FE |0702 |3/3  |10100100 |12330


---------------
Opcode: 8D
ll: 00 hh: A0
Instruction:STA Addressing Mode:Absolute - Operand (Value: "0x00", Address: "0xA000")
Writing value 0x00 to address: 0xA000
0xA000: 0x00
Instruction cycle count set to 4
A |X |Y |SP |PC   |T/MT |NV-BDIZC |CYCLE
----------------------------------------
00|00|00|FE |0705 |1/4  |10100100 |12331
00|00|00|FE |0705 |2/4  |10100100 |12332
00|00|00|FE |0705 |3/4  |10100100 |12333
00|00|00|FE |0705 |4/4  |10100100 |12334


---------------
Opcode: 4A
Instruction:LSR Addressing Mode:Accumulator - Operand (Value: "0x00", Address: "None")
Instruction cycle count set to 2
A |X |Y |SP |PC   |T/MT |NV-BDIZC |CYCLE
----------------------------------------
00|00|00|FE |0706 |1/2  |00100110 |12335
00|00|00|FE |0706 |2/2  |00100110 |12336


---------------
Opcode: C9
ll: 02
Instruction:CMP Addressing Mode:Immediate - Operand (Value: "0x02", Address: "None")
Instruction cycle count set to 2
A |X |Y |SP |PC   |T/MT |NV-BDIZC |CYCLE
----------------------------------------
00|00|00|FE |0708 |1/2  |10100100 |12337
00|00|00|FE |0708 |2/2  |10100100 |12338


---------------
Opcode: D0
ll: F8
Old PC: 070A Offset:-8 New PC: 0702
Instruction:BNE Addressing Mode:Relative - Operand (Value: "None", Address: "0x0702")
Instruction cycle count set to 2
A |X |Y |SP |PC   |T/MT |NV-BDIZC |CYCLE
----------------------------------------
00|00|00|FE |0702 |1/3  |10100100 |12339
00|00|00|FE |0702 |2/3  |10100100 |12340
00|00|00|FE |0702 |3/3  |10100100 |12341


---------------
Opcode: 8D
ll: 00 hh: A0
Instruction:STA Addressing Mode:Absolute - Operand (Value: "0x00", Address: "0xA000")
Writing value 0x00 to address: 0xA000
0xA000: 0x00
Instruction cycle count set to 4
A |X |Y |SP |PC   |T/MT |NV-BDIZC |CYCLE
----------------------------------------
00|00|00|FE |0705 |1/4  |10100100 |12342
00|00|00|FE |0705 |2/4  |10100100 |12343
00|00|00|FE |0705 |3/4  |10100100 |12344
00|00|00|FE |0705 |4/4  |10100100 |12345


---------------
Opcode: 4A
Instruction:LSR Addressing Mode:Accumulator - Operand (Value: "0x00", Address: "None")
Instruction cycle count set to 2
A |X |Y |SP |PC   |T/MT |NV-BDIZC |CYCLE
----------------------------------------
00|00|00|FE |0706 |1/2  |00100110 |12346
00|00|00|FE |0706 |2/2  |00100110 |12347


---------------
Opcode: C9
ll: 02
Instruction:CMP Addressing Mode:Immediate - Operand (Value: "0x02", Address: "None")
Instruction cycle count set to 2
A |X |Y |SP |PC   |T/MT |NV-BDIZC |CYCLE
----------------------------------------
00|00|00|FE |0708 |1/2  |10100100 |12348
00|00|00|FE |0708 |2/2  |10100100 |12349


---------------
Opcode: D0
ll: F8
Old PC: 070A Offset:-8 New PC: 0702
Instruction:BNE Addressing Mode:Relative - Operand (Value: "None", Address: "0x0702")
Instruction cycle count set to 2
A |X |Y |SP |PC   |T/MT |NV-BDIZC |CYCLE
----------------------------------------
00|00|00|FE |0702 |1/3  |10100100 |12350
00|00|00|FE |0702 |2/3  |10100100 |12351
00|00|00|FE |0702 |3/3  |10100100 |12352


---------------
Opcode: 8D
ll: 00 hh: A0
Instruction:STA Addressing Mode:Absolute - Operand (Value: "0x00", Address: "0xA000")
Writing value 0x00 to address: 0xA000
0xA000: 0x00
Instruction cycle count set to 4
A |X |Y |SP |PC   |T/MT |NV-BDIZC |CYCLE
----------------------------------------
00|00|00|FE |0705 |1/4  |10100100 |12353
00|00|00|FE |0705 |2/4  |10100100 |12354
00|00|00|FE |0705 |3/4  |10100100 |12355
00|00|00|FE |0705 |4/4  |10100100 |12356


---------------
Opcode: 4A
Instruction:LSR Addressing Mode:Accumulator - Operand (Value: "0x00", Address: "None")
Instruction cycle count set to 2
A |X |Y |SP |PC   |T/MT |NV-BDIZC |CYCLE
----------------------------------------
00|00|00|FE |0706 |1/2  |00100110 |12357
00|00|00|FE |0706 |2/2  |00100110 |12358


---------------
Opcode: C9
ll: 02
Instruction:CMP Addressing Mode:Immediate - Operand (Value: "0x02", Address: "None")
Instruction cycle count set to 2
A |X |Y |SP |PC   |T/MT |NV-BDIZC |CYCLE
----------------------------------------
00|00|00|FE |0708 |1/2  |10100100 |12359
00|00|00|FE |0708 |2/2  |10100100 |12360


---------------
Opcode: D0
ll: F8
Old PC: 070A Offset:-8 New PC: 0702
Instruction:BNE Addressing Mode:Relative - Operand (Value: "None", Address: "0x0702")
Instruction cycle count set to 2
A |X |Y |SP |PC   |T/MT |NV-BDIZC |CYCLE
----------------------------------------
00|00|00|FE |0702 |1/3  |10100100 |12361
00|00|00|FE |0702 |2/3  |10100100 |12362
00|00|00|FE |0702 |3/3  |10100100 |12363


---------------
Opcode: 8D
ll: 00 hh: A0
Instruction:STA Addressing Mode:Absolute - Operand (Value: "0x00", Address: "0xA000")
Writing value 0x00 to address: 0xA000
0xA000: 0x00
Instruction cycle count set to 4
A |X |Y |SP |PC   |T/MT |NV-BDIZC |CYCLE
----------------------------------------
00|00|00|FE |0705 |1/4  |10100100 |12364
00|00|00|FE |0705 |2/4  |10100100 |12365
00|00|00|FE |0705 |3/4  |10100100 |12366
00|00|00|FE |0705 |4/4  |10100100 |12367


---------------
Opcode: 4A
Instruction:LSR Addressing Mode:Accumulator - Operand (Value: "0x00", Address: "None")
Instruction cycle count set to 2
A |X |Y |SP |PC   |T/MT |NV-BDIZC |CYCLE
----------------------------------------
00|00|00|FE |0706 |1/2  |00100110 |12368
00|00|00|FE |0706 |2/2  |00100110 |12369


---------------
Opcode: C9
ll: 02
Instruction:CMP Addressing Mode:Immediate - Operand (Value: "0x02", Address: "None")
Instruction cycle count set to 2
A |X |Y |SP |PC   |T/MT |NV-BDIZC |CYCLE
----------------------------------------
00|00|00|FE |0708 |1/2  |10100100 |12370
00|00|00|FE |0708 |2/2  |10100100 |12371


---------------
Opcode: D0
ll: F8
Old PC: 070A Offset:-8 New PC: 0702
Instruction:BNE Addressing Mode:Relative - Operand (Value: "None", Address: "0x0702")
Instruction cycle count set to 2
A |X |Y |SP |PC   |T/MT |NV-BDIZC |CYCLE
----------------------------------------
00|00|00|FE |0702 |1/3  |10100100 |12372
00|00|00|FE |0702 |2/3  |10100100 |12373
00|00|00|FE |0702 |3/3  |10100100 |12374


---------------
Opcode: 8D
ll: 00 hh: A0
Instruction:STA Addressing Mode:Absolute - Operand (Value: "0x00", Address: "0xA000")
Writing value 0x00 to address: 0xA000
0xA000: 0x00
Instruction cycle count set to 4
A |X |Y |SP |PC   |T/MT |NV-BDIZC |CYCLE
----------------------------------------
00|00|00|FE |0705 |1/4  |10100100 |12375
00|00|00|FE |0705 |2/4  |10100100 |12376
00|00|00|FE |0705 |3/4  |10100100 |12377
00|00|00|FE |0705 |4/4  |10100100 |12378


---------------
Opcode: 4A
Instruction:LSR Addressing Mode:Accumulator - Operand (Value: "0x00", Address: "None")
Instruction cycle count set to 2
A |X |Y |SP |PC   |T/MT |NV-BDIZC |CYCLE
----------------------------------------
00|00|00|FE |0706 |1/2  |00100110 |12379
00|00|00|FE |0706 |2/2  |00100110 |12380


---------------
Opcode: C9
ll: 02
Instruction:CMP Addressing Mode:Immediate - Operand (Value: "0x02", Address: "None")
Instruction cycle count set to 2
A |X |Y |SP |PC   |T/MT |NV-BDIZC |CYCLE
----------------------------------------
00|00|00|FE |0708 |1/2  |10100100 |12381
00|00|00|FE |0708 |2/2  |10100100 |12382


---------------
Opcode: D0
ll: F8
Old PC: 070A Offset:-8 New PC: 0702
Instruction:BNE Addressing Mode:Relative - Operand (Value: "None", Address: "0x0702")
Instruction cycle count set to 2
A |X |Y |SP |PC   |T/MT |NV-BDIZC |CYCLE
----------------------------------------
00|00|00|FE |0702 |1/3  |10100100 |12383
00|00|00|FE |0702 |2/3  |10100100 |12384
00|00|00|FE |0702 |3/3  |10100100 |12385


---------------
Opcode: 8D
ll: 00 hh: A0
Instruction:STA Addressing Mode:Absolute - Operand (Value: "0x00", Address: "0xA000")
Writing value 0x00 to address: 0xA000
0xA000: 0x00
Instruction cycle count set to 4
A |X |Y |SP |PC   |T/MT |NV-BDIZC |CYCLE
----------------------------------------
00|00|00|FE |0705 |1/4  |10100100 |12386
00|00|00|FE |0705 |2/4  |10100100 |12387
00|00|00|FE |0705 |3/4  |10100100 |12388
00|00|00|FE |0705 |4/4  |10100100 |12389


---------------
Opcode: 4A
Instruction:LSR Addressing Mode:Accumulator - Operand (Value: "0x00", Address: "None")
Instruction cycle count set to 2
A |X |Y |SP |PC   |T/MT |NV-BDIZC |CYCLE
----------------------------------------
00|00|00|FE |0706 |1/2  |00100110 |12390
00|00|00|FE |0706 |2/2  |00100110 |12391


---------------
Opcode: C9
ll: 02
Instruction:CMP Addressing Mode:Immediate - Operand (Value: "0x02", Address: "None")
Instruction cycle count set to 2
A |X |Y |SP |PC   |T/MT |NV-BDIZC |CYCLE
----------------------------------------
00|00|00|FE |0708 |1/2  |10100100 |12392
00|00|00|FE |0708 |2/2  |10100100 |12393


---------------
Opcode: D0
ll: F8
Old PC: 070A Offset:-8 New PC: 0702
Instruction:BNE Addressing Mode:Relative - Operand (Value: "None", Address: "0x0702")
Instruction cycle count set to 2
A |X |Y |SP |PC   |T/MT |NV-BDIZC |CYCLE
----------------------------------------
00|00|00|FE |0702 |1/3  |10100100 |12394
00|00|00|FE |0702 |2/3  |10100100 |12395
00|00|00|FE |0702 |3/3  |10100100 |12396


---------------
Opcode: 8D
ll: 00 hh: A0
Instruction:STA Addressing Mode:Absolute - Operand (Value: "0x00", Address: "0xA000")
Writing value 0x00 to address: 0xA000
0xA000: 0x00
Instruction cycle count set to 4
A |X |Y |SP |PC   |T/MT |NV-BDIZC |CYCLE
----------------------------------------
00|00|00|FE |0705 |1/4  |10100100 |12397
00|00|00|FE |0705 |2/4  |10100100 |12398
00|00|00|FE |0705 |3/4  |10100100 |12399
00|00|00|FE |0705 |4/4  |10100100 |12400


---------------
Opcode: 4A
Instruction:LSR Addressing Mode:Accumulator - Operand (Value: "0x00", Address: "None")
Instruction cycle count set to 2
A |X |Y |SP |PC   |T/MT |NV-BDIZC |CYCLE
----------------------------------------
00|00|00|FE |0706 |1/2  |00100110 |12401
00|00|00|FE |0706 |2/2  |00100110 |12402


---------------
Opcode: C9
ll: 02
Instruction:CMP Addressing Mode:Immediate - Operand (Value: "0x02", Address: "None")
Instruction cycle count set to 2
A |X |Y |SP |PC   |T/MT |NV-BDIZC |CYCLE
----------------------------------------
00|00|00|FE |0708 |1/2  |10100100 |12403
00|00|00|FE |0708 |2/2  |10100100 |12404


---------------
Opcode: D0
ll: F8
Old PC: 070A Offset:-8 New PC: 0702
Instruction:BNE Addressing Mode:Relative - Operand (Value: "None", Address: "0x0702")
Instruction cycle count set to 2
A |X |Y |SP |PC   |T/MT |NV-BDIZC |CYCLE
----------------------------------------
00|00|00|FE |0702 |1/3  |10100100 |12405
00|00|00|FE |0702 |2/3  |10100100 |12406
00|00|00|FE |0702 |3/3  |10100100 |12407


---------------
Opcode: 8D
ll: 00 hh: A0
Instruction:STA Addressing Mode:Absolute - Operand (Value: "0x00", Address: "0xA000")
Writing value 0x00 to address: 0xA000
0xA000: 0x00
Instruction cycle count set to 4
A |X |Y |SP |PC   |T/MT |NV-BDIZC |CYCLE
----------------------------------------
00|00|00|FE |0705 |1/4  |10100100 |12408
00|00|00|FE |0705 |2/4  |10100100 |12409
00|00|00|FE |0705 |3/4  |10100100 |12410
00|00|00|FE |0705 |4/4  |10100100 |12411


---------------
Opcode: 4A
Instruction:LSR Addressing Mode:Accumulator - Operand (Value: "0x00", Address: "None")
Instruction cycle count set to 2
A |X |Y |SP |PC   |T/MT |NV-BDIZC |CYCLE
----------------------------------------
00|00|00|FE |0706 |1/2  |00100110 |12412
00|00|00|FE |0706 |2/2  |00100110 |12413


---------------
Opcode: C9
ll: 02
Instruction:CMP Addressing Mode:Immediate - Operand (Value: "0x02", Address: "None")
Instruction cycle count set to 2
A |X |Y |SP |PC   |T/MT |NV-BDIZC |CYCLE
----------------------------------------
00|00|00|FE |0708 |1/2  |10100100 |12414
00|00|00|FE |0708 |2/2  |10100100 |12415


---------------
Opcode: D0
ll: F8
Old PC: 070A Offset:-8 New PC: 0702
Instruction:BNE Addressing Mode:Relative - Operand (Value: "None", Address: "0x0702")
Instruction cycle count set to 2
A |X |Y |SP |PC   |T/MT |NV-BDIZC |CYCLE
----------------------------------------
00|00|00|FE |0702 |1/3  |10100100 |12416
00|00|00|FE |0702 |2/3  |10100100 |12417
00|00|00|FE |0702 |3/3  |10100100 |12418


---------------
Opcode: 8D
ll: 00 hh: A0
Instruction:STA Addressing Mode:Absolute - Operand (Value: "0x00", Address: "0xA000")
Writing value 0x00 to address: 0xA000
0xA000: 0x00
Instruction cycle count set to 4
A |X |Y |SP |PC   |T/MT |NV-BDIZC |CYCLE
----------------------------------------
00|00|00|FE |0705 |1/4  |10100100 |12419
00|00|00|FE |0705 |2/4  |10100100 |12420
00|00|00|FE |0705 |3/4  |10100100 |12421
00|00|00|FE |0705 |4/4  |10100100 |12422


---------------
Opcode: 4A
Instruction:LSR Addressing Mode:Accumulator - Operand (Value: "0x00", Address: "None")
Instruction cycle count set to 2
A |X |Y |SP |PC   |T/MT |NV-BDIZC |CYCLE
----------------------------------------
00|00|00|FE |0706 |1/2  |00100110 |12423
00|00|00|FE |0706 |2/2  |00100110 |12424


---------------
Opcode: C9
ll: 02
Instruction:CMP Addressing Mode:Immediate - Operand (Value: "0x02", Address: "None")
Instruction cycle count set to 2
A |X |Y |SP |PC   |T/MT |NV-BDIZC |CYCLE
----------------------------------------
00|00|00|FE |0708 |1/2  |10100100 |12425
00|00|00|FE |0708 |2/2  |10100100 |12426


---------------
Opcode: D0
ll: F8
Old PC: 070A Offset:-8 New PC: 0702
Instruction:BNE Addressing Mode:Relative - Operand (Value: "None", Address: "0x0702")
Instruction cycle count set to 2
A |X |Y |SP |PC   |T/MT |NV-BDIZC |CYCLE
----------------------------------------
00|00|00|FE |0702 |1/3  |10100100 |12427
00|00|00|FE |0702 |2/3  |10100100 |12428
00|00|00|FE |0702 |3/3  |10100100 |12429


---------------
Opcode: 8D
ll: 00 hh: A0
Instruction:STA Addressing Mode:Absolute - Operand (Value: "0x00", Address: "0xA000")
Writing value 0x00 to address: 0xA000
0xA000: 0x00
Instruction cycle count set to 4
A |X |Y |SP |PC   |T/MT |NV-BDIZC |CYCLE
----------------------------------------
00|00|00|FE |0705 |1/4  |10100100 |12430
00|00|00|FE |0705 |2/4  |10100100 |12431
00|00|00|FE |0705 |3/4  |10100100 |12432
00|00|00|FE |0705 |4/4  |10100100 |12433


---------------
Opcode: 4A
Instruction:LSR Addressing Mode:Accumulator - Operand (Value: "0x00", Address: "None")
Instruction cycle count set to 2
A |X |Y |SP |PC   |T/MT |NV-BDIZC |CYCLE
----------------------------------------
00|00|00|FE |0706 |1/2  |00100110 |12434
00|00|00|FE |0706 |2/2  |00100110 |12435


---------------
Opcode: C9
ll: 02
Instruction:CMP Addressing Mode:Immediate - Operand (Value: "0x02", Address: "None")
Instruction cycle count set to 2
A |X |Y |SP |PC   |T/MT |NV-BDIZC |CYCLE
----------------------------------------
00|00|00|FE |0708 |1/2  |10100100 |12436
00|00|00|FE |0708 |2/2  |10100100 |12437


---------------
Opcode: D0
ll: F8
Old PC: 070A Offset:-8 New PC: 0702
Instruction:BNE Addressing Mode:Relative - Operand (Value: "None", Address: "0x0702")
Instruction cycle count set to 2
A |X |Y |SP |PC   |T/MT |NV-BDIZC |CYCLE
----------------------------------------
00|00|00|FE |0702 |1/3  |10100100 |12438
00|00|00|FE |0702 |2/3  |10100100 |12439
00|00|00|FE |0702 |3/3  |10100100 |12440


---------------
Opcode: 8D
ll: 00 hh: A0
Instruction:STA Addressing Mode:Absolute - Operand (Value: "0x00", Address: "0xA000")
Writing value 0x00 to address: 0xA000
0xA000: 0x00
Instruction cycle count set to 4
A |X |Y |SP |PC   |T/MT |NV-BDIZC |CYCLE
----------------------------------------
00|00|00|FE |0705 |1/4  |10100100 |12441
00|00|00|FE |0705 |2/4  |10100100 |12442
00|00|00|FE |0705 |3/4  |10100100 |12443
00|00|00|FE |0705 |4/4  |10100100 |12444


---------------
Opcode: 4A
Instruction:LSR Addressing Mode:Accumulator - Operand (Value: "0x00", Address: "None")
Instruction cycle count set to 2
A |X |Y |SP |PC   |T/MT |NV-BDIZC |CYCLE
----------------------------------------
00|00|00|FE |0706 |1/2  |00100110 |12445
00|00|00|FE |0706 |2/2  |00100110 |12446


---------------
Opcode: C9
ll: 02
Instruction:CMP Addressing Mode:Immediate - Operand (Value: "0x02", Address: "None")
Instruction cycle count set to 2
A |X |Y |SP |PC   |T/MT |NV-BDIZC |CYCLE
----------------------------------------
00|00|00|FE |0708 |1/2  |10100100 |12447
00|00|00|FE |0708 |2/2  |10100100 |12448


---------------
Opcode: D0
ll: F8
Old PC: 070A Offset:-8 New PC: 0702
Instruction:BNE Addressing Mode:Relative - Operand (Value: "None", Address: "0x0702")
Instruction cycle count set to 2
A |X |Y |SP |PC   |T/MT |NV-BDIZC |CYCLE
----------------------------------------
00|00|00|FE |0702 |1/3  |10100100 |12449
00|00|00|FE |0702 |2/3  |10100100 |12450
00|00|00|FE |0702 |3/3  |10100100 |12451


---------------
Opcode: 8D
ll: 00 hh: A0
Instruction:STA Addressing Mode:Absolute - Operand (Value: "0x00", Address: "0xA000")
Writing value 0x00 to address: 0xA000
0xA000: 0x00
Instruction cycle count set to 4
A |X |Y |SP |PC   |T/MT |NV-BDIZC |CYCLE
----------------------------------------
00|00|00|FE |0705 |1/4  |10100100 |12452
00|00|00|FE |0705 |2/4  |10100100 |12453
00|00|00|FE |0705 |3/4  |10100100 |12454
00|00|00|FE |0705 |4/4  |10100100 |12455


---------------
Opcode: 4A
Instruction:LSR Addressing Mode:Accumulator - Operand (Value: "0x00", Address: "None")
Instruction cycle count set to 2
A |X |Y |SP |PC   |T/MT |NV-BDIZC |CYCLE
----------------------------------------
00|00|00|FE |0706 |1/2  |00100110 |12456
00|00|00|FE |0706 |2/2  |00100110 |12457


---------------
Opcode: C9
ll: 02
Instruction:CMP Addressing Mode:Immediate - Operand (Value: "0x02", Address: "None")
Instruction cycle count set to 2
A |X |Y |SP |PC   |T/MT |NV-BDIZC |CYCLE
----------------------------------------
00|00|00|FE |0708 |1/2  |10100100 |12458
00|00|00|FE |0708 |2/2  |10100100 |12459


---------------
Opcode: D0
ll: F8
Old PC: 070A Offset:-8 New PC: 0702
Instruction:BNE Addressing Mode:Relative - Operand (Value: "None", Address: "0x0702")
Instruction cycle count set to 2
A |X |Y |SP |PC   |T/MT |NV-BDIZC |CYCLE
----------------------------------------
00|00|00|FE |0702 |1/3  |10100100 |12460
00|00|00|FE |0702 |2/3  |10100100 |12461
00|00|00|FE |0702 |3/3  |10100100 |12462


---------------
Opcode: 8D
ll: 00 hh: A0
Instruction:STA Addressing Mode:Absolute - Operand (Value: "0x00", Address: "0xA000")
Writing value 0x00 to address: 0xA000
0xA000: 0x00
Instruction cycle count set to 4
A |X |Y |SP |PC   |T/MT |NV-BDIZC |CYCLE
----------------------------------------
00|00|00|FE |0705 |1/4  |10100100 |12463
00|00|00|FE |0705 |2/4  |10100100 |12464
00|00|00|FE |0705 |3/4  |10100100 |12465
00|00|00|FE |0705 |4/4  |10100100 |12466


---------------
Opcode: 4A
Instruction:LSR Addressing Mode:Accumulator - Operand (Value: "0x00", Address: "None")
Instruction cycle count set to 2
A |X |Y |SP |PC   |T/MT |NV-BDIZC |CYCLE
----------------------------------------
00|00|00|FE |0706 |1/2  |00100110 |12467
00|00|00|FE |0706 |2/2  |00100110 |12468


---------------
Opcode: C9
ll: 02
Instruction:CMP Addressing Mode:Immediate - Operand (Value: "0x02", Address: "None")
Instruction cycle count set to 2
A |X |Y |SP |PC   |T/MT |NV-BDIZC |CYCLE
----------------------------------------
00|00|00|FE |0708 |1/2  |10100100 |12469
00|00|00|FE |0708 |2/2  |10100100 |12470


---------------
Opcode: D0
ll: F8
Old PC: 070A Offset:-8 New PC: 0702
Instruction:BNE Addressing Mode:Relative - Operand (Value: "None", Address: "0x0702")
Instruction cycle count set to 2
A |X |Y |SP |PC   |T/MT |NV-BDIZC |CYCLE
----------------------------------------
00|00|00|FE |0702 |1/3  |10100100 |12471
00|00|00|FE |0702 |2/3  |10100100 |12472
00|00|00|FE |0702 |3/3  |10100100 |12473


---------------
Opcode: 8D
ll: 00 hh: A0
Instruction:STA Addressing Mode:Absolute - Operand (Value: "0x00", Address: "0xA000")
Writing value 0x00 to address: 0xA000
0xA000: 0x00
Instruction cycle count set to 4
A |X |Y |SP |PC   |T/MT |NV-BDIZC |CYCLE
----------------------------------------
00|00|00|FE |0705 |1/4  |10100100 |12474
00|00|00|FE |0705 |2/4  |10100100 |12475
00|00|00|FE |0705 |3/4  |10100100 |12476
00|00|00|FE |0705 |4/4  |10100100 |12477


---------------
Opcode: 4A
Instruction:LSR Addressing Mode:Accumulator - Operand (Value: "0x00", Address: "None")
Instruction cycle count set to 2
A |X |Y |SP |PC   |T/MT |NV-BDIZC |CYCLE
----------------------------------------
00|00|00|FE |0706 |1/2  |00100110 |12478
00|00|00|FE |0706 |2/2  |00100110 |12479


---------------
Opcode: C9
ll: 02
Instruction:CMP Addressing Mode:Immediate - Operand (Value: "0x02", Address: "None")
Instruction cycle count set to 2
A |X |Y |SP |PC   |T/MT |NV-BDIZC |CYCLE
----------------------------------------
00|00|00|FE |0708 |1/2  |10100100 |12480
00|00|00|FE |0708 |2/2  |10100100 |12481


---------------
Opcode: D0
ll: F8
Old PC: 070A Offset:-8 New PC: 0702
Instruction:BNE Addressing Mode:Relative - Operand (Value: "None", Address: "0x0702")
Instruction cycle count set to 2
A |X |Y |SP |PC   |T/MT |NV-BDIZC |CYCLE
----------------------------------------
00|00|00|FE |0702 |1/3  |10100100 |12482
00|00|00|FE |0702 |2/3  |10100100 |12483
00|00|00|FE |0702 |3/3  |10100100 |12484


---------------
Opcode: 8D
ll: 00 hh: A0
Instruction:STA Addressing Mode:Absolute - Operand (Value: "0x00", Address: "0xA000")
Writing value 0x00 to address: 0xA000
0xA000: 0x00
Instruction cycle count set to 4
A |X |Y |SP |PC   |T/MT |NV-BDIZC |CYCLE
----------------------------------------
00|00|00|FE |0705 |1/4  |10100100 |12485
00|00|00|FE |0705 |2/4  |10100100 |12486
00|00|00|FE |0705 |3/4  |10100100 |12487
00|00|00|FE |0705 |4/4  |10100100 |12488


---------------
Opcode: 4A
Instruction:LSR Addressing Mode:Accumulator - Operand (Value: "0x00", Address: "None")
Instruction cycle count set to 2
A |X |Y |SP |PC   |T/MT |NV-BDIZC |CYCLE
----------------------------------------
00|00|00|FE |0706 |1/2  |00100110 |12489
00|00|00|FE |0706 |2/2  |00100110 |12490


---------------
Opcode: C9
ll: 02
Instruction:CMP Addressing Mode:Immediate - Operand (Value: "0x02", Address: "None")
Instruction cycle count set to 2
A |X |Y |SP |PC   |T/MT |NV-BDIZC |CYCLE
----------------------------------------
00|00|00|FE |0708 |1/2  |10100100 |12491
00|00|00|FE |0708 |2/2  |10100100 |12492


---------------
Opcode: D0
ll: F8
Old PC: 070A Offset:-8 New PC: 0702
Instruction:BNE Addressing Mode:Relative - Operand (Value: "None", Address: "0x0702")
Instruction cycle count set to 2
A |X |Y |SP |PC   |T/MT |NV-BDIZC |CYCLE
----------------------------------------
00|00|00|FE |0702 |1/3  |10100100 |12493
00|00|00|FE |0702 |2/3  |10100100 |12494
00|00|00|FE |0702 |3/3  |10100100 |12495


---------------
Opcode: 8D
ll: 00 hh: A0
Instruction:STA Addressing Mode:Absolute - Operand (Value: "0x00", Address: "0xA000")
Writing value 0x00 to address: 0xA000
0xA000: 0x00
Instruction cycle count set to 4
A |X |Y |SP |PC   |T/MT |NV-BDIZC |CYCLE
----------------------------------------
00|00|00|FE |0705 |1/4  |10100100 |12496
00|00|00|FE |0705 |2/4  |10100100 |12497
00|00|00|FE |0705 |3/4  |10100100 |12498
00|00|00|FE |0705 |4/4  |10100100 |12499


---------------
Opcode: 4A
Instruction:LSR Addressing Mode:Accumulator - Operand (Value: "0x00", Address: "None")
Instruction cycle count set to 2
A |X |Y |SP |PC   |T/MT |NV-BDIZC |CYCLE
----------------------------------------
00|00|00|FE |0706 |1/2  |00100110 |12500
00|00|00|FE |0706 |2/2  |00100110 |12501


---------------
Opcode: C9
ll: 02
Instruction:CMP Addressing Mode:Immediate - Operand (Value: "0x02", Address: "None")
Instruction cycle count set to 2
A |X |Y |SP |PC   |T/MT |NV-BDIZC |CYCLE
----------------------------------------
00|00|00|FE |0708 |1/2  |10100100 |12502
00|00|00|FE |0708 |2/2  |10100100 |12503


---------------
Opcode: D0
ll: F8
Old PC: 070A Offset:-8 New PC: 0702
Instruction:BNE Addressing Mode:Relative - Operand (Value: "None", Address: "0x0702")
Instruction cycle count set to 2
A |X |Y |SP |PC   |T/MT |NV-BDIZC |CYCLE
----------------------------------------
00|00|00|FE |0702 |1/3  |10100100 |12504
00|00|00|FE |0702 |2/3  |10100100 |12505
00|00|00|FE |0702 |3/3  |10100100 |12506


---------------
Opcode: 8D
ll: 00 hh: A0
Instruction:STA Addressing Mode:Absolute - Operand (Value: "0x00", Address: "0xA000")
Writing value 0x00 to address: 0xA000
0xA000: 0x00
Instruction cycle count set to 4
A |X |Y |SP |PC   |T/MT |NV-BDIZC |CYCLE
----------------------------------------
00|00|00|FE |0705 |1/4  |10100100 |12507
00|00|00|FE |0705 |2/4  |10100100 |12508
00|00|00|FE |0705 |3/4  |10100100 |12509
00|00|00|FE |0705 |4/4  |10100100 |12510


---------------
Opcode: 4A
Instruction:LSR Addressing Mode:Accumulator - Operand (Value: "0x00", Address: "None")
Instruction cycle count set to 2
A |X |Y |SP |PC   |T/MT |NV-BDIZC |CYCLE
----------------------------------------
00|00|00|FE |0706 |1/2  |00100110 |12511
00|00|00|FE |0706 |2/2  |00100110 |12512


---------------
Opcode: C9
ll: 02
Instruction:CMP Addressing Mode:Immediate - Operand (Value: "0x02", Address: "None")
Instruction cycle count set to 2
A |X |Y |SP |PC   |T/MT |NV-BDIZC |CYCLE
----------------------------------------
00|00|00|FE |0708 |1/2  |10100100 |12513
00|00|00|FE |0708 |2/2  |10100100 |12514


---------------
Opcode: D0
ll: F8
Old PC: 070A Offset:-8 New PC: 0702
Instruction:BNE Addressing Mode:Relative - Operand (Value: "None", Address: "0x0702")
Instruction cycle count set to 2
A |X |Y |SP |PC   |T/MT |NV-BDIZC |CYCLE
----------------------------------------
00|00|00|FE |0702 |1/3  |10100100 |12515
00|00|00|FE |0702 |2/3  |10100100 |12516
00|00|00|FE |0702 |3/3  |10100100 |12517


---------------
Opcode: 8D
ll: 00 hh: A0
Instruction:STA Addressing Mode:Absolute - Operand (Value: "0x00", Address: "0xA000")
Writing value 0x00 to address: 0xA000
0xA000: 0x00
Instruction cycle count set to 4
A |X |Y |SP |PC   |T/MT |NV-BDIZC |CYCLE
----------------------------------------
00|00|00|FE |0705 |1/4  |10100100 |12518
00|00|00|FE |0705 |2/4  |10100100 |12519
00|00|00|FE |0705 |3/4  |10100100 |12520
00|00|00|FE |0705 |4/4  |10100100 |12521


---------------
Opcode: 4A
Instruction:LSR Addressing Mode:Accumulator - Operand (Value: "0x00", Address: "None")
Instruction cycle count set to 2
A |X |Y |SP |PC   |T/MT |NV-BDIZC |CYCLE
----------------------------------------
00|00|00|FE |0706 |1/2  |00100110 |12522
00|00|00|FE |0706 |2/2  |00100110 |12523


---------------
Opcode: C9
ll: 02
Instruction:CMP Addressing Mode:Immediate - Operand (Value: "0x02", Address: "None")
Instruction cycle count set to 2
A |X |Y |SP |PC   |T/MT |NV-BDIZC |CYCLE
----------------------------------------
00|00|00|FE |0708 |1/2  |10100100 |12524
00|00|00|FE |0708 |2/2  |10100100 |12525


---------------
Opcode: D0
ll: F8
Old PC: 070A Offset:-8 New PC: 0702
Instruction:BNE Addressing Mode:Relative - Operand (Value: "None", Address: "0x0702")
Instruction cycle count set to 2
A |X |Y |SP |PC   |T/MT |NV-BDIZC |CYCLE
----------------------------------------
00|00|00|FE |0702 |1/3  |10100100 |12526
00|00|00|FE |0702 |2/3  |10100100 |12527
00|00|00|FE |0702 |3/3  |10100100 |12528


---------------
Opcode: 8D
ll: 00 hh: A0
Instruction:STA Addressing Mode:Absolute - Operand (Value: "0x00", Address: "0xA000")
Writing value 0x00 to address: 0xA000
0xA000: 0x00
Instruction cycle count set to 4
A |X |Y |SP |PC   |T/MT |NV-BDIZC |CYCLE
----------------------------------------
00|00|00|FE |0705 |1/4  |10100100 |12529
00|00|00|FE |0705 |2/4  |10100100 |12530
00|00|00|FE |0705 |3/4  |10100100 |12531
00|00|00|FE |0705 |4/4  |10100100 |12532


---------------
Opcode: 4A
Instruction:LSR Addressing Mode:Accumulator - Operand (Value: "0x00", Address: "None")
Instruction cycle count set to 2
A |X |Y |SP |PC   |T/MT |NV-BDIZC |CYCLE
----------------------------------------
00|00|00|FE |0706 |1/2  |00100110 |12533
00|00|00|FE |0706 |2/2  |00100110 |12534


---------------
Opcode: C9
ll: 02
Instruction:CMP Addressing Mode:Immediate - Operand (Value: "0x02", Address: "None")
Instruction cycle count set to 2
A |X |Y |SP |PC   |T/MT |NV-BDIZC |CYCLE
----------------------------------------
00|00|00|FE |0708 |1/2  |10100100 |12535
00|00|00|FE |0708 |2/2  |10100100 |12536


---------------
Opcode: D0
ll: F8
Old PC: 070A Offset:-8 New PC: 0702
Instruction:BNE Addressing Mode:Relative - Operand (Value: "None", Address: "0x0702")
Instruction cycle count set to 2
A |X |Y |SP |PC   |T/MT |NV-BDIZC |CYCLE
----------------------------------------
00|00|00|FE |0702 |1/3  |10100100 |12537
00|00|00|FE |0702 |2/3  |10100100 |12538
00|00|00|FE |0702 |3/3  |10100100 |12539


---------------
Opcode: 8D
ll: 00 hh: A0
Instruction:STA Addressing Mode:Absolute - Operand (Value: "0x00", Address: "0xA000")
Writing value 0x00 to address: 0xA000
0xA000: 0x00
Instruction cycle count set to 4
A |X |Y |SP |PC   |T/MT |NV-BDIZC |CYCLE
----------------------------------------
00|00|00|FE |0705 |1/4  |10100100 |12540
00|00|00|FE |0705 |2/4  |10100100 |12541
00|00|00|FE |0705 |3/4  |10100100 |12542
00|00|00|FE |0705 |4/4  |10100100 |12543


---------------
Opcode: 4A
Instruction:LSR Addressing Mode:Accumulator - Operand (Value: "0x00", Address: "None")
Instruction cycle count set to 2
A |X |Y |SP |PC   |T/MT |NV-BDIZC |CYCLE
----------------------------------------
00|00|00|FE |0706 |1/2  |00100110 |12544
00|00|00|FE |0706 |2/2  |00100110 |12545


---------------
Opcode: C9
ll: 02
Instruction:CMP Addressing Mode:Immediate - Operand (Value: "0x02", Address: "None")
Instruction cycle count set to 2
A |X |Y |SP |PC   |T/MT |NV-BDIZC |CYCLE
----------------------------------------
00|00|00|FE |0708 |1/2  |10100100 |12546
00|00|00|FE |0708 |2/2  |10100100 |12547


---------------
Opcode: D0
ll: F8
Old PC: 070A Offset:-8 New PC: 0702
Instruction:BNE Addressing Mode:Relative - Operand (Value: "None", Address: "0x0702")
Instruction cycle count set to 2
A |X |Y |SP |PC   |T/MT |NV-BDIZC |CYCLE
----------------------------------------
00|00|00|FE |0702 |1/3  |10100100 |12548
00|00|00|FE |0702 |2/3  |10100100 |12549
00|00|00|FE |0702 |3/3  |10100100 |12550


---------------
Opcode: 8D
ll: 00 hh: A0
Instruction:STA Addressing Mode:Absolute - Operand (Value: "0x00", Address: "0xA000")
Writing value 0x00 to address: 0xA000
0xA000: 0x00
Instruction cycle count set to 4
A |X |Y |SP |PC   |T/MT |NV-BDIZC |CYCLE
----------------------------------------
00|00|00|FE |0705 |1/4  |10100100 |12551
00|00|00|FE |0705 |2/4  |10100100 |12552
00|00|00|FE |0705 |3/4  |10100100 |12553
00|00|00|FE |0705 |4/4  |10100100 |12554


---------------
Opcode: 4A
Instruction:LSR Addressing Mode:Accumulator - Operand (Value: "0x00", Address: "None")
Instruction cycle count set to 2
A |X |Y |SP |PC   |T/MT |NV-BDIZC |CYCLE
----------------------------------------
00|00|00|FE |0706 |1/2  |00100110 |12555
00|00|00|FE |0706 |2/2  |00100110 |12556


---------------
Opcode: C9
ll: 02
Instruction:CMP Addressing Mode:Immediate - Operand (Value: "0x02", Address: "None")
Instruction cycle count set to 2
A |X |Y |SP |PC   |T/MT |NV-BDIZC |CYCLE
----------------------------------------
00|00|00|FE |0708 |1/2  |10100100 |12557
00|00|00|FE |0708 |2/2  |10100100 |12558


---------------
Opcode: D0
ll: F8
Old PC: 070A Offset:-8 New PC: 0702
Instruction:BNE Addressing Mode:Relative - Operand (Value: "None", Address: "0x0702")
Instruction cycle count set to 2
A |X |Y |SP |PC   |T/MT |NV-BDIZC |CYCLE
----------------------------------------
00|00|00|FE |0702 |1/3  |10100100 |12559
00|00|00|FE |0702 |2/3  |10100100 |12560
00|00|00|FE |0702 |3/3  |10100100 |12561


---------------
Opcode: 8D
ll: 00 hh: A0
Instruction:STA Addressing Mode:Absolute - Operand (Value: "0x00", Address: "0xA000")
Writing value 0x00 to address: 0xA000
0xA000: 0x00
Instruction cycle count set to 4
A |X |Y |SP |PC   |T/MT |NV-BDIZC |CYCLE
----------------------------------------
00|00|00|FE |0705 |1/4  |10100100 |12562
00|00|00|FE |0705 |2/4  |10100100 |12563
00|00|00|FE |0705 |3/4  |10100100 |12564
00|00|00|FE |0705 |4/4  |10100100 |12565


---------------
Opcode: 4A
Instruction:LSR Addressing Mode:Accumulator - Operand (Value: "0x00", Address: "None")
Instruction cycle count set to 2
A |X |Y |SP |PC   |T/MT |NV-BDIZC |CYCLE
----------------------------------------
00|00|00|FE |0706 |1/2  |00100110 |12566
00|00|00|FE |0706 |2/2  |00100110 |12567


---------------
Opcode: C9
ll: 02
Instruction:CMP Addressing Mode:Immediate - Operand (Value: "0x02", Address: "None")
Instruction cycle count set to 2
A |X |Y |SP |PC   |T/MT |NV-BDIZC |CYCLE
----------------------------------------
00|00|00|FE |0708 |1/2  |10100100 |12568
00|00|00|FE |0708 |2/2  |10100100 |12569


---------------
Opcode: D0
ll: F8
Old PC: 070A Offset:-8 New PC: 0702
Instruction:BNE Addressing Mode:Relative - Operand (Value: "None", Address: "0x0702")
Instruction cycle count set to 2
A |X |Y |SP |PC   |T/MT |NV-BDIZC |CYCLE
----------------------------------------
00|00|00|FE |0702 |1/3  |10100100 |12570
00|00|00|FE |0702 |2/3  |10100100 |12571
00|00|00|FE |0702 |3/3  |10100100 |12572


---------------
Opcode: 8D
ll: 00 hh: A0
Instruction:STA Addressing Mode:Absolute - Operand (Value: "0x00", Address: "0xA000")
Writing value 0x00 to address: 0xA000
0xA000: 0x00
Instruction cycle count set to 4
A |X |Y |SP |PC   |T/MT |NV-BDIZC |CYCLE
----------------------------------------
00|00|00|FE |0705 |1/4  |10100100 |12573
00|00|00|FE |0705 |2/4  |10100100 |12574
00|00|00|FE |0705 |3/4  |10100100 |12575
00|00|00|FE |0705 |4/4  |10100100 |12576


---------------
Opcode: 4A
Instruction:LSR Addressing Mode:Accumulator - Operand (Value: "0x00", Address: "None")
Instruction cycle count set to 2
A |X |Y |SP |PC   |T/MT |NV-BDIZC |CYCLE
----------------------------------------
00|00|00|FE |0706 |1/2  |00100110 |12577
00|00|00|FE |0706 |2/2  |00100110 |12578


---------------
Opcode: C9
ll: 02
Instruction:CMP Addressing Mode:Immediate - Operand (Value: "0x02", Address: "None")
Instruction cycle count set to 2
A |X |Y |SP |PC   |T/MT |NV-BDIZC |CYCLE
----------------------------------------
00|00|00|FE |0708 |1/2  |10100100 |12579
00|00|00|FE |0708 |2/2  |10100100 |12580


---------------
Opcode: D0
ll: F8
Old PC: 070A Offset:-8 New PC: 0702
Instruction:BNE Addressing Mode:Relative - Operand (Value: "None", Address: "0x0702")
Instruction cycle count set to 2
A |X |Y |SP |PC   |T/MT |NV-BDIZC |CYCLE
----------------------------------------
00|00|00|FE |0702 |1/3  |10100100 |12581
00|00|00|FE |0702 |2/3  |10100100 |12582
00|00|00|FE |0702 |3/3  |10100100 |12583


---------------
Opcode: 8D
ll: 00 hh: A0
Instruction:STA Addressing Mode:Absolute - Operand (Value: "0x00", Address: "0xA000")
Writing value 0x00 to address: 0xA000
0xA000: 0x00
Instruction cycle count set to 4
A |X |Y |SP |PC   |T/MT |NV-BDIZC |CYCLE
----------------------------------------
00|00|00|FE |0705 |1/4  |10100100 |12584
00|00|00|FE |0705 |2/4  |10100100 |12585
00|00|00|FE |0705 |3/4  |10100100 |12586
00|00|00|FE |0705 |4/4  |10100100 |12587


---------------
Opcode: 4A
Instruction:LSR Addressing Mode:Accumulator - Operand (Value: "0x00", Address: "None")
Instruction cycle count set to 2
A |X |Y |SP |PC   |T/MT |NV-BDIZC |CYCLE
----------------------------------------
00|00|00|FE |0706 |1/2  |00100110 |12588
00|00|00|FE |0706 |2/2  |00100110 |12589


---------------
Opcode: C9
ll: 02
Instruction:CMP Addressing Mode:Immediate - Operand (Value: "0x02", Address: "None")
Instruction cycle count set to 2
A |X |Y |SP |PC   |T/MT |NV-BDIZC |CYCLE
----------------------------------------
00|00|00|FE |0708 |1/2  |10100100 |12590
00|00|00|FE |0708 |2/2  |10100100 |12591


---------------
Opcode: D0
ll: F8
Old PC: 070A Offset:-8 New PC: 0702
Instruction:BNE Addressing Mode:Relative - Operand (Value: "None", Address: "0x0702")
Instruction cycle count set to 2
A |X |Y |SP |PC   |T/MT |NV-BDIZC |CYCLE
----------------------------------------
00|00|00|FE |0702 |1/3  |10100100 |12592
00|00|00|FE |0702 |2/3  |10100100 |12593
00|00|00|FE |0702 |3/3  |10100100 |12594


---------------
Opcode: 8D
ll: 00 hh: A0
Instruction:STA Addressing Mode:Absolute - Operand (Value: "0x00", Address: "0xA000")
Writing value 0x00 to address: 0xA000
0xA000: 0x00
Instruction cycle count set to 4
A |X |Y |SP |PC   |T/MT |NV-BDIZC |CYCLE
----------------------------------------
00|00|00|FE |0705 |1/4  |10100100 |12595
00|00|00|FE |0705 |2/4  |10100100 |12596
00|00|00|FE |0705 |3/4  |10100100 |12597
00|00|00|FE |0705 |4/4  |10100100 |12598


---------------
Opcode: 4A
Instruction:LSR Addressing Mode:Accumulator - Operand (Value: "0x00", Address: "None")
Instruction cycle count set to 2
A |X |Y |SP |PC   |T/MT |NV-BDIZC |CYCLE
----------------------------------------
00|00|00|FE |0706 |1/2  |00100110 |12599
00|00|00|FE |0706 |2/2  |00100110 |12600


---------------
Opcode: C9
ll: 02
Instruction:CMP Addressing Mode:Immediate - Operand (Value: "0x02", Address: "None")
Instruction cycle count set to 2
A |X |Y |SP |PC   |T/MT |NV-BDIZC |CYCLE
----------------------------------------
00|00|00|FE |0708 |1/2  |10100100 |12601
00|00|00|FE |0708 |2/2  |10100100 |12602


---------------
Opcode: D0
ll: F8
Old PC: 070A Offset:-8 New PC: 0702
Instruction:BNE Addressing Mode:Relative - Operand (Value: "None", Address: "0x0702")
Instruction cycle count set to 2
A |X |Y |SP |PC   |T/MT |NV-BDIZC |CYCLE
----------------------------------------
00|00|00|FE |0702 |1/3  |10100100 |12603
00|00|00|FE |0702 |2/3  |10100100 |12604
00|00|00|FE |0702 |3/3  |10100100 |12605


---------------
Opcode: 8D
ll: 00 hh: A0
Instruction:STA Addressing Mode:Absolute - Operand (Value: "0x00", Address: "0xA000")
Writing value 0x00 to address: 0xA000
0xA000: 0x00
Instruction cycle count set to 4
A |X |Y |SP |PC   |T/MT |NV-BDIZC |CYCLE
----------------------------------------
00|00|00|FE |0705 |1/4  |10100100 |12606
00|00|00|FE |0705 |2/4  |10100100 |12607
00|00|00|FE |0705 |3/4  |10100100 |12608
00|00|00|FE |0705 |4/4  |10100100 |12609


---------------
Opcode: 4A
Instruction:LSR Addressing Mode:Accumulator - Operand (Value: "0x00", Address: "None")
Instruction cycle count set to 2
A |X |Y |SP |PC   |T/MT |NV-BDIZC |CYCLE
----------------------------------------
00|00|00|FE |0706 |1/2  |00100110 |12610
00|00|00|FE |0706 |2/2  |00100110 |12611


---------------
Opcode: C9
ll: 02
Instruction:CMP Addressing Mode:Immediate - Operand (Value: "0x02", Address: "None")
Instruction cycle count set to 2
A |X |Y |SP |PC   |T/MT |NV-BDIZC |CYCLE
----------------------------------------
00|00|00|FE |0708 |1/2  |10100100 |12612
00|00|00|FE |0708 |2/2  |10100100 |12613


---------------
Opcode: D0
ll: F8
Old PC: 070A Offset:-8 New PC: 0702
Instruction:BNE Addressing Mode:Relative - Operand (Value: "None", Address: "0x0702")
Instruction cycle count set to 2
A |X |Y |SP |PC   |T/MT |NV-BDIZC |CYCLE
----------------------------------------
00|00|00|FE |0702 |1/3  |10100100 |12614
00|00|00|FE |0702 |2/3  |10100100 |12615
00|00|00|FE |0702 |3/3  |10100100 |12616


---------------
Opcode: 8D
ll: 00 hh: A0
Instruction:STA Addressing Mode:Absolute - Operand (Value: "0x00", Address: "0xA000")
Writing value 0x00 to address: 0xA000
0xA000: 0x00
Instruction cycle count set to 4
A |X |Y |SP |PC   |T/MT |NV-BDIZC |CYCLE
----------------------------------------
00|00|00|FE |0705 |1/4  |10100100 |12617
00|00|00|FE |0705 |2/4  |10100100 |12618
00|00|00|FE |0705 |3/4  |10100100 |12619
00|00|00|FE |0705 |4/4  |10100100 |12620


---------------
Opcode: 4A
Instruction:LSR Addressing Mode:Accumulator - Operand (Value: "0x00", Address: "None")
Instruction cycle count set to 2
A |X |Y |SP |PC   |T/MT |NV-BDIZC |CYCLE
----------------------------------------
00|00|00|FE |0706 |1/2  |00100110 |12621
00|00|00|FE |0706 |2/2  |00100110 |12622


---------------
Opcode: C9
ll: 02
Instruction:CMP Addressing Mode:Immediate - Operand (Value: "0x02", Address: "None")
Instruction cycle count set to 2
A |X |Y |SP |PC   |T/MT |NV-BDIZC |CYCLE
----------------------------------------
00|00|00|FE |0708 |1/2  |10100100 |12623
00|00|00|FE |0708 |2/2  |10100100 |12624


---------------
Opcode: D0
ll: F8
Old PC: 070A Offset:-8 New PC: 0702
Instruction:BNE Addressing Mode:Relative - Operand (Value: "None", Address: "0x0702")
Instruction cycle count set to 2
A |X |Y |SP |PC   |T/MT |NV-BDIZC |CYCLE
----------------------------------------
00|00|00|FE |0702 |1/3  |10100100 |12625
00|00|00|FE |0702 |2/3  |10100100 |12626
00|00|00|FE |0702 |3/3  |10100100 |12627


---------------
Opcode: 8D
ll: 00 hh: A0
Instruction:STA Addressing Mode:Absolute - Operand (Value: "0x00", Address: "0xA000")
Writing value 0x00 to address: 0xA000
0xA000: 0x00
Instruction cycle count set to 4
A |X |Y |SP |PC   |T/MT |NV-BDIZC |CYCLE
----------------------------------------
00|00|00|FE |0705 |1/4  |10100100 |12628
00|00|00|FE |0705 |2/4  |10100100 |12629
00|00|00|FE |0705 |3/4  |10100100 |12630
00|00|00|FE |0705 |4/4  |10100100 |12631


---------------
Opcode: 4A
Instruction:LSR Addressing Mode:Accumulator - Operand (Value: "0x00", Address: "None")
Instruction cycle count set to 2
A |X |Y |SP |PC   |T/MT |NV-BDIZC |CYCLE
----------------------------------------
00|00|00|FE |0706 |1/2  |00100110 |12632
00|00|00|FE |0706 |2/2  |00100110 |12633


---------------
Opcode: C9
ll: 02
Instruction:CMP Addressing Mode:Immediate - Operand (Value: "0x02", Address: "None")
Instruction cycle count set to 2
A |X |Y |SP |PC   |T/MT |NV-BDIZC |CYCLE
----------------------------------------
00|00|00|FE |0708 |1/2  |10100100 |12634
00|00|00|FE |0708 |2/2  |10100100 |12635


---------------
Opcode: D0
ll: F8
Old PC: 070A Offset:-8 New PC: 0702
Instruction:BNE Addressing Mode:Relative - Operand (Value: "None", Address: "0x0702")
Instruction cycle count set to 2
A |X |Y |SP |PC   |T/MT |NV-BDIZC |CYCLE
----------------------------------------
00|00|00|FE |0702 |1/3  |10100100 |12636
00|00|00|FE |0702 |2/3  |10100100 |12637
00|00|00|FE |0702 |3/3  |10100100 |12638


---------------
Opcode: 8D
ll: 00 hh: A0
Instruction:STA Addressing Mode:Absolute - Operand (Value: "0x00", Address: "0xA000")
Writing value 0x00 to address: 0xA000
0xA000: 0x00
Instruction cycle count set to 4
A |X |Y |SP |PC   |T/MT |NV-BDIZC |CYCLE
----------------------------------------
00|00|00|FE |0705 |1/4  |10100100 |12639
00|00|00|FE |0705 |2/4  |10100100 |12640
00|00|00|FE |0705 |3/4  |10100100 |12641
00|00|00|FE |0705 |4/4  |10100100 |12642


---------------
Opcode: 4A
Instruction:LSR Addressing Mode:Accumulator - Operand (Value: "0x00", Address: "None")
Instruction cycle count set to 2
A |X |Y |SP |PC   |T/MT |NV-BDIZC |CYCLE
----------------------------------------
00|00|00|FE |0706 |1/2  |00100110 |12643
00|00|00|FE |0706 |2/2  |00100110 |12644


---------------
Opcode: C9
ll: 02
Instruction:CMP Addressing Mode:Immediate - Operand (Value: "0x02", Address: "None")
Instruction cycle count set to 2
A |X |Y |SP |PC   |T/MT |NV-BDIZC |CYCLE
----------------------------------------
00|00|00|FE |0708 |1/2  |10100100 |12645
00|00|00|FE |0708 |2/2  |10100100 |12646


---------------
Opcode: D0
ll: F8
Old PC: 070A Offset:-8 New PC: 0702
Instruction:BNE Addressing Mode:Relative - Operand (Value: "None", Address: "0x0702")
Instruction cycle count set to 2
A |X |Y |SP |PC   |T/MT |NV-BDIZC |CYCLE
----------------------------------------
00|00|00|FE |0702 |1/3  |10100100 |12647
00|00|00|FE |0702 |2/3  |10100100 |12648
00|00|00|FE |0702 |3/3  |10100100 |12649


---------------
Opcode: 8D
ll: 00 hh: A0
Instruction:STA Addressing Mode:Absolute - Operand (Value: "0x00", Address: "0xA000")
Writing value 0x00 to address: 0xA000
0xA000: 0x00
Instruction cycle count set to 4
A |X |Y |SP |PC   |T/MT |NV-BDIZC |CYCLE
----------------------------------------
00|00|00|FE |0705 |1/4  |10100100 |12650
00|00|00|FE |0705 |2/4  |10100100 |12651
00|00|00|FE |0705 |3/4  |10100100 |12652
00|00|00|FE |0705 |4/4  |10100100 |12653


---------------
Opcode: 4A
Instruction:LSR Addressing Mode:Accumulator - Operand (Value: "0x00", Address: "None")
Instruction cycle count set to 2
A |X |Y |SP |PC   |T/MT |NV-BDIZC |CYCLE
----------------------------------------
00|00|00|FE |0706 |1/2  |00100110 |12654
00|00|00|FE |0706 |2/2  |00100110 |12655


---------------
Opcode: C9
ll: 02
Instruction:CMP Addressing Mode:Immediate - Operand (Value: "0x02", Address: "None")
Instruction cycle count set to 2
A |X |Y |SP |PC   |T/MT |NV-BDIZC |CYCLE
----------------------------------------
00|00|00|FE |0708 |1/2  |10100100 |12656
00|00|00|FE |0708 |2/2  |10100100 |12657


---------------
Opcode: D0
ll: F8
Old PC: 070A Offset:-8 New PC: 0702
Instruction:BNE Addressing Mode:Relative - Operand (Value: "None", Address: "0x0702")
Instruction cycle count set to 2
A |X |Y |SP |PC   |T/MT |NV-BDIZC |CYCLE
----------------------------------------
00|00|00|FE |0702 |1/3  |10100100 |12658
00|00|00|FE |0702 |2/3  |10100100 |12659
00|00|00|FE |0702 |3/3  |10100100 |12660


---------------
Opcode: 8D
ll: 00 hh: A0
Instruction:STA Addressing Mode:Absolute - Operand (Value: "0x00", Address: "0xA000")
Writing value 0x00 to address: 0xA000
0xA000: 0x00
Instruction cycle count set to 4
A |X |Y |SP |PC   |T/MT |NV-BDIZC |CYCLE
----------------------------------------
00|00|00|FE |0705 |1/4  |10100100 |12661
00|00|00|FE |0705 |2/4  |10100100 |12662
00|00|00|FE |0705 |3/4  |10100100 |12663
00|00|00|FE |0705 |4/4  |10100100 |12664


---------------
Opcode: 4A
Instruction:LSR Addressing Mode:Accumulator - Operand (Value: "0x00", Address: "None")
Instruction cycle count set to 2
A |X |Y |SP |PC   |T/MT |NV-BDIZC |CYCLE
----------------------------------------
00|00|00|FE |0706 |1/2  |00100110 |12665
00|00|00|FE |0706 |2/2  |00100110 |12666


---------------
Opcode: C9
ll: 02
Instruction:CMP Addressing Mode:Immediate - Operand (Value: "0x02", Address: "None")
Instruction cycle count set to 2
A |X |Y |SP |PC   |T/MT |NV-BDIZC |CYCLE
----------------------------------------
00|00|00|FE |0708 |1/2  |10100100 |12667
00|00|00|FE |0708 |2/2  |10100100 |12668


---------------
Opcode: D0
ll: F8
Old PC: 070A Offset:-8 New PC: 0702
Instruction:BNE Addressing Mode:Relative - Operand (Value: "None", Address: "0x0702")
Instruction cycle count set to 2
A |X |Y |SP |PC   |T/MT |NV-BDIZC |CYCLE
----------------------------------------
00|00|00|FE |0702 |1/3  |10100100 |12669
00|00|00|FE |0702 |2/3  |10100100 |12670
00|00|00|FE |0702 |3/3  |10100100 |12671


---------------
Opcode: 8D
ll: 00 hh: A0
Instruction:STA Addressing Mode:Absolute - Operand (Value: "0x00", Address: "0xA000")
Writing value 0x00 to address: 0xA000
0xA000: 0x00
Instruction cycle count set to 4
A |X |Y |SP |PC   |T/MT |NV-BDIZC |CYCLE
----------------------------------------
00|00|00|FE |0705 |1/4  |10100100 |12672
00|00|00|FE |0705 |2/4  |10100100 |12673
00|00|00|FE |0705 |3/4  |10100100 |12674
00|00|00|FE |0705 |4/4  |10100100 |12675


---------------
Opcode: 4A
Instruction:LSR Addressing Mode:Accumulator - Operand (Value: "0x00", Address: "None")
Instruction cycle count set to 2
A |X |Y |SP |PC   |T/MT |NV-BDIZC |CYCLE
----------------------------------------
00|00|00|FE |0706 |1/2  |00100110 |12676
00|00|00|FE |0706 |2/2  |00100110 |12677


---------------
Opcode: C9
ll: 02
Instruction:CMP Addressing Mode:Immediate - Operand (Value: "0x02", Address: "None")
Instruction cycle count set to 2
A |X |Y |SP |PC   |T/MT |NV-BDIZC |CYCLE
----------------------------------------
00|00|00|FE |0708 |1/2  |10100100 |12678
00|00|00|FE |0708 |2/2  |10100100 |12679


---------------
Opcode: D0
ll: F8
Old PC: 070A Offset:-8 New PC: 0702
Instruction:BNE Addressing Mode:Relative - Operand (Value: "None", Address: "0x0702")
Instruction cycle count set to 2
A |X |Y |SP |PC   |T/MT |NV-BDIZC |CYCLE
----------------------------------------
00|00|00|FE |0702 |1/3  |10100100 |12680
00|00|00|FE |0702 |2/3  |10100100 |12681
00|00|00|FE |0702 |3/3  |10100100 |12682


---------------
Opcode: 8D
ll: 00 hh: A0
Instruction:STA Addressing Mode:Absolute - Operand (Value: "0x00", Address: "0xA000")
Writing value 0x00 to address: 0xA000
0xA000: 0x00
Instruction cycle count set to 4
A |X |Y |SP |PC   |T/MT |NV-BDIZC |CYCLE
----------------------------------------
00|00|00|FE |0705 |1/4  |10100100 |12683
00|00|00|FE |0705 |2/4  |10100100 |12684
00|00|00|FE |0705 |3/4  |10100100 |12685
00|00|00|FE |0705 |4/4  |10100100 |12686


---------------
Opcode: 4A
Instruction:LSR Addressing Mode:Accumulator - Operand (Value: "0x00", Address: "None")
Instruction cycle count set to 2
A |X |Y |SP |PC   |T/MT |NV-BDIZC |CYCLE
----------------------------------------
00|00|00|FE |0706 |1/2  |00100110 |12687
00|00|00|FE |0706 |2/2  |00100110 |12688


---------------
Opcode: C9
ll: 02
Instruction:CMP Addressing Mode:Immediate - Operand (Value: "0x02", Address: "None")
Instruction cycle count set to 2
A |X |Y |SP |PC   |T/MT |NV-BDIZC |CYCLE
----------------------------------------
00|00|00|FE |0708 |1/2  |10100100 |12689
00|00|00|FE |0708 |2/2  |10100100 |12690


---------------
Opcode: D0
ll: F8
Old PC: 070A Offset:-8 New PC: 0702
Instruction:BNE Addressing Mode:Relative - Operand (Value: "None", Address: "0x0702")
Instruction cycle count set to 2
A |X |Y |SP |PC   |T/MT |NV-BDIZC |CYCLE
----------------------------------------
00|00|00|FE |0702 |1/3  |10100100 |12691
00|00|00|FE |0702 |2/3  |10100100 |12692
00|00|00|FE |0702 |3/3  |10100100 |12693


---------------
Opcode: 8D
ll: 00 hh: A0
Instruction:STA Addressing Mode:Absolute - Operand (Value: "0x00", Address: "0xA000")
Writing value 0x00 to address: 0xA000
0xA000: 0x00
Instruction cycle count set to 4
A |X |Y |SP |PC   |T/MT |NV-BDIZC |CYCLE
----------------------------------------
00|00|00|FE |0705 |1/4  |10100100 |12694
00|00|00|FE |0705 |2/4  |10100100 |12695
00|00|00|FE |0705 |3/4  |10100100 |12696
00|00|00|FE |0705 |4/4  |10100100 |12697


---------------
Opcode: 4A
Instruction:LSR Addressing Mode:Accumulator - Operand (Value: "0x00", Address: "None")
Instruction cycle count set to 2
A |X |Y |SP |PC   |T/MT |NV-BDIZC |CYCLE
----------------------------------------
00|00|00|FE |0706 |1/2  |00100110 |12698
00|00|00|FE |0706 |2/2  |00100110 |12699


---------------
Opcode: C9
ll: 02
Instruction:CMP Addressing Mode:Immediate - Operand (Value: "0x02", Address: "None")
Instruction cycle count set to 2
A |X |Y |SP |PC   |T/MT |NV-BDIZC |CYCLE
----------------------------------------
00|00|00|FE |0708 |1/2  |10100100 |12700
00|00|00|FE |0708 |2/2  |10100100 |12701


---------------
Opcode: D0
ll: F8
Old PC: 070A Offset:-8 New PC: 0702
Instruction:BNE Addressing Mode:Relative - Operand (Value: "None", Address: "0x0702")
Instruction cycle count set to 2
A |X |Y |SP |PC   |T/MT |NV-BDIZC |CYCLE
----------------------------------------
00|00|00|FE |0702 |1/3  |10100100 |12702
00|00|00|FE |0702 |2/3  |10100100 |12703
00|00|00|FE |0702 |3/3  |10100100 |12704


---------------
Opcode: 8D
ll: 00 hh: A0
Instruction:STA Addressing Mode:Absolute - Operand (Value: "0x00", Address: "0xA000")
Writing value 0x00 to address: 0xA000
0xA000: 0x00
Instruction cycle count set to 4
A |X |Y |SP |PC   |T/MT |NV-BDIZC |CYCLE
----------------------------------------
00|00|00|FE |0705 |1/4  |10100100 |12705
00|00|00|FE |0705 |2/4  |10100100 |12706
00|00|00|FE |0705 |3/4  |10100100 |12707
00|00|00|FE |0705 |4/4  |10100100 |12708


---------------
Opcode: 4A
Instruction:LSR Addressing Mode:Accumulator - Operand (Value: "0x00", Address: "None")
Instruction cycle count set to 2
A |X |Y |SP |PC   |T/MT |NV-BDIZC |CYCLE
----------------------------------------
00|00|00|FE |0706 |1/2  |00100110 |12709
00|00|00|FE |0706 |2/2  |00100110 |12710


---------------
Opcode: C9
ll: 02
Instruction:CMP Addressing Mode:Immediate - Operand (Value: "0x02", Address: "None")
Instruction cycle count set to 2
A |X |Y |SP |PC   |T/MT |NV-BDIZC |CYCLE
----------------------------------------
00|00|00|FE |0708 |1/2  |10100100 |12711
00|00|00|FE |0708 |2/2  |10100100 |12712


---------------
Opcode: D0
ll: F8
Old PC: 070A Offset:-8 New PC: 0702
Instruction:BNE Addressing Mode:Relative - Operand (Value: "None", Address: "0x0702")
Instruction cycle count set to 2
A |X |Y |SP |PC   |T/MT |NV-BDIZC |CYCLE
----------------------------------------
00|00|00|FE |0702 |1/3  |10100100 |12713
00|00|00|FE |0702 |2/3  |10100100 |12714
00|00|00|FE |0702 |3/3  |10100100 |12715


---------------
Opcode: 8D
ll: 00 hh: A0
Instruction:STA Addressing Mode:Absolute - Operand (Value: "0x00", Address: "0xA000")
Writing value 0x00 to address: 0xA000
0xA000: 0x00
Instruction cycle count set to 4
A |X |Y |SP |PC   |T/MT |NV-BDIZC |CYCLE
----------------------------------------
00|00|00|FE |0705 |1/4  |10100100 |12716
00|00|00|FE |0705 |2/4  |10100100 |12717
00|00|00|FE |0705 |3/4  |10100100 |12718
00|00|00|FE |0705 |4/4  |10100100 |12719


---------------
Opcode: 4A
Instruction:LSR Addressing Mode:Accumulator - Operand (Value: "0x00", Address: "None")
Instruction cycle count set to 2
A |X |Y |SP |PC   |T/MT |NV-BDIZC |CYCLE
----------------------------------------
00|00|00|FE |0706 |1/2  |00100110 |12720
00|00|00|FE |0706 |2/2  |00100110 |12721


---------------
Opcode: C9
ll: 02
Instruction:CMP Addressing Mode:Immediate - Operand (Value: "0x02", Address: "None")
Instruction cycle count set to 2
A |X |Y |SP |PC   |T/MT |NV-BDIZC |CYCLE
----------------------------------------
00|00|00|FE |0708 |1/2  |10100100 |12722
00|00|00|FE |0708 |2/2  |10100100 |12723


---------------
Opcode: D0
ll: F8
Old PC: 070A Offset:-8 New PC: 0702
Instruction:BNE Addressing Mode:Relative - Operand (Value: "None", Address: "0x0702")
Instruction cycle count set to 2
A |X |Y |SP |PC   |T/MT |NV-BDIZC |CYCLE
----------------------------------------
00|00|00|FE |0702 |1/3  |10100100 |12724
00|00|00|FE |0702 |2/3  |10100100 |12725
00|00|00|FE |0702 |3/3  |10100100 |12726


---------------
Opcode: 8D
ll: 00 hh: A0
Instruction:STA Addressing Mode:Absolute - Operand (Value: "0x00", Address: "0xA000")
Writing value 0x00 to address: 0xA000
0xA000: 0x00
Instruction cycle count set to 4
A |X |Y |SP |PC   |T/MT |NV-BDIZC |CYCLE
----------------------------------------
00|00|00|FE |0705 |1/4  |10100100 |12727
00|00|00|FE |0705 |2/4  |10100100 |12728
00|00|00|FE |0705 |3/4  |10100100 |12729
00|00|00|FE |0705 |4/4  |10100100 |12730


---------------
Opcode: 4A
Instruction:LSR Addressing Mode:Accumulator - Operand (Value: "0x00", Address: "None")
Instruction cycle count set to 2
A |X |Y |SP |PC   |T/MT |NV-BDIZC |CYCLE
----------------------------------------
00|00|00|FE |0706 |1/2  |00100110 |12731
00|00|00|FE |0706 |2/2  |00100110 |12732


---------------
Opcode: C9
ll: 02
Instruction:CMP Addressing Mode:Immediate - Operand (Value: "0x02", Address: "None")
Instruction cycle count set to 2
A |X |Y |SP |PC   |T/MT |NV-BDIZC |CYCLE
----------------------------------------
00|00|00|FE |0708 |1/2  |10100100 |12733
00|00|00|FE |0708 |2/2  |10100100 |12734


---------------
Opcode: D0
ll: F8
Old PC: 070A Offset:-8 New PC: 0702
Instruction:BNE Addressing Mode:Relative - Operand (Value: "None", Address: "0x0702")
Instruction cycle count set to 2
A |X |Y |SP |PC   |T/MT |NV-BDIZC |CYCLE
----------------------------------------
00|00|00|FE |0702 |1/3  |10100100 |12735
00|00|00|FE |0702 |2/3  |10100100 |12736
00|00|00|FE |0702 |3/3  |10100100 |12737


---------------
Opcode: 8D
ll: 00 hh: A0
Instruction:STA Addressing Mode:Absolute - Operand (Value: "0x00", Address: "0xA000")
Writing value 0x00 to address: 0xA000
0xA000: 0x00
Instruction cycle count set to 4
A |X |Y |SP |PC   |T/MT |NV-BDIZC |CYCLE
----------------------------------------
00|00|00|FE |0705 |1/4  |10100100 |12738
00|00|00|FE |0705 |2/4  |10100100 |12739
00|00|00|FE |0705 |3/4  |10100100 |12740
00|00|00|FE |0705 |4/4  |10100100 |12741


---------------
Opcode: 4A
Instruction:LSR Addressing Mode:Accumulator - Operand (Value: "0x00", Address: "None")
Instruction cycle count set to 2
A |X |Y |SP |PC   |T/MT |NV-BDIZC |CYCLE
----------------------------------------
00|00|00|FE |0706 |1/2  |00100110 |12742
00|00|00|FE |0706 |2/2  |00100110 |12743


---------------
Opcode: C9
ll: 02
Instruction:CMP Addressing Mode:Immediate - Operand (Value: "0x02", Address: "None")
Instruction cycle count set to 2
A |X |Y |SP |PC   |T/MT |NV-BDIZC |CYCLE
----------------------------------------
00|00|00|FE |0708 |1/2  |10100100 |12744
00|00|00|FE |0708 |2/2  |10100100 |12745


---------------
Opcode: D0
ll: F8
Old PC: 070A Offset:-8 New PC: 0702
Instruction:BNE Addressing Mode:Relative - Operand (Value: "None", Address: "0x0702")
Instruction cycle count set to 2
A |X |Y |SP |PC   |T/MT |NV-BDIZC |CYCLE
----------------------------------------
00|00|00|FE |0702 |1/3  |10100100 |12746
00|00|00|FE |0702 |2/3  |10100100 |12747
00|00|00|FE |0702 |3/3  |10100100 |12748


---------------
Opcode: 8D
ll: 00 hh: A0
Instruction:STA Addressing Mode:Absolute - Operand (Value: "0x00", Address: "0xA000")
Writing value 0x00 to address: 0xA000
0xA000: 0x00
Instruction cycle count set to 4
A |X |Y |SP |PC   |T/MT |NV-BDIZC |CYCLE
----------------------------------------
00|00|00|FE |0705 |1/4  |10100100 |12749
00|00|00|FE |0705 |2/4  |10100100 |12750
00|00|00|FE |0705 |3/4  |10100100 |12751
00|00|00|FE |0705 |4/4  |10100100 |12752


---------------
Opcode: 4A
Instruction:LSR Addressing Mode:Accumulator - Operand (Value: "0x00", Address: "None")
Instruction cycle count set to 2
A |X |Y |SP |PC   |T/MT |NV-BDIZC |CYCLE
----------------------------------------
00|00|00|FE |0706 |1/2  |00100110 |12753
00|00|00|FE |0706 |2/2  |00100110 |12754


---------------
Opcode: C9
ll: 02
Instruction:CMP Addressing Mode:Immediate - Operand (Value: "0x02", Address: "None")
Instruction cycle count set to 2
A |X |Y |SP |PC   |T/MT |NV-BDIZC |CYCLE
----------------------------------------
00|00|00|FE |0708 |1/2  |10100100 |12755
00|00|00|FE |0708 |2/2  |10100100 |12756


---------------
Opcode: D0
ll: F8
Old PC: 070A Offset:-8 New PC: 0702
Instruction:BNE Addressing Mode:Relative - Operand (Value: "None", Address: "0x0702")
Instruction cycle count set to 2
A |X |Y |SP |PC   |T/MT |NV-BDIZC |CYCLE
----------------------------------------
00|00|00|FE |0702 |1/3  |10100100 |12757
00|00|00|FE |0702 |2/3  |10100100 |12758
00|00|00|FE |0702 |3/3  |10100100 |12759


---------------
Opcode: 8D
ll: 00 hh: A0
Instruction:STA Addressing Mode:Absolute - Operand (Value: "0x00", Address: "0xA000")
Writing value 0x00 to address: 0xA000
0xA000: 0x00
Instruction cycle count set to 4
A |X |Y |SP |PC   |T/MT |NV-BDIZC |CYCLE
----------------------------------------
00|00|00|FE |0705 |1/4  |10100100 |12760
00|00|00|FE |0705 |2/4  |10100100 |12761
00|00|00|FE |0705 |3/4  |10100100 |12762
00|00|00|FE |0705 |4/4  |10100100 |12763


---------------
Opcode: 4A
Instruction:LSR Addressing Mode:Accumulator - Operand (Value: "0x00", Address: "None")
Instruction cycle count set to 2
A |X |Y |SP |PC   |T/MT |NV-BDIZC |CYCLE
----------------------------------------
00|00|00|FE |0706 |1/2  |00100110 |12764
00|00|00|FE |0706 |2/2  |00100110 |12765


---------------
Opcode: C9
ll: 02
Instruction:CMP Addressing Mode:Immediate - Operand (Value: "0x02", Address: "None")
Instruction cycle count set to 2
A |X |Y |SP |PC   |T/MT |NV-BDIZC |CYCLE
----------------------------------------
00|00|00|FE |0708 |1/2  |10100100 |12766
00|00|00|FE |0708 |2/2  |10100100 |12767


---------------
Opcode: D0
ll: F8
Old PC: 070A Offset:-8 New PC: 0702
Instruction:BNE Addressing Mode:Relative - Operand (Value: "None", Address: "0x0702")
Instruction cycle count set to 2
A |X |Y |SP |PC   |T/MT |NV-BDIZC |CYCLE
----------------------------------------
00|00|00|FE |0702 |1/3  |10100100 |12768
00|00|00|FE |0702 |2/3  |10100100 |12769
00|00|00|FE |0702 |3/3  |10100100 |12770


---------------
Opcode: 8D
ll: 00 hh: A0
Instruction:STA Addressing Mode:Absolute - Operand (Value: "0x00", Address: "0xA000")
Writing value 0x00 to address: 0xA000
0xA000: 0x00
Instruction cycle count set to 4
A |X |Y |SP |PC   |T/MT |NV-BDIZC |CYCLE
----------------------------------------
00|00|00|FE |0705 |1/4  |10100100 |12771
00|00|00|FE |0705 |2/4  |10100100 |12772
00|00|00|FE |0705 |3/4  |10100100 |12773
00|00|00|FE |0705 |4/4  |10100100 |12774


---------------
Opcode: 4A
Instruction:LSR Addressing Mode:Accumulator - Operand (Value: "0x00", Address: "None")
Instruction cycle count set to 2
A |X |Y |SP |PC   |T/MT |NV-BDIZC |CYCLE
----------------------------------------
00|00|00|FE |0706 |1/2  |00100110 |12775
00|00|00|FE |0706 |2/2  |00100110 |12776


---------------
Opcode: C9
ll: 02
Instruction:CMP Addressing Mode:Immediate - Operand (Value: "0x02", Address: "None")
Instruction cycle count set to 2
A |X |Y |SP |PC   |T/MT |NV-BDIZC |CYCLE
----------------------------------------
00|00|00|FE |0708 |1/2  |10100100 |12777
00|00|00|FE |0708 |2/2  |10100100 |12778


---------------
Opcode: D0
ll: F8
Old PC: 070A Offset:-8 New PC: 0702
Instruction:BNE Addressing Mode:Relative - Operand (Value: "None", Address: "0x0702")
Instruction cycle count set to 2
A |X |Y |SP |PC   |T/MT |NV-BDIZC |CYCLE
----------------------------------------
00|00|00|FE |0702 |1/3  |10100100 |12779
00|00|00|FE |0702 |2/3  |10100100 |12780
00|00|00|FE |0702 |3/3  |10100100 |12781


---------------
Opcode: 8D
ll: 00 hh: A0
Instruction:STA Addressing Mode:Absolute - Operand (Value: "0x00", Address: "0xA000")
Writing value 0x00 to address: 0xA000
0xA000: 0x00
Instruction cycle count set to 4
A |X |Y |SP |PC   |T/MT |NV-BDIZC |CYCLE
----------------------------------------
00|00|00|FE |0705 |1/4  |10100100 |12782
00|00|00|FE |0705 |2/4  |10100100 |12783
00|00|00|FE |0705 |3/4  |10100100 |12784
00|00|00|FE |0705 |4/4  |10100100 |12785


---------------
Opcode: 4A
Instruction:LSR Addressing Mode:Accumulator - Operand (Value: "0x00", Address: "None")
Instruction cycle count set to 2
A |X |Y |SP |PC   |T/MT |NV-BDIZC |CYCLE
----------------------------------------
00|00|00|FE |0706 |1/2  |00100110 |12786
00|00|00|FE |0706 |2/2  |00100110 |12787


---------------
Opcode: C9
ll: 02
Instruction:CMP Addressing Mode:Immediate - Operand (Value: "0x02", Address: "None")
Instruction cycle count set to 2
A |X |Y |SP |PC   |T/MT |NV-BDIZC |CYCLE
----------------------------------------
00|00|00|FE |0708 |1/2  |10100100 |12788
00|00|00|FE |0708 |2/2  |10100100 |12789


---------------
Opcode: D0
ll: F8
Old PC: 070A Offset:-8 New PC: 0702
Instruction:BNE Addressing Mode:Relative - Operand (Value: "None", Address: "0x0702")
Instruction cycle count set to 2
A |X |Y |SP |PC   |T/MT |NV-BDIZC |CYCLE
----------------------------------------
00|00|00|FE |0702 |1/3  |10100100 |12790
00|00|00|FE |0702 |2/3  |10100100 |12791
00|00|00|FE |0702 |3/3  |10100100 |12792


---------------
Opcode: 8D
ll: 00 hh: A0
Instruction:STA Addressing Mode:Absolute - Operand (Value: "0x00", Address: "0xA000")
Writing value 0x00 to address: 0xA000
0xA000: 0x00
Instruction cycle count set to 4
A |X |Y |SP |PC   |T/MT |NV-BDIZC |CYCLE
----------------------------------------
00|00|00|FE |0705 |1/4  |10100100 |12793
00|00|00|FE |0705 |2/4  |10100100 |12794
00|00|00|FE |0705 |3/4  |10100100 |12795
00|00|00|FE |0705 |4/4  |10100100 |12796


---------------
Opcode: 4A
Instruction:LSR Addressing Mode:Accumulator - Operand (Value: "0x00", Address: "None")
Instruction cycle count set to 2
A |X |Y |SP |PC   |T/MT |NV-BDIZC |CYCLE
----------------------------------------
00|00|00|FE |0706 |1/2  |00100110 |12797
00|00|00|FE |0706 |2/2  |00100110 |12798


---------------
Opcode: C9
ll: 02
Instruction:CMP Addressing Mode:Immediate - Operand (Value: "0x02", Address: "None")
Instruction cycle count set to 2
A |X |Y |SP |PC   |T/MT |NV-BDIZC |CYCLE
----------------------------------------
00|00|00|FE |0708 |1/2  |10100100 |12799
00|00|00|FE |0708 |2/2  |10100100 |12800


---------------
Opcode: D0
ll: F8
Old PC: 070A Offset:-8 New PC: 0702
Instruction:BNE Addressing Mode:Relative - Operand (Value: "None", Address: "0x0702")
Instruction cycle count set to 2
A |X |Y |SP |PC   |T/MT |NV-BDIZC |CYCLE
----------------------------------------
00|00|00|FE |0702 |1/3  |10100100 |12801
00|00|00|FE |0702 |2/3  |10100100 |12802
00|00|00|FE |0702 |3/3  |10100100 |12803


---------------
Opcode: 8D
ll: 00 hh: A0
Instruction:STA Addressing Mode:Absolute - Operand (Value: "0x00", Address: "0xA000")
Writing value 0x00 to address: 0xA000
0xA000: 0x00
Instruction cycle count set to 4
A |X |Y |SP |PC   |T/MT |NV-BDIZC |CYCLE
----------------------------------------
00|00|00|FE |0705 |1/4  |10100100 |12804
00|00|00|FE |0705 |2/4  |10100100 |12805
00|00|00|FE |0705 |3/4  |10100100 |12806
00|00|00|FE |0705 |4/4  |10100100 |12807


---------------
Opcode: 4A
Instruction:LSR Addressing Mode:Accumulator - Operand (Value: "0x00", Address: "None")
Instruction cycle count set to 2
A |X |Y |SP |PC   |T/MT |NV-BDIZC |CYCLE
----------------------------------------
00|00|00|FE |0706 |1/2  |00100110 |12808
00|00|00|FE |0706 |2/2  |00100110 |12809


---------------
Opcode: C9
ll: 02
Instruction:CMP Addressing Mode:Immediate - Operand (Value: "0x02", Address: "None")
Instruction cycle count set to 2
A |X |Y |SP |PC   |T/MT |NV-BDIZC |CYCLE
----------------------------------------
00|00|00|FE |0708 |1/2  |10100100 |12810
00|00|00|FE |0708 |2/2  |10100100 |12811


---------------
Opcode: D0
ll: F8
Old PC: 070A Offset:-8 New PC: 0702
Instruction:BNE Addressing Mode:Relative - Operand (Value: "None", Address: "0x0702")
Instruction cycle count set to 2
A |X |Y |SP |PC   |T/MT |NV-BDIZC |CYCLE
----------------------------------------
00|00|00|FE |0702 |1/3  |10100100 |12812
00|00|00|FE |0702 |2/3  |10100100 |12813
00|00|00|FE |0702 |3/3  |10100100 |12814


---------------
Opcode: 8D
ll: 00 hh: A0
Instruction:STA Addressing Mode:Absolute - Operand (Value: "0x00", Address: "0xA000")
Writing value 0x00 to address: 0xA000
0xA000: 0x00
Instruction cycle count set to 4
A |X |Y |SP |PC   |T/MT |NV-BDIZC |CYCLE
----------------------------------------
00|00|00|FE |0705 |1/4  |10100100 |12815
00|00|00|FE |0705 |2/4  |10100100 |12816
00|00|00|FE |0705 |3/4  |10100100 |12817
00|00|00|FE |0705 |4/4  |10100100 |12818


---------------
Opcode: 4A
Instruction:LSR Addressing Mode:Accumulator - Operand (Value: "0x00", Address: "None")
Instruction cycle count set to 2
A |X |Y |SP |PC   |T/MT |NV-BDIZC |CYCLE
----------------------------------------
00|00|00|FE |0706 |1/2  |00100110 |12819
00|00|00|FE |0706 |2/2  |00100110 |12820


---------------
Opcode: C9
ll: 02
Instruction:CMP Addressing Mode:Immediate - Operand (Value: "0x02", Address: "None")
Instruction cycle count set to 2
A |X |Y |SP |PC   |T/MT |NV-BDIZC |CYCLE
----------------------------------------
00|00|00|FE |0708 |1/2  |10100100 |12821
00|00|00|FE |0708 |2/2  |10100100 |12822


---------------
Opcode: D0
ll: F8
Old PC: 070A Offset:-8 New PC: 0702
Instruction:BNE Addressing Mode:Relative - Operand (Value: "None", Address: "0x0702")
Instruction cycle count set to 2
A |X |Y |SP |PC   |T/MT |NV-BDIZC |CYCLE
----------------------------------------
00|00|00|FE |0702 |1/3  |10100100 |12823
00|00|00|FE |0702 |2/3  |10100100 |12824
00|00|00|FE |0702 |3/3  |10100100 |12825


---------------
Opcode: 8D
ll: 00 hh: A0
Instruction:STA Addressing Mode:Absolute - Operand (Value: "0x00", Address: "0xA000")
Writing value 0x00 to address: 0xA000
0xA000: 0x00
Instruction cycle count set to 4
A |X |Y |SP |PC   |T/MT |NV-BDIZC |CYCLE
----------------------------------------
00|00|00|FE |0705 |1/4  |10100100 |12826
00|00|00|FE |0705 |2/4  |10100100 |12827
00|00|00|FE |0705 |3/4  |10100100 |12828
00|00|00|FE |0705 |4/4  |10100100 |12829


---------------
Opcode: 4A
Instruction:LSR Addressing Mode:Accumulator - Operand (Value: "0x00", Address: "None")
Instruction cycle count set to 2
A |X |Y |SP |PC   |T/MT |NV-BDIZC |CYCLE
----------------------------------------
00|00|00|FE |0706 |1/2  |00100110 |12830
00|00|00|FE |0706 |2/2  |00100110 |12831


---------------
Opcode: C9
ll: 02
Instruction:CMP Addressing Mode:Immediate - Operand (Value: "0x02", Address: "None")
Instruction cycle count set to 2
A |X |Y |SP |PC   |T/MT |NV-BDIZC |CYCLE
----------------------------------------
00|00|00|FE |0708 |1/2  |10100100 |12832
00|00|00|FE |0708 |2/2  |10100100 |12833


---------------
Opcode: D0
ll: F8
Old PC: 070A Offset:-8 New PC: 0702
Instruction:BNE Addressing Mode:Relative - Operand (Value: "None", Address: "0x0702")
Instruction cycle count set to 2
A |X |Y |SP |PC   |T/MT |NV-BDIZC |CYCLE
----------------------------------------
00|00|00|FE |0702 |1/3  |10100100 |12834
00|00|00|FE |0702 |2/3  |10100100 |12835
00|00|00|FE |0702 |3/3  |10100100 |12836


---------------
Opcode: 8D
ll: 00 hh: A0
Instruction:STA Addressing Mode:Absolute - Operand (Value: "0x00", Address: "0xA000")
Writing value 0x00 to address: 0xA000
0xA000: 0x00
Instruction cycle count set to 4
A |X |Y |SP |PC   |T/MT |NV-BDIZC |CYCLE
----------------------------------------
00|00|00|FE |0705 |1/4  |10100100 |12837
00|00|00|FE |0705 |2/4  |10100100 |12838
00|00|00|FE |0705 |3/4  |10100100 |12839
00|00|00|FE |0705 |4/4  |10100100 |12840


---------------
Opcode: 4A
Instruction:LSR Addressing Mode:Accumulator - Operand (Value: "0x00", Address: "None")
Instruction cycle count set to 2
A |X |Y |SP |PC   |T/MT |NV-BDIZC |CYCLE
----------------------------------------
00|00|00|FE |0706 |1/2  |00100110 |12841
00|00|00|FE |0706 |2/2  |00100110 |12842


---------------
Opcode: C9
ll: 02
Instruction:CMP Addressing Mode:Immediate - Operand (Value: "0x02", Address: "None")
Instruction cycle count set to 2
A |X |Y |SP |PC   |T/MT |NV-BDIZC |CYCLE
----------------------------------------
00|00|00|FE |0708 |1/2  |10100100 |12843
00|00|00|FE |0708 |2/2  |10100100 |12844


---------------
Opcode: D0
ll: F8
Old PC: 070A Offset:-8 New PC: 0702
Instruction:BNE Addressing Mode:Relative - Operand (Value: "None", Address: "0x0702")
Instruction cycle count set to 2
A |X |Y |SP |PC   |T/MT |NV-BDIZC |CYCLE
----------------------------------------
00|00|00|FE |0702 |1/3  |10100100 |12845
00|00|00|FE |0702 |2/3  |10100100 |12846
00|00|00|FE |0702 |3/3  |10100100 |12847


---------------
Opcode: 8D
ll: 00 hh: A0
Instruction:STA Addressing Mode:Absolute - Operand (Value: "0x00", Address: "0xA000")
Writing value 0x00 to address: 0xA000
0xA000: 0x00
Instruction cycle count set to 4
A |X |Y |SP |PC   |T/MT |NV-BDIZC |CYCLE
----------------------------------------
00|00|00|FE |0705 |1/4  |10100100 |12848
00|00|00|FE |0705 |2/4  |10100100 |12849
00|00|00|FE |0705 |3/4  |10100100 |12850
00|00|00|FE |0705 |4/4  |10100100 |12851


---------------
Opcode: 4A
Instruction:LSR Addressing Mode:Accumulator - Operand (Value: "0x00", Address: "None")
Instruction cycle count set to 2
A |X |Y |SP |PC   |T/MT |NV-BDIZC |CYCLE
----------------------------------------
00|00|00|FE |0706 |1/2  |00100110 |12852
00|00|00|FE |0706 |2/2  |00100110 |12853


---------------
Opcode: C9
ll: 02
Instruction:CMP Addressing Mode:Immediate - Operand (Value: "0x02", Address: "None")
Instruction cycle count set to 2
A |X |Y |SP |PC   |T/MT |NV-BDIZC |CYCLE
----------------------------------------
00|00|00|FE |0708 |1/2  |10100100 |12854
00|00|00|FE |0708 |2/2  |10100100 |12855


---------------
Opcode: D0
ll: F8
Old PC: 070A Offset:-8 New PC: 0702
Instruction:BNE Addressing Mode:Relative - Operand (Value: "None", Address: "0x0702")
Instruction cycle count set to 2
A |X |Y |SP |PC   |T/MT |NV-BDIZC |CYCLE
----------------------------------------
00|00|00|FE |0702 |1/3  |10100100 |12856
00|00|00|FE |0702 |2/3  |10100100 |12857
00|00|00|FE |0702 |3/3  |10100100 |12858


---------------
Opcode: 8D
ll: 00 hh: A0
Instruction:STA Addressing Mode:Absolute - Operand (Value: "0x00", Address: "0xA000")
Writing value 0x00 to address: 0xA000
0xA000: 0x00
Instruction cycle count set to 4
A |X |Y |SP |PC   |T/MT |NV-BDIZC |CYCLE
----------------------------------------
00|00|00|FE |0705 |1/4  |10100100 |12859
00|00|00|FE |0705 |2/4  |10100100 |12860
00|00|00|FE |0705 |3/4  |10100100 |12861
00|00|00|FE |0705 |4/4  |10100100 |12862


---------------
Opcode: 4A
Instruction:LSR Addressing Mode:Accumulator - Operand (Value: "0x00", Address: "None")
Instruction cycle count set to 2
A |X |Y |SP |PC   |T/MT |NV-BDIZC |CYCLE
----------------------------------------
00|00|00|FE |0706 |1/2  |00100110 |12863
00|00|00|FE |0706 |2/2  |00100110 |12864


---------------
Opcode: C9
ll: 02
Instruction:CMP Addressing Mode:Immediate - Operand (Value: "0x02", Address: "None")
Instruction cycle count set to 2
A |X |Y |SP |PC   |T/MT |NV-BDIZC |CYCLE
----------------------------------------
00|00|00|FE |0708 |1/2  |10100100 |12865
00|00|00|FE |0708 |2/2  |10100100 |12866


---------------
Opcode: D0
ll: F8
Old PC: 070A Offset:-8 New PC: 0702
Instruction:BNE Addressing Mode:Relative - Operand (Value: "None", Address: "0x0702")
Instruction cycle count set to 2
A |X |Y |SP |PC   |T/MT |NV-BDIZC |CYCLE
----------------------------------------
00|00|00|FE |0702 |1/3  |10100100 |12867
00|00|00|FE |0702 |2/3  |10100100 |12868
00|00|00|FE |0702 |3/3  |10100100 |12869


---------------
Opcode: 8D
ll: 00 hh: A0
Instruction:STA Addressing Mode:Absolute - Operand (Value: "0x00", Address: "0xA000")
Writing value 0x00 to address: 0xA000
0xA000: 0x00
Instruction cycle count set to 4
A |X |Y |SP |PC   |T/MT |NV-BDIZC |CYCLE
----------------------------------------
00|00|00|FE |0705 |1/4  |10100100 |12870
00|00|00|FE |0705 |2/4  |10100100 |12871
00|00|00|FE |0705 |3/4  |10100100 |12872
00|00|00|FE |0705 |4/4  |10100100 |12873


---------------
Opcode: 4A
Instruction:LSR Addressing Mode:Accumulator - Operand (Value: "0x00", Address: "None")
Instruction cycle count set to 2
A |X |Y |SP |PC   |T/MT |NV-BDIZC |CYCLE
----------------------------------------
00|00|00|FE |0706 |1/2  |00100110 |12874
00|00|00|FE |0706 |2/2  |00100110 |12875


---------------
Opcode: C9
ll: 02
Instruction:CMP Addressing Mode:Immediate - Operand (Value: "0x02", Address: "None")
Instruction cycle count set to 2
A |X |Y |SP |PC   |T/MT |NV-BDIZC |CYCLE
----------------------------------------
00|00|00|FE |0708 |1/2  |10100100 |12876
00|00|00|FE |0708 |2/2  |10100100 |12877


---------------
Opcode: D0
ll: F8
Old PC: 070A Offset:-8 New PC: 0702
Instruction:BNE Addressing Mode:Relative - Operand (Value: "None", Address: "0x0702")
Instruction cycle count set to 2
A |X |Y |SP |PC   |T/MT |NV-BDIZC |CYCLE
----------------------------------------
00|00|00|FE |0702 |1/3  |10100100 |12878
00|00|00|FE |0702 |2/3  |10100100 |12879
00|00|00|FE |0702 |3/3  |10100100 |12880


---------------
Opcode: 8D
ll: 00 hh: A0
Instruction:STA Addressing Mode:Absolute - Operand (Value: "0x00", Address: "0xA000")
Writing value 0x00 to address: 0xA000
0xA000: 0x00
Instruction cycle count set to 4
A |X |Y |SP |PC   |T/MT |NV-BDIZC |CYCLE
----------------------------------------
00|00|00|FE |0705 |1/4  |10100100 |12881
00|00|00|FE |0705 |2/4  |10100100 |12882
00|00|00|FE |0705 |3/4  |10100100 |12883
00|00|00|FE |0705 |4/4  |10100100 |12884


---------------
Opcode: 4A
Instruction:LSR Addressing Mode:Accumulator - Operand (Value: "0x00", Address: "None")
Instruction cycle count set to 2
A |X |Y |SP |PC   |T/MT |NV-BDIZC |CYCLE
----------------------------------------
00|00|00|FE |0706 |1/2  |00100110 |12885
00|00|00|FE |0706 |2/2  |00100110 |12886


---------------
Opcode: C9
ll: 02
Instruction:CMP Addressing Mode:Immediate - Operand (Value: "0x02", Address: "None")
Instruction cycle count set to 2
A |X |Y |SP |PC   |T/MT |NV-BDIZC |CYCLE
----------------------------------------
00|00|00|FE |0708 |1/2  |10100100 |12887
00|00|00|FE |0708 |2/2  |10100100 |12888


---------------
Opcode: D0
ll: F8
Old PC: 070A Offset:-8 New PC: 0702
Instruction:BNE Addressing Mode:Relative - Operand (Value: "None", Address: "0x0702")
Instruction cycle count set to 2
A |X |Y |SP |PC   |T/MT |NV-BDIZC |CYCLE
----------------------------------------
00|00|00|FE |0702 |1/3  |10100100 |12889
00|00|00|FE |0702 |2/3  |10100100 |12890
00|00|00|FE |0702 |3/3  |10100100 |12891


---------------
Opcode: 8D
ll: 00 hh: A0
Instruction:STA Addressing Mode:Absolute - Operand (Value: "0x00", Address: "0xA000")
Writing value 0x00 to address: 0xA000
0xA000: 0x00
Instruction cycle count set to 4
A |X |Y |SP |PC   |T/MT |NV-BDIZC |CYCLE
----------------------------------------
00|00|00|FE |0705 |1/4  |10100100 |12892
00|00|00|FE |0705 |2/4  |10100100 |12893
00|00|00|FE |0705 |3/4  |10100100 |12894
00|00|00|FE |0705 |4/4  |10100100 |12895


---------------
Opcode: 4A
Instruction:LSR Addressing Mode:Accumulator - Operand (Value: "0x00", Address: "None")
Instruction cycle count set to 2
A |X |Y |SP |PC   |T/MT |NV-BDIZC |CYCLE
----------------------------------------
00|00|00|FE |0706 |1/2  |00100110 |12896
00|00|00|FE |0706 |2/2  |00100110 |12897


---------------
Opcode: C9
ll: 02
Instruction:CMP Addressing Mode:Immediate - Operand (Value: "0x02", Address: "None")
Instruction cycle count set to 2
A |X |Y |SP |PC   |T/MT |NV-BDIZC |CYCLE
----------------------------------------
00|00|00|FE |0708 |1/2  |10100100 |12898
00|00|00|FE |0708 |2/2  |10100100 |12899


---------------
Opcode: D0
ll: F8
Old PC: 070A Offset:-8 New PC: 0702
Instruction:BNE Addressing Mode:Relative - Operand (Value: "None", Address: "0x0702")
Instruction cycle count set to 2
A |X |Y |SP |PC   |T/MT |NV-BDIZC |CYCLE
----------------------------------------
00|00|00|FE |0702 |1/3  |10100100 |12900
00|00|00|FE |0702 |2/3  |10100100 |12901
00|00|00|FE |0702 |3/3  |10100100 |12902


---------------
Opcode: 8D
ll: 00 hh: A0
Instruction:STA Addressing Mode:Absolute - Operand (Value: "0x00", Address: "0xA000")
Writing value 0x00 to address: 0xA000
0xA000: 0x00
Instruction cycle count set to 4
A |X |Y |SP |PC   |T/MT |NV-BDIZC |CYCLE
----------------------------------------
00|00|00|FE |0705 |1/4  |10100100 |12903
00|00|00|FE |0705 |2/4  |10100100 |12904
00|00|00|FE |0705 |3/4  |10100100 |12905
00|00|00|FE |0705 |4/4  |10100100 |12906


---------------
Opcode: 4A
Instruction:LSR Addressing Mode:Accumulator - Operand (Value: "0x00", Address: "None")
Instruction cycle count set to 2
A |X |Y |SP |PC   |T/MT |NV-BDIZC |CYCLE
----------------------------------------
00|00|00|FE |0706 |1/2  |00100110 |12907
00|00|00|FE |0706 |2/2  |00100110 |12908


---------------
Opcode: C9
ll: 02
Instruction:CMP Addressing Mode:Immediate - Operand (Value: "0x02", Address: "None")
Instruction cycle count set to 2
A |X |Y |SP |PC   |T/MT |NV-BDIZC |CYCLE
----------------------------------------
00|00|00|FE |0708 |1/2  |10100100 |12909
00|00|00|FE |0708 |2/2  |10100100 |12910


---------------
Opcode: D0
ll: F8
Old PC: 070A Offset:-8 New PC: 0702
Instruction:BNE Addressing Mode:Relative - Operand (Value: "None", Address: "0x0702")
Instruction cycle count set to 2
A |X |Y |SP |PC   |T/MT |NV-BDIZC |CYCLE
----------------------------------------
00|00|00|FE |0702 |1/3  |10100100 |12911
00|00|00|FE |0702 |2/3  |10100100 |12912
00|00|00|FE |0702 |3/3  |10100100 |12913


---------------
Opcode: 8D
ll: 00 hh: A0
Instruction:STA Addressing Mode:Absolute - Operand (Value: "0x00", Address: "0xA000")
Writing value 0x00 to address: 0xA000
0xA000: 0x00
Instruction cycle count set to 4
A |X |Y |SP |PC   |T/MT |NV-BDIZC |CYCLE
----------------------------------------
00|00|00|FE |0705 |1/4  |10100100 |12914
00|00|00|FE |0705 |2/4  |10100100 |12915
00|00|00|FE |0705 |3/4  |10100100 |12916
00|00|00|FE |0705 |4/4  |10100100 |12917


---------------
Opcode: 4A
Instruction:LSR Addressing Mode:Accumulator - Operand (Value: "0x00", Address: "None")
Instruction cycle count set to 2
A |X |Y |SP |PC   |T/MT |NV-BDIZC |CYCLE
----------------------------------------
00|00|00|FE |0706 |1/2  |00100110 |12918
00|00|00|FE |0706 |2/2  |00100110 |12919


---------------
Opcode: C9
ll: 02
Instruction:CMP Addressing Mode:Immediate - Operand (Value: "0x02", Address: "None")
Instruction cycle count set to 2
A |X |Y |SP |PC   |T/MT |NV-BDIZC |CYCLE
----------------------------------------
00|00|00|FE |0708 |1/2  |10100100 |12920
00|00|00|FE |0708 |2/2  |10100100 |12921


---------------
Opcode: D0
ll: F8
Old PC: 070A Offset:-8 New PC: 0702
Instruction:BNE Addressing Mode:Relative - Operand (Value: "None", Address: "0x0702")
Instruction cycle count set to 2
A |X |Y |SP |PC   |T/MT |NV-BDIZC |CYCLE
----------------------------------------
00|00|00|FE |0702 |1/3  |10100100 |12922
00|00|00|FE |0702 |2/3  |10100100 |12923
00|00|00|FE |0702 |3/3  |10100100 |12924


---------------
Opcode: 8D
ll: 00 hh: A0
Instruction:STA Addressing Mode:Absolute - Operand (Value: "0x00", Address: "0xA000")
Writing value 0x00 to address: 0xA000
0xA000: 0x00
Instruction cycle count set to 4
A |X |Y |SP |PC   |T/MT |NV-BDIZC |CYCLE
----------------------------------------
00|00|00|FE |0705 |1/4  |10100100 |12925
00|00|00|FE |0705 |2/4  |10100100 |12926
00|00|00|FE |0705 |3/4  |10100100 |12927
00|00|00|FE |0705 |4/4  |10100100 |12928


---------------
Opcode: 4A
Instruction:LSR Addressing Mode:Accumulator - Operand (Value: "0x00", Address: "None")
Instruction cycle count set to 2
A |X |Y |SP |PC   |T/MT |NV-BDIZC |CYCLE
----------------------------------------
00|00|00|FE |0706 |1/2  |00100110 |12929
00|00|00|FE |0706 |2/2  |00100110 |12930


---------------
Opcode: C9
ll: 02
Instruction:CMP Addressing Mode:Immediate - Operand (Value: "0x02", Address: "None")
Instruction cycle count set to 2
A |X |Y |SP |PC   |T/MT |NV-BDIZC |CYCLE
----------------------------------------
00|00|00|FE |0708 |1/2  |10100100 |12931
00|00|00|FE |0708 |2/2  |10100100 |12932


---------------
Opcode: D0
ll: F8
Old PC: 070A Offset:-8 New PC: 0702
Instruction:BNE Addressing Mode:Relative - Operand (Value: "None", Address: "0x0702")
Instruction cycle count set to 2
A |X |Y |SP |PC   |T/MT |NV-BDIZC |CYCLE
----------------------------------------
00|00|00|FE |0702 |1/3  |10100100 |12933
00|00|00|FE |0702 |2/3  |10100100 |12934
00|00|00|FE |0702 |3/3  |10100100 |12935


---------------
Opcode: 8D
ll: 00 hh: A0
Instruction:STA Addressing Mode:Absolute - Operand (Value: "0x00", Address: "0xA000")
Writing value 0x00 to address: 0xA000
0xA000: 0x00
Instruction cycle count set to 4
A |X |Y |SP |PC   |T/MT |NV-BDIZC |CYCLE
----------------------------------------
00|00|00|FE |0705 |1/4  |10100100 |12936
00|00|00|FE |0705 |2/4  |10100100 |12937
00|00|00|FE |0705 |3/4  |10100100 |12938
00|00|00|FE |0705 |4/4  |10100100 |12939


---------------
Opcode: 4A
Instruction:LSR Addressing Mode:Accumulator - Operand (Value: "0x00", Address: "None")
Instruction cycle count set to 2
A |X |Y |SP |PC   |T/MT |NV-BDIZC |CYCLE
----------------------------------------
00|00|00|FE |0706 |1/2  |00100110 |12940
00|00|00|FE |0706 |2/2  |00100110 |12941


---------------
Opcode: C9
ll: 02
Instruction:CMP Addressing Mode:Immediate - Operand (Value: "0x02", Address: "None")
Instruction cycle count set to 2
A |X |Y |SP |PC   |T/MT |NV-BDIZC |CYCLE
----------------------------------------
00|00|00|FE |0708 |1/2  |10100100 |12942
00|00|00|FE |0708 |2/2  |10100100 |12943


---------------
Opcode: D0
ll: F8
Old PC: 070A Offset:-8 New PC: 0702
Instruction:BNE Addressing Mode:Relative - Operand (Value: "None", Address: "0x0702")
Instruction cycle count set to 2
A |X |Y |SP |PC   |T/MT |NV-BDIZC |CYCLE
----------------------------------------
00|00|00|FE |0702 |1/3  |10100100 |12944
00|00|00|FE |0702 |2/3  |10100100 |12945
00|00|00|FE |0702 |3/3  |10100100 |12946


---------------
Opcode: 8D
ll: 00 hh: A0
Instruction:STA Addressing Mode:Absolute - Operand (Value: "0x00", Address: "0xA000")
Writing value 0x00 to address: 0xA000
0xA000: 0x00
Instruction cycle count set to 4
A |X |Y |SP |PC   |T/MT |NV-BDIZC |CYCLE
----------------------------------------
00|00|00|FE |0705 |1/4  |10100100 |12947
00|00|00|FE |0705 |2/4  |10100100 |12948
00|00|00|FE |0705 |3/4  |10100100 |12949
00|00|00|FE |0705 |4/4  |10100100 |12950


---------------
Opcode: 4A
Instruction:LSR Addressing Mode:Accumulator - Operand (Value: "0x00", Address: "None")
Instruction cycle count set to 2
A |X |Y |SP |PC   |T/MT |NV-BDIZC |CYCLE
----------------------------------------
00|00|00|FE |0706 |1/2  |00100110 |12951
00|00|00|FE |0706 |2/2  |00100110 |12952


---------------
Opcode: C9
ll: 02
Instruction:CMP Addressing Mode:Immediate - Operand (Value: "0x02", Address: "None")
Instruction cycle count set to 2
A |X |Y |SP |PC   |T/MT |NV-BDIZC |CYCLE
----------------------------------------
00|00|00|FE |0708 |1/2  |10100100 |12953
00|00|00|FE |0708 |2/2  |10100100 |12954


---------------
Opcode: D0
ll: F8
Old PC: 070A Offset:-8 New PC: 0702
Instruction:BNE Addressing Mode:Relative - Operand (Value: "None", Address: "0x0702")
Instruction cycle count set to 2
A |X |Y |SP |PC   |T/MT |NV-BDIZC |CYCLE
----------------------------------------
00|00|00|FE |0702 |1/3  |10100100 |12955
00|00|00|FE |0702 |2/3  |10100100 |12956
00|00|00|FE |0702 |3/3  |10100100 |12957


---------------
Opcode: 8D
ll: 00 hh: A0
Instruction:STA Addressing Mode:Absolute - Operand (Value: "0x00", Address: "0xA000")
Writing value 0x00 to address: 0xA000
0xA000: 0x00
Instruction cycle count set to 4
A |X |Y |SP |PC   |T/MT |NV-BDIZC |CYCLE
----------------------------------------
00|00|00|FE |0705 |1/4  |10100100 |12958
00|00|00|FE |0705 |2/4  |10100100 |12959
00|00|00|FE |0705 |3/4  |10100100 |12960
00|00|00|FE |0705 |4/4  |10100100 |12961


---------------
Opcode: 4A
Instruction:LSR Addressing Mode:Accumulator - Operand (Value: "0x00", Address: "None")
Instruction cycle count set to 2
A |X |Y |SP |PC   |T/MT |NV-BDIZC |CYCLE
----------------------------------------
00|00|00|FE |0706 |1/2  |00100110 |12962
00|00|00|FE |0706 |2/2  |00100110 |12963


---------------
Opcode: C9
ll: 02
Instruction:CMP Addressing Mode:Immediate - Operand (Value: "0x02", Address: "None")
Instruction cycle count set to 2
A |X |Y |SP |PC   |T/MT |NV-BDIZC |CYCLE
----------------------------------------
00|00|00|FE |0708 |1/2  |10100100 |12964
00|00|00|FE |0708 |2/2  |10100100 |12965


---------------
Opcode: D0
ll: F8
Old PC: 070A Offset:-8 New PC: 0702
Instruction:BNE Addressing Mode:Relative - Operand (Value: "None", Address: "0x0702")
Instruction cycle count set to 2
A |X |Y |SP |PC   |T/MT |NV-BDIZC |CYCLE
----------------------------------------
00|00|00|FE |0702 |1/3  |10100100 |12966
00|00|00|FE |0702 |2/3  |10100100 |12967
00|00|00|FE |0702 |3/3  |10100100 |12968


---------------
Opcode: 8D
ll: 00 hh: A0
Instruction:STA Addressing Mode:Absolute - Operand (Value: "0x00", Address: "0xA000")
Writing value 0x00 to address: 0xA000
0xA000: 0x00
Instruction cycle count set to 4
A |X |Y |SP |PC   |T/MT |NV-BDIZC |CYCLE
----------------------------------------
00|00|00|FE |0705 |1/4  |10100100 |12969
00|00|00|FE |0705 |2/4  |10100100 |12970
00|00|00|FE |0705 |3/4  |10100100 |12971
00|00|00|FE |0705 |4/4  |10100100 |12972


---------------
Opcode: 4A
Instruction:LSR Addressing Mode:Accumulator - Operand (Value: "0x00", Address: "None")
Instruction cycle count set to 2
A |X |Y |SP |PC   |T/MT |NV-BDIZC |CYCLE
----------------------------------------
00|00|00|FE |0706 |1/2  |00100110 |12973
00|00|00|FE |0706 |2/2  |00100110 |12974


---------------
Opcode: C9
ll: 02
Instruction:CMP Addressing Mode:Immediate - Operand (Value: "0x02", Address: "None")
Instruction cycle count set to 2
A |X |Y |SP |PC   |T/MT |NV-BDIZC |CYCLE
----------------------------------------
00|00|00|FE |0708 |1/2  |10100100 |12975
00|00|00|FE |0708 |2/2  |10100100 |12976


---------------
Opcode: D0
ll: F8
Old PC: 070A Offset:-8 New PC: 0702
Instruction:BNE Addressing Mode:Relative - Operand (Value: "None", Address: "0x0702")
Instruction cycle count set to 2
A |X |Y |SP |PC   |T/MT |NV-BDIZC |CYCLE
----------------------------------------
00|00|00|FE |0702 |1/3  |10100100 |12977
00|00|00|FE |0702 |2/3  |10100100 |12978
00|00|00|FE |0702 |3/3  |10100100 |12979


---------------
Opcode: 8D
ll: 00 hh: A0
Instruction:STA Addressing Mode:Absolute - Operand (Value: "0x00", Address: "0xA000")
Writing value 0x00 to address: 0xA000
0xA000: 0x00
Instruction cycle count set to 4
A |X |Y |SP |PC   |T/MT |NV-BDIZC |CYCLE
----------------------------------------
00|00|00|FE |0705 |1/4  |10100100 |12980
00|00|00|FE |0705 |2/4  |10100100 |12981
00|00|00|FE |0705 |3/4  |10100100 |12982
00|00|00|FE |0705 |4/4  |10100100 |12983


---------------
Opcode: 4A
Instruction:LSR Addressing Mode:Accumulator - Operand (Value: "0x00", Address: "None")
Instruction cycle count set to 2
A |X |Y |SP |PC   |T/MT |NV-BDIZC |CYCLE
----------------------------------------
00|00|00|FE |0706 |1/2  |00100110 |12984
00|00|00|FE |0706 |2/2  |00100110 |12985


---------------
Opcode: C9
ll: 02
Instruction:CMP Addressing Mode:Immediate - Operand (Value: "0x02", Address: "None")
Instruction cycle count set to 2
A |X |Y |SP |PC   |T/MT |NV-BDIZC |CYCLE
----------------------------------------
00|00|00|FE |0708 |1/2  |10100100 |12986
00|00|00|FE |0708 |2/2  |10100100 |12987


---------------
Opcode: D0
ll: F8
Old PC: 070A Offset:-8 New PC: 0702
Instruction:BNE Addressing Mode:Relative - Operand (Value: "None", Address: "0x0702")
Instruction cycle count set to 2
A |X |Y |SP |PC   |T/MT |NV-BDIZC |CYCLE
----------------------------------------
00|00|00|FE |0702 |1/3  |10100100 |12988
00|00|00|FE |0702 |2/3  |10100100 |12989
00|00|00|FE |0702 |3/3  |10100100 |12990


---------------
Opcode: 8D
ll: 00 hh: A0
Instruction:STA Addressing Mode:Absolute - Operand (Value: "0x00", Address: "0xA000")
Writing value 0x00 to address: 0xA000
0xA000: 0x00
Instruction cycle count set to 4
A |X |Y |SP |PC   |T/MT |NV-BDIZC |CYCLE
----------------------------------------
00|00|00|FE |0705 |1/4  |10100100 |12991
00|00|00|FE |0705 |2/4  |10100100 |12992
00|00|00|FE |0705 |3/4  |10100100 |12993
00|00|00|FE |0705 |4/4  |10100100 |12994


---------------
Opcode: 4A
Instruction:LSR Addressing Mode:Accumulator - Operand (Value: "0x00", Address: "None")
Instruction cycle count set to 2
A |X |Y |SP |PC   |T/MT |NV-BDIZC |CYCLE
----------------------------------------
00|00|00|FE |0706 |1/2  |00100110 |12995
00|00|00|FE |0706 |2/2  |00100110 |12996


---------------
Opcode: C9
ll: 02
Instruction:CMP Addressing Mode:Immediate - Operand (Value: "0x02", Address: "None")
Instruction cycle count set to 2
A |X |Y |SP |PC   |T/MT |NV-BDIZC |CYCLE
----------------------------------------
00|00|00|FE |0708 |1/2  |10100100 |12997
00|00|00|FE |0708 |2/2  |10100100 |12998
emulation behind by 1.012463229s. trying to catch up...


---------------
Opcode: D0
ll: F8
Old PC: 070A Offset:-8 New PC: 0702
Instruction:BNE Addressing Mode:Relative - Operand (Value: "None", Address: "0x0702")
Instruction cycle count set to 2
A |X |Y |SP |PC   |T/MT |NV-BDIZC |CYCLE
----------------------------------------
00|00|00|FE |0702 |1/3  |10100100 |12999
00|00|00|FE |0702 |2/3  |10100100 |13000
00|00|00|FE |0702 |3/3  |10100100 |13001


---------------
Opcode: 8D
ll: 00 hh: A0
Instruction:STA Addressing Mode:Absolute - Operand (Value: "0x00", Address: "0xA000")
Writing value 0x00 to address: 0xA000
0xA000: 0x00
Instruction cycle count set to 4
A |X |Y |SP |PC   |T/MT |NV-BDIZC |CYCLE
----------------------------------------
00|00|00|FE |0705 |1/4  |10100100 |13002
00|00|00|FE |0705 |2/4  |10100100 |13003
00|00|00|FE |0705 |3/4  |10100100 |13004
00|00|00|FE |0705 |4/4  |10100100 |13005


---------------
Opcode: 4A
Instruction:LSR Addressing Mode:Accumulator - Operand (Value: "0x00", Address: "None")
Instruction cycle count set to 2
A |X |Y |SP |PC   |T/MT |NV-BDIZC |CYCLE
----------------------------------------
00|00|00|FE |0706 |1/2  |00100110 |13006
00|00|00|FE |0706 |2/2  |00100110 |13007


---------------
Opcode: C9
ll: 02
Instruction:CMP Addressing Mode:Immediate - Operand (Value: "0x02", Address: "None")
Instruction cycle count set to 2
A |X |Y |SP |PC   |T/MT |NV-BDIZC |CYCLE
----------------------------------------
00|00|00|FE |0708 |1/2  |10100100 |13008
00|00|00|FE |0708 |2/2  |10100100 |13009


---------------
Opcode: D0
ll: F8
Old PC: 070A Offset:-8 New PC: 0702
Instruction:BNE Addressing Mode:Relative - Operand (Value: "None", Address: "0x0702")
Instruction cycle count set to 2
A |X |Y |SP |PC   |T/MT |NV-BDIZC |CYCLE
----------------------------------------
00|00|00|FE |0702 |1/3  |10100100 |13010
00|00|00|FE |0702 |2/3  |10100100 |13011
00|00|00|FE |0702 |3/3  |10100100 |13012


---------------
Opcode: 8D
ll: 00 hh: A0
Instruction:STA Addressing Mode:Absolute - Operand (Value: "0x00", Address: "0xA000")
Writing value 0x00 to address: 0xA000
0xA000: 0x00
Instruction cycle count set to 4
A |X |Y |SP |PC   |T/MT |NV-BDIZC |CYCLE
----------------------------------------
00|00|00|FE |0705 |1/4  |10100100 |13013
00|00|00|FE |0705 |2/4  |10100100 |13014
00|00|00|FE |0705 |3/4  |10100100 |13015
00|00|00|FE |0705 |4/4  |10100100 |13016


---------------
Opcode: 4A
Instruction:LSR Addressing Mode:Accumulator - Operand (Value: "0x00", Address: "None")
Instruction cycle count set to 2
A |X |Y |SP |PC   |T/MT |NV-BDIZC |CYCLE
----------------------------------------
00|00|00|FE |0706 |1/2  |00100110 |13017
00|00|00|FE |0706 |2/2  |00100110 |13018


---------------
Opcode: C9
ll: 02
Instruction:CMP Addressing Mode:Immediate - Operand (Value: "0x02", Address: "None")
Instruction cycle count set to 2
A |X |Y |SP |PC   |T/MT |NV-BDIZC |CYCLE
----------------------------------------
00|00|00|FE |0708 |1/2  |10100100 |13019
00|00|00|FE |0708 |2/2  |10100100 |13020


---------------
Opcode: D0
ll: F8
Old PC: 070A Offset:-8 New PC: 0702
Instruction:BNE Addressing Mode:Relative - Operand (Value: "None", Address: "0x0702")
Instruction cycle count set to 2
A |X |Y |SP |PC   |T/MT |NV-BDIZC |CYCLE
----------------------------------------
00|00|00|FE |0702 |1/3  |10100100 |13021
00|00|00|FE |0702 |2/3  |10100100 |13022
00|00|00|FE |0702 |3/3  |10100100 |13023


---------------
Opcode: 8D
ll: 00 hh: A0
Instruction:STA Addressing Mode:Absolute - Operand (Value: "0x00", Address: "0xA000")
Writing value 0x00 to address: 0xA000
0xA000: 0x00
Instruction cycle count set to 4
A |X |Y |SP |PC   |T/MT |NV-BDIZC |CYCLE
----------------------------------------
00|00|00|FE |0705 |1/4  |10100100 |13024
00|00|00|FE |0705 |2/4  |10100100 |13025
00|00|00|FE |0705 |3/4  |10100100 |13026
00|00|00|FE |0705 |4/4  |10100100 |13027


---------------
Opcode: 4A
Instruction:LSR Addressing Mode:Accumulator - Operand (Value: "0x00", Address: "None")
Instruction cycle count set to 2
A |X |Y |SP |PC   |T/MT |NV-BDIZC |CYCLE
----------------------------------------
00|00|00|FE |0706 |1/2  |00100110 |13028
00|00|00|FE |0706 |2/2  |00100110 |13029


---------------
Opcode: C9
ll: 02
Instruction:CMP Addressing Mode:Immediate - Operand (Value: "0x02", Address: "None")
Instruction cycle count set to 2
A |X |Y |SP |PC   |T/MT |NV-BDIZC |CYCLE
----------------------------------------
00|00|00|FE |0708 |1/2  |10100100 |13030
00|00|00|FE |0708 |2/2  |10100100 |13031


---------------
Opcode: D0
ll: F8
Old PC: 070A Offset:-8 New PC: 0702
Instruction:BNE Addressing Mode:Relative - Operand (Value: "None", Address: "0x0702")
Instruction cycle count set to 2
A |X |Y |SP |PC   |T/MT |NV-BDIZC |CYCLE
----------------------------------------
00|00|00|FE |0702 |1/3  |10100100 |13032
00|00|00|FE |0702 |2/3  |10100100 |13033
00|00|00|FE |0702 |3/3  |10100100 |13034


---------------
Opcode: 8D
ll: 00 hh: A0
Instruction:STA Addressing Mode:Absolute - Operand (Value: "0x00", Address: "0xA000")
Writing value 0x00 to address: 0xA000
0xA000: 0x00
Instruction cycle count set to 4
A |X |Y |SP |PC   |T/MT |NV-BDIZC |CYCLE
----------------------------------------
00|00|00|FE |0705 |1/4  |10100100 |13035
00|00|00|FE |0705 |2/4  |10100100 |13036
00|00|00|FE |0705 |3/4  |10100100 |13037
00|00|00|FE |0705 |4/4  |10100100 |13038


---------------
Opcode: 4A
Instruction:LSR Addressing Mode:Accumulator - Operand (Value: "0x00", Address: "None")
Instruction cycle count set to 2
A |X |Y |SP |PC   |T/MT |NV-BDIZC |CYCLE
----------------------------------------
00|00|00|FE |0706 |1/2  |00100110 |13039
00|00|00|FE |0706 |2/2  |00100110 |13040


---------------
Opcode: C9
ll: 02
Instruction:CMP Addressing Mode:Immediate - Operand (Value: "0x02", Address: "None")
Instruction cycle count set to 2
A |X |Y |SP |PC   |T/MT |NV-BDIZC |CYCLE
----------------------------------------
00|00|00|FE |0708 |1/2  |10100100 |13041
00|00|00|FE |0708 |2/2  |10100100 |13042


---------------
Opcode: D0
ll: F8
Old PC: 070A Offset:-8 New PC: 0702
Instruction:BNE Addressing Mode:Relative - Operand (Value: "None", Address: "0x0702")
Instruction cycle count set to 2
A |X |Y |SP |PC   |T/MT |NV-BDIZC |CYCLE
----------------------------------------
00|00|00|FE |0702 |1/3  |10100100 |13043
00|00|00|FE |0702 |2/3  |10100100 |13044
00|00|00|FE |0702 |3/3  |10100100 |13045


---------------
Opcode: 8D
ll: 00 hh: A0
Instruction:STA Addressing Mode:Absolute - Operand (Value: "0x00", Address: "0xA000")
Writing value 0x00 to address: 0xA000
0xA000: 0x00
Instruction cycle count set to 4
A |X |Y |SP |PC   |T/MT |NV-BDIZC |CYCLE
----------------------------------------
00|00|00|FE |0705 |1/4  |10100100 |13046
00|00|00|FE |0705 |2/4  |10100100 |13047
00|00|00|FE |0705 |3/4  |10100100 |13048
00|00|00|FE |0705 |4/4  |10100100 |13049


---------------
Opcode: 4A
Instruction:LSR Addressing Mode:Accumulator - Operand (Value: "0x00", Address: "None")
Instruction cycle count set to 2
A |X |Y |SP |PC   |T/MT |NV-BDIZC |CYCLE
----------------------------------------
00|00|00|FE |0706 |1/2  |00100110 |13050
00|00|00|FE |0706 |2/2  |00100110 |13051


---------------
Opcode: C9
ll: 02
Instruction:CMP Addressing Mode:Immediate - Operand (Value: "0x02", Address: "None")
Instruction cycle count set to 2
A |X |Y |SP |PC   |T/MT |NV-BDIZC |CYCLE
----------------------------------------
00|00|00|FE |0708 |1/2  |10100100 |13052
00|00|00|FE |0708 |2/2  |10100100 |13053


---------------
Opcode: D0
ll: F8
Old PC: 070A Offset:-8 New PC: 0702
Instruction:BNE Addressing Mode:Relative - Operand (Value: "None", Address: "0x0702")
Instruction cycle count set to 2
A |X |Y |SP |PC   |T/MT |NV-BDIZC |CYCLE
----------------------------------------
00|00|00|FE |0702 |1/3  |10100100 |13054
00|00|00|FE |0702 |2/3  |10100100 |13055
00|00|00|FE |0702 |3/3  |10100100 |13056


---------------
Opcode: 8D
ll: 00 hh: A0
Instruction:STA Addressing Mode:Absolute - Operand (Value: "0x00", Address: "0xA000")
Writing value 0x00 to address: 0xA000
0xA000: 0x00
Instruction cycle count set to 4
A |X |Y |SP |PC   |T/MT |NV-BDIZC |CYCLE
----------------------------------------
00|00|00|FE |0705 |1/4  |10100100 |13057
00|00|00|FE |0705 |2/4  |10100100 |13058
00|00|00|FE |0705 |3/4  |10100100 |13059
00|00|00|FE |0705 |4/4  |10100100 |13060


---------------
Opcode: 4A
Instruction:LSR Addressing Mode:Accumulator - Operand (Value: "0x00", Address: "None")
Instruction cycle count set to 2
A |X |Y |SP |PC   |T/MT |NV-BDIZC |CYCLE
----------------------------------------
00|00|00|FE |0706 |1/2  |00100110 |13061
00|00|00|FE |0706 |2/2  |00100110 |13062


---------------
Opcode: C9
ll: 02
Instruction:CMP Addressing Mode:Immediate - Operand (Value: "0x02", Address: "None")
Instruction cycle count set to 2
A |X |Y |SP |PC   |T/MT |NV-BDIZC |CYCLE
----------------------------------------
00|00|00|FE |0708 |1/2  |10100100 |13063
00|00|00|FE |0708 |2/2  |10100100 |13064


---------------
Opcode: D0
ll: F8
Old PC: 070A Offset:-8 New PC: 0702
Instruction:BNE Addressing Mode:Relative - Operand (Value: "None", Address: "0x0702")
Instruction cycle count set to 2
A |X |Y |SP |PC   |T/MT |NV-BDIZC |CYCLE
----------------------------------------
00|00|00|FE |0702 |1/3  |10100100 |13065
00|00|00|FE |0702 |2/3  |10100100 |13066
00|00|00|FE |0702 |3/3  |10100100 |13067


---------------
Opcode: 8D
ll: 00 hh: A0
Instruction:STA Addressing Mode:Absolute - Operand (Value: "0x00", Address: "0xA000")
Writing value 0x00 to address: 0xA000
0xA000: 0x00
Instruction cycle count set to 4
A |X |Y |SP |PC   |T/MT |NV-BDIZC |CYCLE
----------------------------------------
00|00|00|FE |0705 |1/4  |10100100 |13068
00|00|00|FE |0705 |2/4  |10100100 |13069
00|00|00|FE |0705 |3/4  |10100100 |13070
00|00|00|FE |0705 |4/4  |10100100 |13071


---------------
Opcode: 4A
Instruction:LSR Addressing Mode:Accumulator - Operand (Value: "0x00", Address: "None")
Instruction cycle count set to 2
A |X |Y |SP |PC   |T/MT |NV-BDIZC |CYCLE
----------------------------------------
00|00|00|FE |0706 |1/2  |00100110 |13072
00|00|00|FE |0706 |2/2  |00100110 |13073


---------------
Opcode: C9
ll: 02
Instruction:CMP Addressing Mode:Immediate - Operand (Value: "0x02", Address: "None")
Instruction cycle count set to 2
A |X |Y |SP |PC   |T/MT |NV-BDIZC |CYCLE
----------------------------------------
00|00|00|FE |0708 |1/2  |10100100 |13074
00|00|00|FE |0708 |2/2  |10100100 |13075


---------------
Opcode: D0
ll: F8
Old PC: 070A Offset:-8 New PC: 0702
Instruction:BNE Addressing Mode:Relative - Operand (Value: "None", Address: "0x0702")
Instruction cycle count set to 2
A |X |Y |SP |PC   |T/MT |NV-BDIZC |CYCLE
----------------------------------------
00|00|00|FE |0702 |1/3  |10100100 |13076
00|00|00|FE |0702 |2/3  |10100100 |13077
00|00|00|FE |0702 |3/3  |10100100 |13078


---------------
Opcode: 8D
ll: 00 hh: A0
Instruction:STA Addressing Mode:Absolute - Operand (Value: "0x00", Address: "0xA000")
Writing value 0x00 to address: 0xA000
0xA000: 0x00
Instruction cycle count set to 4
A |X |Y |SP |PC   |T/MT |NV-BDIZC |CYCLE
----------------------------------------
00|00|00|FE |0705 |1/4  |10100100 |13079
00|00|00|FE |0705 |2/4  |10100100 |13080
00|00|00|FE |0705 |3/4  |10100100 |13081
00|00|00|FE |0705 |4/4  |10100100 |13082


---------------
Opcode: 4A
Instruction:LSR Addressing Mode:Accumulator - Operand (Value: "0x00", Address: "None")
Instruction cycle count set to 2
A |X |Y |SP |PC   |T/MT |NV-BDIZC |CYCLE
----------------------------------------
00|00|00|FE |0706 |1/2  |00100110 |13083
00|00|00|FE |0706 |2/2  |00100110 |13084


---------------
Opcode: C9
ll: 02
Instruction:CMP Addressing Mode:Immediate - Operand (Value: "0x02", Address: "None")
Instruction cycle count set to 2
A |X |Y |SP |PC   |T/MT |NV-BDIZC |CYCLE
----------------------------------------
00|00|00|FE |0708 |1/2  |10100100 |13085
00|00|00|FE |0708 |2/2  |10100100 |13086


---------------
Opcode: D0
ll: F8
Old PC: 070A Offset:-8 New PC: 0702
Instruction:BNE Addressing Mode:Relative - Operand (Value: "None", Address: "0x0702")
Instruction cycle count set to 2
A |X |Y |SP |PC   |T/MT |NV-BDIZC |CYCLE
----------------------------------------
00|00|00|FE |0702 |1/3  |10100100 |13087
00|00|00|FE |0702 |2/3  |10100100 |13088
00|00|00|FE |0702 |3/3  |10100100 |13089


---------------
Opcode: 8D
ll: 00 hh: A0
Instruction:STA Addressing Mode:Absolute - Operand (Value: "0x00", Address: "0xA000")
Writing value 0x00 to address: 0xA000
0xA000: 0x00
Instruction cycle count set to 4
A |X |Y |SP |PC   |T/MT |NV-BDIZC |CYCLE
----------------------------------------
00|00|00|FE |0705 |1/4  |10100100 |13090
00|00|00|FE |0705 |2/4  |10100100 |13091
00|00|00|FE |0705 |3/4  |10100100 |13092
00|00|00|FE |0705 |4/4  |10100100 |13093


---------------
Opcode: 4A
Instruction:LSR Addressing Mode:Accumulator - Operand (Value: "0x00", Address: "None")
Instruction cycle count set to 2
A |X |Y |SP |PC   |T/MT |NV-BDIZC |CYCLE
----------------------------------------
00|00|00|FE |0706 |1/2  |00100110 |13094
00|00|00|FE |0706 |2/2  |00100110 |13095


---------------
Opcode: C9
ll: 02
Instruction:CMP Addressing Mode:Immediate - Operand (Value: "0x02", Address: "None")
Instruction cycle count set to 2
A |X |Y |SP |PC   |T/MT |NV-BDIZC |CYCLE
----------------------------------------
00|00|00|FE |0708 |1/2  |10100100 |13096
00|00|00|FE |0708 |2/2  |10100100 |13097


---------------
Opcode: D0
ll: F8
Old PC: 070A Offset:-8 New PC: 0702
Instruction:BNE Addressing Mode:Relative - Operand (Value: "None", Address: "0x0702")
Instruction cycle count set to 2
A |X |Y |SP |PC   |T/MT |NV-BDIZC |CYCLE
----------------------------------------
00|00|00|FE |0702 |1/3  |10100100 |13098
00|00|00|FE |0702 |2/3  |10100100 |13099
00|00|00|FE |0702 |3/3  |10100100 |13100


---------------
Opcode: 8D
ll: 00 hh: A0
Instruction:STA Addressing Mode:Absolute - Operand (Value: "0x00", Address: "0xA000")
Writing value 0x00 to address: 0xA000
0xA000: 0x00
Instruction cycle count set to 4
A |X |Y |SP |PC   |T/MT |NV-BDIZC |CYCLE
----------------------------------------
00|00|00|FE |0705 |1/4  |10100100 |13101
00|00|00|FE |0705 |2/4  |10100100 |13102
00|00|00|FE |0705 |3/4  |10100100 |13103
00|00|00|FE |0705 |4/4  |10100100 |13104


---------------
Opcode: 4A
Instruction:LSR Addressing Mode:Accumulator - Operand (Value: "0x00", Address: "None")
Instruction cycle count set to 2
A |X |Y |SP |PC   |T/MT |NV-BDIZC |CYCLE
----------------------------------------
00|00|00|FE |0706 |1/2  |00100110 |13105
00|00|00|FE |0706 |2/2  |00100110 |13106


---------------
Opcode: C9
ll: 02
Instruction:CMP Addressing Mode:Immediate - Operand (Value: "0x02", Address: "None")
Instruction cycle count set to 2
A |X |Y |SP |PC   |T/MT |NV-BDIZC |CYCLE
----------------------------------------
00|00|00|FE |0708 |1/2  |10100100 |13107
00|00|00|FE |0708 |2/2  |10100100 |13108


---------------
Opcode: D0
ll: F8
Old PC: 070A Offset:-8 New PC: 0702
Instruction:BNE Addressing Mode:Relative - Operand (Value: "None", Address: "0x0702")
Instruction cycle count set to 2
A |X |Y |SP |PC   |T/MT |NV-BDIZC |CYCLE
----------------------------------------
00|00|00|FE |0702 |1/3  |10100100 |13109
00|00|00|FE |0702 |2/3  |10100100 |13110
00|00|00|FE |0702 |3/3  |10100100 |13111


---------------
Opcode: 8D
ll: 00 hh: A0
Instruction:STA Addressing Mode:Absolute - Operand (Value: "0x00", Address: "0xA000")
Writing value 0x00 to address: 0xA000
0xA000: 0x00
Instruction cycle count set to 4
A |X |Y |SP |PC   |T/MT |NV-BDIZC |CYCLE
----------------------------------------
00|00|00|FE |0705 |1/4  |10100100 |13112
00|00|00|FE |0705 |2/4  |10100100 |13113
00|00|00|FE |0705 |3/4  |10100100 |13114
00|00|00|FE |0705 |4/4  |10100100 |13115


---------------
Opcode: 4A
Instruction:LSR Addressing Mode:Accumulator - Operand (Value: "0x00", Address: "None")
Instruction cycle count set to 2
A |X |Y |SP |PC   |T/MT |NV-BDIZC |CYCLE
----------------------------------------
00|00|00|FE |0706 |1/2  |00100110 |13116
00|00|00|FE |0706 |2/2  |00100110 |13117


---------------
Opcode: C9
ll: 02
Instruction:CMP Addressing Mode:Immediate - Operand (Value: "0x02", Address: "None")
Instruction cycle count set to 2
A |X |Y |SP |PC   |T/MT |NV-BDIZC |CYCLE
----------------------------------------
00|00|00|FE |0708 |1/2  |10100100 |13118
00|00|00|FE |0708 |2/2  |10100100 |13119


---------------
Opcode: D0
ll: F8
Old PC: 070A Offset:-8 New PC: 0702
Instruction:BNE Addressing Mode:Relative - Operand (Value: "None", Address: "0x0702")
Instruction cycle count set to 2
A |X |Y |SP |PC   |T/MT |NV-BDIZC |CYCLE
----------------------------------------
00|00|00|FE |0702 |1/3  |10100100 |13120
00|00|00|FE |0702 |2/3  |10100100 |13121
00|00|00|FE |0702 |3/3  |10100100 |13122


---------------
Opcode: 8D
ll: 00 hh: A0
Instruction:STA Addressing Mode:Absolute - Operand (Value: "0x00", Address: "0xA000")
Writing value 0x00 to address: 0xA000
0xA000: 0x00
Instruction cycle count set to 4
A |X |Y |SP |PC   |T/MT |NV-BDIZC |CYCLE
----------------------------------------
00|00|00|FE |0705 |1/4  |10100100 |13123
00|00|00|FE |0705 |2/4  |10100100 |13124
00|00|00|FE |0705 |3/4  |10100100 |13125
00|00|00|FE |0705 |4/4  |10100100 |13126


---------------
Opcode: 4A
Instruction:LSR Addressing Mode:Accumulator - Operand (Value: "0x00", Address: "None")
Instruction cycle count set to 2
A |X |Y |SP |PC   |T/MT |NV-BDIZC |CYCLE
----------------------------------------
00|00|00|FE |0706 |1/2  |00100110 |13127
00|00|00|FE |0706 |2/2  |00100110 |13128


---------------
Opcode: C9
ll: 02
Instruction:CMP Addressing Mode:Immediate - Operand (Value: "0x02", Address: "None")
Instruction cycle count set to 2
A |X |Y |SP |PC   |T/MT |NV-BDIZC |CYCLE
----------------------------------------
00|00|00|FE |0708 |1/2  |10100100 |13129
00|00|00|FE |0708 |2/2  |10100100 |13130


---------------
Opcode: D0
ll: F8
Old PC: 070A Offset:-8 New PC: 0702
Instruction:BNE Addressing Mode:Relative - Operand (Value: "None", Address: "0x0702")
Instruction cycle count set to 2
A |X |Y |SP |PC   |T/MT |NV-BDIZC |CYCLE
----------------------------------------
00|00|00|FE |0702 |1/3  |10100100 |13131
00|00|00|FE |0702 |2/3  |10100100 |13132
00|00|00|FE |0702 |3/3  |10100100 |13133


---------------
Opcode: 8D
ll: 00 hh: A0
Instruction:STA Addressing Mode:Absolute - Operand (Value: "0x00", Address: "0xA000")
Writing value 0x00 to address: 0xA000
0xA000: 0x00
Instruction cycle count set to 4
A |X |Y |SP |PC   |T/MT |NV-BDIZC |CYCLE
----------------------------------------
00|00|00|FE |0705 |1/4  |10100100 |13134
00|00|00|FE |0705 |2/4  |10100100 |13135
00|00|00|FE |0705 |3/4  |10100100 |13136
00|00|00|FE |0705 |4/4  |10100100 |13137


---------------
Opcode: 4A
Instruction:LSR Addressing Mode:Accumulator - Operand (Value: "0x00", Address: "None")
Instruction cycle count set to 2
A |X |Y |SP |PC   |T/MT |NV-BDIZC |CYCLE
----------------------------------------
00|00|00|FE |0706 |1/2  |00100110 |13138
00|00|00|FE |0706 |2/2  |00100110 |13139


---------------
Opcode: C9
ll: 02
Instruction:CMP Addressing Mode:Immediate - Operand (Value: "0x02", Address: "None")
Instruction cycle count set to 2
A |X |Y |SP |PC   |T/MT |NV-BDIZC |CYCLE
----------------------------------------
00|00|00|FE |0708 |1/2  |10100100 |13140
00|00|00|FE |0708 |2/2  |10100100 |13141


---------------
Opcode: D0
ll: F8
Old PC: 070A Offset:-8 New PC: 0702
Instruction:BNE Addressing Mode:Relative - Operand (Value: "None", Address: "0x0702")
Instruction cycle count set to 2
A |X |Y |SP |PC   |T/MT |NV-BDIZC |CYCLE
----------------------------------------
00|00|00|FE |0702 |1/3  |10100100 |13142
00|00|00|FE |0702 |2/3  |10100100 |13143
00|00|00|FE |0702 |3/3  |10100100 |13144


---------------
Opcode: 8D
ll: 00 hh: A0
Instruction:STA Addressing Mode:Absolute - Operand (Value: "0x00", Address: "0xA000")
Writing value 0x00 to address: 0xA000
0xA000: 0x00
Instruction cycle count set to 4
A |X |Y |SP |PC   |T/MT |NV-BDIZC |CYCLE
----------------------------------------
00|00|00|FE |0705 |1/4  |10100100 |13145
00|00|00|FE |0705 |2/4  |10100100 |13146
00|00|00|FE |0705 |3/4  |10100100 |13147
00|00|00|FE |0705 |4/4  |10100100 |13148


---------------
Opcode: 4A
Instruction:LSR Addressing Mode:Accumulator - Operand (Value: "0x00", Address: "None")
Instruction cycle count set to 2
A |X |Y |SP |PC   |T/MT |NV-BDIZC |CYCLE
----------------------------------------
00|00|00|FE |0706 |1/2  |00100110 |13149
00|00|00|FE |0706 |2/2  |00100110 |13150


---------------
Opcode: C9
ll: 02
Instruction:CMP Addressing Mode:Immediate - Operand (Value: "0x02", Address: "None")
Instruction cycle count set to 2
A |X |Y |SP |PC   |T/MT |NV-BDIZC |CYCLE
----------------------------------------
00|00|00|FE |0708 |1/2  |10100100 |13151
00|00|00|FE |0708 |2/2  |10100100 |13152


---------------
Opcode: D0
ll: F8
Old PC: 070A Offset:-8 New PC: 0702
Instruction:BNE Addressing Mode:Relative - Operand (Value: "None", Address: "0x0702")
Instruction cycle count set to 2
A |X |Y |SP |PC   |T/MT |NV-BDIZC |CYCLE
----------------------------------------
00|00|00|FE |0702 |1/3  |10100100 |13153
00|00|00|FE |0702 |2/3  |10100100 |13154
00|00|00|FE |0702 |3/3  |10100100 |13155


---------------
Opcode: 8D
ll: 00 hh: A0
Instruction:STA Addressing Mode:Absolute - Operand (Value: "0x00", Address: "0xA000")
Writing value 0x00 to address: 0xA000
0xA000: 0x00
Instruction cycle count set to 4
A |X |Y |SP |PC   |T/MT |NV-BDIZC |CYCLE
----------------------------------------
00|00|00|FE |0705 |1/4  |10100100 |13156
00|00|00|FE |0705 |2/4  |10100100 |13157
00|00|00|FE |0705 |3/4  |10100100 |13158
00|00|00|FE |0705 |4/4  |10100100 |13159


---------------
Opcode: 4A
Instruction:LSR Addressing Mode:Accumulator - Operand (Value: "0x00", Address: "None")
Instruction cycle count set to 2
A |X |Y |SP |PC   |T/MT |NV-BDIZC |CYCLE
----------------------------------------
00|00|00|FE |0706 |1/2  |00100110 |13160
00|00|00|FE |0706 |2/2  |00100110 |13161


---------------
Opcode: C9
ll: 02
Instruction:CMP Addressing Mode:Immediate - Operand (Value: "0x02", Address: "None")
Instruction cycle count set to 2
A |X |Y |SP |PC   |T/MT |NV-BDIZC |CYCLE
----------------------------------------
00|00|00|FE |0708 |1/2  |10100100 |13162
00|00|00|FE |0708 |2/2  |10100100 |13163


---------------
Opcode: D0
ll: F8
Old PC: 070A Offset:-8 New PC: 0702
Instruction:BNE Addressing Mode:Relative - Operand (Value: "None", Address: "0x0702")
Instruction cycle count set to 2
A |X |Y |SP |PC   |T/MT |NV-BDIZC |CYCLE
----------------------------------------
00|00|00|FE |0702 |1/3  |10100100 |13164
00|00|00|FE |0702 |2/3  |10100100 |13165
00|00|00|FE |0702 |3/3  |10100100 |13166


---------------
Opcode: 8D
ll: 00 hh: A0
Instruction:STA Addressing Mode:Absolute - Operand (Value: "0x00", Address: "0xA000")
Writing value 0x00 to address: 0xA000
0xA000: 0x00
Instruction cycle count set to 4
A |X |Y |SP |PC   |T/MT |NV-BDIZC |CYCLE
----------------------------------------
00|00|00|FE |0705 |1/4  |10100100 |13167
00|00|00|FE |0705 |2/4  |10100100 |13168
00|00|00|FE |0705 |3/4  |10100100 |13169
00|00|00|FE |0705 |4/4  |10100100 |13170


---------------
Opcode: 4A
Instruction:LSR Addressing Mode:Accumulator - Operand (Value: "0x00", Address: "None")
Instruction cycle count set to 2
A |X |Y |SP |PC   |T/MT |NV-BDIZC |CYCLE
----------------------------------------
00|00|00|FE |0706 |1/2  |00100110 |13171
00|00|00|FE |0706 |2/2  |00100110 |13172


---------------
Opcode: C9
ll: 02
Instruction:CMP Addressing Mode:Immediate - Operand (Value: "0x02", Address: "None")
Instruction cycle count set to 2
A |X |Y |SP |PC   |T/MT |NV-BDIZC |CYCLE
----------------------------------------
00|00|00|FE |0708 |1/2  |10100100 |13173
00|00|00|FE |0708 |2/2  |10100100 |13174


---------------
Opcode: D0
ll: F8
Old PC: 070A Offset:-8 New PC: 0702
Instruction:BNE Addressing Mode:Relative - Operand (Value: "None", Address: "0x0702")
Instruction cycle count set to 2
A |X |Y |SP |PC   |T/MT |NV-BDIZC |CYCLE
----------------------------------------
00|00|00|FE |0702 |1/3  |10100100 |13175
00|00|00|FE |0702 |2/3  |10100100 |13176
00|00|00|FE |0702 |3/3  |10100100 |13177


---------------
Opcode: 8D
ll: 00 hh: A0
Instruction:STA Addressing Mode:Absolute - Operand (Value: "0x00", Address: "0xA000")
Writing value 0x00 to address: 0xA000
0xA000: 0x00
Instruction cycle count set to 4
A |X |Y |SP |PC   |T/MT |NV-BDIZC |CYCLE
----------------------------------------
00|00|00|FE |0705 |1/4  |10100100 |13178
00|00|00|FE |0705 |2/4  |10100100 |13179
00|00|00|FE |0705 |3/4  |10100100 |13180
00|00|00|FE |0705 |4/4  |10100100 |13181


---------------
Opcode: 4A
Instruction:LSR Addressing Mode:Accumulator - Operand (Value: "0x00", Address: "None")
Instruction cycle count set to 2
A |X |Y |SP |PC   |T/MT |NV-BDIZC |CYCLE
----------------------------------------
00|00|00|FE |0706 |1/2  |00100110 |13182
00|00|00|FE |0706 |2/2  |00100110 |13183


---------------
Opcode: C9
ll: 02
Instruction:CMP Addressing Mode:Immediate - Operand (Value: "0x02", Address: "None")
Instruction cycle count set to 2
A |X |Y |SP |PC   |T/MT |NV-BDIZC |CYCLE
----------------------------------------
00|00|00|FE |0708 |1/2  |10100100 |13184
00|00|00|FE |0708 |2/2  |10100100 |13185


---------------
Opcode: D0
ll: F8
Old PC: 070A Offset:-8 New PC: 0702
Instruction:BNE Addressing Mode:Relative - Operand (Value: "None", Address: "0x0702")
Instruction cycle count set to 2
A |X |Y |SP |PC   |T/MT |NV-BDIZC |CYCLE
----------------------------------------
00|00|00|FE |0702 |1/3  |10100100 |13186
00|00|00|FE |0702 |2/3  |10100100 |13187
00|00|00|FE |0702 |3/3  |10100100 |13188


---------------
Opcode: 8D
ll: 00 hh: A0
Instruction:STA Addressing Mode:Absolute - Operand (Value: "0x00", Address: "0xA000")
Writing value 0x00 to address: 0xA000
0xA000: 0x00
Instruction cycle count set to 4
A |X |Y |SP |PC   |T/MT |NV-BDIZC |CYCLE
----------------------------------------
00|00|00|FE |0705 |1/4  |10100100 |13189
00|00|00|FE |0705 |2/4  |10100100 |13190
00|00|00|FE |0705 |3/4  |10100100 |13191
00|00|00|FE |0705 |4/4  |10100100 |13192


---------------
Opcode: 4A
Instruction:LSR Addressing Mode:Accumulator - Operand (Value: "0x00", Address: "None")
Instruction cycle count set to 2
A |X |Y |SP |PC   |T/MT |NV-BDIZC |CYCLE
----------------------------------------
00|00|00|FE |0706 |1/2  |00100110 |13193
00|00|00|FE |0706 |2/2  |00100110 |13194


---------------
Opcode: C9
ll: 02
Instruction:CMP Addressing Mode:Immediate - Operand (Value: "0x02", Address: "None")
Instruction cycle count set to 2
A |X |Y |SP |PC   |T/MT |NV-BDIZC |CYCLE
----------------------------------------
00|00|00|FE |0708 |1/2  |10100100 |13195
00|00|00|FE |0708 |2/2  |10100100 |13196


---------------
Opcode: D0
ll: F8
Old PC: 070A Offset:-8 New PC: 0702
Instruction:BNE Addressing Mode:Relative - Operand (Value: "None", Address: "0x0702")
Instruction cycle count set to 2
A |X |Y |SP |PC   |T/MT |NV-BDIZC |CYCLE
----------------------------------------
00|00|00|FE |0702 |1/3  |10100100 |13197
00|00|00|FE |0702 |2/3  |10100100 |13198
00|00|00|FE |0702 |3/3  |10100100 |13199


---------------
Opcode: 8D
ll: 00 hh: A0
Instruction:STA Addressing Mode:Absolute - Operand (Value: "0x00", Address: "0xA000")
Writing value 0x00 to address: 0xA000
0xA000: 0x00
Instruction cycle count set to 4
A |X |Y |SP |PC   |T/MT |NV-BDIZC |CYCLE
----------------------------------------
00|00|00|FE |0705 |1/4  |10100100 |13200
00|00|00|FE |0705 |2/4  |10100100 |13201
00|00|00|FE |0705 |3/4  |10100100 |13202
00|00|00|FE |0705 |4/4  |10100100 |13203


---------------
Opcode: 4A
Instruction:LSR Addressing Mode:Accumulator - Operand (Value: "0x00", Address: "None")
Instruction cycle count set to 2
A |X |Y |SP |PC   |T/MT |NV-BDIZC |CYCLE
----------------------------------------
00|00|00|FE |0706 |1/2  |00100110 |13204
00|00|00|FE |0706 |2/2  |00100110 |13205


---------------
Opcode: C9
ll: 02
Instruction:CMP Addressing Mode:Immediate - Operand (Value: "0x02", Address: "None")
Instruction cycle count set to 2
A |X |Y |SP |PC   |T/MT |NV-BDIZC |CYCLE
----------------------------------------
00|00|00|FE |0708 |1/2  |10100100 |13206
00|00|00|FE |0708 |2/2  |10100100 |13207


---------------
Opcode: D0
ll: F8
Old PC: 070A Offset:-8 New PC: 0702
Instruction:BNE Addressing Mode:Relative - Operand (Value: "None", Address: "0x0702")
Instruction cycle count set to 2
A |X |Y |SP |PC   |T/MT |NV-BDIZC |CYCLE
----------------------------------------
00|00|00|FE |0702 |1/3  |10100100 |13208
00|00|00|FE |0702 |2/3  |10100100 |13209
00|00|00|FE |0702 |3/3  |10100100 |13210


---------------
Opcode: 8D
ll: 00 hh: A0
Instruction:STA Addressing Mode:Absolute - Operand (Value: "0x00", Address: "0xA000")
Writing value 0x00 to address: 0xA000
0xA000: 0x00
Instruction cycle count set to 4
A |X |Y |SP |PC   |T/MT |NV-BDIZC |CYCLE
----------------------------------------
00|00|00|FE |0705 |1/4  |10100100 |13211
00|00|00|FE |0705 |2/4  |10100100 |13212
00|00|00|FE |0705 |3/4  |10100100 |13213
00|00|00|FE |0705 |4/4  |10100100 |13214


---------------
Opcode: 4A
Instruction:LSR Addressing Mode:Accumulator - Operand (Value: "0x00", Address: "None")
Instruction cycle count set to 2
A |X |Y |SP |PC   |T/MT |NV-BDIZC |CYCLE
----------------------------------------
00|00|00|FE |0706 |1/2  |00100110 |13215
00|00|00|FE |0706 |2/2  |00100110 |13216


---------------
Opcode: C9
ll: 02
Instruction:CMP Addressing Mode:Immediate - Operand (Value: "0x02", Address: "None")
Instruction cycle count set to 2
A |X |Y |SP |PC   |T/MT |NV-BDIZC |CYCLE
----------------------------------------
00|00|00|FE |0708 |1/2  |10100100 |13217
00|00|00|FE |0708 |2/2  |10100100 |13218


---------------
Opcode: D0
ll: F8
Old PC: 070A Offset:-8 New PC: 0702
Instruction:BNE Addressing Mode:Relative - Operand (Value: "None", Address: "0x0702")
Instruction cycle count set to 2
A |X |Y |SP |PC   |T/MT |NV-BDIZC |CYCLE
----------------------------------------
00|00|00|FE |0702 |1/3  |10100100 |13219
00|00|00|FE |0702 |2/3  |10100100 |13220
00|00|00|FE |0702 |3/3  |10100100 |13221


---------------
Opcode: 8D
ll: 00 hh: A0
Instruction:STA Addressing Mode:Absolute - Operand (Value: "0x00", Address: "0xA000")
Writing value 0x00 to address: 0xA000
0xA000: 0x00
Instruction cycle count set to 4
A |X |Y |SP |PC   |T/MT |NV-BDIZC |CYCLE
----------------------------------------
00|00|00|FE |0705 |1/4  |10100100 |13222
00|00|00|FE |0705 |2/4  |10100100 |13223
00|00|00|FE |0705 |3/4  |10100100 |13224
00|00|00|FE |0705 |4/4  |10100100 |13225


---------------
Opcode: 4A
Instruction:LSR Addressing Mode:Accumulator - Operand (Value: "0x00", Address: "None")
Instruction cycle count set to 2
A |X |Y |SP |PC   |T/MT |NV-BDIZC |CYCLE
----------------------------------------
00|00|00|FE |0706 |1/2  |00100110 |13226
00|00|00|FE |0706 |2/2  |00100110 |13227


---------------
Opcode: C9
ll: 02
Instruction:CMP Addressing Mode:Immediate - Operand (Value: "0x02", Address: "None")
Instruction cycle count set to 2
A |X |Y |SP |PC   |T/MT |NV-BDIZC |CYCLE
----------------------------------------
00|00|00|FE |0708 |1/2  |10100100 |13228
00|00|00|FE |0708 |2/2  |10100100 |13229


---------------
Opcode: D0
ll: F8
Old PC: 070A Offset:-8 New PC: 0702
Instruction:BNE Addressing Mode:Relative - Operand (Value: "None", Address: "0x0702")
Instruction cycle count set to 2
A |X |Y |SP |PC   |T/MT |NV-BDIZC |CYCLE
----------------------------------------
00|00|00|FE |0702 |1/3  |10100100 |13230
00|00|00|FE |0702 |2/3  |10100100 |13231
00|00|00|FE |0702 |3/3  |10100100 |13232


---------------
Opcode: 8D
ll: 00 hh: A0
Instruction:STA Addressing Mode:Absolute - Operand (Value: "0x00", Address: "0xA000")
Writing value 0x00 to address: 0xA000
0xA000: 0x00
Instruction cycle count set to 4
A |X |Y |SP |PC   |T/MT |NV-BDIZC |CYCLE
----------------------------------------
00|00|00|FE |0705 |1/4  |10100100 |13233
00|00|00|FE |0705 |2/4  |10100100 |13234
00|00|00|FE |0705 |3/4  |10100100 |13235
00|00|00|FE |0705 |4/4  |10100100 |13236


---------------
Opcode: 4A
Instruction:LSR Addressing Mode:Accumulator - Operand (Value: "0x00", Address: "None")
Instruction cycle count set to 2
A |X |Y |SP |PC   |T/MT |NV-BDIZC |CYCLE
----------------------------------------
00|00|00|FE |0706 |1/2  |00100110 |13237
00|00|00|FE |0706 |2/2  |00100110 |13238


---------------
Opcode: C9
ll: 02
Instruction:CMP Addressing Mode:Immediate - Operand (Value: "0x02", Address: "None")
Instruction cycle count set to 2
A |X |Y |SP |PC   |T/MT |NV-BDIZC |CYCLE
----------------------------------------
00|00|00|FE |0708 |1/2  |10100100 |13239
00|00|00|FE |0708 |2/2  |10100100 |13240


---------------
Opcode: D0
ll: F8
Old PC: 070A Offset:-8 New PC: 0702
Instruction:BNE Addressing Mode:Relative - Operand (Value: "None", Address: "0x0702")
Instruction cycle count set to 2
A |X |Y |SP |PC   |T/MT |NV-BDIZC |CYCLE
----------------------------------------
00|00|00|FE |0702 |1/3  |10100100 |13241
00|00|00|FE |0702 |2/3  |10100100 |13242
00|00|00|FE |0702 |3/3  |10100100 |13243


---------------
Opcode: 8D
ll: 00 hh: A0
Instruction:STA Addressing Mode:Absolute - Operand (Value: "0x00", Address: "0xA000")
Writing value 0x00 to address: 0xA000
0xA000: 0x00
Instruction cycle count set to 4
A |X |Y |SP |PC   |T/MT |NV-BDIZC |CYCLE
----------------------------------------
00|00|00|FE |0705 |1/4  |10100100 |13244
00|00|00|FE |0705 |2/4  |10100100 |13245
00|00|00|FE |0705 |3/4  |10100100 |13246
00|00|00|FE |0705 |4/4  |10100100 |13247


---------------
Opcode: 4A
Instruction:LSR Addressing Mode:Accumulator - Operand (Value: "0x00", Address: "None")
Instruction cycle count set to 2
A |X |Y |SP |PC   |T/MT |NV-BDIZC |CYCLE
----------------------------------------
00|00|00|FE |0706 |1/2  |00100110 |13248
00|00|00|FE |0706 |2/2  |00100110 |13249


---------------
Opcode: C9
ll: 02
Instruction:CMP Addressing Mode:Immediate - Operand (Value: "0x02", Address: "None")
Instruction cycle count set to 2
A |X |Y |SP |PC   |T/MT |NV-BDIZC |CYCLE
----------------------------------------
00|00|00|FE |0708 |1/2  |10100100 |13250
00|00|00|FE |0708 |2/2  |10100100 |13251


---------------
Opcode: D0
ll: F8
Old PC: 070A Offset:-8 New PC: 0702
Instruction:BNE Addressing Mode:Relative - Operand (Value: "None", Address: "0x0702")
Instruction cycle count set to 2
A |X |Y |SP |PC   |T/MT |NV-BDIZC |CYCLE
----------------------------------------
00|00|00|FE |0702 |1/3  |10100100 |13252
00|00|00|FE |0702 |2/3  |10100100 |13253
00|00|00|FE |0702 |3/3  |10100100 |13254


---------------
Opcode: 8D
ll: 00 hh: A0
Instruction:STA Addressing Mode:Absolute - Operand (Value: "0x00", Address: "0xA000")
Writing value 0x00 to address: 0xA000
0xA000: 0x00
Instruction cycle count set to 4
A |X |Y |SP |PC   |T/MT |NV-BDIZC |CYCLE
----------------------------------------
00|00|00|FE |0705 |1/4  |10100100 |13255
00|00|00|FE |0705 |2/4  |10100100 |13256
00|00|00|FE |0705 |3/4  |10100100 |13257
00|00|00|FE |0705 |4/4  |10100100 |13258


---------------
Opcode: 4A
Instruction:LSR Addressing Mode:Accumulator - Operand (Value: "0x00", Address: "None")
Instruction cycle count set to 2
A |X |Y |SP |PC   |T/MT |NV-BDIZC |CYCLE
----------------------------------------
00|00|00|FE |0706 |1/2  |00100110 |13259
00|00|00|FE |0706 |2/2  |00100110 |13260


---------------
Opcode: C9
ll: 02
Instruction:CMP Addressing Mode:Immediate - Operand (Value: "0x02", Address: "None")
Instruction cycle count set to 2
A |X |Y |SP |PC   |T/MT |NV-BDIZC |CYCLE
----------------------------------------
00|00|00|FE |0708 |1/2  |10100100 |13261
00|00|00|FE |0708 |2/2  |10100100 |13262


---------------
Opcode: D0
ll: F8
Old PC: 070A Offset:-8 New PC: 0702
Instruction:BNE Addressing Mode:Relative - Operand (Value: "None", Address: "0x0702")
Instruction cycle count set to 2
A |X |Y |SP |PC   |T/MT |NV-BDIZC |CYCLE
----------------------------------------
00|00|00|FE |0702 |1/3  |10100100 |13263
00|00|00|FE |0702 |2/3  |10100100 |13264
00|00|00|FE |0702 |3/3  |10100100 |13265


---------------
Opcode: 8D
ll: 00 hh: A0
Instruction:STA Addressing Mode:Absolute - Operand (Value: "0x00", Address: "0xA000")
Writing value 0x00 to address: 0xA000
0xA000: 0x00
Instruction cycle count set to 4
A |X |Y |SP |PC   |T/MT |NV-BDIZC |CYCLE
----------------------------------------
00|00|00|FE |0705 |1/4  |10100100 |13266
00|00|00|FE |0705 |2/4  |10100100 |13267
00|00|00|FE |0705 |3/4  |10100100 |13268
00|00|00|FE |0705 |4/4  |10100100 |13269


---------------
Opcode: 4A
Instruction:LSR Addressing Mode:Accumulator - Operand (Value: "0x00", Address: "None")
Instruction cycle count set to 2
A |X |Y |SP |PC   |T/MT |NV-BDIZC |CYCLE
----------------------------------------
00|00|00|FE |0706 |1/2  |00100110 |13270
00|00|00|FE |0706 |2/2  |00100110 |13271


---------------
Opcode: C9
ll: 02
Instruction:CMP Addressing Mode:Immediate - Operand (Value: "0x02", Address: "None")
Instruction cycle count set to 2
A |X |Y |SP |PC   |T/MT |NV-BDIZC |CYCLE
----------------------------------------
00|00|00|FE |0708 |1/2  |10100100 |13272
00|00|00|FE |0708 |2/2  |10100100 |13273


---------------
Opcode: D0
ll: F8
Old PC: 070A Offset:-8 New PC: 0702
Instruction:BNE Addressing Mode:Relative - Operand (Value: "None", Address: "0x0702")
Instruction cycle count set to 2
A |X |Y |SP |PC   |T/MT |NV-BDIZC |CYCLE
----------------------------------------
00|00|00|FE |0702 |1/3  |10100100 |13274
00|00|00|FE |0702 |2/3  |10100100 |13275
00|00|00|FE |0702 |3/3  |10100100 |13276


---------------
Opcode: 8D
ll: 00 hh: A0
Instruction:STA Addressing Mode:Absolute - Operand (Value: "0x00", Address: "0xA000")
Writing value 0x00 to address: 0xA000
0xA000: 0x00
Instruction cycle count set to 4
A |X |Y |SP |PC   |T/MT |NV-BDIZC |CYCLE
----------------------------------------
00|00|00|FE |0705 |1/4  |10100100 |13277
00|00|00|FE |0705 |2/4  |10100100 |13278
00|00|00|FE |0705 |3/4  |10100100 |13279
00|00|00|FE |0705 |4/4  |10100100 |13280


---------------
Opcode: 4A
Instruction:LSR Addressing Mode:Accumulator - Operand (Value: "0x00", Address: "None")
Instruction cycle count set to 2
A |X |Y |SP |PC   |T/MT |NV-BDIZC |CYCLE
----------------------------------------
00|00|00|FE |0706 |1/2  |00100110 |13281
00|00|00|FE |0706 |2/2  |00100110 |13282


---------------
Opcode: C9
ll: 02
Instruction:CMP Addressing Mode:Immediate - Operand (Value: "0x02", Address: "None")
Instruction cycle count set to 2
A |X |Y |SP |PC   |T/MT |NV-BDIZC |CYCLE
----------------------------------------
00|00|00|FE |0708 |1/2  |10100100 |13283
00|00|00|FE |0708 |2/2  |10100100 |13284


---------------
Opcode: D0
ll: F8
Old PC: 070A Offset:-8 New PC: 0702
Instruction:BNE Addressing Mode:Relative - Operand (Value: "None", Address: "0x0702")
Instruction cycle count set to 2
A |X |Y |SP |PC   |T/MT |NV-BDIZC |CYCLE
----------------------------------------
00|00|00|FE |0702 |1/3  |10100100 |13285
00|00|00|FE |0702 |2/3  |10100100 |13286
00|00|00|FE |0702 |3/3  |10100100 |13287


---------------
Opcode: 8D
ll: 00 hh: A0
Instruction:STA Addressing Mode:Absolute - Operand (Value: "0x00", Address: "0xA000")
Writing value 0x00 to address: 0xA000
0xA000: 0x00
Instruction cycle count set to 4
A |X |Y |SP |PC   |T/MT |NV-BDIZC |CYCLE
----------------------------------------
00|00|00|FE |0705 |1/4  |10100100 |13288
00|00|00|FE |0705 |2/4  |10100100 |13289
00|00|00|FE |0705 |3/4  |10100100 |13290
00|00|00|FE |0705 |4/4  |10100100 |13291


---------------
Opcode: 4A
Instruction:LSR Addressing Mode:Accumulator - Operand (Value: "0x00", Address: "None")
Instruction cycle count set to 2
A |X |Y |SP |PC   |T/MT |NV-BDIZC |CYCLE
----------------------------------------
00|00|00|FE |0706 |1/2  |00100110 |13292
00|00|00|FE |0706 |2/2  |00100110 |13293


---------------
Opcode: C9
ll: 02
Instruction:CMP Addressing Mode:Immediate - Operand (Value: "0x02", Address: "None")
Instruction cycle count set to 2
A |X |Y |SP |PC   |T/MT |NV-BDIZC |CYCLE
----------------------------------------
00|00|00|FE |0708 |1/2  |10100100 |13294
00|00|00|FE |0708 |2/2  |10100100 |13295


---------------
Opcode: D0
ll: F8
Old PC: 070A Offset:-8 New PC: 0702
Instruction:BNE Addressing Mode:Relative - Operand (Value: "None", Address: "0x0702")
Instruction cycle count set to 2
A |X |Y |SP |PC   |T/MT |NV-BDIZC |CYCLE
----------------------------------------
00|00|00|FE |0702 |1/3  |10100100 |13296
00|00|00|FE |0702 |2/3  |10100100 |13297
00|00|00|FE |0702 |3/3  |10100100 |13298


---------------
Opcode: 8D
ll: 00 hh: A0
Instruction:STA Addressing Mode:Absolute - Operand (Value: "0x00", Address: "0xA000")
Writing value 0x00 to address: 0xA000
0xA000: 0x00
Instruction cycle count set to 4
A |X |Y |SP |PC   |T/MT |NV-BDIZC |CYCLE
----------------------------------------
00|00|00|FE |0705 |1/4  |10100100 |13299
00|00|00|FE |0705 |2/4  |10100100 |13300
00|00|00|FE |0705 |3/4  |10100100 |13301
00|00|00|FE |0705 |4/4  |10100100 |13302


---------------
Opcode: 4A
Instruction:LSR Addressing Mode:Accumulator - Operand (Value: "0x00", Address: "None")
Instruction cycle count set to 2
A |X |Y |SP |PC   |T/MT |NV-BDIZC |CYCLE
----------------------------------------
00|00|00|FE |0706 |1/2  |00100110 |13303
00|00|00|FE |0706 |2/2  |00100110 |13304


---------------
Opcode: C9
ll: 02
Instruction:CMP Addressing Mode:Immediate - Operand (Value: "0x02", Address: "None")
Instruction cycle count set to 2
A |X |Y |SP |PC   |T/MT |NV-BDIZC |CYCLE
----------------------------------------
00|00|00|FE |0708 |1/2  |10100100 |13305
00|00|00|FE |0708 |2/2  |10100100 |13306


---------------
Opcode: D0
ll: F8
Old PC: 070A Offset:-8 New PC: 0702
Instruction:BNE Addressing Mode:Relative - Operand (Value: "None", Address: "0x0702")
Instruction cycle count set to 2
A |X |Y |SP |PC   |T/MT |NV-BDIZC |CYCLE
----------------------------------------
00|00|00|FE |0702 |1/3  |10100100 |13307
00|00|00|FE |0702 |2/3  |10100100 |13308
00|00|00|FE |0702 |3/3  |10100100 |13309


---------------
Opcode: 8D
ll: 00 hh: A0
Instruction:STA Addressing Mode:Absolute - Operand (Value: "0x00", Address: "0xA000")
Writing value 0x00 to address: 0xA000
0xA000: 0x00
Instruction cycle count set to 4
A |X |Y |SP |PC   |T/MT |NV-BDIZC |CYCLE
----------------------------------------
00|00|00|FE |0705 |1/4  |10100100 |13310
00|00|00|FE |0705 |2/4  |10100100 |13311
00|00|00|FE |0705 |3/4  |10100100 |13312
00|00|00|FE |0705 |4/4  |10100100 |13313


---------------
Opcode: 4A
Instruction:LSR Addressing Mode:Accumulator - Operand (Value: "0x00", Address: "None")
Instruction cycle count set to 2
A |X |Y |SP |PC   |T/MT |NV-BDIZC |CYCLE
----------------------------------------
00|00|00|FE |0706 |1/2  |00100110 |13314
00|00|00|FE |0706 |2/2  |00100110 |13315


---------------
Opcode: C9
ll: 02
Instruction:CMP Addressing Mode:Immediate - Operand (Value: "0x02", Address: "None")
Instruction cycle count set to 2
A |X |Y |SP |PC   |T/MT |NV-BDIZC |CYCLE
----------------------------------------
00|00|00|FE |0708 |1/2  |10100100 |13316
00|00|00|FE |0708 |2/2  |10100100 |13317


---------------
Opcode: D0
ll: F8
Old PC: 070A Offset:-8 New PC: 0702
Instruction:BNE Addressing Mode:Relative - Operand (Value: "None", Address: "0x0702")
Instruction cycle count set to 2
A |X |Y |SP |PC   |T/MT |NV-BDIZC |CYCLE
----------------------------------------
00|00|00|FE |0702 |1/3  |10100100 |13318
00|00|00|FE |0702 |2/3  |10100100 |13319
00|00|00|FE |0702 |3/3  |10100100 |13320


---------------
Opcode: 8D
ll: 00 hh: A0
Instruction:STA Addressing Mode:Absolute - Operand (Value: "0x00", Address: "0xA000")
Writing value 0x00 to address: 0xA000
0xA000: 0x00
Instruction cycle count set to 4
A |X |Y |SP |PC   |T/MT |NV-BDIZC |CYCLE
----------------------------------------
00|00|00|FE |0705 |1/4  |10100100 |13321
00|00|00|FE |0705 |2/4  |10100100 |13322
00|00|00|FE |0705 |3/4  |10100100 |13323
00|00|00|FE |0705 |4/4  |10100100 |13324


---------------
Opcode: 4A
Instruction:LSR Addressing Mode:Accumulator - Operand (Value: "0x00", Address: "None")
Instruction cycle count set to 2
A |X |Y |SP |PC   |T/MT |NV-BDIZC |CYCLE
----------------------------------------
00|00|00|FE |0706 |1/2  |00100110 |13325
00|00|00|FE |0706 |2/2  |00100110 |13326


---------------
Opcode: C9
ll: 02
Instruction:CMP Addressing Mode:Immediate - Operand (Value: "0x02", Address: "None")
Instruction cycle count set to 2
A |X |Y |SP |PC   |T/MT |NV-BDIZC |CYCLE
----------------------------------------
00|00|00|FE |0708 |1/2  |10100100 |13327
00|00|00|FE |0708 |2/2  |10100100 |13328


---------------
Opcode: D0
ll: F8
Old PC: 070A Offset:-8 New PC: 0702
Instruction:BNE Addressing Mode:Relative - Operand (Value: "None", Address: "0x0702")
Instruction cycle count set to 2
A |X |Y |SP |PC   |T/MT |NV-BDIZC |CYCLE
----------------------------------------
00|00|00|FE |0702 |1/3  |10100100 |13329
00|00|00|FE |0702 |2/3  |10100100 |13330
00|00|00|FE |0702 |3/3  |10100100 |13331


---------------
Opcode: 8D
ll: 00 hh: A0
Instruction:STA Addressing Mode:Absolute - Operand (Value: "0x00", Address: "0xA000")
Writing value 0x00 to address: 0xA000
0xA000: 0x00
Instruction cycle count set to 4
A |X |Y |SP |PC   |T/MT |NV-BDIZC |CYCLE
----------------------------------------
00|00|00|FE |0705 |1/4  |10100100 |13332
00|00|00|FE |0705 |2/4  |10100100 |13333
00|00|00|FE |0705 |3/4  |10100100 |13334
00|00|00|FE |0705 |4/4  |10100100 |13335


---------------
Opcode: 4A
Instruction:LSR Addressing Mode:Accumulator - Operand (Value: "0x00", Address: "None")
Instruction cycle count set to 2
A |X |Y |SP |PC   |T/MT |NV-BDIZC |CYCLE
----------------------------------------
00|00|00|FE |0706 |1/2  |00100110 |13336
00|00|00|FE |0706 |2/2  |00100110 |13337


---------------
Opcode: C9
ll: 02
Instruction:CMP Addressing Mode:Immediate - Operand (Value: "0x02", Address: "None")
Instruction cycle count set to 2
A |X |Y |SP |PC   |T/MT |NV-BDIZC |CYCLE
----------------------------------------
00|00|00|FE |0708 |1/2  |10100100 |13338
00|00|00|FE |0708 |2/2  |10100100 |13339


---------------
Opcode: D0
ll: F8
Old PC: 070A Offset:-8 New PC: 0702
Instruction:BNE Addressing Mode:Relative - Operand (Value: "None", Address: "0x0702")
Instruction cycle count set to 2
A |X |Y |SP |PC   |T/MT |NV-BDIZC |CYCLE
----------------------------------------
00|00|00|FE |0702 |1/3  |10100100 |13340
00|00|00|FE |0702 |2/3  |10100100 |13341
00|00|00|FE |0702 |3/3  |10100100 |13342


---------------
Opcode: 8D
ll: 00 hh: A0
Instruction:STA Addressing Mode:Absolute - Operand (Value: "0x00", Address: "0xA000")
Writing value 0x00 to address: 0xA000
0xA000: 0x00
Instruction cycle count set to 4
A |X |Y |SP |PC   |T/MT |NV-BDIZC |CYCLE
----------------------------------------
00|00|00|FE |0705 |1/4  |10100100 |13343
00|00|00|FE |0705 |2/4  |10100100 |13344
00|00|00|FE |0705 |3/4  |10100100 |13345
00|00|00|FE |0705 |4/4  |10100100 |13346


---------------
Opcode: 4A
Instruction:LSR Addressing Mode:Accumulator - Operand (Value: "0x00", Address: "None")
Instruction cycle count set to 2
A |X |Y |SP |PC   |T/MT |NV-BDIZC |CYCLE
----------------------------------------
00|00|00|FE |0706 |1/2  |00100110 |13347
00|00|00|FE |0706 |2/2  |00100110 |13348


---------------
Opcode: C9
ll: 02
Instruction:CMP Addressing Mode:Immediate - Operand (Value: "0x02", Address: "None")
Instruction cycle count set to 2
A |X |Y |SP |PC   |T/MT |NV-BDIZC |CYCLE
----------------------------------------
00|00|00|FE |0708 |1/2  |10100100 |13349
00|00|00|FE |0708 |2/2  |10100100 |13350


---------------
Opcode: D0
ll: F8
Old PC: 070A Offset:-8 New PC: 0702
Instruction:BNE Addressing Mode:Relative - Operand (Value: "None", Address: "0x0702")
Instruction cycle count set to 2
A |X |Y |SP |PC   |T/MT |NV-BDIZC |CYCLE
----------------------------------------
00|00|00|FE |0702 |1/3  |10100100 |13351
00|00|00|FE |0702 |2/3  |10100100 |13352
00|00|00|FE |0702 |3/3  |10100100 |13353


---------------
Opcode: 8D
ll: 00 hh: A0
Instruction:STA Addressing Mode:Absolute - Operand (Value: "0x00", Address: "0xA000")
Writing value 0x00 to address: 0xA000
0xA000: 0x00
Instruction cycle count set to 4
A |X |Y |SP |PC   |T/MT |NV-BDIZC |CYCLE
----------------------------------------
00|00|00|FE |0705 |1/4  |10100100 |13354
00|00|00|FE |0705 |2/4  |10100100 |13355
00|00|00|FE |0705 |3/4  |10100100 |13356
00|00|00|FE |0705 |4/4  |10100100 |13357


---------------
Opcode: 4A
Instruction:LSR Addressing Mode:Accumulator - Operand (Value: "0x00", Address: "None")
Instruction cycle count set to 2
A |X |Y |SP |PC   |T/MT |NV-BDIZC |CYCLE
----------------------------------------
00|00|00|FE |0706 |1/2  |00100110 |13358
00|00|00|FE |0706 |2/2  |00100110 |13359


---------------
Opcode: C9
ll: 02
Instruction:CMP Addressing Mode:Immediate - Operand (Value: "0x02", Address: "None")
Instruction cycle count set to 2
A |X |Y |SP |PC   |T/MT |NV-BDIZC |CYCLE
----------------------------------------
00|00|00|FE |0708 |1/2  |10100100 |13360
00|00|00|FE |0708 |2/2  |10100100 |13361


---------------
Opcode: D0
ll: F8
Old PC: 070A Offset:-8 New PC: 0702
Instruction:BNE Addressing Mode:Relative - Operand (Value: "None", Address: "0x0702")
Instruction cycle count set to 2
A |X |Y |SP |PC   |T/MT |NV-BDIZC |CYCLE
----------------------------------------
00|00|00|FE |0702 |1/3  |10100100 |13362
00|00|00|FE |0702 |2/3  |10100100 |13363
00|00|00|FE |0702 |3/3  |10100100 |13364


---------------
Opcode: 8D
ll: 00 hh: A0
Instruction:STA Addressing Mode:Absolute - Operand (Value: "0x00", Address: "0xA000")
Writing value 0x00 to address: 0xA000
0xA000: 0x00
Instruction cycle count set to 4
A |X |Y |SP |PC   |T/MT |NV-BDIZC |CYCLE
----------------------------------------
00|00|00|FE |0705 |1/4  |10100100 |13365
00|00|00|FE |0705 |2/4  |10100100 |13366
00|00|00|FE |0705 |3/4  |10100100 |13367
00|00|00|FE |0705 |4/4  |10100100 |13368


---------------
Opcode: 4A
Instruction:LSR Addressing Mode:Accumulator - Operand (Value: "0x00", Address: "None")
Instruction cycle count set to 2
A |X |Y |SP |PC   |T/MT |NV-BDIZC |CYCLE
----------------------------------------
00|00|00|FE |0706 |1/2  |00100110 |13369
00|00|00|FE |0706 |2/2  |00100110 |13370


---------------
Opcode: C9
ll: 02
Instruction:CMP Addressing Mode:Immediate - Operand (Value: "0x02", Address: "None")
Instruction cycle count set to 2
A |X |Y |SP |PC   |T/MT |NV-BDIZC |CYCLE
----------------------------------------
00|00|00|FE |0708 |1/2  |10100100 |13371
00|00|00|FE |0708 |2/2  |10100100 |13372


---------------
Opcode: D0
ll: F8
Old PC: 070A Offset:-8 New PC: 0702
Instruction:BNE Addressing Mode:Relative - Operand (Value: "None", Address: "0x0702")
Instruction cycle count set to 2
A |X |Y |SP |PC   |T/MT |NV-BDIZC |CYCLE
----------------------------------------
00|00|00|FE |0702 |1/3  |10100100 |13373
00|00|00|FE |0702 |2/3  |10100100 |13374
00|00|00|FE |0702 |3/3  |10100100 |13375


---------------
Opcode: 8D
ll: 00 hh: A0
Instruction:STA Addressing Mode:Absolute - Operand (Value: "0x00", Address: "0xA000")
Writing value 0x00 to address: 0xA000
0xA000: 0x00
Instruction cycle count set to 4
A |X |Y |SP |PC   |T/MT |NV-BDIZC |CYCLE
----------------------------------------
00|00|00|FE |0705 |1/4  |10100100 |13376
00|00|00|FE |0705 |2/4  |10100100 |13377
00|00|00|FE |0705 |3/4  |10100100 |13378
00|00|00|FE |0705 |4/4  |10100100 |13379


---------------
Opcode: 4A
Instruction:LSR Addressing Mode:Accumulator - Operand (Value: "0x00", Address: "None")
Instruction cycle count set to 2
A |X |Y |SP |PC   |T/MT |NV-BDIZC |CYCLE
----------------------------------------
00|00|00|FE |0706 |1/2  |00100110 |13380
00|00|00|FE |0706 |2/2  |00100110 |13381


---------------
Opcode: C9
ll: 02
Instruction:CMP Addressing Mode:Immediate - Operand (Value: "0x02", Address: "None")
Instruction cycle count set to 2
A |X |Y |SP |PC   |T/MT |NV-BDIZC |CYCLE
----------------------------------------
00|00|00|FE |0708 |1/2  |10100100 |13382
00|00|00|FE |0708 |2/2  |10100100 |13383


---------------
Opcode: D0
ll: F8
Old PC: 070A Offset:-8 New PC: 0702
Instruction:BNE Addressing Mode:Relative - Operand (Value: "None", Address: "0x0702")
Instruction cycle count set to 2
A |X |Y |SP |PC   |T/MT |NV-BDIZC |CYCLE
----------------------------------------
00|00|00|FE |0702 |1/3  |10100100 |13384
00|00|00|FE |0702 |2/3  |10100100 |13385
00|00|00|FE |0702 |3/3  |10100100 |13386


---------------
Opcode: 8D
ll: 00 hh: A0
Instruction:STA Addressing Mode:Absolute - Operand (Value: "0x00", Address: "0xA000")
Writing value 0x00 to address: 0xA000
0xA000: 0x00
Instruction cycle count set to 4
A |X |Y |SP |PC   |T/MT |NV-BDIZC |CYCLE
----------------------------------------
00|00|00|FE |0705 |1/4  |10100100 |13387
00|00|00|FE |0705 |2/4  |10100100 |13388
00|00|00|FE |0705 |3/4  |10100100 |13389
00|00|00|FE |0705 |4/4  |10100100 |13390


---------------
Opcode: 4A
Instruction:LSR Addressing Mode:Accumulator - Operand (Value: "0x00", Address: "None")
Instruction cycle count set to 2
A |X |Y |SP |PC   |T/MT |NV-BDIZC |CYCLE
----------------------------------------
00|00|00|FE |0706 |1/2  |00100110 |13391
00|00|00|FE |0706 |2/2  |00100110 |13392


---------------
Opcode: C9
ll: 02
Instruction:CMP Addressing Mode:Immediate - Operand (Value: "0x02", Address: "None")
Instruction cycle count set to 2
A |X |Y |SP |PC   |T/MT |NV-BDIZC |CYCLE
----------------------------------------
00|00|00|FE |0708 |1/2  |10100100 |13393
00|00|00|FE |0708 |2/2  |10100100 |13394


---------------
Opcode: D0
ll: F8
Old PC: 070A Offset:-8 New PC: 0702
Instruction:BNE Addressing Mode:Relative - Operand (Value: "None", Address: "0x0702")
Instruction cycle count set to 2
A |X |Y |SP |PC   |T/MT |NV-BDIZC |CYCLE
----------------------------------------
00|00|00|FE |0702 |1/3  |10100100 |13395
00|00|00|FE |0702 |2/3  |10100100 |13396
00|00|00|FE |0702 |3/3  |10100100 |13397


---------------
Opcode: 8D
ll: 00 hh: A0
Instruction:STA Addressing Mode:Absolute - Operand (Value: "0x00", Address: "0xA000")
Writing value 0x00 to address: 0xA000
0xA000: 0x00
Instruction cycle count set to 4
A |X |Y |SP |PC   |T/MT |NV-BDIZC |CYCLE
----------------------------------------
00|00|00|FE |0705 |1/4  |10100100 |13398
00|00|00|FE |0705 |2/4  |10100100 |13399
00|00|00|FE |0705 |3/4  |10100100 |13400
00|00|00|FE |0705 |4/4  |10100100 |13401


---------------
Opcode: 4A
Instruction:LSR Addressing Mode:Accumulator - Operand (Value: "0x00", Address: "None")
Instruction cycle count set to 2
A |X |Y |SP |PC   |T/MT |NV-BDIZC |CYCLE
----------------------------------------
00|00|00|FE |0706 |1/2  |00100110 |13402
00|00|00|FE |0706 |2/2  |00100110 |13403


---------------
Opcode: C9
ll: 02
Instruction:CMP Addressing Mode:Immediate - Operand (Value: "0x02", Address: "None")
Instruction cycle count set to 2
A |X |Y |SP |PC   |T/MT |NV-BDIZC |CYCLE
----------------------------------------
00|00|00|FE |0708 |1/2  |10100100 |13404
00|00|00|FE |0708 |2/2  |10100100 |13405


---------------
Opcode: D0
ll: F8
Old PC: 070A Offset:-8 New PC: 0702
Instruction:BNE Addressing Mode:Relative - Operand (Value: "None", Address: "0x0702")
Instruction cycle count set to 2
A |X |Y |SP |PC   |T/MT |NV-BDIZC |CYCLE
----------------------------------------
00|00|00|FE |0702 |1/3  |10100100 |13406
00|00|00|FE |0702 |2/3  |10100100 |13407
00|00|00|FE |0702 |3/3  |10100100 |13408


---------------
Opcode: 8D
ll: 00 hh: A0
Instruction:STA Addressing Mode:Absolute - Operand (Value: "0x00", Address: "0xA000")
Writing value 0x00 to address: 0xA000
0xA000: 0x00
Instruction cycle count set to 4
A |X |Y |SP |PC   |T/MT |NV-BDIZC |CYCLE
----------------------------------------
00|00|00|FE |0705 |1/4  |10100100 |13409
00|00|00|FE |0705 |2/4  |10100100 |13410
00|00|00|FE |0705 |3/4  |10100100 |13411
00|00|00|FE |0705 |4/4  |10100100 |13412


---------------
Opcode: 4A
Instruction:LSR Addressing Mode:Accumulator - Operand (Value: "0x00", Address: "None")
Instruction cycle count set to 2
A |X |Y |SP |PC   |T/MT |NV-BDIZC |CYCLE
----------------------------------------
00|00|00|FE |0706 |1/2  |00100110 |13413
00|00|00|FE |0706 |2/2  |00100110 |13414


---------------
Opcode: C9
ll: 02
Instruction:CMP Addressing Mode:Immediate - Operand (Value: "0x02", Address: "None")
Instruction cycle count set to 2
A |X |Y |SP |PC   |T/MT |NV-BDIZC |CYCLE
----------------------------------------
00|00|00|FE |0708 |1/2  |10100100 |13415
00|00|00|FE |0708 |2/2  |10100100 |13416


---------------
Opcode: D0
ll: F8
Old PC: 070A Offset:-8 New PC: 0702
Instruction:BNE Addressing Mode:Relative - Operand (Value: "None", Address: "0x0702")
Instruction cycle count set to 2
A |X |Y |SP |PC   |T/MT |NV-BDIZC |CYCLE
----------------------------------------
00|00|00|FE |0702 |1/3  |10100100 |13417
00|00|00|FE |0702 |2/3  |10100100 |13418
00|00|00|FE |0702 |3/3  |10100100 |13419


---------------
Opcode: 8D
ll: 00 hh: A0
Instruction:STA Addressing Mode:Absolute - Operand (Value: "0x00", Address: "0xA000")
Writing value 0x00 to address: 0xA000
0xA000: 0x00
Instruction cycle count set to 4
A |X |Y |SP |PC   |T/MT |NV-BDIZC |CYCLE
----------------------------------------
00|00|00|FE |0705 |1/4  |10100100 |13420
00|00|00|FE |0705 |2/4  |10100100 |13421
00|00|00|FE |0705 |3/4  |10100100 |13422
00|00|00|FE |0705 |4/4  |10100100 |13423


---------------
Opcode: 4A
Instruction:LSR Addressing Mode:Accumulator - Operand (Value: "0x00", Address: "None")
Instruction cycle count set to 2
A |X |Y |SP |PC   |T/MT |NV-BDIZC |CYCLE
----------------------------------------
00|00|00|FE |0706 |1/2  |00100110 |13424
00|00|00|FE |0706 |2/2  |00100110 |13425


---------------
Opcode: C9
ll: 02
Instruction:CMP Addressing Mode:Immediate - Operand (Value: "0x02", Address: "None")
Instruction cycle count set to 2
A |X |Y |SP |PC   |T/MT |NV-BDIZC |CYCLE
----------------------------------------
00|00|00|FE |0708 |1/2  |10100100 |13426
00|00|00|FE |0708 |2/2  |10100100 |13427


---------------
Opcode: D0
ll: F8
Old PC: 070A Offset:-8 New PC: 0702
Instruction:BNE Addressing Mode:Relative - Operand (Value: "None", Address: "0x0702")
Instruction cycle count set to 2
A |X |Y |SP |PC   |T/MT |NV-BDIZC |CYCLE
----------------------------------------
00|00|00|FE |0702 |1/3  |10100100 |13428
00|00|00|FE |0702 |2/3  |10100100 |13429
00|00|00|FE |0702 |3/3  |10100100 |13430


---------------
Opcode: 8D
ll: 00 hh: A0
Instruction:STA Addressing Mode:Absolute - Operand (Value: "0x00", Address: "0xA000")
Writing value 0x00 to address: 0xA000
0xA000: 0x00
Instruction cycle count set to 4
A |X |Y |SP |PC   |T/MT |NV-BDIZC |CYCLE
----------------------------------------
00|00|00|FE |0705 |1/4  |10100100 |13431
00|00|00|FE |0705 |2/4  |10100100 |13432
00|00|00|FE |0705 |3/4  |10100100 |13433
00|00|00|FE |0705 |4/4  |10100100 |13434


---------------
Opcode: 4A
Instruction:LSR Addressing Mode:Accumulator - Operand (Value: "0x00", Address: "None")
Instruction cycle count set to 2
A |X |Y |SP |PC   |T/MT |NV-BDIZC |CYCLE
----------------------------------------
00|00|00|FE |0706 |1/2  |00100110 |13435
00|00|00|FE |0706 |2/2  |00100110 |13436


---------------
Opcode: C9
ll: 02
Instruction:CMP Addressing Mode:Immediate - Operand (Value: "0x02", Address: "None")
Instruction cycle count set to 2
A |X |Y |SP |PC   |T/MT |NV-BDIZC |CYCLE
----------------------------------------
00|00|00|FE |0708 |1/2  |10100100 |13437
00|00|00|FE |0708 |2/2  |10100100 |13438


---------------
Opcode: D0
ll: F8
Old PC: 070A Offset:-8 New PC: 0702
Instruction:BNE Addressing Mode:Relative - Operand (Value: "None", Address: "0x0702")
Instruction cycle count set to 2
A |X |Y |SP |PC   |T/MT |NV-BDIZC |CYCLE
----------------------------------------
00|00|00|FE |0702 |1/3  |10100100 |13439
00|00|00|FE |0702 |2/3  |10100100 |13440
00|00|00|FE |0702 |3/3  |10100100 |13441


---------------
Opcode: 8D
ll: 00 hh: A0
Instruction:STA Addressing Mode:Absolute - Operand (Value: "0x00", Address: "0xA000")
Writing value 0x00 to address: 0xA000
0xA000: 0x00
Instruction cycle count set to 4
A |X |Y |SP |PC   |T/MT |NV-BDIZC |CYCLE
----------------------------------------
00|00|00|FE |0705 |1/4  |10100100 |13442
00|00|00|FE |0705 |2/4  |10100100 |13443
00|00|00|FE |0705 |3/4  |10100100 |13444
00|00|00|FE |0705 |4/4  |10100100 |13445


---------------
Opcode: 4A
Instruction:LSR Addressing Mode:Accumulator - Operand (Value: "0x00", Address: "None")
Instruction cycle count set to 2
A |X |Y |SP |PC   |T/MT |NV-BDIZC |CYCLE
----------------------------------------
00|00|00|FE |0706 |1/2  |00100110 |13446
00|00|00|FE |0706 |2/2  |00100110 |13447


---------------
Opcode: C9
ll: 02
Instruction:CMP Addressing Mode:Immediate - Operand (Value: "0x02", Address: "None")
Instruction cycle count set to 2
A |X |Y |SP |PC   |T/MT |NV-BDIZC |CYCLE
----------------------------------------
00|00|00|FE |0708 |1/2  |10100100 |13448
00|00|00|FE |0708 |2/2  |10100100 |13449


---------------
Opcode: D0
ll: F8
Old PC: 070A Offset:-8 New PC: 0702
Instruction:BNE Addressing Mode:Relative - Operand (Value: "None", Address: "0x0702")
Instruction cycle count set to 2
A |X |Y |SP |PC   |T/MT |NV-BDIZC |CYCLE
----------------------------------------
00|00|00|FE |0702 |1/3  |10100100 |13450
00|00|00|FE |0702 |2/3  |10100100 |13451
00|00|00|FE |0702 |3/3  |10100100 |13452


---------------
Opcode: 8D
ll: 00 hh: A0
Instruction:STA Addressing Mode:Absolute - Operand (Value: "0x00", Address: "0xA000")
Writing value 0x00 to address: 0xA000
0xA000: 0x00
Instruction cycle count set to 4
A |X |Y |SP |PC   |T/MT |NV-BDIZC |CYCLE
----------------------------------------
00|00|00|FE |0705 |1/4  |10100100 |13453
00|00|00|FE |0705 |2/4  |10100100 |13454
00|00|00|FE |0705 |3/4  |10100100 |13455
00|00|00|FE |0705 |4/4  |10100100 |13456


---------------
Opcode: 4A
Instruction:LSR Addressing Mode:Accumulator - Operand (Value: "0x00", Address: "None")
Instruction cycle count set to 2
A |X |Y |SP |PC   |T/MT |NV-BDIZC |CYCLE
----------------------------------------
00|00|00|FE |0706 |1/2  |00100110 |13457
00|00|00|FE |0706 |2/2  |00100110 |13458


---------------
Opcode: C9
ll: 02
Instruction:CMP Addressing Mode:Immediate - Operand (Value: "0x02", Address: "None")
Instruction cycle count set to 2
A |X |Y |SP |PC   |T/MT |NV-BDIZC |CYCLE
----------------------------------------
00|00|00|FE |0708 |1/2  |10100100 |13459
00|00|00|FE |0708 |2/2  |10100100 |13460


---------------
Opcode: D0
ll: F8
Old PC: 070A Offset:-8 New PC: 0702
Instruction:BNE Addressing Mode:Relative - Operand (Value: "None", Address: "0x0702")
Instruction cycle count set to 2
A |X |Y |SP |PC   |T/MT |NV-BDIZC |CYCLE
----------------------------------------
00|00|00|FE |0702 |1/3  |10100100 |13461
00|00|00|FE |0702 |2/3  |10100100 |13462
00|00|00|FE |0702 |3/3  |10100100 |13463


---------------
Opcode: 8D
ll: 00 hh: A0
Instruction:STA Addressing Mode:Absolute - Operand (Value: "0x00", Address: "0xA000")
Writing value 0x00 to address: 0xA000
0xA000: 0x00
Instruction cycle count set to 4
A |X |Y |SP |PC   |T/MT |NV-BDIZC |CYCLE
----------------------------------------
00|00|00|FE |0705 |1/4  |10100100 |13464
00|00|00|FE |0705 |2/4  |10100100 |13465
00|00|00|FE |0705 |3/4  |10100100 |13466
00|00|00|FE |0705 |4/4  |10100100 |13467


---------------
Opcode: 4A
Instruction:LSR Addressing Mode:Accumulator - Operand (Value: "0x00", Address: "None")
Instruction cycle count set to 2
A |X |Y |SP |PC   |T/MT |NV-BDIZC |CYCLE
----------------------------------------
00|00|00|FE |0706 |1/2  |00100110 |13468
00|00|00|FE |0706 |2/2  |00100110 |13469


---------------
Opcode: C9
ll: 02
Instruction:CMP Addressing Mode:Immediate - Operand (Value: "0x02", Address: "None")
Instruction cycle count set to 2
A |X |Y |SP |PC   |T/MT |NV-BDIZC |CYCLE
----------------------------------------
00|00|00|FE |0708 |1/2  |10100100 |13470
00|00|00|FE |0708 |2/2  |10100100 |13471


---------------
Opcode: D0
ll: F8
Old PC: 070A Offset:-8 New PC: 0702
Instruction:BNE Addressing Mode:Relative - Operand (Value: "None", Address: "0x0702")
Instruction cycle count set to 2
A |X |Y |SP |PC   |T/MT |NV-BDIZC |CYCLE
----------------------------------------
00|00|00|FE |0702 |1/3  |10100100 |13472
00|00|00|FE |0702 |2/3  |10100100 |13473
00|00|00|FE |0702 |3/3  |10100100 |13474


---------------
Opcode: 8D
ll: 00 hh: A0
Instruction:STA Addressing Mode:Absolute - Operand (Value: "0x00", Address: "0xA000")
Writing value 0x00 to address: 0xA000
0xA000: 0x00
Instruction cycle count set to 4
A |X |Y |SP |PC   |T/MT |NV-BDIZC |CYCLE
----------------------------------------
00|00|00|FE |0705 |1/4  |10100100 |13475
00|00|00|FE |0705 |2/4  |10100100 |13476
00|00|00|FE |0705 |3/4  |10100100 |13477
00|00|00|FE |0705 |4/4  |10100100 |13478


---------------
Opcode: 4A
Instruction:LSR Addressing Mode:Accumulator - Operand (Value: "0x00", Address: "None")
Instruction cycle count set to 2
A |X |Y |SP |PC   |T/MT |NV-BDIZC |CYCLE
----------------------------------------
00|00|00|FE |0706 |1/2  |00100110 |13479
00|00|00|FE |0706 |2/2  |00100110 |13480


---------------
Opcode: C9
ll: 02
Instruction:CMP Addressing Mode:Immediate - Operand (Value: "0x02", Address: "None")
Instruction cycle count set to 2
A |X |Y |SP |PC   |T/MT |NV-BDIZC |CYCLE
----------------------------------------
00|00|00|FE |0708 |1/2  |10100100 |13481
00|00|00|FE |0708 |2/2  |10100100 |13482


---------------
Opcode: D0
ll: F8
Old PC: 070A Offset:-8 New PC: 0702
Instruction:BNE Addressing Mode:Relative - Operand (Value: "None", Address: "0x0702")
Instruction cycle count set to 2
A |X |Y |SP |PC   |T/MT |NV-BDIZC |CYCLE
----------------------------------------
00|00|00|FE |0702 |1/3  |10100100 |13483
00|00|00|FE |0702 |2/3  |10100100 |13484
00|00|00|FE |0702 |3/3  |10100100 |13485


---------------
Opcode: 8D
ll: 00 hh: A0
Instruction:STA Addressing Mode:Absolute - Operand (Value: "0x00", Address: "0xA000")
Writing value 0x00 to address: 0xA000
0xA000: 0x00
Instruction cycle count set to 4
A |X |Y |SP |PC   |T/MT |NV-BDIZC |CYCLE
----------------------------------------
00|00|00|FE |0705 |1/4  |10100100 |13486
00|00|00|FE |0705 |2/4  |10100100 |13487
00|00|00|FE |0705 |3/4  |10100100 |13488
00|00|00|FE |0705 |4/4  |10100100 |13489


---------------
Opcode: 4A
Instruction:LSR Addressing Mode:Accumulator - Operand (Value: "0x00", Address: "None")
Instruction cycle count set to 2
A |X |Y |SP |PC   |T/MT |NV-BDIZC |CYCLE
----------------------------------------
00|00|00|FE |0706 |1/2  |00100110 |13490
00|00|00|FE |0706 |2/2  |00100110 |13491


---------------
Opcode: C9
ll: 02
Instruction:CMP Addressing Mode:Immediate - Operand (Value: "0x02", Address: "None")
Instruction cycle count set to 2
A |X |Y |SP |PC   |T/MT |NV-BDIZC |CYCLE
----------------------------------------
00|00|00|FE |0708 |1/2  |10100100 |13492
00|00|00|FE |0708 |2/2  |10100100 |13493


---------------
Opcode: D0
ll: F8
Old PC: 070A Offset:-8 New PC: 0702
Instruction:BNE Addressing Mode:Relative - Operand (Value: "None", Address: "0x0702")
Instruction cycle count set to 2
A |X |Y |SP |PC   |T/MT |NV-BDIZC |CYCLE
----------------------------------------
00|00|00|FE |0702 |1/3  |10100100 |13494
00|00|00|FE |0702 |2/3  |10100100 |13495
00|00|00|FE |0702 |3/3  |10100100 |13496


---------------
Opcode: 8D
ll: 00 hh: A0
Instruction:STA Addressing Mode:Absolute - Operand (Value: "0x00", Address: "0xA000")
Writing value 0x00 to address: 0xA000
0xA000: 0x00
Instruction cycle count set to 4
A |X |Y |SP |PC   |T/MT |NV-BDIZC |CYCLE
----------------------------------------
00|00|00|FE |0705 |1/4  |10100100 |13497
00|00|00|FE |0705 |2/4  |10100100 |13498
00|00|00|FE |0705 |3/4  |10100100 |13499
00|00|00|FE |0705 |4/4  |10100100 |13500


---------------
Opcode: 4A
Instruction:LSR Addressing Mode:Accumulator - Operand (Value: "0x00", Address: "None")
Instruction cycle count set to 2
A |X |Y |SP |PC   |T/MT |NV-BDIZC |CYCLE
----------------------------------------
00|00|00|FE |0706 |1/2  |00100110 |13501
00|00|00|FE |0706 |2/2  |00100110 |13502


---------------
Opcode: C9
ll: 02
Instruction:CMP Addressing Mode:Immediate - Operand (Value: "0x02", Address: "None")
Instruction cycle count set to 2
A |X |Y |SP |PC   |T/MT |NV-BDIZC |CYCLE
----------------------------------------
00|00|00|FE |0708 |1/2  |10100100 |13503
00|00|00|FE |0708 |2/2  |10100100 |13504


---------------
Opcode: D0
ll: F8
Old PC: 070A Offset:-8 New PC: 0702
Instruction:BNE Addressing Mode:Relative - Operand (Value: "None", Address: "0x0702")
Instruction cycle count set to 2
A |X |Y |SP |PC   |T/MT |NV-BDIZC |CYCLE
----------------------------------------
00|00|00|FE |0702 |1/3  |10100100 |13505
00|00|00|FE |0702 |2/3  |10100100 |13506
00|00|00|FE |0702 |3/3  |10100100 |13507


---------------
Opcode: 8D
ll: 00 hh: A0
Instruction:STA Addressing Mode:Absolute - Operand (Value: "0x00", Address: "0xA000")
Writing value 0x00 to address: 0xA000
0xA000: 0x00
Instruction cycle count set to 4
A |X |Y |SP |PC   |T/MT |NV-BDIZC |CYCLE
----------------------------------------
00|00|00|FE |0705 |1/4  |10100100 |13508
00|00|00|FE |0705 |2/4  |10100100 |13509
00|00|00|FE |0705 |3/4  |10100100 |13510
00|00|00|FE |0705 |4/4  |10100100 |13511


---------------
Opcode: 4A
Instruction:LSR Addressing Mode:Accumulator - Operand (Value: "0x00", Address: "None")
Instruction cycle count set to 2
A |X |Y |SP |PC   |T/MT |NV-BDIZC |CYCLE
----------------------------------------
00|00|00|FE |0706 |1/2  |00100110 |13512
00|00|00|FE |0706 |2/2  |00100110 |13513


---------------
Opcode: C9
ll: 02
Instruction:CMP Addressing Mode:Immediate - Operand (Value: "0x02", Address: "None")
Instruction cycle count set to 2
A |X |Y |SP |PC   |T/MT |NV-BDIZC |CYCLE
----------------------------------------
00|00|00|FE |0708 |1/2  |10100100 |13514
00|00|00|FE |0708 |2/2  |10100100 |13515


---------------
Opcode: D0
ll: F8
Old PC: 070A Offset:-8 New PC: 0702
Instruction:BNE Addressing Mode:Relative - Operand (Value: "None", Address: "0x0702")
Instruction cycle count set to 2
A |X |Y |SP |PC   |T/MT |NV-BDIZC |CYCLE
----------------------------------------
00|00|00|FE |0702 |1/3  |10100100 |13516
00|00|00|FE |0702 |2/3  |10100100 |13517
00|00|00|FE |0702 |3/3  |10100100 |13518


---------------
Opcode: 8D
ll: 00 hh: A0
Instruction:STA Addressing Mode:Absolute - Operand (Value: "0x00", Address: "0xA000")
Writing value 0x00 to address: 0xA000
0xA000: 0x00
Instruction cycle count set to 4
A |X |Y |SP |PC   |T/MT |NV-BDIZC |CYCLE
----------------------------------------
00|00|00|FE |0705 |1/4  |10100100 |13519
00|00|00|FE |0705 |2/4  |10100100 |13520
00|00|00|FE |0705 |3/4  |10100100 |13521
00|00|00|FE |0705 |4/4  |10100100 |13522


---------------
Opcode: 4A
Instruction:LSR Addressing Mode:Accumulator - Operand (Value: "0x00", Address: "None")
Instruction cycle count set to 2
A |X |Y |SP |PC   |T/MT |NV-BDIZC |CYCLE
----------------------------------------
00|00|00|FE |0706 |1/2  |00100110 |13523
00|00|00|FE |0706 |2/2  |00100110 |13524


---------------
Opcode: C9
ll: 02
Instruction:CMP Addressing Mode:Immediate - Operand (Value: "0x02", Address: "None")
Instruction cycle count set to 2
A |X |Y |SP |PC   |T/MT |NV-BDIZC |CYCLE
----------------------------------------
00|00|00|FE |0708 |1/2  |10100100 |13525
00|00|00|FE |0708 |2/2  |10100100 |13526


---------------
Opcode: D0
ll: F8
Old PC: 070A Offset:-8 New PC: 0702
Instruction:BNE Addressing Mode:Relative - Operand (Value: "None", Address: "0x0702")
Instruction cycle count set to 2
A |X |Y |SP |PC   |T/MT |NV-BDIZC |CYCLE
----------------------------------------
00|00|00|FE |0702 |1/3  |10100100 |13527
00|00|00|FE |0702 |2/3  |10100100 |13528
00|00|00|FE |0702 |3/3  |10100100 |13529


---------------
Opcode: 8D
ll: 00 hh: A0
Instruction:STA Addressing Mode:Absolute - Operand (Value: "0x00", Address: "0xA000")
Writing value 0x00 to address: 0xA000
0xA000: 0x00
Instruction cycle count set to 4
A |X |Y |SP |PC   |T/MT |NV-BDIZC |CYCLE
----------------------------------------
00|00|00|FE |0705 |1/4  |10100100 |13530
00|00|00|FE |0705 |2/4  |10100100 |13531
00|00|00|FE |0705 |3/4  |10100100 |13532
00|00|00|FE |0705 |4/4  |10100100 |13533


---------------
Opcode: 4A
Instruction:LSR Addressing Mode:Accumulator - Operand (Value: "0x00", Address: "None")
Instruction cycle count set to 2
A |X |Y |SP |PC   |T/MT |NV-BDIZC |CYCLE
----------------------------------------
00|00|00|FE |0706 |1/2  |00100110 |13534
00|00|00|FE |0706 |2/2  |00100110 |13535


---------------
Opcode: C9
ll: 02
Instruction:CMP Addressing Mode:Immediate - Operand (Value: "0x02", Address: "None")
Instruction cycle count set to 2
A |X |Y |SP |PC   |T/MT |NV-BDIZC |CYCLE
----------------------------------------
00|00|00|FE |0708 |1/2  |10100100 |13536
00|00|00|FE |0708 |2/2  |10100100 |13537


---------------
Opcode: D0
ll: F8
Old PC: 070A Offset:-8 New PC: 0702
Instruction:BNE Addressing Mode:Relative - Operand (Value: "None", Address: "0x0702")
Instruction cycle count set to 2
A |X |Y |SP |PC   |T/MT |NV-BDIZC |CYCLE
----------------------------------------
00|00|00|FE |0702 |1/3  |10100100 |13538
00|00|00|FE |0702 |2/3  |10100100 |13539
00|00|00|FE |0702 |3/3  |10100100 |13540


---------------
Opcode: 8D
ll: 00 hh: A0
Instruction:STA Addressing Mode:Absolute - Operand (Value: "0x00", Address: "0xA000")
Writing value 0x00 to address: 0xA000
0xA000: 0x00
Instruction cycle count set to 4
A |X |Y |SP |PC   |T/MT |NV-BDIZC |CYCLE
----------------------------------------
00|00|00|FE |0705 |1/4  |10100100 |13541
00|00|00|FE |0705 |2/4  |10100100 |13542
00|00|00|FE |0705 |3/4  |10100100 |13543
00|00|00|FE |0705 |4/4  |10100100 |13544


---------------
Opcode: 4A
Instruction:LSR Addressing Mode:Accumulator - Operand (Value: "0x00", Address: "None")
Instruction cycle count set to 2
A |X |Y |SP |PC   |T/MT |NV-BDIZC |CYCLE
----------------------------------------
00|00|00|FE |0706 |1/2  |00100110 |13545
00|00|00|FE |0706 |2/2  |00100110 |13546


---------------
Opcode: C9
ll: 02
Instruction:CMP Addressing Mode:Immediate - Operand (Value: "0x02", Address: "None")
Instruction cycle count set to 2
A |X |Y |SP |PC   |T/MT |NV-BDIZC |CYCLE
----------------------------------------
00|00|00|FE |0708 |1/2  |10100100 |13547
00|00|00|FE |0708 |2/2  |10100100 |13548


---------------
Opcode: D0
ll: F8
Old PC: 070A Offset:-8 New PC: 0702
Instruction:BNE Addressing Mode:Relative - Operand (Value: "None", Address: "0x0702")
Instruction cycle count set to 2
A |X |Y |SP |PC   |T/MT |NV-BDIZC |CYCLE
----------------------------------------
00|00|00|FE |0702 |1/3  |10100100 |13549
00|00|00|FE |0702 |2/3  |10100100 |13550
00|00|00|FE |0702 |3/3  |10100100 |13551


---------------
Opcode: 8D
ll: 00 hh: A0
Instruction:STA Addressing Mode:Absolute - Operand (Value: "0x00", Address: "0xA000")
Writing value 0x00 to address: 0xA000
0xA000: 0x00
Instruction cycle count set to 4
A |X |Y |SP |PC   |T/MT |NV-BDIZC |CYCLE
----------------------------------------
00|00|00|FE |0705 |1/4  |10100100 |13552
00|00|00|FE |0705 |2/4  |10100100 |13553
00|00|00|FE |0705 |3/4  |10100100 |13554
00|00|00|FE |0705 |4/4  |10100100 |13555


---------------
Opcode: 4A
Instruction:LSR Addressing Mode:Accumulator - Operand (Value: "0x00", Address: "None")
Instruction cycle count set to 2
A |X |Y |SP |PC   |T/MT |NV-BDIZC |CYCLE
----------------------------------------
00|00|00|FE |0706 |1/2  |00100110 |13556
00|00|00|FE |0706 |2/2  |00100110 |13557


---------------
Opcode: C9
ll: 02
Instruction:CMP Addressing Mode:Immediate - Operand (Value: "0x02", Address: "None")
Instruction cycle count set to 2
A |X |Y |SP |PC   |T/MT |NV-BDIZC |CYCLE
----------------------------------------
00|00|00|FE |0708 |1/2  |10100100 |13558
00|00|00|FE |0708 |2/2  |10100100 |13559


---------------
Opcode: D0
ll: F8
Old PC: 070A Offset:-8 New PC: 0702
Instruction:BNE Addressing Mode:Relative - Operand (Value: "None", Address: "0x0702")
Instruction cycle count set to 2
A |X |Y |SP |PC   |T/MT |NV-BDIZC |CYCLE
----------------------------------------
00|00|00|FE |0702 |1/3  |10100100 |13560
00|00|00|FE |0702 |2/3  |10100100 |13561
00|00|00|FE |0702 |3/3  |10100100 |13562


---------------
Opcode: 8D
ll: 00 hh: A0
Instruction:STA Addressing Mode:Absolute - Operand (Value: "0x00", Address: "0xA000")
Writing value 0x00 to address: 0xA000
0xA000: 0x00
Instruction cycle count set to 4
A |X |Y |SP |PC   |T/MT |NV-BDIZC |CYCLE
----------------------------------------
00|00|00|FE |0705 |1/4  |10100100 |13563
00|00|00|FE |0705 |2/4  |10100100 |13564
00|00|00|FE |0705 |3/4  |10100100 |13565
00|00|00|FE |0705 |4/4  |10100100 |13566


---------------
Opcode: 4A
Instruction:LSR Addressing Mode:Accumulator - Operand (Value: "0x00", Address: "None")
Instruction cycle count set to 2
A |X |Y |SP |PC   |T/MT |NV-BDIZC |CYCLE
----------------------------------------
00|00|00|FE |0706 |1/2  |00100110 |13567
00|00|00|FE |0706 |2/2  |00100110 |13568


---------------
Opcode: C9
ll: 02
Instruction:CMP Addressing Mode:Immediate - Operand (Value: "0x02", Address: "None")
Instruction cycle count set to 2
A |X |Y |SP |PC   |T/MT |NV-BDIZC |CYCLE
----------------------------------------
00|00|00|FE |0708 |1/2  |10100100 |13569
00|00|00|FE |0708 |2/2  |10100100 |13570


---------------
Opcode: D0
ll: F8
Old PC: 070A Offset:-8 New PC: 0702
Instruction:BNE Addressing Mode:Relative - Operand (Value: "None", Address: "0x0702")
Instruction cycle count set to 2
A |X |Y |SP |PC   |T/MT |NV-BDIZC |CYCLE
----------------------------------------
00|00|00|FE |0702 |1/3  |10100100 |13571
00|00|00|FE |0702 |2/3  |10100100 |13572
00|00|00|FE |0702 |3/3  |10100100 |13573


---------------
Opcode: 8D
ll: 00 hh: A0
Instruction:STA Addressing Mode:Absolute - Operand (Value: "0x00", Address: "0xA000")
Writing value 0x00 to address: 0xA000
0xA000: 0x00
Instruction cycle count set to 4
A |X |Y |SP |PC   |T/MT |NV-BDIZC |CYCLE
----------------------------------------
00|00|00|FE |0705 |1/4  |10100100 |13574
00|00|00|FE |0705 |2/4  |10100100 |13575
00|00|00|FE |0705 |3/4  |10100100 |13576
00|00|00|FE |0705 |4/4  |10100100 |13577


---------------
Opcode: 4A
Instruction:LSR Addressing Mode:Accumulator - Operand (Value: "0x00", Address: "None")
Instruction cycle count set to 2
A |X |Y |SP |PC   |T/MT |NV-BDIZC |CYCLE
----------------------------------------
00|00|00|FE |0706 |1/2  |00100110 |13578
00|00|00|FE |0706 |2/2  |00100110 |13579


---------------
Opcode: C9
ll: 02
Instruction:CMP Addressing Mode:Immediate - Operand (Value: "0x02", Address: "None")
Instruction cycle count set to 2
A |X |Y |SP |PC   |T/MT |NV-BDIZC |CYCLE
----------------------------------------
00|00|00|FE |0708 |1/2  |10100100 |13580
00|00|00|FE |0708 |2/2  |10100100 |13581


---------------
Opcode: D0
ll: F8
Old PC: 070A Offset:-8 New PC: 0702
Instruction:BNE Addressing Mode:Relative - Operand (Value: "None", Address: "0x0702")
Instruction cycle count set to 2
A |X |Y |SP |PC   |T/MT |NV-BDIZC |CYCLE
----------------------------------------
00|00|00|FE |0702 |1/3  |10100100 |13582
00|00|00|FE |0702 |2/3  |10100100 |13583
00|00|00|FE |0702 |3/3  |10100100 |13584


---------------
Opcode: 8D
ll: 00 hh: A0
Instruction:STA Addressing Mode:Absolute - Operand (Value: "0x00", Address: "0xA000")
Writing value 0x00 to address: 0xA000
0xA000: 0x00
Instruction cycle count set to 4
A |X |Y |SP |PC   |T/MT |NV-BDIZC |CYCLE
----------------------------------------
00|00|00|FE |0705 |1/4  |10100100 |13585
00|00|00|FE |0705 |2/4  |10100100 |13586
00|00|00|FE |0705 |3/4  |10100100 |13587
00|00|00|FE |0705 |4/4  |10100100 |13588


---------------
Opcode: 4A
Instruction:LSR Addressing Mode:Accumulator - Operand (Value: "0x00", Address: "None")
Instruction cycle count set to 2
A |X |Y |SP |PC   |T/MT |NV-BDIZC |CYCLE
----------------------------------------
00|00|00|FE |0706 |1/2  |00100110 |13589
00|00|00|FE |0706 |2/2  |00100110 |13590


---------------
Opcode: C9
ll: 02
Instruction:CMP Addressing Mode:Immediate - Operand (Value: "0x02", Address: "None")
Instruction cycle count set to 2
A |X |Y |SP |PC   |T/MT |NV-BDIZC |CYCLE
----------------------------------------
00|00|00|FE |0708 |1/2  |10100100 |13591
00|00|00|FE |0708 |2/2  |10100100 |13592


---------------
Opcode: D0
ll: F8
Old PC: 070A Offset:-8 New PC: 0702
Instruction:BNE Addressing Mode:Relative - Operand (Value: "None", Address: "0x0702")
Instruction cycle count set to 2
A |X |Y |SP |PC   |T/MT |NV-BDIZC |CYCLE
----------------------------------------
00|00|00|FE |0702 |1/3  |10100100 |13593
00|00|00|FE |0702 |2/3  |10100100 |13594
00|00|00|FE |0702 |3/3  |10100100 |13595


---------------
Opcode: 8D
ll: 00 hh: A0
Instruction:STA Addressing Mode:Absolute - Operand (Value: "0x00", Address: "0xA000")
Writing value 0x00 to address: 0xA000
0xA000: 0x00
Instruction cycle count set to 4
A |X |Y |SP |PC   |T/MT |NV-BDIZC |CYCLE
----------------------------------------
00|00|00|FE |0705 |1/4  |10100100 |13596
00|00|00|FE |0705 |2/4  |10100100 |13597
00|00|00|FE |0705 |3/4  |10100100 |13598
00|00|00|FE |0705 |4/4  |10100100 |13599


---------------
Opcode: 4A
Instruction:LSR Addressing Mode:Accumulator - Operand (Value: "0x00", Address: "None")
Instruction cycle count set to 2
A |X |Y |SP |PC   |T/MT |NV-BDIZC |CYCLE
----------------------------------------
00|00|00|FE |0706 |1/2  |00100110 |13600
00|00|00|FE |0706 |2/2  |00100110 |13601


---------------
Opcode: C9
ll: 02
Instruction:CMP Addressing Mode:Immediate - Operand (Value: "0x02", Address: "None")
Instruction cycle count set to 2
A |X |Y |SP |PC   |T/MT |NV-BDIZC |CYCLE
----------------------------------------
00|00|00|FE |0708 |1/2  |10100100 |13602
00|00|00|FE |0708 |2/2  |10100100 |13603


---------------
Opcode: D0
ll: F8
Old PC: 070A Offset:-8 New PC: 0702
Instruction:BNE Addressing Mode:Relative - Operand (Value: "None", Address: "0x0702")
Instruction cycle count set to 2
A |X |Y |SP |PC   |T/MT |NV-BDIZC |CYCLE
----------------------------------------
00|00|00|FE |0702 |1/3  |10100100 |13604
00|00|00|FE |0702 |2/3  |10100100 |13605
00|00|00|FE |0702 |3/3  |10100100 |13606


---------------
Opcode: 8D
ll: 00 hh: A0
Instruction:STA Addressing Mode:Absolute - Operand (Value: "0x00", Address: "0xA000")
Writing value 0x00 to address: 0xA000
0xA000: 0x00
Instruction cycle count set to 4
A |X |Y |SP |PC   |T/MT |NV-BDIZC |CYCLE
----------------------------------------
00|00|00|FE |0705 |1/4  |10100100 |13607
00|00|00|FE |0705 |2/4  |10100100 |13608
00|00|00|FE |0705 |3/4  |10100100 |13609
00|00|00|FE |0705 |4/4  |10100100 |13610


---------------
Opcode: 4A
Instruction:LSR Addressing Mode:Accumulator - Operand (Value: "0x00", Address: "None")
Instruction cycle count set to 2
A |X |Y |SP |PC   |T/MT |NV-BDIZC |CYCLE
----------------------------------------
00|00|00|FE |0706 |1/2  |00100110 |13611
00|00|00|FE |0706 |2/2  |00100110 |13612


---------------
Opcode: C9
ll: 02
Instruction:CMP Addressing Mode:Immediate - Operand (Value: "0x02", Address: "None")
Instruction cycle count set to 2
A |X |Y |SP |PC   |T/MT |NV-BDIZC |CYCLE
----------------------------------------
00|00|00|FE |0708 |1/2  |10100100 |13613
00|00|00|FE |0708 |2/2  |10100100 |13614


---------------
Opcode: D0
ll: F8
Old PC: 070A Offset:-8 New PC: 0702
Instruction:BNE Addressing Mode:Relative - Operand (Value: "None", Address: "0x0702")
Instruction cycle count set to 2
A |X |Y |SP |PC   |T/MT |NV-BDIZC |CYCLE
----------------------------------------
00|00|00|FE |0702 |1/3  |10100100 |13615
00|00|00|FE |0702 |2/3  |10100100 |13616
00|00|00|FE |0702 |3/3  |10100100 |13617


---------------
Opcode: 8D
ll: 00 hh: A0
Instruction:STA Addressing Mode:Absolute - Operand (Value: "0x00", Address: "0xA000")
Writing value 0x00 to address: 0xA000
0xA000: 0x00
Instruction cycle count set to 4
A |X |Y |SP |PC   |T/MT |NV-BDIZC |CYCLE
----------------------------------------
00|00|00|FE |0705 |1/4  |10100100 |13618
00|00|00|FE |0705 |2/4  |10100100 |13619
00|00|00|FE |0705 |3/4  |10100100 |13620
00|00|00|FE |0705 |4/4  |10100100 |13621


---------------
Opcode: 4A
Instruction:LSR Addressing Mode:Accumulator - Operand (Value: "0x00", Address: "None")
Instruction cycle count set to 2
A |X |Y |SP |PC   |T/MT |NV-BDIZC |CYCLE
----------------------------------------
00|00|00|FE |0706 |1/2  |00100110 |13622
00|00|00|FE |0706 |2/2  |00100110 |13623


---------------
Opcode: C9
ll: 02
Instruction:CMP Addressing Mode:Immediate - Operand (Value: "0x02", Address: "None")
Instruction cycle count set to 2
A |X |Y |SP |PC   |T/MT |NV-BDIZC |CYCLE
----------------------------------------
00|00|00|FE |0708 |1/2  |10100100 |13624
00|00|00|FE |0708 |2/2  |10100100 |13625


---------------
Opcode: D0
ll: F8
Old PC: 070A Offset:-8 New PC: 0702
Instruction:BNE Addressing Mode:Relative - Operand (Value: "None", Address: "0x0702")
Instruction cycle count set to 2
A |X |Y |SP |PC   |T/MT |NV-BDIZC |CYCLE
----------------------------------------
00|00|00|FE |0702 |1/3  |10100100 |13626
00|00|00|FE |0702 |2/3  |10100100 |13627
00|00|00|FE |0702 |3/3  |10100100 |13628


---------------
Opcode: 8D
ll: 00 hh: A0
Instruction:STA Addressing Mode:Absolute - Operand (Value: "0x00", Address: "0xA000")
Writing value 0x00 to address: 0xA000
0xA000: 0x00
Instruction cycle count set to 4
A |X |Y |SP |PC   |T/MT |NV-BDIZC |CYCLE
----------------------------------------
00|00|00|FE |0705 |1/4  |10100100 |13629
00|00|00|FE |0705 |2/4  |10100100 |13630
00|00|00|FE |0705 |3/4  |10100100 |13631
00|00|00|FE |0705 |4/4  |10100100 |13632


---------------
Opcode: 4A
Instruction:LSR Addressing Mode:Accumulator - Operand (Value: "0x00", Address: "None")
Instruction cycle count set to 2
A |X |Y |SP |PC   |T/MT |NV-BDIZC |CYCLE
----------------------------------------
00|00|00|FE |0706 |1/2  |00100110 |13633
00|00|00|FE |0706 |2/2  |00100110 |13634


---------------
Opcode: C9
ll: 02
Instruction:CMP Addressing Mode:Immediate - Operand (Value: "0x02", Address: "None")
Instruction cycle count set to 2
A |X |Y |SP |PC   |T/MT |NV-BDIZC |CYCLE
----------------------------------------
00|00|00|FE |0708 |1/2  |10100100 |13635
00|00|00|FE |0708 |2/2  |10100100 |13636


---------------
Opcode: D0
ll: F8
Old PC: 070A Offset:-8 New PC: 0702
Instruction:BNE Addressing Mode:Relative - Operand (Value: "None", Address: "0x0702")
Instruction cycle count set to 2
A |X |Y |SP |PC   |T/MT |NV-BDIZC |CYCLE
----------------------------------------
00|00|00|FE |0702 |1/3  |10100100 |13637
00|00|00|FE |0702 |2/3  |10100100 |13638
00|00|00|FE |0702 |3/3  |10100100 |13639


---------------
Opcode: 8D
ll: 00 hh: A0
Instruction:STA Addressing Mode:Absolute - Operand (Value: "0x00", Address: "0xA000")
Writing value 0x00 to address: 0xA000
0xA000: 0x00
Instruction cycle count set to 4
A |X |Y |SP |PC   |T/MT |NV-BDIZC |CYCLE
----------------------------------------
00|00|00|FE |0705 |1/4  |10100100 |13640
00|00|00|FE |0705 |2/4  |10100100 |13641
00|00|00|FE |0705 |3/4  |10100100 |13642
00|00|00|FE |0705 |4/4  |10100100 |13643


---------------
Opcode: 4A
Instruction:LSR Addressing Mode:Accumulator - Operand (Value: "0x00", Address: "None")
Instruction cycle count set to 2
A |X |Y |SP |PC   |T/MT |NV-BDIZC |CYCLE
----------------------------------------
00|00|00|FE |0706 |1/2  |00100110 |13644
00|00|00|FE |0706 |2/2  |00100110 |13645


---------------
Opcode: C9
ll: 02
Instruction:CMP Addressing Mode:Immediate - Operand (Value: "0x02", Address: "None")
Instruction cycle count set to 2
A |X |Y |SP |PC   |T/MT |NV-BDIZC |CYCLE
----------------------------------------
00|00|00|FE |0708 |1/2  |10100100 |13646
00|00|00|FE |0708 |2/2  |10100100 |13647


---------------
Opcode: D0
ll: F8
Old PC: 070A Offset:-8 New PC: 0702
Instruction:BNE Addressing Mode:Relative - Operand (Value: "None", Address: "0x0702")
Instruction cycle count set to 2
A |X |Y |SP |PC   |T/MT |NV-BDIZC |CYCLE
----------------------------------------
00|00|00|FE |0702 |1/3  |10100100 |13648
00|00|00|FE |0702 |2/3  |10100100 |13649
00|00|00|FE |0702 |3/3  |10100100 |13650


---------------
Opcode: 8D
ll: 00 hh: A0
Instruction:STA Addressing Mode:Absolute - Operand (Value: "0x00", Address: "0xA000")
Writing value 0x00 to address: 0xA000
0xA000: 0x00
Instruction cycle count set to 4
A |X |Y |SP |PC   |T/MT |NV-BDIZC |CYCLE
----------------------------------------
00|00|00|FE |0705 |1/4  |10100100 |13651
00|00|00|FE |0705 |2/4  |10100100 |13652
00|00|00|FE |0705 |3/4  |10100100 |13653
00|00|00|FE |0705 |4/4  |10100100 |13654


---------------
Opcode: 4A
Instruction:LSR Addressing Mode:Accumulator - Operand (Value: "0x00", Address: "None")
Instruction cycle count set to 2
A |X |Y |SP |PC   |T/MT |NV-BDIZC |CYCLE
----------------------------------------
00|00|00|FE |0706 |1/2  |00100110 |13655
00|00|00|FE |0706 |2/2  |00100110 |13656


---------------
Opcode: C9
ll: 02
Instruction:CMP Addressing Mode:Immediate - Operand (Value: "0x02", Address: "None")
Instruction cycle count set to 2
A |X |Y |SP |PC   |T/MT |NV-BDIZC |CYCLE
----------------------------------------
00|00|00|FE |0708 |1/2  |10100100 |13657
00|00|00|FE |0708 |2/2  |10100100 |13658


---------------
Opcode: D0
ll: F8
Old PC: 070A Offset:-8 New PC: 0702
Instruction:BNE Addressing Mode:Relative - Operand (Value: "None", Address: "0x0702")
Instruction cycle count set to 2
A |X |Y |SP |PC   |T/MT |NV-BDIZC |CYCLE
----------------------------------------
00|00|00|FE |0702 |1/3  |10100100 |13659
00|00|00|FE |0702 |2/3  |10100100 |13660
00|00|00|FE |0702 |3/3  |10100100 |13661


---------------
Opcode: 8D
ll: 00 hh: A0
Instruction:STA Addressing Mode:Absolute - Operand (Value: "0x00", Address: "0xA000")
Writing value 0x00 to address: 0xA000
0xA000: 0x00
Instruction cycle count set to 4
A |X |Y |SP |PC   |T/MT |NV-BDIZC |CYCLE
----------------------------------------
00|00|00|FE |0705 |1/4  |10100100 |13662
00|00|00|FE |0705 |2/4  |10100100 |13663
00|00|00|FE |0705 |3/4  |10100100 |13664
00|00|00|FE |0705 |4/4  |10100100 |13665


---------------
Opcode: 4A
Instruction:LSR Addressing Mode:Accumulator - Operand (Value: "0x00", Address: "None")
Instruction cycle count set to 2
A |X |Y |SP |PC   |T/MT |NV-BDIZC |CYCLE
----------------------------------------
00|00|00|FE |0706 |1/2  |00100110 |13666
00|00|00|FE |0706 |2/2  |00100110 |13667


---------------
Opcode: C9
ll: 02
Instruction:CMP Addressing Mode:Immediate - Operand (Value: "0x02", Address: "None")
Instruction cycle count set to 2
A |X |Y |SP |PC   |T/MT |NV-BDIZC |CYCLE
----------------------------------------
00|00|00|FE |0708 |1/2  |10100100 |13668
00|00|00|FE |0708 |2/2  |10100100 |13669


---------------
Opcode: D0
ll: F8
Old PC: 070A Offset:-8 New PC: 0702
Instruction:BNE Addressing Mode:Relative - Operand (Value: "None", Address: "0x0702")
Instruction cycle count set to 2
A |X |Y |SP |PC   |T/MT |NV-BDIZC |CYCLE
----------------------------------------
00|00|00|FE |0702 |1/3  |10100100 |13670
00|00|00|FE |0702 |2/3  |10100100 |13671
00|00|00|FE |0702 |3/3  |10100100 |13672


---------------
Opcode: 8D
ll: 00 hh: A0
Instruction:STA Addressing Mode:Absolute - Operand (Value: "0x00", Address: "0xA000")
Writing value 0x00 to address: 0xA000
0xA000: 0x00
Instruction cycle count set to 4
A |X |Y |SP |PC   |T/MT |NV-BDIZC |CYCLE
----------------------------------------
00|00|00|FE |0705 |1/4  |10100100 |13673
00|00|00|FE |0705 |2/4  |10100100 |13674
00|00|00|FE |0705 |3/4  |10100100 |13675
00|00|00|FE |0705 |4/4  |10100100 |13676


---------------
Opcode: 4A
Instruction:LSR Addressing Mode:Accumulator - Operand (Value: "0x00", Address: "None")
Instruction cycle count set to 2
A |X |Y |SP |PC   |T/MT |NV-BDIZC |CYCLE
----------------------------------------
00|00|00|FE |0706 |1/2  |00100110 |13677
00|00|00|FE |0706 |2/2  |00100110 |13678


---------------
Opcode: C9
ll: 02
Instruction:CMP Addressing Mode:Immediate - Operand (Value: "0x02", Address: "None")
Instruction cycle count set to 2
A |X |Y |SP |PC   |T/MT |NV-BDIZC |CYCLE
----------------------------------------
00|00|00|FE |0708 |1/2  |10100100 |13679
00|00|00|FE |0708 |2/2  |10100100 |13680


---------------
Opcode: D0
ll: F8
Old PC: 070A Offset:-8 New PC: 0702
Instruction:BNE Addressing Mode:Relative - Operand (Value: "None", Address: "0x0702")
Instruction cycle count set to 2
A |X |Y |SP |PC   |T/MT |NV-BDIZC |CYCLE
----------------------------------------
00|00|00|FE |0702 |1/3  |10100100 |13681
00|00|00|FE |0702 |2/3  |10100100 |13682
00|00|00|FE |0702 |3/3  |10100100 |13683


---------------
Opcode: 8D
ll: 00 hh: A0
Instruction:STA Addressing Mode:Absolute - Operand (Value: "0x00", Address: "0xA000")
Writing value 0x00 to address: 0xA000
0xA000: 0x00
Instruction cycle count set to 4
A |X |Y |SP |PC   |T/MT |NV-BDIZC |CYCLE
----------------------------------------
00|00|00|FE |0705 |1/4  |10100100 |13684
00|00|00|FE |0705 |2/4  |10100100 |13685
00|00|00|FE |0705 |3/4  |10100100 |13686
00|00|00|FE |0705 |4/4  |10100100 |13687


---------------
Opcode: 4A
Instruction:LSR Addressing Mode:Accumulator - Operand (Value: "0x00", Address: "None")
Instruction cycle count set to 2
A |X |Y |SP |PC   |T/MT |NV-BDIZC |CYCLE
----------------------------------------
00|00|00|FE |0706 |1/2  |00100110 |13688
00|00|00|FE |0706 |2/2  |00100110 |13689


---------------
Opcode: C9
ll: 02
Instruction:CMP Addressing Mode:Immediate - Operand (Value: "0x02", Address: "None")
Instruction cycle count set to 2
A |X |Y |SP |PC   |T/MT |NV-BDIZC |CYCLE
----------------------------------------
00|00|00|FE |0708 |1/2  |10100100 |13690
00|00|00|FE |0708 |2/2  |10100100 |13691


---------------
Opcode: D0
ll: F8
Old PC: 070A Offset:-8 New PC: 0702
Instruction:BNE Addressing Mode:Relative - Operand (Value: "None", Address: "0x0702")
Instruction cycle count set to 2
A |X |Y |SP |PC   |T/MT |NV-BDIZC |CYCLE
----------------------------------------
00|00|00|FE |0702 |1/3  |10100100 |13692
00|00|00|FE |0702 |2/3  |10100100 |13693
00|00|00|FE |0702 |3/3  |10100100 |13694


---------------
Opcode: 8D
ll: 00 hh: A0
Instruction:STA Addressing Mode:Absolute - Operand (Value: "0x00", Address: "0xA000")
Writing value 0x00 to address: 0xA000
0xA000: 0x00
Instruction cycle count set to 4
A |X |Y |SP |PC   |T/MT |NV-BDIZC |CYCLE
----------------------------------------
00|00|00|FE |0705 |1/4  |10100100 |13695
00|00|00|FE |0705 |2/4  |10100100 |13696
00|00|00|FE |0705 |3/4  |10100100 |13697
00|00|00|FE |0705 |4/4  |10100100 |13698


---------------
Opcode: 4A
Instruction:LSR Addressing Mode:Accumulator - Operand (Value: "0x00", Address: "None")
Instruction cycle count set to 2
A |X |Y |SP |PC   |T/MT |NV-BDIZC |CYCLE
----------------------------------------
00|00|00|FE |0706 |1/2  |00100110 |13699
00|00|00|FE |0706 |2/2  |00100110 |13700


---------------
Opcode: C9
ll: 02
Instruction:CMP Addressing Mode:Immediate - Operand (Value: "0x02", Address: "None")
Instruction cycle count set to 2
A |X |Y |SP |PC   |T/MT |NV-BDIZC |CYCLE
----------------------------------------
00|00|00|FE |0708 |1/2  |10100100 |13701
00|00|00|FE |0708 |2/2  |10100100 |13702


---------------
Opcode: D0
ll: F8
Old PC: 070A Offset:-8 New PC: 0702
Instruction:BNE Addressing Mode:Relative - Operand (Value: "None", Address: "0x0702")
Instruction cycle count set to 2
A |X |Y |SP |PC   |T/MT |NV-BDIZC |CYCLE
----------------------------------------
00|00|00|FE |0702 |1/3  |10100100 |13703
00|00|00|FE |0702 |2/3  |10100100 |13704
00|00|00|FE |0702 |3/3  |10100100 |13705


---------------
Opcode: 8D
ll: 00 hh: A0
Instruction:STA Addressing Mode:Absolute - Operand (Value: "0x00", Address: "0xA000")
Writing value 0x00 to address: 0xA000
0xA000: 0x00
Instruction cycle count set to 4
A |X |Y |SP |PC   |T/MT |NV-BDIZC |CYCLE
----------------------------------------
00|00|00|FE |0705 |1/4  |10100100 |13706
00|00|00|FE |0705 |2/4  |10100100 |13707
00|00|00|FE |0705 |3/4  |10100100 |13708
00|00|00|FE |0705 |4/4  |10100100 |13709


---------------
Opcode: 4A
Instruction:LSR Addressing Mode:Accumulator - Operand (Value: "0x00", Address: "None")
Instruction cycle count set to 2
A |X |Y |SP |PC   |T/MT |NV-BDIZC |CYCLE
----------------------------------------
00|00|00|FE |0706 |1/2  |00100110 |13710
00|00|00|FE |0706 |2/2  |00100110 |13711


---------------
Opcode: C9
ll: 02
Instruction:CMP Addressing Mode:Immediate - Operand (Value: "0x02", Address: "None")
Instruction cycle count set to 2
A |X |Y |SP |PC   |T/MT |NV-BDIZC |CYCLE
----------------------------------------
00|00|00|FE |0708 |1/2  |10100100 |13712
00|00|00|FE |0708 |2/2  |10100100 |13713


---------------
Opcode: D0
ll: F8
Old PC: 070A Offset:-8 New PC: 0702
Instruction:BNE Addressing Mode:Relative - Operand (Value: "None", Address: "0x0702")
Instruction cycle count set to 2
A |X |Y |SP |PC   |T/MT |NV-BDIZC |CYCLE
----------------------------------------
00|00|00|FE |0702 |1/3  |10100100 |13714
00|00|00|FE |0702 |2/3  |10100100 |13715
00|00|00|FE |0702 |3/3  |10100100 |13716


---------------
Opcode: 8D
ll: 00 hh: A0
Instruction:STA Addressing Mode:Absolute - Operand (Value: "0x00", Address: "0xA000")
Writing value 0x00 to address: 0xA000
0xA000: 0x00
Instruction cycle count set to 4
A |X |Y |SP |PC   |T/MT |NV-BDIZC |CYCLE
----------------------------------------
00|00|00|FE |0705 |1/4  |10100100 |13717
00|00|00|FE |0705 |2/4  |10100100 |13718
00|00|00|FE |0705 |3/4  |10100100 |13719
00|00|00|FE |0705 |4/4  |10100100 |13720


---------------
Opcode: 4A
Instruction:LSR Addressing Mode:Accumulator - Operand (Value: "0x00", Address: "None")
Instruction cycle count set to 2
A |X |Y |SP |PC   |T/MT |NV-BDIZC |CYCLE
----------------------------------------
00|00|00|FE |0706 |1/2  |00100110 |13721
00|00|00|FE |0706 |2/2  |00100110 |13722


---------------
Opcode: C9
ll: 02
Instruction:CMP Addressing Mode:Immediate - Operand (Value: "0x02", Address: "None")
Instruction cycle count set to 2
A |X |Y |SP |PC   |T/MT |NV-BDIZC |CYCLE
----------------------------------------
00|00|00|FE |0708 |1/2  |10100100 |13723
00|00|00|FE |0708 |2/2  |10100100 |13724


---------------
Opcode: D0
ll: F8
Old PC: 070A Offset:-8 New PC: 0702
Instruction:BNE Addressing Mode:Relative - Operand (Value: "None", Address: "0x0702")
Instruction cycle count set to 2
A |X |Y |SP |PC   |T/MT |NV-BDIZC |CYCLE
----------------------------------------
00|00|00|FE |0702 |1/3  |10100100 |13725
00|00|00|FE |0702 |2/3  |10100100 |13726
00|00|00|FE |0702 |3/3  |10100100 |13727


---------------
Opcode: 8D
ll: 00 hh: A0
Instruction:STA Addressing Mode:Absolute - Operand (Value: "0x00", Address: "0xA000")
Writing value 0x00 to address: 0xA000
0xA000: 0x00
Instruction cycle count set to 4
A |X |Y |SP |PC   |T/MT |NV-BDIZC |CYCLE
----------------------------------------
00|00|00|FE |0705 |1/4  |10100100 |13728
00|00|00|FE |0705 |2/4  |10100100 |13729
00|00|00|FE |0705 |3/4  |10100100 |13730
00|00|00|FE |0705 |4/4  |10100100 |13731


---------------
Opcode: 4A
Instruction:LSR Addressing Mode:Accumulator - Operand (Value: "0x00", Address: "None")
Instruction cycle count set to 2
A |X |Y |SP |PC   |T/MT |NV-BDIZC |CYCLE
----------------------------------------
00|00|00|FE |0706 |1/2  |00100110 |13732
00|00|00|FE |0706 |2/2  |00100110 |13733


---------------
Opcode: C9
ll: 02
Instruction:CMP Addressing Mode:Immediate - Operand (Value: "0x02", Address: "None")
Instruction cycle count set to 2
A |X |Y |SP |PC   |T/MT |NV-BDIZC |CYCLE
----------------------------------------
00|00|00|FE |0708 |1/2  |10100100 |13734
00|00|00|FE |0708 |2/2  |10100100 |13735


---------------
Opcode: D0
ll: F8
Old PC: 070A Offset:-8 New PC: 0702
Instruction:BNE Addressing Mode:Relative - Operand (Value: "None", Address: "0x0702")
Instruction cycle count set to 2
A |X |Y |SP |PC   |T/MT |NV-BDIZC |CYCLE
----------------------------------------
00|00|00|FE |0702 |1/3  |10100100 |13736
00|00|00|FE |0702 |2/3  |10100100 |13737
00|00|00|FE |0702 |3/3  |10100100 |13738


---------------
Opcode: 8D
ll: 00 hh: A0
Instruction:STA Addressing Mode:Absolute - Operand (Value: "0x00", Address: "0xA000")
Writing value 0x00 to address: 0xA000
0xA000: 0x00
Instruction cycle count set to 4
A |X |Y |SP |PC   |T/MT |NV-BDIZC |CYCLE
----------------------------------------
00|00|00|FE |0705 |1/4  |10100100 |13739
00|00|00|FE |0705 |2/4  |10100100 |13740
00|00|00|FE |0705 |3/4  |10100100 |13741
00|00|00|FE |0705 |4/4  |10100100 |13742


---------------
Opcode: 4A
Instruction:LSR Addressing Mode:Accumulator - Operand (Value: "0x00", Address: "None")
Instruction cycle count set to 2
A |X |Y |SP |PC   |T/MT |NV-BDIZC |CYCLE
----------------------------------------
00|00|00|FE |0706 |1/2  |00100110 |13743
00|00|00|FE |0706 |2/2  |00100110 |13744


---------------
Opcode: C9
ll: 02
Instruction:CMP Addressing Mode:Immediate - Operand (Value: "0x02", Address: "None")
Instruction cycle count set to 2
A |X |Y |SP |PC   |T/MT |NV-BDIZC |CYCLE
----------------------------------------
00|00|00|FE |0708 |1/2  |10100100 |13745
00|00|00|FE |0708 |2/2  |10100100 |13746


---------------
Opcode: D0
ll: F8
Old PC: 070A Offset:-8 New PC: 0702
Instruction:BNE Addressing Mode:Relative - Operand (Value: "None", Address: "0x0702")
Instruction cycle count set to 2
A |X |Y |SP |PC   |T/MT |NV-BDIZC |CYCLE
----------------------------------------
00|00|00|FE |0702 |1/3  |10100100 |13747
00|00|00|FE |0702 |2/3  |10100100 |13748
00|00|00|FE |0702 |3/3  |10100100 |13749


---------------
Opcode: 8D
ll: 00 hh: A0
Instruction:STA Addressing Mode:Absolute - Operand (Value: "0x00", Address: "0xA000")
Writing value 0x00 to address: 0xA000
0xA000: 0x00
Instruction cycle count set to 4
A |X |Y |SP |PC   |T/MT |NV-BDIZC |CYCLE
----------------------------------------
00|00|00|FE |0705 |1/4  |10100100 |13750
00|00|00|FE |0705 |2/4  |10100100 |13751
00|00|00|FE |0705 |3/4  |10100100 |13752
00|00|00|FE |0705 |4/4  |10100100 |13753


---------------
Opcode: 4A
Instruction:LSR Addressing Mode:Accumulator - Operand (Value: "0x00", Address: "None")
Instruction cycle count set to 2
A |X |Y |SP |PC   |T/MT |NV-BDIZC |CYCLE
----------------------------------------
00|00|00|FE |0706 |1/2  |00100110 |13754
00|00|00|FE |0706 |2/2  |00100110 |13755


---------------
Opcode: C9
ll: 02
Instruction:CMP Addressing Mode:Immediate - Operand (Value: "0x02", Address: "None")
Instruction cycle count set to 2
A |X |Y |SP |PC   |T/MT |NV-BDIZC |CYCLE
----------------------------------------
00|00|00|FE |0708 |1/2  |10100100 |13756
00|00|00|FE |0708 |2/2  |10100100 |13757


---------------
Opcode: D0
ll: F8
Old PC: 070A Offset:-8 New PC: 0702
Instruction:BNE Addressing Mode:Relative - Operand (Value: "None", Address: "0x0702")
Instruction cycle count set to 2
A |X |Y |SP |PC   |T/MT |NV-BDIZC |CYCLE
----------------------------------------
00|00|00|FE |0702 |1/3  |10100100 |13758
00|00|00|FE |0702 |2/3  |10100100 |13759
00|00|00|FE |0702 |3/3  |10100100 |13760


---------------
Opcode: 8D
ll: 00 hh: A0
Instruction:STA Addressing Mode:Absolute - Operand (Value: "0x00", Address: "0xA000")
Writing value 0x00 to address: 0xA000
0xA000: 0x00
Instruction cycle count set to 4
A |X |Y |SP |PC   |T/MT |NV-BDIZC |CYCLE
----------------------------------------
00|00|00|FE |0705 |1/4  |10100100 |13761
00|00|00|FE |0705 |2/4  |10100100 |13762
00|00|00|FE |0705 |3/4  |10100100 |13763
00|00|00|FE |0705 |4/4  |10100100 |13764


---------------
Opcode: 4A
Instruction:LSR Addressing Mode:Accumulator - Operand (Value: "0x00", Address: "None")
Instruction cycle count set to 2
A |X |Y |SP |PC   |T/MT |NV-BDIZC |CYCLE
----------------------------------------
00|00|00|FE |0706 |1/2  |00100110 |13765
00|00|00|FE |0706 |2/2  |00100110 |13766


---------------
Opcode: C9
ll: 02
Instruction:CMP Addressing Mode:Immediate - Operand (Value: "0x02", Address: "None")
Instruction cycle count set to 2
A |X |Y |SP |PC   |T/MT |NV-BDIZC |CYCLE
----------------------------------------
00|00|00|FE |0708 |1/2  |10100100 |13767
00|00|00|FE |0708 |2/2  |10100100 |13768


---------------
Opcode: D0
ll: F8
Old PC: 070A Offset:-8 New PC: 0702
Instruction:BNE Addressing Mode:Relative - Operand (Value: "None", Address: "0x0702")
Instruction cycle count set to 2
A |X |Y |SP |PC   |T/MT |NV-BDIZC |CYCLE
----------------------------------------
00|00|00|FE |0702 |1/3  |10100100 |13769
00|00|00|FE |0702 |2/3  |10100100 |13770
00|00|00|FE |0702 |3/3  |10100100 |13771


---------------
Opcode: 8D
ll: 00 hh: A0
Instruction:STA Addressing Mode:Absolute - Operand (Value: "0x00", Address: "0xA000")
Writing value 0x00 to address: 0xA000
0xA000: 0x00
Instruction cycle count set to 4
A |X |Y |SP |PC   |T/MT |NV-BDIZC |CYCLE
----------------------------------------
00|00|00|FE |0705 |1/4  |10100100 |13772
00|00|00|FE |0705 |2/4  |10100100 |13773
00|00|00|FE |0705 |3/4  |10100100 |13774
00|00|00|FE |0705 |4/4  |10100100 |13775


---------------
Opcode: 4A
Instruction:LSR Addressing Mode:Accumulator - Operand (Value: "0x00", Address: "None")
Instruction cycle count set to 2
A |X |Y |SP |PC   |T/MT |NV-BDIZC |CYCLE
----------------------------------------
00|00|00|FE |0706 |1/2  |00100110 |13776
00|00|00|FE |0706 |2/2  |00100110 |13777


---------------
Opcode: C9
ll: 02
Instruction:CMP Addressing Mode:Immediate - Operand (Value: "0x02", Address: "None")
Instruction cycle count set to 2
A |X |Y |SP |PC   |T/MT |NV-BDIZC |CYCLE
----------------------------------------
00|00|00|FE |0708 |1/2  |10100100 |13778
00|00|00|FE |0708 |2/2  |10100100 |13779


---------------
Opcode: D0
ll: F8
Old PC: 070A Offset:-8 New PC: 0702
Instruction:BNE Addressing Mode:Relative - Operand (Value: "None", Address: "0x0702")
Instruction cycle count set to 2
A |X |Y |SP |PC   |T/MT |NV-BDIZC |CYCLE
----------------------------------------
00|00|00|FE |0702 |1/3  |10100100 |13780
00|00|00|FE |0702 |2/3  |10100100 |13781
00|00|00|FE |0702 |3/3  |10100100 |13782


---------------
Opcode: 8D
ll: 00 hh: A0
Instruction:STA Addressing Mode:Absolute - Operand (Value: "0x00", Address: "0xA000")
Writing value 0x00 to address: 0xA000
0xA000: 0x00
Instruction cycle count set to 4
A |X |Y |SP |PC   |T/MT |NV-BDIZC |CYCLE
----------------------------------------
00|00|00|FE |0705 |1/4  |10100100 |13783
00|00|00|FE |0705 |2/4  |10100100 |13784
00|00|00|FE |0705 |3/4  |10100100 |13785
00|00|00|FE |0705 |4/4  |10100100 |13786


---------------
Opcode: 4A
Instruction:LSR Addressing Mode:Accumulator - Operand (Value: "0x00", Address: "None")
Instruction cycle count set to 2
A |X |Y |SP |PC   |T/MT |NV-BDIZC |CYCLE
----------------------------------------
00|00|00|FE |0706 |1/2  |00100110 |13787
00|00|00|FE |0706 |2/2  |00100110 |13788


---------------
Opcode: C9
ll: 02
Instruction:CMP Addressing Mode:Immediate - Operand (Value: "0x02", Address: "None")
Instruction cycle count set to 2
A |X |Y |SP |PC   |T/MT |NV-BDIZC |CYCLE
----------------------------------------
00|00|00|FE |0708 |1/2  |10100100 |13789
00|00|00|FE |0708 |2/2  |10100100 |13790


---------------
Opcode: D0
ll: F8
Old PC: 070A Offset:-8 New PC: 0702
Instruction:BNE Addressing Mode:Relative - Operand (Value: "None", Address: "0x0702")
Instruction cycle count set to 2
A |X |Y |SP |PC   |T/MT |NV-BDIZC |CYCLE
----------------------------------------
00|00|00|FE |0702 |1/3  |10100100 |13791
00|00|00|FE |0702 |2/3  |10100100 |13792
00|00|00|FE |0702 |3/3  |10100100 |13793


---------------
Opcode: 8D
ll: 00 hh: A0
Instruction:STA Addressing Mode:Absolute - Operand (Value: "0x00", Address: "0xA000")
Writing value 0x00 to address: 0xA000
0xA000: 0x00
Instruction cycle count set to 4
A |X |Y |SP |PC   |T/MT |NV-BDIZC |CYCLE
----------------------------------------
00|00|00|FE |0705 |1/4  |10100100 |13794
00|00|00|FE |0705 |2/4  |10100100 |13795
00|00|00|FE |0705 |3/4  |10100100 |13796
00|00|00|FE |0705 |4/4  |10100100 |13797


---------------
Opcode: 4A
Instruction:LSR Addressing Mode:Accumulator - Operand (Value: "0x00", Address: "None")
Instruction cycle count set to 2
A |X |Y |SP |PC   |T/MT |NV-BDIZC |CYCLE
----------------------------------------
00|00|00|FE |0706 |1/2  |00100110 |13798
00|00|00|FE |0706 |2/2  |00100110 |13799


---------------
Opcode: C9
ll: 02
Instruction:CMP Addressing Mode:Immediate - Operand (Value: "0x02", Address: "None")
Instruction cycle count set to 2
A |X |Y |SP |PC   |T/MT |NV-BDIZC |CYCLE
----------------------------------------
00|00|00|FE |0708 |1/2  |10100100 |13800
00|00|00|FE |0708 |2/2  |10100100 |13801


---------------
Opcode: D0
ll: F8
Old PC: 070A Offset:-8 New PC: 0702
Instruction:BNE Addressing Mode:Relative - Operand (Value: "None", Address: "0x0702")
Instruction cycle count set to 2
A |X |Y |SP |PC   |T/MT |NV-BDIZC |CYCLE
----------------------------------------
00|00|00|FE |0702 |1/3  |10100100 |13802
00|00|00|FE |0702 |2/3  |10100100 |13803
00|00|00|FE |0702 |3/3  |10100100 |13804


---------------
Opcode: 8D
ll: 00 hh: A0
Instruction:STA Addressing Mode:Absolute - Operand (Value: "0x00", Address: "0xA000")
Writing value 0x00 to address: 0xA000
0xA000: 0x00
Instruction cycle count set to 4
A |X |Y |SP |PC   |T/MT |NV-BDIZC |CYCLE
----------------------------------------
00|00|00|FE |0705 |1/4  |10100100 |13805
00|00|00|FE |0705 |2/4  |10100100 |13806
00|00|00|FE |0705 |3/4  |10100100 |13807
00|00|00|FE |0705 |4/4  |10100100 |13808


---------------
Opcode: 4A
Instruction:LSR Addressing Mode:Accumulator - Operand (Value: "0x00", Address: "None")
Instruction cycle count set to 2
A |X |Y |SP |PC   |T/MT |NV-BDIZC |CYCLE
----------------------------------------
00|00|00|FE |0706 |1/2  |00100110 |13809
00|00|00|FE |0706 |2/2  |00100110 |13810


---------------
Opcode: C9
ll: 02
Instruction:CMP Addressing Mode:Immediate - Operand (Value: "0x02", Address: "None")
Instruction cycle count set to 2
A |X |Y |SP |PC   |T/MT |NV-BDIZC |CYCLE
----------------------------------------
00|00|00|FE |0708 |1/2  |10100100 |13811
00|00|00|FE |0708 |2/2  |10100100 |13812


---------------
Opcode: D0
ll: F8
Old PC: 070A Offset:-8 New PC: 0702
Instruction:BNE Addressing Mode:Relative - Operand (Value: "None", Address: "0x0702")
Instruction cycle count set to 2
A |X |Y |SP |PC   |T/MT |NV-BDIZC |CYCLE
----------------------------------------
00|00|00|FE |0702 |1/3  |10100100 |13813
00|00|00|FE |0702 |2/3  |10100100 |13814
00|00|00|FE |0702 |3/3  |10100100 |13815


---------------
Opcode: 8D
ll: 00 hh: A0
Instruction:STA Addressing Mode:Absolute - Operand (Value: "0x00", Address: "0xA000")
Writing value 0x00 to address: 0xA000
0xA000: 0x00
Instruction cycle count set to 4
A |X |Y |SP |PC   |T/MT |NV-BDIZC |CYCLE
----------------------------------------
00|00|00|FE |0705 |1/4  |10100100 |13816
00|00|00|FE |0705 |2/4  |10100100 |13817
00|00|00|FE |0705 |3/4  |10100100 |13818
00|00|00|FE |0705 |4/4  |10100100 |13819


---------------
Opcode: 4A
Instruction:LSR Addressing Mode:Accumulator - Operand (Value: "0x00", Address: "None")
Instruction cycle count set to 2
A |X |Y |SP |PC   |T/MT |NV-BDIZC |CYCLE
----------------------------------------
00|00|00|FE |0706 |1/2  |00100110 |13820
00|00|00|FE |0706 |2/2  |00100110 |13821


---------------
Opcode: C9
ll: 02
Instruction:CMP Addressing Mode:Immediate - Operand (Value: "0x02", Address: "None")
Instruction cycle count set to 2
A |X |Y |SP |PC   |T/MT |NV-BDIZC |CYCLE
----------------------------------------
00|00|00|FE |0708 |1/2  |10100100 |13822
00|00|00|FE |0708 |2/2  |10100100 |13823


---------------
Opcode: D0
ll: F8
Old PC: 070A Offset:-8 New PC: 0702
Instruction:BNE Addressing Mode:Relative - Operand (Value: "None", Address: "0x0702")
Instruction cycle count set to 2
A |X |Y |SP |PC   |T/MT |NV-BDIZC |CYCLE
----------------------------------------
00|00|00|FE |0702 |1/3  |10100100 |13824
00|00|00|FE |0702 |2/3  |10100100 |13825
00|00|00|FE |0702 |3/3  |10100100 |13826


---------------
Opcode: 8D
ll: 00 hh: A0
Instruction:STA Addressing Mode:Absolute - Operand (Value: "0x00", Address: "0xA000")
Writing value 0x00 to address: 0xA000
0xA000: 0x00
Instruction cycle count set to 4
A |X |Y |SP |PC   |T/MT |NV-BDIZC |CYCLE
----------------------------------------
00|00|00|FE |0705 |1/4  |10100100 |13827
00|00|00|FE |0705 |2/4  |10100100 |13828
00|00|00|FE |0705 |3/4  |10100100 |13829
00|00|00|FE |0705 |4/4  |10100100 |13830


---------------
Opcode: 4A
Instruction:LSR Addressing Mode:Accumulator - Operand (Value: "0x00", Address: "None")
Instruction cycle count set to 2
A |X |Y |SP |PC   |T/MT |NV-BDIZC |CYCLE
----------------------------------------
00|00|00|FE |0706 |1/2  |00100110 |13831
00|00|00|FE |0706 |2/2  |00100110 |13832


---------------
Opcode: C9
ll: 02
Instruction:CMP Addressing Mode:Immediate - Operand (Value: "0x02", Address: "None")
Instruction cycle count set to 2
A |X |Y |SP |PC   |T/MT |NV-BDIZC |CYCLE
----------------------------------------
00|00|00|FE |0708 |1/2  |10100100 |13833
00|00|00|FE |0708 |2/2  |10100100 |13834


---------------
Opcode: D0
ll: F8
Old PC: 070A Offset:-8 New PC: 0702
Instruction:BNE Addressing Mode:Relative - Operand (Value: "None", Address: "0x0702")
Instruction cycle count set to 2
A |X |Y |SP |PC   |T/MT |NV-BDIZC |CYCLE
----------------------------------------
00|00|00|FE |0702 |1/3  |10100100 |13835
00|00|00|FE |0702 |2/3  |10100100 |13836
00|00|00|FE |0702 |3/3  |10100100 |13837


---------------
Opcode: 8D
ll: 00 hh: A0
Instruction:STA Addressing Mode:Absolute - Operand (Value: "0x00", Address: "0xA000")
Writing value 0x00 to address: 0xA000
0xA000: 0x00
Instruction cycle count set to 4
A |X |Y |SP |PC   |T/MT |NV-BDIZC |CYCLE
----------------------------------------
00|00|00|FE |0705 |1/4  |10100100 |13838
00|00|00|FE |0705 |2/4  |10100100 |13839
00|00|00|FE |0705 |3/4  |10100100 |13840
00|00|00|FE |0705 |4/4  |10100100 |13841


---------------
Opcode: 4A
Instruction:LSR Addressing Mode:Accumulator - Operand (Value: "0x00", Address: "None")
Instruction cycle count set to 2
A |X |Y |SP |PC   |T/MT |NV-BDIZC |CYCLE
----------------------------------------
00|00|00|FE |0706 |1/2  |00100110 |13842
00|00|00|FE |0706 |2/2  |00100110 |13843


---------------
Opcode: C9
ll: 02
Instruction:CMP Addressing Mode:Immediate - Operand (Value: "0x02", Address: "None")
Instruction cycle count set to 2
A |X |Y |SP |PC   |T/MT |NV-BDIZC |CYCLE
----------------------------------------
00|00|00|FE |0708 |1/2  |10100100 |13844
00|00|00|FE |0708 |2/2  |10100100 |13845


---------------
Opcode: D0
ll: F8
Old PC: 070A Offset:-8 New PC: 0702
Instruction:BNE Addressing Mode:Relative - Operand (Value: "None", Address: "0x0702")
Instruction cycle count set to 2
A |X |Y |SP |PC   |T/MT |NV-BDIZC |CYCLE
----------------------------------------
00|00|00|FE |0702 |1/3  |10100100 |13846
00|00|00|FE |0702 |2/3  |10100100 |13847
00|00|00|FE |0702 |3/3  |10100100 |13848


---------------
Opcode: 8D
ll: 00 hh: A0
Instruction:STA Addressing Mode:Absolute - Operand (Value: "0x00", Address: "0xA000")
Writing value 0x00 to address: 0xA000
0xA000: 0x00
Instruction cycle count set to 4
A |X |Y |SP |PC   |T/MT |NV-BDIZC |CYCLE
----------------------------------------
00|00|00|FE |0705 |1/4  |10100100 |13849
00|00|00|FE |0705 |2/4  |10100100 |13850
00|00|00|FE |0705 |3/4  |10100100 |13851
00|00|00|FE |0705 |4/4  |10100100 |13852


---------------
Opcode: 4A
Instruction:LSR Addressing Mode:Accumulator - Operand (Value: "0x00", Address: "None")
Instruction cycle count set to 2
A |X |Y |SP |PC   |T/MT |NV-BDIZC |CYCLE
----------------------------------------
00|00|00|FE |0706 |1/2  |00100110 |13853
00|00|00|FE |0706 |2/2  |00100110 |13854


---------------
Opcode: C9
ll: 02
Instruction:CMP Addressing Mode:Immediate - Operand (Value: "0x02", Address: "None")
Instruction cycle count set to 2
A |X |Y |SP |PC   |T/MT |NV-BDIZC |CYCLE
----------------------------------------
00|00|00|FE |0708 |1/2  |10100100 |13855
00|00|00|FE |0708 |2/2  |10100100 |13856


---------------
Opcode: D0
ll: F8
Old PC: 070A Offset:-8 New PC: 0702
Instruction:BNE Addressing Mode:Relative - Operand (Value: "None", Address: "0x0702")
Instruction cycle count set to 2
A |X |Y |SP |PC   |T/MT |NV-BDIZC |CYCLE
----------------------------------------
00|00|00|FE |0702 |1/3  |10100100 |13857
00|00|00|FE |0702 |2/3  |10100100 |13858
00|00|00|FE |0702 |3/3  |10100100 |13859


---------------
Opcode: 8D
ll: 00 hh: A0
Instruction:STA Addressing Mode:Absolute - Operand (Value: "0x00", Address: "0xA000")
Writing value 0x00 to address: 0xA000
0xA000: 0x00
Instruction cycle count set to 4
A |X |Y |SP |PC   |T/MT |NV-BDIZC |CYCLE
----------------------------------------
00|00|00|FE |0705 |1/4  |10100100 |13860
00|00|00|FE |0705 |2/4  |10100100 |13861
00|00|00|FE |0705 |3/4  |10100100 |13862
00|00|00|FE |0705 |4/4  |10100100 |13863


---------------
Opcode: 4A
Instruction:LSR Addressing Mode:Accumulator - Operand (Value: "0x00", Address: "None")
Instruction cycle count set to 2
A |X |Y |SP |PC   |T/MT |NV-BDIZC |CYCLE
----------------------------------------
00|00|00|FE |0706 |1/2  |00100110 |13864
00|00|00|FE |0706 |2/2  |00100110 |13865


---------------
Opcode: C9
ll: 02
Instruction:CMP Addressing Mode:Immediate - Operand (Value: "0x02", Address: "None")
Instruction cycle count set to 2
A |X |Y |SP |PC   |T/MT |NV-BDIZC |CYCLE
----------------------------------------
00|00|00|FE |0708 |1/2  |10100100 |13866
00|00|00|FE |0708 |2/2  |10100100 |13867


---------------
Opcode: D0
ll: F8
Old PC: 070A Offset:-8 New PC: 0702
Instruction:BNE Addressing Mode:Relative - Operand (Value: "None", Address: "0x0702")
Instruction cycle count set to 2
A |X |Y |SP |PC   |T/MT |NV-BDIZC |CYCLE
----------------------------------------
00|00|00|FE |0702 |1/3  |10100100 |13868
00|00|00|FE |0702 |2/3  |10100100 |13869
00|00|00|FE |0702 |3/3  |10100100 |13870


---------------
Opcode: 8D
ll: 00 hh: A0
Instruction:STA Addressing Mode:Absolute - Operand (Value: "0x00", Address: "0xA000")
Writing value 0x00 to address: 0xA000
0xA000: 0x00
Instruction cycle count set to 4
A |X |Y |SP |PC   |T/MT |NV-BDIZC |CYCLE
----------------------------------------
00|00|00|FE |0705 |1/4  |10100100 |13871
00|00|00|FE |0705 |2/4  |10100100 |13872
00|00|00|FE |0705 |3/4  |10100100 |13873
00|00|00|FE |0705 |4/4  |10100100 |13874


---------------
Opcode: 4A
Instruction:LSR Addressing Mode:Accumulator - Operand (Value: "0x00", Address: "None")
Instruction cycle count set to 2
A |X |Y |SP |PC   |T/MT |NV-BDIZC |CYCLE
----------------------------------------
00|00|00|FE |0706 |1/2  |00100110 |13875
00|00|00|FE |0706 |2/2  |00100110 |13876


---------------
Opcode: C9
ll: 02
Instruction:CMP Addressing Mode:Immediate - Operand (Value: "0x02", Address: "None")
Instruction cycle count set to 2
A |X |Y |SP |PC   |T/MT |NV-BDIZC |CYCLE
----------------------------------------
00|00|00|FE |0708 |1/2  |10100100 |13877
00|00|00|FE |0708 |2/2  |10100100 |13878


---------------
Opcode: D0
ll: F8
Old PC: 070A Offset:-8 New PC: 0702
Instruction:BNE Addressing Mode:Relative - Operand (Value: "None", Address: "0x0702")
Instruction cycle count set to 2
A |X |Y |SP |PC   |T/MT |NV-BDIZC |CYCLE
----------------------------------------
00|00|00|FE |0702 |1/3  |10100100 |13879
00|00|00|FE |0702 |2/3  |10100100 |13880
00|00|00|FE |0702 |3/3  |10100100 |13881


---------------
Opcode: 8D
ll: 00 hh: A0
Instruction:STA Addressing Mode:Absolute - Operand (Value: "0x00", Address: "0xA000")
Writing value 0x00 to address: 0xA000
0xA000: 0x00
Instruction cycle count set to 4
A |X |Y |SP |PC   |T/MT |NV-BDIZC |CYCLE
----------------------------------------
00|00|00|FE |0705 |1/4  |10100100 |13882
00|00|00|FE |0705 |2/4  |10100100 |13883
00|00|00|FE |0705 |3/4  |10100100 |13884
00|00|00|FE |0705 |4/4  |10100100 |13885


---------------
Opcode: 4A
Instruction:LSR Addressing Mode:Accumulator - Operand (Value: "0x00", Address: "None")
Instruction cycle count set to 2
A |X |Y |SP |PC   |T/MT |NV-BDIZC |CYCLE
----------------------------------------
00|00|00|FE |0706 |1/2  |00100110 |13886
00|00|00|FE |0706 |2/2  |00100110 |13887


---------------
Opcode: C9
ll: 02
Instruction:CMP Addressing Mode:Immediate - Operand (Value: "0x02", Address: "None")
Instruction cycle count set to 2
A |X |Y |SP |PC   |T/MT |NV-BDIZC |CYCLE
----------------------------------------
00|00|00|FE |0708 |1/2  |10100100 |13888
00|00|00|FE |0708 |2/2  |10100100 |13889


---------------
Opcode: D0
ll: F8
Old PC: 070A Offset:-8 New PC: 0702
Instruction:BNE Addressing Mode:Relative - Operand (Value: "None", Address: "0x0702")
Instruction cycle count set to 2
A |X |Y |SP |PC   |T/MT |NV-BDIZC |CYCLE
----------------------------------------
00|00|00|FE |0702 |1/3  |10100100 |13890
00|00|00|FE |0702 |2/3  |10100100 |13891
00|00|00|FE |0702 |3/3  |10100100 |13892


---------------
Opcode: 8D
ll: 00 hh: A0
Instruction:STA Addressing Mode:Absolute - Operand (Value: "0x00", Address: "0xA000")
Writing value 0x00 to address: 0xA000
0xA000: 0x00
Instruction cycle count set to 4
A |X |Y |SP |PC   |T/MT |NV-BDIZC |CYCLE
----------------------------------------
00|00|00|FE |0705 |1/4  |10100100 |13893
00|00|00|FE |0705 |2/4  |10100100 |13894
00|00|00|FE |0705 |3/4  |10100100 |13895
00|00|00|FE |0705 |4/4  |10100100 |13896


---------------
Opcode: 4A
Instruction:LSR Addressing Mode:Accumulator - Operand (Value: "0x00", Address: "None")
Instruction cycle count set to 2
A |X |Y |SP |PC   |T/MT |NV-BDIZC |CYCLE
----------------------------------------
00|00|00|FE |0706 |1/2  |00100110 |13897
00|00|00|FE |0706 |2/2  |00100110 |13898


---------------
Opcode: C9
ll: 02
Instruction:CMP Addressing Mode:Immediate - Operand (Value: "0x02", Address: "None")
Instruction cycle count set to 2
A |X |Y |SP |PC   |T/MT |NV-BDIZC |CYCLE
----------------------------------------
00|00|00|FE |0708 |1/2  |10100100 |13899
00|00|00|FE |0708 |2/2  |10100100 |13900


---------------
Opcode: D0
ll: F8
Old PC: 070A Offset:-8 New PC: 0702
Instruction:BNE Addressing Mode:Relative - Operand (Value: "None", Address: "0x0702")
Instruction cycle count set to 2
A |X |Y |SP |PC   |T/MT |NV-BDIZC |CYCLE
----------------------------------------
00|00|00|FE |0702 |1/3  |10100100 |13901
00|00|00|FE |0702 |2/3  |10100100 |13902
00|00|00|FE |0702 |3/3  |10100100 |13903


---------------
Opcode: 8D
ll: 00 hh: A0
Instruction:STA Addressing Mode:Absolute - Operand (Value: "0x00", Address: "0xA000")
Writing value 0x00 to address: 0xA000
0xA000: 0x00
Instruction cycle count set to 4
A |X |Y |SP |PC   |T/MT |NV-BDIZC |CYCLE
----------------------------------------
00|00|00|FE |0705 |1/4  |10100100 |13904
00|00|00|FE |0705 |2/4  |10100100 |13905
00|00|00|FE |0705 |3/4  |10100100 |13906
00|00|00|FE |0705 |4/4  |10100100 |13907


---------------
Opcode: 4A
Instruction:LSR Addressing Mode:Accumulator - Operand (Value: "0x00", Address: "None")
Instruction cycle count set to 2
A |X |Y |SP |PC   |T/MT |NV-BDIZC |CYCLE
----------------------------------------
00|00|00|FE |0706 |1/2  |00100110 |13908
00|00|00|FE |0706 |2/2  |00100110 |13909


---------------
Opcode: C9
ll: 02
Instruction:CMP Addressing Mode:Immediate - Operand (Value: "0x02", Address: "None")
Instruction cycle count set to 2
A |X |Y |SP |PC   |T/MT |NV-BDIZC |CYCLE
----------------------------------------
00|00|00|FE |0708 |1/2  |10100100 |13910
00|00|00|FE |0708 |2/2  |10100100 |13911


---------------
Opcode: D0
ll: F8
Old PC: 070A Offset:-8 New PC: 0702
Instruction:BNE Addressing Mode:Relative - Operand (Value: "None", Address: "0x0702")
Instruction cycle count set to 2
A |X |Y |SP |PC   |T/MT |NV-BDIZC |CYCLE
----------------------------------------
00|00|00|FE |0702 |1/3  |10100100 |13912
00|00|00|FE |0702 |2/3  |10100100 |13913
00|00|00|FE |0702 |3/3  |10100100 |13914


---------------
Opcode: 8D
ll: 00 hh: A0
Instruction:STA Addressing Mode:Absolute - Operand (Value: "0x00", Address: "0xA000")
Writing value 0x00 to address: 0xA000
0xA000: 0x00
Instruction cycle count set to 4
A |X |Y |SP |PC   |T/MT |NV-BDIZC |CYCLE
----------------------------------------
00|00|00|FE |0705 |1/4  |10100100 |13915
00|00|00|FE |0705 |2/4  |10100100 |13916
00|00|00|FE |0705 |3/4  |10100100 |13917
00|00|00|FE |0705 |4/4  |10100100 |13918


---------------
Opcode: 4A
Instruction:LSR Addressing Mode:Accumulator - Operand (Value: "0x00", Address: "None")
Instruction cycle count set to 2
A |X |Y |SP |PC   |T/MT |NV-BDIZC |CYCLE
----------------------------------------
00|00|00|FE |0706 |1/2  |00100110 |13919
00|00|00|FE |0706 |2/2  |00100110 |13920


---------------
Opcode: C9
ll: 02
Instruction:CMP Addressing Mode:Immediate - Operand (Value: "0x02", Address: "None")
Instruction cycle count set to 2
A |X |Y |SP |PC   |T/MT |NV-BDIZC |CYCLE
----------------------------------------
00|00|00|FE |0708 |1/2  |10100100 |13921
00|00|00|FE |0708 |2/2  |10100100 |13922


---------------
Opcode: D0
ll: F8
Old PC: 070A Offset:-8 New PC: 0702
Instruction:BNE Addressing Mode:Relative - Operand (Value: "None", Address: "0x0702")
Instruction cycle count set to 2
A |X |Y |SP |PC   |T/MT |NV-BDIZC |CYCLE
----------------------------------------
00|00|00|FE |0702 |1/3  |10100100 |13923
00|00|00|FE |0702 |2/3  |10100100 |13924
00|00|00|FE |0702 |3/3  |10100100 |13925


---------------
Opcode: 8D
ll: 00 hh: A0
Instruction:STA Addressing Mode:Absolute - Operand (Value: "0x00", Address: "0xA000")
Writing value 0x00 to address: 0xA000
0xA000: 0x00
Instruction cycle count set to 4
A |X |Y |SP |PC   |T/MT |NV-BDIZC |CYCLE
----------------------------------------
00|00|00|FE |0705 |1/4  |10100100 |13926
00|00|00|FE |0705 |2/4  |10100100 |13927
00|00|00|FE |0705 |3/4  |10100100 |13928
00|00|00|FE |0705 |4/4  |10100100 |13929


---------------
Opcode: 4A
Instruction:LSR Addressing Mode:Accumulator - Operand (Value: "0x00", Address: "None")
Instruction cycle count set to 2
A |X |Y |SP |PC   |T/MT |NV-BDIZC |CYCLE
----------------------------------------
00|00|00|FE |0706 |1/2  |00100110 |13930
00|00|00|FE |0706 |2/2  |00100110 |13931


---------------
Opcode: C9
ll: 02
Instruction:CMP Addressing Mode:Immediate - Operand (Value: "0x02", Address: "None")
Instruction cycle count set to 2
A |X |Y |SP |PC   |T/MT |NV-BDIZC |CYCLE
----------------------------------------
00|00|00|FE |0708 |1/2  |10100100 |13932
00|00|00|FE |0708 |2/2  |10100100 |13933


---------------
Opcode: D0
ll: F8
Old PC: 070A Offset:-8 New PC: 0702
Instruction:BNE Addressing Mode:Relative - Operand (Value: "None", Address: "0x0702")
Instruction cycle count set to 2
A |X |Y |SP |PC   |T/MT |NV-BDIZC |CYCLE
----------------------------------------
00|00|00|FE |0702 |1/3  |10100100 |13934
00|00|00|FE |0702 |2/3  |10100100 |13935
00|00|00|FE |0702 |3/3  |10100100 |13936


---------------
Opcode: 8D
ll: 00 hh: A0
Instruction:STA Addressing Mode:Absolute - Operand (Value: "0x00", Address: "0xA000")
Writing value 0x00 to address: 0xA000
0xA000: 0x00
Instruction cycle count set to 4
A |X |Y |SP |PC   |T/MT |NV-BDIZC |CYCLE
----------------------------------------
00|00|00|FE |0705 |1/4  |10100100 |13937
00|00|00|FE |0705 |2/4  |10100100 |13938
00|00|00|FE |0705 |3/4  |10100100 |13939
00|00|00|FE |0705 |4/4  |10100100 |13940


---------------
Opcode: 4A
Instruction:LSR Addressing Mode:Accumulator - Operand (Value: "0x00", Address: "None")
Instruction cycle count set to 2
A |X |Y |SP |PC   |T/MT |NV-BDIZC |CYCLE
----------------------------------------
00|00|00|FE |0706 |1/2  |00100110 |13941
00|00|00|FE |0706 |2/2  |00100110 |13942


---------------
Opcode: C9
ll: 02
Instruction:CMP Addressing Mode:Immediate - Operand (Value: "0x02", Address: "None")
Instruction cycle count set to 2
A |X |Y |SP |PC   |T/MT |NV-BDIZC |CYCLE
----------------------------------------
00|00|00|FE |0708 |1/2  |10100100 |13943
00|00|00|FE |0708 |2/2  |10100100 |13944


---------------
Opcode: D0
ll: F8
Old PC: 070A Offset:-8 New PC: 0702
Instruction:BNE Addressing Mode:Relative - Operand (Value: "None", Address: "0x0702")
Instruction cycle count set to 2
A |X |Y |SP |PC   |T/MT |NV-BDIZC |CYCLE
----------------------------------------
00|00|00|FE |0702 |1/3  |10100100 |13945
00|00|00|FE |0702 |2/3  |10100100 |13946
00|00|00|FE |0702 |3/3  |10100100 |13947


---------------
Opcode: 8D
ll: 00 hh: A0
Instruction:STA Addressing Mode:Absolute - Operand (Value: "0x00", Address: "0xA000")
Writing value 0x00 to address: 0xA000
0xA000: 0x00
Instruction cycle count set to 4
A |X |Y |SP |PC   |T/MT |NV-BDIZC |CYCLE
----------------------------------------
00|00|00|FE |0705 |1/4  |10100100 |13948
00|00|00|FE |0705 |2/4  |10100100 |13949
00|00|00|FE |0705 |3/4  |10100100 |13950
00|00|00|FE |0705 |4/4  |10100100 |13951


---------------
Opcode: 4A
Instruction:LSR Addressing Mode:Accumulator - Operand (Value: "0x00", Address: "None")
Instruction cycle count set to 2
A |X |Y |SP |PC   |T/MT |NV-BDIZC |CYCLE
----------------------------------------
00|00|00|FE |0706 |1/2  |00100110 |13952
00|00|00|FE |0706 |2/2  |00100110 |13953


---------------
Opcode: C9
ll: 02
Instruction:CMP Addressing Mode:Immediate - Operand (Value: "0x02", Address: "None")
Instruction cycle count set to 2
A |X |Y |SP |PC   |T/MT |NV-BDIZC |CYCLE
----------------------------------------
00|00|00|FE |0708 |1/2  |10100100 |13954
00|00|00|FE |0708 |2/2  |10100100 |13955


---------------
Opcode: D0
ll: F8
Old PC: 070A Offset:-8 New PC: 0702
Instruction:BNE Addressing Mode:Relative - Operand (Value: "None", Address: "0x0702")
Instruction cycle count set to 2
A |X |Y |SP |PC   |T/MT |NV-BDIZC |CYCLE
----------------------------------------
00|00|00|FE |0702 |1/3  |10100100 |13956
00|00|00|FE |0702 |2/3  |10100100 |13957
00|00|00|FE |0702 |3/3  |10100100 |13958


---------------
Opcode: 8D
ll: 00 hh: A0
Instruction:STA Addressing Mode:Absolute - Operand (Value: "0x00", Address: "0xA000")
Writing value 0x00 to address: 0xA000
0xA000: 0x00
Instruction cycle count set to 4
A |X |Y |SP |PC   |T/MT |NV-BDIZC |CYCLE
----------------------------------------
00|00|00|FE |0705 |1/4  |10100100 |13959
00|00|00|FE |0705 |2/4  |10100100 |13960
00|00|00|FE |0705 |3/4  |10100100 |13961
00|00|00|FE |0705 |4/4  |10100100 |13962


---------------
Opcode: 4A
Instruction:LSR Addressing Mode:Accumulator - Operand (Value: "0x00", Address: "None")
Instruction cycle count set to 2
A |X |Y |SP |PC   |T/MT |NV-BDIZC |CYCLE
----------------------------------------
00|00|00|FE |0706 |1/2  |00100110 |13963
00|00|00|FE |0706 |2/2  |00100110 |13964


---------------
Opcode: C9
ll: 02
Instruction:CMP Addressing Mode:Immediate - Operand (Value: "0x02", Address: "None")
Instruction cycle count set to 2
A |X |Y |SP |PC   |T/MT |NV-BDIZC |CYCLE
----------------------------------------
00|00|00|FE |0708 |1/2  |10100100 |13965
00|00|00|FE |0708 |2/2  |10100100 |13966


---------------
Opcode: D0
ll: F8
Old PC: 070A Offset:-8 New PC: 0702
Instruction:BNE Addressing Mode:Relative - Operand (Value: "None", Address: "0x0702")
Instruction cycle count set to 2
A |X |Y |SP |PC   |T/MT |NV-BDIZC |CYCLE
----------------------------------------
00|00|00|FE |0702 |1/3  |10100100 |13967
00|00|00|FE |0702 |2/3  |10100100 |13968
00|00|00|FE |0702 |3/3  |10100100 |13969


---------------
Opcode: 8D
ll: 00 hh: A0
Instruction:STA Addressing Mode:Absolute - Operand (Value: "0x00", Address: "0xA000")
Writing value 0x00 to address: 0xA000
0xA000: 0x00
Instruction cycle count set to 4
A |X |Y |SP |PC   |T/MT |NV-BDIZC |CYCLE
----------------------------------------
00|00|00|FE |0705 |1/4  |10100100 |13970
00|00|00|FE |0705 |2/4  |10100100 |13971
00|00|00|FE |0705 |3/4  |10100100 |13972
00|00|00|FE |0705 |4/4  |10100100 |13973


---------------
Opcode: 4A
Instruction:LSR Addressing Mode:Accumulator - Operand (Value: "0x00", Address: "None")
Instruction cycle count set to 2
A |X |Y |SP |PC   |T/MT |NV-BDIZC |CYCLE
----------------------------------------
00|00|00|FE |0706 |1/2  |00100110 |13974
00|00|00|FE |0706 |2/2  |00100110 |13975


---------------
Opcode: C9
ll: 02
Instruction:CMP Addressing Mode:Immediate - Operand (Value: "0x02", Address: "None")
Instruction cycle count set to 2
A |X |Y |SP |PC   |T/MT |NV-BDIZC |CYCLE
----------------------------------------
00|00|00|FE |0708 |1/2  |10100100 |13976
00|00|00|FE |0708 |2/2  |10100100 |13977


---------------
Opcode: D0
ll: F8
Old PC: 070A Offset:-8 New PC: 0702
Instruction:BNE Addressing Mode:Relative - Operand (Value: "None", Address: "0x0702")
Instruction cycle count set to 2
A |X |Y |SP |PC   |T/MT |NV-BDIZC |CYCLE
----------------------------------------
00|00|00|FE |0702 |1/3  |10100100 |13978
00|00|00|FE |0702 |2/3  |10100100 |13979
00|00|00|FE |0702 |3/3  |10100100 |13980


---------------
Opcode: 8D
ll: 00 hh: A0
Instruction:STA Addressing Mode:Absolute - Operand (Value: "0x00", Address: "0xA000")
Writing value 0x00 to address: 0xA000
0xA000: 0x00
Instruction cycle count set to 4
A |X |Y |SP |PC   |T/MT |NV-BDIZC |CYCLE
----------------------------------------
00|00|00|FE |0705 |1/4  |10100100 |13981
00|00|00|FE |0705 |2/4  |10100100 |13982
00|00|00|FE |0705 |3/4  |10100100 |13983
00|00|00|FE |0705 |4/4  |10100100 |13984


---------------
Opcode: 4A
Instruction:LSR Addressing Mode:Accumulator - Operand (Value: "0x00", Address: "None")
Instruction cycle count set to 2
A |X |Y |SP |PC   |T/MT |NV-BDIZC |CYCLE
----------------------------------------
00|00|00|FE |0706 |1/2  |00100110 |13985
00|00|00|FE |0706 |2/2  |00100110 |13986


---------------
Opcode: C9
ll: 02
Instruction:CMP Addressing Mode:Immediate - Operand (Value: "0x02", Address: "None")
Instruction cycle count set to 2
A |X |Y |SP |PC   |T/MT |NV-BDIZC |CYCLE
----------------------------------------
00|00|00|FE |0708 |1/2  |10100100 |13987
00|00|00|FE |0708 |2/2  |10100100 |13988


---------------
Opcode: D0
ll: F8
Old PC: 070A Offset:-8 New PC: 0702
Instruction:BNE Addressing Mode:Relative - Operand (Value: "None", Address: "0x0702")
Instruction cycle count set to 2
A |X |Y |SP |PC   |T/MT |NV-BDIZC |CYCLE
----------------------------------------
00|00|00|FE |0702 |1/3  |10100100 |13989
00|00|00|FE |0702 |2/3  |10100100 |13990
00|00|00|FE |0702 |3/3  |10100100 |13991


---------------
Opcode: 8D
ll: 00 hh: A0
Instruction:STA Addressing Mode:Absolute - Operand (Value: "0x00", Address: "0xA000")
Writing value 0x00 to address: 0xA000
0xA000: 0x00
Instruction cycle count set to 4
A |X |Y |SP |PC   |T/MT |NV-BDIZC |CYCLE
----------------------------------------
00|00|00|FE |0705 |1/4  |10100100 |13992
00|00|00|FE |0705 |2/4  |10100100 |13993
00|00|00|FE |0705 |3/4  |10100100 |13994
00|00|00|FE |0705 |4/4  |10100100 |13995


---------------
Opcode: 4A
Instruction:LSR Addressing Mode:Accumulator - Operand (Value: "0x00", Address: "None")
Instruction cycle count set to 2
A |X |Y |SP |PC   |T/MT |NV-BDIZC |CYCLE
----------------------------------------
00|00|00|FE |0706 |1/2  |00100110 |13996
00|00|00|FE |0706 |2/2  |00100110 |13997


---------------
Opcode: C9
ll: 02
Instruction:CMP Addressing Mode:Immediate - Operand (Value: "0x02", Address: "None")
Instruction cycle count set to 2
A |X |Y |SP |PC   |T/MT |NV-BDIZC |CYCLE
----------------------------------------
00|00|00|FE |0708 |1/2  |10100100 |13998
emulation behind by 1.09771831s. trying to catch up...
00|00|00|FE |0708 |2/2  |10100100 |13999


---------------
Opcode: D0
ll: F8
Old PC: 070A Offset:-8 New PC: 0702
Instruction:BNE Addressing Mode:Relative - Operand (Value: "None", Address: "0x0702")
Instruction cycle count set to 2
A |X |Y |SP |PC   |T/MT |NV-BDIZC |CYCLE
----------------------------------------
00|00|00|FE |0702 |1/3  |10100100 |14000
00|00|00|FE |0702 |2/3  |10100100 |14001
00|00|00|FE |0702 |3/3  |10100100 |14002


---------------
Opcode: 8D
ll: 00 hh: A0
Instruction:STA Addressing Mode:Absolute - Operand (Value: "0x00", Address: "0xA000")
Writing value 0x00 to address: 0xA000
0xA000: 0x00
Instruction cycle count set to 4
A |X |Y |SP |PC   |T/MT |NV-BDIZC |CYCLE
----------------------------------------
00|00|00|FE |0705 |1/4  |10100100 |14003
00|00|00|FE |0705 |2/4  |10100100 |14004
00|00|00|FE |0705 |3/4  |10100100 |14005
00|00|00|FE |0705 |4/4  |10100100 |14006


---------------
Opcode: 4A
Instruction:LSR Addressing Mode:Accumulator - Operand (Value: "0x00", Address: "None")
Instruction cycle count set to 2
A |X |Y |SP |PC   |T/MT |NV-BDIZC |CYCLE
----------------------------------------
00|00|00|FE |0706 |1/2  |00100110 |14007
00|00|00|FE |0706 |2/2  |00100110 |14008


---------------
Opcode: C9
ll: 02
Instruction:CMP Addressing Mode:Immediate - Operand (Value: "0x02", Address: "None")
Instruction cycle count set to 2
A |X |Y |SP |PC   |T/MT |NV-BDIZC |CYCLE
----------------------------------------
00|00|00|FE |0708 |1/2  |10100100 |14009
00|00|00|FE |0708 |2/2  |10100100 |14010


---------------
Opcode: D0
ll: F8
Old PC: 070A Offset:-8 New PC: 0702
Instruction:BNE Addressing Mode:Relative - Operand (Value: "None", Address: "0x0702")
Instruction cycle count set to 2
A |X |Y |SP |PC   |T/MT |NV-BDIZC |CYCLE
----------------------------------------
00|00|00|FE |0702 |1/3  |10100100 |14011
00|00|00|FE |0702 |2/3  |10100100 |14012
00|00|00|FE |0702 |3/3  |10100100 |14013


---------------
Opcode: 8D
ll: 00 hh: A0
Instruction:STA Addressing Mode:Absolute - Operand (Value: "0x00", Address: "0xA000")
Writing value 0x00 to address: 0xA000
0xA000: 0x00
Instruction cycle count set to 4
A |X |Y |SP |PC   |T/MT |NV-BDIZC |CYCLE
----------------------------------------
00|00|00|FE |0705 |1/4  |10100100 |14014
00|00|00|FE |0705 |2/4  |10100100 |14015
00|00|00|FE |0705 |3/4  |10100100 |14016
00|00|00|FE |0705 |4/4  |10100100 |14017


---------------
Opcode: 4A
Instruction:LSR Addressing Mode:Accumulator - Operand (Value: "0x00", Address: "None")
Instruction cycle count set to 2
A |X |Y |SP |PC   |T/MT |NV-BDIZC |CYCLE
----------------------------------------
00|00|00|FE |0706 |1/2  |00100110 |14018
00|00|00|FE |0706 |2/2  |00100110 |14019


---------------
Opcode: C9
ll: 02
Instruction:CMP Addressing Mode:Immediate - Operand (Value: "0x02", Address: "None")
Instruction cycle count set to 2
A |X |Y |SP |PC   |T/MT |NV-BDIZC |CYCLE
----------------------------------------
00|00|00|FE |0708 |1/2  |10100100 |14020
00|00|00|FE |0708 |2/2  |10100100 |14021


---------------
Opcode: D0
ll: F8
Old PC: 070A Offset:-8 New PC: 0702
Instruction:BNE Addressing Mode:Relative - Operand (Value: "None", Address: "0x0702")
Instruction cycle count set to 2
A |X |Y |SP |PC   |T/MT |NV-BDIZC |CYCLE
----------------------------------------
00|00|00|FE |0702 |1/3  |10100100 |14022
00|00|00|FE |0702 |2/3  |10100100 |14023
00|00|00|FE |0702 |3/3  |10100100 |14024


---------------
Opcode: 8D
ll: 00 hh: A0
Instruction:STA Addressing Mode:Absolute - Operand (Value: "0x00", Address: "0xA000")
Writing value 0x00 to address: 0xA000
0xA000: 0x00
Instruction cycle count set to 4
A |X |Y |SP |PC   |T/MT |NV-BDIZC |CYCLE
----------------------------------------
00|00|00|FE |0705 |1/4  |10100100 |14025
00|00|00|FE |0705 |2/4  |10100100 |14026
00|00|00|FE |0705 |3/4  |10100100 |14027
00|00|00|FE |0705 |4/4  |10100100 |14028


---------------
Opcode: 4A
Instruction:LSR Addressing Mode:Accumulator - Operand (Value: "0x00", Address: "None")
Instruction cycle count set to 2
A |X |Y |SP |PC   |T/MT |NV-BDIZC |CYCLE
----------------------------------------
00|00|00|FE |0706 |1/2  |00100110 |14029
00|00|00|FE |0706 |2/2  |00100110 |14030


---------------
Opcode: C9
ll: 02
Instruction:CMP Addressing Mode:Immediate - Operand (Value: "0x02", Address: "None")
Instruction cycle count set to 2
A |X |Y |SP |PC   |T/MT |NV-BDIZC |CYCLE
----------------------------------------
00|00|00|FE |0708 |1/2  |10100100 |14031
00|00|00|FE |0708 |2/2  |10100100 |14032


---------------
Opcode: D0
ll: F8
Old PC: 070A Offset:-8 New PC: 0702
Instruction:BNE Addressing Mode:Relative - Operand (Value: "None", Address: "0x0702")
Instruction cycle count set to 2
A |X |Y |SP |PC   |T/MT |NV-BDIZC |CYCLE
----------------------------------------
00|00|00|FE |0702 |1/3  |10100100 |14033
00|00|00|FE |0702 |2/3  |10100100 |14034
00|00|00|FE |0702 |3/3  |10100100 |14035


---------------
Opcode: 8D
ll: 00 hh: A0
Instruction:STA Addressing Mode:Absolute - Operand (Value: "0x00", Address: "0xA000")
Writing value 0x00 to address: 0xA000
0xA000: 0x00
Instruction cycle count set to 4
A |X |Y |SP |PC   |T/MT |NV-BDIZC |CYCLE
----------------------------------------
00|00|00|FE |0705 |1/4  |10100100 |14036
00|00|00|FE |0705 |2/4  |10100100 |14037
00|00|00|FE |0705 |3/4  |10100100 |14038
00|00|00|FE |0705 |4/4  |10100100 |14039


---------------
Opcode: 4A
Instruction:LSR Addressing Mode:Accumulator - Operand (Value: "0x00", Address: "None")
Instruction cycle count set to 2
A |X |Y |SP |PC   |T/MT |NV-BDIZC |CYCLE
----------------------------------------
00|00|00|FE |0706 |1/2  |00100110 |14040
00|00|00|FE |0706 |2/2  |00100110 |14041


---------------
Opcode: C9
ll: 02
Instruction:CMP Addressing Mode:Immediate - Operand (Value: "0x02", Address: "None")
Instruction cycle count set to 2
A |X |Y |SP |PC   |T/MT |NV-BDIZC |CYCLE
----------------------------------------
00|00|00|FE |0708 |1/2  |10100100 |14042
00|00|00|FE |0708 |2/2  |10100100 |14043


---------------
Opcode: D0
ll: F8
Old PC: 070A Offset:-8 New PC: 0702
Instruction:BNE Addressing Mode:Relative - Operand (Value: "None", Address: "0x0702")
Instruction cycle count set to 2
A |X |Y |SP |PC   |T/MT |NV-BDIZC |CYCLE
----------------------------------------
00|00|00|FE |0702 |1/3  |10100100 |14044
00|00|00|FE |0702 |2/3  |10100100 |14045
00|00|00|FE |0702 |3/3  |10100100 |14046


---------------
Opcode: 8D
ll: 00 hh: A0
Instruction:STA Addressing Mode:Absolute - Operand (Value: "0x00", Address: "0xA000")
Writing value 0x00 to address: 0xA000
0xA000: 0x00
Instruction cycle count set to 4
A |X |Y |SP |PC   |T/MT |NV-BDIZC |CYCLE
----------------------------------------
00|00|00|FE |0705 |1/4  |10100100 |14047
00|00|00|FE |0705 |2/4  |10100100 |14048
00|00|00|FE |0705 |3/4  |10100100 |14049
00|00|00|FE |0705 |4/4  |10100100 |14050


---------------
Opcode: 4A
Instruction:LSR Addressing Mode:Accumulator - Operand (Value: "0x00", Address: "None")
Instruction cycle count set to 2
A |X |Y |SP |PC   |T/MT |NV-BDIZC |CYCLE
----------------------------------------
00|00|00|FE |0706 |1/2  |00100110 |14051
00|00|00|FE |0706 |2/2  |00100110 |14052


---------------
Opcode: C9
ll: 02
Instruction:CMP Addressing Mode:Immediate - Operand (Value: "0x02", Address: "None")
Instruction cycle count set to 2
A |X |Y |SP |PC   |T/MT |NV-BDIZC |CYCLE
----------------------------------------
00|00|00|FE |0708 |1/2  |10100100 |14053
00|00|00|FE |0708 |2/2  |10100100 |14054


---------------
Opcode: D0
ll: F8
Old PC: 070A Offset:-8 New PC: 0702
Instruction:BNE Addressing Mode:Relative - Operand (Value: "None", Address: "0x0702")
Instruction cycle count set to 2
A |X |Y |SP |PC   |T/MT |NV-BDIZC |CYCLE
----------------------------------------
00|00|00|FE |0702 |1/3  |10100100 |14055
00|00|00|FE |0702 |2/3  |10100100 |14056
00|00|00|FE |0702 |3/3  |10100100 |14057


---------------
Opcode: 8D
ll: 00 hh: A0
Instruction:STA Addressing Mode:Absolute - Operand (Value: "0x00", Address: "0xA000")
Writing value 0x00 to address: 0xA000
0xA000: 0x00
Instruction cycle count set to 4
A |X |Y |SP |PC   |T/MT |NV-BDIZC |CYCLE
----------------------------------------
00|00|00|FE |0705 |1/4  |10100100 |14058
00|00|00|FE |0705 |2/4  |10100100 |14059
00|00|00|FE |0705 |3/4  |10100100 |14060
00|00|00|FE |0705 |4/4  |10100100 |14061


---------------
Opcode: 4A
Instruction:LSR Addressing Mode:Accumulator - Operand (Value: "0x00", Address: "None")
Instruction cycle count set to 2
A |X |Y |SP |PC   |T/MT |NV-BDIZC |CYCLE
----------------------------------------
00|00|00|FE |0706 |1/2  |00100110 |14062
00|00|00|FE |0706 |2/2  |00100110 |14063


---------------
Opcode: C9
ll: 02
Instruction:CMP Addressing Mode:Immediate - Operand (Value: "0x02", Address: "None")
Instruction cycle count set to 2
A |X |Y |SP |PC   |T/MT |NV-BDIZC |CYCLE
----------------------------------------
00|00|00|FE |0708 |1/2  |10100100 |14064
00|00|00|FE |0708 |2/2  |10100100 |14065


---------------
Opcode: D0
ll: F8
Old PC: 070A Offset:-8 New PC: 0702
Instruction:BNE Addressing Mode:Relative - Operand (Value: "None", Address: "0x0702")
Instruction cycle count set to 2
A |X |Y |SP |PC   |T/MT |NV-BDIZC |CYCLE
----------------------------------------
00|00|00|FE |0702 |1/3  |10100100 |14066
00|00|00|FE |0702 |2/3  |10100100 |14067
00|00|00|FE |0702 |3/3  |10100100 |14068


---------------
Opcode: 8D
ll: 00 hh: A0
Instruction:STA Addressing Mode:Absolute - Operand (Value: "0x00", Address: "0xA000")
Writing value 0x00 to address: 0xA000
0xA000: 0x00
Instruction cycle count set to 4
A |X |Y |SP |PC   |T/MT |NV-BDIZC |CYCLE
----------------------------------------
00|00|00|FE |0705 |1/4  |10100100 |14069
00|00|00|FE |0705 |2/4  |10100100 |14070
00|00|00|FE |0705 |3/4  |10100100 |14071
00|00|00|FE |0705 |4/4  |10100100 |14072


---------------
Opcode: 4A
Instruction:LSR Addressing Mode:Accumulator - Operand (Value: "0x00", Address: "None")
Instruction cycle count set to 2
A |X |Y |SP |PC   |T/MT |NV-BDIZC |CYCLE
----------------------------------------
00|00|00|FE |0706 |1/2  |00100110 |14073
00|00|00|FE |0706 |2/2  |00100110 |14074


---------------
Opcode: C9
ll: 02
Instruction:CMP Addressing Mode:Immediate - Operand (Value: "0x02", Address: "None")
Instruction cycle count set to 2
A |X |Y |SP |PC   |T/MT |NV-BDIZC |CYCLE
----------------------------------------
00|00|00|FE |0708 |1/2  |10100100 |14075
00|00|00|FE |0708 |2/2  |10100100 |14076


---------------
Opcode: D0
ll: F8
Old PC: 070A Offset:-8 New PC: 0702
Instruction:BNE Addressing Mode:Relative - Operand (Value: "None", Address: "0x0702")
Instruction cycle count set to 2
A |X |Y |SP |PC   |T/MT |NV-BDIZC |CYCLE
----------------------------------------
00|00|00|FE |0702 |1/3  |10100100 |14077
00|00|00|FE |0702 |2/3  |10100100 |14078
00|00|00|FE |0702 |3/3  |10100100 |14079


---------------
Opcode: 8D
ll: 00 hh: A0
Instruction:STA Addressing Mode:Absolute - Operand (Value: "0x00", Address: "0xA000")
Writing value 0x00 to address: 0xA000
0xA000: 0x00
Instruction cycle count set to 4
A |X |Y |SP |PC   |T/MT |NV-BDIZC |CYCLE
----------------------------------------
00|00|00|FE |0705 |1/4  |10100100 |14080
00|00|00|FE |0705 |2/4  |10100100 |14081
00|00|00|FE |0705 |3/4  |10100100 |14082
00|00|00|FE |0705 |4/4  |10100100 |14083


---------------
Opcode: 4A
Instruction:LSR Addressing Mode:Accumulator - Operand (Value: "0x00", Address: "None")
Instruction cycle count set to 2
A |X |Y |SP |PC   |T/MT |NV-BDIZC |CYCLE
----------------------------------------
00|00|00|FE |0706 |1/2  |00100110 |14084
00|00|00|FE |0706 |2/2  |00100110 |14085


---------------
Opcode: C9
ll: 02
Instruction:CMP Addressing Mode:Immediate - Operand (Value: "0x02", Address: "None")
Instruction cycle count set to 2
A |X |Y |SP |PC   |T/MT |NV-BDIZC |CYCLE
----------------------------------------
00|00|00|FE |0708 |1/2  |10100100 |14086
00|00|00|FE |0708 |2/2  |10100100 |14087


---------------
Opcode: D0
ll: F8
Old PC: 070A Offset:-8 New PC: 0702
Instruction:BNE Addressing Mode:Relative - Operand (Value: "None", Address: "0x0702")
Instruction cycle count set to 2
A |X |Y |SP |PC   |T/MT |NV-BDIZC |CYCLE
----------------------------------------
00|00|00|FE |0702 |1/3  |10100100 |14088
00|00|00|FE |0702 |2/3  |10100100 |14089
00|00|00|FE |0702 |3/3  |10100100 |14090


---------------
Opcode: 8D
ll: 00 hh: A0
Instruction:STA Addressing Mode:Absolute - Operand (Value: "0x00", Address: "0xA000")
Writing value 0x00 to address: 0xA000
0xA000: 0x00
Instruction cycle count set to 4
A |X |Y |SP |PC   |T/MT |NV-BDIZC |CYCLE
----------------------------------------
00|00|00|FE |0705 |1/4  |10100100 |14091
00|00|00|FE |0705 |2/4  |10100100 |14092
00|00|00|FE |0705 |3/4  |10100100 |14093
00|00|00|FE |0705 |4/4  |10100100 |14094


---------------
Opcode: 4A
Instruction:LSR Addressing Mode:Accumulator - Operand (Value: "0x00", Address: "None")
Instruction cycle count set to 2
A |X |Y |SP |PC   |T/MT |NV-BDIZC |CYCLE
----------------------------------------
00|00|00|FE |0706 |1/2  |00100110 |14095
00|00|00|FE |0706 |2/2  |00100110 |14096


---------------
Opcode: C9
ll: 02
Instruction:CMP Addressing Mode:Immediate - Operand (Value: "0x02", Address: "None")
Instruction cycle count set to 2
A |X |Y |SP |PC   |T/MT |NV-BDIZC |CYCLE
----------------------------------------
00|00|00|FE |0708 |1/2  |10100100 |14097
00|00|00|FE |0708 |2/2  |10100100 |14098


---------------
Opcode: D0
ll: F8
Old PC: 070A Offset:-8 New PC: 0702
Instruction:BNE Addressing Mode:Relative - Operand (Value: "None", Address: "0x0702")
Instruction cycle count set to 2
A |X |Y |SP |PC   |T/MT |NV-BDIZC |CYCLE
----------------------------------------
00|00|00|FE |0702 |1/3  |10100100 |14099
00|00|00|FE |0702 |2/3  |10100100 |14100
00|00|00|FE |0702 |3/3  |10100100 |14101


---------------
Opcode: 8D
ll: 00 hh: A0
Instruction:STA Addressing Mode:Absolute - Operand (Value: "0x00", Address: "0xA000")
Writing value 0x00 to address: 0xA000
0xA000: 0x00
Instruction cycle count set to 4
A |X |Y |SP |PC   |T/MT |NV-BDIZC |CYCLE
----------------------------------------
00|00|00|FE |0705 |1/4  |10100100 |14102
00|00|00|FE |0705 |2/4  |10100100 |14103
00|00|00|FE |0705 |3/4  |10100100 |14104
00|00|00|FE |0705 |4/4  |10100100 |14105


---------------
Opcode: 4A
Instruction:LSR Addressing Mode:Accumulator - Operand (Value: "0x00", Address: "None")
Instruction cycle count set to 2
A |X |Y |SP |PC   |T/MT |NV-BDIZC |CYCLE
----------------------------------------
00|00|00|FE |0706 |1/2  |00100110 |14106
00|00|00|FE |0706 |2/2  |00100110 |14107


---------------
Opcode: C9
ll: 02
Instruction:CMP Addressing Mode:Immediate - Operand (Value: "0x02", Address: "None")
Instruction cycle count set to 2
A |X |Y |SP |PC   |T/MT |NV-BDIZC |CYCLE
----------------------------------------
00|00|00|FE |0708 |1/2  |10100100 |14108
00|00|00|FE |0708 |2/2  |10100100 |14109


---------------
Opcode: D0
ll: F8
Old PC: 070A Offset:-8 New PC: 0702
Instruction:BNE Addressing Mode:Relative - Operand (Value: "None", Address: "0x0702")
Instruction cycle count set to 2
A |X |Y |SP |PC   |T/MT |NV-BDIZC |CYCLE
----------------------------------------
00|00|00|FE |0702 |1/3  |10100100 |14110
00|00|00|FE |0702 |2/3  |10100100 |14111
00|00|00|FE |0702 |3/3  |10100100 |14112


---------------
Opcode: 8D
ll: 00 hh: A0
Instruction:STA Addressing Mode:Absolute - Operand (Value: "0x00", Address: "0xA000")
Writing value 0x00 to address: 0xA000
0xA000: 0x00
Instruction cycle count set to 4
A |X |Y |SP |PC   |T/MT |NV-BDIZC |CYCLE
----------------------------------------
00|00|00|FE |0705 |1/4  |10100100 |14113
00|00|00|FE |0705 |2/4  |10100100 |14114
00|00|00|FE |0705 |3/4  |10100100 |14115
00|00|00|FE |0705 |4/4  |10100100 |14116


---------------
Opcode: 4A
Instruction:LSR Addressing Mode:Accumulator - Operand (Value: "0x00", Address: "None")
Instruction cycle count set to 2
A |X |Y |SP |PC   |T/MT |NV-BDIZC |CYCLE
----------------------------------------
00|00|00|FE |0706 |1/2  |00100110 |14117
00|00|00|FE |0706 |2/2  |00100110 |14118


---------------
Opcode: C9
ll: 02
Instruction:CMP Addressing Mode:Immediate - Operand (Value: "0x02", Address: "None")
Instruction cycle count set to 2
A |X |Y |SP |PC   |T/MT |NV-BDIZC |CYCLE
----------------------------------------
00|00|00|FE |0708 |1/2  |10100100 |14119
00|00|00|FE |0708 |2/2  |10100100 |14120


---------------
Opcode: D0
ll: F8
Old PC: 070A Offset:-8 New PC: 0702
Instruction:BNE Addressing Mode:Relative - Operand (Value: "None", Address: "0x0702")
Instruction cycle count set to 2
A |X |Y |SP |PC   |T/MT |NV-BDIZC |CYCLE
----------------------------------------
00|00|00|FE |0702 |1/3  |10100100 |14121
00|00|00|FE |0702 |2/3  |10100100 |14122
00|00|00|FE |0702 |3/3  |10100100 |14123


---------------
Opcode: 8D
ll: 00 hh: A0
Instruction:STA Addressing Mode:Absolute - Operand (Value: "0x00", Address: "0xA000")
Writing value 0x00 to address: 0xA000
0xA000: 0x00
Instruction cycle count set to 4
A |X |Y |SP |PC   |T/MT |NV-BDIZC |CYCLE
----------------------------------------
00|00|00|FE |0705 |1/4  |10100100 |14124
00|00|00|FE |0705 |2/4  |10100100 |14125
00|00|00|FE |0705 |3/4  |10100100 |14126
00|00|00|FE |0705 |4/4  |10100100 |14127


---------------
Opcode: 4A
Instruction:LSR Addressing Mode:Accumulator - Operand (Value: "0x00", Address: "None")
Instruction cycle count set to 2
A |X |Y |SP |PC   |T/MT |NV-BDIZC |CYCLE
----------------------------------------
00|00|00|FE |0706 |1/2  |00100110 |14128
00|00|00|FE |0706 |2/2  |00100110 |14129


---------------
Opcode: C9
ll: 02
Instruction:CMP Addressing Mode:Immediate - Operand (Value: "0x02", Address: "None")
Instruction cycle count set to 2
A |X |Y |SP |PC   |T/MT |NV-BDIZC |CYCLE
----------------------------------------
00|00|00|FE |0708 |1/2  |10100100 |14130
00|00|00|FE |0708 |2/2  |10100100 |14131


---------------
Opcode: D0
ll: F8
Old PC: 070A Offset:-8 New PC: 0702
Instruction:BNE Addressing Mode:Relative - Operand (Value: "None", Address: "0x0702")
Instruction cycle count set to 2
A |X |Y |SP |PC   |T/MT |NV-BDIZC |CYCLE
----------------------------------------
00|00|00|FE |0702 |1/3  |10100100 |14132
00|00|00|FE |0702 |2/3  |10100100 |14133
00|00|00|FE |0702 |3/3  |10100100 |14134


---------------
Opcode: 8D
ll: 00 hh: A0
Instruction:STA Addressing Mode:Absolute - Operand (Value: "0x00", Address: "0xA000")
Writing value 0x00 to address: 0xA000
0xA000: 0x00
Instruction cycle count set to 4
A |X |Y |SP |PC   |T/MT |NV-BDIZC |CYCLE
----------------------------------------
00|00|00|FE |0705 |1/4  |10100100 |14135
00|00|00|FE |0705 |2/4  |10100100 |14136
00|00|00|FE |0705 |3/4  |10100100 |14137
00|00|00|FE |0705 |4/4  |10100100 |14138


---------------
Opcode: 4A
Instruction:LSR Addressing Mode:Accumulator - Operand (Value: "0x00", Address: "None")
Instruction cycle count set to 2
A |X |Y |SP |PC   |T/MT |NV-BDIZC |CYCLE
----------------------------------------
00|00|00|FE |0706 |1/2  |00100110 |14139
00|00|00|FE |0706 |2/2  |00100110 |14140


---------------
Opcode: C9
ll: 02
Instruction:CMP Addressing Mode:Immediate - Operand (Value: "0x02", Address: "None")
Instruction cycle count set to 2
A |X |Y |SP |PC   |T/MT |NV-BDIZC |CYCLE
----------------------------------------
00|00|00|FE |0708 |1/2  |10100100 |14141
00|00|00|FE |0708 |2/2  |10100100 |14142


---------------
Opcode: D0
ll: F8
Old PC: 070A Offset:-8 New PC: 0702
Instruction:BNE Addressing Mode:Relative - Operand (Value: "None", Address: "0x0702")
Instruction cycle count set to 2
A |X |Y |SP |PC   |T/MT |NV-BDIZC |CYCLE
----------------------------------------
00|00|00|FE |0702 |1/3  |10100100 |14143
00|00|00|FE |0702 |2/3  |10100100 |14144
00|00|00|FE |0702 |3/3  |10100100 |14145


---------------
Opcode: 8D
ll: 00 hh: A0
Instruction:STA Addressing Mode:Absolute - Operand (Value: "0x00", Address: "0xA000")
Writing value 0x00 to address: 0xA000
0xA000: 0x00
Instruction cycle count set to 4
A |X |Y |SP |PC   |T/MT |NV-BDIZC |CYCLE
----------------------------------------
00|00|00|FE |0705 |1/4  |10100100 |14146
00|00|00|FE |0705 |2/4  |10100100 |14147
00|00|00|FE |0705 |3/4  |10100100 |14148
00|00|00|FE |0705 |4/4  |10100100 |14149


---------------
Opcode: 4A
Instruction:LSR Addressing Mode:Accumulator - Operand (Value: "0x00", Address: "None")
Instruction cycle count set to 2
A |X |Y |SP |PC   |T/MT |NV-BDIZC |CYCLE
----------------------------------------
00|00|00|FE |0706 |1/2  |00100110 |14150
00|00|00|FE |0706 |2/2  |00100110 |14151


---------------
Opcode: C9
ll: 02
Instruction:CMP Addressing Mode:Immediate - Operand (Value: "0x02", Address: "None")
Instruction cycle count set to 2
A |X |Y |SP |PC   |T/MT |NV-BDIZC |CYCLE
----------------------------------------
00|00|00|FE |0708 |1/2  |10100100 |14152
00|00|00|FE |0708 |2/2  |10100100 |14153


---------------
Opcode: D0
ll: F8
Old PC: 070A Offset:-8 New PC: 0702
Instruction:BNE Addressing Mode:Relative - Operand (Value: "None", Address: "0x0702")
Instruction cycle count set to 2
A |X |Y |SP |PC   |T/MT |NV-BDIZC |CYCLE
----------------------------------------
00|00|00|FE |0702 |1/3  |10100100 |14154
00|00|00|FE |0702 |2/3  |10100100 |14155
00|00|00|FE |0702 |3/3  |10100100 |14156


---------------
Opcode: 8D
ll: 00 hh: A0
Instruction:STA Addressing Mode:Absolute - Operand (Value: "0x00", Address: "0xA000")
Writing value 0x00 to address: 0xA000
0xA000: 0x00
Instruction cycle count set to 4
A |X |Y |SP |PC   |T/MT |NV-BDIZC |CYCLE
----------------------------------------
00|00|00|FE |0705 |1/4  |10100100 |14157
00|00|00|FE |0705 |2/4  |10100100 |14158
00|00|00|FE |0705 |3/4  |10100100 |14159
00|00|00|FE |0705 |4/4  |10100100 |14160


---------------
Opcode: 4A
Instruction:LSR Addressing Mode:Accumulator - Operand (Value: "0x00", Address: "None")
Instruction cycle count set to 2
A |X |Y |SP |PC   |T/MT |NV-BDIZC |CYCLE
----------------------------------------
00|00|00|FE |0706 |1/2  |00100110 |14161
00|00|00|FE |0706 |2/2  |00100110 |14162


---------------
Opcode: C9
ll: 02
Instruction:CMP Addressing Mode:Immediate - Operand (Value: "0x02", Address: "None")
Instruction cycle count set to 2
A |X |Y |SP |PC   |T/MT |NV-BDIZC |CYCLE
----------------------------------------
00|00|00|FE |0708 |1/2  |10100100 |14163
00|00|00|FE |0708 |2/2  |10100100 |14164


---------------
Opcode: D0
ll: F8
Old PC: 070A Offset:-8 New PC: 0702
Instruction:BNE Addressing Mode:Relative - Operand (Value: "None", Address: "0x0702")
Instruction cycle count set to 2
A |X |Y |SP |PC   |T/MT |NV-BDIZC |CYCLE
----------------------------------------
00|00|00|FE |0702 |1/3  |10100100 |14165
00|00|00|FE |0702 |2/3  |10100100 |14166
00|00|00|FE |0702 |3/3  |10100100 |14167


---------------
Opcode: 8D
ll: 00 hh: A0
Instruction:STA Addressing Mode:Absolute - Operand (Value: "0x00", Address: "0xA000")
Writing value 0x00 to address: 0xA000
0xA000: 0x00
Instruction cycle count set to 4
A |X |Y |SP |PC   |T/MT |NV-BDIZC |CYCLE
----------------------------------------
00|00|00|FE |0705 |1/4  |10100100 |14168
00|00|00|FE |0705 |2/4  |10100100 |14169
00|00|00|FE |0705 |3/4  |10100100 |14170
00|00|00|FE |0705 |4/4  |10100100 |14171


---------------
Opcode: 4A
Instruction:LSR Addressing Mode:Accumulator - Operand (Value: "0x00", Address: "None")
Instruction cycle count set to 2
A |X |Y |SP |PC   |T/MT |NV-BDIZC |CYCLE
----------------------------------------
00|00|00|FE |0706 |1/2  |00100110 |14172
00|00|00|FE |0706 |2/2  |00100110 |14173


---------------
Opcode: C9
ll: 02
Instruction:CMP Addressing Mode:Immediate - Operand (Value: "0x02", Address: "None")
Instruction cycle count set to 2
A |X |Y |SP |PC   |T/MT |NV-BDIZC |CYCLE
----------------------------------------
00|00|00|FE |0708 |1/2  |10100100 |14174
00|00|00|FE |0708 |2/2  |10100100 |14175


---------------
Opcode: D0
ll: F8
Old PC: 070A Offset:-8 New PC: 0702
Instruction:BNE Addressing Mode:Relative - Operand (Value: "None", Address: "0x0702")
Instruction cycle count set to 2
A |X |Y |SP |PC   |T/MT |NV-BDIZC |CYCLE
----------------------------------------
00|00|00|FE |0702 |1/3  |10100100 |14176
00|00|00|FE |0702 |2/3  |10100100 |14177
00|00|00|FE |0702 |3/3  |10100100 |14178


---------------
Opcode: 8D
ll: 00 hh: A0
Instruction:STA Addressing Mode:Absolute - Operand (Value: "0x00", Address: "0xA000")
Writing value 0x00 to address: 0xA000
0xA000: 0x00
Instruction cycle count set to 4
A |X |Y |SP |PC   |T/MT |NV-BDIZC |CYCLE
----------------------------------------
00|00|00|FE |0705 |1/4  |10100100 |14179
00|00|00|FE |0705 |2/4  |10100100 |14180
00|00|00|FE |0705 |3/4  |10100100 |14181
00|00|00|FE |0705 |4/4  |10100100 |14182


---------------
Opcode: 4A
Instruction:LSR Addressing Mode:Accumulator - Operand (Value: "0x00", Address: "None")
Instruction cycle count set to 2
A |X |Y |SP |PC   |T/MT |NV-BDIZC |CYCLE
----------------------------------------
00|00|00|FE |0706 |1/2  |00100110 |14183
00|00|00|FE |0706 |2/2  |00100110 |14184


---------------
Opcode: C9
ll: 02
Instruction:CMP Addressing Mode:Immediate - Operand (Value: "0x02", Address: "None")
Instruction cycle count set to 2
A |X |Y |SP |PC   |T/MT |NV-BDIZC |CYCLE
----------------------------------------
00|00|00|FE |0708 |1/2  |10100100 |14185
00|00|00|FE |0708 |2/2  |10100100 |14186


---------------
Opcode: D0
ll: F8
Old PC: 070A Offset:-8 New PC: 0702
Instruction:BNE Addressing Mode:Relative - Operand (Value: "None", Address: "0x0702")
Instruction cycle count set to 2
A |X |Y |SP |PC   |T/MT |NV-BDIZC |CYCLE
----------------------------------------
00|00|00|FE |0702 |1/3  |10100100 |14187
00|00|00|FE |0702 |2/3  |10100100 |14188
00|00|00|FE |0702 |3/3  |10100100 |14189


---------------
Opcode: 8D
ll: 00 hh: A0
Instruction:STA Addressing Mode:Absolute - Operand (Value: "0x00", Address: "0xA000")
Writing value 0x00 to address: 0xA000
0xA000: 0x00
Instruction cycle count set to 4
A |X |Y |SP |PC   |T/MT |NV-BDIZC |CYCLE
----------------------------------------
00|00|00|FE |0705 |1/4  |10100100 |14190
00|00|00|FE |0705 |2/4  |10100100 |14191
00|00|00|FE |0705 |3/4  |10100100 |14192
00|00|00|FE |0705 |4/4  |10100100 |14193


---------------
Opcode: 4A
Instruction:LSR Addressing Mode:Accumulator - Operand (Value: "0x00", Address: "None")
Instruction cycle count set to 2
A |X |Y |SP |PC   |T/MT |NV-BDIZC |CYCLE
----------------------------------------
00|00|00|FE |0706 |1/2  |00100110 |14194
00|00|00|FE |0706 |2/2  |00100110 |14195


---------------
Opcode: C9
ll: 02
Instruction:CMP Addressing Mode:Immediate - Operand (Value: "0x02", Address: "None")
Instruction cycle count set to 2
A |X |Y |SP |PC   |T/MT |NV-BDIZC |CYCLE
----------------------------------------
00|00|00|FE |0708 |1/2  |10100100 |14196
00|00|00|FE |0708 |2/2  |10100100 |14197


---------------
Opcode: D0
ll: F8
Old PC: 070A Offset:-8 New PC: 0702
Instruction:BNE Addressing Mode:Relative - Operand (Value: "None", Address: "0x0702")
Instruction cycle count set to 2
A |X |Y |SP |PC   |T/MT |NV-BDIZC |CYCLE
----------------------------------------
00|00|00|FE |0702 |1/3  |10100100 |14198
00|00|00|FE |0702 |2/3  |10100100 |14199
00|00|00|FE |0702 |3/3  |10100100 |14200


---------------
Opcode: 8D
ll: 00 hh: A0
Instruction:STA Addressing Mode:Absolute - Operand (Value: "0x00", Address: "0xA000")
Writing value 0x00 to address: 0xA000
0xA000: 0x00
Instruction cycle count set to 4
A |X |Y |SP |PC   |T/MT |NV-BDIZC |CYCLE
----------------------------------------
00|00|00|FE |0705 |1/4  |10100100 |14201
00|00|00|FE |0705 |2/4  |10100100 |14202
00|00|00|FE |0705 |3/4  |10100100 |14203
00|00|00|FE |0705 |4/4  |10100100 |14204


---------------
Opcode: 4A
Instruction:LSR Addressing Mode:Accumulator - Operand (Value: "0x00", Address: "None")
Instruction cycle count set to 2
A |X |Y |SP |PC   |T/MT |NV-BDIZC |CYCLE
----------------------------------------
00|00|00|FE |0706 |1/2  |00100110 |14205
00|00|00|FE |0706 |2/2  |00100110 |14206


---------------
Opcode: C9
ll: 02
Instruction:CMP Addressing Mode:Immediate - Operand (Value: "0x02", Address: "None")
Instruction cycle count set to 2
A |X |Y |SP |PC   |T/MT |NV-BDIZC |CYCLE
----------------------------------------
00|00|00|FE |0708 |1/2  |10100100 |14207
00|00|00|FE |0708 |2/2  |10100100 |14208


---------------
Opcode: D0
ll: F8
Old PC: 070A Offset:-8 New PC: 0702
Instruction:BNE Addressing Mode:Relative - Operand (Value: "None", Address: "0x0702")
Instruction cycle count set to 2
A |X |Y |SP |PC   |T/MT |NV-BDIZC |CYCLE
----------------------------------------
00|00|00|FE |0702 |1/3  |10100100 |14209
00|00|00|FE |0702 |2/3  |10100100 |14210
00|00|00|FE |0702 |3/3  |10100100 |14211


---------------
Opcode: 8D
ll: 00 hh: A0
Instruction:STA Addressing Mode:Absolute - Operand (Value: "0x00", Address: "0xA000")
Writing value 0x00 to address: 0xA000
0xA000: 0x00
Instruction cycle count set to 4
A |X |Y |SP |PC   |T/MT |NV-BDIZC |CYCLE
----------------------------------------
00|00|00|FE |0705 |1/4  |10100100 |14212
00|00|00|FE |0705 |2/4  |10100100 |14213
00|00|00|FE |0705 |3/4  |10100100 |14214
00|00|00|FE |0705 |4/4  |10100100 |14215


---------------
Opcode: 4A
Instruction:LSR Addressing Mode:Accumulator - Operand (Value: "0x00", Address: "None")
Instruction cycle count set to 2
A |X |Y |SP |PC   |T/MT |NV-BDIZC |CYCLE
----------------------------------------
00|00|00|FE |0706 |1/2  |00100110 |14216
00|00|00|FE |0706 |2/2  |00100110 |14217


---------------
Opcode: C9
ll: 02
Instruction:CMP Addressing Mode:Immediate - Operand (Value: "0x02", Address: "None")
Instruction cycle count set to 2
A |X |Y |SP |PC   |T/MT |NV-BDIZC |CYCLE
----------------------------------------
00|00|00|FE |0708 |1/2  |10100100 |14218
00|00|00|FE |0708 |2/2  |10100100 |14219


---------------
Opcode: D0
ll: F8
Old PC: 070A Offset:-8 New PC: 0702
Instruction:BNE Addressing Mode:Relative - Operand (Value: "None", Address: "0x0702")
Instruction cycle count set to 2
A |X |Y |SP |PC   |T/MT |NV-BDIZC |CYCLE
----------------------------------------
00|00|00|FE |0702 |1/3  |10100100 |14220
00|00|00|FE |0702 |2/3  |10100100 |14221
00|00|00|FE |0702 |3/3  |10100100 |14222


---------------
Opcode: 8D
ll: 00 hh: A0
Instruction:STA Addressing Mode:Absolute - Operand (Value: "0x00", Address: "0xA000")
Writing value 0x00 to address: 0xA000
0xA000: 0x00
Instruction cycle count set to 4
A |X |Y |SP |PC   |T/MT |NV-BDIZC |CYCLE
----------------------------------------
00|00|00|FE |0705 |1/4  |10100100 |14223
00|00|00|FE |0705 |2/4  |10100100 |14224
00|00|00|FE |0705 |3/4  |10100100 |14225
00|00|00|FE |0705 |4/4  |10100100 |14226


---------------
Opcode: 4A
Instruction:LSR Addressing Mode:Accumulator - Operand (Value: "0x00", Address: "None")
Instruction cycle count set to 2
A |X |Y |SP |PC   |T/MT |NV-BDIZC |CYCLE
----------------------------------------
00|00|00|FE |0706 |1/2  |00100110 |14227
00|00|00|FE |0706 |2/2  |00100110 |14228


---------------
Opcode: C9
ll: 02
Instruction:CMP Addressing Mode:Immediate - Operand (Value: "0x02", Address: "None")
Instruction cycle count set to 2
A |X |Y |SP |PC   |T/MT |NV-BDIZC |CYCLE
----------------------------------------
00|00|00|FE |0708 |1/2  |10100100 |14229
00|00|00|FE |0708 |2/2  |10100100 |14230


---------------
Opcode: D0
ll: F8
Old PC: 070A Offset:-8 New PC: 0702
Instruction:BNE Addressing Mode:Relative - Operand (Value: "None", Address: "0x0702")
Instruction cycle count set to 2
A |X |Y |SP |PC   |T/MT |NV-BDIZC |CYCLE
----------------------------------------
00|00|00|FE |0702 |1/3  |10100100 |14231
00|00|00|FE |0702 |2/3  |10100100 |14232
00|00|00|FE |0702 |3/3  |10100100 |14233


---------------
Opcode: 8D
ll: 00 hh: A0
Instruction:STA Addressing Mode:Absolute - Operand (Value: "0x00", Address: "0xA000")
Writing value 0x00 to address: 0xA000
0xA000: 0x00
Instruction cycle count set to 4
A |X |Y |SP |PC   |T/MT |NV-BDIZC |CYCLE
----------------------------------------
00|00|00|FE |0705 |1/4  |10100100 |14234
00|00|00|FE |0705 |2/4  |10100100 |14235
00|00|00|FE |0705 |3/4  |10100100 |14236
00|00|00|FE |0705 |4/4  |10100100 |14237


---------------
Opcode: 4A
Instruction:LSR Addressing Mode:Accumulator - Operand (Value: "0x00", Address: "None")
Instruction cycle count set to 2
A |X |Y |SP |PC   |T/MT |NV-BDIZC |CYCLE
----------------------------------------
00|00|00|FE |0706 |1/2  |00100110 |14238
00|00|00|FE |0706 |2/2  |00100110 |14239


---------------
Opcode: C9
ll: 02
Instruction:CMP Addressing Mode:Immediate - Operand (Value: "0x02", Address: "None")
Instruction cycle count set to 2
A |X |Y |SP |PC   |T/MT |NV-BDIZC |CYCLE
----------------------------------------
00|00|00|FE |0708 |1/2  |10100100 |14240
00|00|00|FE |0708 |2/2  |10100100 |14241


---------------
Opcode: D0
ll: F8
Old PC: 070A Offset:-8 New PC: 0702
Instruction:BNE Addressing Mode:Relative - Operand (Value: "None", Address: "0x0702")
Instruction cycle count set to 2
A |X |Y |SP |PC   |T/MT |NV-BDIZC |CYCLE
----------------------------------------
00|00|00|FE |0702 |1/3  |10100100 |14242
00|00|00|FE |0702 |2/3  |10100100 |14243
00|00|00|FE |0702 |3/3  |10100100 |14244


---------------
Opcode: 8D
ll: 00 hh: A0
Instruction:STA Addressing Mode:Absolute - Operand (Value: "0x00", Address: "0xA000")
Writing value 0x00 to address: 0xA000
0xA000: 0x00
Instruction cycle count set to 4
A |X |Y |SP |PC   |T/MT |NV-BDIZC |CYCLE
----------------------------------------
00|00|00|FE |0705 |1/4  |10100100 |14245
00|00|00|FE |0705 |2/4  |10100100 |14246
00|00|00|FE |0705 |3/4  |10100100 |14247
00|00|00|FE |0705 |4/4  |10100100 |14248


---------------
Opcode: 4A
Instruction:LSR Addressing Mode:Accumulator - Operand (Value: "0x00", Address: "None")
Instruction cycle count set to 2
A |X |Y |SP |PC   |T/MT |NV-BDIZC |CYCLE
----------------------------------------
00|00|00|FE |0706 |1/2  |00100110 |14249
00|00|00|FE |0706 |2/2  |00100110 |14250


---------------
Opcode: C9
ll: 02
Instruction:CMP Addressing Mode:Immediate - Operand (Value: "0x02", Address: "None")
Instruction cycle count set to 2
A |X |Y |SP |PC   |T/MT |NV-BDIZC |CYCLE
----------------------------------------
00|00|00|FE |0708 |1/2  |10100100 |14251
00|00|00|FE |0708 |2/2  |10100100 |14252


---------------
Opcode: D0
ll: F8
Old PC: 070A Offset:-8 New PC: 0702
Instruction:BNE Addressing Mode:Relative - Operand (Value: "None", Address: "0x0702")
Instruction cycle count set to 2
A |X |Y |SP |PC   |T/MT |NV-BDIZC |CYCLE
----------------------------------------
00|00|00|FE |0702 |1/3  |10100100 |14253
00|00|00|FE |0702 |2/3  |10100100 |14254
00|00|00|FE |0702 |3/3  |10100100 |14255


---------------
Opcode: 8D
ll: 00 hh: A0
Instruction:STA Addressing Mode:Absolute - Operand (Value: "0x00", Address: "0xA000")
Writing value 0x00 to address: 0xA000
0xA000: 0x00
Instruction cycle count set to 4
A |X |Y |SP |PC   |T/MT |NV-BDIZC |CYCLE
----------------------------------------
00|00|00|FE |0705 |1/4  |10100100 |14256
00|00|00|FE |0705 |2/4  |10100100 |14257
00|00|00|FE |0705 |3/4  |10100100 |14258
00|00|00|FE |0705 |4/4  |10100100 |14259


---------------
Opcode: 4A
Instruction:LSR Addressing Mode:Accumulator - Operand (Value: "0x00", Address: "None")
Instruction cycle count set to 2
A |X |Y |SP |PC   |T/MT |NV-BDIZC |CYCLE
----------------------------------------
00|00|00|FE |0706 |1/2  |00100110 |14260
00|00|00|FE |0706 |2/2  |00100110 |14261


---------------
Opcode: C9
ll: 02
Instruction:CMP Addressing Mode:Immediate - Operand (Value: "0x02", Address: "None")
Instruction cycle count set to 2
A |X |Y |SP |PC   |T/MT |NV-BDIZC |CYCLE
----------------------------------------
00|00|00|FE |0708 |1/2  |10100100 |14262
00|00|00|FE |0708 |2/2  |10100100 |14263


---------------
Opcode: D0
ll: F8
Old PC: 070A Offset:-8 New PC: 0702
Instruction:BNE Addressing Mode:Relative - Operand (Value: "None", Address: "0x0702")
Instruction cycle count set to 2
A |X |Y |SP |PC   |T/MT |NV-BDIZC |CYCLE
----------------------------------------
00|00|00|FE |0702 |1/3  |10100100 |14264
00|00|00|FE |0702 |2/3  |10100100 |14265
00|00|00|FE |0702 |3/3  |10100100 |14266


---------------
Opcode: 8D
ll: 00 hh: A0
Instruction:STA Addressing Mode:Absolute - Operand (Value: "0x00", Address: "0xA000")
Writing value 0x00 to address: 0xA000
0xA000: 0x00
Instruction cycle count set to 4
A |X |Y |SP |PC   |T/MT |NV-BDIZC |CYCLE
----------------------------------------
00|00|00|FE |0705 |1/4  |10100100 |14267
00|00|00|FE |0705 |2/4  |10100100 |14268
00|00|00|FE |0705 |3/4  |10100100 |14269
00|00|00|FE |0705 |4/4  |10100100 |14270


---------------
Opcode: 4A
Instruction:LSR Addressing Mode:Accumulator - Operand (Value: "0x00", Address: "None")
Instruction cycle count set to 2
A |X |Y |SP |PC   |T/MT |NV-BDIZC |CYCLE
----------------------------------------
00|00|00|FE |0706 |1/2  |00100110 |14271
00|00|00|FE |0706 |2/2  |00100110 |14272


---------------
Opcode: C9
ll: 02
Instruction:CMP Addressing Mode:Immediate - Operand (Value: "0x02", Address: "None")
Instruction cycle count set to 2
A |X |Y |SP |PC   |T/MT |NV-BDIZC |CYCLE
----------------------------------------
00|00|00|FE |0708 |1/2  |10100100 |14273
00|00|00|FE |0708 |2/2  |10100100 |14274


---------------
Opcode: D0
ll: F8
Old PC: 070A Offset:-8 New PC: 0702
Instruction:BNE Addressing Mode:Relative - Operand (Value: "None", Address: "0x0702")
Instruction cycle count set to 2
A |X |Y |SP |PC   |T/MT |NV-BDIZC |CYCLE
----------------------------------------
00|00|00|FE |0702 |1/3  |10100100 |14275
00|00|00|FE |0702 |2/3  |10100100 |14276
00|00|00|FE |0702 |3/3  |10100100 |14277


---------------
Opcode: 8D
ll: 00 hh: A0
Instruction:STA Addressing Mode:Absolute - Operand (Value: "0x00", Address: "0xA000")
Writing value 0x00 to address: 0xA000
0xA000: 0x00
Instruction cycle count set to 4
A |X |Y |SP |PC   |T/MT |NV-BDIZC |CYCLE
----------------------------------------
00|00|00|FE |0705 |1/4  |10100100 |14278
00|00|00|FE |0705 |2/4  |10100100 |14279
00|00|00|FE |0705 |3/4  |10100100 |14280
00|00|00|FE |0705 |4/4  |10100100 |14281


---------------
Opcode: 4A
Instruction:LSR Addressing Mode:Accumulator - Operand (Value: "0x00", Address: "None")
Instruction cycle count set to 2
A |X |Y |SP |PC   |T/MT |NV-BDIZC |CYCLE
----------------------------------------
00|00|00|FE |0706 |1/2  |00100110 |14282
00|00|00|FE |0706 |2/2  |00100110 |14283


---------------
Opcode: C9
ll: 02
Instruction:CMP Addressing Mode:Immediate - Operand (Value: "0x02", Address: "None")
Instruction cycle count set to 2
A |X |Y |SP |PC   |T/MT |NV-BDIZC |CYCLE
----------------------------------------
00|00|00|FE |0708 |1/2  |10100100 |14284
00|00|00|FE |0708 |2/2  |10100100 |14285


---------------
Opcode: D0
ll: F8
Old PC: 070A Offset:-8 New PC: 0702
Instruction:BNE Addressing Mode:Relative - Operand (Value: "None", Address: "0x0702")
Instruction cycle count set to 2
A |X |Y |SP |PC   |T/MT |NV-BDIZC |CYCLE
----------------------------------------
00|00|00|FE |0702 |1/3  |10100100 |14286
00|00|00|FE |0702 |2/3  |10100100 |14287
00|00|00|FE |0702 |3/3  |10100100 |14288


---------------
Opcode: 8D
ll: 00 hh: A0
Instruction:STA Addressing Mode:Absolute - Operand (Value: "0x00", Address: "0xA000")
Writing value 0x00 to address: 0xA000
0xA000: 0x00
Instruction cycle count set to 4
A |X |Y |SP |PC   |T/MT |NV-BDIZC |CYCLE
----------------------------------------
00|00|00|FE |0705 |1/4  |10100100 |14289
00|00|00|FE |0705 |2/4  |10100100 |14290
00|00|00|FE |0705 |3/4  |10100100 |14291
00|00|00|FE |0705 |4/4  |10100100 |14292


---------------
Opcode: 4A
Instruction:LSR Addressing Mode:Accumulator - Operand (Value: "0x00", Address: "None")
Instruction cycle count set to 2
A |X |Y |SP |PC   |T/MT |NV-BDIZC |CYCLE
----------------------------------------
00|00|00|FE |0706 |1/2  |00100110 |14293
00|00|00|FE |0706 |2/2  |00100110 |14294


---------------
Opcode: C9
ll: 02
Instruction:CMP Addressing Mode:Immediate - Operand (Value: "0x02", Address: "None")
Instruction cycle count set to 2
A |X |Y |SP |PC   |T/MT |NV-BDIZC |CYCLE
----------------------------------------
00|00|00|FE |0708 |1/2  |10100100 |14295
00|00|00|FE |0708 |2/2  |10100100 |14296


---------------
Opcode: D0
ll: F8
Old PC: 070A Offset:-8 New PC: 0702
Instruction:BNE Addressing Mode:Relative - Operand (Value: "None", Address: "0x0702")
Instruction cycle count set to 2
A |X |Y |SP |PC   |T/MT |NV-BDIZC |CYCLE
----------------------------------------
00|00|00|FE |0702 |1/3  |10100100 |14297
00|00|00|FE |0702 |2/3  |10100100 |14298
00|00|00|FE |0702 |3/3  |10100100 |14299


---------------
Opcode: 8D
ll: 00 hh: A0
Instruction:STA Addressing Mode:Absolute - Operand (Value: "0x00", Address: "0xA000")
Writing value 0x00 to address: 0xA000
0xA000: 0x00
Instruction cycle count set to 4
A |X |Y |SP |PC   |T/MT |NV-BDIZC |CYCLE
----------------------------------------
00|00|00|FE |0705 |1/4  |10100100 |14300
00|00|00|FE |0705 |2/4  |10100100 |14301
00|00|00|FE |0705 |3/4  |10100100 |14302
00|00|00|FE |0705 |4/4  |10100100 |14303


---------------
Opcode: 4A
Instruction:LSR Addressing Mode:Accumulator - Operand (Value: "0x00", Address: "None")
Instruction cycle count set to 2
A |X |Y |SP |PC   |T/MT |NV-BDIZC |CYCLE
----------------------------------------
00|00|00|FE |0706 |1/2  |00100110 |14304
00|00|00|FE |0706 |2/2  |00100110 |14305


---------------
Opcode: C9
ll: 02
Instruction:CMP Addressing Mode:Immediate - Operand (Value: "0x02", Address: "None")
Instruction cycle count set to 2
A |X |Y |SP |PC   |T/MT |NV-BDIZC |CYCLE
----------------------------------------
00|00|00|FE |0708 |1/2  |10100100 |14306
00|00|00|FE |0708 |2/2  |10100100 |14307


---------------
Opcode: D0
ll: F8
Old PC: 070A Offset:-8 New PC: 0702
Instruction:BNE Addressing Mode:Relative - Operand (Value: "None", Address: "0x0702")
Instruction cycle count set to 2
A |X |Y |SP |PC   |T/MT |NV-BDIZC |CYCLE
----------------------------------------
00|00|00|FE |0702 |1/3  |10100100 |14308
00|00|00|FE |0702 |2/3  |10100100 |14309
00|00|00|FE |0702 |3/3  |10100100 |14310


---------------
Opcode: 8D
ll: 00 hh: A0
Instruction:STA Addressing Mode:Absolute - Operand (Value: "0x00", Address: "0xA000")
Writing value 0x00 to address: 0xA000
0xA000: 0x00
Instruction cycle count set to 4
A |X |Y |SP |PC   |T/MT |NV-BDIZC |CYCLE
----------------------------------------
00|00|00|FE |0705 |1/4  |10100100 |14311
00|00|00|FE |0705 |2/4  |10100100 |14312
00|00|00|FE |0705 |3/4  |10100100 |14313
00|00|00|FE |0705 |4/4  |10100100 |14314


---------------
Opcode: 4A
Instruction:LSR Addressing Mode:Accumulator - Operand (Value: "0x00", Address: "None")
Instruction cycle count set to 2
A |X |Y |SP |PC   |T/MT |NV-BDIZC |CYCLE
----------------------------------------
00|00|00|FE |0706 |1/2  |00100110 |14315
00|00|00|FE |0706 |2/2  |00100110 |14316


---------------
Opcode: C9
ll: 02
Instruction:CMP Addressing Mode:Immediate - Operand (Value: "0x02", Address: "None")
Instruction cycle count set to 2
A |X |Y |SP |PC   |T/MT |NV-BDIZC |CYCLE
----------------------------------------
00|00|00|FE |0708 |1/2  |10100100 |14317
00|00|00|FE |0708 |2/2  |10100100 |14318


---------------
Opcode: D0
ll: F8
Old PC: 070A Offset:-8 New PC: 0702
Instruction:BNE Addressing Mode:Relative - Operand (Value: "None", Address: "0x0702")
Instruction cycle count set to 2
A |X |Y |SP |PC   |T/MT |NV-BDIZC |CYCLE
----------------------------------------
00|00|00|FE |0702 |1/3  |10100100 |14319
00|00|00|FE |0702 |2/3  |10100100 |14320
00|00|00|FE |0702 |3/3  |10100100 |14321


---------------
Opcode: 8D
ll: 00 hh: A0
Instruction:STA Addressing Mode:Absolute - Operand (Value: "0x00", Address: "0xA000")
Writing value 0x00 to address: 0xA000
0xA000: 0x00
Instruction cycle count set to 4
A |X |Y |SP |PC   |T/MT |NV-BDIZC |CYCLE
----------------------------------------
00|00|00|FE |0705 |1/4  |10100100 |14322
00|00|00|FE |0705 |2/4  |10100100 |14323
00|00|00|FE |0705 |3/4  |10100100 |14324
00|00|00|FE |0705 |4/4  |10100100 |14325


---------------
Opcode: 4A
Instruction:LSR Addressing Mode:Accumulator - Operand (Value: "0x00", Address: "None")
Instruction cycle count set to 2
A |X |Y |SP |PC   |T/MT |NV-BDIZC |CYCLE
----------------------------------------
00|00|00|FE |0706 |1/2  |00100110 |14326
00|00|00|FE |0706 |2/2  |00100110 |14327


---------------
Opcode: C9
ll: 02
Instruction:CMP Addressing Mode:Immediate - Operand (Value: "0x02", Address: "None")
Instruction cycle count set to 2
A |X |Y |SP |PC   |T/MT |NV-BDIZC |CYCLE
----------------------------------------
00|00|00|FE |0708 |1/2  |10100100 |14328
00|00|00|FE |0708 |2/2  |10100100 |14329


---------------
Opcode: D0
ll: F8
Old PC: 070A Offset:-8 New PC: 0702
Instruction:BNE Addressing Mode:Relative - Operand (Value: "None", Address: "0x0702")
Instruction cycle count set to 2
A |X |Y |SP |PC   |T/MT |NV-BDIZC |CYCLE
----------------------------------------
00|00|00|FE |0702 |1/3  |10100100 |14330
00|00|00|FE |0702 |2/3  |10100100 |14331
00|00|00|FE |0702 |3/3  |10100100 |14332


---------------
Opcode: 8D
ll: 00 hh: A0
Instruction:STA Addressing Mode:Absolute - Operand (Value: "0x00", Address: "0xA000")
Writing value 0x00 to address: 0xA000
0xA000: 0x00
Instruction cycle count set to 4
A |X |Y |SP |PC   |T/MT |NV-BDIZC |CYCLE
----------------------------------------
00|00|00|FE |0705 |1/4  |10100100 |14333
00|00|00|FE |0705 |2/4  |10100100 |14334
00|00|00|FE |0705 |3/4  |10100100 |14335
00|00|00|FE |0705 |4/4  |10100100 |14336


---------------
Opcode: 4A
Instruction:LSR Addressing Mode:Accumulator - Operand (Value: "0x00", Address: "None")
Instruction cycle count set to 2
A |X |Y |SP |PC   |T/MT |NV-BDIZC |CYCLE
----------------------------------------
00|00|00|FE |0706 |1/2  |00100110 |14337
00|00|00|FE |0706 |2/2  |00100110 |14338


---------------
Opcode: C9
ll: 02
Instruction:CMP Addressing Mode:Immediate - Operand (Value: "0x02", Address: "None")
Instruction cycle count set to 2
A |X |Y |SP |PC   |T/MT |NV-BDIZC |CYCLE
----------------------------------------
00|00|00|FE |0708 |1/2  |10100100 |14339
00|00|00|FE |0708 |2/2  |10100100 |14340


---------------
Opcode: D0
ll: F8
Old PC: 070A Offset:-8 New PC: 0702
Instruction:BNE Addressing Mode:Relative - Operand (Value: "None", Address: "0x0702")
Instruction cycle count set to 2
A |X |Y |SP |PC   |T/MT |NV-BDIZC |CYCLE
----------------------------------------
00|00|00|FE |0702 |1/3  |10100100 |14341
00|00|00|FE |0702 |2/3  |10100100 |14342
00|00|00|FE |0702 |3/3  |10100100 |14343


---------------
Opcode: 8D
ll: 00 hh: A0
Instruction:STA Addressing Mode:Absolute - Operand (Value: "0x00", Address: "0xA000")
Writing value 0x00 to address: 0xA000
0xA000: 0x00
Instruction cycle count set to 4
A |X |Y |SP |PC   |T/MT |NV-BDIZC |CYCLE
----------------------------------------
00|00|00|FE |0705 |1/4  |10100100 |14344
00|00|00|FE |0705 |2/4  |10100100 |14345
00|00|00|FE |0705 |3/4  |10100100 |14346
00|00|00|FE |0705 |4/4  |10100100 |14347


---------------
Opcode: 4A
Instruction:LSR Addressing Mode:Accumulator - Operand (Value: "0x00", Address: "None")
Instruction cycle count set to 2
A |X |Y |SP |PC   |T/MT |NV-BDIZC |CYCLE
----------------------------------------
00|00|00|FE |0706 |1/2  |00100110 |14348
00|00|00|FE |0706 |2/2  |00100110 |14349


---------------
Opcode: C9
ll: 02
Instruction:CMP Addressing Mode:Immediate - Operand (Value: "0x02", Address: "None")
Instruction cycle count set to 2
A |X |Y |SP |PC   |T/MT |NV-BDIZC |CYCLE
----------------------------------------
00|00|00|FE |0708 |1/2  |10100100 |14350
00|00|00|FE |0708 |2/2  |10100100 |14351


---------------
Opcode: D0
ll: F8
Old PC: 070A Offset:-8 New PC: 0702
Instruction:BNE Addressing Mode:Relative - Operand (Value: "None", Address: "0x0702")
Instruction cycle count set to 2
A |X |Y |SP |PC   |T/MT |NV-BDIZC |CYCLE
----------------------------------------
00|00|00|FE |0702 |1/3  |10100100 |14352
00|00|00|FE |0702 |2/3  |10100100 |14353
00|00|00|FE |0702 |3/3  |10100100 |14354


---------------
Opcode: 8D
ll: 00 hh: A0
Instruction:STA Addressing Mode:Absolute - Operand (Value: "0x00", Address: "0xA000")
Writing value 0x00 to address: 0xA000
0xA000: 0x00
Instruction cycle count set to 4
A |X |Y |SP |PC   |T/MT |NV-BDIZC |CYCLE
----------------------------------------
00|00|00|FE |0705 |1/4  |10100100 |14355
00|00|00|FE |0705 |2/4  |10100100 |14356
00|00|00|FE |0705 |3/4  |10100100 |14357
00|00|00|FE |0705 |4/4  |10100100 |14358


---------------
Opcode: 4A
Instruction:LSR Addressing Mode:Accumulator - Operand (Value: "0x00", Address: "None")
Instruction cycle count set to 2
A |X |Y |SP |PC   |T/MT |NV-BDIZC |CYCLE
----------------------------------------
00|00|00|FE |0706 |1/2  |00100110 |14359
00|00|00|FE |0706 |2/2  |00100110 |14360


---------------
Opcode: C9
ll: 02
Instruction:CMP Addressing Mode:Immediate - Operand (Value: "0x02", Address: "None")
Instruction cycle count set to 2
A |X |Y |SP |PC   |T/MT |NV-BDIZC |CYCLE
----------------------------------------
00|00|00|FE |0708 |1/2  |10100100 |14361
00|00|00|FE |0708 |2/2  |10100100 |14362


---------------
Opcode: D0
ll: F8
Old PC: 070A Offset:-8 New PC: 0702
Instruction:BNE Addressing Mode:Relative - Operand (Value: "None", Address: "0x0702")
Instruction cycle count set to 2
A |X |Y |SP |PC   |T/MT |NV-BDIZC |CYCLE
----------------------------------------
00|00|00|FE |0702 |1/3  |10100100 |14363
00|00|00|FE |0702 |2/3  |10100100 |14364
00|00|00|FE |0702 |3/3  |10100100 |14365


---------------
Opcode: 8D
ll: 00 hh: A0
Instruction:STA Addressing Mode:Absolute - Operand (Value: "0x00", Address: "0xA000")
Writing value 0x00 to address: 0xA000
0xA000: 0x00
Instruction cycle count set to 4
A |X |Y |SP |PC   |T/MT |NV-BDIZC |CYCLE
----------------------------------------
00|00|00|FE |0705 |1/4  |10100100 |14366
00|00|00|FE |0705 |2/4  |10100100 |14367
00|00|00|FE |0705 |3/4  |10100100 |14368
00|00|00|FE |0705 |4/4  |10100100 |14369


---------------
Opcode: 4A
Instruction:LSR Addressing Mode:Accumulator - Operand (Value: "0x00", Address: "None")
Instruction cycle count set to 2
A |X |Y |SP |PC   |T/MT |NV-BDIZC |CYCLE
----------------------------------------
00|00|00|FE |0706 |1/2  |00100110 |14370
00|00|00|FE |0706 |2/2  |00100110 |14371


---------------
Opcode: C9
ll: 02
Instruction:CMP Addressing Mode:Immediate - Operand (Value: "0x02", Address: "None")
Instruction cycle count set to 2
A |X |Y |SP |PC   |T/MT |NV-BDIZC |CYCLE
----------------------------------------
00|00|00|FE |0708 |1/2  |10100100 |14372
00|00|00|FE |0708 |2/2  |10100100 |14373


---------------
Opcode: D0
ll: F8
Old PC: 070A Offset:-8 New PC: 0702
Instruction:BNE Addressing Mode:Relative - Operand (Value: "None", Address: "0x0702")
Instruction cycle count set to 2
A |X |Y |SP |PC   |T/MT |NV-BDIZC |CYCLE
----------------------------------------
00|00|00|FE |0702 |1/3  |10100100 |14374
00|00|00|FE |0702 |2/3  |10100100 |14375
00|00|00|FE |0702 |3/3  |10100100 |14376


---------------
Opcode: 8D
ll: 00 hh: A0
Instruction:STA Addressing Mode:Absolute - Operand (Value: "0x00", Address: "0xA000")
Writing value 0x00 to address: 0xA000
0xA000: 0x00
Instruction cycle count set to 4
A |X |Y |SP |PC   |T/MT |NV-BDIZC |CYCLE
----------------------------------------
00|00|00|FE |0705 |1/4  |10100100 |14377
00|00|00|FE |0705 |2/4  |10100100 |14378
00|00|00|FE |0705 |3/4  |10100100 |14379
00|00|00|FE |0705 |4/4  |10100100 |14380


---------------
Opcode: 4A
Instruction:LSR Addressing Mode:Accumulator - Operand (Value: "0x00", Address: "None")
Instruction cycle count set to 2
A |X |Y |SP |PC   |T/MT |NV-BDIZC |CYCLE
----------------------------------------
00|00|00|FE |0706 |1/2  |00100110 |14381
00|00|00|FE |0706 |2/2  |00100110 |14382


---------------
Opcode: C9
ll: 02
Instruction:CMP Addressing Mode:Immediate - Operand (Value: "0x02", Address: "None")
Instruction cycle count set to 2
A |X |Y |SP |PC   |T/MT |NV-BDIZC |CYCLE
----------------------------------------
00|00|00|FE |0708 |1/2  |10100100 |14383
00|00|00|FE |0708 |2/2  |10100100 |14384


---------------
Opcode: D0
ll: F8
Old PC: 070A Offset:-8 New PC: 0702
Instruction:BNE Addressing Mode:Relative - Operand (Value: "None", Address: "0x0702")
Instruction cycle count set to 2
A |X |Y |SP |PC   |T/MT |NV-BDIZC |CYCLE
----------------------------------------
00|00|00|FE |0702 |1/3  |10100100 |14385
00|00|00|FE |0702 |2/3  |10100100 |14386
00|00|00|FE |0702 |3/3  |10100100 |14387


---------------
Opcode: 8D
ll: 00 hh: A0
Instruction:STA Addressing Mode:Absolute - Operand (Value: "0x00", Address: "0xA000")
Writing value 0x00 to address: 0xA000
0xA000: 0x00
Instruction cycle count set to 4
A |X |Y |SP |PC   |T/MT |NV-BDIZC |CYCLE
----------------------------------------
00|00|00|FE |0705 |1/4  |10100100 |14388
00|00|00|FE |0705 |2/4  |10100100 |14389
00|00|00|FE |0705 |3/4  |10100100 |14390
00|00|00|FE |0705 |4/4  |10100100 |14391


---------------
Opcode: 4A
Instruction:LSR Addressing Mode:Accumulator - Operand (Value: "0x00", Address: "None")
Instruction cycle count set to 2
A |X |Y |SP |PC   |T/MT |NV-BDIZC |CYCLE
----------------------------------------
00|00|00|FE |0706 |1/2  |00100110 |14392
00|00|00|FE |0706 |2/2  |00100110 |14393


---------------
Opcode: C9
ll: 02
Instruction:CMP Addressing Mode:Immediate - Operand (Value: "0x02", Address: "None")
Instruction cycle count set to 2
A |X |Y |SP |PC   |T/MT |NV-BDIZC |CYCLE
----------------------------------------
00|00|00|FE |0708 |1/2  |10100100 |14394
00|00|00|FE |0708 |2/2  |10100100 |14395


---------------
Opcode: D0
ll: F8
Old PC: 070A Offset:-8 New PC: 0702
Instruction:BNE Addressing Mode:Relative - Operand (Value: "None", Address: "0x0702")
Instruction cycle count set to 2
A |X |Y |SP |PC   |T/MT |NV-BDIZC |CYCLE
----------------------------------------
00|00|00|FE |0702 |1/3  |10100100 |14396
00|00|00|FE |0702 |2/3  |10100100 |14397
00|00|00|FE |0702 |3/3  |10100100 |14398


---------------
Opcode: 8D
ll: 00 hh: A0
Instruction:STA Addressing Mode:Absolute - Operand (Value: "0x00", Address: "0xA000")
Writing value 0x00 to address: 0xA000
0xA000: 0x00
Instruction cycle count set to 4
A |X |Y |SP |PC   |T/MT |NV-BDIZC |CYCLE
----------------------------------------
00|00|00|FE |0705 |1/4  |10100100 |14399
00|00|00|FE |0705 |2/4  |10100100 |14400
00|00|00|FE |0705 |3/4  |10100100 |14401
00|00|00|FE |0705 |4/4  |10100100 |14402


---------------
Opcode: 4A
Instruction:LSR Addressing Mode:Accumulator - Operand (Value: "0x00", Address: "None")
Instruction cycle count set to 2
A |X |Y |SP |PC   |T/MT |NV-BDIZC |CYCLE
----------------------------------------
00|00|00|FE |0706 |1/2  |00100110 |14403
00|00|00|FE |0706 |2/2  |00100110 |14404


---------------
Opcode: C9
ll: 02
Instruction:CMP Addressing Mode:Immediate - Operand (Value: "0x02", Address: "None")
Instruction cycle count set to 2
A |X |Y |SP |PC   |T/MT |NV-BDIZC |CYCLE
----------------------------------------
00|00|00|FE |0708 |1/2  |10100100 |14405
00|00|00|FE |0708 |2/2  |10100100 |14406


---------------
Opcode: D0
ll: F8
Old PC: 070A Offset:-8 New PC: 0702
Instruction:BNE Addressing Mode:Relative - Operand (Value: "None", Address: "0x0702")
Instruction cycle count set to 2
A |X |Y |SP |PC   |T/MT |NV-BDIZC |CYCLE
----------------------------------------
00|00|00|FE |0702 |1/3  |10100100 |14407
00|00|00|FE |0702 |2/3  |10100100 |14408
00|00|00|FE |0702 |3/3  |10100100 |14409


---------------
Opcode: 8D
ll: 00 hh: A0
Instruction:STA Addressing Mode:Absolute - Operand (Value: "0x00", Address: "0xA000")
Writing value 0x00 to address: 0xA000
0xA000: 0x00
Instruction cycle count set to 4
A |X |Y |SP |PC   |T/MT |NV-BDIZC |CYCLE
----------------------------------------
00|00|00|FE |0705 |1/4  |10100100 |14410
00|00|00|FE |0705 |2/4  |10100100 |14411
00|00|00|FE |0705 |3/4  |10100100 |14412
00|00|00|FE |0705 |4/4  |10100100 |14413


---------------
Opcode: 4A
Instruction:LSR Addressing Mode:Accumulator - Operand (Value: "0x00", Address: "None")
Instruction cycle count set to 2
A |X |Y |SP |PC   |T/MT |NV-BDIZC |CYCLE
----------------------------------------
00|00|00|FE |0706 |1/2  |00100110 |14414
00|00|00|FE |0706 |2/2  |00100110 |14415


---------------
Opcode: C9
ll: 02
Instruction:CMP Addressing Mode:Immediate - Operand (Value: "0x02", Address: "None")
Instruction cycle count set to 2
A |X |Y |SP |PC   |T/MT |NV-BDIZC |CYCLE
----------------------------------------
00|00|00|FE |0708 |1/2  |10100100 |14416
00|00|00|FE |0708 |2/2  |10100100 |14417


---------------
Opcode: D0
ll: F8
Old PC: 070A Offset:-8 New PC: 0702
Instruction:BNE Addressing Mode:Relative - Operand (Value: "None", Address: "0x0702")
Instruction cycle count set to 2
A |X |Y |SP |PC   |T/MT |NV-BDIZC |CYCLE
----------------------------------------
00|00|00|FE |0702 |1/3  |10100100 |14418
00|00|00|FE |0702 |2/3  |10100100 |14419
00|00|00|FE |0702 |3/3  |10100100 |14420


---------------
Opcode: 8D
ll: 00 hh: A0
Instruction:STA Addressing Mode:Absolute - Operand (Value: "0x00", Address: "0xA000")
Writing value 0x00 to address: 0xA000
0xA000: 0x00
Instruction cycle count set to 4
A |X |Y |SP |PC   |T/MT |NV-BDIZC |CYCLE
----------------------------------------
00|00|00|FE |0705 |1/4  |10100100 |14421
00|00|00|FE |0705 |2/4  |10100100 |14422
00|00|00|FE |0705 |3/4  |10100100 |14423
00|00|00|FE |0705 |4/4  |10100100 |14424


---------------
Opcode: 4A
Instruction:LSR Addressing Mode:Accumulator - Operand (Value: "0x00", Address: "None")
Instruction cycle count set to 2
A |X |Y |SP |PC   |T/MT |NV-BDIZC |CYCLE
----------------------------------------
00|00|00|FE |0706 |1/2  |00100110 |14425
00|00|00|FE |0706 |2/2  |00100110 |14426


---------------
Opcode: C9
ll: 02
Instruction:CMP Addressing Mode:Immediate - Operand (Value: "0x02", Address: "None")
Instruction cycle count set to 2
A |X |Y |SP |PC   |T/MT |NV-BDIZC |CYCLE
----------------------------------------
00|00|00|FE |0708 |1/2  |10100100 |14427
00|00|00|FE |0708 |2/2  |10100100 |14428


---------------
Opcode: D0
ll: F8
Old PC: 070A Offset:-8 New PC: 0702
Instruction:BNE Addressing Mode:Relative - Operand (Value: "None", Address: "0x0702")
Instruction cycle count set to 2
A |X |Y |SP |PC   |T/MT |NV-BDIZC |CYCLE
----------------------------------------
00|00|00|FE |0702 |1/3  |10100100 |14429
00|00|00|FE |0702 |2/3  |10100100 |14430
00|00|00|FE |0702 |3/3  |10100100 |14431


---------------
Opcode: 8D
ll: 00 hh: A0
Instruction:STA Addressing Mode:Absolute - Operand (Value: "0x00", Address: "0xA000")
Writing value 0x00 to address: 0xA000
0xA000: 0x00
Instruction cycle count set to 4
A |X |Y |SP |PC   |T/MT |NV-BDIZC |CYCLE
----------------------------------------
00|00|00|FE |0705 |1/4  |10100100 |14432
00|00|00|FE |0705 |2/4  |10100100 |14433
00|00|00|FE |0705 |3/4  |10100100 |14434
00|00|00|FE |0705 |4/4  |10100100 |14435


---------------
Opcode: 4A
Instruction:LSR Addressing Mode:Accumulator - Operand (Value: "0x00", Address: "None")
Instruction cycle count set to 2
A |X |Y |SP |PC   |T/MT |NV-BDIZC |CYCLE
----------------------------------------
00|00|00|FE |0706 |1/2  |00100110 |14436
00|00|00|FE |0706 |2/2  |00100110 |14437


---------------
Opcode: C9
ll: 02
Instruction:CMP Addressing Mode:Immediate - Operand (Value: "0x02", Address: "None")
Instruction cycle count set to 2
A |X |Y |SP |PC   |T/MT |NV-BDIZC |CYCLE
----------------------------------------
00|00|00|FE |0708 |1/2  |10100100 |14438
00|00|00|FE |0708 |2/2  |10100100 |14439


---------------
Opcode: D0
ll: F8
Old PC: 070A Offset:-8 New PC: 0702
Instruction:BNE Addressing Mode:Relative - Operand (Value: "None", Address: "0x0702")
Instruction cycle count set to 2
A |X |Y |SP |PC   |T/MT |NV-BDIZC |CYCLE
----------------------------------------
00|00|00|FE |0702 |1/3  |10100100 |14440
00|00|00|FE |0702 |2/3  |10100100 |14441
00|00|00|FE |0702 |3/3  |10100100 |14442


---------------
Opcode: 8D
ll: 00 hh: A0
Instruction:STA Addressing Mode:Absolute - Operand (Value: "0x00", Address: "0xA000")
Writing value 0x00 to address: 0xA000
0xA000: 0x00
Instruction cycle count set to 4
A |X |Y |SP |PC   |T/MT |NV-BDIZC |CYCLE
----------------------------------------
00|00|00|FE |0705 |1/4  |10100100 |14443
00|00|00|FE |0705 |2/4  |10100100 |14444
00|00|00|FE |0705 |3/4  |10100100 |14445
00|00|00|FE |0705 |4/4  |10100100 |14446


---------------
Opcode: 4A
Instruction:LSR Addressing Mode:Accumulator - Operand (Value: "0x00", Address: "None")
Instruction cycle count set to 2
A |X |Y |SP |PC   |T/MT |NV-BDIZC |CYCLE
----------------------------------------
00|00|00|FE |0706 |1/2  |00100110 |14447
00|00|00|FE |0706 |2/2  |00100110 |14448


---------------
Opcode: C9
ll: 02
Instruction:CMP Addressing Mode:Immediate - Operand (Value: "0x02", Address: "None")
Instruction cycle count set to 2
A |X |Y |SP |PC   |T/MT |NV-BDIZC |CYCLE
----------------------------------------
00|00|00|FE |0708 |1/2  |10100100 |14449
00|00|00|FE |0708 |2/2  |10100100 |14450


---------------
Opcode: D0
ll: F8
Old PC: 070A Offset:-8 New PC: 0702
Instruction:BNE Addressing Mode:Relative - Operand (Value: "None", Address: "0x0702")
Instruction cycle count set to 2
A |X |Y |SP |PC   |T/MT |NV-BDIZC |CYCLE
----------------------------------------
00|00|00|FE |0702 |1/3  |10100100 |14451
00|00|00|FE |0702 |2/3  |10100100 |14452
00|00|00|FE |0702 |3/3  |10100100 |14453


---------------
Opcode: 8D
ll: 00 hh: A0
Instruction:STA Addressing Mode:Absolute - Operand (Value: "0x00", Address: "0xA000")
Writing value 0x00 to address: 0xA000
0xA000: 0x00
Instruction cycle count set to 4
A |X |Y |SP |PC   |T/MT |NV-BDIZC |CYCLE
----------------------------------------
00|00|00|FE |0705 |1/4  |10100100 |14454
00|00|00|FE |0705 |2/4  |10100100 |14455
00|00|00|FE |0705 |3/4  |10100100 |14456
00|00|00|FE |0705 |4/4  |10100100 |14457


---------------
Opcode: 4A
Instruction:LSR Addressing Mode:Accumulator - Operand (Value: "0x00", Address: "None")
Instruction cycle count set to 2
A |X |Y |SP |PC   |T/MT |NV-BDIZC |CYCLE
----------------------------------------
00|00|00|FE |0706 |1/2  |00100110 |14458
00|00|00|FE |0706 |2/2  |00100110 |14459


---------------
Opcode: C9
ll: 02
Instruction:CMP Addressing Mode:Immediate - Operand (Value: "0x02", Address: "None")
Instruction cycle count set to 2
A |X |Y |SP |PC   |T/MT |NV-BDIZC |CYCLE
----------------------------------------
00|00|00|FE |0708 |1/2  |10100100 |14460
00|00|00|FE |0708 |2/2  |10100100 |14461


---------------
Opcode: D0
ll: F8
Old PC: 070A Offset:-8 New PC: 0702
Instruction:BNE Addressing Mode:Relative - Operand (Value: "None", Address: "0x0702")
Instruction cycle count set to 2
A |X |Y |SP |PC   |T/MT |NV-BDIZC |CYCLE
----------------------------------------
00|00|00|FE |0702 |1/3  |10100100 |14462
00|00|00|FE |0702 |2/3  |10100100 |14463
00|00|00|FE |0702 |3/3  |10100100 |14464


---------------
Opcode: 8D
ll: 00 hh: A0
Instruction:STA Addressing Mode:Absolute - Operand (Value: "0x00", Address: "0xA000")
Writing value 0x00 to address: 0xA000
0xA000: 0x00
Instruction cycle count set to 4
A |X |Y |SP |PC   |T/MT |NV-BDIZC |CYCLE
----------------------------------------
00|00|00|FE |0705 |1/4  |10100100 |14465
00|00|00|FE |0705 |2/4  |10100100 |14466
00|00|00|FE |0705 |3/4  |10100100 |14467
00|00|00|FE |0705 |4/4  |10100100 |14468


---------------
Opcode: 4A
Instruction:LSR Addressing Mode:Accumulator - Operand (Value: "0x00", Address: "None")
Instruction cycle count set to 2
A |X |Y |SP |PC   |T/MT |NV-BDIZC |CYCLE
----------------------------------------
00|00|00|FE |0706 |1/2  |00100110 |14469
00|00|00|FE |0706 |2/2  |00100110 |14470


---------------
Opcode: C9
ll: 02
Instruction:CMP Addressing Mode:Immediate - Operand (Value: "0x02", Address: "None")
Instruction cycle count set to 2
A |X |Y |SP |PC   |T/MT |NV-BDIZC |CYCLE
----------------------------------------
00|00|00|FE |0708 |1/2  |10100100 |14471
00|00|00|FE |0708 |2/2  |10100100 |14472


---------------
Opcode: D0
ll: F8
Old PC: 070A Offset:-8 New PC: 0702
Instruction:BNE Addressing Mode:Relative - Operand (Value: "None", Address: "0x0702")
Instruction cycle count set to 2
A |X |Y |SP |PC   |T/MT |NV-BDIZC |CYCLE
----------------------------------------
00|00|00|FE |0702 |1/3  |10100100 |14473
00|00|00|FE |0702 |2/3  |10100100 |14474
00|00|00|FE |0702 |3/3  |10100100 |14475


---------------
Opcode: 8D
ll: 00 hh: A0
Instruction:STA Addressing Mode:Absolute - Operand (Value: "0x00", Address: "0xA000")
Writing value 0x00 to address: 0xA000
0xA000: 0x00
Instruction cycle count set to 4
A |X |Y |SP |PC   |T/MT |NV-BDIZC |CYCLE
----------------------------------------
00|00|00|FE |0705 |1/4  |10100100 |14476
00|00|00|FE |0705 |2/4  |10100100 |14477
00|00|00|FE |0705 |3/4  |10100100 |14478
00|00|00|FE |0705 |4/4  |10100100 |14479


---------------
Opcode: 4A
Instruction:LSR Addressing Mode:Accumulator - Operand (Value: "0x00", Address: "None")
Instruction cycle count set to 2
A |X |Y |SP |PC   |T/MT |NV-BDIZC |CYCLE
----------------------------------------
00|00|00|FE |0706 |1/2  |00100110 |14480
00|00|00|FE |0706 |2/2  |00100110 |14481


---------------
Opcode: C9
ll: 02
Instruction:CMP Addressing Mode:Immediate - Operand (Value: "0x02", Address: "None")
Instruction cycle count set to 2
A |X |Y |SP |PC   |T/MT |NV-BDIZC |CYCLE
----------------------------------------
00|00|00|FE |0708 |1/2  |10100100 |14482
00|00|00|FE |0708 |2/2  |10100100 |14483


---------------
Opcode: D0
ll: F8
Old PC: 070A Offset:-8 New PC: 0702
Instruction:BNE Addressing Mode:Relative - Operand (Value: "None", Address: "0x0702")
Instruction cycle count set to 2
A |X |Y |SP |PC   |T/MT |NV-BDIZC |CYCLE
----------------------------------------
00|00|00|FE |0702 |1/3  |10100100 |14484
00|00|00|FE |0702 |2/3  |10100100 |14485
00|00|00|FE |0702 |3/3  |10100100 |14486


---------------
Opcode: 8D
ll: 00 hh: A0
Instruction:STA Addressing Mode:Absolute - Operand (Value: "0x00", Address: "0xA000")
Writing value 0x00 to address: 0xA000
0xA000: 0x00
Instruction cycle count set to 4
A |X |Y |SP |PC   |T/MT |NV-BDIZC |CYCLE
----------------------------------------
00|00|00|FE |0705 |1/4  |10100100 |14487
00|00|00|FE |0705 |2/4  |10100100 |14488
00|00|00|FE |0705 |3/4  |10100100 |14489
00|00|00|FE |0705 |4/4  |10100100 |14490


---------------
Opcode: 4A
Instruction:LSR Addressing Mode:Accumulator - Operand (Value: "0x00", Address: "None")
Instruction cycle count set to 2
A |X |Y |SP |PC   |T/MT |NV-BDIZC |CYCLE
----------------------------------------
00|00|00|FE |0706 |1/2  |00100110 |14491
00|00|00|FE |0706 |2/2  |00100110 |14492


---------------
Opcode: C9
ll: 02
Instruction:CMP Addressing Mode:Immediate - Operand (Value: "0x02", Address: "None")
Instruction cycle count set to 2
A |X |Y |SP |PC   |T/MT |NV-BDIZC |CYCLE
----------------------------------------
00|00|00|FE |0708 |1/2  |10100100 |14493
00|00|00|FE |0708 |2/2  |10100100 |14494


---------------
Opcode: D0
ll: F8
Old PC: 070A Offset:-8 New PC: 0702
Instruction:BNE Addressing Mode:Relative - Operand (Value: "None", Address: "0x0702")
Instruction cycle count set to 2
A |X |Y |SP |PC   |T/MT |NV-BDIZC |CYCLE
----------------------------------------
00|00|00|FE |0702 |1/3  |10100100 |14495
00|00|00|FE |0702 |2/3  |10100100 |14496
00|00|00|FE |0702 |3/3  |10100100 |14497


---------------
Opcode: 8D
ll: 00 hh: A0
Instruction:STA Addressing Mode:Absolute - Operand (Value: "0x00", Address: "0xA000")
Writing value 0x00 to address: 0xA000
0xA000: 0x00
Instruction cycle count set to 4
A |X |Y |SP |PC   |T/MT |NV-BDIZC |CYCLE
----------------------------------------
00|00|00|FE |0705 |1/4  |10100100 |14498
00|00|00|FE |0705 |2/4  |10100100 |14499
00|00|00|FE |0705 |3/4  |10100100 |14500
00|00|00|FE |0705 |4/4  |10100100 |14501


---------------
Opcode: 4A
Instruction:LSR Addressing Mode:Accumulator - Operand (Value: "0x00", Address: "None")
Instruction cycle count set to 2
A |X |Y |SP |PC   |T/MT |NV-BDIZC |CYCLE
----------------------------------------
00|00|00|FE |0706 |1/2  |00100110 |14502
00|00|00|FE |0706 |2/2  |00100110 |14503


---------------
Opcode: C9
ll: 02
Instruction:CMP Addressing Mode:Immediate - Operand (Value: "0x02", Address: "None")
Instruction cycle count set to 2
A |X |Y |SP |PC   |T/MT |NV-BDIZC |CYCLE
----------------------------------------
00|00|00|FE |0708 |1/2  |10100100 |14504
00|00|00|FE |0708 |2/2  |10100100 |14505


---------------
Opcode: D0
ll: F8
Old PC: 070A Offset:-8 New PC: 0702
Instruction:BNE Addressing Mode:Relative - Operand (Value: "None", Address: "0x0702")
Instruction cycle count set to 2
A |X |Y |SP |PC   |T/MT |NV-BDIZC |CYCLE
----------------------------------------
00|00|00|FE |0702 |1/3  |10100100 |14506
00|00|00|FE |0702 |2/3  |10100100 |14507
00|00|00|FE |0702 |3/3  |10100100 |14508


---------------
Opcode: 8D
ll: 00 hh: A0
Instruction:STA Addressing Mode:Absolute - Operand (Value: "0x00", Address: "0xA000")
Writing value 0x00 to address: 0xA000
0xA000: 0x00
Instruction cycle count set to 4
A |X |Y |SP |PC   |T/MT |NV-BDIZC |CYCLE
----------------------------------------
00|00|00|FE |0705 |1/4  |10100100 |14509
00|00|00|FE |0705 |2/4  |10100100 |14510
00|00|00|FE |0705 |3/4  |10100100 |14511
00|00|00|FE |0705 |4/4  |10100100 |14512


---------------
Opcode: 4A
Instruction:LSR Addressing Mode:Accumulator - Operand (Value: "0x00", Address: "None")
Instruction cycle count set to 2
A |X |Y |SP |PC   |T/MT |NV-BDIZC |CYCLE
----------------------------------------
00|00|00|FE |0706 |1/2  |00100110 |14513
00|00|00|FE |0706 |2/2  |00100110 |14514


---------------
Opcode: C9
ll: 02
Instruction:CMP Addressing Mode:Immediate - Operand (Value: "0x02", Address: "None")
Instruction cycle count set to 2
A |X |Y |SP |PC   |T/MT |NV-BDIZC |CYCLE
----------------------------------------
00|00|00|FE |0708 |1/2  |10100100 |14515
00|00|00|FE |0708 |2/2  |10100100 |14516


---------------
Opcode: D0
ll: F8
Old PC: 070A Offset:-8 New PC: 0702
Instruction:BNE Addressing Mode:Relative - Operand (Value: "None", Address: "0x0702")
Instruction cycle count set to 2
A |X |Y |SP |PC   |T/MT |NV-BDIZC |CYCLE
----------------------------------------
00|00|00|FE |0702 |1/3  |10100100 |14517
00|00|00|FE |0702 |2/3  |10100100 |14518
00|00|00|FE |0702 |3/3  |10100100 |14519


---------------
Opcode: 8D
ll: 00 hh: A0
Instruction:STA Addressing Mode:Absolute - Operand (Value: "0x00", Address: "0xA000")
Writing value 0x00 to address: 0xA000
0xA000: 0x00
Instruction cycle count set to 4
A |X |Y |SP |PC   |T/MT |NV-BDIZC |CYCLE
----------------------------------------
00|00|00|FE |0705 |1/4  |10100100 |14520
00|00|00|FE |0705 |2/4  |10100100 |14521
00|00|00|FE |0705 |3/4  |10100100 |14522
00|00|00|FE |0705 |4/4  |10100100 |14523


---------------
Opcode: 4A
Instruction:LSR Addressing Mode:Accumulator - Operand (Value: "0x00", Address: "None")
Instruction cycle count set to 2
A |X |Y |SP |PC   |T/MT |NV-BDIZC |CYCLE
----------------------------------------
00|00|00|FE |0706 |1/2  |00100110 |14524
00|00|00|FE |0706 |2/2  |00100110 |14525


---------------
Opcode: C9
ll: 02
Instruction:CMP Addressing Mode:Immediate - Operand (Value: "0x02", Address: "None")
Instruction cycle count set to 2
A |X |Y |SP |PC   |T/MT |NV-BDIZC |CYCLE
----------------------------------------
00|00|00|FE |0708 |1/2  |10100100 |14526
00|00|00|FE |0708 |2/2  |10100100 |14527


---------------
Opcode: D0
ll: F8
Old PC: 070A Offset:-8 New PC: 0702
Instruction:BNE Addressing Mode:Relative - Operand (Value: "None", Address: "0x0702")
Instruction cycle count set to 2
A |X |Y |SP |PC   |T/MT |NV-BDIZC |CYCLE
----------------------------------------
00|00|00|FE |0702 |1/3  |10100100 |14528
00|00|00|FE |0702 |2/3  |10100100 |14529
00|00|00|FE |0702 |3/3  |10100100 |14530


---------------
Opcode: 8D
ll: 00 hh: A0
Instruction:STA Addressing Mode:Absolute - Operand (Value: "0x00", Address: "0xA000")
Writing value 0x00 to address: 0xA000
0xA000: 0x00
Instruction cycle count set to 4
A |X |Y |SP |PC   |T/MT |NV-BDIZC |CYCLE
----------------------------------------
00|00|00|FE |0705 |1/4  |10100100 |14531
00|00|00|FE |0705 |2/4  |10100100 |14532
00|00|00|FE |0705 |3/4  |10100100 |14533
00|00|00|FE |0705 |4/4  |10100100 |14534


---------------
Opcode: 4A
Instruction:LSR Addressing Mode:Accumulator - Operand (Value: "0x00", Address: "None")
Instruction cycle count set to 2
A |X |Y |SP |PC   |T/MT |NV-BDIZC |CYCLE
----------------------------------------
00|00|00|FE |0706 |1/2  |00100110 |14535
00|00|00|FE |0706 |2/2  |00100110 |14536


---------------
Opcode: C9
ll: 02
Instruction:CMP Addressing Mode:Immediate - Operand (Value: "0x02", Address: "None")
Instruction cycle count set to 2
A |X |Y |SP |PC   |T/MT |NV-BDIZC |CYCLE
----------------------------------------
00|00|00|FE |0708 |1/2  |10100100 |14537
00|00|00|FE |0708 |2/2  |10100100 |14538


---------------
Opcode: D0
ll: F8
Old PC: 070A Offset:-8 New PC: 0702
Instruction:BNE Addressing Mode:Relative - Operand (Value: "None", Address: "0x0702")
Instruction cycle count set to 2
A |X |Y |SP |PC   |T/MT |NV-BDIZC |CYCLE
----------------------------------------
00|00|00|FE |0702 |1/3  |10100100 |14539
00|00|00|FE |0702 |2/3  |10100100 |14540
00|00|00|FE |0702 |3/3  |10100100 |14541


---------------
Opcode: 8D
ll: 00 hh: A0
Instruction:STA Addressing Mode:Absolute - Operand (Value: "0x00", Address: "0xA000")
Writing value 0x00 to address: 0xA000
0xA000: 0x00
Instruction cycle count set to 4
A |X |Y |SP |PC   |T/MT |NV-BDIZC |CYCLE
----------------------------------------
00|00|00|FE |0705 |1/4  |10100100 |14542
00|00|00|FE |0705 |2/4  |10100100 |14543
00|00|00|FE |0705 |3/4  |10100100 |14544
00|00|00|FE |0705 |4/4  |10100100 |14545


---------------
Opcode: 4A
Instruction:LSR Addressing Mode:Accumulator - Operand (Value: "0x00", Address: "None")
Instruction cycle count set to 2
A |X |Y |SP |PC   |T/MT |NV-BDIZC |CYCLE
----------------------------------------
00|00|00|FE |0706 |1/2  |00100110 |14546
00|00|00|FE |0706 |2/2  |00100110 |14547


---------------
Opcode: C9
ll: 02
Instruction:CMP Addressing Mode:Immediate - Operand (Value: "0x02", Address: "None")
Instruction cycle count set to 2
A |X |Y |SP |PC   |T/MT |NV-BDIZC |CYCLE
----------------------------------------
00|00|00|FE |0708 |1/2  |10100100 |14548
00|00|00|FE |0708 |2/2  |10100100 |14549


---------------
Opcode: D0
ll: F8
Old PC: 070A Offset:-8 New PC: 0702
Instruction:BNE Addressing Mode:Relative - Operand (Value: "None", Address: "0x0702")
Instruction cycle count set to 2
A |X |Y |SP |PC   |T/MT |NV-BDIZC |CYCLE
----------------------------------------
00|00|00|FE |0702 |1/3  |10100100 |14550
00|00|00|FE |0702 |2/3  |10100100 |14551
00|00|00|FE |0702 |3/3  |10100100 |14552


---------------
Opcode: 8D
ll: 00 hh: A0
Instruction:STA Addressing Mode:Absolute - Operand (Value: "0x00", Address: "0xA000")
Writing value 0x00 to address: 0xA000
0xA000: 0x00
Instruction cycle count set to 4
A |X |Y |SP |PC   |T/MT |NV-BDIZC |CYCLE
----------------------------------------
00|00|00|FE |0705 |1/4  |10100100 |14553
00|00|00|FE |0705 |2/4  |10100100 |14554
00|00|00|FE |0705 |3/4  |10100100 |14555
00|00|00|FE |0705 |4/4  |10100100 |14556


---------------
Opcode: 4A
Instruction:LSR Addressing Mode:Accumulator - Operand (Value: "0x00", Address: "None")
Instruction cycle count set to 2
A |X |Y |SP |PC   |T/MT |NV-BDIZC |CYCLE
----------------------------------------
00|00|00|FE |0706 |1/2  |00100110 |14557
00|00|00|FE |0706 |2/2  |00100110 |14558


---------------
Opcode: C9
ll: 02
Instruction:CMP Addressing Mode:Immediate - Operand (Value: "0x02", Address: "None")
Instruction cycle count set to 2
A |X |Y |SP |PC   |T/MT |NV-BDIZC |CYCLE
----------------------------------------
00|00|00|FE |0708 |1/2  |10100100 |14559
00|00|00|FE |0708 |2/2  |10100100 |14560


---------------
Opcode: D0
ll: F8
Old PC: 070A Offset:-8 New PC: 0702
Instruction:BNE Addressing Mode:Relative - Operand (Value: "None", Address: "0x0702")
Instruction cycle count set to 2
A |X |Y |SP |PC   |T/MT |NV-BDIZC |CYCLE
----------------------------------------
00|00|00|FE |0702 |1/3  |10100100 |14561
00|00|00|FE |0702 |2/3  |10100100 |14562
00|00|00|FE |0702 |3/3  |10100100 |14563


---------------
Opcode: 8D
ll: 00 hh: A0
Instruction:STA Addressing Mode:Absolute - Operand (Value: "0x00", Address: "0xA000")
Writing value 0x00 to address: 0xA000
0xA000: 0x00
Instruction cycle count set to 4
A |X |Y |SP |PC   |T/MT |NV-BDIZC |CYCLE
----------------------------------------
00|00|00|FE |0705 |1/4  |10100100 |14564
00|00|00|FE |0705 |2/4  |10100100 |14565
00|00|00|FE |0705 |3/4  |10100100 |14566
00|00|00|FE |0705 |4/4  |10100100 |14567


---------------
Opcode: 4A
Instruction:LSR Addressing Mode:Accumulator - Operand (Value: "0x00", Address: "None")
Instruction cycle count set to 2
A |X |Y |SP |PC   |T/MT |NV-BDIZC |CYCLE
----------------------------------------
00|00|00|FE |0706 |1/2  |00100110 |14568
00|00|00|FE |0706 |2/2  |00100110 |14569


---------------
Opcode: C9
ll: 02
Instruction:CMP Addressing Mode:Immediate - Operand (Value: "0x02", Address: "None")
Instruction cycle count set to 2
A |X |Y |SP |PC   |T/MT |NV-BDIZC |CYCLE
----------------------------------------
00|00|00|FE |0708 |1/2  |10100100 |14570
00|00|00|FE |0708 |2/2  |10100100 |14571


---------------
Opcode: D0
ll: F8
Old PC: 070A Offset:-8 New PC: 0702
Instruction:BNE Addressing Mode:Relative - Operand (Value: "None", Address: "0x0702")
Instruction cycle count set to 2
A |X |Y |SP |PC   |T/MT |NV-BDIZC |CYCLE
----------------------------------------
00|00|00|FE |0702 |1/3  |10100100 |14572
00|00|00|FE |0702 |2/3  |10100100 |14573
00|00|00|FE |0702 |3/3  |10100100 |14574


---------------
Opcode: 8D
ll: 00 hh: A0
Instruction:STA Addressing Mode:Absolute - Operand (Value: "0x00", Address: "0xA000")
Writing value 0x00 to address: 0xA000
0xA000: 0x00
Instruction cycle count set to 4
A |X |Y |SP |PC   |T/MT |NV-BDIZC |CYCLE
----------------------------------------
00|00|00|FE |0705 |1/4  |10100100 |14575
00|00|00|FE |0705 |2/4  |10100100 |14576
00|00|00|FE |0705 |3/4  |10100100 |14577
00|00|00|FE |0705 |4/4  |10100100 |14578


---------------
Opcode: 4A
Instruction:LSR Addressing Mode:Accumulator - Operand (Value: "0x00", Address: "None")
Instruction cycle count set to 2
A |X |Y |SP |PC   |T/MT |NV-BDIZC |CYCLE
----------------------------------------
00|00|00|FE |0706 |1/2  |00100110 |14579
00|00|00|FE |0706 |2/2  |00100110 |14580


---------------
Opcode: C9
ll: 02
Instruction:CMP Addressing Mode:Immediate - Operand (Value: "0x02", Address: "None")
Instruction cycle count set to 2
A |X |Y |SP |PC   |T/MT |NV-BDIZC |CYCLE
----------------------------------------
00|00|00|FE |0708 |1/2  |10100100 |14581
00|00|00|FE |0708 |2/2  |10100100 |14582


---------------
Opcode: D0
ll: F8
Old PC: 070A Offset:-8 New PC: 0702
Instruction:BNE Addressing Mode:Relative - Operand (Value: "None", Address: "0x0702")
Instruction cycle count set to 2
A |X |Y |SP |PC   |T/MT |NV-BDIZC |CYCLE
----------------------------------------
00|00|00|FE |0702 |1/3  |10100100 |14583
00|00|00|FE |0702 |2/3  |10100100 |14584
00|00|00|FE |0702 |3/3  |10100100 |14585


---------------
Opcode: 8D
ll: 00 hh: A0
Instruction:STA Addressing Mode:Absolute - Operand (Value: "0x00", Address: "0xA000")
Writing value 0x00 to address: 0xA000
0xA000: 0x00
Instruction cycle count set to 4
A |X |Y |SP |PC   |T/MT |NV-BDIZC |CYCLE
----------------------------------------
00|00|00|FE |0705 |1/4  |10100100 |14586
00|00|00|FE |0705 |2/4  |10100100 |14587
00|00|00|FE |0705 |3/4  |10100100 |14588
00|00|00|FE |0705 |4/4  |10100100 |14589


---------------
Opcode: 4A
Instruction:LSR Addressing Mode:Accumulator - Operand (Value: "0x00", Address: "None")
Instruction cycle count set to 2
A |X |Y |SP |PC   |T/MT |NV-BDIZC |CYCLE
----------------------------------------
00|00|00|FE |0706 |1/2  |00100110 |14590
00|00|00|FE |0706 |2/2  |00100110 |14591


---------------
Opcode: C9
ll: 02
Instruction:CMP Addressing Mode:Immediate - Operand (Value: "0x02", Address: "None")
Instruction cycle count set to 2
A |X |Y |SP |PC   |T/MT |NV-BDIZC |CYCLE
----------------------------------------
00|00|00|FE |0708 |1/2  |10100100 |14592
00|00|00|FE |0708 |2/2  |10100100 |14593


---------------
Opcode: D0
ll: F8
Old PC: 070A Offset:-8 New PC: 0702
Instruction:BNE Addressing Mode:Relative - Operand (Value: "None", Address: "0x0702")
Instruction cycle count set to 2
A |X |Y |SP |PC   |T/MT |NV-BDIZC |CYCLE
----------------------------------------
00|00|00|FE |0702 |1/3  |10100100 |14594
00|00|00|FE |0702 |2/3  |10100100 |14595
00|00|00|FE |0702 |3/3  |10100100 |14596


---------------
Opcode: 8D
ll: 00 hh: A0
Instruction:STA Addressing Mode:Absolute - Operand (Value: "0x00", Address: "0xA000")
Writing value 0x00 to address: 0xA000
0xA000: 0x00
Instruction cycle count set to 4
A |X |Y |SP |PC   |T/MT |NV-BDIZC |CYCLE
----------------------------------------
00|00|00|FE |0705 |1/4  |10100100 |14597
00|00|00|FE |0705 |2/4  |10100100 |14598
00|00|00|FE |0705 |3/4  |10100100 |14599
00|00|00|FE |0705 |4/4  |10100100 |14600


---------------
Opcode: 4A
Instruction:LSR Addressing Mode:Accumulator - Operand (Value: "0x00", Address: "None")
Instruction cycle count set to 2
A |X |Y |SP |PC   |T/MT |NV-BDIZC |CYCLE
----------------------------------------
00|00|00|FE |0706 |1/2  |00100110 |14601
00|00|00|FE |0706 |2/2  |00100110 |14602


---------------
Opcode: C9
ll: 02
Instruction:CMP Addressing Mode:Immediate - Operand (Value: "0x02", Address: "None")
Instruction cycle count set to 2
A |X |Y |SP |PC   |T/MT |NV-BDIZC |CYCLE
----------------------------------------
00|00|00|FE |0708 |1/2  |10100100 |14603
00|00|00|FE |0708 |2/2  |10100100 |14604


---------------
Opcode: D0
ll: F8
Old PC: 070A Offset:-8 New PC: 0702
Instruction:BNE Addressing Mode:Relative - Operand (Value: "None", Address: "0x0702")
Instruction cycle count set to 2
A |X |Y |SP |PC   |T/MT |NV-BDIZC |CYCLE
----------------------------------------
00|00|00|FE |0702 |1/3  |10100100 |14605
00|00|00|FE |0702 |2/3  |10100100 |14606
00|00|00|FE |0702 |3/3  |10100100 |14607


---------------
Opcode: 8D
ll: 00 hh: A0
Instruction:STA Addressing Mode:Absolute - Operand (Value: "0x00", Address: "0xA000")
Writing value 0x00 to address: 0xA000
0xA000: 0x00
Instruction cycle count set to 4
A |X |Y |SP |PC   |T/MT |NV-BDIZC |CYCLE
----------------------------------------
00|00|00|FE |0705 |1/4  |10100100 |14608
00|00|00|FE |0705 |2/4  |10100100 |14609
00|00|00|FE |0705 |3/4  |10100100 |14610
00|00|00|FE |0705 |4/4  |10100100 |14611


---------------
Opcode: 4A
Instruction:LSR Addressing Mode:Accumulator - Operand (Value: "0x00", Address: "None")
Instruction cycle count set to 2
A |X |Y |SP |PC   |T/MT |NV-BDIZC |CYCLE
----------------------------------------
00|00|00|FE |0706 |1/2  |00100110 |14612
00|00|00|FE |0706 |2/2  |00100110 |14613


---------------
Opcode: C9
ll: 02
Instruction:CMP Addressing Mode:Immediate - Operand (Value: "0x02", Address: "None")
Instruction cycle count set to 2
A |X |Y |SP |PC   |T/MT |NV-BDIZC |CYCLE
----------------------------------------
00|00|00|FE |0708 |1/2  |10100100 |14614
00|00|00|FE |0708 |2/2  |10100100 |14615


---------------
Opcode: D0
ll: F8
Old PC: 070A Offset:-8 New PC: 0702
Instruction:BNE Addressing Mode:Relative - Operand (Value: "None", Address: "0x0702")
Instruction cycle count set to 2
A |X |Y |SP |PC   |T/MT |NV-BDIZC |CYCLE
----------------------------------------
00|00|00|FE |0702 |1/3  |10100100 |14616
00|00|00|FE |0702 |2/3  |10100100 |14617
00|00|00|FE |0702 |3/3  |10100100 |14618


---------------
Opcode: 8D
ll: 00 hh: A0
Instruction:STA Addressing Mode:Absolute - Operand (Value: "0x00", Address: "0xA000")
Writing value 0x00 to address: 0xA000
0xA000: 0x00
Instruction cycle count set to 4
A |X |Y |SP |PC   |T/MT |NV-BDIZC |CYCLE
----------------------------------------
00|00|00|FE |0705 |1/4  |10100100 |14619
00|00|00|FE |0705 |2/4  |10100100 |14620
00|00|00|FE |0705 |3/4  |10100100 |14621
00|00|00|FE |0705 |4/4  |10100100 |14622


---------------
Opcode: 4A
Instruction:LSR Addressing Mode:Accumulator - Operand (Value: "0x00", Address: "None")
Instruction cycle count set to 2
A |X |Y |SP |PC   |T/MT |NV-BDIZC |CYCLE
----------------------------------------
00|00|00|FE |0706 |1/2  |00100110 |14623
00|00|00|FE |0706 |2/2  |00100110 |14624


---------------
Opcode: C9
ll: 02
Instruction:CMP Addressing Mode:Immediate - Operand (Value: "0x02", Address: "None")
Instruction cycle count set to 2
A |X |Y |SP |PC   |T/MT |NV-BDIZC |CYCLE
----------------------------------------
00|00|00|FE |0708 |1/2  |10100100 |14625
00|00|00|FE |0708 |2/2  |10100100 |14626


---------------
Opcode: D0
ll: F8
Old PC: 070A Offset:-8 New PC: 0702
Instruction:BNE Addressing Mode:Relative - Operand (Value: "None", Address: "0x0702")
Instruction cycle count set to 2
A |X |Y |SP |PC   |T/MT |NV-BDIZC |CYCLE
----------------------------------------
00|00|00|FE |0702 |1/3  |10100100 |14627
00|00|00|FE |0702 |2/3  |10100100 |14628
00|00|00|FE |0702 |3/3  |10100100 |14629


---------------
Opcode: 8D
ll: 00 hh: A0
Instruction:STA Addressing Mode:Absolute - Operand (Value: "0x00", Address: "0xA000")
Writing value 0x00 to address: 0xA000
0xA000: 0x00
Instruction cycle count set to 4
A |X |Y |SP |PC   |T/MT |NV-BDIZC |CYCLE
----------------------------------------
00|00|00|FE |0705 |1/4  |10100100 |14630
00|00|00|FE |0705 |2/4  |10100100 |14631
00|00|00|FE |0705 |3/4  |10100100 |14632
00|00|00|FE |0705 |4/4  |10100100 |14633


---------------
Opcode: 4A
Instruction:LSR Addressing Mode:Accumulator - Operand (Value: "0x00", Address: "None")
Instruction cycle count set to 2
A |X |Y |SP |PC   |T/MT |NV-BDIZC |CYCLE
----------------------------------------
00|00|00|FE |0706 |1/2  |00100110 |14634
00|00|00|FE |0706 |2/2  |00100110 |14635


---------------
Opcode: C9
ll: 02
Instruction:CMP Addressing Mode:Immediate - Operand (Value: "0x02", Address: "None")
Instruction cycle count set to 2
A |X |Y |SP |PC   |T/MT |NV-BDIZC |CYCLE
----------------------------------------
00|00|00|FE |0708 |1/2  |10100100 |14636
00|00|00|FE |0708 |2/2  |10100100 |14637


---------------
Opcode: D0
ll: F8
Old PC: 070A Offset:-8 New PC: 0702
Instruction:BNE Addressing Mode:Relative - Operand (Value: "None", Address: "0x0702")
Instruction cycle count set to 2
A |X |Y |SP |PC   |T/MT |NV-BDIZC |CYCLE
----------------------------------------
00|00|00|FE |0702 |1/3  |10100100 |14638
00|00|00|FE |0702 |2/3  |10100100 |14639
00|00|00|FE |0702 |3/3  |10100100 |14640


---------------
Opcode: 8D
ll: 00 hh: A0
Instruction:STA Addressing Mode:Absolute - Operand (Value: "0x00", Address: "0xA000")
Writing value 0x00 to address: 0xA000
0xA000: 0x00
Instruction cycle count set to 4
A |X |Y |SP |PC   |T/MT |NV-BDIZC |CYCLE
----------------------------------------
00|00|00|FE |0705 |1/4  |10100100 |14641
00|00|00|FE |0705 |2/4  |10100100 |14642
00|00|00|FE |0705 |3/4  |10100100 |14643
00|00|00|FE |0705 |4/4  |10100100 |14644


---------------
Opcode: 4A
Instruction:LSR Addressing Mode:Accumulator - Operand (Value: "0x00", Address: "None")
Instruction cycle count set to 2
A |X |Y |SP |PC   |T/MT |NV-BDIZC |CYCLE
----------------------------------------
00|00|00|FE |0706 |1/2  |00100110 |14645
00|00|00|FE |0706 |2/2  |00100110 |14646


---------------
Opcode: C9
ll: 02
Instruction:CMP Addressing Mode:Immediate - Operand (Value: "0x02", Address: "None")
Instruction cycle count set to 2
A |X |Y |SP |PC   |T/MT |NV-BDIZC |CYCLE
----------------------------------------
00|00|00|FE |0708 |1/2  |10100100 |14647
00|00|00|FE |0708 |2/2  |10100100 |14648


---------------
Opcode: D0
ll: F8
Old PC: 070A Offset:-8 New PC: 0702
Instruction:BNE Addressing Mode:Relative - Operand (Value: "None", Address: "0x0702")
Instruction cycle count set to 2
A |X |Y |SP |PC   |T/MT |NV-BDIZC |CYCLE
----------------------------------------
00|00|00|FE |0702 |1/3  |10100100 |14649
00|00|00|FE |0702 |2/3  |10100100 |14650
00|00|00|FE |0702 |3/3  |10100100 |14651


---------------
Opcode: 8D
ll: 00 hh: A0
Instruction:STA Addressing Mode:Absolute - Operand (Value: "0x00", Address: "0xA000")
Writing value 0x00 to address: 0xA000
0xA000: 0x00
Instruction cycle count set to 4
A |X |Y |SP |PC   |T/MT |NV-BDIZC |CYCLE
----------------------------------------
00|00|00|FE |0705 |1/4  |10100100 |14652
00|00|00|FE |0705 |2/4  |10100100 |14653
00|00|00|FE |0705 |3/4  |10100100 |14654
00|00|00|FE |0705 |4/4  |10100100 |14655


---------------
Opcode: 4A
Instruction:LSR Addressing Mode:Accumulator - Operand (Value: "0x00", Address: "None")
Instruction cycle count set to 2
A |X |Y |SP |PC   |T/MT |NV-BDIZC |CYCLE
----------------------------------------
00|00|00|FE |0706 |1/2  |00100110 |14656
00|00|00|FE |0706 |2/2  |00100110 |14657


---------------
Opcode: C9
ll: 02
Instruction:CMP Addressing Mode:Immediate - Operand (Value: "0x02", Address: "None")
Instruction cycle count set to 2
A |X |Y |SP |PC   |T/MT |NV-BDIZC |CYCLE
----------------------------------------
00|00|00|FE |0708 |1/2  |10100100 |14658
00|00|00|FE |0708 |2/2  |10100100 |14659


---------------
Opcode: D0
ll: F8
Old PC: 070A Offset:-8 New PC: 0702
Instruction:BNE Addressing Mode:Relative - Operand (Value: "None", Address: "0x0702")
Instruction cycle count set to 2
A |X |Y |SP |PC   |T/MT |NV-BDIZC |CYCLE
----------------------------------------
00|00|00|FE |0702 |1/3  |10100100 |14660
00|00|00|FE |0702 |2/3  |10100100 |14661
00|00|00|FE |0702 |3/3  |10100100 |14662


---------------
Opcode: 8D
ll: 00 hh: A0
Instruction:STA Addressing Mode:Absolute - Operand (Value: "0x00", Address: "0xA000")
Writing value 0x00 to address: 0xA000
0xA000: 0x00
Instruction cycle count set to 4
A |X |Y |SP |PC   |T/MT |NV-BDIZC |CYCLE
----------------------------------------
00|00|00|FE |0705 |1/4  |10100100 |14663
00|00|00|FE |0705 |2/4  |10100100 |14664
00|00|00|FE |0705 |3/4  |10100100 |14665
00|00|00|FE |0705 |4/4  |10100100 |14666


---------------
Opcode: 4A
Instruction:LSR Addressing Mode:Accumulator - Operand (Value: "0x00", Address: "None")
Instruction cycle count set to 2
A |X |Y |SP |PC   |T/MT |NV-BDIZC |CYCLE
----------------------------------------
00|00|00|FE |0706 |1/2  |00100110 |14667
00|00|00|FE |0706 |2/2  |00100110 |14668


---------------
Opcode: C9
ll: 02
Instruction:CMP Addressing Mode:Immediate - Operand (Value: "0x02", Address: "None")
Instruction cycle count set to 2
A |X |Y |SP |PC   |T/MT |NV-BDIZC |CYCLE
----------------------------------------
00|00|00|FE |0708 |1/2  |10100100 |14669
00|00|00|FE |0708 |2/2  |10100100 |14670


---------------
Opcode: D0
ll: F8
Old PC: 070A Offset:-8 New PC: 0702
Instruction:BNE Addressing Mode:Relative - Operand (Value: "None", Address: "0x0702")
Instruction cycle count set to 2
A |X |Y |SP |PC   |T/MT |NV-BDIZC |CYCLE
----------------------------------------
00|00|00|FE |0702 |1/3  |10100100 |14671
00|00|00|FE |0702 |2/3  |10100100 |14672
00|00|00|FE |0702 |3/3  |10100100 |14673


---------------
Opcode: 8D
ll: 00 hh: A0
Instruction:STA Addressing Mode:Absolute - Operand (Value: "0x00", Address: "0xA000")
Writing value 0x00 to address: 0xA000
0xA000: 0x00
Instruction cycle count set to 4
A |X |Y |SP |PC   |T/MT |NV-BDIZC |CYCLE
----------------------------------------
00|00|00|FE |0705 |1/4  |10100100 |14674
00|00|00|FE |0705 |2/4  |10100100 |14675
00|00|00|FE |0705 |3/4  |10100100 |14676
00|00|00|FE |0705 |4/4  |10100100 |14677


---------------
Opcode: 4A
Instruction:LSR Addressing Mode:Accumulator - Operand (Value: "0x00", Address: "None")
Instruction cycle count set to 2
A |X |Y |SP |PC   |T/MT |NV-BDIZC |CYCLE
----------------------------------------
00|00|00|FE |0706 |1/2  |00100110 |14678
00|00|00|FE |0706 |2/2  |00100110 |14679


---------------
Opcode: C9
ll: 02
Instruction:CMP Addressing Mode:Immediate - Operand (Value: "0x02", Address: "None")
Instruction cycle count set to 2
A |X |Y |SP |PC   |T/MT |NV-BDIZC |CYCLE
----------------------------------------
00|00|00|FE |0708 |1/2  |10100100 |14680
00|00|00|FE |0708 |2/2  |10100100 |14681


---------------
Opcode: D0
ll: F8
Old PC: 070A Offset:-8 New PC: 0702
Instruction:BNE Addressing Mode:Relative - Operand (Value: "None", Address: "0x0702")
Instruction cycle count set to 2
A |X |Y |SP |PC   |T/MT |NV-BDIZC |CYCLE
----------------------------------------
00|00|00|FE |0702 |1/3  |10100100 |14682
00|00|00|FE |0702 |2/3  |10100100 |14683
00|00|00|FE |0702 |3/3  |10100100 |14684


---------------
Opcode: 8D
ll: 00 hh: A0
Instruction:STA Addressing Mode:Absolute - Operand (Value: "0x00", Address: "0xA000")
Writing value 0x00 to address: 0xA000
0xA000: 0x00
Instruction cycle count set to 4
A |X |Y |SP |PC   |T/MT |NV-BDIZC |CYCLE
----------------------------------------
00|00|00|FE |0705 |1/4  |10100100 |14685
00|00|00|FE |0705 |2/4  |10100100 |14686
00|00|00|FE |0705 |3/4  |10100100 |14687
00|00|00|FE |0705 |4/4  |10100100 |14688


---------------
Opcode: 4A
Instruction:LSR Addressing Mode:Accumulator - Operand (Value: "0x00", Address: "None")
Instruction cycle count set to 2
A |X |Y |SP |PC   |T/MT |NV-BDIZC |CYCLE
----------------------------------------
00|00|00|FE |0706 |1/2  |00100110 |14689
00|00|00|FE |0706 |2/2  |00100110 |14690


---------------
Opcode: C9
ll: 02
Instruction:CMP Addressing Mode:Immediate - Operand (Value: "0x02", Address: "None")
Instruction cycle count set to 2
A |X |Y |SP |PC   |T/MT |NV-BDIZC |CYCLE
----------------------------------------
00|00|00|FE |0708 |1/2  |10100100 |14691
00|00|00|FE |0708 |2/2  |10100100 |14692


---------------
Opcode: D0
ll: F8
Old PC: 070A Offset:-8 New PC: 0702
Instruction:BNE Addressing Mode:Relative - Operand (Value: "None", Address: "0x0702")
Instruction cycle count set to 2
A |X |Y |SP |PC   |T/MT |NV-BDIZC |CYCLE
----------------------------------------
00|00|00|FE |0702 |1/3  |10100100 |14693
00|00|00|FE |0702 |2/3  |10100100 |14694
00|00|00|FE |0702 |3/3  |10100100 |14695


---------------
Opcode: 8D
ll: 00 hh: A0
Instruction:STA Addressing Mode:Absolute - Operand (Value: "0x00", Address: "0xA000")
Writing value 0x00 to address: 0xA000
0xA000: 0x00
Instruction cycle count set to 4
A |X |Y |SP |PC   |T/MT |NV-BDIZC |CYCLE
----------------------------------------
00|00|00|FE |0705 |1/4  |10100100 |14696
00|00|00|FE |0705 |2/4  |10100100 |14697
00|00|00|FE |0705 |3/4  |10100100 |14698
00|00|00|FE |0705 |4/4  |10100100 |14699


---------------
Opcode: 4A
Instruction:LSR Addressing Mode:Accumulator - Operand (Value: "0x00", Address: "None")
Instruction cycle count set to 2
A |X |Y |SP |PC   |T/MT |NV-BDIZC |CYCLE
----------------------------------------
00|00|00|FE |0706 |1/2  |00100110 |14700
00|00|00|FE |0706 |2/2  |00100110 |14701


---------------
Opcode: C9
ll: 02
Instruction:CMP Addressing Mode:Immediate - Operand (Value: "0x02", Address: "None")
Instruction cycle count set to 2
A |X |Y |SP |PC   |T/MT |NV-BDIZC |CYCLE
----------------------------------------
00|00|00|FE |0708 |1/2  |10100100 |14702
00|00|00|FE |0708 |2/2  |10100100 |14703


---------------
Opcode: D0
ll: F8
Old PC: 070A Offset:-8 New PC: 0702
Instruction:BNE Addressing Mode:Relative - Operand (Value: "None", Address: "0x0702")
Instruction cycle count set to 2
A |X |Y |SP |PC   |T/MT |NV-BDIZC |CYCLE
----------------------------------------
00|00|00|FE |0702 |1/3  |10100100 |14704
00|00|00|FE |0702 |2/3  |10100100 |14705
00|00|00|FE |0702 |3/3  |10100100 |14706


---------------
Opcode: 8D
ll: 00 hh: A0
Instruction:STA Addressing Mode:Absolute - Operand (Value: "0x00", Address: "0xA000")
Writing value 0x00 to address: 0xA000
0xA000: 0x00
Instruction cycle count set to 4
A |X |Y |SP |PC   |T/MT |NV-BDIZC |CYCLE
----------------------------------------
00|00|00|FE |0705 |1/4  |10100100 |14707
00|00|00|FE |0705 |2/4  |10100100 |14708
00|00|00|FE |0705 |3/4  |10100100 |14709
00|00|00|FE |0705 |4/4  |10100100 |14710


---------------
Opcode: 4A
Instruction:LSR Addressing Mode:Accumulator - Operand (Value: "0x00", Address: "None")
Instruction cycle count set to 2
A |X |Y |SP |PC   |T/MT |NV-BDIZC |CYCLE
----------------------------------------
00|00|00|FE |0706 |1/2  |00100110 |14711
00|00|00|FE |0706 |2/2  |00100110 |14712


---------------
Opcode: C9
ll: 02
Instruction:CMP Addressing Mode:Immediate - Operand (Value: "0x02", Address: "None")
Instruction cycle count set to 2
A |X |Y |SP |PC   |T/MT |NV-BDIZC |CYCLE
----------------------------------------
00|00|00|FE |0708 |1/2  |10100100 |14713
00|00|00|FE |0708 |2/2  |10100100 |14714


---------------
Opcode: D0
ll: F8
Old PC: 070A Offset:-8 New PC: 0702
Instruction:BNE Addressing Mode:Relative - Operand (Value: "None", Address: "0x0702")
Instruction cycle count set to 2
A |X |Y |SP |PC   |T/MT |NV-BDIZC |CYCLE
----------------------------------------
00|00|00|FE |0702 |1/3  |10100100 |14715
00|00|00|FE |0702 |2/3  |10100100 |14716
00|00|00|FE |0702 |3/3  |10100100 |14717


---------------
Opcode: 8D
ll: 00 hh: A0
Instruction:STA Addressing Mode:Absolute - Operand (Value: "0x00", Address: "0xA000")
Writing value 0x00 to address: 0xA000
0xA000: 0x00
Instruction cycle count set to 4
A |X |Y |SP |PC   |T/MT |NV-BDIZC |CYCLE
----------------------------------------
00|00|00|FE |0705 |1/4  |10100100 |14718
00|00|00|FE |0705 |2/4  |10100100 |14719
00|00|00|FE |0705 |3/4  |10100100 |14720
00|00|00|FE |0705 |4/4  |10100100 |14721


---------------
Opcode: 4A
Instruction:LSR Addressing Mode:Accumulator - Operand (Value: "0x00", Address: "None")
Instruction cycle count set to 2
A |X |Y |SP |PC   |T/MT |NV-BDIZC |CYCLE
----------------------------------------
00|00|00|FE |0706 |1/2  |00100110 |14722
00|00|00|FE |0706 |2/2  |00100110 |14723


---------------
Opcode: C9
ll: 02
Instruction:CMP Addressing Mode:Immediate - Operand (Value: "0x02", Address: "None")
Instruction cycle count set to 2
A |X |Y |SP |PC   |T/MT |NV-BDIZC |CYCLE
----------------------------------------
00|00|00|FE |0708 |1/2  |10100100 |14724
00|00|00|FE |0708 |2/2  |10100100 |14725


---------------
Opcode: D0
ll: F8
Old PC: 070A Offset:-8 New PC: 0702
Instruction:BNE Addressing Mode:Relative - Operand (Value: "None", Address: "0x0702")
Instruction cycle count set to 2
A |X |Y |SP |PC   |T/MT |NV-BDIZC |CYCLE
----------------------------------------
00|00|00|FE |0702 |1/3  |10100100 |14726
00|00|00|FE |0702 |2/3  |10100100 |14727
00|00|00|FE |0702 |3/3  |10100100 |14728


---------------
Opcode: 8D
ll: 00 hh: A0
Instruction:STA Addressing Mode:Absolute - Operand (Value: "0x00", Address: "0xA000")
Writing value 0x00 to address: 0xA000
0xA000: 0x00
Instruction cycle count set to 4
A |X |Y |SP |PC   |T/MT |NV-BDIZC |CYCLE
----------------------------------------
00|00|00|FE |0705 |1/4  |10100100 |14729
00|00|00|FE |0705 |2/4  |10100100 |14730
00|00|00|FE |0705 |3/4  |10100100 |14731
00|00|00|FE |0705 |4/4  |10100100 |14732


---------------
Opcode: 4A
Instruction:LSR Addressing Mode:Accumulator - Operand (Value: "0x00", Address: "None")
Instruction cycle count set to 2
A |X |Y |SP |PC   |T/MT |NV-BDIZC |CYCLE
----------------------------------------
00|00|00|FE |0706 |1/2  |00100110 |14733
00|00|00|FE |0706 |2/2  |00100110 |14734


---------------
Opcode: C9
ll: 02
Instruction:CMP Addressing Mode:Immediate - Operand (Value: "0x02", Address: "None")
Instruction cycle count set to 2
A |X |Y |SP |PC   |T/MT |NV-BDIZC |CYCLE
----------------------------------------
00|00|00|FE |0708 |1/2  |10100100 |14735
00|00|00|FE |0708 |2/2  |10100100 |14736


---------------
Opcode: D0
ll: F8
Old PC: 070A Offset:-8 New PC: 0702
Instruction:BNE Addressing Mode:Relative - Operand (Value: "None", Address: "0x0702")
Instruction cycle count set to 2
A |X |Y |SP |PC   |T/MT |NV-BDIZC |CYCLE
----------------------------------------
00|00|00|FE |0702 |1/3  |10100100 |14737
00|00|00|FE |0702 |2/3  |10100100 |14738
00|00|00|FE |0702 |3/3  |10100100 |14739


---------------
Opcode: 8D
ll: 00 hh: A0
Instruction:STA Addressing Mode:Absolute - Operand (Value: "0x00", Address: "0xA000")
Writing value 0x00 to address: 0xA000
0xA000: 0x00
Instruction cycle count set to 4
A |X |Y |SP |PC   |T/MT |NV-BDIZC |CYCLE
----------------------------------------
00|00|00|FE |0705 |1/4  |10100100 |14740
00|00|00|FE |0705 |2/4  |10100100 |14741
00|00|00|FE |0705 |3/4  |10100100 |14742
00|00|00|FE |0705 |4/4  |10100100 |14743


---------------
Opcode: 4A
Instruction:LSR Addressing Mode:Accumulator - Operand (Value: "0x00", Address: "None")
Instruction cycle count set to 2
A |X |Y |SP |PC   |T/MT |NV-BDIZC |CYCLE
----------------------------------------
00|00|00|FE |0706 |1/2  |00100110 |14744
00|00|00|FE |0706 |2/2  |00100110 |14745


---------------
Opcode: C9
ll: 02
Instruction:CMP Addressing Mode:Immediate - Operand (Value: "0x02", Address: "None")
Instruction cycle count set to 2
A |X |Y |SP |PC   |T/MT |NV-BDIZC |CYCLE
----------------------------------------
00|00|00|FE |0708 |1/2  |10100100 |14746
00|00|00|FE |0708 |2/2  |10100100 |14747


---------------
Opcode: D0
ll: F8
Old PC: 070A Offset:-8 New PC: 0702
Instruction:BNE Addressing Mode:Relative - Operand (Value: "None", Address: "0x0702")
Instruction cycle count set to 2
A |X |Y |SP |PC   |T/MT |NV-BDIZC |CYCLE
----------------------------------------
00|00|00|FE |0702 |1/3  |10100100 |14748
00|00|00|FE |0702 |2/3  |10100100 |14749
00|00|00|FE |0702 |3/3  |10100100 |14750


---------------
Opcode: 8D
ll: 00 hh: A0
Instruction:STA Addressing Mode:Absolute - Operand (Value: "0x00", Address: "0xA000")
Writing value 0x00 to address: 0xA000
0xA000: 0x00
Instruction cycle count set to 4
A |X |Y |SP |PC   |T/MT |NV-BDIZC |CYCLE
----------------------------------------
00|00|00|FE |0705 |1/4  |10100100 |14751
00|00|00|FE |0705 |2/4  |10100100 |14752
00|00|00|FE |0705 |3/4  |10100100 |14753
00|00|00|FE |0705 |4/4  |10100100 |14754


---------------
Opcode: 4A
Instruction:LSR Addressing Mode:Accumulator - Operand (Value: "0x00", Address: "None")
Instruction cycle count set to 2
A |X |Y |SP |PC   |T/MT |NV-BDIZC |CYCLE
----------------------------------------
00|00|00|FE |0706 |1/2  |00100110 |14755
00|00|00|FE |0706 |2/2  |00100110 |14756


---------------
Opcode: C9
ll: 02
Instruction:CMP Addressing Mode:Immediate - Operand (Value: "0x02", Address: "None")
Instruction cycle count set to 2
A |X |Y |SP |PC   |T/MT |NV-BDIZC |CYCLE
----------------------------------------
00|00|00|FE |0708 |1/2  |10100100 |14757
00|00|00|FE |0708 |2/2  |10100100 |14758


---------------
Opcode: D0
ll: F8
Old PC: 070A Offset:-8 New PC: 0702
Instruction:BNE Addressing Mode:Relative - Operand (Value: "None", Address: "0x0702")
Instruction cycle count set to 2
A |X |Y |SP |PC   |T/MT |NV-BDIZC |CYCLE
----------------------------------------
00|00|00|FE |0702 |1/3  |10100100 |14759
00|00|00|FE |0702 |2/3  |10100100 |14760
00|00|00|FE |0702 |3/3  |10100100 |14761


---------------
Opcode: 8D
ll: 00 hh: A0
Instruction:STA Addressing Mode:Absolute - Operand (Value: "0x00", Address: "0xA000")
Writing value 0x00 to address: 0xA000
0xA000: 0x00
Instruction cycle count set to 4
A |X |Y |SP |PC   |T/MT |NV-BDIZC |CYCLE
----------------------------------------
00|00|00|FE |0705 |1/4  |10100100 |14762
00|00|00|FE |0705 |2/4  |10100100 |14763
00|00|00|FE |0705 |3/4  |10100100 |14764
00|00|00|FE |0705 |4/4  |10100100 |14765


---------------
Opcode: 4A
Instruction:LSR Addressing Mode:Accumulator - Operand (Value: "0x00", Address: "None")
Instruction cycle count set to 2
A |X |Y |SP |PC   |T/MT |NV-BDIZC |CYCLE
----------------------------------------
00|00|00|FE |0706 |1/2  |00100110 |14766
00|00|00|FE |0706 |2/2  |00100110 |14767


---------------
Opcode: C9
ll: 02
Instruction:CMP Addressing Mode:Immediate - Operand (Value: "0x02", Address: "None")
Instruction cycle count set to 2
A |X |Y |SP |PC   |T/MT |NV-BDIZC |CYCLE
----------------------------------------
00|00|00|FE |0708 |1/2  |10100100 |14768
00|00|00|FE |0708 |2/2  |10100100 |14769


---------------
Opcode: D0
ll: F8
Old PC: 070A Offset:-8 New PC: 0702
Instruction:BNE Addressing Mode:Relative - Operand (Value: "None", Address: "0x0702")
Instruction cycle count set to 2
A |X |Y |SP |PC   |T/MT |NV-BDIZC |CYCLE
----------------------------------------
00|00|00|FE |0702 |1/3  |10100100 |14770
00|00|00|FE |0702 |2/3  |10100100 |14771
00|00|00|FE |0702 |3/3  |10100100 |14772


---------------
Opcode: 8D
ll: 00 hh: A0
Instruction:STA Addressing Mode:Absolute - Operand (Value: "0x00", Address: "0xA000")
Writing value 0x00 to address: 0xA000
0xA000: 0x00
Instruction cycle count set to 4
A |X |Y |SP |PC   |T/MT |NV-BDIZC |CYCLE
----------------------------------------
00|00|00|FE |0705 |1/4  |10100100 |14773
00|00|00|FE |0705 |2/4  |10100100 |14774
00|00|00|FE |0705 |3/4  |10100100 |14775
00|00|00|FE |0705 |4/4  |10100100 |14776


---------------
Opcode: 4A
Instruction:LSR Addressing Mode:Accumulator - Operand (Value: "0x00", Address: "None")
Instruction cycle count set to 2
A |X |Y |SP |PC   |T/MT |NV-BDIZC |CYCLE
----------------------------------------
00|00|00|FE |0706 |1/2  |00100110 |14777
00|00|00|FE |0706 |2/2  |00100110 |14778


---------------
Opcode: C9
ll: 02
Instruction:CMP Addressing Mode:Immediate - Operand (Value: "0x02", Address: "None")
Instruction cycle count set to 2
A |X |Y |SP |PC   |T/MT |NV-BDIZC |CYCLE
----------------------------------------
00|00|00|FE |0708 |1/2  |10100100 |14779
00|00|00|FE |0708 |2/2  |10100100 |14780


---------------
Opcode: D0
ll: F8
Old PC: 070A Offset:-8 New PC: 0702
Instruction:BNE Addressing Mode:Relative - Operand (Value: "None", Address: "0x0702")
Instruction cycle count set to 2
A |X |Y |SP |PC   |T/MT |NV-BDIZC |CYCLE
----------------------------------------
00|00|00|FE |0702 |1/3  |10100100 |14781
00|00|00|FE |0702 |2/3  |10100100 |14782
00|00|00|FE |0702 |3/3  |10100100 |14783


---------------
Opcode: 8D
ll: 00 hh: A0
Instruction:STA Addressing Mode:Absolute - Operand (Value: "0x00", Address: "0xA000")
Writing value 0x00 to address: 0xA000
0xA000: 0x00
Instruction cycle count set to 4
A |X |Y |SP |PC   |T/MT |NV-BDIZC |CYCLE
----------------------------------------
00|00|00|FE |0705 |1/4  |10100100 |14784
00|00|00|FE |0705 |2/4  |10100100 |14785
00|00|00|FE |0705 |3/4  |10100100 |14786
00|00|00|FE |0705 |4/4  |10100100 |14787


---------------
Opcode: 4A
Instruction:LSR Addressing Mode:Accumulator - Operand (Value: "0x00", Address: "None")
Instruction cycle count set to 2
A |X |Y |SP |PC   |T/MT |NV-BDIZC |CYCLE
----------------------------------------
00|00|00|FE |0706 |1/2  |00100110 |14788
00|00|00|FE |0706 |2/2  |00100110 |14789


---------------
Opcode: C9
ll: 02
Instruction:CMP Addressing Mode:Immediate - Operand (Value: "0x02", Address: "None")
Instruction cycle count set to 2
A |X |Y |SP |PC   |T/MT |NV-BDIZC |CYCLE
----------------------------------------
00|00|00|FE |0708 |1/2  |10100100 |14790
00|00|00|FE |0708 |2/2  |10100100 |14791


---------------
Opcode: D0
ll: F8
Old PC: 070A Offset:-8 New PC: 0702
Instruction:BNE Addressing Mode:Relative - Operand (Value: "None", Address: "0x0702")
Instruction cycle count set to 2
A |X |Y |SP |PC   |T/MT |NV-BDIZC |CYCLE
----------------------------------------
00|00|00|FE |0702 |1/3  |10100100 |14792
00|00|00|FE |0702 |2/3  |10100100 |14793
00|00|00|FE |0702 |3/3  |10100100 |14794


---------------
Opcode: 8D
ll: 00 hh: A0
Instruction:STA Addressing Mode:Absolute - Operand (Value: "0x00", Address: "0xA000")
Writing value 0x00 to address: 0xA000
0xA000: 0x00
Instruction cycle count set to 4
A |X |Y |SP |PC   |T/MT |NV-BDIZC |CYCLE
----------------------------------------
00|00|00|FE |0705 |1/4  |10100100 |14795
00|00|00|FE |0705 |2/4  |10100100 |14796
00|00|00|FE |0705 |3/4  |10100100 |14797
00|00|00|FE |0705 |4/4  |10100100 |14798


---------------
Opcode: 4A
Instruction:LSR Addressing Mode:Accumulator - Operand (Value: "0x00", Address: "None")
Instruction cycle count set to 2
A |X |Y |SP |PC   |T/MT |NV-BDIZC |CYCLE
----------------------------------------
00|00|00|FE |0706 |1/2  |00100110 |14799
00|00|00|FE |0706 |2/2  |00100110 |14800


---------------
Opcode: C9
ll: 02
Instruction:CMP Addressing Mode:Immediate - Operand (Value: "0x02", Address: "None")
Instruction cycle count set to 2
A |X |Y |SP |PC   |T/MT |NV-BDIZC |CYCLE
----------------------------------------
00|00|00|FE |0708 |1/2  |10100100 |14801
00|00|00|FE |0708 |2/2  |10100100 |14802


---------------
Opcode: D0
ll: F8
Old PC: 070A Offset:-8 New PC: 0702
Instruction:BNE Addressing Mode:Relative - Operand (Value: "None", Address: "0x0702")
Instruction cycle count set to 2
A |X |Y |SP |PC   |T/MT |NV-BDIZC |CYCLE
----------------------------------------
00|00|00|FE |0702 |1/3  |10100100 |14803
00|00|00|FE |0702 |2/3  |10100100 |14804
00|00|00|FE |0702 |3/3  |10100100 |14805


---------------
Opcode: 8D
ll: 00 hh: A0
Instruction:STA Addressing Mode:Absolute - Operand (Value: "0x00", Address: "0xA000")
Writing value 0x00 to address: 0xA000
0xA000: 0x00
Instruction cycle count set to 4
A |X |Y |SP |PC   |T/MT |NV-BDIZC |CYCLE
----------------------------------------
00|00|00|FE |0705 |1/4  |10100100 |14806
00|00|00|FE |0705 |2/4  |10100100 |14807
00|00|00|FE |0705 |3/4  |10100100 |14808
00|00|00|FE |0705 |4/4  |10100100 |14809


---------------
Opcode: 4A
Instruction:LSR Addressing Mode:Accumulator - Operand (Value: "0x00", Address: "None")
Instruction cycle count set to 2
A |X |Y |SP |PC   |T/MT |NV-BDIZC |CYCLE
----------------------------------------
00|00|00|FE |0706 |1/2  |00100110 |14810
00|00|00|FE |0706 |2/2  |00100110 |14811


---------------
Opcode: C9
ll: 02
Instruction:CMP Addressing Mode:Immediate - Operand (Value: "0x02", Address: "None")
Instruction cycle count set to 2
A |X |Y |SP |PC   |T/MT |NV-BDIZC |CYCLE
----------------------------------------
00|00|00|FE |0708 |1/2  |10100100 |14812
00|00|00|FE |0708 |2/2  |10100100 |14813


---------------
Opcode: D0
ll: F8
Old PC: 070A Offset:-8 New PC: 0702
Instruction:BNE Addressing Mode:Relative - Operand (Value: "None", Address: "0x0702")
Instruction cycle count set to 2
A |X |Y |SP |PC   |T/MT |NV-BDIZC |CYCLE
----------------------------------------
00|00|00|FE |0702 |1/3  |10100100 |14814
00|00|00|FE |0702 |2/3  |10100100 |14815
00|00|00|FE |0702 |3/3  |10100100 |14816


---------------
Opcode: 8D
ll: 00 hh: A0
Instruction:STA Addressing Mode:Absolute - Operand (Value: "0x00", Address: "0xA000")
Writing value 0x00 to address: 0xA000
0xA000: 0x00
Instruction cycle count set to 4
A |X |Y |SP |PC   |T/MT |NV-BDIZC |CYCLE
----------------------------------------
00|00|00|FE |0705 |1/4  |10100100 |14817
00|00|00|FE |0705 |2/4  |10100100 |14818
00|00|00|FE |0705 |3/4  |10100100 |14819
00|00|00|FE |0705 |4/4  |10100100 |14820


---------------
Opcode: 4A
Instruction:LSR Addressing Mode:Accumulator - Operand (Value: "0x00", Address: "None")
Instruction cycle count set to 2
A |X |Y |SP |PC   |T/MT |NV-BDIZC |CYCLE
----------------------------------------
00|00|00|FE |0706 |1/2  |00100110 |14821
00|00|00|FE |0706 |2/2  |00100110 |14822


---------------
Opcode: C9
ll: 02
Instruction:CMP Addressing Mode:Immediate - Operand (Value: "0x02", Address: "None")
Instruction cycle count set to 2
A |X |Y |SP |PC   |T/MT |NV-BDIZC |CYCLE
----------------------------------------
00|00|00|FE |0708 |1/2  |10100100 |14823
00|00|00|FE |0708 |2/2  |10100100 |14824


---------------
Opcode: D0
ll: F8
Old PC: 070A Offset:-8 New PC: 0702
Instruction:BNE Addressing Mode:Relative - Operand (Value: "None", Address: "0x0702")
Instruction cycle count set to 2
A |X |Y |SP |PC   |T/MT |NV-BDIZC |CYCLE
----------------------------------------
00|00|00|FE |0702 |1/3  |10100100 |14825
00|00|00|FE |0702 |2/3  |10100100 |14826
00|00|00|FE |0702 |3/3  |10100100 |14827


---------------
Opcode: 8D
ll: 00 hh: A0
Instruction:STA Addressing Mode:Absolute - Operand (Value: "0x00", Address: "0xA000")
Writing value 0x00 to address: 0xA000
0xA000: 0x00
Instruction cycle count set to 4
A |X |Y |SP |PC   |T/MT |NV-BDIZC |CYCLE
----------------------------------------
00|00|00|FE |0705 |1/4  |10100100 |14828
00|00|00|FE |0705 |2/4  |10100100 |14829
00|00|00|FE |0705 |3/4  |10100100 |14830
00|00|00|FE |0705 |4/4  |10100100 |14831


---------------
Opcode: 4A
Instruction:LSR Addressing Mode:Accumulator - Operand (Value: "0x00", Address: "None")
Instruction cycle count set to 2
A |X |Y |SP |PC   |T/MT |NV-BDIZC |CYCLE
----------------------------------------
00|00|00|FE |0706 |1/2  |00100110 |14832
00|00|00|FE |0706 |2/2  |00100110 |14833


---------------
Opcode: C9
ll: 02
Instruction:CMP Addressing Mode:Immediate - Operand (Value: "0x02", Address: "None")
Instruction cycle count set to 2
A |X |Y |SP |PC   |T/MT |NV-BDIZC |CYCLE
----------------------------------------
00|00|00|FE |0708 |1/2  |10100100 |14834
00|00|00|FE |0708 |2/2  |10100100 |14835


---------------
Opcode: D0
ll: F8
Old PC: 070A Offset:-8 New PC: 0702
Instruction:BNE Addressing Mode:Relative - Operand (Value: "None", Address: "0x0702")
Instruction cycle count set to 2
A |X |Y |SP |PC   |T/MT |NV-BDIZC |CYCLE
----------------------------------------
00|00|00|FE |0702 |1/3  |10100100 |14836
00|00|00|FE |0702 |2/3  |10100100 |14837
00|00|00|FE |0702 |3/3  |10100100 |14838


---------------
Opcode: 8D
ll: 00 hh: A0
Instruction:STA Addressing Mode:Absolute - Operand (Value: "0x00", Address: "0xA000")
Writing value 0x00 to address: 0xA000
0xA000: 0x00
Instruction cycle count set to 4
A |X |Y |SP |PC   |T/MT |NV-BDIZC |CYCLE
----------------------------------------
00|00|00|FE |0705 |1/4  |10100100 |14839
00|00|00|FE |0705 |2/4  |10100100 |14840
00|00|00|FE |0705 |3/4  |10100100 |14841
00|00|00|FE |0705 |4/4  |10100100 |14842


---------------
Opcode: 4A
Instruction:LSR Addressing Mode:Accumulator - Operand (Value: "0x00", Address: "None")
Instruction cycle count set to 2
A |X |Y |SP |PC   |T/MT |NV-BDIZC |CYCLE
----------------------------------------
00|00|00|FE |0706 |1/2  |00100110 |14843
00|00|00|FE |0706 |2/2  |00100110 |14844


---------------
Opcode: C9
ll: 02
Instruction:CMP Addressing Mode:Immediate - Operand (Value: "0x02", Address: "None")
Instruction cycle count set to 2
A |X |Y |SP |PC   |T/MT |NV-BDIZC |CYCLE
----------------------------------------
00|00|00|FE |0708 |1/2  |10100100 |14845
00|00|00|FE |0708 |2/2  |10100100 |14846


---------------
Opcode: D0
ll: F8
Old PC: 070A Offset:-8 New PC: 0702
Instruction:BNE Addressing Mode:Relative - Operand (Value: "None", Address: "0x0702")
Instruction cycle count set to 2
A |X |Y |SP |PC   |T/MT |NV-BDIZC |CYCLE
----------------------------------------
00|00|00|FE |0702 |1/3  |10100100 |14847
00|00|00|FE |0702 |2/3  |10100100 |14848
00|00|00|FE |0702 |3/3  |10100100 |14849


---------------
Opcode: 8D
ll: 00 hh: A0
Instruction:STA Addressing Mode:Absolute - Operand (Value: "0x00", Address: "0xA000")
Writing value 0x00 to address: 0xA000
0xA000: 0x00
Instruction cycle count set to 4
A |X |Y |SP |PC   |T/MT |NV-BDIZC |CYCLE
----------------------------------------
00|00|00|FE |0705 |1/4  |10100100 |14850
00|00|00|FE |0705 |2/4  |10100100 |14851
00|00|00|FE |0705 |3/4  |10100100 |14852
00|00|00|FE |0705 |4/4  |10100100 |14853


---------------
Opcode: 4A
Instruction:LSR Addressing Mode:Accumulator - Operand (Value: "0x00", Address: "None")
Instruction cycle count set to 2
A |X |Y |SP |PC   |T/MT |NV-BDIZC |CYCLE
----------------------------------------
00|00|00|FE |0706 |1/2  |00100110 |14854
00|00|00|FE |0706 |2/2  |00100110 |14855


---------------
Opcode: C9
ll: 02
Instruction:CMP Addressing Mode:Immediate - Operand (Value: "0x02", Address: "None")
Instruction cycle count set to 2
A |X |Y |SP |PC   |T/MT |NV-BDIZC |CYCLE
----------------------------------------
00|00|00|FE |0708 |1/2  |10100100 |14856
00|00|00|FE |0708 |2/2  |10100100 |14857


---------------
Opcode: D0
ll: F8
Old PC: 070A Offset:-8 New PC: 0702
Instruction:BNE Addressing Mode:Relative - Operand (Value: "None", Address: "0x0702")
Instruction cycle count set to 2
A |X |Y |SP |PC   |T/MT |NV-BDIZC |CYCLE
----------------------------------------
00|00|00|FE |0702 |1/3  |10100100 |14858
00|00|00|FE |0702 |2/3  |10100100 |14859
00|00|00|FE |0702 |3/3  |10100100 |14860


---------------
Opcode: 8D
ll: 00 hh: A0
Instruction:STA Addressing Mode:Absolute - Operand (Value: "0x00", Address: "0xA000")
Writing value 0x00 to address: 0xA000
0xA000: 0x00
Instruction cycle count set to 4
A |X |Y |SP |PC   |T/MT |NV-BDIZC |CYCLE
----------------------------------------
00|00|00|FE |0705 |1/4  |10100100 |14861
00|00|00|FE |0705 |2/4  |10100100 |14862
00|00|00|FE |0705 |3/4  |10100100 |14863
00|00|00|FE |0705 |4/4  |10100100 |14864


---------------
Opcode: 4A
Instruction:LSR Addressing Mode:Accumulator - Operand (Value: "0x00", Address: "None")
Instruction cycle count set to 2
A |X |Y |SP |PC   |T/MT |NV-BDIZC |CYCLE
----------------------------------------
00|00|00|FE |0706 |1/2  |00100110 |14865
00|00|00|FE |0706 |2/2  |00100110 |14866


---------------
Opcode: C9
ll: 02
Instruction:CMP Addressing Mode:Immediate - Operand (Value: "0x02", Address: "None")
Instruction cycle count set to 2
A |X |Y |SP |PC   |T/MT |NV-BDIZC |CYCLE
----------------------------------------
00|00|00|FE |0708 |1/2  |10100100 |14867
00|00|00|FE |0708 |2/2  |10100100 |14868


---------------
Opcode: D0
ll: F8
Old PC: 070A Offset:-8 New PC: 0702
Instruction:BNE Addressing Mode:Relative - Operand (Value: "None", Address: "0x0702")
Instruction cycle count set to 2
A |X |Y |SP |PC   |T/MT |NV-BDIZC |CYCLE
----------------------------------------
00|00|00|FE |0702 |1/3  |10100100 |14869
00|00|00|FE |0702 |2/3  |10100100 |14870
00|00|00|FE |0702 |3/3  |10100100 |14871


---------------
Opcode: 8D
ll: 00 hh: A0
Instruction:STA Addressing Mode:Absolute - Operand (Value: "0x00", Address: "0xA000")
Writing value 0x00 to address: 0xA000
0xA000: 0x00
Instruction cycle count set to 4
A |X |Y |SP |PC   |T/MT |NV-BDIZC |CYCLE
----------------------------------------
00|00|00|FE |0705 |1/4  |10100100 |14872
00|00|00|FE |0705 |2/4  |10100100 |14873
00|00|00|FE |0705 |3/4  |10100100 |14874
00|00|00|FE |0705 |4/4  |10100100 |14875


---------------
Opcode: 4A
Instruction:LSR Addressing Mode:Accumulator - Operand (Value: "0x00", Address: "None")
Instruction cycle count set to 2
A |X |Y |SP |PC   |T/MT |NV-BDIZC |CYCLE
----------------------------------------
00|00|00|FE |0706 |1/2  |00100110 |14876
00|00|00|FE |0706 |2/2  |00100110 |14877


---------------
Opcode: C9
ll: 02
Instruction:CMP Addressing Mode:Immediate - Operand (Value: "0x02", Address: "None")
Instruction cycle count set to 2
A |X |Y |SP |PC   |T/MT |NV-BDIZC |CYCLE
----------------------------------------
00|00|00|FE |0708 |1/2  |10100100 |14878
00|00|00|FE |0708 |2/2  |10100100 |14879


---------------
Opcode: D0
ll: F8
Old PC: 070A Offset:-8 New PC: 0702
Instruction:BNE Addressing Mode:Relative - Operand (Value: "None", Address: "0x0702")
Instruction cycle count set to 2
A |X |Y |SP |PC   |T/MT |NV-BDIZC |CYCLE
----------------------------------------
00|00|00|FE |0702 |1/3  |10100100 |14880
00|00|00|FE |0702 |2/3  |10100100 |14881
00|00|00|FE |0702 |3/3  |10100100 |14882


---------------
Opcode: 8D
ll: 00 hh: A0
Instruction:STA Addressing Mode:Absolute - Operand (Value: "0x00", Address: "0xA000")
Writing value 0x00 to address: 0xA000
0xA000: 0x00
Instruction cycle count set to 4
A |X |Y |SP |PC   |T/MT |NV-BDIZC |CYCLE
----------------------------------------
00|00|00|FE |0705 |1/4  |10100100 |14883
00|00|00|FE |0705 |2/4  |10100100 |14884
00|00|00|FE |0705 |3/4  |10100100 |14885
00|00|00|FE |0705 |4/4  |10100100 |14886


---------------
Opcode: 4A
Instruction:LSR Addressing Mode:Accumulator - Operand (Value: "0x00", Address: "None")
Instruction cycle count set to 2
A |X |Y |SP |PC   |T/MT |NV-BDIZC |CYCLE
----------------------------------------
00|00|00|FE |0706 |1/2  |00100110 |14887
00|00|00|FE |0706 |2/2  |00100110 |14888


---------------
Opcode: C9
ll: 02
Instruction:CMP Addressing Mode:Immediate - Operand (Value: "0x02", Address: "None")
Instruction cycle count set to 2
A |X |Y |SP |PC   |T/MT |NV-BDIZC |CYCLE
----------------------------------------
00|00|00|FE |0708 |1/2  |10100100 |14889
00|00|00|FE |0708 |2/2  |10100100 |14890


---------------
Opcode: D0
ll: F8
Old PC: 070A Offset:-8 New PC: 0702
Instruction:BNE Addressing Mode:Relative - Operand (Value: "None", Address: "0x0702")
Instruction cycle count set to 2
A |X |Y |SP |PC   |T/MT |NV-BDIZC |CYCLE
----------------------------------------
00|00|00|FE |0702 |1/3  |10100100 |14891
00|00|00|FE |0702 |2/3  |10100100 |14892
00|00|00|FE |0702 |3/3  |10100100 |14893


---------------
Opcode: 8D
ll: 00 hh: A0
Instruction:STA Addressing Mode:Absolute - Operand (Value: "0x00", Address: "0xA000")
Writing value 0x00 to address: 0xA000
0xA000: 0x00
Instruction cycle count set to 4
A |X |Y |SP |PC   |T/MT |NV-BDIZC |CYCLE
----------------------------------------
00|00|00|FE |0705 |1/4  |10100100 |14894
00|00|00|FE |0705 |2/4  |10100100 |14895
00|00|00|FE |0705 |3/4  |10100100 |14896
00|00|00|FE |0705 |4/4  |10100100 |14897


---------------
Opcode: 4A
Instruction:LSR Addressing Mode:Accumulator - Operand (Value: "0x00", Address: "None")
Instruction cycle count set to 2
A |X |Y |SP |PC   |T/MT |NV-BDIZC |CYCLE
----------------------------------------
00|00|00|FE |0706 |1/2  |00100110 |14898
00|00|00|FE |0706 |2/2  |00100110 |14899


---------------
Opcode: C9
ll: 02
Instruction:CMP Addressing Mode:Immediate - Operand (Value: "0x02", Address: "None")
Instruction cycle count set to 2
A |X |Y |SP |PC   |T/MT |NV-BDIZC |CYCLE
----------------------------------------
00|00|00|FE |0708 |1/2  |10100100 |14900
00|00|00|FE |0708 |2/2  |10100100 |14901


---------------
Opcode: D0
ll: F8
Old PC: 070A Offset:-8 New PC: 0702
Instruction:BNE Addressing Mode:Relative - Operand (Value: "None", Address: "0x0702")
Instruction cycle count set to 2
A |X |Y |SP |PC   |T/MT |NV-BDIZC |CYCLE
----------------------------------------
00|00|00|FE |0702 |1/3  |10100100 |14902
00|00|00|FE |0702 |2/3  |10100100 |14903
00|00|00|FE |0702 |3/3  |10100100 |14904


---------------
Opcode: 8D
ll: 00 hh: A0
Instruction:STA Addressing Mode:Absolute - Operand (Value: "0x00", Address: "0xA000")
Writing value 0x00 to address: 0xA000
0xA000: 0x00
Instruction cycle count set to 4
A |X |Y |SP |PC   |T/MT |NV-BDIZC |CYCLE
----------------------------------------
00|00|00|FE |0705 |1/4  |10100100 |14905
00|00|00|FE |0705 |2/4  |10100100 |14906
00|00|00|FE |0705 |3/4  |10100100 |14907
00|00|00|FE |0705 |4/4  |10100100 |14908


---------------
Opcode: 4A
Instruction:LSR Addressing Mode:Accumulator - Operand (Value: "0x00", Address: "None")
Instruction cycle count set to 2
A |X |Y |SP |PC   |T/MT |NV-BDIZC |CYCLE
----------------------------------------
00|00|00|FE |0706 |1/2  |00100110 |14909
00|00|00|FE |0706 |2/2  |00100110 |14910


---------------
Opcode: C9
ll: 02
Instruction:CMP Addressing Mode:Immediate - Operand (Value: "0x02", Address: "None")
Instruction cycle count set to 2
A |X |Y |SP |PC   |T/MT |NV-BDIZC |CYCLE
----------------------------------------
00|00|00|FE |0708 |1/2  |10100100 |14911
00|00|00|FE |0708 |2/2  |10100100 |14912


---------------
Opcode: D0
ll: F8
Old PC: 070A Offset:-8 New PC: 0702
Instruction:BNE Addressing Mode:Relative - Operand (Value: "None", Address: "0x0702")
Instruction cycle count set to 2
A |X |Y |SP |PC   |T/MT |NV-BDIZC |CYCLE
----------------------------------------
00|00|00|FE |0702 |1/3  |10100100 |14913
00|00|00|FE |0702 |2/3  |10100100 |14914
00|00|00|FE |0702 |3/3  |10100100 |14915


---------------
Opcode: 8D
ll: 00 hh: A0
Instruction:STA Addressing Mode:Absolute - Operand (Value: "0x00", Address: "0xA000")
Writing value 0x00 to address: 0xA000
0xA000: 0x00
Instruction cycle count set to 4
A |X |Y |SP |PC   |T/MT |NV-BDIZC |CYCLE
----------------------------------------
00|00|00|FE |0705 |1/4  |10100100 |14916
00|00|00|FE |0705 |2/4  |10100100 |14917
00|00|00|FE |0705 |3/4  |10100100 |14918
00|00|00|FE |0705 |4/4  |10100100 |14919


---------------
Opcode: 4A
Instruction:LSR Addressing Mode:Accumulator - Operand (Value: "0x00", Address: "None")
Instruction cycle count set to 2
A |X |Y |SP |PC   |T/MT |NV-BDIZC |CYCLE
----------------------------------------
00|00|00|FE |0706 |1/2  |00100110 |14920
00|00|00|FE |0706 |2/2  |00100110 |14921


---------------
Opcode: C9
ll: 02
Instruction:CMP Addressing Mode:Immediate - Operand (Value: "0x02", Address: "None")
Instruction cycle count set to 2
A |X |Y |SP |PC   |T/MT |NV-BDIZC |CYCLE
----------------------------------------
00|00|00|FE |0708 |1/2  |10100100 |14922
00|00|00|FE |0708 |2/2  |10100100 |14923


---------------
Opcode: D0
ll: F8
Old PC: 070A Offset:-8 New PC: 0702
Instruction:BNE Addressing Mode:Relative - Operand (Value: "None", Address: "0x0702")
Instruction cycle count set to 2
A |X |Y |SP |PC   |T/MT |NV-BDIZC |CYCLE
----------------------------------------
00|00|00|FE |0702 |1/3  |10100100 |14924
00|00|00|FE |0702 |2/3  |10100100 |14925
00|00|00|FE |0702 |3/3  |10100100 |14926


---------------
Opcode: 8D
ll: 00 hh: A0
Instruction:STA Addressing Mode:Absolute - Operand (Value: "0x00", Address: "0xA000")
Writing value 0x00 to address: 0xA000
0xA000: 0x00
Instruction cycle count set to 4
A |X |Y |SP |PC   |T/MT |NV-BDIZC |CYCLE
----------------------------------------
00|00|00|FE |0705 |1/4  |10100100 |14927
00|00|00|FE |0705 |2/4  |10100100 |14928
00|00|00|FE |0705 |3/4  |10100100 |14929
00|00|00|FE |0705 |4/4  |10100100 |14930


---------------
Opcode: 4A
Instruction:LSR Addressing Mode:Accumulator - Operand (Value: "0x00", Address: "None")
Instruction cycle count set to 2
A |X |Y |SP |PC   |T/MT |NV-BDIZC |CYCLE
----------------------------------------
00|00|00|FE |0706 |1/2  |00100110 |14931
00|00|00|FE |0706 |2/2  |00100110 |14932


---------------
Opcode: C9
ll: 02
Instruction:CMP Addressing Mode:Immediate - Operand (Value: "0x02", Address: "None")
Instruction cycle count set to 2
A |X |Y |SP |PC   |T/MT |NV-BDIZC |CYCLE
----------------------------------------
00|00|00|FE |0708 |1/2  |10100100 |14933
00|00|00|FE |0708 |2/2  |10100100 |14934


---------------
Opcode: D0
ll: F8
Old PC: 070A Offset:-8 New PC: 0702
Instruction:BNE Addressing Mode:Relative - Operand (Value: "None", Address: "0x0702")
Instruction cycle count set to 2
A |X |Y |SP |PC   |T/MT |NV-BDIZC |CYCLE
----------------------------------------
00|00|00|FE |0702 |1/3  |10100100 |14935
00|00|00|FE |0702 |2/3  |10100100 |14936
00|00|00|FE |0702 |3/3  |10100100 |14937


---------------
Opcode: 8D
ll: 00 hh: A0
Instruction:STA Addressing Mode:Absolute - Operand (Value: "0x00", Address: "0xA000")
Writing value 0x00 to address: 0xA000
0xA000: 0x00
Instruction cycle count set to 4
A |X |Y |SP |PC   |T/MT |NV-BDIZC |CYCLE
----------------------------------------
00|00|00|FE |0705 |1/4  |10100100 |14938
00|00|00|FE |0705 |2/4  |10100100 |14939
00|00|00|FE |0705 |3/4  |10100100 |14940
00|00|00|FE |0705 |4/4  |10100100 |14941


---------------
Opcode: 4A
Instruction:LSR Addressing Mode:Accumulator - Operand (Value: "0x00", Address: "None")
Instruction cycle count set to 2
A |X |Y |SP |PC   |T/MT |NV-BDIZC |CYCLE
----------------------------------------
00|00|00|FE |0706 |1/2  |00100110 |14942
00|00|00|FE |0706 |2/2  |00100110 |14943


---------------
Opcode: C9
ll: 02
Instruction:CMP Addressing Mode:Immediate - Operand (Value: "0x02", Address: "None")
Instruction cycle count set to 2
A |X |Y |SP |PC   |T/MT |NV-BDIZC |CYCLE
----------------------------------------
00|00|00|FE |0708 |1/2  |10100100 |14944
00|00|00|FE |0708 |2/2  |10100100 |14945


---------------
Opcode: D0
ll: F8
Old PC: 070A Offset:-8 New PC: 0702
Instruction:BNE Addressing Mode:Relative - Operand (Value: "None", Address: "0x0702")
Instruction cycle count set to 2
A |X |Y |SP |PC   |T/MT |NV-BDIZC |CYCLE
----------------------------------------
00|00|00|FE |0702 |1/3  |10100100 |14946
00|00|00|FE |0702 |2/3  |10100100 |14947
00|00|00|FE |0702 |3/3  |10100100 |14948


---------------
Opcode: 8D
ll: 00 hh: A0
Instruction:STA Addressing Mode:Absolute - Operand (Value: "0x00", Address: "0xA000")
Writing value 0x00 to address: 0xA000
0xA000: 0x00
Instruction cycle count set to 4
A |X |Y |SP |PC   |T/MT |NV-BDIZC |CYCLE
----------------------------------------
00|00|00|FE |0705 |1/4  |10100100 |14949
00|00|00|FE |0705 |2/4  |10100100 |14950
00|00|00|FE |0705 |3/4  |10100100 |14951
00|00|00|FE |0705 |4/4  |10100100 |14952


---------------
Opcode: 4A
Instruction:LSR Addressing Mode:Accumulator - Operand (Value: "0x00", Address: "None")
Instruction cycle count set to 2
A |X |Y |SP |PC   |T/MT |NV-BDIZC |CYCLE
----------------------------------------
00|00|00|FE |0706 |1/2  |00100110 |14953
00|00|00|FE |0706 |2/2  |00100110 |14954


---------------
Opcode: C9
ll: 02
Instruction:CMP Addressing Mode:Immediate - Operand (Value: "0x02", Address: "None")
Instruction cycle count set to 2
A |X |Y |SP |PC   |T/MT |NV-BDIZC |CYCLE
----------------------------------------
00|00|00|FE |0708 |1/2  |10100100 |14955
00|00|00|FE |0708 |2/2  |10100100 |14956


---------------
Opcode: D0
ll: F8
Old PC: 070A Offset:-8 New PC: 0702
Instruction:BNE Addressing Mode:Relative - Operand (Value: "None", Address: "0x0702")
Instruction cycle count set to 2
A |X |Y |SP |PC   |T/MT |NV-BDIZC |CYCLE
----------------------------------------
00|00|00|FE |0702 |1/3  |10100100 |14957
00|00|00|FE |0702 |2/3  |10100100 |14958
00|00|00|FE |0702 |3/3  |10100100 |14959


---------------
Opcode: 8D
ll: 00 hh: A0
Instruction:STA Addressing Mode:Absolute - Operand (Value: "0x00", Address: "0xA000")
Writing value 0x00 to address: 0xA000
0xA000: 0x00
Instruction cycle count set to 4
A |X |Y |SP |PC   |T/MT |NV-BDIZC |CYCLE
----------------------------------------
00|00|00|FE |0705 |1/4  |10100100 |14960
00|00|00|FE |0705 |2/4  |10100100 |14961
00|00|00|FE |0705 |3/4  |10100100 |14962
00|00|00|FE |0705 |4/4  |10100100 |14963


---------------
Opcode: 4A
Instruction:LSR Addressing Mode:Accumulator - Operand (Value: "0x00", Address: "None")
Instruction cycle count set to 2
A |X |Y |SP |PC   |T/MT |NV-BDIZC |CYCLE
----------------------------------------
00|00|00|FE |0706 |1/2  |00100110 |14964
00|00|00|FE |0706 |2/2  |00100110 |14965


---------------
Opcode: C9
ll: 02
Instruction:CMP Addressing Mode:Immediate - Operand (Value: "0x02", Address: "None")
Instruction cycle count set to 2
A |X |Y |SP |PC   |T/MT |NV-BDIZC |CYCLE
----------------------------------------
00|00|00|FE |0708 |1/2  |10100100 |14966
00|00|00|FE |0708 |2/2  |10100100 |14967


---------------
Opcode: D0
ll: F8
Old PC: 070A Offset:-8 New PC: 0702
Instruction:BNE Addressing Mode:Relative - Operand (Value: "None", Address: "0x0702")
Instruction cycle count set to 2
A |X |Y |SP |PC   |T/MT |NV-BDIZC |CYCLE
----------------------------------------
00|00|00|FE |0702 |1/3  |10100100 |14968
00|00|00|FE |0702 |2/3  |10100100 |14969
00|00|00|FE |0702 |3/3  |10100100 |14970


---------------
Opcode: 8D
ll: 00 hh: A0
Instruction:STA Addressing Mode:Absolute - Operand (Value: "0x00", Address: "0xA000")
Writing value 0x00 to address: 0xA000
0xA000: 0x00
Instruction cycle count set to 4
A |X |Y |SP |PC   |T/MT |NV-BDIZC |CYCLE
----------------------------------------
00|00|00|FE |0705 |1/4  |10100100 |14971
00|00|00|FE |0705 |2/4  |10100100 |14972
00|00|00|FE |0705 |3/4  |10100100 |14973
00|00|00|FE |0705 |4/4  |10100100 |14974


---------------
Opcode: 4A
Instruction:LSR Addressing Mode:Accumulator - Operand (Value: "0x00", Address: "None")
Instruction cycle count set to 2
A |X |Y |SP |PC   |T/MT |NV-BDIZC |CYCLE
----------------------------------------
00|00|00|FE |0706 |1/2  |00100110 |14975
00|00|00|FE |0706 |2/2  |00100110 |14976


---------------
Opcode: C9
ll: 02
Instruction:CMP Addressing Mode:Immediate - Operand (Value: "0x02", Address: "None")
Instruction cycle count set to 2
A |X |Y |SP |PC   |T/MT |NV-BDIZC |CYCLE
----------------------------------------
00|00|00|FE |0708 |1/2  |10100100 |14977
00|00|00|FE |0708 |2/2  |10100100 |14978


---------------
Opcode: D0
ll: F8
Old PC: 070A Offset:-8 New PC: 0702
Instruction:BNE Addressing Mode:Relative - Operand (Value: "None", Address: "0x0702")
Instruction cycle count set to 2
A |X |Y |SP |PC   |T/MT |NV-BDIZC |CYCLE
----------------------------------------
00|00|00|FE |0702 |1/3  |10100100 |14979
00|00|00|FE |0702 |2/3  |10100100 |14980
00|00|00|FE |0702 |3/3  |10100100 |14981


---------------
Opcode: 8D
ll: 00 hh: A0
Instruction:STA Addressing Mode:Absolute - Operand (Value: "0x00", Address: "0xA000")
Writing value 0x00 to address: 0xA000
0xA000: 0x00
Instruction cycle count set to 4
A |X |Y |SP |PC   |T/MT |NV-BDIZC |CYCLE
----------------------------------------
00|00|00|FE |0705 |1/4  |10100100 |14982
00|00|00|FE |0705 |2/4  |10100100 |14983
00|00|00|FE |0705 |3/4  |10100100 |14984
00|00|00|FE |0705 |4/4  |10100100 |14985


---------------
Opcode: 4A
Instruction:LSR Addressing Mode:Accumulator - Operand (Value: "0x00", Address: "None")
Instruction cycle count set to 2
A |X |Y |SP |PC   |T/MT |NV-BDIZC |CYCLE
----------------------------------------
00|00|00|FE |0706 |1/2  |00100110 |14986
00|00|00|FE |0706 |2/2  |00100110 |14987


---------------
Opcode: C9
ll: 02
Instruction:CMP Addressing Mode:Immediate - Operand (Value: "0x02", Address: "None")
Instruction cycle count set to 2
A |X |Y |SP |PC   |T/MT |NV-BDIZC |CYCLE
----------------------------------------
00|00|00|FE |0708 |1/2  |10100100 |14988
00|00|00|FE |0708 |2/2  |10100100 |14989


---------------
Opcode: D0
ll: F8
Old PC: 070A Offset:-8 New PC: 0702
Instruction:BNE Addressing Mode:Relative - Operand (Value: "None", Address: "0x0702")
Instruction cycle count set to 2
A |X |Y |SP |PC   |T/MT |NV-BDIZC |CYCLE
----------------------------------------
00|00|00|FE |0702 |1/3  |10100100 |14990
00|00|00|FE |0702 |2/3  |10100100 |14991
00|00|00|FE |0702 |3/3  |10100100 |14992


---------------
Opcode: 8D
ll: 00 hh: A0
Instruction:STA Addressing Mode:Absolute - Operand (Value: "0x00", Address: "0xA000")
Writing value 0x00 to address: 0xA000
0xA000: 0x00
Instruction cycle count set to 4
A |X |Y |SP |PC   |T/MT |NV-BDIZC |CYCLE
----------------------------------------
00|00|00|FE |0705 |1/4  |10100100 |14993
00|00|00|FE |0705 |2/4  |10100100 |14994
00|00|00|FE |0705 |3/4  |10100100 |14995
00|00|00|FE |0705 |4/4  |10100100 |14996


---------------
Opcode: 4A
Instruction:LSR Addressing Mode:Accumulator - Operand (Value: "0x00", Address: "None")
Instruction cycle count set to 2
A |X |Y |SP |PC   |T/MT |NV-BDIZC |CYCLE
----------------------------------------
00|00|00|FE |0706 |1/2  |00100110 |14997
00|00|00|FE |0706 |2/2  |00100110 |14998
emulation behind by 1.182158807s. trying to catch up...


---------------
Opcode: C9
ll: 02
Instruction:CMP Addressing Mode:Immediate - Operand (Value: "0x02", Address: "None")
Instruction cycle count set to 2
A |X |Y |SP |PC   |T/MT |NV-BDIZC |CYCLE
----------------------------------------
00|00|00|FE |0708 |1/2  |10100100 |14999
00|00|00|FE |0708 |2/2  |10100100 |15000


---------------
Opcode: D0
ll: F8
Old PC: 070A Offset:-8 New PC: 0702
Instruction:BNE Addressing Mode:Relative - Operand (Value: "None", Address: "0x0702")
Instruction cycle count set to 2
A |X |Y |SP |PC   |T/MT |NV-BDIZC |CYCLE
----------------------------------------
00|00|00|FE |0702 |1/3  |10100100 |15001
00|00|00|FE |0702 |2/3  |10100100 |15002
00|00|00|FE |0702 |3/3  |10100100 |15003


---------------
Opcode: 8D
ll: 00 hh: A0
Instruction:STA Addressing Mode:Absolute - Operand (Value: "0x00", Address: "0xA000")
Writing value 0x00 to address: 0xA000
0xA000: 0x00
Instruction cycle count set to 4
A |X |Y |SP |PC   |T/MT |NV-BDIZC |CYCLE
----------------------------------------
00|00|00|FE |0705 |1/4  |10100100 |15004
00|00|00|FE |0705 |2/4  |10100100 |15005
00|00|00|FE |0705 |3/4  |10100100 |15006
00|00|00|FE |0705 |4/4  |10100100 |15007


---------------
Opcode: 4A
Instruction:LSR Addressing Mode:Accumulator - Operand (Value: "0x00", Address: "None")
Instruction cycle count set to 2
A |X |Y |SP |PC   |T/MT |NV-BDIZC |CYCLE
----------------------------------------
00|00|00|FE |0706 |1/2  |00100110 |15008
00|00|00|FE |0706 |2/2  |00100110 |15009


---------------
Opcode: C9
ll: 02
Instruction:CMP Addressing Mode:Immediate - Operand (Value: "0x02", Address: "None")
Instruction cycle count set to 2
A |X |Y |SP |PC   |T/MT |NV-BDIZC |CYCLE
----------------------------------------
00|00|00|FE |0708 |1/2  |10100100 |15010
00|00|00|FE |0708 |2/2  |10100100 |15011


---------------
Opcode: D0
ll: F8
Old PC: 070A Offset:-8 New PC: 0702
Instruction:BNE Addressing Mode:Relative - Operand (Value: "None", Address: "0x0702")
Instruction cycle count set to 2
A |X |Y |SP |PC   |T/MT |NV-BDIZC |CYCLE
----------------------------------------
00|00|00|FE |0702 |1/3  |10100100 |15012
00|00|00|FE |0702 |2/3  |10100100 |15013
00|00|00|FE |0702 |3/3  |10100100 |15014


---------------
Opcode: 8D
ll: 00 hh: A0
Instruction:STA Addressing Mode:Absolute - Operand (Value: "0x00", Address: "0xA000")
Writing value 0x00 to address: 0xA000
0xA000: 0x00
Instruction cycle count set to 4
A |X |Y |SP |PC   |T/MT |NV-BDIZC |CYCLE
----------------------------------------
00|00|00|FE |0705 |1/4  |10100100 |15015
00|00|00|FE |0705 |2/4  |10100100 |15016
00|00|00|FE |0705 |3/4  |10100100 |15017
00|00|00|FE |0705 |4/4  |10100100 |15018


---------------
Opcode: 4A
Instruction:LSR Addressing Mode:Accumulator - Operand (Value: "0x00", Address: "None")
Instruction cycle count set to 2
A |X |Y |SP |PC   |T/MT |NV-BDIZC |CYCLE
----------------------------------------
00|00|00|FE |0706 |1/2  |00100110 |15019
00|00|00|FE |0706 |2/2  |00100110 |15020


---------------
Opcode: C9
ll: 02
Instruction:CMP Addressing Mode:Immediate - Operand (Value: "0x02", Address: "None")
Instruction cycle count set to 2
A |X |Y |SP |PC   |T/MT |NV-BDIZC |CYCLE
----------------------------------------
00|00|00|FE |0708 |1/2  |10100100 |15021
00|00|00|FE |0708 |2/2  |10100100 |15022


---------------
Opcode: D0
ll: F8
Old PC: 070A Offset:-8 New PC: 0702
Instruction:BNE Addressing Mode:Relative - Operand (Value: "None", Address: "0x0702")
Instruction cycle count set to 2
A |X |Y |SP |PC   |T/MT |NV-BDIZC |CYCLE
----------------------------------------
00|00|00|FE |0702 |1/3  |10100100 |15023
00|00|00|FE |0702 |2/3  |10100100 |15024
00|00|00|FE |0702 |3/3  |10100100 |15025


---------------
Opcode: 8D
ll: 00 hh: A0
Instruction:STA Addressing Mode:Absolute - Operand (Value: "0x00", Address: "0xA000")
Writing value 0x00 to address: 0xA000
0xA000: 0x00
Instruction cycle count set to 4
A |X |Y |SP |PC   |T/MT |NV-BDIZC |CYCLE
----------------------------------------
00|00|00|FE |0705 |1/4  |10100100 |15026
00|00|00|FE |0705 |2/4  |10100100 |15027
00|00|00|FE |0705 |3/4  |10100100 |15028
00|00|00|FE |0705 |4/4  |10100100 |15029


---------------
Opcode: 4A
Instruction:LSR Addressing Mode:Accumulator - Operand (Value: "0x00", Address: "None")
Instruction cycle count set to 2
A |X |Y |SP |PC   |T/MT |NV-BDIZC |CYCLE
----------------------------------------
00|00|00|FE |0706 |1/2  |00100110 |15030
00|00|00|FE |0706 |2/2  |00100110 |15031


---------------
Opcode: C9
ll: 02
Instruction:CMP Addressing Mode:Immediate - Operand (Value: "0x02", Address: "None")
Instruction cycle count set to 2
A |X |Y |SP |PC   |T/MT |NV-BDIZC |CYCLE
----------------------------------------
00|00|00|FE |0708 |1/2  |10100100 |15032
00|00|00|FE |0708 |2/2  |10100100 |15033


---------------
Opcode: D0
ll: F8
Old PC: 070A Offset:-8 New PC: 0702
Instruction:BNE Addressing Mode:Relative - Operand (Value: "None", Address: "0x0702")
Instruction cycle count set to 2
A |X |Y |SP |PC   |T/MT |NV-BDIZC |CYCLE
----------------------------------------
00|00|00|FE |0702 |1/3  |10100100 |15034
00|00|00|FE |0702 |2/3  |10100100 |15035
00|00|00|FE |0702 |3/3  |10100100 |15036


---------------
Opcode: 8D
ll: 00 hh: A0
Instruction:STA Addressing Mode:Absolute - Operand (Value: "0x00", Address: "0xA000")
Writing value 0x00 to address: 0xA000
0xA000: 0x00
Instruction cycle count set to 4
A |X |Y |SP |PC   |T/MT |NV-BDIZC |CYCLE
----------------------------------------
00|00|00|FE |0705 |1/4  |10100100 |15037
00|00|00|FE |0705 |2/4  |10100100 |15038
00|00|00|FE |0705 |3/4  |10100100 |15039
00|00|00|FE |0705 |4/4  |10100100 |15040


---------------
Opcode: 4A
Instruction:LSR Addressing Mode:Accumulator - Operand (Value: "0x00", Address: "None")
Instruction cycle count set to 2
A |X |Y |SP |PC   |T/MT |NV-BDIZC |CYCLE
----------------------------------------
00|00|00|FE |0706 |1/2  |00100110 |15041
00|00|00|FE |0706 |2/2  |00100110 |15042


---------------
Opcode: C9
ll: 02
Instruction:CMP Addressing Mode:Immediate - Operand (Value: "0x02", Address: "None")
Instruction cycle count set to 2
A |X |Y |SP |PC   |T/MT |NV-BDIZC |CYCLE
----------------------------------------
00|00|00|FE |0708 |1/2  |10100100 |15043
00|00|00|FE |0708 |2/2  |10100100 |15044


---------------
Opcode: D0
ll: F8
Old PC: 070A Offset:-8 New PC: 0702
Instruction:BNE Addressing Mode:Relative - Operand (Value: "None", Address: "0x0702")
Instruction cycle count set to 2
A |X |Y |SP |PC   |T/MT |NV-BDIZC |CYCLE
----------------------------------------
00|00|00|FE |0702 |1/3  |10100100 |15045
00|00|00|FE |0702 |2/3  |10100100 |15046
00|00|00|FE |0702 |3/3  |10100100 |15047


---------------
Opcode: 8D
ll: 00 hh: A0
Instruction:STA Addressing Mode:Absolute - Operand (Value: "0x00", Address: "0xA000")
Writing value 0x00 to address: 0xA000
0xA000: 0x00
Instruction cycle count set to 4
A |X |Y |SP |PC   |T/MT |NV-BDIZC |CYCLE
----------------------------------------
00|00|00|FE |0705 |1/4  |10100100 |15048
00|00|00|FE |0705 |2/4  |10100100 |15049
00|00|00|FE |0705 |3/4  |10100100 |15050
00|00|00|FE |0705 |4/4  |10100100 |15051


---------------
Opcode: 4A
Instruction:LSR Addressing Mode:Accumulator - Operand (Value: "0x00", Address: "None")
Instruction cycle count set to 2
A |X |Y |SP |PC   |T/MT |NV-BDIZC |CYCLE
----------------------------------------
00|00|00|FE |0706 |1/2  |00100110 |15052
00|00|00|FE |0706 |2/2  |00100110 |15053


---------------
Opcode: C9
ll: 02
Instruction:CMP Addressing Mode:Immediate - Operand (Value: "0x02", Address: "None")
Instruction cycle count set to 2
A |X |Y |SP |PC   |T/MT |NV-BDIZC |CYCLE
----------------------------------------
00|00|00|FE |0708 |1/2  |10100100 |15054
00|00|00|FE |0708 |2/2  |10100100 |15055


---------------
Opcode: D0
ll: F8
Old PC: 070A Offset:-8 New PC: 0702
Instruction:BNE Addressing Mode:Relative - Operand (Value: "None", Address: "0x0702")
Instruction cycle count set to 2
A |X |Y |SP |PC   |T/MT |NV-BDIZC |CYCLE
----------------------------------------
00|00|00|FE |0702 |1/3  |10100100 |15056
00|00|00|FE |0702 |2/3  |10100100 |15057
00|00|00|FE |0702 |3/3  |10100100 |15058


---------------
Opcode: 8D
ll: 00 hh: A0
Instruction:STA Addressing Mode:Absolute - Operand (Value: "0x00", Address: "0xA000")
Writing value 0x00 to address: 0xA000
0xA000: 0x00
Instruction cycle count set to 4
A |X |Y |SP |PC   |T/MT |NV-BDIZC |CYCLE
----------------------------------------
00|00|00|FE |0705 |1/4  |10100100 |15059
00|00|00|FE |0705 |2/4  |10100100 |15060
00|00|00|FE |0705 |3/4  |10100100 |15061
00|00|00|FE |0705 |4/4  |10100100 |15062


---------------
Opcode: 4A
Instruction:LSR Addressing Mode:Accumulator - Operand (Value: "0x00", Address: "None")
Instruction cycle count set to 2
A |X |Y |SP |PC   |T/MT |NV-BDIZC |CYCLE
----------------------------------------
00|00|00|FE |0706 |1/2  |00100110 |15063
00|00|00|FE |0706 |2/2  |00100110 |15064


---------------
Opcode: C9
ll: 02
Instruction:CMP Addressing Mode:Immediate - Operand (Value: "0x02", Address: "None")
Instruction cycle count set to 2
A |X |Y |SP |PC   |T/MT |NV-BDIZC |CYCLE
----------------------------------------
00|00|00|FE |0708 |1/2  |10100100 |15065
00|00|00|FE |0708 |2/2  |10100100 |15066


---------------
Opcode: D0
ll: F8
Old PC: 070A Offset:-8 New PC: 0702
Instruction:BNE Addressing Mode:Relative - Operand (Value: "None", Address: "0x0702")
Instruction cycle count set to 2
A |X |Y |SP |PC   |T/MT |NV-BDIZC |CYCLE
----------------------------------------
00|00|00|FE |0702 |1/3  |10100100 |15067
00|00|00|FE |0702 |2/3  |10100100 |15068
00|00|00|FE |0702 |3/3  |10100100 |15069


---------------
Opcode: 8D
ll: 00 hh: A0
Instruction:STA Addressing Mode:Absolute - Operand (Value: "0x00", Address: "0xA000")
Writing value 0x00 to address: 0xA000
0xA000: 0x00
Instruction cycle count set to 4
A |X |Y |SP |PC   |T/MT |NV-BDIZC |CYCLE
----------------------------------------
00|00|00|FE |0705 |1/4  |10100100 |15070
00|00|00|FE |0705 |2/4  |10100100 |15071
00|00|00|FE |0705 |3/4  |10100100 |15072
00|00|00|FE |0705 |4/4  |10100100 |15073


---------------
Opcode: 4A
Instruction:LSR Addressing Mode:Accumulator - Operand (Value: "0x00", Address: "None")
Instruction cycle count set to 2
A |X |Y |SP |PC   |T/MT |NV-BDIZC |CYCLE
----------------------------------------
00|00|00|FE |0706 |1/2  |00100110 |15074
00|00|00|FE |0706 |2/2  |00100110 |15075


---------------
Opcode: C9
ll: 02
Instruction:CMP Addressing Mode:Immediate - Operand (Value: "0x02", Address: "None")
Instruction cycle count set to 2
A |X |Y |SP |PC   |T/MT |NV-BDIZC |CYCLE
----------------------------------------
00|00|00|FE |0708 |1/2  |10100100 |15076
00|00|00|FE |0708 |2/2  |10100100 |15077


---------------
Opcode: D0
ll: F8
Old PC: 070A Offset:-8 New PC: 0702
Instruction:BNE Addressing Mode:Relative - Operand (Value: "None", Address: "0x0702")
Instruction cycle count set to 2
A |X |Y |SP |PC   |T/MT |NV-BDIZC |CYCLE
----------------------------------------
00|00|00|FE |0702 |1/3  |10100100 |15078
00|00|00|FE |0702 |2/3  |10100100 |15079
00|00|00|FE |0702 |3/3  |10100100 |15080


---------------
Opcode: 8D
ll: 00 hh: A0
Instruction:STA Addressing Mode:Absolute - Operand (Value: "0x00", Address: "0xA000")
Writing value 0x00 to address: 0xA000
0xA000: 0x00
Instruction cycle count set to 4
A |X |Y |SP |PC   |T/MT |NV-BDIZC |CYCLE
----------------------------------------
00|00|00|FE |0705 |1/4  |10100100 |15081
00|00|00|FE |0705 |2/4  |10100100 |15082
00|00|00|FE |0705 |3/4  |10100100 |15083
00|00|00|FE |0705 |4/4  |10100100 |15084


---------------
Opcode: 4A
Instruction:LSR Addressing Mode:Accumulator - Operand (Value: "0x00", Address: "None")
Instruction cycle count set to 2
A |X |Y |SP |PC   |T/MT |NV-BDIZC |CYCLE
----------------------------------------
00|00|00|FE |0706 |1/2  |00100110 |15085
00|00|00|FE |0706 |2/2  |00100110 |15086


---------------
Opcode: C9
ll: 02
Instruction:CMP Addressing Mode:Immediate - Operand (Value: "0x02", Address: "None")
Instruction cycle count set to 2
A |X |Y |SP |PC   |T/MT |NV-BDIZC |CYCLE
----------------------------------------
00|00|00|FE |0708 |1/2  |10100100 |15087
00|00|00|FE |0708 |2/2  |10100100 |15088


---------------
Opcode: D0
ll: F8
Old PC: 070A Offset:-8 New PC: 0702
Instruction:BNE Addressing Mode:Relative - Operand (Value: "None", Address: "0x0702")
Instruction cycle count set to 2
A |X |Y |SP |PC   |T/MT |NV-BDIZC |CYCLE
----------------------------------------
00|00|00|FE |0702 |1/3  |10100100 |15089
00|00|00|FE |0702 |2/3  |10100100 |15090
00|00|00|FE |0702 |3/3  |10100100 |15091


---------------
Opcode: 8D
ll: 00 hh: A0
Instruction:STA Addressing Mode:Absolute - Operand (Value: "0x00", Address: "0xA000")
Writing value 0x00 to address: 0xA000
0xA000: 0x00
Instruction cycle count set to 4
A |X |Y |SP |PC   |T/MT |NV-BDIZC |CYCLE
----------------------------------------
00|00|00|FE |0705 |1/4  |10100100 |15092
00|00|00|FE |0705 |2/4  |10100100 |15093
00|00|00|FE |0705 |3/4  |10100100 |15094
00|00|00|FE |0705 |4/4  |10100100 |15095


---------------
Opcode: 4A
Instruction:LSR Addressing Mode:Accumulator - Operand (Value: "0x00", Address: "None")
Instruction cycle count set to 2
A |X |Y |SP |PC   |T/MT |NV-BDIZC |CYCLE
----------------------------------------
00|00|00|FE |0706 |1/2  |00100110 |15096
00|00|00|FE |0706 |2/2  |00100110 |15097


---------------
Opcode: C9
ll: 02
Instruction:CMP Addressing Mode:Immediate - Operand (Value: "0x02", Address: "None")
Instruction cycle count set to 2
A |X |Y |SP |PC   |T/MT |NV-BDIZC |CYCLE
----------------------------------------
00|00|00|FE |0708 |1/2  |10100100 |15098
00|00|00|FE |0708 |2/2  |10100100 |15099


---------------
Opcode: D0
ll: F8
Old PC: 070A Offset:-8 New PC: 0702
Instruction:BNE Addressing Mode:Relative - Operand (Value: "None", Address: "0x0702")
Instruction cycle count set to 2
A |X |Y |SP |PC   |T/MT |NV-BDIZC |CYCLE
----------------------------------------
00|00|00|FE |0702 |1/3  |10100100 |15100
00|00|00|FE |0702 |2/3  |10100100 |15101
00|00|00|FE |0702 |3/3  |10100100 |15102


---------------
Opcode: 8D
ll: 00 hh: A0
Instruction:STA Addressing Mode:Absolute - Operand (Value: "0x00", Address: "0xA000")
Writing value 0x00 to address: 0xA000
0xA000: 0x00
Instruction cycle count set to 4
A |X |Y |SP |PC   |T/MT |NV-BDIZC |CYCLE
----------------------------------------
00|00|00|FE |0705 |1/4  |10100100 |15103
00|00|00|FE |0705 |2/4  |10100100 |15104
00|00|00|FE |0705 |3/4  |10100100 |15105
00|00|00|FE |0705 |4/4  |10100100 |15106


---------------
Opcode: 4A
Instruction:LSR Addressing Mode:Accumulator - Operand (Value: "0x00", Address: "None")
Instruction cycle count set to 2
A |X |Y |SP |PC   |T/MT |NV-BDIZC |CYCLE
----------------------------------------
00|00|00|FE |0706 |1/2  |00100110 |15107
00|00|00|FE |0706 |2/2  |00100110 |15108


---------------
Opcode: C9
ll: 02
Instruction:CMP Addressing Mode:Immediate - Operand (Value: "0x02", Address: "None")
Instruction cycle count set to 2
A |X |Y |SP |PC   |T/MT |NV-BDIZC |CYCLE
----------------------------------------
00|00|00|FE |0708 |1/2  |10100100 |15109
00|00|00|FE |0708 |2/2  |10100100 |15110


---------------
Opcode: D0
ll: F8
Old PC: 070A Offset:-8 New PC: 0702
Instruction:BNE Addressing Mode:Relative - Operand (Value: "None", Address: "0x0702")
Instruction cycle count set to 2
A |X |Y |SP |PC   |T/MT |NV-BDIZC |CYCLE
----------------------------------------
00|00|00|FE |0702 |1/3  |10100100 |15111
00|00|00|FE |0702 |2/3  |10100100 |15112
00|00|00|FE |0702 |3/3  |10100100 |15113


---------------
Opcode: 8D
ll: 00 hh: A0
Instruction:STA Addressing Mode:Absolute - Operand (Value: "0x00", Address: "0xA000")
Writing value 0x00 to address: 0xA000
0xA000: 0x00
Instruction cycle count set to 4
A |X |Y |SP |PC   |T/MT |NV-BDIZC |CYCLE
----------------------------------------
00|00|00|FE |0705 |1/4  |10100100 |15114
00|00|00|FE |0705 |2/4  |10100100 |15115
00|00|00|FE |0705 |3/4  |10100100 |15116
00|00|00|FE |0705 |4/4  |10100100 |15117


---------------
Opcode: 4A
Instruction:LSR Addressing Mode:Accumulator - Operand (Value: "0x00", Address: "None")
Instruction cycle count set to 2
A |X |Y |SP |PC   |T/MT |NV-BDIZC |CYCLE
----------------------------------------
00|00|00|FE |0706 |1/2  |00100110 |15118
00|00|00|FE |0706 |2/2  |00100110 |15119


---------------
Opcode: C9
ll: 02
Instruction:CMP Addressing Mode:Immediate - Operand (Value: "0x02", Address: "None")
Instruction cycle count set to 2
A |X |Y |SP |PC   |T/MT |NV-BDIZC |CYCLE
----------------------------------------
00|00|00|FE |0708 |1/2  |10100100 |15120
00|00|00|FE |0708 |2/2  |10100100 |15121


---------------
Opcode: D0
ll: F8
Old PC: 070A Offset:-8 New PC: 0702
Instruction:BNE Addressing Mode:Relative - Operand (Value: "None", Address: "0x0702")
Instruction cycle count set to 2
A |X |Y |SP |PC   |T/MT |NV-BDIZC |CYCLE
----------------------------------------
00|00|00|FE |0702 |1/3  |10100100 |15122
00|00|00|FE |0702 |2/3  |10100100 |15123
00|00|00|FE |0702 |3/3  |10100100 |15124


---------------
Opcode: 8D
ll: 00 hh: A0
Instruction:STA Addressing Mode:Absolute - Operand (Value: "0x00", Address: "0xA000")
Writing value 0x00 to address: 0xA000
0xA000: 0x00
Instruction cycle count set to 4
A |X |Y |SP |PC   |T/MT |NV-BDIZC |CYCLE
----------------------------------------
00|00|00|FE |0705 |1/4  |10100100 |15125
00|00|00|FE |0705 |2/4  |10100100 |15126
00|00|00|FE |0705 |3/4  |10100100 |15127
00|00|00|FE |0705 |4/4  |10100100 |15128


---------------
Opcode: 4A
Instruction:LSR Addressing Mode:Accumulator - Operand (Value: "0x00", Address: "None")
Instruction cycle count set to 2
A |X |Y |SP |PC   |T/MT |NV-BDIZC |CYCLE
----------------------------------------
00|00|00|FE |0706 |1/2  |00100110 |15129
00|00|00|FE |0706 |2/2  |00100110 |15130


---------------
Opcode: C9
ll: 02
Instruction:CMP Addressing Mode:Immediate - Operand (Value: "0x02", Address: "None")
Instruction cycle count set to 2
A |X |Y |SP |PC   |T/MT |NV-BDIZC |CYCLE
----------------------------------------
00|00|00|FE |0708 |1/2  |10100100 |15131
00|00|00|FE |0708 |2/2  |10100100 |15132


---------------
Opcode: D0
ll: F8
Old PC: 070A Offset:-8 New PC: 0702
Instruction:BNE Addressing Mode:Relative - Operand (Value: "None", Address: "0x0702")
Instruction cycle count set to 2
A |X |Y |SP |PC   |T/MT |NV-BDIZC |CYCLE
----------------------------------------
00|00|00|FE |0702 |1/3  |10100100 |15133
00|00|00|FE |0702 |2/3  |10100100 |15134
00|00|00|FE |0702 |3/3  |10100100 |15135


---------------
Opcode: 8D
ll: 00 hh: A0
Instruction:STA Addressing Mode:Absolute - Operand (Value: "0x00", Address: "0xA000")
Writing value 0x00 to address: 0xA000
0xA000: 0x00
Instruction cycle count set to 4
A |X |Y |SP |PC   |T/MT |NV-BDIZC |CYCLE
----------------------------------------
00|00|00|FE |0705 |1/4  |10100100 |15136
00|00|00|FE |0705 |2/4  |10100100 |15137
00|00|00|FE |0705 |3/4  |10100100 |15138
00|00|00|FE |0705 |4/4  |10100100 |15139


---------------
Opcode: 4A
Instruction:LSR Addressing Mode:Accumulator - Operand (Value: "0x00", Address: "None")
Instruction cycle count set to 2
A |X |Y |SP |PC   |T/MT |NV-BDIZC |CYCLE
----------------------------------------
00|00|00|FE |0706 |1/2  |00100110 |15140
00|00|00|FE |0706 |2/2  |00100110 |15141


---------------
Opcode: C9
ll: 02
Instruction:CMP Addressing Mode:Immediate - Operand (Value: "0x02", Address: "None")
Instruction cycle count set to 2
A |X |Y |SP |PC   |T/MT |NV-BDIZC |CYCLE
----------------------------------------
00|00|00|FE |0708 |1/2  |10100100 |15142
00|00|00|FE |0708 |2/2  |10100100 |15143


---------------
Opcode: D0
ll: F8
Old PC: 070A Offset:-8 New PC: 0702
Instruction:BNE Addressing Mode:Relative - Operand (Value: "None", Address: "0x0702")
Instruction cycle count set to 2
A |X |Y |SP |PC   |T/MT |NV-BDIZC |CYCLE
----------------------------------------
00|00|00|FE |0702 |1/3  |10100100 |15144
00|00|00|FE |0702 |2/3  |10100100 |15145
00|00|00|FE |0702 |3/3  |10100100 |15146


---------------
Opcode: 8D
ll: 00 hh: A0
Instruction:STA Addressing Mode:Absolute - Operand (Value: "0x00", Address: "0xA000")
Writing value 0x00 to address: 0xA000
0xA000: 0x00
Instruction cycle count set to 4
A |X |Y |SP |PC   |T/MT |NV-BDIZC |CYCLE
----------------------------------------
00|00|00|FE |0705 |1/4  |10100100 |15147
00|00|00|FE |0705 |2/4  |10100100 |15148
00|00|00|FE |0705 |3/4  |10100100 |15149
00|00|00|FE |0705 |4/4  |10100100 |15150


---------------
Opcode: 4A
Instruction:LSR Addressing Mode:Accumulator - Operand (Value: "0x00", Address: "None")
Instruction cycle count set to 2
A |X |Y |SP |PC   |T/MT |NV-BDIZC |CYCLE
----------------------------------------
00|00|00|FE |0706 |1/2  |00100110 |15151
00|00|00|FE |0706 |2/2  |00100110 |15152


---------------
Opcode: C9
ll: 02
Instruction:CMP Addressing Mode:Immediate - Operand (Value: "0x02", Address: "None")
Instruction cycle count set to 2
A |X |Y |SP |PC   |T/MT |NV-BDIZC |CYCLE
----------------------------------------
00|00|00|FE |0708 |1/2  |10100100 |15153
00|00|00|FE |0708 |2/2  |10100100 |15154


---------------
Opcode: D0
ll: F8
Old PC: 070A Offset:-8 New PC: 0702
Instruction:BNE Addressing Mode:Relative - Operand (Value: "None", Address: "0x0702")
Instruction cycle count set to 2
A |X |Y |SP |PC   |T/MT |NV-BDIZC |CYCLE
----------------------------------------
00|00|00|FE |0702 |1/3  |10100100 |15155
00|00|00|FE |0702 |2/3  |10100100 |15156
00|00|00|FE |0702 |3/3  |10100100 |15157


---------------
Opcode: 8D
ll: 00 hh: A0
Instruction:STA Addressing Mode:Absolute - Operand (Value: "0x00", Address: "0xA000")
Writing value 0x00 to address: 0xA000
0xA000: 0x00
Instruction cycle count set to 4
A |X |Y |SP |PC   |T/MT |NV-BDIZC |CYCLE
----------------------------------------
00|00|00|FE |0705 |1/4  |10100100 |15158
00|00|00|FE |0705 |2/4  |10100100 |15159
00|00|00|FE |0705 |3/4  |10100100 |15160
00|00|00|FE |0705 |4/4  |10100100 |15161


---------------
Opcode: 4A
Instruction:LSR Addressing Mode:Accumulator - Operand (Value: "0x00", Address: "None")
Instruction cycle count set to 2
A |X |Y |SP |PC   |T/MT |NV-BDIZC |CYCLE
----------------------------------------
00|00|00|FE |0706 |1/2  |00100110 |15162
00|00|00|FE |0706 |2/2  |00100110 |15163


---------------
Opcode: C9
ll: 02
Instruction:CMP Addressing Mode:Immediate - Operand (Value: "0x02", Address: "None")
Instruction cycle count set to 2
A |X |Y |SP |PC   |T/MT |NV-BDIZC |CYCLE
----------------------------------------
00|00|00|FE |0708 |1/2  |10100100 |15164
00|00|00|FE |0708 |2/2  |10100100 |15165


---------------
Opcode: D0
ll: F8
Old PC: 070A Offset:-8 New PC: 0702
Instruction:BNE Addressing Mode:Relative - Operand (Value: "None", Address: "0x0702")
Instruction cycle count set to 2
A |X |Y |SP |PC   |T/MT |NV-BDIZC |CYCLE
----------------------------------------
00|00|00|FE |0702 |1/3  |10100100 |15166
00|00|00|FE |0702 |2/3  |10100100 |15167
00|00|00|FE |0702 |3/3  |10100100 |15168


---------------
Opcode: 8D
ll: 00 hh: A0
Instruction:STA Addressing Mode:Absolute - Operand (Value: "0x00", Address: "0xA000")
Writing value 0x00 to address: 0xA000
0xA000: 0x00
Instruction cycle count set to 4
A |X |Y |SP |PC   |T/MT |NV-BDIZC |CYCLE
----------------------------------------
00|00|00|FE |0705 |1/4  |10100100 |15169
00|00|00|FE |0705 |2/4  |10100100 |15170
00|00|00|FE |0705 |3/4  |10100100 |15171
00|00|00|FE |0705 |4/4  |10100100 |15172


---------------
Opcode: 4A
Instruction:LSR Addressing Mode:Accumulator - Operand (Value: "0x00", Address: "None")
Instruction cycle count set to 2
A |X |Y |SP |PC   |T/MT |NV-BDIZC |CYCLE
----------------------------------------
00|00|00|FE |0706 |1/2  |00100110 |15173
00|00|00|FE |0706 |2/2  |00100110 |15174


---------------
Opcode: C9
ll: 02
Instruction:CMP Addressing Mode:Immediate - Operand (Value: "0x02", Address: "None")
Instruction cycle count set to 2
A |X |Y |SP |PC   |T/MT |NV-BDIZC |CYCLE
----------------------------------------
00|00|00|FE |0708 |1/2  |10100100 |15175
00|00|00|FE |0708 |2/2  |10100100 |15176


---------------
Opcode: D0
ll: F8
Old PC: 070A Offset:-8 New PC: 0702
Instruction:BNE Addressing Mode:Relative - Operand (Value: "None", Address: "0x0702")
Instruction cycle count set to 2
A |X |Y |SP |PC   |T/MT |NV-BDIZC |CYCLE
----------------------------------------
00|00|00|FE |0702 |1/3  |10100100 |15177
00|00|00|FE |0702 |2/3  |10100100 |15178
00|00|00|FE |0702 |3/3  |10100100 |15179


---------------
Opcode: 8D
ll: 00 hh: A0
Instruction:STA Addressing Mode:Absolute - Operand (Value: "0x00", Address: "0xA000")
Writing value 0x00 to address: 0xA000
0xA000: 0x00
Instruction cycle count set to 4
A |X |Y |SP |PC   |T/MT |NV-BDIZC |CYCLE
----------------------------------------
00|00|00|FE |0705 |1/4  |10100100 |15180
00|00|00|FE |0705 |2/4  |10100100 |15181
00|00|00|FE |0705 |3/4  |10100100 |15182
00|00|00|FE |0705 |4/4  |10100100 |15183


---------------
Opcode: 4A
Instruction:LSR Addressing Mode:Accumulator - Operand (Value: "0x00", Address: "None")
Instruction cycle count set to 2
A |X |Y |SP |PC   |T/MT |NV-BDIZC |CYCLE
----------------------------------------
00|00|00|FE |0706 |1/2  |00100110 |15184
00|00|00|FE |0706 |2/2  |00100110 |15185


---------------
Opcode: C9
ll: 02
Instruction:CMP Addressing Mode:Immediate - Operand (Value: "0x02", Address: "None")
Instruction cycle count set to 2
A |X |Y |SP |PC   |T/MT |NV-BDIZC |CYCLE
----------------------------------------
00|00|00|FE |0708 |1/2  |10100100 |15186
00|00|00|FE |0708 |2/2  |10100100 |15187


---------------
Opcode: D0
ll: F8
Old PC: 070A Offset:-8 New PC: 0702
Instruction:BNE Addressing Mode:Relative - Operand (Value: "None", Address: "0x0702")
Instruction cycle count set to 2
A |X |Y |SP |PC   |T/MT |NV-BDIZC |CYCLE
----------------------------------------
00|00|00|FE |0702 |1/3  |10100100 |15188
00|00|00|FE |0702 |2/3  |10100100 |15189
00|00|00|FE |0702 |3/3  |10100100 |15190


---------------
Opcode: 8D
ll: 00 hh: A0
Instruction:STA Addressing Mode:Absolute - Operand (Value: "0x00", Address: "0xA000")
Writing value 0x00 to address: 0xA000
0xA000: 0x00
Instruction cycle count set to 4
A |X |Y |SP |PC   |T/MT |NV-BDIZC |CYCLE
----------------------------------------
00|00|00|FE |0705 |1/4  |10100100 |15191
00|00|00|FE |0705 |2/4  |10100100 |15192
00|00|00|FE |0705 |3/4  |10100100 |15193
00|00|00|FE |0705 |4/4  |10100100 |15194


---------------
Opcode: 4A
Instruction:LSR Addressing Mode:Accumulator - Operand (Value: "0x00", Address: "None")
Instruction cycle count set to 2
A |X |Y |SP |PC   |T/MT |NV-BDIZC |CYCLE
----------------------------------------
00|00|00|FE |0706 |1/2  |00100110 |15195
00|00|00|FE |0706 |2/2  |00100110 |15196


---------------
Opcode: C9
ll: 02
Instruction:CMP Addressing Mode:Immediate - Operand (Value: "0x02", Address: "None")
Instruction cycle count set to 2
A |X |Y |SP |PC   |T/MT |NV-BDIZC |CYCLE
----------------------------------------
00|00|00|FE |0708 |1/2  |10100100 |15197
00|00|00|FE |0708 |2/2  |10100100 |15198


---------------
Opcode: D0
ll: F8
Old PC: 070A Offset:-8 New PC: 0702
Instruction:BNE Addressing Mode:Relative - Operand (Value: "None", Address: "0x0702")
Instruction cycle count set to 2
A |X |Y |SP |PC   |T/MT |NV-BDIZC |CYCLE
----------------------------------------
00|00|00|FE |0702 |1/3  |10100100 |15199
00|00|00|FE |0702 |2/3  |10100100 |15200
00|00|00|FE |0702 |3/3  |10100100 |15201


---------------
Opcode: 8D
ll: 00 hh: A0
Instruction:STA Addressing Mode:Absolute - Operand (Value: "0x00", Address: "0xA000")
Writing value 0x00 to address: 0xA000
0xA000: 0x00
Instruction cycle count set to 4
A |X |Y |SP |PC   |T/MT |NV-BDIZC |CYCLE
----------------------------------------
00|00|00|FE |0705 |1/4  |10100100 |15202
00|00|00|FE |0705 |2/4  |10100100 |15203
00|00|00|FE |0705 |3/4  |10100100 |15204
00|00|00|FE |0705 |4/4  |10100100 |15205


---------------
Opcode: 4A
Instruction:LSR Addressing Mode:Accumulator - Operand (Value: "0x00", Address: "None")
Instruction cycle count set to 2
A |X |Y |SP |PC   |T/MT |NV-BDIZC |CYCLE
----------------------------------------
00|00|00|FE |0706 |1/2  |00100110 |15206
00|00|00|FE |0706 |2/2  |00100110 |15207


---------------
Opcode: C9
ll: 02
Instruction:CMP Addressing Mode:Immediate - Operand (Value: "0x02", Address: "None")
Instruction cycle count set to 2
A |X |Y |SP |PC   |T/MT |NV-BDIZC |CYCLE
----------------------------------------
00|00|00|FE |0708 |1/2  |10100100 |15208
00|00|00|FE |0708 |2/2  |10100100 |15209


---------------
Opcode: D0
ll: F8
Old PC: 070A Offset:-8 New PC: 0702
Instruction:BNE Addressing Mode:Relative - Operand (Value: "None", Address: "0x0702")
Instruction cycle count set to 2
A |X |Y |SP |PC   |T/MT |NV-BDIZC |CYCLE
----------------------------------------
00|00|00|FE |0702 |1/3  |10100100 |15210
00|00|00|FE |0702 |2/3  |10100100 |15211
00|00|00|FE |0702 |3/3  |10100100 |15212


---------------
Opcode: 8D
ll: 00 hh: A0
Instruction:STA Addressing Mode:Absolute - Operand (Value: "0x00", Address: "0xA000")
Writing value 0x00 to address: 0xA000
0xA000: 0x00
Instruction cycle count set to 4
A |X |Y |SP |PC   |T/MT |NV-BDIZC |CYCLE
----------------------------------------
00|00|00|FE |0705 |1/4  |10100100 |15213
00|00|00|FE |0705 |2/4  |10100100 |15214
00|00|00|FE |0705 |3/4  |10100100 |15215
00|00|00|FE |0705 |4/4  |10100100 |15216


---------------
Opcode: 4A
Instruction:LSR Addressing Mode:Accumulator - Operand (Value: "0x00", Address: "None")
Instruction cycle count set to 2
A |X |Y |SP |PC   |T/MT |NV-BDIZC |CYCLE
----------------------------------------
00|00|00|FE |0706 |1/2  |00100110 |15217
00|00|00|FE |0706 |2/2  |00100110 |15218


---------------
Opcode: C9
ll: 02
Instruction:CMP Addressing Mode:Immediate - Operand (Value: "0x02", Address: "None")
Instruction cycle count set to 2
A |X |Y |SP |PC   |T/MT |NV-BDIZC |CYCLE
----------------------------------------
00|00|00|FE |0708 |1/2  |10100100 |15219
00|00|00|FE |0708 |2/2  |10100100 |15220


---------------
Opcode: D0
ll: F8
Old PC: 070A Offset:-8 New PC: 0702
Instruction:BNE Addressing Mode:Relative - Operand (Value: "None", Address: "0x0702")
Instruction cycle count set to 2
A |X |Y |SP |PC   |T/MT |NV-BDIZC |CYCLE
----------------------------------------
00|00|00|FE |0702 |1/3  |10100100 |15221
00|00|00|FE |0702 |2/3  |10100100 |15222
00|00|00|FE |0702 |3/3  |10100100 |15223


---------------
Opcode: 8D
ll: 00 hh: A0
Instruction:STA Addressing Mode:Absolute - Operand (Value: "0x00", Address: "0xA000")
Writing value 0x00 to address: 0xA000
0xA000: 0x00
Instruction cycle count set to 4
A |X |Y |SP |PC   |T/MT |NV-BDIZC |CYCLE
----------------------------------------
00|00|00|FE |0705 |1/4  |10100100 |15224
00|00|00|FE |0705 |2/4  |10100100 |15225
00|00|00|FE |0705 |3/4  |10100100 |15226
00|00|00|FE |0705 |4/4  |10100100 |15227


---------------
Opcode: 4A
Instruction:LSR Addressing Mode:Accumulator - Operand (Value: "0x00", Address: "None")
Instruction cycle count set to 2
A |X |Y |SP |PC   |T/MT |NV-BDIZC |CYCLE
----------------------------------------
00|00|00|FE |0706 |1/2  |00100110 |15228
00|00|00|FE |0706 |2/2  |00100110 |15229


---------------
Opcode: C9
ll: 02
Instruction:CMP Addressing Mode:Immediate - Operand (Value: "0x02", Address: "None")
Instruction cycle count set to 2
A |X |Y |SP |PC   |T/MT |NV-BDIZC |CYCLE
----------------------------------------
00|00|00|FE |0708 |1/2  |10100100 |15230
00|00|00|FE |0708 |2/2  |10100100 |15231


---------------
Opcode: D0
ll: F8
Old PC: 070A Offset:-8 New PC: 0702
Instruction:BNE Addressing Mode:Relative - Operand (Value: "None", Address: "0x0702")
Instruction cycle count set to 2
A |X |Y |SP |PC   |T/MT |NV-BDIZC |CYCLE
----------------------------------------
00|00|00|FE |0702 |1/3  |10100100 |15232
00|00|00|FE |0702 |2/3  |10100100 |15233
00|00|00|FE |0702 |3/3  |10100100 |15234


---------------
Opcode: 8D
ll: 00 hh: A0
Instruction:STA Addressing Mode:Absolute - Operand (Value: "0x00", Address: "0xA000")
Writing value 0x00 to address: 0xA000
0xA000: 0x00
Instruction cycle count set to 4
A |X |Y |SP |PC   |T/MT |NV-BDIZC |CYCLE
----------------------------------------
00|00|00|FE |0705 |1/4  |10100100 |15235
00|00|00|FE |0705 |2/4  |10100100 |15236
00|00|00|FE |0705 |3/4  |10100100 |15237
00|00|00|FE |0705 |4/4  |10100100 |15238


---------------
Opcode: 4A
Instruction:LSR Addressing Mode:Accumulator - Operand (Value: "0x00", Address: "None")
Instruction cycle count set to 2
A |X |Y |SP |PC   |T/MT |NV-BDIZC |CYCLE
----------------------------------------
00|00|00|FE |0706 |1/2  |00100110 |15239
00|00|00|FE |0706 |2/2  |00100110 |15240


---------------
Opcode: C9
ll: 02
Instruction:CMP Addressing Mode:Immediate - Operand (Value: "0x02", Address: "None")
Instruction cycle count set to 2
A |X |Y |SP |PC   |T/MT |NV-BDIZC |CYCLE
----------------------------------------
00|00|00|FE |0708 |1/2  |10100100 |15241
00|00|00|FE |0708 |2/2  |10100100 |15242


---------------
Opcode: D0
ll: F8
Old PC: 070A Offset:-8 New PC: 0702
Instruction:BNE Addressing Mode:Relative - Operand (Value: "None", Address: "0x0702")
Instruction cycle count set to 2
A |X |Y |SP |PC   |T/MT |NV-BDIZC |CYCLE
----------------------------------------
00|00|00|FE |0702 |1/3  |10100100 |15243
00|00|00|FE |0702 |2/3  |10100100 |15244
00|00|00|FE |0702 |3/3  |10100100 |15245


---------------
Opcode: 8D
ll: 00 hh: A0
Instruction:STA Addressing Mode:Absolute - Operand (Value: "0x00", Address: "0xA000")
Writing value 0x00 to address: 0xA000
0xA000: 0x00
Instruction cycle count set to 4
A |X |Y |SP |PC   |T/MT |NV-BDIZC |CYCLE
----------------------------------------
00|00|00|FE |0705 |1/4  |10100100 |15246
00|00|00|FE |0705 |2/4  |10100100 |15247
00|00|00|FE |0705 |3/4  |10100100 |15248
00|00|00|FE |0705 |4/4  |10100100 |15249


---------------
Opcode: 4A
Instruction:LSR Addressing Mode:Accumulator - Operand (Value: "0x00", Address: "None")
Instruction cycle count set to 2
A |X |Y |SP |PC   |T/MT |NV-BDIZC |CYCLE
----------------------------------------
00|00|00|FE |0706 |1/2  |00100110 |15250
00|00|00|FE |0706 |2/2  |00100110 |15251


---------------
Opcode: C9
ll: 02
Instruction:CMP Addressing Mode:Immediate - Operand (Value: "0x02", Address: "None")
Instruction cycle count set to 2
A |X |Y |SP |PC   |T/MT |NV-BDIZC |CYCLE
----------------------------------------
00|00|00|FE |0708 |1/2  |10100100 |15252
00|00|00|FE |0708 |2/2  |10100100 |15253


---------------
Opcode: D0
ll: F8
Old PC: 070A Offset:-8 New PC: 0702
Instruction:BNE Addressing Mode:Relative - Operand (Value: "None", Address: "0x0702")
Instruction cycle count set to 2
A |X |Y |SP |PC   |T/MT |NV-BDIZC |CYCLE
----------------------------------------
00|00|00|FE |0702 |1/3  |10100100 |15254
00|00|00|FE |0702 |2/3  |10100100 |15255
00|00|00|FE |0702 |3/3  |10100100 |15256


---------------
Opcode: 8D
ll: 00 hh: A0
Instruction:STA Addressing Mode:Absolute - Operand (Value: "0x00", Address: "0xA000")
Writing value 0x00 to address: 0xA000
0xA000: 0x00
Instruction cycle count set to 4
A |X |Y |SP |PC   |T/MT |NV-BDIZC |CYCLE
----------------------------------------
00|00|00|FE |0705 |1/4  |10100100 |15257
00|00|00|FE |0705 |2/4  |10100100 |15258
00|00|00|FE |0705 |3/4  |10100100 |15259
00|00|00|FE |0705 |4/4  |10100100 |15260


---------------
Opcode: 4A
Instruction:LSR Addressing Mode:Accumulator - Operand (Value: "0x00", Address: "None")
Instruction cycle count set to 2
A |X |Y |SP |PC   |T/MT |NV-BDIZC |CYCLE
----------------------------------------
00|00|00|FE |0706 |1/2  |00100110 |15261
00|00|00|FE |0706 |2/2  |00100110 |15262


---------------
Opcode: C9
ll: 02
Instruction:CMP Addressing Mode:Immediate - Operand (Value: "0x02", Address: "None")
Instruction cycle count set to 2
A |X |Y |SP |PC   |T/MT |NV-BDIZC |CYCLE
----------------------------------------
00|00|00|FE |0708 |1/2  |10100100 |15263
00|00|00|FE |0708 |2/2  |10100100 |15264


---------------
Opcode: D0
ll: F8
Old PC: 070A Offset:-8 New PC: 0702
Instruction:BNE Addressing Mode:Relative - Operand (Value: "None", Address: "0x0702")
Instruction cycle count set to 2
A |X |Y |SP |PC   |T/MT |NV-BDIZC |CYCLE
----------------------------------------
00|00|00|FE |0702 |1/3  |10100100 |15265
00|00|00|FE |0702 |2/3  |10100100 |15266
00|00|00|FE |0702 |3/3  |10100100 |15267


---------------
Opcode: 8D
ll: 00 hh: A0
Instruction:STA Addressing Mode:Absolute - Operand (Value: "0x00", Address: "0xA000")
Writing value 0x00 to address: 0xA000
0xA000: 0x00
Instruction cycle count set to 4
A |X |Y |SP |PC   |T/MT |NV-BDIZC |CYCLE
----------------------------------------
00|00|00|FE |0705 |1/4  |10100100 |15268
00|00|00|FE |0705 |2/4  |10100100 |15269
00|00|00|FE |0705 |3/4  |10100100 |15270
00|00|00|FE |0705 |4/4  |10100100 |15271


---------------
Opcode: 4A
Instruction:LSR Addressing Mode:Accumulator - Operand (Value: "0x00", Address: "None")
Instruction cycle count set to 2
A |X |Y |SP |PC   |T/MT |NV-BDIZC |CYCLE
----------------------------------------
00|00|00|FE |0706 |1/2  |00100110 |15272
00|00|00|FE |0706 |2/2  |00100110 |15273


---------------
Opcode: C9
ll: 02
Instruction:CMP Addressing Mode:Immediate - Operand (Value: "0x02", Address: "None")
Instruction cycle count set to 2
A |X |Y |SP |PC   |T/MT |NV-BDIZC |CYCLE
----------------------------------------
00|00|00|FE |0708 |1/2  |10100100 |15274
00|00|00|FE |0708 |2/2  |10100100 |15275


---------------
Opcode: D0
ll: F8
Old PC: 070A Offset:-8 New PC: 0702
Instruction:BNE Addressing Mode:Relative - Operand (Value: "None", Address: "0x0702")
Instruction cycle count set to 2
A |X |Y |SP |PC   |T/MT |NV-BDIZC |CYCLE
----------------------------------------
00|00|00|FE |0702 |1/3  |10100100 |15276
00|00|00|FE |0702 |2/3  |10100100 |15277
00|00|00|FE |0702 |3/3  |10100100 |15278


---------------
Opcode: 8D
ll: 00 hh: A0
Instruction:STA Addressing Mode:Absolute - Operand (Value: "0x00", Address: "0xA000")
Writing value 0x00 to address: 0xA000
0xA000: 0x00
Instruction cycle count set to 4
A |X |Y |SP |PC   |T/MT |NV-BDIZC |CYCLE
----------------------------------------
00|00|00|FE |0705 |1/4  |10100100 |15279
00|00|00|FE |0705 |2/4  |10100100 |15280
00|00|00|FE |0705 |3/4  |10100100 |15281
00|00|00|FE |0705 |4/4  |10100100 |15282


---------------
Opcode: 4A
Instruction:LSR Addressing Mode:Accumulator - Operand (Value: "0x00", Address: "None")
Instruction cycle count set to 2
A |X |Y |SP |PC   |T/MT |NV-BDIZC |CYCLE
----------------------------------------
00|00|00|FE |0706 |1/2  |00100110 |15283
00|00|00|FE |0706 |2/2  |00100110 |15284


---------------
Opcode: C9
ll: 02
Instruction:CMP Addressing Mode:Immediate - Operand (Value: "0x02", Address: "None")
Instruction cycle count set to 2
A |X |Y |SP |PC   |T/MT |NV-BDIZC |CYCLE
----------------------------------------
00|00|00|FE |0708 |1/2  |10100100 |15285
00|00|00|FE |0708 |2/2  |10100100 |15286


---------------
Opcode: D0
ll: F8
Old PC: 070A Offset:-8 New PC: 0702
Instruction:BNE Addressing Mode:Relative - Operand (Value: "None", Address: "0x0702")
Instruction cycle count set to 2
A |X |Y |SP |PC   |T/MT |NV-BDIZC |CYCLE
----------------------------------------
00|00|00|FE |0702 |1/3  |10100100 |15287
00|00|00|FE |0702 |2/3  |10100100 |15288
00|00|00|FE |0702 |3/3  |10100100 |15289


---------------
Opcode: 8D
ll: 00 hh: A0
Instruction:STA Addressing Mode:Absolute - Operand (Value: "0x00", Address: "0xA000")
Writing value 0x00 to address: 0xA000
0xA000: 0x00
Instruction cycle count set to 4
A |X |Y |SP |PC   |T/MT |NV-BDIZC |CYCLE
----------------------------------------
00|00|00|FE |0705 |1/4  |10100100 |15290
00|00|00|FE |0705 |2/4  |10100100 |15291
00|00|00|FE |0705 |3/4  |10100100 |15292
00|00|00|FE |0705 |4/4  |10100100 |15293


---------------
Opcode: 4A
Instruction:LSR Addressing Mode:Accumulator - Operand (Value: "0x00", Address: "None")
Instruction cycle count set to 2
A |X |Y |SP |PC   |T/MT |NV-BDIZC |CYCLE
----------------------------------------
00|00|00|FE |0706 |1/2  |00100110 |15294
00|00|00|FE |0706 |2/2  |00100110 |15295


---------------
Opcode: C9
ll: 02
Instruction:CMP Addressing Mode:Immediate - Operand (Value: "0x02", Address: "None")
Instruction cycle count set to 2
A |X |Y |SP |PC   |T/MT |NV-BDIZC |CYCLE
----------------------------------------
00|00|00|FE |0708 |1/2  |10100100 |15296
00|00|00|FE |0708 |2/2  |10100100 |15297


---------------
Opcode: D0
ll: F8
Old PC: 070A Offset:-8 New PC: 0702
Instruction:BNE Addressing Mode:Relative - Operand (Value: "None", Address: "0x0702")
Instruction cycle count set to 2
A |X |Y |SP |PC   |T/MT |NV-BDIZC |CYCLE
----------------------------------------
00|00|00|FE |0702 |1/3  |10100100 |15298
00|00|00|FE |0702 |2/3  |10100100 |15299
00|00|00|FE |0702 |3/3  |10100100 |15300


---------------
Opcode: 8D
ll: 00 hh: A0
Instruction:STA Addressing Mode:Absolute - Operand (Value: "0x00", Address: "0xA000")
Writing value 0x00 to address: 0xA000
0xA000: 0x00
Instruction cycle count set to 4
A |X |Y |SP |PC   |T/MT |NV-BDIZC |CYCLE
----------------------------------------
00|00|00|FE |0705 |1/4  |10100100 |15301
00|00|00|FE |0705 |2/4  |10100100 |15302
00|00|00|FE |0705 |3/4  |10100100 |15303
00|00|00|FE |0705 |4/4  |10100100 |15304


---------------
Opcode: 4A
Instruction:LSR Addressing Mode:Accumulator - Operand (Value: "0x00", Address: "None")
Instruction cycle count set to 2
A |X |Y |SP |PC   |T/MT |NV-BDIZC |CYCLE
----------------------------------------
00|00|00|FE |0706 |1/2  |00100110 |15305
00|00|00|FE |0706 |2/2  |00100110 |15306


---------------
Opcode: C9
ll: 02
Instruction:CMP Addressing Mode:Immediate - Operand (Value: "0x02", Address: "None")
Instruction cycle count set to 2
A |X |Y |SP |PC   |T/MT |NV-BDIZC |CYCLE
----------------------------------------
00|00|00|FE |0708 |1/2  |10100100 |15307
00|00|00|FE |0708 |2/2  |10100100 |15308


---------------
Opcode: D0
ll: F8
Old PC: 070A Offset:-8 New PC: 0702
Instruction:BNE Addressing Mode:Relative - Operand (Value: "None", Address: "0x0702")
Instruction cycle count set to 2
A |X |Y |SP |PC   |T/MT |NV-BDIZC |CYCLE
----------------------------------------
00|00|00|FE |0702 |1/3  |10100100 |15309
00|00|00|FE |0702 |2/3  |10100100 |15310
00|00|00|FE |0702 |3/3  |10100100 |15311


---------------
Opcode: 8D
ll: 00 hh: A0
Instruction:STA Addressing Mode:Absolute - Operand (Value: "0x00", Address: "0xA000")
Writing value 0x00 to address: 0xA000
0xA000: 0x00
Instruction cycle count set to 4
A |X |Y |SP |PC   |T/MT |NV-BDIZC |CYCLE
----------------------------------------
00|00|00|FE |0705 |1/4  |10100100 |15312
00|00|00|FE |0705 |2/4  |10100100 |15313
00|00|00|FE |0705 |3/4  |10100100 |15314
00|00|00|FE |0705 |4/4  |10100100 |15315


---------------
Opcode: 4A
Instruction:LSR Addressing Mode:Accumulator - Operand (Value: "0x00", Address: "None")
Instruction cycle count set to 2
A |X |Y |SP |PC   |T/MT |NV-BDIZC |CYCLE
----------------------------------------
00|00|00|FE |0706 |1/2  |00100110 |15316
00|00|00|FE |0706 |2/2  |00100110 |15317


---------------
Opcode: C9
ll: 02
Instruction:CMP Addressing Mode:Immediate - Operand (Value: "0x02", Address: "None")
Instruction cycle count set to 2
A |X |Y |SP |PC   |T/MT |NV-BDIZC |CYCLE
----------------------------------------
00|00|00|FE |0708 |1/2  |10100100 |15318
00|00|00|FE |0708 |2/2  |10100100 |15319


---------------
Opcode: D0
ll: F8
Old PC: 070A Offset:-8 New PC: 0702
Instruction:BNE Addressing Mode:Relative - Operand (Value: "None", Address: "0x0702")
Instruction cycle count set to 2
A |X |Y |SP |PC   |T/MT |NV-BDIZC |CYCLE
----------------------------------------
00|00|00|FE |0702 |1/3  |10100100 |15320
00|00|00|FE |0702 |2/3  |10100100 |15321
00|00|00|FE |0702 |3/3  |10100100 |15322


---------------
Opcode: 8D
ll: 00 hh: A0
Instruction:STA Addressing Mode:Absolute - Operand (Value: "0x00", Address: "0xA000")
Writing value 0x00 to address: 0xA000
0xA000: 0x00
Instruction cycle count set to 4
A |X |Y |SP |PC   |T/MT |NV-BDIZC |CYCLE
----------------------------------------
00|00|00|FE |0705 |1/4  |10100100 |15323
00|00|00|FE |0705 |2/4  |10100100 |15324
00|00|00|FE |0705 |3/4  |10100100 |15325
00|00|00|FE |0705 |4/4  |10100100 |15326


---------------
Opcode: 4A
Instruction:LSR Addressing Mode:Accumulator - Operand (Value: "0x00", Address: "None")
Instruction cycle count set to 2
A |X |Y |SP |PC   |T/MT |NV-BDIZC |CYCLE
----------------------------------------
00|00|00|FE |0706 |1/2  |00100110 |15327
00|00|00|FE |0706 |2/2  |00100110 |15328


---------------
Opcode: C9
ll: 02
Instruction:CMP Addressing Mode:Immediate - Operand (Value: "0x02", Address: "None")
Instruction cycle count set to 2
A |X |Y |SP |PC   |T/MT |NV-BDIZC |CYCLE
----------------------------------------
00|00|00|FE |0708 |1/2  |10100100 |15329
00|00|00|FE |0708 |2/2  |10100100 |15330


---------------
Opcode: D0
ll: F8
Old PC: 070A Offset:-8 New PC: 0702
Instruction:BNE Addressing Mode:Relative - Operand (Value: "None", Address: "0x0702")
Instruction cycle count set to 2
A |X |Y |SP |PC   |T/MT |NV-BDIZC |CYCLE
----------------------------------------
00|00|00|FE |0702 |1/3  |10100100 |15331
00|00|00|FE |0702 |2/3  |10100100 |15332
00|00|00|FE |0702 |3/3  |10100100 |15333


---------------
Opcode: 8D
ll: 00 hh: A0
Instruction:STA Addressing Mode:Absolute - Operand (Value: "0x00", Address: "0xA000")
Writing value 0x00 to address: 0xA000
0xA000: 0x00
Instruction cycle count set to 4
A |X |Y |SP |PC   |T/MT |NV-BDIZC |CYCLE
----------------------------------------
00|00|00|FE |0705 |1/4  |10100100 |15334
00|00|00|FE |0705 |2/4  |10100100 |15335
00|00|00|FE |0705 |3/4  |10100100 |15336
00|00|00|FE |0705 |4/4  |10100100 |15337


---------------
Opcode: 4A
Instruction:LSR Addressing Mode:Accumulator - Operand (Value: "0x00", Address: "None")
Instruction cycle count set to 2
A |X |Y |SP |PC   |T/MT |NV-BDIZC |CYCLE
----------------------------------------
00|00|00|FE |0706 |1/2  |00100110 |15338
00|00|00|FE |0706 |2/2  |00100110 |15339


---------------
Opcode: C9
ll: 02
Instruction:CMP Addressing Mode:Immediate - Operand (Value: "0x02", Address: "None")
Instruction cycle count set to 2
A |X |Y |SP |PC   |T/MT |NV-BDIZC |CYCLE
----------------------------------------
00|00|00|FE |0708 |1/2  |10100100 |15340
00|00|00|FE |0708 |2/2  |10100100 |15341


---------------
Opcode: D0
ll: F8
Old PC: 070A Offset:-8 New PC: 0702
Instruction:BNE Addressing Mode:Relative - Operand (Value: "None", Address: "0x0702")
Instruction cycle count set to 2
A |X |Y |SP |PC   |T/MT |NV-BDIZC |CYCLE
----------------------------------------
00|00|00|FE |0702 |1/3  |10100100 |15342
00|00|00|FE |0702 |2/3  |10100100 |15343
00|00|00|FE |0702 |3/3  |10100100 |15344


---------------
Opcode: 8D
ll: 00 hh: A0
Instruction:STA Addressing Mode:Absolute - Operand (Value: "0x00", Address: "0xA000")
Writing value 0x00 to address: 0xA000
0xA000: 0x00
Instruction cycle count set to 4
A |X |Y |SP |PC   |T/MT |NV-BDIZC |CYCLE
----------------------------------------
00|00|00|FE |0705 |1/4  |10100100 |15345
00|00|00|FE |0705 |2/4  |10100100 |15346
00|00|00|FE |0705 |3/4  |10100100 |15347
00|00|00|FE |0705 |4/4  |10100100 |15348


---------------
Opcode: 4A
Instruction:LSR Addressing Mode:Accumulator - Operand (Value: "0x00", Address: "None")
Instruction cycle count set to 2
A |X |Y |SP |PC   |T/MT |NV-BDIZC |CYCLE
----------------------------------------
00|00|00|FE |0706 |1/2  |00100110 |15349
00|00|00|FE |0706 |2/2  |00100110 |15350


---------------
Opcode: C9
ll: 02
Instruction:CMP Addressing Mode:Immediate - Operand (Value: "0x02", Address: "None")
Instruction cycle count set to 2
A |X |Y |SP |PC   |T/MT |NV-BDIZC |CYCLE
----------------------------------------
00|00|00|FE |0708 |1/2  |10100100 |15351
00|00|00|FE |0708 |2/2  |10100100 |15352


---------------
Opcode: D0
ll: F8
Old PC: 070A Offset:-8 New PC: 0702
Instruction:BNE Addressing Mode:Relative - Operand (Value: "None", Address: "0x0702")
Instruction cycle count set to 2
A |X |Y |SP |PC   |T/MT |NV-BDIZC |CYCLE
----------------------------------------
00|00|00|FE |0702 |1/3  |10100100 |15353
00|00|00|FE |0702 |2/3  |10100100 |15354
00|00|00|FE |0702 |3/3  |10100100 |15355


---------------
Opcode: 8D
ll: 00 hh: A0
Instruction:STA Addressing Mode:Absolute - Operand (Value: "0x00", Address: "0xA000")
Writing value 0x00 to address: 0xA000
0xA000: 0x00
Instruction cycle count set to 4
A |X |Y |SP |PC   |T/MT |NV-BDIZC |CYCLE
----------------------------------------
00|00|00|FE |0705 |1/4  |10100100 |15356
00|00|00|FE |0705 |2/4  |10100100 |15357
00|00|00|FE |0705 |3/4  |10100100 |15358
00|00|00|FE |0705 |4/4  |10100100 |15359


---------------
Opcode: 4A
Instruction:LSR Addressing Mode:Accumulator - Operand (Value: "0x00", Address: "None")
Instruction cycle count set to 2
A |X |Y |SP |PC   |T/MT |NV-BDIZC |CYCLE
----------------------------------------
00|00|00|FE |0706 |1/2  |00100110 |15360
00|00|00|FE |0706 |2/2  |00100110 |15361


---------------
Opcode: C9
ll: 02
Instruction:CMP Addressing Mode:Immediate - Operand (Value: "0x02", Address: "None")
Instruction cycle count set to 2
A |X |Y |SP |PC   |T/MT |NV-BDIZC |CYCLE
----------------------------------------
00|00|00|FE |0708 |1/2  |10100100 |15362
00|00|00|FE |0708 |2/2  |10100100 |15363


---------------
Opcode: D0
ll: F8
Old PC: 070A Offset:-8 New PC: 0702
Instruction:BNE Addressing Mode:Relative - Operand (Value: "None", Address: "0x0702")
Instruction cycle count set to 2
A |X |Y |SP |PC   |T/MT |NV-BDIZC |CYCLE
----------------------------------------
00|00|00|FE |0702 |1/3  |10100100 |15364
00|00|00|FE |0702 |2/3  |10100100 |15365
00|00|00|FE |0702 |3/3  |10100100 |15366


---------------
Opcode: 8D
ll: 00 hh: A0
Instruction:STA Addressing Mode:Absolute - Operand (Value: "0x00", Address: "0xA000")
Writing value 0x00 to address: 0xA000
0xA000: 0x00
Instruction cycle count set to 4
A |X |Y |SP |PC   |T/MT |NV-BDIZC |CYCLE
----------------------------------------
00|00|00|FE |0705 |1/4  |10100100 |15367
00|00|00|FE |0705 |2/4  |10100100 |15368
00|00|00|FE |0705 |3/4  |10100100 |15369
00|00|00|FE |0705 |4/4  |10100100 |15370


---------------
Opcode: 4A
Instruction:LSR Addressing Mode:Accumulator - Operand (Value: "0x00", Address: "None")
Instruction cycle count set to 2
A |X |Y |SP |PC   |T/MT |NV-BDIZC |CYCLE
----------------------------------------
00|00|00|FE |0706 |1/2  |00100110 |15371
00|00|00|FE |0706 |2/2  |00100110 |15372


---------------
Opcode: C9
ll: 02
Instruction:CMP Addressing Mode:Immediate - Operand (Value: "0x02", Address: "None")
Instruction cycle count set to 2
A |X |Y |SP |PC   |T/MT |NV-BDIZC |CYCLE
----------------------------------------
00|00|00|FE |0708 |1/2  |10100100 |15373
00|00|00|FE |0708 |2/2  |10100100 |15374


---------------
Opcode: D0
ll: F8
Old PC: 070A Offset:-8 New PC: 0702
Instruction:BNE Addressing Mode:Relative - Operand (Value: "None", Address: "0x0702")
Instruction cycle count set to 2
A |X |Y |SP |PC   |T/MT |NV-BDIZC |CYCLE
----------------------------------------
00|00|00|FE |0702 |1/3  |10100100 |15375
00|00|00|FE |0702 |2/3  |10100100 |15376
00|00|00|FE |0702 |3/3  |10100100 |15377


---------------
Opcode: 8D
ll: 00 hh: A0
Instruction:STA Addressing Mode:Absolute - Operand (Value: "0x00", Address: "0xA000")
Writing value 0x00 to address: 0xA000
0xA000: 0x00
Instruction cycle count set to 4
A |X |Y |SP |PC   |T/MT |NV-BDIZC |CYCLE
----------------------------------------
00|00|00|FE |0705 |1/4  |10100100 |15378
00|00|00|FE |0705 |2/4  |10100100 |15379
00|00|00|FE |0705 |3/4  |10100100 |15380
00|00|00|FE |0705 |4/4  |10100100 |15381


---------------
Opcode: 4A
Instruction:LSR Addressing Mode:Accumulator - Operand (Value: "0x00", Address: "None")
Instruction cycle count set to 2
A |X |Y |SP |PC   |T/MT |NV-BDIZC |CYCLE
----------------------------------------
00|00|00|FE |0706 |1/2  |00100110 |15382
00|00|00|FE |0706 |2/2  |00100110 |15383


---------------
Opcode: C9
ll: 02
Instruction:CMP Addressing Mode:Immediate - Operand (Value: "0x02", Address: "None")
Instruction cycle count set to 2
A |X |Y |SP |PC   |T/MT |NV-BDIZC |CYCLE
----------------------------------------
00|00|00|FE |0708 |1/2  |10100100 |15384
00|00|00|FE |0708 |2/2  |10100100 |15385


---------------
Opcode: D0
ll: F8
Old PC: 070A Offset:-8 New PC: 0702
Instruction:BNE Addressing Mode:Relative - Operand (Value: "None", Address: "0x0702")
Instruction cycle count set to 2
A |X |Y |SP |PC   |T/MT |NV-BDIZC |CYCLE
----------------------------------------
00|00|00|FE |0702 |1/3  |10100100 |15386
00|00|00|FE |0702 |2/3  |10100100 |15387
00|00|00|FE |0702 |3/3  |10100100 |15388


---------------
Opcode: 8D
ll: 00 hh: A0
Instruction:STA Addressing Mode:Absolute - Operand (Value: "0x00", Address: "0xA000")
Writing value 0x00 to address: 0xA000
0xA000: 0x00
Instruction cycle count set to 4
A |X |Y |SP |PC   |T/MT |NV-BDIZC |CYCLE
----------------------------------------
00|00|00|FE |0705 |1/4  |10100100 |15389
00|00|00|FE |0705 |2/4  |10100100 |15390
00|00|00|FE |0705 |3/4  |10100100 |15391
00|00|00|FE |0705 |4/4  |10100100 |15392


---------------
Opcode: 4A
Instruction:LSR Addressing Mode:Accumulator - Operand (Value: "0x00", Address: "None")
Instruction cycle count set to 2
A |X |Y |SP |PC   |T/MT |NV-BDIZC |CYCLE
----------------------------------------
00|00|00|FE |0706 |1/2  |00100110 |15393
00|00|00|FE |0706 |2/2  |00100110 |15394


---------------
Opcode: C9
ll: 02
Instruction:CMP Addressing Mode:Immediate - Operand (Value: "0x02", Address: "None")
Instruction cycle count set to 2
A |X |Y |SP |PC   |T/MT |NV-BDIZC |CYCLE
----------------------------------------
00|00|00|FE |0708 |1/2  |10100100 |15395
00|00|00|FE |0708 |2/2  |10100100 |15396


---------------
Opcode: D0
ll: F8
Old PC: 070A Offset:-8 New PC: 0702
Instruction:BNE Addressing Mode:Relative - Operand (Value: "None", Address: "0x0702")
Instruction cycle count set to 2
A |X |Y |SP |PC   |T/MT |NV-BDIZC |CYCLE
----------------------------------------
00|00|00|FE |0702 |1/3  |10100100 |15397
00|00|00|FE |0702 |2/3  |10100100 |15398
00|00|00|FE |0702 |3/3  |10100100 |15399


---------------
Opcode: 8D
ll: 00 hh: A0
Instruction:STA Addressing Mode:Absolute - Operand (Value: "0x00", Address: "0xA000")
Writing value 0x00 to address: 0xA000
0xA000: 0x00
Instruction cycle count set to 4
A |X |Y |SP |PC   |T/MT |NV-BDIZC |CYCLE
----------------------------------------
00|00|00|FE |0705 |1/4  |10100100 |15400
00|00|00|FE |0705 |2/4  |10100100 |15401
00|00|00|FE |0705 |3/4  |10100100 |15402
00|00|00|FE |0705 |4/4  |10100100 |15403


---------------
Opcode: 4A
Instruction:LSR Addressing Mode:Accumulator - Operand (Value: "0x00", Address: "None")
Instruction cycle count set to 2
A |X |Y |SP |PC   |T/MT |NV-BDIZC |CYCLE
----------------------------------------
00|00|00|FE |0706 |1/2  |00100110 |15404
00|00|00|FE |0706 |2/2  |00100110 |15405


---------------
Opcode: C9
ll: 02
Instruction:CMP Addressing Mode:Immediate - Operand (Value: "0x02", Address: "None")
Instruction cycle count set to 2
A |X |Y |SP |PC   |T/MT |NV-BDIZC |CYCLE
----------------------------------------
00|00|00|FE |0708 |1/2  |10100100 |15406
00|00|00|FE |0708 |2/2  |10100100 |15407


---------------
Opcode: D0
ll: F8
Old PC: 070A Offset:-8 New PC: 0702
Instruction:BNE Addressing Mode:Relative - Operand (Value: "None", Address: "0x0702")
Instruction cycle count set to 2
A |X |Y |SP |PC   |T/MT |NV-BDIZC |CYCLE
----------------------------------------
00|00|00|FE |0702 |1/3  |10100100 |15408
00|00|00|FE |0702 |2/3  |10100100 |15409
00|00|00|FE |0702 |3/3  |10100100 |15410


---------------
Opcode: 8D
ll: 00 hh: A0
Instruction:STA Addressing Mode:Absolute - Operand (Value: "0x00", Address: "0xA000")
Writing value 0x00 to address: 0xA000
0xA000: 0x00
Instruction cycle count set to 4
A |X |Y |SP |PC   |T/MT |NV-BDIZC |CYCLE
----------------------------------------
00|00|00|FE |0705 |1/4  |10100100 |15411
00|00|00|FE |0705 |2/4  |10100100 |15412
00|00|00|FE |0705 |3/4  |10100100 |15413
00|00|00|FE |0705 |4/4  |10100100 |15414


---------------
Opcode: 4A
Instruction:LSR Addressing Mode:Accumulator - Operand (Value: "0x00", Address: "None")
Instruction cycle count set to 2
A |X |Y |SP |PC   |T/MT |NV-BDIZC |CYCLE
----------------------------------------
00|00|00|FE |0706 |1/2  |00100110 |15415
00|00|00|FE |0706 |2/2  |00100110 |15416


---------------
Opcode: C9
ll: 02
Instruction:CMP Addressing Mode:Immediate - Operand (Value: "0x02", Address: "None")
Instruction cycle count set to 2
A |X |Y |SP |PC   |T/MT |NV-BDIZC |CYCLE
----------------------------------------
00|00|00|FE |0708 |1/2  |10100100 |15417
00|00|00|FE |0708 |2/2  |10100100 |15418


---------------
Opcode: D0
ll: F8
Old PC: 070A Offset:-8 New PC: 0702
Instruction:BNE Addressing Mode:Relative - Operand (Value: "None", Address: "0x0702")
Instruction cycle count set to 2
A |X |Y |SP |PC   |T/MT |NV-BDIZC |CYCLE
----------------------------------------
00|00|00|FE |0702 |1/3  |10100100 |15419
00|00|00|FE |0702 |2/3  |10100100 |15420
00|00|00|FE |0702 |3/3  |10100100 |15421


---------------
Opcode: 8D
ll: 00 hh: A0
Instruction:STA Addressing Mode:Absolute - Operand (Value: "0x00", Address: "0xA000")
Writing value 0x00 to address: 0xA000
0xA000: 0x00
Instruction cycle count set to 4
A |X |Y |SP |PC   |T/MT |NV-BDIZC |CYCLE
----------------------------------------
00|00|00|FE |0705 |1/4  |10100100 |15422
00|00|00|FE |0705 |2/4  |10100100 |15423
00|00|00|FE |0705 |3/4  |10100100 |15424
00|00|00|FE |0705 |4/4  |10100100 |15425


---------------
Opcode: 4A
Instruction:LSR Addressing Mode:Accumulator - Operand (Value: "0x00", Address: "None")
Instruction cycle count set to 2
A |X |Y |SP |PC   |T/MT |NV-BDIZC |CYCLE
----------------------------------------
00|00|00|FE |0706 |1/2  |00100110 |15426
00|00|00|FE |0706 |2/2  |00100110 |15427


---------------
Opcode: C9
ll: 02
Instruction:CMP Addressing Mode:Immediate - Operand (Value: "0x02", Address: "None")
Instruction cycle count set to 2
A |X |Y |SP |PC   |T/MT |NV-BDIZC |CYCLE
----------------------------------------
00|00|00|FE |0708 |1/2  |10100100 |15428
00|00|00|FE |0708 |2/2  |10100100 |15429


---------------
Opcode: D0
ll: F8
Old PC: 070A Offset:-8 New PC: 0702
Instruction:BNE Addressing Mode:Relative - Operand (Value: "None", Address: "0x0702")
Instruction cycle count set to 2
A |X |Y |SP |PC   |T/MT |NV-BDIZC |CYCLE
----------------------------------------
00|00|00|FE |0702 |1/3  |10100100 |15430
00|00|00|FE |0702 |2/3  |10100100 |15431
00|00|00|FE |0702 |3/3  |10100100 |15432


---------------
Opcode: 8D
ll: 00 hh: A0
Instruction:STA Addressing Mode:Absolute - Operand (Value: "0x00", Address: "0xA000")
Writing value 0x00 to address: 0xA000
0xA000: 0x00
Instruction cycle count set to 4
A |X |Y |SP |PC   |T/MT |NV-BDIZC |CYCLE
----------------------------------------
00|00|00|FE |0705 |1/4  |10100100 |15433
00|00|00|FE |0705 |2/4  |10100100 |15434
00|00|00|FE |0705 |3/4  |10100100 |15435
00|00|00|FE |0705 |4/4  |10100100 |15436


---------------
Opcode: 4A
Instruction:LSR Addressing Mode:Accumulator - Operand (Value: "0x00", Address: "None")
Instruction cycle count set to 2
A |X |Y |SP |PC   |T/MT |NV-BDIZC |CYCLE
----------------------------------------
00|00|00|FE |0706 |1/2  |00100110 |15437
00|00|00|FE |0706 |2/2  |00100110 |15438


---------------
Opcode: C9
ll: 02
Instruction:CMP Addressing Mode:Immediate - Operand (Value: "0x02", Address: "None")
Instruction cycle count set to 2
A |X |Y |SP |PC   |T/MT |NV-BDIZC |CYCLE
----------------------------------------
00|00|00|FE |0708 |1/2  |10100100 |15439
00|00|00|FE |0708 |2/2  |10100100 |15440


---------------
Opcode: D0
ll: F8
Old PC: 070A Offset:-8 New PC: 0702
Instruction:BNE Addressing Mode:Relative - Operand (Value: "None", Address: "0x0702")
Instruction cycle count set to 2
A |X |Y |SP |PC   |T/MT |NV-BDIZC |CYCLE
----------------------------------------
00|00|00|FE |0702 |1/3  |10100100 |15441
00|00|00|FE |0702 |2/3  |10100100 |15442
00|00|00|FE |0702 |3/3  |10100100 |15443


---------------
Opcode: 8D
ll: 00 hh: A0
Instruction:STA Addressing Mode:Absolute - Operand (Value: "0x00", Address: "0xA000")
Writing value 0x00 to address: 0xA000
0xA000: 0x00
Instruction cycle count set to 4
A |X |Y |SP |PC   |T/MT |NV-BDIZC |CYCLE
----------------------------------------
00|00|00|FE |0705 |1/4  |10100100 |15444
00|00|00|FE |0705 |2/4  |10100100 |15445
00|00|00|FE |0705 |3/4  |10100100 |15446
00|00|00|FE |0705 |4/4  |10100100 |15447


---------------
Opcode: 4A
Instruction:LSR Addressing Mode:Accumulator - Operand (Value: "0x00", Address: "None")
Instruction cycle count set to 2
A |X |Y |SP |PC   |T/MT |NV-BDIZC |CYCLE
----------------------------------------
00|00|00|FE |0706 |1/2  |00100110 |15448
00|00|00|FE |0706 |2/2  |00100110 |15449


---------------
Opcode: C9
ll: 02
Instruction:CMP Addressing Mode:Immediate - Operand (Value: "0x02", Address: "None")
Instruction cycle count set to 2
A |X |Y |SP |PC   |T/MT |NV-BDIZC |CYCLE
----------------------------------------
00|00|00|FE |0708 |1/2  |10100100 |15450
00|00|00|FE |0708 |2/2  |10100100 |15451


---------------
Opcode: D0
ll: F8
Old PC: 070A Offset:-8 New PC: 0702
Instruction:BNE Addressing Mode:Relative - Operand (Value: "None", Address: "0x0702")
Instruction cycle count set to 2
A |X |Y |SP |PC   |T/MT |NV-BDIZC |CYCLE
----------------------------------------
00|00|00|FE |0702 |1/3  |10100100 |15452
00|00|00|FE |0702 |2/3  |10100100 |15453
00|00|00|FE |0702 |3/3  |10100100 |15454


---------------
Opcode: 8D
ll: 00 hh: A0
Instruction:STA Addressing Mode:Absolute - Operand (Value: "0x00", Address: "0xA000")
Writing value 0x00 to address: 0xA000
0xA000: 0x00
Instruction cycle count set to 4
A |X |Y |SP |PC   |T/MT |NV-BDIZC |CYCLE
----------------------------------------
00|00|00|FE |0705 |1/4  |10100100 |15455
00|00|00|FE |0705 |2/4  |10100100 |15456
00|00|00|FE |0705 |3/4  |10100100 |15457
00|00|00|FE |0705 |4/4  |10100100 |15458


---------------
Opcode: 4A
Instruction:LSR Addressing Mode:Accumulator - Operand (Value: "0x00", Address: "None")
Instruction cycle count set to 2
A |X |Y |SP |PC   |T/MT |NV-BDIZC |CYCLE
----------------------------------------
00|00|00|FE |0706 |1/2  |00100110 |15459
00|00|00|FE |0706 |2/2  |00100110 |15460


---------------
Opcode: C9
ll: 02
Instruction:CMP Addressing Mode:Immediate - Operand (Value: "0x02", Address: "None")
Instruction cycle count set to 2
A |X |Y |SP |PC   |T/MT |NV-BDIZC |CYCLE
----------------------------------------
00|00|00|FE |0708 |1/2  |10100100 |15461
00|00|00|FE |0708 |2/2  |10100100 |15462


---------------
Opcode: D0
ll: F8
Old PC: 070A Offset:-8 New PC: 0702
Instruction:BNE Addressing Mode:Relative - Operand (Value: "None", Address: "0x0702")
Instruction cycle count set to 2
A |X |Y |SP |PC   |T/MT |NV-BDIZC |CYCLE
----------------------------------------
00|00|00|FE |0702 |1/3  |10100100 |15463
00|00|00|FE |0702 |2/3  |10100100 |15464
00|00|00|FE |0702 |3/3  |10100100 |15465


---------------
Opcode: 8D
ll: 00 hh: A0
Instruction:STA Addressing Mode:Absolute - Operand (Value: "0x00", Address: "0xA000")
Writing value 0x00 to address: 0xA000
0xA000: 0x00
Instruction cycle count set to 4
A |X |Y |SP |PC   |T/MT |NV-BDIZC |CYCLE
----------------------------------------
00|00|00|FE |0705 |1/4  |10100100 |15466
00|00|00|FE |0705 |2/4  |10100100 |15467
00|00|00|FE |0705 |3/4  |10100100 |15468
00|00|00|FE |0705 |4/4  |10100100 |15469


---------------
Opcode: 4A
Instruction:LSR Addressing Mode:Accumulator - Operand (Value: "0x00", Address: "None")
Instruction cycle count set to 2
A |X |Y |SP |PC   |T/MT |NV-BDIZC |CYCLE
----------------------------------------
00|00|00|FE |0706 |1/2  |00100110 |15470
00|00|00|FE |0706 |2/2  |00100110 |15471


---------------
Opcode: C9
ll: 02
Instruction:CMP Addressing Mode:Immediate - Operand (Value: "0x02", Address: "None")
Instruction cycle count set to 2
A |X |Y |SP |PC   |T/MT |NV-BDIZC |CYCLE
----------------------------------------
00|00|00|FE |0708 |1/2  |10100100 |15472
00|00|00|FE |0708 |2/2  |10100100 |15473


---------------
Opcode: D0
ll: F8
Old PC: 070A Offset:-8 New PC: 0702
Instruction:BNE Addressing Mode:Relative - Operand (Value: "None", Address: "0x0702")
Instruction cycle count set to 2
A |X |Y |SP |PC   |T/MT |NV-BDIZC |CYCLE
----------------------------------------
00|00|00|FE |0702 |1/3  |10100100 |15474
00|00|00|FE |0702 |2/3  |10100100 |15475
00|00|00|FE |0702 |3/3  |10100100 |15476


---------------
Opcode: 8D
ll: 00 hh: A0
Instruction:STA Addressing Mode:Absolute - Operand (Value: "0x00", Address: "0xA000")
Writing value 0x00 to address: 0xA000
0xA000: 0x00
Instruction cycle count set to 4
A |X |Y |SP |PC   |T/MT |NV-BDIZC |CYCLE
----------------------------------------
00|00|00|FE |0705 |1/4  |10100100 |15477
00|00|00|FE |0705 |2/4  |10100100 |15478
00|00|00|FE |0705 |3/4  |10100100 |15479
00|00|00|FE |0705 |4/4  |10100100 |15480


---------------
Opcode: 4A
Instruction:LSR Addressing Mode:Accumulator - Operand (Value: "0x00", Address: "None")
Instruction cycle count set to 2
A |X |Y |SP |PC   |T/MT |NV-BDIZC |CYCLE
----------------------------------------
00|00|00|FE |0706 |1/2  |00100110 |15481
00|00|00|FE |0706 |2/2  |00100110 |15482


---------------
Opcode: C9
ll: 02
Instruction:CMP Addressing Mode:Immediate - Operand (Value: "0x02", Address: "None")
Instruction cycle count set to 2
A |X |Y |SP |PC   |T/MT |NV-BDIZC |CYCLE
----------------------------------------
00|00|00|FE |0708 |1/2  |10100100 |15483
00|00|00|FE |0708 |2/2  |10100100 |15484


---------------
Opcode: D0
ll: F8
Old PC: 070A Offset:-8 New PC: 0702
Instruction:BNE Addressing Mode:Relative - Operand (Value: "None", Address: "0x0702")
Instruction cycle count set to 2
A |X |Y |SP |PC   |T/MT |NV-BDIZC |CYCLE
----------------------------------------
00|00|00|FE |0702 |1/3  |10100100 |15485
00|00|00|FE |0702 |2/3  |10100100 |15486
00|00|00|FE |0702 |3/3  |10100100 |15487


---------------
Opcode: 8D
ll: 00 hh: A0
Instruction:STA Addressing Mode:Absolute - Operand (Value: "0x00", Address: "0xA000")
Writing value 0x00 to address: 0xA000
0xA000: 0x00
Instruction cycle count set to 4
A |X |Y |SP |PC   |T/MT |NV-BDIZC |CYCLE
----------------------------------------
00|00|00|FE |0705 |1/4  |10100100 |15488
00|00|00|FE |0705 |2/4  |10100100 |15489
00|00|00|FE |0705 |3/4  |10100100 |15490
00|00|00|FE |0705 |4/4  |10100100 |15491


---------------
Opcode: 4A
Instruction:LSR Addressing Mode:Accumulator - Operand (Value: "0x00", Address: "None")
Instruction cycle count set to 2
A |X |Y |SP |PC   |T/MT |NV-BDIZC |CYCLE
----------------------------------------
00|00|00|FE |0706 |1/2  |00100110 |15492
00|00|00|FE |0706 |2/2  |00100110 |15493


---------------
Opcode: C9
ll: 02
Instruction:CMP Addressing Mode:Immediate - Operand (Value: "0x02", Address: "None")
Instruction cycle count set to 2
A |X |Y |SP |PC   |T/MT |NV-BDIZC |CYCLE
----------------------------------------
00|00|00|FE |0708 |1/2  |10100100 |15494
00|00|00|FE |0708 |2/2  |10100100 |15495


---------------
Opcode: D0
ll: F8
Old PC: 070A Offset:-8 New PC: 0702
Instruction:BNE Addressing Mode:Relative - Operand (Value: "None", Address: "0x0702")
Instruction cycle count set to 2
A |X |Y |SP |PC   |T/MT |NV-BDIZC |CYCLE
----------------------------------------
00|00|00|FE |0702 |1/3  |10100100 |15496
00|00|00|FE |0702 |2/3  |10100100 |15497
00|00|00|FE |0702 |3/3  |10100100 |15498


---------------
Opcode: 8D
ll: 00 hh: A0
Instruction:STA Addressing Mode:Absolute - Operand (Value: "0x00", Address: "0xA000")
Writing value 0x00 to address: 0xA000
0xA000: 0x00
Instruction cycle count set to 4
A |X |Y |SP |PC   |T/MT |NV-BDIZC |CYCLE
----------------------------------------
00|00|00|FE |0705 |1/4  |10100100 |15499
00|00|00|FE |0705 |2/4  |10100100 |15500
00|00|00|FE |0705 |3/4  |10100100 |15501
00|00|00|FE |0705 |4/4  |10100100 |15502


---------------
Opcode: 4A
Instruction:LSR Addressing Mode:Accumulator - Operand (Value: "0x00", Address: "None")
Instruction cycle count set to 2
A |X |Y |SP |PC   |T/MT |NV-BDIZC |CYCLE
----------------------------------------
00|00|00|FE |0706 |1/2  |00100110 |15503
00|00|00|FE |0706 |2/2  |00100110 |15504


---------------
Opcode: C9
ll: 02
Instruction:CMP Addressing Mode:Immediate - Operand (Value: "0x02", Address: "None")
Instruction cycle count set to 2
A |X |Y |SP |PC   |T/MT |NV-BDIZC |CYCLE
----------------------------------------
00|00|00|FE |0708 |1/2  |10100100 |15505
00|00|00|FE |0708 |2/2  |10100100 |15506


---------------
Opcode: D0
ll: F8
Old PC: 070A Offset:-8 New PC: 0702
Instruction:BNE Addressing Mode:Relative - Operand (Value: "None", Address: "0x0702")
Instruction cycle count set to 2
A |X |Y |SP |PC   |T/MT |NV-BDIZC |CYCLE
----------------------------------------
00|00|00|FE |0702 |1/3  |10100100 |15507
00|00|00|FE |0702 |2/3  |10100100 |15508
00|00|00|FE |0702 |3/3  |10100100 |15509


---------------
Opcode: 8D
ll: 00 hh: A0
Instruction:STA Addressing Mode:Absolute - Operand (Value: "0x00", Address: "0xA000")
Writing value 0x00 to address: 0xA000
0xA000: 0x00
Instruction cycle count set to 4
A |X |Y |SP |PC   |T/MT |NV-BDIZC |CYCLE
----------------------------------------
00|00|00|FE |0705 |1/4  |10100100 |15510
00|00|00|FE |0705 |2/4  |10100100 |15511
00|00|00|FE |0705 |3/4  |10100100 |15512
00|00|00|FE |0705 |4/4  |10100100 |15513


---------------
Opcode: 4A
Instruction:LSR Addressing Mode:Accumulator - Operand (Value: "0x00", Address: "None")
Instruction cycle count set to 2
A |X |Y |SP |PC   |T/MT |NV-BDIZC |CYCLE
----------------------------------------
00|00|00|FE |0706 |1/2  |00100110 |15514
00|00|00|FE |0706 |2/2  |00100110 |15515


---------------
Opcode: C9
ll: 02
Instruction:CMP Addressing Mode:Immediate - Operand (Value: "0x02", Address: "None")
Instruction cycle count set to 2
A |X |Y |SP |PC   |T/MT |NV-BDIZC |CYCLE
----------------------------------------
00|00|00|FE |0708 |1/2  |10100100 |15516
00|00|00|FE |0708 |2/2  |10100100 |15517


---------------
Opcode: D0
ll: F8
Old PC: 070A Offset:-8 New PC: 0702
Instruction:BNE Addressing Mode:Relative - Operand (Value: "None", Address: "0x0702")
Instruction cycle count set to 2
A |X |Y |SP |PC   |T/MT |NV-BDIZC |CYCLE
----------------------------------------
00|00|00|FE |0702 |1/3  |10100100 |15518
00|00|00|FE |0702 |2/3  |10100100 |15519
00|00|00|FE |0702 |3/3  |10100100 |15520


---------------
Opcode: 8D
ll: 00 hh: A0
Instruction:STA Addressing Mode:Absolute - Operand (Value: "0x00", Address: "0xA000")
Writing value 0x00 to address: 0xA000
0xA000: 0x00
Instruction cycle count set to 4
A |X |Y |SP |PC   |T/MT |NV-BDIZC |CYCLE
----------------------------------------
00|00|00|FE |0705 |1/4  |10100100 |15521
00|00|00|FE |0705 |2/4  |10100100 |15522
00|00|00|FE |0705 |3/4  |10100100 |15523
00|00|00|FE |0705 |4/4  |10100100 |15524


---------------
Opcode: 4A
Instruction:LSR Addressing Mode:Accumulator - Operand (Value: "0x00", Address: "None")
Instruction cycle count set to 2
A |X |Y |SP |PC   |T/MT |NV-BDIZC |CYCLE
----------------------------------------
00|00|00|FE |0706 |1/2  |00100110 |15525
00|00|00|FE |0706 |2/2  |00100110 |15526


---------------
Opcode: C9
ll: 02
Instruction:CMP Addressing Mode:Immediate - Operand (Value: "0x02", Address: "None")
Instruction cycle count set to 2
A |X |Y |SP |PC   |T/MT |NV-BDIZC |CYCLE
----------------------------------------
00|00|00|FE |0708 |1/2  |10100100 |15527
00|00|00|FE |0708 |2/2  |10100100 |15528


---------------
Opcode: D0
ll: F8
Old PC: 070A Offset:-8 New PC: 0702
Instruction:BNE Addressing Mode:Relative - Operand (Value: "None", Address: "0x0702")
Instruction cycle count set to 2
A |X |Y |SP |PC   |T/MT |NV-BDIZC |CYCLE
----------------------------------------
00|00|00|FE |0702 |1/3  |10100100 |15529
00|00|00|FE |0702 |2/3  |10100100 |15530
00|00|00|FE |0702 |3/3  |10100100 |15531


---------------
Opcode: 8D
ll: 00 hh: A0
Instruction:STA Addressing Mode:Absolute - Operand (Value: "0x00", Address: "0xA000")
Writing value 0x00 to address: 0xA000
0xA000: 0x00
Instruction cycle count set to 4
A |X |Y |SP |PC   |T/MT |NV-BDIZC |CYCLE
----------------------------------------
00|00|00|FE |0705 |1/4  |10100100 |15532
00|00|00|FE |0705 |2/4  |10100100 |15533
00|00|00|FE |0705 |3/4  |10100100 |15534
00|00|00|FE |0705 |4/4  |10100100 |15535


---------------
Opcode: 4A
Instruction:LSR Addressing Mode:Accumulator - Operand (Value: "0x00", Address: "None")
Instruction cycle count set to 2
A |X |Y |SP |PC   |T/MT |NV-BDIZC |CYCLE
----------------------------------------
00|00|00|FE |0706 |1/2  |00100110 |15536
00|00|00|FE |0706 |2/2  |00100110 |15537


---------------
Opcode: C9
ll: 02
Instruction:CMP Addressing Mode:Immediate - Operand (Value: "0x02", Address: "None")
Instruction cycle count set to 2
A |X |Y |SP |PC   |T/MT |NV-BDIZC |CYCLE
----------------------------------------
00|00|00|FE |0708 |1/2  |10100100 |15538
00|00|00|FE |0708 |2/2  |10100100 |15539


---------------
Opcode: D0
ll: F8
Old PC: 070A Offset:-8 New PC: 0702
Instruction:BNE Addressing Mode:Relative - Operand (Value: "None", Address: "0x0702")
Instruction cycle count set to 2
A |X |Y |SP |PC   |T/MT |NV-BDIZC |CYCLE
----------------------------------------
00|00|00|FE |0702 |1/3  |10100100 |15540
00|00|00|FE |0702 |2/3  |10100100 |15541
00|00|00|FE |0702 |3/3  |10100100 |15542


---------------
Opcode: 8D
ll: 00 hh: A0
Instruction:STA Addressing Mode:Absolute - Operand (Value: "0x00", Address: "0xA000")
Writing value 0x00 to address: 0xA000
0xA000: 0x00
Instruction cycle count set to 4
A |X |Y |SP |PC   |T/MT |NV-BDIZC |CYCLE
----------------------------------------
00|00|00|FE |0705 |1/4  |10100100 |15543
00|00|00|FE |0705 |2/4  |10100100 |15544
00|00|00|FE |0705 |3/4  |10100100 |15545
00|00|00|FE |0705 |4/4  |10100100 |15546


---------------
Opcode: 4A
Instruction:LSR Addressing Mode:Accumulator - Operand (Value: "0x00", Address: "None")
Instruction cycle count set to 2
A |X |Y |SP |PC   |T/MT |NV-BDIZC |CYCLE
----------------------------------------
00|00|00|FE |0706 |1/2  |00100110 |15547
00|00|00|FE |0706 |2/2  |00100110 |15548


---------------
Opcode: C9
ll: 02
Instruction:CMP Addressing Mode:Immediate - Operand (Value: "0x02", Address: "None")
Instruction cycle count set to 2
A |X |Y |SP |PC   |T/MT |NV-BDIZC |CYCLE
----------------------------------------
00|00|00|FE |0708 |1/2  |10100100 |15549
00|00|00|FE |0708 |2/2  |10100100 |15550


---------------
Opcode: D0
ll: F8
Old PC: 070A Offset:-8 New PC: 0702
Instruction:BNE Addressing Mode:Relative - Operand (Value: "None", Address: "0x0702")
Instruction cycle count set to 2
A |X |Y |SP |PC   |T/MT |NV-BDIZC |CYCLE
----------------------------------------
00|00|00|FE |0702 |1/3  |10100100 |15551
00|00|00|FE |0702 |2/3  |10100100 |15552
00|00|00|FE |0702 |3/3  |10100100 |15553


---------------
Opcode: 8D
ll: 00 hh: A0
Instruction:STA Addressing Mode:Absolute - Operand (Value: "0x00", Address: "0xA000")
Writing value 0x00 to address: 0xA000
0xA000: 0x00
Instruction cycle count set to 4
A |X |Y |SP |PC   |T/MT |NV-BDIZC |CYCLE
----------------------------------------
00|00|00|FE |0705 |1/4  |10100100 |15554
00|00|00|FE |0705 |2/4  |10100100 |15555
00|00|00|FE |0705 |3/4  |10100100 |15556
00|00|00|FE |0705 |4/4  |10100100 |15557


---------------
Opcode: 4A
Instruction:LSR Addressing Mode:Accumulator - Operand (Value: "0x00", Address: "None")
Instruction cycle count set to 2
A |X |Y |SP |PC   |T/MT |NV-BDIZC |CYCLE
----------------------------------------
00|00|00|FE |0706 |1/2  |00100110 |15558
00|00|00|FE |0706 |2/2  |00100110 |15559


---------------
Opcode: C9
ll: 02
Instruction:CMP Addressing Mode:Immediate - Operand (Value: "0x02", Address: "None")
Instruction cycle count set to 2
A |X |Y |SP |PC   |T/MT |NV-BDIZC |CYCLE
----------------------------------------
00|00|00|FE |0708 |1/2  |10100100 |15560
00|00|00|FE |0708 |2/2  |10100100 |15561


---------------
Opcode: D0
ll: F8
Old PC: 070A Offset:-8 New PC: 0702
Instruction:BNE Addressing Mode:Relative - Operand (Value: "None", Address: "0x0702")
Instruction cycle count set to 2
A |X |Y |SP |PC   |T/MT |NV-BDIZC |CYCLE
----------------------------------------
00|00|00|FE |0702 |1/3  |10100100 |15562
00|00|00|FE |0702 |2/3  |10100100 |15563
00|00|00|FE |0702 |3/3  |10100100 |15564


---------------
Opcode: 8D
ll: 00 hh: A0
Instruction:STA Addressing Mode:Absolute - Operand (Value: "0x00", Address: "0xA000")
Writing value 0x00 to address: 0xA000
0xA000: 0x00
Instruction cycle count set to 4
A |X |Y |SP |PC   |T/MT |NV-BDIZC |CYCLE
----------------------------------------
00|00|00|FE |0705 |1/4  |10100100 |15565
00|00|00|FE |0705 |2/4  |10100100 |15566
00|00|00|FE |0705 |3/4  |10100100 |15567
00|00|00|FE |0705 |4/4  |10100100 |15568


---------------
Opcode: 4A
Instruction:LSR Addressing Mode:Accumulator - Operand (Value: "0x00", Address: "None")
Instruction cycle count set to 2
A |X |Y |SP |PC   |T/MT |NV-BDIZC |CYCLE
----------------------------------------
00|00|00|FE |0706 |1/2  |00100110 |15569
00|00|00|FE |0706 |2/2  |00100110 |15570


---------------
Opcode: C9
ll: 02
Instruction:CMP Addressing Mode:Immediate - Operand (Value: "0x02", Address: "None")
Instruction cycle count set to 2
A |X |Y |SP |PC   |T/MT |NV-BDIZC |CYCLE
----------------------------------------
00|00|00|FE |0708 |1/2  |10100100 |15571
00|00|00|FE |0708 |2/2  |10100100 |15572


---------------
Opcode: D0
ll: F8
Old PC: 070A Offset:-8 New PC: 0702
Instruction:BNE Addressing Mode:Relative - Operand (Value: "None", Address: "0x0702")
Instruction cycle count set to 2
A |X |Y |SP |PC   |T/MT |NV-BDIZC |CYCLE
----------------------------------------
00|00|00|FE |0702 |1/3  |10100100 |15573
00|00|00|FE |0702 |2/3  |10100100 |15574
00|00|00|FE |0702 |3/3  |10100100 |15575


---------------
Opcode: 8D
ll: 00 hh: A0
Instruction:STA Addressing Mode:Absolute - Operand (Value: "0x00", Address: "0xA000")
Writing value 0x00 to address: 0xA000
0xA000: 0x00
Instruction cycle count set to 4
A |X |Y |SP |PC   |T/MT |NV-BDIZC |CYCLE
----------------------------------------
00|00|00|FE |0705 |1/4  |10100100 |15576
00|00|00|FE |0705 |2/4  |10100100 |15577
00|00|00|FE |0705 |3/4  |10100100 |15578
00|00|00|FE |0705 |4/4  |10100100 |15579


---------------
Opcode: 4A
Instruction:LSR Addressing Mode:Accumulator - Operand (Value: "0x00", Address: "None")
Instruction cycle count set to 2
A |X |Y |SP |PC   |T/MT |NV-BDIZC |CYCLE
----------------------------------------
00|00|00|FE |0706 |1/2  |00100110 |15580
00|00|00|FE |0706 |2/2  |00100110 |15581


---------------
Opcode: C9
ll: 02
Instruction:CMP Addressing Mode:Immediate - Operand (Value: "0x02", Address: "None")
Instruction cycle count set to 2
A |X |Y |SP |PC   |T/MT |NV-BDIZC |CYCLE
----------------------------------------
00|00|00|FE |0708 |1/2  |10100100 |15582
00|00|00|FE |0708 |2/2  |10100100 |15583


---------------
Opcode: D0
ll: F8
Old PC: 070A Offset:-8 New PC: 0702
Instruction:BNE Addressing Mode:Relative - Operand (Value: "None", Address: "0x0702")
Instruction cycle count set to 2
A |X |Y |SP |PC   |T/MT |NV-BDIZC |CYCLE
----------------------------------------
00|00|00|FE |0702 |1/3  |10100100 |15584
00|00|00|FE |0702 |2/3  |10100100 |15585
00|00|00|FE |0702 |3/3  |10100100 |15586


---------------
Opcode: 8D
ll: 00 hh: A0
Instruction:STA Addressing Mode:Absolute - Operand (Value: "0x00", Address: "0xA000")
Writing value 0x00 to address: 0xA000
0xA000: 0x00
Instruction cycle count set to 4
A |X |Y |SP |PC   |T/MT |NV-BDIZC |CYCLE
----------------------------------------
00|00|00|FE |0705 |1/4  |10100100 |15587
00|00|00|FE |0705 |2/4  |10100100 |15588
00|00|00|FE |0705 |3/4  |10100100 |15589
00|00|00|FE |0705 |4/4  |10100100 |15590


---------------
Opcode: 4A
Instruction:LSR Addressing Mode:Accumulator - Operand (Value: "0x00", Address: "None")
Instruction cycle count set to 2
A |X |Y |SP |PC   |T/MT |NV-BDIZC |CYCLE
----------------------------------------
00|00|00|FE |0706 |1/2  |00100110 |15591
00|00|00|FE |0706 |2/2  |00100110 |15592


---------------
Opcode: C9
ll: 02
Instruction:CMP Addressing Mode:Immediate - Operand (Value: "0x02", Address: "None")
Instruction cycle count set to 2
A |X |Y |SP |PC   |T/MT |NV-BDIZC |CYCLE
----------------------------------------
00|00|00|FE |0708 |1/2  |10100100 |15593
00|00|00|FE |0708 |2/2  |10100100 |15594


---------------
Opcode: D0
ll: F8
Old PC: 070A Offset:-8 New PC: 0702
Instruction:BNE Addressing Mode:Relative - Operand (Value: "None", Address: "0x0702")
Instruction cycle count set to 2
A |X |Y |SP |PC   |T/MT |NV-BDIZC |CYCLE
----------------------------------------
00|00|00|FE |0702 |1/3  |10100100 |15595
00|00|00|FE |0702 |2/3  |10100100 |15596
00|00|00|FE |0702 |3/3  |10100100 |15597


---------------
Opcode: 8D
ll: 00 hh: A0
Instruction:STA Addressing Mode:Absolute - Operand (Value: "0x00", Address: "0xA000")
Writing value 0x00 to address: 0xA000
0xA000: 0x00
Instruction cycle count set to 4
A |X |Y |SP |PC   |T/MT |NV-BDIZC |CYCLE
----------------------------------------
00|00|00|FE |0705 |1/4  |10100100 |15598
00|00|00|FE |0705 |2/4  |10100100 |15599
00|00|00|FE |0705 |3/4  |10100100 |15600
00|00|00|FE |0705 |4/4  |10100100 |15601


---------------
Opcode: 4A
Instruction:LSR Addressing Mode:Accumulator - Operand (Value: "0x00", Address: "None")
Instruction cycle count set to 2
A |X |Y |SP |PC   |T/MT |NV-BDIZC |CYCLE
----------------------------------------
00|00|00|FE |0706 |1/2  |00100110 |15602
00|00|00|FE |0706 |2/2  |00100110 |15603


---------------
Opcode: C9
ll: 02
Instruction:CMP Addressing Mode:Immediate - Operand (Value: "0x02", Address: "None")
Instruction cycle count set to 2
A |X |Y |SP |PC   |T/MT |NV-BDIZC |CYCLE
----------------------------------------
00|00|00|FE |0708 |1/2  |10100100 |15604
00|00|00|FE |0708 |2/2  |10100100 |15605


---------------
Opcode: D0
ll: F8
Old PC: 070A Offset:-8 New PC: 0702
Instruction:BNE Addressing Mode:Relative - Operand (Value: "None", Address: "0x0702")
Instruction cycle count set to 2
A |X |Y |SP |PC   |T/MT |NV-BDIZC |CYCLE
----------------------------------------
00|00|00|FE |0702 |1/3  |10100100 |15606
00|00|00|FE |0702 |2/3  |10100100 |15607
00|00|00|FE |0702 |3/3  |10100100 |15608


---------------
Opcode: 8D
ll: 00 hh: A0
Instruction:STA Addressing Mode:Absolute - Operand (Value: "0x00", Address: "0xA000")
Writing value 0x00 to address: 0xA000
0xA000: 0x00
Instruction cycle count set to 4
A |X |Y |SP |PC   |T/MT |NV-BDIZC |CYCLE
----------------------------------------
00|00|00|FE |0705 |1/4  |10100100 |15609
00|00|00|FE |0705 |2/4  |10100100 |15610
00|00|00|FE |0705 |3/4  |10100100 |15611
00|00|00|FE |0705 |4/4  |10100100 |15612


---------------
Opcode: 4A
Instruction:LSR Addressing Mode:Accumulator - Operand (Value: "0x00", Address: "None")
Instruction cycle count set to 2
A |X |Y |SP |PC   |T/MT |NV-BDIZC |CYCLE
----------------------------------------
00|00|00|FE |0706 |1/2  |00100110 |15613
00|00|00|FE |0706 |2/2  |00100110 |15614


---------------
Opcode: C9
ll: 02
Instruction:CMP Addressing Mode:Immediate - Operand (Value: "0x02", Address: "None")
Instruction cycle count set to 2
A |X |Y |SP |PC   |T/MT |NV-BDIZC |CYCLE
----------------------------------------
00|00|00|FE |0708 |1/2  |10100100 |15615
00|00|00|FE |0708 |2/2  |10100100 |15616


---------------
Opcode: D0
ll: F8
Old PC: 070A Offset:-8 New PC: 0702
Instruction:BNE Addressing Mode:Relative - Operand (Value: "None", Address: "0x0702")
Instruction cycle count set to 2
A |X |Y |SP |PC   |T/MT |NV-BDIZC |CYCLE
----------------------------------------
00|00|00|FE |0702 |1/3  |10100100 |15617
00|00|00|FE |0702 |2/3  |10100100 |15618
00|00|00|FE |0702 |3/3  |10100100 |15619


---------------
Opcode: 8D
ll: 00 hh: A0
Instruction:STA Addressing Mode:Absolute - Operand (Value: "0x00", Address: "0xA000")
Writing value 0x00 to address: 0xA000
0xA000: 0x00
Instruction cycle count set to 4
A |X |Y |SP |PC   |T/MT |NV-BDIZC |CYCLE
----------------------------------------
00|00|00|FE |0705 |1/4  |10100100 |15620
00|00|00|FE |0705 |2/4  |10100100 |15621
00|00|00|FE |0705 |3/4  |10100100 |15622
00|00|00|FE |0705 |4/4  |10100100 |15623


---------------
Opcode: 4A
Instruction:LSR Addressing Mode:Accumulator - Operand (Value: "0x00", Address: "None")
Instruction cycle count set to 2
A |X |Y |SP |PC   |T/MT |NV-BDIZC |CYCLE
----------------------------------------
00|00|00|FE |0706 |1/2  |00100110 |15624
00|00|00|FE |0706 |2/2  |00100110 |15625


---------------
Opcode: C9
ll: 02
Instruction:CMP Addressing Mode:Immediate - Operand (Value: "0x02", Address: "None")
Instruction cycle count set to 2
A |X |Y |SP |PC   |T/MT |NV-BDIZC |CYCLE
----------------------------------------
00|00|00|FE |0708 |1/2  |10100100 |15626
00|00|00|FE |0708 |2/2  |10100100 |15627


---------------
Opcode: D0
ll: F8
Old PC: 070A Offset:-8 New PC: 0702
Instruction:BNE Addressing Mode:Relative - Operand (Value: "None", Address: "0x0702")
Instruction cycle count set to 2
A |X |Y |SP |PC   |T/MT |NV-BDIZC |CYCLE
----------------------------------------
00|00|00|FE |0702 |1/3  |10100100 |15628
00|00|00|FE |0702 |2/3  |10100100 |15629
00|00|00|FE |0702 |3/3  |10100100 |15630


---------------
Opcode: 8D
ll: 00 hh: A0
Instruction:STA Addressing Mode:Absolute - Operand (Value: "0x00", Address: "0xA000")
Writing value 0x00 to address: 0xA000
0xA000: 0x00
Instruction cycle count set to 4
A |X |Y |SP |PC   |T/MT |NV-BDIZC |CYCLE
----------------------------------------
00|00|00|FE |0705 |1/4  |10100100 |15631
00|00|00|FE |0705 |2/4  |10100100 |15632
00|00|00|FE |0705 |3/4  |10100100 |15633
00|00|00|FE |0705 |4/4  |10100100 |15634


---------------
Opcode: 4A
Instruction:LSR Addressing Mode:Accumulator - Operand (Value: "0x00", Address: "None")
Instruction cycle count set to 2
A |X |Y |SP |PC   |T/MT |NV-BDIZC |CYCLE
----------------------------------------
00|00|00|FE |0706 |1/2  |00100110 |15635
00|00|00|FE |0706 |2/2  |00100110 |15636


---------------
Opcode: C9
ll: 02
Instruction:CMP Addressing Mode:Immediate - Operand (Value: "0x02", Address: "None")
Instruction cycle count set to 2
A |X |Y |SP |PC   |T/MT |NV-BDIZC |CYCLE
----------------------------------------
00|00|00|FE |0708 |1/2  |10100100 |15637
00|00|00|FE |0708 |2/2  |10100100 |15638


---------------
Opcode: D0
ll: F8
Old PC: 070A Offset:-8 New PC: 0702
Instruction:BNE Addressing Mode:Relative - Operand (Value: "None", Address: "0x0702")
Instruction cycle count set to 2
A |X |Y |SP |PC   |T/MT |NV-BDIZC |CYCLE
----------------------------------------
00|00|00|FE |0702 |1/3  |10100100 |15639
00|00|00|FE |0702 |2/3  |10100100 |15640
00|00|00|FE |0702 |3/3  |10100100 |15641


---------------
Opcode: 8D
ll: 00 hh: A0
Instruction:STA Addressing Mode:Absolute - Operand (Value: "0x00", Address: "0xA000")
Writing value 0x00 to address: 0xA000
0xA000: 0x00
Instruction cycle count set to 4
A |X |Y |SP |PC   |T/MT |NV-BDIZC |CYCLE
----------------------------------------
00|00|00|FE |0705 |1/4  |10100100 |15642
00|00|00|FE |0705 |2/4  |10100100 |15643
00|00|00|FE |0705 |3/4  |10100100 |15644
00|00|00|FE |0705 |4/4  |10100100 |15645


---------------
Opcode: 4A
Instruction:LSR Addressing Mode:Accumulator - Operand (Value: "0x00", Address: "None")
Instruction cycle count set to 2
A |X |Y |SP |PC   |T/MT |NV-BDIZC |CYCLE
----------------------------------------
00|00|00|FE |0706 |1/2  |00100110 |15646
00|00|00|FE |0706 |2/2  |00100110 |15647


---------------
Opcode: C9
ll: 02
Instruction:CMP Addressing Mode:Immediate - Operand (Value: "0x02", Address: "None")
Instruction cycle count set to 2
A |X |Y |SP |PC   |T/MT |NV-BDIZC |CYCLE
----------------------------------------
00|00|00|FE |0708 |1/2  |10100100 |15648
00|00|00|FE |0708 |2/2  |10100100 |15649


---------------
Opcode: D0
ll: F8
Old PC: 070A Offset:-8 New PC: 0702
Instruction:BNE Addressing Mode:Relative - Operand (Value: "None", Address: "0x0702")
Instruction cycle count set to 2
A |X |Y |SP |PC   |T/MT |NV-BDIZC |CYCLE
----------------------------------------
00|00|00|FE |0702 |1/3  |10100100 |15650
00|00|00|FE |0702 |2/3  |10100100 |15651
00|00|00|FE |0702 |3/3  |10100100 |15652


---------------
Opcode: 8D
ll: 00 hh: A0
Instruction:STA Addressing Mode:Absolute - Operand (Value: "0x00", Address: "0xA000")
Writing value 0x00 to address: 0xA000
0xA000: 0x00
Instruction cycle count set to 4
A |X |Y |SP |PC   |T/MT |NV-BDIZC |CYCLE
----------------------------------------
00|00|00|FE |0705 |1/4  |10100100 |15653
00|00|00|FE |0705 |2/4  |10100100 |15654
00|00|00|FE |0705 |3/4  |10100100 |15655
00|00|00|FE |0705 |4/4  |10100100 |15656


---------------
Opcode: 4A
Instruction:LSR Addressing Mode:Accumulator - Operand (Value: "0x00", Address: "None")
Instruction cycle count set to 2
A |X |Y |SP |PC   |T/MT |NV-BDIZC |CYCLE
----------------------------------------
00|00|00|FE |0706 |1/2  |00100110 |15657
00|00|00|FE |0706 |2/2  |00100110 |15658


---------------
Opcode: C9
ll: 02
Instruction:CMP Addressing Mode:Immediate - Operand (Value: "0x02", Address: "None")
Instruction cycle count set to 2
A |X |Y |SP |PC   |T/MT |NV-BDIZC |CYCLE
----------------------------------------
00|00|00|FE |0708 |1/2  |10100100 |15659
00|00|00|FE |0708 |2/2  |10100100 |15660


---------------
Opcode: D0
ll: F8
Old PC: 070A Offset:-8 New PC: 0702
Instruction:BNE Addressing Mode:Relative - Operand (Value: "None", Address: "0x0702")
Instruction cycle count set to 2
A |X |Y |SP |PC   |T/MT |NV-BDIZC |CYCLE
----------------------------------------
00|00|00|FE |0702 |1/3  |10100100 |15661
00|00|00|FE |0702 |2/3  |10100100 |15662
00|00|00|FE |0702 |3/3  |10100100 |15663


---------------
Opcode: 8D
ll: 00 hh: A0
Instruction:STA Addressing Mode:Absolute - Operand (Value: "0x00", Address: "0xA000")
Writing value 0x00 to address: 0xA000
0xA000: 0x00
Instruction cycle count set to 4
A |X |Y |SP |PC   |T/MT |NV-BDIZC |CYCLE
----------------------------------------
00|00|00|FE |0705 |1/4  |10100100 |15664
00|00|00|FE |0705 |2/4  |10100100 |15665
00|00|00|FE |0705 |3/4  |10100100 |15666
00|00|00|FE |0705 |4/4  |10100100 |15667


---------------
Opcode: 4A
Instruction:LSR Addressing Mode:Accumulator - Operand (Value: "0x00", Address: "None")
Instruction cycle count set to 2
A |X |Y |SP |PC   |T/MT |NV-BDIZC |CYCLE
----------------------------------------
00|00|00|FE |0706 |1/2  |00100110 |15668
00|00|00|FE |0706 |2/2  |00100110 |15669


---------------
Opcode: C9
ll: 02
Instruction:CMP Addressing Mode:Immediate - Operand (Value: "0x02", Address: "None")
Instruction cycle count set to 2
A |X |Y |SP |PC   |T/MT |NV-BDIZC |CYCLE
----------------------------------------
00|00|00|FE |0708 |1/2  |10100100 |15670
00|00|00|FE |0708 |2/2  |10100100 |15671


---------------
Opcode: D0
ll: F8
Old PC: 070A Offset:-8 New PC: 0702
Instruction:BNE Addressing Mode:Relative - Operand (Value: "None", Address: "0x0702")
Instruction cycle count set to 2
A |X |Y |SP |PC   |T/MT |NV-BDIZC |CYCLE
----------------------------------------
00|00|00|FE |0702 |1/3  |10100100 |15672
00|00|00|FE |0702 |2/3  |10100100 |15673
00|00|00|FE |0702 |3/3  |10100100 |15674


---------------
Opcode: 8D
ll: 00 hh: A0
Instruction:STA Addressing Mode:Absolute - Operand (Value: "0x00", Address: "0xA000")
Writing value 0x00 to address: 0xA000
0xA000: 0x00
Instruction cycle count set to 4
A |X |Y |SP |PC   |T/MT |NV-BDIZC |CYCLE
----------------------------------------
00|00|00|FE |0705 |1/4  |10100100 |15675
00|00|00|FE |0705 |2/4  |10100100 |15676
00|00|00|FE |0705 |3/4  |10100100 |15677
00|00|00|FE |0705 |4/4  |10100100 |15678


---------------
Opcode: 4A
Instruction:LSR Addressing Mode:Accumulator - Operand (Value: "0x00", Address: "None")
Instruction cycle count set to 2
A |X |Y |SP |PC   |T/MT |NV-BDIZC |CYCLE
----------------------------------------
00|00|00|FE |0706 |1/2  |00100110 |15679
00|00|00|FE |0706 |2/2  |00100110 |15680


---------------
Opcode: C9
ll: 02
Instruction:CMP Addressing Mode:Immediate - Operand (Value: "0x02", Address: "None")
Instruction cycle count set to 2
A |X |Y |SP |PC   |T/MT |NV-BDIZC |CYCLE
----------------------------------------
00|00|00|FE |0708 |1/2  |10100100 |15681
00|00|00|FE |0708 |2/2  |10100100 |15682


---------------
Opcode: D0
ll: F8
Old PC: 070A Offset:-8 New PC: 0702
Instruction:BNE Addressing Mode:Relative - Operand (Value: "None", Address: "0x0702")
Instruction cycle count set to 2
A |X |Y |SP |PC   |T/MT |NV-BDIZC |CYCLE
----------------------------------------
00|00|00|FE |0702 |1/3  |10100100 |15683
00|00|00|FE |0702 |2/3  |10100100 |15684
00|00|00|FE |0702 |3/3  |10100100 |15685


---------------
Opcode: 8D
ll: 00 hh: A0
Instruction:STA Addressing Mode:Absolute - Operand (Value: "0x00", Address: "0xA000")
Writing value 0x00 to address: 0xA000
0xA000: 0x00
Instruction cycle count set to 4
A |X |Y |SP |PC   |T/MT |NV-BDIZC |CYCLE
----------------------------------------
00|00|00|FE |0705 |1/4  |10100100 |15686
00|00|00|FE |0705 |2/4  |10100100 |15687
00|00|00|FE |0705 |3/4  |10100100 |15688
00|00|00|FE |0705 |4/4  |10100100 |15689


---------------
Opcode: 4A
Instruction:LSR Addressing Mode:Accumulator - Operand (Value: "0x00", Address: "None")
Instruction cycle count set to 2
A |X |Y |SP |PC   |T/MT |NV-BDIZC |CYCLE
----------------------------------------
00|00|00|FE |0706 |1/2  |00100110 |15690
00|00|00|FE |0706 |2/2  |00100110 |15691


---------------
Opcode: C9
ll: 02
Instruction:CMP Addressing Mode:Immediate - Operand (Value: "0x02", Address: "None")
Instruction cycle count set to 2
A |X |Y |SP |PC   |T/MT |NV-BDIZC |CYCLE
----------------------------------------
00|00|00|FE |0708 |1/2  |10100100 |15692
00|00|00|FE |0708 |2/2  |10100100 |15693


---------------
Opcode: D0
ll: F8
Old PC: 070A Offset:-8 New PC: 0702
Instruction:BNE Addressing Mode:Relative - Operand (Value: "None", Address: "0x0702")
Instruction cycle count set to 2
A |X |Y |SP |PC   |T/MT |NV-BDIZC |CYCLE
----------------------------------------
00|00|00|FE |0702 |1/3  |10100100 |15694
00|00|00|FE |0702 |2/3  |10100100 |15695
00|00|00|FE |0702 |3/3  |10100100 |15696


---------------
Opcode: 8D
ll: 00 hh: A0
Instruction:STA Addressing Mode:Absolute - Operand (Value: "0x00", Address: "0xA000")
Writing value 0x00 to address: 0xA000
0xA000: 0x00
Instruction cycle count set to 4
A |X |Y |SP |PC   |T/MT |NV-BDIZC |CYCLE
----------------------------------------
00|00|00|FE |0705 |1/4  |10100100 |15697
00|00|00|FE |0705 |2/4  |10100100 |15698
00|00|00|FE |0705 |3/4  |10100100 |15699
00|00|00|FE |0705 |4/4  |10100100 |15700


---------------
Opcode: 4A
Instruction:LSR Addressing Mode:Accumulator - Operand (Value: "0x00", Address: "None")
Instruction cycle count set to 2
A |X |Y |SP |PC   |T/MT |NV-BDIZC |CYCLE
----------------------------------------
00|00|00|FE |0706 |1/2  |00100110 |15701
00|00|00|FE |0706 |2/2  |00100110 |15702


---------------
Opcode: C9
ll: 02
Instruction:CMP Addressing Mode:Immediate - Operand (Value: "0x02", Address: "None")
Instruction cycle count set to 2
A |X |Y |SP |PC   |T/MT |NV-BDIZC |CYCLE
----------------------------------------
00|00|00|FE |0708 |1/2  |10100100 |15703
00|00|00|FE |0708 |2/2  |10100100 |15704


---------------
Opcode: D0
ll: F8
Old PC: 070A Offset:-8 New PC: 0702
Instruction:BNE Addressing Mode:Relative - Operand (Value: "None", Address: "0x0702")
Instruction cycle count set to 2
A |X |Y |SP |PC   |T/MT |NV-BDIZC |CYCLE
----------------------------------------
00|00|00|FE |0702 |1/3  |10100100 |15705
00|00|00|FE |0702 |2/3  |10100100 |15706
00|00|00|FE |0702 |3/3  |10100100 |15707


---------------
Opcode: 8D
ll: 00 hh: A0
Instruction:STA Addressing Mode:Absolute - Operand (Value: "0x00", Address: "0xA000")
Writing value 0x00 to address: 0xA000
0xA000: 0x00
Instruction cycle count set to 4
A |X |Y |SP |PC   |T/MT |NV-BDIZC |CYCLE
----------------------------------------
00|00|00|FE |0705 |1/4  |10100100 |15708
00|00|00|FE |0705 |2/4  |10100100 |15709
00|00|00|FE |0705 |3/4  |10100100 |15710
00|00|00|FE |0705 |4/4  |10100100 |15711


---------------
Opcode: 4A
Instruction:LSR Addressing Mode:Accumulator - Operand (Value: "0x00", Address: "None")
Instruction cycle count set to 2
A |X |Y |SP |PC   |T/MT |NV-BDIZC |CYCLE
----------------------------------------
00|00|00|FE |0706 |1/2  |00100110 |15712
00|00|00|FE |0706 |2/2  |00100110 |15713


---------------
Opcode: C9
ll: 02
Instruction:CMP Addressing Mode:Immediate - Operand (Value: "0x02", Address: "None")
Instruction cycle count set to 2
A |X |Y |SP |PC   |T/MT |NV-BDIZC |CYCLE
----------------------------------------
00|00|00|FE |0708 |1/2  |10100100 |15714
00|00|00|FE |0708 |2/2  |10100100 |15715


---------------
Opcode: D0
ll: F8
Old PC: 070A Offset:-8 New PC: 0702
Instruction:BNE Addressing Mode:Relative - Operand (Value: "None", Address: "0x0702")
Instruction cycle count set to 2
A |X |Y |SP |PC   |T/MT |NV-BDIZC |CYCLE
----------------------------------------
00|00|00|FE |0702 |1/3  |10100100 |15716
00|00|00|FE |0702 |2/3  |10100100 |15717
00|00|00|FE |0702 |3/3  |10100100 |15718


---------------
Opcode: 8D
ll: 00 hh: A0
Instruction:STA Addressing Mode:Absolute - Operand (Value: "0x00", Address: "0xA000")
Writing value 0x00 to address: 0xA000
0xA000: 0x00
Instruction cycle count set to 4
A |X |Y |SP |PC   |T/MT |NV-BDIZC |CYCLE
----------------------------------------
00|00|00|FE |0705 |1/4  |10100100 |15719
00|00|00|FE |0705 |2/4  |10100100 |15720
00|00|00|FE |0705 |3/4  |10100100 |15721
00|00|00|FE |0705 |4/4  |10100100 |15722


---------------
Opcode: 4A
Instruction:LSR Addressing Mode:Accumulator - Operand (Value: "0x00", Address: "None")
Instruction cycle count set to 2
A |X |Y |SP |PC   |T/MT |NV-BDIZC |CYCLE
----------------------------------------
00|00|00|FE |0706 |1/2  |00100110 |15723
00|00|00|FE |0706 |2/2  |00100110 |15724


---------------
Opcode: C9
ll: 02
Instruction:CMP Addressing Mode:Immediate - Operand (Value: "0x02", Address: "None")
Instruction cycle count set to 2
A |X |Y |SP |PC   |T/MT |NV-BDIZC |CYCLE
----------------------------------------
00|00|00|FE |0708 |1/2  |10100100 |15725
00|00|00|FE |0708 |2/2  |10100100 |15726


---------------
Opcode: D0
ll: F8
Old PC: 070A Offset:-8 New PC: 0702
Instruction:BNE Addressing Mode:Relative - Operand (Value: "None", Address: "0x0702")
Instruction cycle count set to 2
A |X |Y |SP |PC   |T/MT |NV-BDIZC |CYCLE
----------------------------------------
00|00|00|FE |0702 |1/3  |10100100 |15727
00|00|00|FE |0702 |2/3  |10100100 |15728
00|00|00|FE |0702 |3/3  |10100100 |15729


---------------
Opcode: 8D
ll: 00 hh: A0
Instruction:STA Addressing Mode:Absolute - Operand (Value: "0x00", Address: "0xA000")
Writing value 0x00 to address: 0xA000
0xA000: 0x00
Instruction cycle count set to 4
A |X |Y |SP |PC   |T/MT |NV-BDIZC |CYCLE
----------------------------------------
00|00|00|FE |0705 |1/4  |10100100 |15730
00|00|00|FE |0705 |2/4  |10100100 |15731
00|00|00|FE |0705 |3/4  |10100100 |15732
00|00|00|FE |0705 |4/4  |10100100 |15733


---------------
Opcode: 4A
Instruction:LSR Addressing Mode:Accumulator - Operand (Value: "0x00", Address: "None")
Instruction cycle count set to 2
A |X |Y |SP |PC   |T/MT |NV-BDIZC |CYCLE
----------------------------------------
00|00|00|FE |0706 |1/2  |00100110 |15734
00|00|00|FE |0706 |2/2  |00100110 |15735


---------------
Opcode: C9
ll: 02
Instruction:CMP Addressing Mode:Immediate - Operand (Value: "0x02", Address: "None")
Instruction cycle count set to 2
A |X |Y |SP |PC   |T/MT |NV-BDIZC |CYCLE
----------------------------------------
00|00|00|FE |0708 |1/2  |10100100 |15736
00|00|00|FE |0708 |2/2  |10100100 |15737


---------------
Opcode: D0
ll: F8
Old PC: 070A Offset:-8 New PC: 0702
Instruction:BNE Addressing Mode:Relative - Operand (Value: "None", Address: "0x0702")
Instruction cycle count set to 2
A |X |Y |SP |PC   |T/MT |NV-BDIZC |CYCLE
----------------------------------------
00|00|00|FE |0702 |1/3  |10100100 |15738
00|00|00|FE |0702 |2/3  |10100100 |15739
00|00|00|FE |0702 |3/3  |10100100 |15740


---------------
Opcode: 8D
ll: 00 hh: A0
Instruction:STA Addressing Mode:Absolute - Operand (Value: "0x00", Address: "0xA000")
Writing value 0x00 to address: 0xA000
0xA000: 0x00
Instruction cycle count set to 4
A |X |Y |SP |PC   |T/MT |NV-BDIZC |CYCLE
----------------------------------------
00|00|00|FE |0705 |1/4  |10100100 |15741
00|00|00|FE |0705 |2/4  |10100100 |15742
00|00|00|FE |0705 |3/4  |10100100 |15743
00|00|00|FE |0705 |4/4  |10100100 |15744


---------------
Opcode: 4A
Instruction:LSR Addressing Mode:Accumulator - Operand (Value: "0x00", Address: "None")
Instruction cycle count set to 2
A |X |Y |SP |PC   |T/MT |NV-BDIZC |CYCLE
----------------------------------------
00|00|00|FE |0706 |1/2  |00100110 |15745
00|00|00|FE |0706 |2/2  |00100110 |15746


---------------
Opcode: C9
ll: 02
Instruction:CMP Addressing Mode:Immediate - Operand (Value: "0x02", Address: "None")
Instruction cycle count set to 2
A |X |Y |SP |PC   |T/MT |NV-BDIZC |CYCLE
----------------------------------------
00|00|00|FE |0708 |1/2  |10100100 |15747
00|00|00|FE |0708 |2/2  |10100100 |15748


---------------
Opcode: D0
ll: F8
Old PC: 070A Offset:-8 New PC: 0702
Instruction:BNE Addressing Mode:Relative - Operand (Value: "None", Address: "0x0702")
Instruction cycle count set to 2
A |X |Y |SP |PC   |T/MT |NV-BDIZC |CYCLE
----------------------------------------
00|00|00|FE |0702 |1/3  |10100100 |15749
00|00|00|FE |0702 |2/3  |10100100 |15750
00|00|00|FE |0702 |3/3  |10100100 |15751


---------------
Opcode: 8D
ll: 00 hh: A0
Instruction:STA Addressing Mode:Absolute - Operand (Value: "0x00", Address: "0xA000")
Writing value 0x00 to address: 0xA000
0xA000: 0x00
Instruction cycle count set to 4
A |X |Y |SP |PC   |T/MT |NV-BDIZC |CYCLE
----------------------------------------
00|00|00|FE |0705 |1/4  |10100100 |15752
00|00|00|FE |0705 |2/4  |10100100 |15753
00|00|00|FE |0705 |3/4  |10100100 |15754
00|00|00|FE |0705 |4/4  |10100100 |15755


---------------
Opcode: 4A
Instruction:LSR Addressing Mode:Accumulator - Operand (Value: "0x00", Address: "None")
Instruction cycle count set to 2
A |X |Y |SP |PC   |T/MT |NV-BDIZC |CYCLE
----------------------------------------
00|00|00|FE |0706 |1/2  |00100110 |15756
00|00|00|FE |0706 |2/2  |00100110 |15757


---------------
Opcode: C9
ll: 02
Instruction:CMP Addressing Mode:Immediate - Operand (Value: "0x02", Address: "None")
Instruction cycle count set to 2
A |X |Y |SP |PC   |T/MT |NV-BDIZC |CYCLE
----------------------------------------
00|00|00|FE |0708 |1/2  |10100100 |15758
00|00|00|FE |0708 |2/2  |10100100 |15759


---------------
Opcode: D0
ll: F8
Old PC: 070A Offset:-8 New PC: 0702
Instruction:BNE Addressing Mode:Relative - Operand (Value: "None", Address: "0x0702")
Instruction cycle count set to 2
A |X |Y |SP |PC   |T/MT |NV-BDIZC |CYCLE
----------------------------------------
00|00|00|FE |0702 |1/3  |10100100 |15760
00|00|00|FE |0702 |2/3  |10100100 |15761
00|00|00|FE |0702 |3/3  |10100100 |15762


---------------
Opcode: 8D
ll: 00 hh: A0
Instruction:STA Addressing Mode:Absolute - Operand (Value: "0x00", Address: "0xA000")
Writing value 0x00 to address: 0xA000
0xA000: 0x00
Instruction cycle count set to 4
A |X |Y |SP |PC   |T/MT |NV-BDIZC |CYCLE
----------------------------------------
00|00|00|FE |0705 |1/4  |10100100 |15763
00|00|00|FE |0705 |2/4  |10100100 |15764
00|00|00|FE |0705 |3/4  |10100100 |15765
00|00|00|FE |0705 |4/4  |10100100 |15766


---------------
Opcode: 4A
Instruction:LSR Addressing Mode:Accumulator - Operand (Value: "0x00", Address: "None")
Instruction cycle count set to 2
A |X |Y |SP |PC   |T/MT |NV-BDIZC |CYCLE
----------------------------------------
00|00|00|FE |0706 |1/2  |00100110 |15767
00|00|00|FE |0706 |2/2  |00100110 |15768


---------------
Opcode: C9
ll: 02
Instruction:CMP Addressing Mode:Immediate - Operand (Value: "0x02", Address: "None")
Instruction cycle count set to 2
A |X |Y |SP |PC   |T/MT |NV-BDIZC |CYCLE
----------------------------------------
00|00|00|FE |0708 |1/2  |10100100 |15769
00|00|00|FE |0708 |2/2  |10100100 |15770


---------------
Opcode: D0
ll: F8
Old PC: 070A Offset:-8 New PC: 0702
Instruction:BNE Addressing Mode:Relative - Operand (Value: "None", Address: "0x0702")
Instruction cycle count set to 2
A |X |Y |SP |PC   |T/MT |NV-BDIZC |CYCLE
----------------------------------------
00|00|00|FE |0702 |1/3  |10100100 |15771
00|00|00|FE |0702 |2/3  |10100100 |15772
00|00|00|FE |0702 |3/3  |10100100 |15773


---------------
Opcode: 8D
ll: 00 hh: A0
Instruction:STA Addressing Mode:Absolute - Operand (Value: "0x00", Address: "0xA000")
Writing value 0x00 to address: 0xA000
0xA000: 0x00
Instruction cycle count set to 4
A |X |Y |SP |PC   |T/MT |NV-BDIZC |CYCLE
----------------------------------------
00|00|00|FE |0705 |1/4  |10100100 |15774
00|00|00|FE |0705 |2/4  |10100100 |15775
00|00|00|FE |0705 |3/4  |10100100 |15776
00|00|00|FE |0705 |4/4  |10100100 |15777


---------------
Opcode: 4A
Instruction:LSR Addressing Mode:Accumulator - Operand (Value: "0x00", Address: "None")
Instruction cycle count set to 2
A |X |Y |SP |PC   |T/MT |NV-BDIZC |CYCLE
----------------------------------------
00|00|00|FE |0706 |1/2  |00100110 |15778
00|00|00|FE |0706 |2/2  |00100110 |15779


---------------
Opcode: C9
ll: 02
Instruction:CMP Addressing Mode:Immediate - Operand (Value: "0x02", Address: "None")
Instruction cycle count set to 2
A |X |Y |SP |PC   |T/MT |NV-BDIZC |CYCLE
----------------------------------------
00|00|00|FE |0708 |1/2  |10100100 |15780
00|00|00|FE |0708 |2/2  |10100100 |15781


---------------
Opcode: D0
ll: F8
Old PC: 070A Offset:-8 New PC: 0702
Instruction:BNE Addressing Mode:Relative - Operand (Value: "None", Address: "0x0702")
Instruction cycle count set to 2
A |X |Y |SP |PC   |T/MT |NV-BDIZC |CYCLE
----------------------------------------
00|00|00|FE |0702 |1/3  |10100100 |15782
00|00|00|FE |0702 |2/3  |10100100 |15783
00|00|00|FE |0702 |3/3  |10100100 |15784


---------------
Opcode: 8D
ll: 00 hh: A0
Instruction:STA Addressing Mode:Absolute - Operand (Value: "0x00", Address: "0xA000")
Writing value 0x00 to address: 0xA000
0xA000: 0x00
Instruction cycle count set to 4
A |X |Y |SP |PC   |T/MT |NV-BDIZC |CYCLE
----------------------------------------
00|00|00|FE |0705 |1/4  |10100100 |15785
00|00|00|FE |0705 |2/4  |10100100 |15786
00|00|00|FE |0705 |3/4  |10100100 |15787
00|00|00|FE |0705 |4/4  |10100100 |15788


---------------
Opcode: 4A
Instruction:LSR Addressing Mode:Accumulator - Operand (Value: "0x00", Address: "None")
Instruction cycle count set to 2
A |X |Y |SP |PC   |T/MT |NV-BDIZC |CYCLE
----------------------------------------
00|00|00|FE |0706 |1/2  |00100110 |15789
00|00|00|FE |0706 |2/2  |00100110 |15790


---------------
Opcode: C9
ll: 02
Instruction:CMP Addressing Mode:Immediate - Operand (Value: "0x02", Address: "None")
Instruction cycle count set to 2
A |X |Y |SP |PC   |T/MT |NV-BDIZC |CYCLE
----------------------------------------
00|00|00|FE |0708 |1/2  |10100100 |15791
00|00|00|FE |0708 |2/2  |10100100 |15792


---------------
Opcode: D0
ll: F8
Old PC: 070A Offset:-8 New PC: 0702
Instruction:BNE Addressing Mode:Relative - Operand (Value: "None", Address: "0x0702")
Instruction cycle count set to 2
A |X |Y |SP |PC   |T/MT |NV-BDIZC |CYCLE
----------------------------------------
00|00|00|FE |0702 |1/3  |10100100 |15793
00|00|00|FE |0702 |2/3  |10100100 |15794
00|00|00|FE |0702 |3/3  |10100100 |15795


---------------
Opcode: 8D
ll: 00 hh: A0
Instruction:STA Addressing Mode:Absolute - Operand (Value: "0x00", Address: "0xA000")
Writing value 0x00 to address: 0xA000
0xA000: 0x00
Instruction cycle count set to 4
A |X |Y |SP |PC   |T/MT |NV-BDIZC |CYCLE
----------------------------------------
00|00|00|FE |0705 |1/4  |10100100 |15796
00|00|00|FE |0705 |2/4  |10100100 |15797
00|00|00|FE |0705 |3/4  |10100100 |15798
00|00|00|FE |0705 |4/4  |10100100 |15799


---------------
Opcode: 4A
Instruction:LSR Addressing Mode:Accumulator - Operand (Value: "0x00", Address: "None")
Instruction cycle count set to 2
A |X |Y |SP |PC   |T/MT |NV-BDIZC |CYCLE
----------------------------------------
00|00|00|FE |0706 |1/2  |00100110 |15800
00|00|00|FE |0706 |2/2  |00100110 |15801


---------------
Opcode: C9
ll: 02
Instruction:CMP Addressing Mode:Immediate - Operand (Value: "0x02", Address: "None")
Instruction cycle count set to 2
A |X |Y |SP |PC   |T/MT |NV-BDIZC |CYCLE
----------------------------------------
00|00|00|FE |0708 |1/2  |10100100 |15802
00|00|00|FE |0708 |2/2  |10100100 |15803


---------------
Opcode: D0
ll: F8
Old PC: 070A Offset:-8 New PC: 0702
Instruction:BNE Addressing Mode:Relative - Operand (Value: "None", Address: "0x0702")
Instruction cycle count set to 2
A |X |Y |SP |PC   |T/MT |NV-BDIZC |CYCLE
----------------------------------------
00|00|00|FE |0702 |1/3  |10100100 |15804
00|00|00|FE |0702 |2/3  |10100100 |15805
00|00|00|FE |0702 |3/3  |10100100 |15806


---------------
Opcode: 8D
ll: 00 hh: A0
Instruction:STA Addressing Mode:Absolute - Operand (Value: "0x00", Address: "0xA000")
Writing value 0x00 to address: 0xA000
0xA000: 0x00
Instruction cycle count set to 4
A |X |Y |SP |PC   |T/MT |NV-BDIZC |CYCLE
----------------------------------------
00|00|00|FE |0705 |1/4  |10100100 |15807
00|00|00|FE |0705 |2/4  |10100100 |15808
00|00|00|FE |0705 |3/4  |10100100 |15809
00|00|00|FE |0705 |4/4  |10100100 |15810


---------------
Opcode: 4A
Instruction:LSR Addressing Mode:Accumulator - Operand (Value: "0x00", Address: "None")
Instruction cycle count set to 2
A |X |Y |SP |PC   |T/MT |NV-BDIZC |CYCLE
----------------------------------------
00|00|00|FE |0706 |1/2  |00100110 |15811
00|00|00|FE |0706 |2/2  |00100110 |15812


---------------
Opcode: C9
ll: 02
Instruction:CMP Addressing Mode:Immediate - Operand (Value: "0x02", Address: "None")
Instruction cycle count set to 2
A |X |Y |SP |PC   |T/MT |NV-BDIZC |CYCLE
----------------------------------------
00|00|00|FE |0708 |1/2  |10100100 |15813
00|00|00|FE |0708 |2/2  |10100100 |15814


---------------
Opcode: D0
ll: F8
Old PC: 070A Offset:-8 New PC: 0702
Instruction:BNE Addressing Mode:Relative - Operand (Value: "None", Address: "0x0702")
Instruction cycle count set to 2
A |X |Y |SP |PC   |T/MT |NV-BDIZC |CYCLE
----------------------------------------
00|00|00|FE |0702 |1/3  |10100100 |15815
00|00|00|FE |0702 |2/3  |10100100 |15816
00|00|00|FE |0702 |3/3  |10100100 |15817


---------------
Opcode: 8D
ll: 00 hh: A0
Instruction:STA Addressing Mode:Absolute - Operand (Value: "0x00", Address: "0xA000")
Writing value 0x00 to address: 0xA000
0xA000: 0x00
Instruction cycle count set to 4
A |X |Y |SP |PC   |T/MT |NV-BDIZC |CYCLE
----------------------------------------
00|00|00|FE |0705 |1/4  |10100100 |15818
00|00|00|FE |0705 |2/4  |10100100 |15819
00|00|00|FE |0705 |3/4  |10100100 |15820
00|00|00|FE |0705 |4/4  |10100100 |15821


---------------
Opcode: 4A
Instruction:LSR Addressing Mode:Accumulator - Operand (Value: "0x00", Address: "None")
Instruction cycle count set to 2
A |X |Y |SP |PC   |T/MT |NV-BDIZC |CYCLE
----------------------------------------
00|00|00|FE |0706 |1/2  |00100110 |15822
00|00|00|FE |0706 |2/2  |00100110 |15823


---------------
Opcode: C9
ll: 02
Instruction:CMP Addressing Mode:Immediate - Operand (Value: "0x02", Address: "None")
Instruction cycle count set to 2
A |X |Y |SP |PC   |T/MT |NV-BDIZC |CYCLE
----------------------------------------
00|00|00|FE |0708 |1/2  |10100100 |15824
00|00|00|FE |0708 |2/2  |10100100 |15825


---------------
Opcode: D0
ll: F8
Old PC: 070A Offset:-8 New PC: 0702
Instruction:BNE Addressing Mode:Relative - Operand (Value: "None", Address: "0x0702")
Instruction cycle count set to 2
A |X |Y |SP |PC   |T/MT |NV-BDIZC |CYCLE
----------------------------------------
00|00|00|FE |0702 |1/3  |10100100 |15826
00|00|00|FE |0702 |2/3  |10100100 |15827
00|00|00|FE |0702 |3/3  |10100100 |15828


---------------
Opcode: 8D
ll: 00 hh: A0
Instruction:STA Addressing Mode:Absolute - Operand (Value: "0x00", Address: "0xA000")
Writing value 0x00 to address: 0xA000
0xA000: 0x00
Instruction cycle count set to 4
A |X |Y |SP |PC   |T/MT |NV-BDIZC |CYCLE
----------------------------------------
00|00|00|FE |0705 |1/4  |10100100 |15829
00|00|00|FE |0705 |2/4  |10100100 |15830
00|00|00|FE |0705 |3/4  |10100100 |15831
00|00|00|FE |0705 |4/4  |10100100 |15832


---------------
Opcode: 4A
Instruction:LSR Addressing Mode:Accumulator - Operand (Value: "0x00", Address: "None")
Instruction cycle count set to 2
A |X |Y |SP |PC   |T/MT |NV-BDIZC |CYCLE
----------------------------------------
00|00|00|FE |0706 |1/2  |00100110 |15833
00|00|00|FE |0706 |2/2  |00100110 |15834


---------------
Opcode: C9
ll: 02
Instruction:CMP Addressing Mode:Immediate - Operand (Value: "0x02", Address: "None")
Instruction cycle count set to 2
A |X |Y |SP |PC   |T/MT |NV-BDIZC |CYCLE
----------------------------------------
00|00|00|FE |0708 |1/2  |10100100 |15835
00|00|00|FE |0708 |2/2  |10100100 |15836


---------------
Opcode: D0
ll: F8
Old PC: 070A Offset:-8 New PC: 0702
Instruction:BNE Addressing Mode:Relative - Operand (Value: "None", Address: "0x0702")
Instruction cycle count set to 2
A |X |Y |SP |PC   |T/MT |NV-BDIZC |CYCLE
----------------------------------------
00|00|00|FE |0702 |1/3  |10100100 |15837
00|00|00|FE |0702 |2/3  |10100100 |15838
00|00|00|FE |0702 |3/3  |10100100 |15839


---------------
Opcode: 8D
ll: 00 hh: A0
Instruction:STA Addressing Mode:Absolute - Operand (Value: "0x00", Address: "0xA000")
Writing value 0x00 to address: 0xA000
0xA000: 0x00
Instruction cycle count set to 4
A |X |Y |SP |PC   |T/MT |NV-BDIZC |CYCLE
----------------------------------------
00|00|00|FE |0705 |1/4  |10100100 |15840
00|00|00|FE |0705 |2/4  |10100100 |15841
00|00|00|FE |0705 |3/4  |10100100 |15842
00|00|00|FE |0705 |4/4  |10100100 |15843


---------------
Opcode: 4A
Instruction:LSR Addressing Mode:Accumulator - Operand (Value: "0x00", Address: "None")
Instruction cycle count set to 2
A |X |Y |SP |PC   |T/MT |NV-BDIZC |CYCLE
----------------------------------------
00|00|00|FE |0706 |1/2  |00100110 |15844
00|00|00|FE |0706 |2/2  |00100110 |15845


---------------
Opcode: C9
ll: 02
Instruction:CMP Addressing Mode:Immediate - Operand (Value: "0x02", Address: "None")
Instruction cycle count set to 2
A |X |Y |SP |PC   |T/MT |NV-BDIZC |CYCLE
----------------------------------------
00|00|00|FE |0708 |1/2  |10100100 |15846
00|00|00|FE |0708 |2/2  |10100100 |15847


---------------
Opcode: D0
ll: F8
Old PC: 070A Offset:-8 New PC: 0702
Instruction:BNE Addressing Mode:Relative - Operand (Value: "None", Address: "0x0702")
Instruction cycle count set to 2
A |X |Y |SP |PC   |T/MT |NV-BDIZC |CYCLE
----------------------------------------
00|00|00|FE |0702 |1/3  |10100100 |15848
00|00|00|FE |0702 |2/3  |10100100 |15849
00|00|00|FE |0702 |3/3  |10100100 |15850


---------------
Opcode: 8D
ll: 00 hh: A0
Instruction:STA Addressing Mode:Absolute - Operand (Value: "0x00", Address: "0xA000")
Writing value 0x00 to address: 0xA000
0xA000: 0x00
Instruction cycle count set to 4
A |X |Y |SP |PC   |T/MT |NV-BDIZC |CYCLE
----------------------------------------
00|00|00|FE |0705 |1/4  |10100100 |15851
00|00|00|FE |0705 |2/4  |10100100 |15852
00|00|00|FE |0705 |3/4  |10100100 |15853
00|00|00|FE |0705 |4/4  |10100100 |15854


---------------
Opcode: 4A
Instruction:LSR Addressing Mode:Accumulator - Operand (Value: "0x00", Address: "None")
Instruction cycle count set to 2
A |X |Y |SP |PC   |T/MT |NV-BDIZC |CYCLE
----------------------------------------
00|00|00|FE |0706 |1/2  |00100110 |15855
00|00|00|FE |0706 |2/2  |00100110 |15856


---------------
Opcode: C9
ll: 02
Instruction:CMP Addressing Mode:Immediate - Operand (Value: "0x02", Address: "None")
Instruction cycle count set to 2
A |X |Y |SP |PC   |T/MT |NV-BDIZC |CYCLE
----------------------------------------
00|00|00|FE |0708 |1/2  |10100100 |15857
00|00|00|FE |0708 |2/2  |10100100 |15858


---------------
Opcode: D0
ll: F8
Old PC: 070A Offset:-8 New PC: 0702
Instruction:BNE Addressing Mode:Relative - Operand (Value: "None", Address: "0x0702")
Instruction cycle count set to 2
A |X |Y |SP |PC   |T/MT |NV-BDIZC |CYCLE
----------------------------------------
00|00|00|FE |0702 |1/3  |10100100 |15859
00|00|00|FE |0702 |2/3  |10100100 |15860
00|00|00|FE |0702 |3/3  |10100100 |15861


---------------
Opcode: 8D
ll: 00 hh: A0
Instruction:STA Addressing Mode:Absolute - Operand (Value: "0x00", Address: "0xA000")
Writing value 0x00 to address: 0xA000
0xA000: 0x00
Instruction cycle count set to 4
A |X |Y |SP |PC   |T/MT |NV-BDIZC |CYCLE
----------------------------------------
00|00|00|FE |0705 |1/4  |10100100 |15862
00|00|00|FE |0705 |2/4  |10100100 |15863
00|00|00|FE |0705 |3/4  |10100100 |15864
00|00|00|FE |0705 |4/4  |10100100 |15865


---------------
Opcode: 4A
Instruction:LSR Addressing Mode:Accumulator - Operand (Value: "0x00", Address: "None")
Instruction cycle count set to 2
A |X |Y |SP |PC   |T/MT |NV-BDIZC |CYCLE
----------------------------------------
00|00|00|FE |0706 |1/2  |00100110 |15866
00|00|00|FE |0706 |2/2  |00100110 |15867


---------------
Opcode: C9
ll: 02
Instruction:CMP Addressing Mode:Immediate - Operand (Value: "0x02", Address: "None")
Instruction cycle count set to 2
A |X |Y |SP |PC   |T/MT |NV-BDIZC |CYCLE
----------------------------------------
00|00|00|FE |0708 |1/2  |10100100 |15868
00|00|00|FE |0708 |2/2  |10100100 |15869


---------------
Opcode: D0
ll: F8
Old PC: 070A Offset:-8 New PC: 0702
Instruction:BNE Addressing Mode:Relative - Operand (Value: "None", Address: "0x0702")
Instruction cycle count set to 2
A |X |Y |SP |PC   |T/MT |NV-BDIZC |CYCLE
----------------------------------------
00|00|00|FE |0702 |1/3  |10100100 |15870
00|00|00|FE |0702 |2/3  |10100100 |15871
00|00|00|FE |0702 |3/3  |10100100 |15872


---------------
Opcode: 8D
ll: 00 hh: A0
Instruction:STA Addressing Mode:Absolute - Operand (Value: "0x00", Address: "0xA000")
Writing value 0x00 to address: 0xA000
0xA000: 0x00
Instruction cycle count set to 4
A |X |Y |SP |PC   |T/MT |NV-BDIZC |CYCLE
----------------------------------------
00|00|00|FE |0705 |1/4  |10100100 |15873
00|00|00|FE |0705 |2/4  |10100100 |15874
00|00|00|FE |0705 |3/4  |10100100 |15875
00|00|00|FE |0705 |4/4  |10100100 |15876


---------------
Opcode: 4A
Instruction:LSR Addressing Mode:Accumulator - Operand (Value: "0x00", Address: "None")
Instruction cycle count set to 2
A |X |Y |SP |PC   |T/MT |NV-BDIZC |CYCLE
----------------------------------------
00|00|00|FE |0706 |1/2  |00100110 |15877
00|00|00|FE |0706 |2/2  |00100110 |15878


---------------
Opcode: C9
ll: 02
Instruction:CMP Addressing Mode:Immediate - Operand (Value: "0x02", Address: "None")
Instruction cycle count set to 2
A |X |Y |SP |PC   |T/MT |NV-BDIZC |CYCLE
----------------------------------------
00|00|00|FE |0708 |1/2  |10100100 |15879
00|00|00|FE |0708 |2/2  |10100100 |15880


---------------
Opcode: D0
ll: F8
Old PC: 070A Offset:-8 New PC: 0702
Instruction:BNE Addressing Mode:Relative - Operand (Value: "None", Address: "0x0702")
Instruction cycle count set to 2
A |X |Y |SP |PC   |T/MT |NV-BDIZC |CYCLE
----------------------------------------
00|00|00|FE |0702 |1/3  |10100100 |15881
00|00|00|FE |0702 |2/3  |10100100 |15882
00|00|00|FE |0702 |3/3  |10100100 |15883


---------------
Opcode: 8D
ll: 00 hh: A0
Instruction:STA Addressing Mode:Absolute - Operand (Value: "0x00", Address: "0xA000")
Writing value 0x00 to address: 0xA000
0xA000: 0x00
Instruction cycle count set to 4
A |X |Y |SP |PC   |T/MT |NV-BDIZC |CYCLE
----------------------------------------
00|00|00|FE |0705 |1/4  |10100100 |15884
00|00|00|FE |0705 |2/4  |10100100 |15885
00|00|00|FE |0705 |3/4  |10100100 |15886
00|00|00|FE |0705 |4/4  |10100100 |15887


---------------
Opcode: 4A
Instruction:LSR Addressing Mode:Accumulator - Operand (Value: "0x00", Address: "None")
Instruction cycle count set to 2
A |X |Y |SP |PC   |T/MT |NV-BDIZC |CYCLE
----------------------------------------
00|00|00|FE |0706 |1/2  |00100110 |15888
00|00|00|FE |0706 |2/2  |00100110 |15889


---------------
Opcode: C9
ll: 02
Instruction:CMP Addressing Mode:Immediate - Operand (Value: "0x02", Address: "None")
Instruction cycle count set to 2
A |X |Y |SP |PC   |T/MT |NV-BDIZC |CYCLE
----------------------------------------
00|00|00|FE |0708 |1/2  |10100100 |15890
00|00|00|FE |0708 |2/2  |10100100 |15891


---------------
Opcode: D0
ll: F8
Old PC: 070A Offset:-8 New PC: 0702
Instruction:BNE Addressing Mode:Relative - Operand (Value: "None", Address: "0x0702")
Instruction cycle count set to 2
A |X |Y |SP |PC   |T/MT |NV-BDIZC |CYCLE
----------------------------------------
00|00|00|FE |0702 |1/3  |10100100 |15892
00|00|00|FE |0702 |2/3  |10100100 |15893
00|00|00|FE |0702 |3/3  |10100100 |15894


---------------
Opcode: 8D
ll: 00 hh: A0
Instruction:STA Addressing Mode:Absolute - Operand (Value: "0x00", Address: "0xA000")
Writing value 0x00 to address: 0xA000
0xA000: 0x00
Instruction cycle count set to 4
A |X |Y |SP |PC   |T/MT |NV-BDIZC |CYCLE
----------------------------------------
00|00|00|FE |0705 |1/4  |10100100 |15895
00|00|00|FE |0705 |2/4  |10100100 |15896
00|00|00|FE |0705 |3/4  |10100100 |15897
00|00|00|FE |0705 |4/4  |10100100 |15898


---------------
Opcode: 4A
Instruction:LSR Addressing Mode:Accumulator - Operand (Value: "0x00", Address: "None")
Instruction cycle count set to 2
A |X |Y |SP |PC   |T/MT |NV-BDIZC |CYCLE
----------------------------------------
00|00|00|FE |0706 |1/2  |00100110 |15899
00|00|00|FE |0706 |2/2  |00100110 |15900


---------------
Opcode: C9
ll: 02
Instruction:CMP Addressing Mode:Immediate - Operand (Value: "0x02", Address: "None")
Instruction cycle count set to 2
A |X |Y |SP |PC   |T/MT |NV-BDIZC |CYCLE
----------------------------------------
00|00|00|FE |0708 |1/2  |10100100 |15901
00|00|00|FE |0708 |2/2  |10100100 |15902


---------------
Opcode: D0
ll: F8
Old PC: 070A Offset:-8 New PC: 0702
Instruction:BNE Addressing Mode:Relative - Operand (Value: "None", Address: "0x0702")
Instruction cycle count set to 2
A |X |Y |SP |PC   |T/MT |NV-BDIZC |CYCLE
----------------------------------------
00|00|00|FE |0702 |1/3  |10100100 |15903
00|00|00|FE |0702 |2/3  |10100100 |15904
00|00|00|FE |0702 |3/3  |10100100 |15905


---------------
Opcode: 8D
ll: 00 hh: A0
Instruction:STA Addressing Mode:Absolute - Operand (Value: "0x00", Address: "0xA000")
Writing value 0x00 to address: 0xA000
0xA000: 0x00
Instruction cycle count set to 4
A |X |Y |SP |PC   |T/MT |NV-BDIZC |CYCLE
----------------------------------------
00|00|00|FE |0705 |1/4  |10100100 |15906
00|00|00|FE |0705 |2/4  |10100100 |15907
00|00|00|FE |0705 |3/4  |10100100 |15908
00|00|00|FE |0705 |4/4  |10100100 |15909


---------------
Opcode: 4A
Instruction:LSR Addressing Mode:Accumulator - Operand (Value: "0x00", Address: "None")
Instruction cycle count set to 2
A |X |Y |SP |PC   |T/MT |NV-BDIZC |CYCLE
----------------------------------------
00|00|00|FE |0706 |1/2  |00100110 |15910
00|00|00|FE |0706 |2/2  |00100110 |15911


---------------
Opcode: C9
ll: 02
Instruction:CMP Addressing Mode:Immediate - Operand (Value: "0x02", Address: "None")
Instruction cycle count set to 2
A |X |Y |SP |PC   |T/MT |NV-BDIZC |CYCLE
----------------------------------------
00|00|00|FE |0708 |1/2  |10100100 |15912
00|00|00|FE |0708 |2/2  |10100100 |15913


---------------
Opcode: D0
ll: F8
Old PC: 070A Offset:-8 New PC: 0702
Instruction:BNE Addressing Mode:Relative - Operand (Value: "None", Address: "0x0702")
Instruction cycle count set to 2
A |X |Y |SP |PC   |T/MT |NV-BDIZC |CYCLE
----------------------------------------
00|00|00|FE |0702 |1/3  |10100100 |15914
00|00|00|FE |0702 |2/3  |10100100 |15915
00|00|00|FE |0702 |3/3  |10100100 |15916


---------------
Opcode: 8D
ll: 00 hh: A0
Instruction:STA Addressing Mode:Absolute - Operand (Value: "0x00", Address: "0xA000")
Writing value 0x00 to address: 0xA000
0xA000: 0x00
Instruction cycle count set to 4
A |X |Y |SP |PC   |T/MT |NV-BDIZC |CYCLE
----------------------------------------
00|00|00|FE |0705 |1/4  |10100100 |15917
00|00|00|FE |0705 |2/4  |10100100 |15918
00|00|00|FE |0705 |3/4  |10100100 |15919
00|00|00|FE |0705 |4/4  |10100100 |15920


---------------
Opcode: 4A
Instruction:LSR Addressing Mode:Accumulator - Operand (Value: "0x00", Address: "None")
Instruction cycle count set to 2
A |X |Y |SP |PC   |T/MT |NV-BDIZC |CYCLE
----------------------------------------
00|00|00|FE |0706 |1/2  |00100110 |15921
00|00|00|FE |0706 |2/2  |00100110 |15922


---------------
Opcode: C9
ll: 02
Instruction:CMP Addressing Mode:Immediate - Operand (Value: "0x02", Address: "None")
Instruction cycle count set to 2
A |X |Y |SP |PC   |T/MT |NV-BDIZC |CYCLE
----------------------------------------
00|00|00|FE |0708 |1/2  |10100100 |15923
00|00|00|FE |0708 |2/2  |10100100 |15924


---------------
Opcode: D0
ll: F8
Old PC: 070A Offset:-8 New PC: 0702
Instruction:BNE Addressing Mode:Relative - Operand (Value: "None", Address: "0x0702")
Instruction cycle count set to 2
A |X |Y |SP |PC   |T/MT |NV-BDIZC |CYCLE
----------------------------------------
00|00|00|FE |0702 |1/3  |10100100 |15925
00|00|00|FE |0702 |2/3  |10100100 |15926
00|00|00|FE |0702 |3/3  |10100100 |15927


---------------
Opcode: 8D
ll: 00 hh: A0
Instruction:STA Addressing Mode:Absolute - Operand (Value: "0x00", Address: "0xA000")
Writing value 0x00 to address: 0xA000
0xA000: 0x00
Instruction cycle count set to 4
A |X |Y |SP |PC   |T/MT |NV-BDIZC |CYCLE
----------------------------------------
00|00|00|FE |0705 |1/4  |10100100 |15928
00|00|00|FE |0705 |2/4  |10100100 |15929
00|00|00|FE |0705 |3/4  |10100100 |15930
00|00|00|FE |0705 |4/4  |10100100 |15931


---------------
Opcode: 4A
Instruction:LSR Addressing Mode:Accumulator - Operand (Value: "0x00", Address: "None")
Instruction cycle count set to 2
A |X |Y |SP |PC   |T/MT |NV-BDIZC |CYCLE
----------------------------------------
00|00|00|FE |0706 |1/2  |00100110 |15932
00|00|00|FE |0706 |2/2  |00100110 |15933


---------------
Opcode: C9
ll: 02
Instruction:CMP Addressing Mode:Immediate - Operand (Value: "0x02", Address: "None")
Instruction cycle count set to 2
A |X |Y |SP |PC   |T/MT |NV-BDIZC |CYCLE
----------------------------------------
00|00|00|FE |0708 |1/2  |10100100 |15934
00|00|00|FE |0708 |2/2  |10100100 |15935


---------------
Opcode: D0
ll: F8
Old PC: 070A Offset:-8 New PC: 0702
Instruction:BNE Addressing Mode:Relative - Operand (Value: "None", Address: "0x0702")
Instruction cycle count set to 2
A |X |Y |SP |PC   |T/MT |NV-BDIZC |CYCLE
----------------------------------------
00|00|00|FE |0702 |1/3  |10100100 |15936
00|00|00|FE |0702 |2/3  |10100100 |15937
00|00|00|FE |0702 |3/3  |10100100 |15938


---------------
Opcode: 8D
ll: 00 hh: A0
Instruction:STA Addressing Mode:Absolute - Operand (Value: "0x00", Address: "0xA000")
Writing value 0x00 to address: 0xA000
0xA000: 0x00
Instruction cycle count set to 4
A |X |Y |SP |PC   |T/MT |NV-BDIZC |CYCLE
----------------------------------------
00|00|00|FE |0705 |1/4  |10100100 |15939
00|00|00|FE |0705 |2/4  |10100100 |15940
00|00|00|FE |0705 |3/4  |10100100 |15941
00|00|00|FE |0705 |4/4  |10100100 |15942


---------------
Opcode: 4A
Instruction:LSR Addressing Mode:Accumulator - Operand (Value: "0x00", Address: "None")
Instruction cycle count set to 2
A |X |Y |SP |PC   |T/MT |NV-BDIZC |CYCLE
----------------------------------------
00|00|00|FE |0706 |1/2  |00100110 |15943
00|00|00|FE |0706 |2/2  |00100110 |15944


---------------
Opcode: C9
ll: 02
Instruction:CMP Addressing Mode:Immediate - Operand (Value: "0x02", Address: "None")
Instruction cycle count set to 2
A |X |Y |SP |PC   |T/MT |NV-BDIZC |CYCLE
----------------------------------------
00|00|00|FE |0708 |1/2  |10100100 |15945
00|00|00|FE |0708 |2/2  |10100100 |15946


---------------
Opcode: D0
ll: F8
Old PC: 070A Offset:-8 New PC: 0702
Instruction:BNE Addressing Mode:Relative - Operand (Value: "None", Address: "0x0702")
Instruction cycle count set to 2
A |X |Y |SP |PC   |T/MT |NV-BDIZC |CYCLE
----------------------------------------
00|00|00|FE |0702 |1/3  |10100100 |15947
00|00|00|FE |0702 |2/3  |10100100 |15948
00|00|00|FE |0702 |3/3  |10100100 |15949


---------------
Opcode: 8D
ll: 00 hh: A0
Instruction:STA Addressing Mode:Absolute - Operand (Value: "0x00", Address: "0xA000")
Writing value 0x00 to address: 0xA000
0xA000: 0x00
Instruction cycle count set to 4
A |X |Y |SP |PC   |T/MT |NV-BDIZC |CYCLE
----------------------------------------
00|00|00|FE |0705 |1/4  |10100100 |15950
00|00|00|FE |0705 |2/4  |10100100 |15951
00|00|00|FE |0705 |3/4  |10100100 |15952
00|00|00|FE |0705 |4/4  |10100100 |15953


---------------
Opcode: 4A
Instruction:LSR Addressing Mode:Accumulator - Operand (Value: "0x00", Address: "None")
Instruction cycle count set to 2
A |X |Y |SP |PC   |T/MT |NV-BDIZC |CYCLE
----------------------------------------
00|00|00|FE |0706 |1/2  |00100110 |15954
00|00|00|FE |0706 |2/2  |00100110 |15955


---------------
Opcode: C9
ll: 02
Instruction:CMP Addressing Mode:Immediate - Operand (Value: "0x02", Address: "None")
Instruction cycle count set to 2
A |X |Y |SP |PC   |T/MT |NV-BDIZC |CYCLE
----------------------------------------
00|00|00|FE |0708 |1/2  |10100100 |15956
00|00|00|FE |0708 |2/2  |10100100 |15957


---------------
Opcode: D0
ll: F8
Old PC: 070A Offset:-8 New PC: 0702
Instruction:BNE Addressing Mode:Relative - Operand (Value: "None", Address: "0x0702")
Instruction cycle count set to 2
A |X |Y |SP |PC   |T/MT |NV-BDIZC |CYCLE
----------------------------------------
00|00|00|FE |0702 |1/3  |10100100 |15958
00|00|00|FE |0702 |2/3  |10100100 |15959
00|00|00|FE |0702 |3/3  |10100100 |15960


---------------
Opcode: 8D
ll: 00 hh: A0
Instruction:STA Addressing Mode:Absolute - Operand (Value: "0x00", Address: "0xA000")
Writing value 0x00 to address: 0xA000
0xA000: 0x00
Instruction cycle count set to 4
A |X |Y |SP |PC   |T/MT |NV-BDIZC |CYCLE
----------------------------------------
00|00|00|FE |0705 |1/4  |10100100 |15961
00|00|00|FE |0705 |2/4  |10100100 |15962
00|00|00|FE |0705 |3/4  |10100100 |15963
00|00|00|FE |0705 |4/4  |10100100 |15964


---------------
Opcode: 4A
Instruction:LSR Addressing Mode:Accumulator - Operand (Value: "0x00", Address: "None")
Instruction cycle count set to 2
A |X |Y |SP |PC   |T/MT |NV-BDIZC |CYCLE
----------------------------------------
00|00|00|FE |0706 |1/2  |00100110 |15965
00|00|00|FE |0706 |2/2  |00100110 |15966


---------------
Opcode: C9
ll: 02
Instruction:CMP Addressing Mode:Immediate - Operand (Value: "0x02", Address: "None")
Instruction cycle count set to 2
A |X |Y |SP |PC   |T/MT |NV-BDIZC |CYCLE
----------------------------------------
00|00|00|FE |0708 |1/2  |10100100 |15967
00|00|00|FE |0708 |2/2  |10100100 |15968


---------------
Opcode: D0
ll: F8
Old PC: 070A Offset:-8 New PC: 0702
Instruction:BNE Addressing Mode:Relative - Operand (Value: "None", Address: "0x0702")
Instruction cycle count set to 2
A |X |Y |SP |PC   |T/MT |NV-BDIZC |CYCLE
----------------------------------------
00|00|00|FE |0702 |1/3  |10100100 |15969
00|00|00|FE |0702 |2/3  |10100100 |15970
00|00|00|FE |0702 |3/3  |10100100 |15971


---------------
Opcode: 8D
ll: 00 hh: A0
Instruction:STA Addressing Mode:Absolute - Operand (Value: "0x00", Address: "0xA000")
Writing value 0x00 to address: 0xA000
0xA000: 0x00
Instruction cycle count set to 4
A |X |Y |SP |PC   |T/MT |NV-BDIZC |CYCLE
----------------------------------------
00|00|00|FE |0705 |1/4  |10100100 |15972
00|00|00|FE |0705 |2/4  |10100100 |15973
00|00|00|FE |0705 |3/4  |10100100 |15974
00|00|00|FE |0705 |4/4  |10100100 |15975


---------------
Opcode: 4A
Instruction:LSR Addressing Mode:Accumulator - Operand (Value: "0x00", Address: "None")
Instruction cycle count set to 2
A |X |Y |SP |PC   |T/MT |NV-BDIZC |CYCLE
----------------------------------------
00|00|00|FE |0706 |1/2  |00100110 |15976
00|00|00|FE |0706 |2/2  |00100110 |15977


---------------
Opcode: C9
ll: 02
Instruction:CMP Addressing Mode:Immediate - Operand (Value: "0x02", Address: "None")
Instruction cycle count set to 2
A |X |Y |SP |PC   |T/MT |NV-BDIZC |CYCLE
----------------------------------------
00|00|00|FE |0708 |1/2  |10100100 |15978
00|00|00|FE |0708 |2/2  |10100100 |15979


---------------
Opcode: D0
ll: F8
Old PC: 070A Offset:-8 New PC: 0702
Instruction:BNE Addressing Mode:Relative - Operand (Value: "None", Address: "0x0702")
Instruction cycle count set to 2
A |X |Y |SP |PC   |T/MT |NV-BDIZC |CYCLE
----------------------------------------
00|00|00|FE |0702 |1/3  |10100100 |15980
00|00|00|FE |0702 |2/3  |10100100 |15981
00|00|00|FE |0702 |3/3  |10100100 |15982


---------------
Opcode: 8D
ll: 00 hh: A0
Instruction:STA Addressing Mode:Absolute - Operand (Value: "0x00", Address: "0xA000")
Writing value 0x00 to address: 0xA000
0xA000: 0x00
Instruction cycle count set to 4
A |X |Y |SP |PC   |T/MT |NV-BDIZC |CYCLE
----------------------------------------
00|00|00|FE |0705 |1/4  |10100100 |15983
00|00|00|FE |0705 |2/4  |10100100 |15984
00|00|00|FE |0705 |3/4  |10100100 |15985
00|00|00|FE |0705 |4/4  |10100100 |15986


---------------
Opcode: 4A
Instruction:LSR Addressing Mode:Accumulator - Operand (Value: "0x00", Address: "None")
Instruction cycle count set to 2
A |X |Y |SP |PC   |T/MT |NV-BDIZC |CYCLE
----------------------------------------
00|00|00|FE |0706 |1/2  |00100110 |15987
00|00|00|FE |0706 |2/2  |00100110 |15988


---------------
Opcode: C9
ll: 02
Instruction:CMP Addressing Mode:Immediate - Operand (Value: "0x02", Address: "None")
Instruction cycle count set to 2
A |X |Y |SP |PC   |T/MT |NV-BDIZC |CYCLE
----------------------------------------
00|00|00|FE |0708 |1/2  |10100100 |15989
00|00|00|FE |0708 |2/2  |10100100 |15990


---------------
Opcode: D0
ll: F8
Old PC: 070A Offset:-8 New PC: 0702
Instruction:BNE Addressing Mode:Relative - Operand (Value: "None", Address: "0x0702")
Instruction cycle count set to 2
A |X |Y |SP |PC   |T/MT |NV-BDIZC |CYCLE
----------------------------------------
00|00|00|FE |0702 |1/3  |10100100 |15991
00|00|00|FE |0702 |2/3  |10100100 |15992
00|00|00|FE |0702 |3/3  |10100100 |15993


---------------
Opcode: 8D
ll: 00 hh: A0
Instruction:STA Addressing Mode:Absolute - Operand (Value: "0x00", Address: "0xA000")
Writing value 0x00 to address: 0xA000
0xA000: 0x00
Instruction cycle count set to 4
A |X |Y |SP |PC   |T/MT |NV-BDIZC |CYCLE
----------------------------------------
00|00|00|FE |0705 |1/4  |10100100 |15994
00|00|00|FE |0705 |2/4  |10100100 |15995
00|00|00|FE |0705 |3/4  |10100100 |15996
00|00|00|FE |0705 |4/4  |10100100 |15997


---------------
Opcode: 4A
Instruction:LSR Addressing Mode:Accumulator - Operand (Value: "0x00", Address: "None")
Instruction cycle count set to 2
A |X |Y |SP |PC   |T/MT |NV-BDIZC |CYCLE
----------------------------------------
00|00|00|FE |0706 |1/2  |00100110 |15998
emulation behind by 1.268482331s. trying to catch up...
00|00|00|FE |0706 |2/2  |00100110 |15999


---------------
Opcode: C9
ll: 02
Instruction:CMP Addressing Mode:Immediate - Operand (Value: "0x02", Address: "None")
Instruction cycle count set to 2
A |X |Y |SP |PC   |T/MT |NV-BDIZC |CYCLE
----------------------------------------
00|00|00|FE |0708 |1/2  |10100100 |16000
00|00|00|FE |0708 |2/2  |10100100 |16001


---------------
Opcode: D0
ll: F8
Old PC: 070A Offset:-8 New PC: 0702
Instruction:BNE Addressing Mode:Relative - Operand (Value: "None", Address: "0x0702")
Instruction cycle count set to 2
A |X |Y |SP |PC   |T/MT |NV-BDIZC |CYCLE
----------------------------------------
00|00|00|FE |0702 |1/3  |10100100 |16002
00|00|00|FE |0702 |2/3  |10100100 |16003
00|00|00|FE |0702 |3/3  |10100100 |16004


---------------
Opcode: 8D
ll: 00 hh: A0
Instruction:STA Addressing Mode:Absolute - Operand (Value: "0x00", Address: "0xA000")
Writing value 0x00 to address: 0xA000
0xA000: 0x00
Instruction cycle count set to 4
A |X |Y |SP |PC   |T/MT |NV-BDIZC |CYCLE
----------------------------------------
00|00|00|FE |0705 |1/4  |10100100 |16005
00|00|00|FE |0705 |2/4  |10100100 |16006
00|00|00|FE |0705 |3/4  |10100100 |16007
00|00|00|FE |0705 |4/4  |10100100 |16008


---------------
Opcode: 4A
Instruction:LSR Addressing Mode:Accumulator - Operand (Value: "0x00", Address: "None")
Instruction cycle count set to 2
A |X |Y |SP |PC   |T/MT |NV-BDIZC |CYCLE
----------------------------------------
00|00|00|FE |0706 |1/2  |00100110 |16009
00|00|00|FE |0706 |2/2  |00100110 |16010


---------------
Opcode: C9
ll: 02
Instruction:CMP Addressing Mode:Immediate - Operand (Value: "0x02", Address: "None")
Instruction cycle count set to 2
A |X |Y |SP |PC   |T/MT |NV-BDIZC |CYCLE
----------------------------------------
00|00|00|FE |0708 |1/2  |10100100 |16011
00|00|00|FE |0708 |2/2  |10100100 |16012


---------------
Opcode: D0
ll: F8
Old PC: 070A Offset:-8 New PC: 0702
Instruction:BNE Addressing Mode:Relative - Operand (Value: "None", Address: "0x0702")
Instruction cycle count set to 2
A |X |Y |SP |PC   |T/MT |NV-BDIZC |CYCLE
----------------------------------------
00|00|00|FE |0702 |1/3  |10100100 |16013
00|00|00|FE |0702 |2/3  |10100100 |16014
00|00|00|FE |0702 |3/3  |10100100 |16015


---------------
Opcode: 8D
ll: 00 hh: A0
Instruction:STA Addressing Mode:Absolute - Operand (Value: "0x00", Address: "0xA000")
Writing value 0x00 to address: 0xA000
0xA000: 0x00
Instruction cycle count set to 4
A |X |Y |SP |PC   |T/MT |NV-BDIZC |CYCLE
----------------------------------------
00|00|00|FE |0705 |1/4  |10100100 |16016
00|00|00|FE |0705 |2/4  |10100100 |16017
00|00|00|FE |0705 |3/4  |10100100 |16018
00|00|00|FE |0705 |4/4  |10100100 |16019


---------------
Opcode: 4A
Instruction:LSR Addressing Mode:Accumulator - Operand (Value: "0x00", Address: "None")
Instruction cycle count set to 2
A |X |Y |SP |PC   |T/MT |NV-BDIZC |CYCLE
----------------------------------------
00|00|00|FE |0706 |1/2  |00100110 |16020
00|00|00|FE |0706 |2/2  |00100110 |16021


---------------
Opcode: C9
ll: 02
Instruction:CMP Addressing Mode:Immediate - Operand (Value: "0x02", Address: "None")
Instruction cycle count set to 2
A |X |Y |SP |PC   |T/MT |NV-BDIZC |CYCLE
----------------------------------------
00|00|00|FE |0708 |1/2  |10100100 |16022
00|00|00|FE |0708 |2/2  |10100100 |16023


---------------
Opcode: D0
ll: F8
Old PC: 070A Offset:-8 New PC: 0702
Instruction:BNE Addressing Mode:Relative - Operand (Value: "None", Address: "0x0702")
Instruction cycle count set to 2
A |X |Y |SP |PC   |T/MT |NV-BDIZC |CYCLE
----------------------------------------
00|00|00|FE |0702 |1/3  |10100100 |16024
00|00|00|FE |0702 |2/3  |10100100 |16025
00|00|00|FE |0702 |3/3  |10100100 |16026


---------------
Opcode: 8D
ll: 00 hh: A0
Instruction:STA Addressing Mode:Absolute - Operand (Value: "0x00", Address: "0xA000")
Writing value 0x00 to address: 0xA000
0xA000: 0x00
Instruction cycle count set to 4
A |X |Y |SP |PC   |T/MT |NV-BDIZC |CYCLE
----------------------------------------
00|00|00|FE |0705 |1/4  |10100100 |16027
00|00|00|FE |0705 |2/4  |10100100 |16028
00|00|00|FE |0705 |3/4  |10100100 |16029
00|00|00|FE |0705 |4/4  |10100100 |16030


---------------
Opcode: 4A
Instruction:LSR Addressing Mode:Accumulator - Operand (Value: "0x00", Address: "None")
Instruction cycle count set to 2
A |X |Y |SP |PC   |T/MT |NV-BDIZC |CYCLE
----------------------------------------
00|00|00|FE |0706 |1/2  |00100110 |16031
00|00|00|FE |0706 |2/2  |00100110 |16032


---------------
Opcode: C9
ll: 02
Instruction:CMP Addressing Mode:Immediate - Operand (Value: "0x02", Address: "None")
Instruction cycle count set to 2
A |X |Y |SP |PC   |T/MT |NV-BDIZC |CYCLE
----------------------------------------
00|00|00|FE |0708 |1/2  |10100100 |16033
00|00|00|FE |0708 |2/2  |10100100 |16034


---------------
Opcode: D0
ll: F8
Old PC: 070A Offset:-8 New PC: 0702
Instruction:BNE Addressing Mode:Relative - Operand (Value: "None", Address: "0x0702")
Instruction cycle count set to 2
A |X |Y |SP |PC   |T/MT |NV-BDIZC |CYCLE
----------------------------------------
00|00|00|FE |0702 |1/3  |10100100 |16035
00|00|00|FE |0702 |2/3  |10100100 |16036
00|00|00|FE |0702 |3/3  |10100100 |16037


---------------
Opcode: 8D
ll: 00 hh: A0
Instruction:STA Addressing Mode:Absolute - Operand (Value: "0x00", Address: "0xA000")
Writing value 0x00 to address: 0xA000
0xA000: 0x00
Instruction cycle count set to 4
A |X |Y |SP |PC   |T/MT |NV-BDIZC |CYCLE
----------------------------------------
00|00|00|FE |0705 |1/4  |10100100 |16038
00|00|00|FE |0705 |2/4  |10100100 |16039
00|00|00|FE |0705 |3/4  |10100100 |16040
00|00|00|FE |0705 |4/4  |10100100 |16041


---------------
Opcode: 4A
Instruction:LSR Addressing Mode:Accumulator - Operand (Value: "0x00", Address: "None")
Instruction cycle count set to 2
A |X |Y |SP |PC   |T/MT |NV-BDIZC |CYCLE
----------------------------------------
00|00|00|FE |0706 |1/2  |00100110 |16042
00|00|00|FE |0706 |2/2  |00100110 |16043


---------------
Opcode: C9
ll: 02
Instruction:CMP Addressing Mode:Immediate - Operand (Value: "0x02", Address: "None")
Instruction cycle count set to 2
A |X |Y |SP |PC   |T/MT |NV-BDIZC |CYCLE
----------------------------------------
00|00|00|FE |0708 |1/2  |10100100 |16044
00|00|00|FE |0708 |2/2  |10100100 |16045


---------------
Opcode: D0
ll: F8
Old PC: 070A Offset:-8 New PC: 0702
Instruction:BNE Addressing Mode:Relative - Operand (Value: "None", Address: "0x0702")
Instruction cycle count set to 2
A |X |Y |SP |PC   |T/MT |NV-BDIZC |CYCLE
----------------------------------------
00|00|00|FE |0702 |1/3  |10100100 |16046
00|00|00|FE |0702 |2/3  |10100100 |16047
00|00|00|FE |0702 |3/3  |10100100 |16048


---------------
Opcode: 8D
ll: 00 hh: A0
Instruction:STA Addressing Mode:Absolute - Operand (Value: "0x00", Address: "0xA000")
Writing value 0x00 to address: 0xA000
0xA000: 0x00
Instruction cycle count set to 4
A |X |Y |SP |PC   |T/MT |NV-BDIZC |CYCLE
----------------------------------------
00|00|00|FE |0705 |1/4  |10100100 |16049
00|00|00|FE |0705 |2/4  |10100100 |16050
00|00|00|FE |0705 |3/4  |10100100 |16051
00|00|00|FE |0705 |4/4  |10100100 |16052


---------------
Opcode: 4A
Instruction:LSR Addressing Mode:Accumulator - Operand (Value: "0x00", Address: "None")
Instruction cycle count set to 2
A |X |Y |SP |PC   |T/MT |NV-BDIZC |CYCLE
----------------------------------------
00|00|00|FE |0706 |1/2  |00100110 |16053
00|00|00|FE |0706 |2/2  |00100110 |16054


---------------
Opcode: C9
ll: 02
Instruction:CMP Addressing Mode:Immediate - Operand (Value: "0x02", Address: "None")
Instruction cycle count set to 2
A |X |Y |SP |PC   |T/MT |NV-BDIZC |CYCLE
----------------------------------------
00|00|00|FE |0708 |1/2  |10100100 |16055
00|00|00|FE |0708 |2/2  |10100100 |16056


---------------
Opcode: D0
ll: F8
Old PC: 070A Offset:-8 New PC: 0702
Instruction:BNE Addressing Mode:Relative - Operand (Value: "None", Address: "0x0702")
Instruction cycle count set to 2
A |X |Y |SP |PC   |T/MT |NV-BDIZC |CYCLE
----------------------------------------
00|00|00|FE |0702 |1/3  |10100100 |16057
00|00|00|FE |0702 |2/3  |10100100 |16058
00|00|00|FE |0702 |3/3  |10100100 |16059


---------------
Opcode: 8D
ll: 00 hh: A0
Instruction:STA Addressing Mode:Absolute - Operand (Value: "0x00", Address: "0xA000")
Writing value 0x00 to address: 0xA000
0xA000: 0x00
Instruction cycle count set to 4
A |X |Y |SP |PC   |T/MT |NV-BDIZC |CYCLE
----------------------------------------
00|00|00|FE |0705 |1/4  |10100100 |16060
00|00|00|FE |0705 |2/4  |10100100 |16061
00|00|00|FE |0705 |3/4  |10100100 |16062
00|00|00|FE |0705 |4/4  |10100100 |16063


---------------
Opcode: 4A
Instruction:LSR Addressing Mode:Accumulator - Operand (Value: "0x00", Address: "None")
Instruction cycle count set to 2
A |X |Y |SP |PC   |T/MT |NV-BDIZC |CYCLE
----------------------------------------
00|00|00|FE |0706 |1/2  |00100110 |16064
00|00|00|FE |0706 |2/2  |00100110 |16065


---------------
Opcode: C9
ll: 02
Instruction:CMP Addressing Mode:Immediate - Operand (Value: "0x02", Address: "None")
Instruction cycle count set to 2
A |X |Y |SP |PC   |T/MT |NV-BDIZC |CYCLE
----------------------------------------
00|00|00|FE |0708 |1/2  |10100100 |16066
00|00|00|FE |0708 |2/2  |10100100 |16067


---------------
Opcode: D0
ll: F8
Old PC: 070A Offset:-8 New PC: 0702
Instruction:BNE Addressing Mode:Relative - Operand (Value: "None", Address: "0x0702")
Instruction cycle count set to 2
A |X |Y |SP |PC   |T/MT |NV-BDIZC |CYCLE
----------------------------------------
00|00|00|FE |0702 |1/3  |10100100 |16068
00|00|00|FE |0702 |2/3  |10100100 |16069
00|00|00|FE |0702 |3/3  |10100100 |16070


---------------
Opcode: 8D
ll: 00 hh: A0
Instruction:STA Addressing Mode:Absolute - Operand (Value: "0x00", Address: "0xA000")
Writing value 0x00 to address: 0xA000
0xA000: 0x00
Instruction cycle count set to 4
A |X |Y |SP |PC   |T/MT |NV-BDIZC |CYCLE
----------------------------------------
00|00|00|FE |0705 |1/4  |10100100 |16071
00|00|00|FE |0705 |2/4  |10100100 |16072
00|00|00|FE |0705 |3/4  |10100100 |16073
00|00|00|FE |0705 |4/4  |10100100 |16074


---------------
Opcode: 4A
Instruction:LSR Addressing Mode:Accumulator - Operand (Value: "0x00", Address: "None")
Instruction cycle count set to 2
A |X |Y |SP |PC   |T/MT |NV-BDIZC |CYCLE
----------------------------------------
00|00|00|FE |0706 |1/2  |00100110 |16075
00|00|00|FE |0706 |2/2  |00100110 |16076


---------------
Opcode: C9
ll: 02
Instruction:CMP Addressing Mode:Immediate - Operand (Value: "0x02", Address: "None")
Instruction cycle count set to 2
A |X |Y |SP |PC   |T/MT |NV-BDIZC |CYCLE
----------------------------------------
00|00|00|FE |0708 |1/2  |10100100 |16077
00|00|00|FE |0708 |2/2  |10100100 |16078


---------------
Opcode: D0
ll: F8
Old PC: 070A Offset:-8 New PC: 0702
Instruction:BNE Addressing Mode:Relative - Operand (Value: "None", Address: "0x0702")
Instruction cycle count set to 2
A |X |Y |SP |PC   |T/MT |NV-BDIZC |CYCLE
----------------------------------------
00|00|00|FE |0702 |1/3  |10100100 |16079
00|00|00|FE |0702 |2/3  |10100100 |16080
00|00|00|FE |0702 |3/3  |10100100 |16081


---------------
Opcode: 8D
ll: 00 hh: A0
Instruction:STA Addressing Mode:Absolute - Operand (Value: "0x00", Address: "0xA000")
Writing value 0x00 to address: 0xA000
0xA000: 0x00
Instruction cycle count set to 4
A |X |Y |SP |PC   |T/MT |NV-BDIZC |CYCLE
----------------------------------------
00|00|00|FE |0705 |1/4  |10100100 |16082
00|00|00|FE |0705 |2/4  |10100100 |16083
00|00|00|FE |0705 |3/4  |10100100 |16084
00|00|00|FE |0705 |4/4  |10100100 |16085


---------------
Opcode: 4A
Instruction:LSR Addressing Mode:Accumulator - Operand (Value: "0x00", Address: "None")
Instruction cycle count set to 2
A |X |Y |SP |PC   |T/MT |NV-BDIZC |CYCLE
----------------------------------------
00|00|00|FE |0706 |1/2  |00100110 |16086
00|00|00|FE |0706 |2/2  |00100110 |16087


---------------
Opcode: C9
ll: 02
Instruction:CMP Addressing Mode:Immediate - Operand (Value: "0x02", Address: "None")
Instruction cycle count set to 2
A |X |Y |SP |PC   |T/MT |NV-BDIZC |CYCLE
----------------------------------------
00|00|00|FE |0708 |1/2  |10100100 |16088
00|00|00|FE |0708 |2/2  |10100100 |16089


---------------
Opcode: D0
ll: F8
Old PC: 070A Offset:-8 New PC: 0702
Instruction:BNE Addressing Mode:Relative - Operand (Value: "None", Address: "0x0702")
Instruction cycle count set to 2
A |X |Y |SP |PC   |T/MT |NV-BDIZC |CYCLE
----------------------------------------
00|00|00|FE |0702 |1/3  |10100100 |16090
00|00|00|FE |0702 |2/3  |10100100 |16091
00|00|00|FE |0702 |3/3  |10100100 |16092


---------------
Opcode: 8D
ll: 00 hh: A0
Instruction:STA Addressing Mode:Absolute - Operand (Value: "0x00", Address: "0xA000")
Writing value 0x00 to address: 0xA000
0xA000: 0x00
Instruction cycle count set to 4
A |X |Y |SP |PC   |T/MT |NV-BDIZC |CYCLE
----------------------------------------
00|00|00|FE |0705 |1/4  |10100100 |16093
00|00|00|FE |0705 |2/4  |10100100 |16094
00|00|00|FE |0705 |3/4  |10100100 |16095
00|00|00|FE |0705 |4/4  |10100100 |16096


---------------
Opcode: 4A
Instruction:LSR Addressing Mode:Accumulator - Operand (Value: "0x00", Address: "None")
Instruction cycle count set to 2
A |X |Y |SP |PC   |T/MT |NV-BDIZC |CYCLE
----------------------------------------
00|00|00|FE |0706 |1/2  |00100110 |16097
00|00|00|FE |0706 |2/2  |00100110 |16098


---------------
Opcode: C9
ll: 02
Instruction:CMP Addressing Mode:Immediate - Operand (Value: "0x02", Address: "None")
Instruction cycle count set to 2
A |X |Y |SP |PC   |T/MT |NV-BDIZC |CYCLE
----------------------------------------
00|00|00|FE |0708 |1/2  |10100100 |16099
00|00|00|FE |0708 |2/2  |10100100 |16100


---------------
Opcode: D0
ll: F8
Old PC: 070A Offset:-8 New PC: 0702
Instruction:BNE Addressing Mode:Relative - Operand (Value: "None", Address: "0x0702")
Instruction cycle count set to 2
A |X |Y |SP |PC   |T/MT |NV-BDIZC |CYCLE
----------------------------------------
00|00|00|FE |0702 |1/3  |10100100 |16101
00|00|00|FE |0702 |2/3  |10100100 |16102
00|00|00|FE |0702 |3/3  |10100100 |16103


---------------
Opcode: 8D
ll: 00 hh: A0
Instruction:STA Addressing Mode:Absolute - Operand (Value: "0x00", Address: "0xA000")
Writing value 0x00 to address: 0xA000
0xA000: 0x00
Instruction cycle count set to 4
A |X |Y |SP |PC   |T/MT |NV-BDIZC |CYCLE
----------------------------------------
00|00|00|FE |0705 |1/4  |10100100 |16104
00|00|00|FE |0705 |2/4  |10100100 |16105
00|00|00|FE |0705 |3/4  |10100100 |16106
00|00|00|FE |0705 |4/4  |10100100 |16107


---------------
Opcode: 4A
Instruction:LSR Addressing Mode:Accumulator - Operand (Value: "0x00", Address: "None")
Instruction cycle count set to 2
A |X |Y |SP |PC   |T/MT |NV-BDIZC |CYCLE
----------------------------------------
00|00|00|FE |0706 |1/2  |00100110 |16108
00|00|00|FE |0706 |2/2  |00100110 |16109


---------------
Opcode: C9
ll: 02
Instruction:CMP Addressing Mode:Immediate - Operand (Value: "0x02", Address: "None")
Instruction cycle count set to 2
A |X |Y |SP |PC   |T/MT |NV-BDIZC |CYCLE
----------------------------------------
00|00|00|FE |0708 |1/2  |10100100 |16110
00|00|00|FE |0708 |2/2  |10100100 |16111


---------------
Opcode: D0
ll: F8
Old PC: 070A Offset:-8 New PC: 0702
Instruction:BNE Addressing Mode:Relative - Operand (Value: "None", Address: "0x0702")
Instruction cycle count set to 2
A |X |Y |SP |PC   |T/MT |NV-BDIZC |CYCLE
----------------------------------------
00|00|00|FE |0702 |1/3  |10100100 |16112
00|00|00|FE |0702 |2/3  |10100100 |16113
00|00|00|FE |0702 |3/3  |10100100 |16114


---------------
Opcode: 8D
ll: 00 hh: A0
Instruction:STA Addressing Mode:Absolute - Operand (Value: "0x00", Address: "0xA000")
Writing value 0x00 to address: 0xA000
0xA000: 0x00
Instruction cycle count set to 4
A |X |Y |SP |PC   |T/MT |NV-BDIZC |CYCLE
----------------------------------------
00|00|00|FE |0705 |1/4  |10100100 |16115
00|00|00|FE |0705 |2/4  |10100100 |16116
00|00|00|FE |0705 |3/4  |10100100 |16117
00|00|00|FE |0705 |4/4  |10100100 |16118


---------------
Opcode: 4A
Instruction:LSR Addressing Mode:Accumulator - Operand (Value: "0x00", Address: "None")
Instruction cycle count set to 2
A |X |Y |SP |PC   |T/MT |NV-BDIZC |CYCLE
----------------------------------------
00|00|00|FE |0706 |1/2  |00100110 |16119
00|00|00|FE |0706 |2/2  |00100110 |16120


---------------
Opcode: C9
ll: 02
Instruction:CMP Addressing Mode:Immediate - Operand (Value: "0x02", Address: "None")
Instruction cycle count set to 2
A |X |Y |SP |PC   |T/MT |NV-BDIZC |CYCLE
----------------------------------------
00|00|00|FE |0708 |1/2  |10100100 |16121
00|00|00|FE |0708 |2/2  |10100100 |16122


---------------
Opcode: D0
ll: F8
Old PC: 070A Offset:-8 New PC: 0702
Instruction:BNE Addressing Mode:Relative - Operand (Value: "None", Address: "0x0702")
Instruction cycle count set to 2
A |X |Y |SP |PC   |T/MT |NV-BDIZC |CYCLE
----------------------------------------
00|00|00|FE |0702 |1/3  |10100100 |16123
00|00|00|FE |0702 |2/3  |10100100 |16124
00|00|00|FE |0702 |3/3  |10100100 |16125


---------------
Opcode: 8D
ll: 00 hh: A0
Instruction:STA Addressing Mode:Absolute - Operand (Value: "0x00", Address: "0xA000")
Writing value 0x00 to address: 0xA000
0xA000: 0x00
Instruction cycle count set to 4
A |X |Y |SP |PC   |T/MT |NV-BDIZC |CYCLE
----------------------------------------
00|00|00|FE |0705 |1/4  |10100100 |16126
00|00|00|FE |0705 |2/4  |10100100 |16127
00|00|00|FE |0705 |3/4  |10100100 |16128
00|00|00|FE |0705 |4/4  |10100100 |16129


---------------
Opcode: 4A
Instruction:LSR Addressing Mode:Accumulator - Operand (Value: "0x00", Address: "None")
Instruction cycle count set to 2
A |X |Y |SP |PC   |T/MT |NV-BDIZC |CYCLE
----------------------------------------
00|00|00|FE |0706 |1/2  |00100110 |16130
00|00|00|FE |0706 |2/2  |00100110 |16131


---------------
Opcode: C9
ll: 02
Instruction:CMP Addressing Mode:Immediate - Operand (Value: "0x02", Address: "None")
Instruction cycle count set to 2
A |X |Y |SP |PC   |T/MT |NV-BDIZC |CYCLE
----------------------------------------
00|00|00|FE |0708 |1/2  |10100100 |16132
00|00|00|FE |0708 |2/2  |10100100 |16133


---------------
Opcode: D0
ll: F8
Old PC: 070A Offset:-8 New PC: 0702
Instruction:BNE Addressing Mode:Relative - Operand (Value: "None", Address: "0x0702")
Instruction cycle count set to 2
A |X |Y |SP |PC   |T/MT |NV-BDIZC |CYCLE
----------------------------------------
00|00|00|FE |0702 |1/3  |10100100 |16134
00|00|00|FE |0702 |2/3  |10100100 |16135
00|00|00|FE |0702 |3/3  |10100100 |16136


---------------
Opcode: 8D
ll: 00 hh: A0
Instruction:STA Addressing Mode:Absolute - Operand (Value: "0x00", Address: "0xA000")
Writing value 0x00 to address: 0xA000
0xA000: 0x00
Instruction cycle count set to 4
A |X |Y |SP |PC   |T/MT |NV-BDIZC |CYCLE
----------------------------------------
00|00|00|FE |0705 |1/4  |10100100 |16137
00|00|00|FE |0705 |2/4  |10100100 |16138
00|00|00|FE |0705 |3/4  |10100100 |16139
00|00|00|FE |0705 |4/4  |10100100 |16140


---------------
Opcode: 4A
Instruction:LSR Addressing Mode:Accumulator - Operand (Value: "0x00", Address: "None")
Instruction cycle count set to 2
A |X |Y |SP |PC   |T/MT |NV-BDIZC |CYCLE
----------------------------------------
00|00|00|FE |0706 |1/2  |00100110 |16141
00|00|00|FE |0706 |2/2  |00100110 |16142


---------------
Opcode: C9
ll: 02
Instruction:CMP Addressing Mode:Immediate - Operand (Value: "0x02", Address: "None")
Instruction cycle count set to 2
A |X |Y |SP |PC   |T/MT |NV-BDIZC |CYCLE
----------------------------------------
00|00|00|FE |0708 |1/2  |10100100 |16143
00|00|00|FE |0708 |2/2  |10100100 |16144


---------------
Opcode: D0
ll: F8
Old PC: 070A Offset:-8 New PC: 0702
Instruction:BNE Addressing Mode:Relative - Operand (Value: "None", Address: "0x0702")
Instruction cycle count set to 2
A |X |Y |SP |PC   |T/MT |NV-BDIZC |CYCLE
----------------------------------------
00|00|00|FE |0702 |1/3  |10100100 |16145
00|00|00|FE |0702 |2/3  |10100100 |16146
00|00|00|FE |0702 |3/3  |10100100 |16147


---------------
Opcode: 8D
ll: 00 hh: A0
Instruction:STA Addressing Mode:Absolute - Operand (Value: "0x00", Address: "0xA000")
Writing value 0x00 to address: 0xA000
0xA000: 0x00
Instruction cycle count set to 4
A |X |Y |SP |PC   |T/MT |NV-BDIZC |CYCLE
----------------------------------------
00|00|00|FE |0705 |1/4  |10100100 |16148
00|00|00|FE |0705 |2/4  |10100100 |16149
00|00|00|FE |0705 |3/4  |10100100 |16150
00|00|00|FE |0705 |4/4  |10100100 |16151


---------------
Opcode: 4A
Instruction:LSR Addressing Mode:Accumulator - Operand (Value: "0x00", Address: "None")
Instruction cycle count set to 2
A |X |Y |SP |PC   |T/MT |NV-BDIZC |CYCLE
----------------------------------------
00|00|00|FE |0706 |1/2  |00100110 |16152
00|00|00|FE |0706 |2/2  |00100110 |16153


---------------
Opcode: C9
ll: 02
Instruction:CMP Addressing Mode:Immediate - Operand (Value: "0x02", Address: "None")
Instruction cycle count set to 2
A |X |Y |SP |PC   |T/MT |NV-BDIZC |CYCLE
----------------------------------------
00|00|00|FE |0708 |1/2  |10100100 |16154
00|00|00|FE |0708 |2/2  |10100100 |16155


---------------
Opcode: D0
ll: F8
Old PC: 070A Offset:-8 New PC: 0702
Instruction:BNE Addressing Mode:Relative - Operand (Value: "None", Address: "0x0702")
Instruction cycle count set to 2
A |X |Y |SP |PC   |T/MT |NV-BDIZC |CYCLE
----------------------------------------
00|00|00|FE |0702 |1/3  |10100100 |16156
00|00|00|FE |0702 |2/3  |10100100 |16157
00|00|00|FE |0702 |3/3  |10100100 |16158


---------------
Opcode: 8D
ll: 00 hh: A0
Instruction:STA Addressing Mode:Absolute - Operand (Value: "0x00", Address: "0xA000")
Writing value 0x00 to address: 0xA000
0xA000: 0x00
Instruction cycle count set to 4
A |X |Y |SP |PC   |T/MT |NV-BDIZC |CYCLE
----------------------------------------
00|00|00|FE |0705 |1/4  |10100100 |16159
00|00|00|FE |0705 |2/4  |10100100 |16160
00|00|00|FE |0705 |3/4  |10100100 |16161
00|00|00|FE |0705 |4/4  |10100100 |16162


---------------
Opcode: 4A
Instruction:LSR Addressing Mode:Accumulator - Operand (Value: "0x00", Address: "None")
Instruction cycle count set to 2
A |X |Y |SP |PC   |T/MT |NV-BDIZC |CYCLE
----------------------------------------
00|00|00|FE |0706 |1/2  |00100110 |16163
00|00|00|FE |0706 |2/2  |00100110 |16164


---------------
Opcode: C9
ll: 02
Instruction:CMP Addressing Mode:Immediate - Operand (Value: "0x02", Address: "None")
Instruction cycle count set to 2
A |X |Y |SP |PC   |T/MT |NV-BDIZC |CYCLE
----------------------------------------
00|00|00|FE |0708 |1/2  |10100100 |16165
00|00|00|FE |0708 |2/2  |10100100 |16166


---------------
Opcode: D0
ll: F8
Old PC: 070A Offset:-8 New PC: 0702
Instruction:BNE Addressing Mode:Relative - Operand (Value: "None", Address: "0x0702")
Instruction cycle count set to 2
A |X |Y |SP |PC   |T/MT |NV-BDIZC |CYCLE
----------------------------------------
00|00|00|FE |0702 |1/3  |10100100 |16167
00|00|00|FE |0702 |2/3  |10100100 |16168
00|00|00|FE |0702 |3/3  |10100100 |16169


---------------
Opcode: 8D
ll: 00 hh: A0
Instruction:STA Addressing Mode:Absolute - Operand (Value: "0x00", Address: "0xA000")
Writing value 0x00 to address: 0xA000
0xA000: 0x00
Instruction cycle count set to 4
A |X |Y |SP |PC   |T/MT |NV-BDIZC |CYCLE
----------------------------------------
00|00|00|FE |0705 |1/4  |10100100 |16170
00|00|00|FE |0705 |2/4  |10100100 |16171
00|00|00|FE |0705 |3/4  |10100100 |16172
00|00|00|FE |0705 |4/4  |10100100 |16173


---------------
Opcode: 4A
Instruction:LSR Addressing Mode:Accumulator - Operand (Value: "0x00", Address: "None")
Instruction cycle count set to 2
A |X |Y |SP |PC   |T/MT |NV-BDIZC |CYCLE
----------------------------------------
00|00|00|FE |0706 |1/2  |00100110 |16174
00|00|00|FE |0706 |2/2  |00100110 |16175


---------------
Opcode: C9
ll: 02
Instruction:CMP Addressing Mode:Immediate - Operand (Value: "0x02", Address: "None")
Instruction cycle count set to 2
A |X |Y |SP |PC   |T/MT |NV-BDIZC |CYCLE
----------------------------------------
00|00|00|FE |0708 |1/2  |10100100 |16176
00|00|00|FE |0708 |2/2  |10100100 |16177


---------------
Opcode: D0
ll: F8
Old PC: 070A Offset:-8 New PC: 0702
Instruction:BNE Addressing Mode:Relative - Operand (Value: "None", Address: "0x0702")
Instruction cycle count set to 2
A |X |Y |SP |PC   |T/MT |NV-BDIZC |CYCLE
----------------------------------------
00|00|00|FE |0702 |1/3  |10100100 |16178
00|00|00|FE |0702 |2/3  |10100100 |16179
00|00|00|FE |0702 |3/3  |10100100 |16180


---------------
Opcode: 8D
ll: 00 hh: A0
Instruction:STA Addressing Mode:Absolute - Operand (Value: "0x00", Address: "0xA000")
Writing value 0x00 to address: 0xA000
0xA000: 0x00
Instruction cycle count set to 4
A |X |Y |SP |PC   |T/MT |NV-BDIZC |CYCLE
----------------------------------------
00|00|00|FE |0705 |1/4  |10100100 |16181
00|00|00|FE |0705 |2/4  |10100100 |16182
00|00|00|FE |0705 |3/4  |10100100 |16183
00|00|00|FE |0705 |4/4  |10100100 |16184


---------------
Opcode: 4A
Instruction:LSR Addressing Mode:Accumulator - Operand (Value: "0x00", Address: "None")
Instruction cycle count set to 2
A |X |Y |SP |PC   |T/MT |NV-BDIZC |CYCLE
----------------------------------------
00|00|00|FE |0706 |1/2  |00100110 |16185
00|00|00|FE |0706 |2/2  |00100110 |16186


---------------
Opcode: C9
ll: 02
Instruction:CMP Addressing Mode:Immediate - Operand (Value: "0x02", Address: "None")
Instruction cycle count set to 2
A |X |Y |SP |PC   |T/MT |NV-BDIZC |CYCLE
----------------------------------------
00|00|00|FE |0708 |1/2  |10100100 |16187
00|00|00|FE |0708 |2/2  |10100100 |16188


---------------
Opcode: D0
ll: F8
Old PC: 070A Offset:-8 New PC: 0702
Instruction:BNE Addressing Mode:Relative - Operand (Value: "None", Address: "0x0702")
Instruction cycle count set to 2
A |X |Y |SP |PC   |T/MT |NV-BDIZC |CYCLE
----------------------------------------
00|00|00|FE |0702 |1/3  |10100100 |16189
00|00|00|FE |0702 |2/3  |10100100 |16190
00|00|00|FE |0702 |3/3  |10100100 |16191


---------------
Opcode: 8D
ll: 00 hh: A0
Instruction:STA Addressing Mode:Absolute - Operand (Value: "0x00", Address: "0xA000")
Writing value 0x00 to address: 0xA000
0xA000: 0x00
Instruction cycle count set to 4
A |X |Y |SP |PC   |T/MT |NV-BDIZC |CYCLE
----------------------------------------
00|00|00|FE |0705 |1/4  |10100100 |16192
00|00|00|FE |0705 |2/4  |10100100 |16193
00|00|00|FE |0705 |3/4  |10100100 |16194
00|00|00|FE |0705 |4/4  |10100100 |16195


---------------
Opcode: 4A
Instruction:LSR Addressing Mode:Accumulator - Operand (Value: "0x00", Address: "None")
Instruction cycle count set to 2
A |X |Y |SP |PC   |T/MT |NV-BDIZC |CYCLE
----------------------------------------
00|00|00|FE |0706 |1/2  |00100110 |16196
00|00|00|FE |0706 |2/2  |00100110 |16197


---------------
Opcode: C9
ll: 02
Instruction:CMP Addressing Mode:Immediate - Operand (Value: "0x02", Address: "None")
Instruction cycle count set to 2
A |X |Y |SP |PC   |T/MT |NV-BDIZC |CYCLE
----------------------------------------
00|00|00|FE |0708 |1/2  |10100100 |16198
00|00|00|FE |0708 |2/2  |10100100 |16199


---------------
Opcode: D0
ll: F8
Old PC: 070A Offset:-8 New PC: 0702
Instruction:BNE Addressing Mode:Relative - Operand (Value: "None", Address: "0x0702")
Instruction cycle count set to 2
A |X |Y |SP |PC   |T/MT |NV-BDIZC |CYCLE
----------------------------------------
00|00|00|FE |0702 |1/3  |10100100 |16200
00|00|00|FE |0702 |2/3  |10100100 |16201
00|00|00|FE |0702 |3/3  |10100100 |16202


---------------
Opcode: 8D
ll: 00 hh: A0
Instruction:STA Addressing Mode:Absolute - Operand (Value: "0x00", Address: "0xA000")
Writing value 0x00 to address: 0xA000
0xA000: 0x00
Instruction cycle count set to 4
A |X |Y |SP |PC   |T/MT |NV-BDIZC |CYCLE
----------------------------------------
00|00|00|FE |0705 |1/4  |10100100 |16203
00|00|00|FE |0705 |2/4  |10100100 |16204
00|00|00|FE |0705 |3/4  |10100100 |16205
00|00|00|FE |0705 |4/4  |10100100 |16206


---------------
Opcode: 4A
Instruction:LSR Addressing Mode:Accumulator - Operand (Value: "0x00", Address: "None")
Instruction cycle count set to 2
A |X |Y |SP |PC   |T/MT |NV-BDIZC |CYCLE
----------------------------------------
00|00|00|FE |0706 |1/2  |00100110 |16207
00|00|00|FE |0706 |2/2  |00100110 |16208


---------------
Opcode: C9
ll: 02
Instruction:CMP Addressing Mode:Immediate - Operand (Value: "0x02", Address: "None")
Instruction cycle count set to 2
A |X |Y |SP |PC   |T/MT |NV-BDIZC |CYCLE
----------------------------------------
00|00|00|FE |0708 |1/2  |10100100 |16209
00|00|00|FE |0708 |2/2  |10100100 |16210


---------------
Opcode: D0
ll: F8
Old PC: 070A Offset:-8 New PC: 0702
Instruction:BNE Addressing Mode:Relative - Operand (Value: "None", Address: "0x0702")
Instruction cycle count set to 2
A |X |Y |SP |PC   |T/MT |NV-BDIZC |CYCLE
----------------------------------------
00|00|00|FE |0702 |1/3  |10100100 |16211
00|00|00|FE |0702 |2/3  |10100100 |16212
00|00|00|FE |0702 |3/3  |10100100 |16213


---------------
Opcode: 8D
ll: 00 hh: A0
Instruction:STA Addressing Mode:Absolute - Operand (Value: "0x00", Address: "0xA000")
Writing value 0x00 to address: 0xA000
0xA000: 0x00
Instruction cycle count set to 4
A |X |Y |SP |PC   |T/MT |NV-BDIZC |CYCLE
----------------------------------------
00|00|00|FE |0705 |1/4  |10100100 |16214
00|00|00|FE |0705 |2/4  |10100100 |16215
00|00|00|FE |0705 |3/4  |10100100 |16216
00|00|00|FE |0705 |4/4  |10100100 |16217


---------------
Opcode: 4A
Instruction:LSR Addressing Mode:Accumulator - Operand (Value: "0x00", Address: "None")
Instruction cycle count set to 2
A |X |Y |SP |PC   |T/MT |NV-BDIZC |CYCLE
----------------------------------------
00|00|00|FE |0706 |1/2  |00100110 |16218
00|00|00|FE |0706 |2/2  |00100110 |16219


---------------
Opcode: C9
ll: 02
Instruction:CMP Addressing Mode:Immediate - Operand (Value: "0x02", Address: "None")
Instruction cycle count set to 2
A |X |Y |SP |PC   |T/MT |NV-BDIZC |CYCLE
----------------------------------------
00|00|00|FE |0708 |1/2  |10100100 |16220
00|00|00|FE |0708 |2/2  |10100100 |16221


---------------
Opcode: D0
ll: F8
Old PC: 070A Offset:-8 New PC: 0702
Instruction:BNE Addressing Mode:Relative - Operand (Value: "None", Address: "0x0702")
Instruction cycle count set to 2
A |X |Y |SP |PC   |T/MT |NV-BDIZC |CYCLE
----------------------------------------
00|00|00|FE |0702 |1/3  |10100100 |16222
00|00|00|FE |0702 |2/3  |10100100 |16223
00|00|00|FE |0702 |3/3  |10100100 |16224


---------------
Opcode: 8D
ll: 00 hh: A0
Instruction:STA Addressing Mode:Absolute - Operand (Value: "0x00", Address: "0xA000")
Writing value 0x00 to address: 0xA000
0xA000: 0x00
Instruction cycle count set to 4
A |X |Y |SP |PC   |T/MT |NV-BDIZC |CYCLE
----------------------------------------
00|00|00|FE |0705 |1/4  |10100100 |16225
00|00|00|FE |0705 |2/4  |10100100 |16226
00|00|00|FE |0705 |3/4  |10100100 |16227
00|00|00|FE |0705 |4/4  |10100100 |16228


---------------
Opcode: 4A
Instruction:LSR Addressing Mode:Accumulator - Operand (Value: "0x00", Address: "None")
Instruction cycle count set to 2
A |X |Y |SP |PC   |T/MT |NV-BDIZC |CYCLE
----------------------------------------
00|00|00|FE |0706 |1/2  |00100110 |16229
00|00|00|FE |0706 |2/2  |00100110 |16230


---------------
Opcode: C9
ll: 02
Instruction:CMP Addressing Mode:Immediate - Operand (Value: "0x02", Address: "None")
Instruction cycle count set to 2
A |X |Y |SP |PC   |T/MT |NV-BDIZC |CYCLE
----------------------------------------
00|00|00|FE |0708 |1/2  |10100100 |16231
00|00|00|FE |0708 |2/2  |10100100 |16232


---------------
Opcode: D0
ll: F8
Old PC: 070A Offset:-8 New PC: 0702
Instruction:BNE Addressing Mode:Relative - Operand (Value: "None", Address: "0x0702")
Instruction cycle count set to 2
A |X |Y |SP |PC   |T/MT |NV-BDIZC |CYCLE
----------------------------------------
00|00|00|FE |0702 |1/3  |10100100 |16233
00|00|00|FE |0702 |2/3  |10100100 |16234
00|00|00|FE |0702 |3/3  |10100100 |16235


---------------
Opcode: 8D
ll: 00 hh: A0
Instruction:STA Addressing Mode:Absolute - Operand (Value: "0x00", Address: "0xA000")
Writing value 0x00 to address: 0xA000
0xA000: 0x00
Instruction cycle count set to 4
A |X |Y |SP |PC   |T/MT |NV-BDIZC |CYCLE
----------------------------------------
00|00|00|FE |0705 |1/4  |10100100 |16236
00|00|00|FE |0705 |2/4  |10100100 |16237
00|00|00|FE |0705 |3/4  |10100100 |16238
00|00|00|FE |0705 |4/4  |10100100 |16239


---------------
Opcode: 4A
Instruction:LSR Addressing Mode:Accumulator - Operand (Value: "0x00", Address: "None")
Instruction cycle count set to 2
A |X |Y |SP |PC   |T/MT |NV-BDIZC |CYCLE
----------------------------------------
00|00|00|FE |0706 |1/2  |00100110 |16240
00|00|00|FE |0706 |2/2  |00100110 |16241


---------------
Opcode: C9
ll: 02
Instruction:CMP Addressing Mode:Immediate - Operand (Value: "0x02", Address: "None")
Instruction cycle count set to 2
A |X |Y |SP |PC   |T/MT |NV-BDIZC |CYCLE
----------------------------------------
00|00|00|FE |0708 |1/2  |10100100 |16242
00|00|00|FE |0708 |2/2  |10100100 |16243


---------------
Opcode: D0
ll: F8
Old PC: 070A Offset:-8 New PC: 0702
Instruction:BNE Addressing Mode:Relative - Operand (Value: "None", Address: "0x0702")
Instruction cycle count set to 2
A |X |Y |SP |PC   |T/MT |NV-BDIZC |CYCLE
----------------------------------------
00|00|00|FE |0702 |1/3  |10100100 |16244
00|00|00|FE |0702 |2/3  |10100100 |16245
00|00|00|FE |0702 |3/3  |10100100 |16246


---------------
Opcode: 8D
ll: 00 hh: A0
Instruction:STA Addressing Mode:Absolute - Operand (Value: "0x00", Address: "0xA000")
Writing value 0x00 to address: 0xA000
0xA000: 0x00
Instruction cycle count set to 4
A |X |Y |SP |PC   |T/MT |NV-BDIZC |CYCLE
----------------------------------------
00|00|00|FE |0705 |1/4  |10100100 |16247
00|00|00|FE |0705 |2/4  |10100100 |16248
00|00|00|FE |0705 |3/4  |10100100 |16249
00|00|00|FE |0705 |4/4  |10100100 |16250


---------------
Opcode: 4A
Instruction:LSR Addressing Mode:Accumulator - Operand (Value: "0x00", Address: "None")
Instruction cycle count set to 2
A |X |Y |SP |PC   |T/MT |NV-BDIZC |CYCLE
----------------------------------------
00|00|00|FE |0706 |1/2  |00100110 |16251
00|00|00|FE |0706 |2/2  |00100110 |16252


---------------
Opcode: C9
ll: 02
Instruction:CMP Addressing Mode:Immediate - Operand (Value: "0x02", Address: "None")
Instruction cycle count set to 2
A |X |Y |SP |PC   |T/MT |NV-BDIZC |CYCLE
----------------------------------------
00|00|00|FE |0708 |1/2  |10100100 |16253
00|00|00|FE |0708 |2/2  |10100100 |16254


---------------
Opcode: D0
ll: F8
Old PC: 070A Offset:-8 New PC: 0702
Instruction:BNE Addressing Mode:Relative - Operand (Value: "None", Address: "0x0702")
Instruction cycle count set to 2
A |X |Y |SP |PC   |T/MT |NV-BDIZC |CYCLE
----------------------------------------
00|00|00|FE |0702 |1/3  |10100100 |16255
00|00|00|FE |0702 |2/3  |10100100 |16256
00|00|00|FE |0702 |3/3  |10100100 |16257


---------------
Opcode: 8D
ll: 00 hh: A0
Instruction:STA Addressing Mode:Absolute - Operand (Value: "0x00", Address: "0xA000")
Writing value 0x00 to address: 0xA000
0xA000: 0x00
Instruction cycle count set to 4
A |X |Y |SP |PC   |T/MT |NV-BDIZC |CYCLE
----------------------------------------
00|00|00|FE |0705 |1/4  |10100100 |16258
00|00|00|FE |0705 |2/4  |10100100 |16259
00|00|00|FE |0705 |3/4  |10100100 |16260
00|00|00|FE |0705 |4/4  |10100100 |16261


---------------
Opcode: 4A
Instruction:LSR Addressing Mode:Accumulator - Operand (Value: "0x00", Address: "None")
Instruction cycle count set to 2
A |X |Y |SP |PC   |T/MT |NV-BDIZC |CYCLE
----------------------------------------
00|00|00|FE |0706 |1/2  |00100110 |16262
00|00|00|FE |0706 |2/2  |00100110 |16263


---------------
Opcode: C9
ll: 02
Instruction:CMP Addressing Mode:Immediate - Operand (Value: "0x02", Address: "None")
Instruction cycle count set to 2
A |X |Y |SP |PC   |T/MT |NV-BDIZC |CYCLE
----------------------------------------
00|00|00|FE |0708 |1/2  |10100100 |16264
00|00|00|FE |0708 |2/2  |10100100 |16265


---------------
Opcode: D0
ll: F8
Old PC: 070A Offset:-8 New PC: 0702
Instruction:BNE Addressing Mode:Relative - Operand (Value: "None", Address: "0x0702")
Instruction cycle count set to 2
A |X |Y |SP |PC   |T/MT |NV-BDIZC |CYCLE
----------------------------------------
00|00|00|FE |0702 |1/3  |10100100 |16266
00|00|00|FE |0702 |2/3  |10100100 |16267
00|00|00|FE |0702 |3/3  |10100100 |16268


---------------
Opcode: 8D
ll: 00 hh: A0
Instruction:STA Addressing Mode:Absolute - Operand (Value: "0x00", Address: "0xA000")
Writing value 0x00 to address: 0xA000
0xA000: 0x00
Instruction cycle count set to 4
A |X |Y |SP |PC   |T/MT |NV-BDIZC |CYCLE
----------------------------------------
00|00|00|FE |0705 |1/4  |10100100 |16269
00|00|00|FE |0705 |2/4  |10100100 |16270
00|00|00|FE |0705 |3/4  |10100100 |16271
00|00|00|FE |0705 |4/4  |10100100 |16272


---------------
Opcode: 4A
Instruction:LSR Addressing Mode:Accumulator - Operand (Value: "0x00", Address: "None")
Instruction cycle count set to 2
A |X |Y |SP |PC   |T/MT |NV-BDIZC |CYCLE
----------------------------------------
00|00|00|FE |0706 |1/2  |00100110 |16273
00|00|00|FE |0706 |2/2  |00100110 |16274


---------------
Opcode: C9
ll: 02
Instruction:CMP Addressing Mode:Immediate - Operand (Value: "0x02", Address: "None")
Instruction cycle count set to 2
A |X |Y |SP |PC   |T/MT |NV-BDIZC |CYCLE
----------------------------------------
00|00|00|FE |0708 |1/2  |10100100 |16275
00|00|00|FE |0708 |2/2  |10100100 |16276


---------------
Opcode: D0
ll: F8
Old PC: 070A Offset:-8 New PC: 0702
Instruction:BNE Addressing Mode:Relative - Operand (Value: "None", Address: "0x0702")
Instruction cycle count set to 2
A |X |Y |SP |PC   |T/MT |NV-BDIZC |CYCLE
----------------------------------------
00|00|00|FE |0702 |1/3  |10100100 |16277
00|00|00|FE |0702 |2/3  |10100100 |16278
00|00|00|FE |0702 |3/3  |10100100 |16279


---------------
Opcode: 8D
ll: 00 hh: A0
Instruction:STA Addressing Mode:Absolute - Operand (Value: "0x00", Address: "0xA000")
Writing value 0x00 to address: 0xA000
0xA000: 0x00
Instruction cycle count set to 4
A |X |Y |SP |PC   |T/MT |NV-BDIZC |CYCLE
----------------------------------------
00|00|00|FE |0705 |1/4  |10100100 |16280
00|00|00|FE |0705 |2/4  |10100100 |16281
00|00|00|FE |0705 |3/4  |10100100 |16282
00|00|00|FE |0705 |4/4  |10100100 |16283


---------------
Opcode: 4A
Instruction:LSR Addressing Mode:Accumulator - Operand (Value: "0x00", Address: "None")
Instruction cycle count set to 2
A |X |Y |SP |PC   |T/MT |NV-BDIZC |CYCLE
----------------------------------------
00|00|00|FE |0706 |1/2  |00100110 |16284
00|00|00|FE |0706 |2/2  |00100110 |16285


---------------
Opcode: C9
ll: 02
Instruction:CMP Addressing Mode:Immediate - Operand (Value: "0x02", Address: "None")
Instruction cycle count set to 2
A |X |Y |SP |PC   |T/MT |NV-BDIZC |CYCLE
----------------------------------------
00|00|00|FE |0708 |1/2  |10100100 |16286
00|00|00|FE |0708 |2/2  |10100100 |16287


---------------
Opcode: D0
ll: F8
Old PC: 070A Offset:-8 New PC: 0702
Instruction:BNE Addressing Mode:Relative - Operand (Value: "None", Address: "0x0702")
Instruction cycle count set to 2
A |X |Y |SP |PC   |T/MT |NV-BDIZC |CYCLE
----------------------------------------
00|00|00|FE |0702 |1/3  |10100100 |16288
00|00|00|FE |0702 |2/3  |10100100 |16289
00|00|00|FE |0702 |3/3  |10100100 |16290


---------------
Opcode: 8D
ll: 00 hh: A0
Instruction:STA Addressing Mode:Absolute - Operand (Value: "0x00", Address: "0xA000")
Writing value 0x00 to address: 0xA000
0xA000: 0x00
Instruction cycle count set to 4
A |X |Y |SP |PC   |T/MT |NV-BDIZC |CYCLE
----------------------------------------
00|00|00|FE |0705 |1/4  |10100100 |16291
00|00|00|FE |0705 |2/4  |10100100 |16292
00|00|00|FE |0705 |3/4  |10100100 |16293
00|00|00|FE |0705 |4/4  |10100100 |16294


---------------
Opcode: 4A
Instruction:LSR Addressing Mode:Accumulator - Operand (Value: "0x00", Address: "None")
Instruction cycle count set to 2
A |X |Y |SP |PC   |T/MT |NV-BDIZC |CYCLE
----------------------------------------
00|00|00|FE |0706 |1/2  |00100110 |16295
00|00|00|FE |0706 |2/2  |00100110 |16296


---------------
Opcode: C9
ll: 02
Instruction:CMP Addressing Mode:Immediate - Operand (Value: "0x02", Address: "None")
Instruction cycle count set to 2
A |X |Y |SP |PC   |T/MT |NV-BDIZC |CYCLE
----------------------------------------
00|00|00|FE |0708 |1/2  |10100100 |16297
00|00|00|FE |0708 |2/2  |10100100 |16298


---------------
Opcode: D0
ll: F8
Old PC: 070A Offset:-8 New PC: 0702
Instruction:BNE Addressing Mode:Relative - Operand (Value: "None", Address: "0x0702")
Instruction cycle count set to 2
A |X |Y |SP |PC   |T/MT |NV-BDIZC |CYCLE
----------------------------------------
00|00|00|FE |0702 |1/3  |10100100 |16299
00|00|00|FE |0702 |2/3  |10100100 |16300
00|00|00|FE |0702 |3/3  |10100100 |16301


---------------
Opcode: 8D
ll: 00 hh: A0
Instruction:STA Addressing Mode:Absolute - Operand (Value: "0x00", Address: "0xA000")
Writing value 0x00 to address: 0xA000
0xA000: 0x00
Instruction cycle count set to 4
A |X |Y |SP |PC   |T/MT |NV-BDIZC |CYCLE
----------------------------------------
00|00|00|FE |0705 |1/4  |10100100 |16302
00|00|00|FE |0705 |2/4  |10100100 |16303
00|00|00|FE |0705 |3/4  |10100100 |16304
00|00|00|FE |0705 |4/4  |10100100 |16305


---------------
Opcode: 4A
Instruction:LSR Addressing Mode:Accumulator - Operand (Value: "0x00", Address: "None")
Instruction cycle count set to 2
A |X |Y |SP |PC   |T/MT |NV-BDIZC |CYCLE
----------------------------------------
00|00|00|FE |0706 |1/2  |00100110 |16306
00|00|00|FE |0706 |2/2  |00100110 |16307


---------------
Opcode: C9
ll: 02
Instruction:CMP Addressing Mode:Immediate - Operand (Value: "0x02", Address: "None")
Instruction cycle count set to 2
A |X |Y |SP |PC   |T/MT |NV-BDIZC |CYCLE
----------------------------------------
00|00|00|FE |0708 |1/2  |10100100 |16308
00|00|00|FE |0708 |2/2  |10100100 |16309


---------------
Opcode: D0
ll: F8
Old PC: 070A Offset:-8 New PC: 0702
Instruction:BNE Addressing Mode:Relative - Operand (Value: "None", Address: "0x0702")
Instruction cycle count set to 2
A |X |Y |SP |PC   |T/MT |NV-BDIZC |CYCLE
----------------------------------------
00|00|00|FE |0702 |1/3  |10100100 |16310
00|00|00|FE |0702 |2/3  |10100100 |16311
00|00|00|FE |0702 |3/3  |10100100 |16312


---------------
Opcode: 8D
ll: 00 hh: A0
Instruction:STA Addressing Mode:Absolute - Operand (Value: "0x00", Address: "0xA000")
Writing value 0x00 to address: 0xA000
0xA000: 0x00
Instruction cycle count set to 4
A |X |Y |SP |PC   |T/MT |NV-BDIZC |CYCLE
----------------------------------------
00|00|00|FE |0705 |1/4  |10100100 |16313
00|00|00|FE |0705 |2/4  |10100100 |16314
00|00|00|FE |0705 |3/4  |10100100 |16315
00|00|00|FE |0705 |4/4  |10100100 |16316


---------------
Opcode: 4A
Instruction:LSR Addressing Mode:Accumulator - Operand (Value: "0x00", Address: "None")
Instruction cycle count set to 2
A |X |Y |SP |PC   |T/MT |NV-BDIZC |CYCLE
----------------------------------------
00|00|00|FE |0706 |1/2  |00100110 |16317
00|00|00|FE |0706 |2/2  |00100110 |16318


---------------
Opcode: C9
ll: 02
Instruction:CMP Addressing Mode:Immediate - Operand (Value: "0x02", Address: "None")
Instruction cycle count set to 2
A |X |Y |SP |PC   |T/MT |NV-BDIZC |CYCLE
----------------------------------------
00|00|00|FE |0708 |1/2  |10100100 |16319
00|00|00|FE |0708 |2/2  |10100100 |16320


---------------
Opcode: D0
ll: F8
Old PC: 070A Offset:-8 New PC: 0702
Instruction:BNE Addressing Mode:Relative - Operand (Value: "None", Address: "0x0702")
Instruction cycle count set to 2
A |X |Y |SP |PC   |T/MT |NV-BDIZC |CYCLE
----------------------------------------
00|00|00|FE |0702 |1/3  |10100100 |16321
00|00|00|FE |0702 |2/3  |10100100 |16322
00|00|00|FE |0702 |3/3  |10100100 |16323


---------------
Opcode: 8D
ll: 00 hh: A0
Instruction:STA Addressing Mode:Absolute - Operand (Value: "0x00", Address: "0xA000")
Writing value 0x00 to address: 0xA000
0xA000: 0x00
Instruction cycle count set to 4
A |X |Y |SP |PC   |T/MT |NV-BDIZC |CYCLE
----------------------------------------
00|00|00|FE |0705 |1/4  |10100100 |16324
00|00|00|FE |0705 |2/4  |10100100 |16325
00|00|00|FE |0705 |3/4  |10100100 |16326
00|00|00|FE |0705 |4/4  |10100100 |16327


---------------
Opcode: 4A
Instruction:LSR Addressing Mode:Accumulator - Operand (Value: "0x00", Address: "None")
Instruction cycle count set to 2
A |X |Y |SP |PC   |T/MT |NV-BDIZC |CYCLE
----------------------------------------
00|00|00|FE |0706 |1/2  |00100110 |16328
00|00|00|FE |0706 |2/2  |00100110 |16329


---------------
Opcode: C9
ll: 02
Instruction:CMP Addressing Mode:Immediate - Operand (Value: "0x02", Address: "None")
Instruction cycle count set to 2
A |X |Y |SP |PC   |T/MT |NV-BDIZC |CYCLE
----------------------------------------
00|00|00|FE |0708 |1/2  |10100100 |16330
00|00|00|FE |0708 |2/2  |10100100 |16331


---------------
Opcode: D0
ll: F8
Old PC: 070A Offset:-8 New PC: 0702
Instruction:BNE Addressing Mode:Relative - Operand (Value: "None", Address: "0x0702")
Instruction cycle count set to 2
A |X |Y |SP |PC   |T/MT |NV-BDIZC |CYCLE
----------------------------------------
00|00|00|FE |0702 |1/3  |10100100 |16332
00|00|00|FE |0702 |2/3  |10100100 |16333
00|00|00|FE |0702 |3/3  |10100100 |16334


---------------
Opcode: 8D
ll: 00 hh: A0
Instruction:STA Addressing Mode:Absolute - Operand (Value: "0x00", Address: "0xA000")
Writing value 0x00 to address: 0xA000
0xA000: 0x00
Instruction cycle count set to 4
A |X |Y |SP |PC   |T/MT |NV-BDIZC |CYCLE
----------------------------------------
00|00|00|FE |0705 |1/4  |10100100 |16335
00|00|00|FE |0705 |2/4  |10100100 |16336
00|00|00|FE |0705 |3/4  |10100100 |16337
00|00|00|FE |0705 |4/4  |10100100 |16338


---------------
Opcode: 4A
Instruction:LSR Addressing Mode:Accumulator - Operand (Value: "0x00", Address: "None")
Instruction cycle count set to 2
A |X |Y |SP |PC   |T/MT |NV-BDIZC |CYCLE
----------------------------------------
00|00|00|FE |0706 |1/2  |00100110 |16339
00|00|00|FE |0706 |2/2  |00100110 |16340


---------------
Opcode: C9
ll: 02
Instruction:CMP Addressing Mode:Immediate - Operand (Value: "0x02", Address: "None")
Instruction cycle count set to 2
A |X |Y |SP |PC   |T/MT |NV-BDIZC |CYCLE
----------------------------------------
00|00|00|FE |0708 |1/2  |10100100 |16341
00|00|00|FE |0708 |2/2  |10100100 |16342


---------------
Opcode: D0
ll: F8
Old PC: 070A Offset:-8 New PC: 0702
Instruction:BNE Addressing Mode:Relative - Operand (Value: "None", Address: "0x0702")
Instruction cycle count set to 2
A |X |Y |SP |PC   |T/MT |NV-BDIZC |CYCLE
----------------------------------------
00|00|00|FE |0702 |1/3  |10100100 |16343
00|00|00|FE |0702 |2/3  |10100100 |16344
00|00|00|FE |0702 |3/3  |10100100 |16345


---------------
Opcode: 8D
ll: 00 hh: A0
Instruction:STA Addressing Mode:Absolute - Operand (Value: "0x00", Address: "0xA000")
Writing value 0x00 to address: 0xA000
0xA000: 0x00
Instruction cycle count set to 4
A |X |Y |SP |PC   |T/MT |NV-BDIZC |CYCLE
----------------------------------------
00|00|00|FE |0705 |1/4  |10100100 |16346
00|00|00|FE |0705 |2/4  |10100100 |16347
00|00|00|FE |0705 |3/4  |10100100 |16348
00|00|00|FE |0705 |4/4  |10100100 |16349


---------------
Opcode: 4A
Instruction:LSR Addressing Mode:Accumulator - Operand (Value: "0x00", Address: "None")
Instruction cycle count set to 2
A |X |Y |SP |PC   |T/MT |NV-BDIZC |CYCLE
----------------------------------------
00|00|00|FE |0706 |1/2  |00100110 |16350
00|00|00|FE |0706 |2/2  |00100110 |16351


---------------
Opcode: C9
ll: 02
Instruction:CMP Addressing Mode:Immediate - Operand (Value: "0x02", Address: "None")
Instruction cycle count set to 2
A |X |Y |SP |PC   |T/MT |NV-BDIZC |CYCLE
----------------------------------------
00|00|00|FE |0708 |1/2  |10100100 |16352
00|00|00|FE |0708 |2/2  |10100100 |16353


---------------
Opcode: D0
ll: F8
Old PC: 070A Offset:-8 New PC: 0702
Instruction:BNE Addressing Mode:Relative - Operand (Value: "None", Address: "0x0702")
Instruction cycle count set to 2
A |X |Y |SP |PC   |T/MT |NV-BDIZC |CYCLE
----------------------------------------
00|00|00|FE |0702 |1/3  |10100100 |16354
00|00|00|FE |0702 |2/3  |10100100 |16355
00|00|00|FE |0702 |3/3  |10100100 |16356


---------------
Opcode: 8D
ll: 00 hh: A0
Instruction:STA Addressing Mode:Absolute - Operand (Value: "0x00", Address: "0xA000")
Writing value 0x00 to address: 0xA000
0xA000: 0x00
Instruction cycle count set to 4
A |X |Y |SP |PC   |T/MT |NV-BDIZC |CYCLE
----------------------------------------
00|00|00|FE |0705 |1/4  |10100100 |16357
00|00|00|FE |0705 |2/4  |10100100 |16358
00|00|00|FE |0705 |3/4  |10100100 |16359
00|00|00|FE |0705 |4/4  |10100100 |16360


---------------
Opcode: 4A
Instruction:LSR Addressing Mode:Accumulator - Operand (Value: "0x00", Address: "None")
Instruction cycle count set to 2
A |X |Y |SP |PC   |T/MT |NV-BDIZC |CYCLE
----------------------------------------
00|00|00|FE |0706 |1/2  |00100110 |16361
00|00|00|FE |0706 |2/2  |00100110 |16362


---------------
Opcode: C9
ll: 02
Instruction:CMP Addressing Mode:Immediate - Operand (Value: "0x02", Address: "None")
Instruction cycle count set to 2
A |X |Y |SP |PC   |T/MT |NV-BDIZC |CYCLE
----------------------------------------
00|00|00|FE |0708 |1/2  |10100100 |16363
00|00|00|FE |0708 |2/2  |10100100 |16364


---------------
Opcode: D0
ll: F8
Old PC: 070A Offset:-8 New PC: 0702
Instruction:BNE Addressing Mode:Relative - Operand (Value: "None", Address: "0x0702")
Instruction cycle count set to 2
A |X |Y |SP |PC   |T/MT |NV-BDIZC |CYCLE
----------------------------------------
00|00|00|FE |0702 |1/3  |10100100 |16365
00|00|00|FE |0702 |2/3  |10100100 |16366
00|00|00|FE |0702 |3/3  |10100100 |16367


---------------
Opcode: 8D
ll: 00 hh: A0
Instruction:STA Addressing Mode:Absolute - Operand (Value: "0x00", Address: "0xA000")
Writing value 0x00 to address: 0xA000
0xA000: 0x00
Instruction cycle count set to 4
A |X |Y |SP |PC   |T/MT |NV-BDIZC |CYCLE
----------------------------------------
00|00|00|FE |0705 |1/4  |10100100 |16368
00|00|00|FE |0705 |2/4  |10100100 |16369
00|00|00|FE |0705 |3/4  |10100100 |16370
00|00|00|FE |0705 |4/4  |10100100 |16371


---------------
Opcode: 4A
Instruction:LSR Addressing Mode:Accumulator - Operand (Value: "0x00", Address: "None")
Instruction cycle count set to 2
A |X |Y |SP |PC   |T/MT |NV-BDIZC |CYCLE
----------------------------------------
00|00|00|FE |0706 |1/2  |00100110 |16372
00|00|00|FE |0706 |2/2  |00100110 |16373


---------------
Opcode: C9
ll: 02
Instruction:CMP Addressing Mode:Immediate - Operand (Value: "0x02", Address: "None")
Instruction cycle count set to 2
A |X |Y |SP |PC   |T/MT |NV-BDIZC |CYCLE
----------------------------------------
00|00|00|FE |0708 |1/2  |10100100 |16374
00|00|00|FE |0708 |2/2  |10100100 |16375


---------------
Opcode: D0
ll: F8
Old PC: 070A Offset:-8 New PC: 0702
Instruction:BNE Addressing Mode:Relative - Operand (Value: "None", Address: "0x0702")
Instruction cycle count set to 2
A |X |Y |SP |PC   |T/MT |NV-BDIZC |CYCLE
----------------------------------------
00|00|00|FE |0702 |1/3  |10100100 |16376
00|00|00|FE |0702 |2/3  |10100100 |16377
00|00|00|FE |0702 |3/3  |10100100 |16378


---------------
Opcode: 8D
ll: 00 hh: A0
Instruction:STA Addressing Mode:Absolute - Operand (Value: "0x00", Address: "0xA000")
Writing value 0x00 to address: 0xA000
0xA000: 0x00
Instruction cycle count set to 4
A |X |Y |SP |PC   |T/MT |NV-BDIZC |CYCLE
----------------------------------------
00|00|00|FE |0705 |1/4  |10100100 |16379
00|00|00|FE |0705 |2/4  |10100100 |16380
00|00|00|FE |0705 |3/4  |10100100 |16381
00|00|00|FE |0705 |4/4  |10100100 |16382


---------------
Opcode: 4A
Instruction:LSR Addressing Mode:Accumulator - Operand (Value: "0x00", Address: "None")
Instruction cycle count set to 2
A |X |Y |SP |PC   |T/MT |NV-BDIZC |CYCLE
----------------------------------------
00|00|00|FE |0706 |1/2  |00100110 |16383
00|00|00|FE |0706 |2/2  |00100110 |16384


---------------
Opcode: C9
ll: 02
Instruction:CMP Addressing Mode:Immediate - Operand (Value: "0x02", Address: "None")
Instruction cycle count set to 2
A |X |Y |SP |PC   |T/MT |NV-BDIZC |CYCLE
----------------------------------------
00|00|00|FE |0708 |1/2  |10100100 |16385
00|00|00|FE |0708 |2/2  |10100100 |16386


---------------
Opcode: D0
ll: F8
Old PC: 070A Offset:-8 New PC: 0702
Instruction:BNE Addressing Mode:Relative - Operand (Value: "None", Address: "0x0702")
Instruction cycle count set to 2
A |X |Y |SP |PC   |T/MT |NV-BDIZC |CYCLE
----------------------------------------
00|00|00|FE |0702 |1/3  |10100100 |16387
00|00|00|FE |0702 |2/3  |10100100 |16388
00|00|00|FE |0702 |3/3  |10100100 |16389


---------------
Opcode: 8D
ll: 00 hh: A0
Instruction:STA Addressing Mode:Absolute - Operand (Value: "0x00", Address: "0xA000")
Writing value 0x00 to address: 0xA000
0xA000: 0x00
Instruction cycle count set to 4
A |X |Y |SP |PC   |T/MT |NV-BDIZC |CYCLE
----------------------------------------
00|00|00|FE |0705 |1/4  |10100100 |16390
00|00|00|FE |0705 |2/4  |10100100 |16391
00|00|00|FE |0705 |3/4  |10100100 |16392
00|00|00|FE |0705 |4/4  |10100100 |16393


---------------
Opcode: 4A
Instruction:LSR Addressing Mode:Accumulator - Operand (Value: "0x00", Address: "None")
Instruction cycle count set to 2
A |X |Y |SP |PC   |T/MT |NV-BDIZC |CYCLE
----------------------------------------
00|00|00|FE |0706 |1/2  |00100110 |16394
00|00|00|FE |0706 |2/2  |00100110 |16395


---------------
Opcode: C9
ll: 02
Instruction:CMP Addressing Mode:Immediate - Operand (Value: "0x02", Address: "None")
Instruction cycle count set to 2
A |X |Y |SP |PC   |T/MT |NV-BDIZC |CYCLE
----------------------------------------
00|00|00|FE |0708 |1/2  |10100100 |16396
00|00|00|FE |0708 |2/2  |10100100 |16397


---------------
Opcode: D0
ll: F8
Old PC: 070A Offset:-8 New PC: 0702
Instruction:BNE Addressing Mode:Relative - Operand (Value: "None", Address: "0x0702")
Instruction cycle count set to 2
A |X |Y |SP |PC   |T/MT |NV-BDIZC |CYCLE
----------------------------------------
00|00|00|FE |0702 |1/3  |10100100 |16398
00|00|00|FE |0702 |2/3  |10100100 |16399
00|00|00|FE |0702 |3/3  |10100100 |16400


---------------
Opcode: 8D
ll: 00 hh: A0
Instruction:STA Addressing Mode:Absolute - Operand (Value: "0x00", Address: "0xA000")
Writing value 0x00 to address: 0xA000
0xA000: 0x00
Instruction cycle count set to 4
A |X |Y |SP |PC   |T/MT |NV-BDIZC |CYCLE
----------------------------------------
00|00|00|FE |0705 |1/4  |10100100 |16401
00|00|00|FE |0705 |2/4  |10100100 |16402
00|00|00|FE |0705 |3/4  |10100100 |16403
00|00|00|FE |0705 |4/4  |10100100 |16404


---------------
Opcode: 4A
Instruction:LSR Addressing Mode:Accumulator - Operand (Value: "0x00", Address: "None")
Instruction cycle count set to 2
A |X |Y |SP |PC   |T/MT |NV-BDIZC |CYCLE
----------------------------------------
00|00|00|FE |0706 |1/2  |00100110 |16405
00|00|00|FE |0706 |2/2  |00100110 |16406


---------------
Opcode: C9
ll: 02
Instruction:CMP Addressing Mode:Immediate - Operand (Value: "0x02", Address: "None")
Instruction cycle count set to 2
A |X |Y |SP |PC   |T/MT |NV-BDIZC |CYCLE
----------------------------------------
00|00|00|FE |0708 |1/2  |10100100 |16407
00|00|00|FE |0708 |2/2  |10100100 |16408


---------------
Opcode: D0
ll: F8
Old PC: 070A Offset:-8 New PC: 0702
Instruction:BNE Addressing Mode:Relative - Operand (Value: "None", Address: "0x0702")
Instruction cycle count set to 2
A |X |Y |SP |PC   |T/MT |NV-BDIZC |CYCLE
----------------------------------------
00|00|00|FE |0702 |1/3  |10100100 |16409
00|00|00|FE |0702 |2/3  |10100100 |16410
00|00|00|FE |0702 |3/3  |10100100 |16411


---------------
Opcode: 8D
ll: 00 hh: A0
Instruction:STA Addressing Mode:Absolute - Operand (Value: "0x00", Address: "0xA000")
Writing value 0x00 to address: 0xA000
0xA000: 0x00
Instruction cycle count set to 4
A |X |Y |SP |PC   |T/MT |NV-BDIZC |CYCLE
----------------------------------------
00|00|00|FE |0705 |1/4  |10100100 |16412
00|00|00|FE |0705 |2/4  |10100100 |16413
00|00|00|FE |0705 |3/4  |10100100 |16414
00|00|00|FE |0705 |4/4  |10100100 |16415


---------------
Opcode: 4A
Instruction:LSR Addressing Mode:Accumulator - Operand (Value: "0x00", Address: "None")
Instruction cycle count set to 2
A |X |Y |SP |PC   |T/MT |NV-BDIZC |CYCLE
----------------------------------------
00|00|00|FE |0706 |1/2  |00100110 |16416
00|00|00|FE |0706 |2/2  |00100110 |16417


---------------
Opcode: C9
ll: 02
Instruction:CMP Addressing Mode:Immediate - Operand (Value: "0x02", Address: "None")
Instruction cycle count set to 2
A |X |Y |SP |PC   |T/MT |NV-BDIZC |CYCLE
----------------------------------------
00|00|00|FE |0708 |1/2  |10100100 |16418
00|00|00|FE |0708 |2/2  |10100100 |16419


---------------
Opcode: D0
ll: F8
Old PC: 070A Offset:-8 New PC: 0702
Instruction:BNE Addressing Mode:Relative - Operand (Value: "None", Address: "0x0702")
Instruction cycle count set to 2
A |X |Y |SP |PC   |T/MT |NV-BDIZC |CYCLE
----------------------------------------
00|00|00|FE |0702 |1/3  |10100100 |16420
00|00|00|FE |0702 |2/3  |10100100 |16421
00|00|00|FE |0702 |3/3  |10100100 |16422


---------------
Opcode: 8D
ll: 00 hh: A0
Instruction:STA Addressing Mode:Absolute - Operand (Value: "0x00", Address: "0xA000")
Writing value 0x00 to address: 0xA000
0xA000: 0x00
Instruction cycle count set to 4
A |X |Y |SP |PC   |T/MT |NV-BDIZC |CYCLE
----------------------------------------
00|00|00|FE |0705 |1/4  |10100100 |16423
00|00|00|FE |0705 |2/4  |10100100 |16424
00|00|00|FE |0705 |3/4  |10100100 |16425
00|00|00|FE |0705 |4/4  |10100100 |16426


---------------
Opcode: 4A
Instruction:LSR Addressing Mode:Accumulator - Operand (Value: "0x00", Address: "None")
Instruction cycle count set to 2
A |X |Y |SP |PC   |T/MT |NV-BDIZC |CYCLE
----------------------------------------
00|00|00|FE |0706 |1/2  |00100110 |16427
00|00|00|FE |0706 |2/2  |00100110 |16428


---------------
Opcode: C9
ll: 02
Instruction:CMP Addressing Mode:Immediate - Operand (Value: "0x02", Address: "None")
Instruction cycle count set to 2
A |X |Y |SP |PC   |T/MT |NV-BDIZC |CYCLE
----------------------------------------
00|00|00|FE |0708 |1/2  |10100100 |16429
00|00|00|FE |0708 |2/2  |10100100 |16430


---------------
Opcode: D0
ll: F8
Old PC: 070A Offset:-8 New PC: 0702
Instruction:BNE Addressing Mode:Relative - Operand (Value: "None", Address: "0x0702")
Instruction cycle count set to 2
A |X |Y |SP |PC   |T/MT |NV-BDIZC |CYCLE
----------------------------------------
00|00|00|FE |0702 |1/3  |10100100 |16431
00|00|00|FE |0702 |2/3  |10100100 |16432
00|00|00|FE |0702 |3/3  |10100100 |16433


---------------
Opcode: 8D
ll: 00 hh: A0
Instruction:STA Addressing Mode:Absolute - Operand (Value: "0x00", Address: "0xA000")
Writing value 0x00 to address: 0xA000
0xA000: 0x00
Instruction cycle count set to 4
A |X |Y |SP |PC   |T/MT |NV-BDIZC |CYCLE
----------------------------------------
00|00|00|FE |0705 |1/4  |10100100 |16434
00|00|00|FE |0705 |2/4  |10100100 |16435
00|00|00|FE |0705 |3/4  |10100100 |16436
00|00|00|FE |0705 |4/4  |10100100 |16437


---------------
Opcode: 4A
Instruction:LSR Addressing Mode:Accumulator - Operand (Value: "0x00", Address: "None")
Instruction cycle count set to 2
A |X |Y |SP |PC   |T/MT |NV-BDIZC |CYCLE
----------------------------------------
00|00|00|FE |0706 |1/2  |00100110 |16438
00|00|00|FE |0706 |2/2  |00100110 |16439


---------------
Opcode: C9
ll: 02
Instruction:CMP Addressing Mode:Immediate - Operand (Value: "0x02", Address: "None")
Instruction cycle count set to 2
A |X |Y |SP |PC   |T/MT |NV-BDIZC |CYCLE
----------------------------------------
00|00|00|FE |0708 |1/2  |10100100 |16440
00|00|00|FE |0708 |2/2  |10100100 |16441


---------------
Opcode: D0
ll: F8
Old PC: 070A Offset:-8 New PC: 0702
Instruction:BNE Addressing Mode:Relative - Operand (Value: "None", Address: "0x0702")
Instruction cycle count set to 2
A |X |Y |SP |PC   |T/MT |NV-BDIZC |CYCLE
----------------------------------------
00|00|00|FE |0702 |1/3  |10100100 |16442
00|00|00|FE |0702 |2/3  |10100100 |16443
00|00|00|FE |0702 |3/3  |10100100 |16444


---------------
Opcode: 8D
ll: 00 hh: A0
Instruction:STA Addressing Mode:Absolute - Operand (Value: "0x00", Address: "0xA000")
Writing value 0x00 to address: 0xA000
0xA000: 0x00
Instruction cycle count set to 4
A |X |Y |SP |PC   |T/MT |NV-BDIZC |CYCLE
----------------------------------------
00|00|00|FE |0705 |1/4  |10100100 |16445
00|00|00|FE |0705 |2/4  |10100100 |16446
00|00|00|FE |0705 |3/4  |10100100 |16447
00|00|00|FE |0705 |4/4  |10100100 |16448


---------------
Opcode: 4A
Instruction:LSR Addressing Mode:Accumulator - Operand (Value: "0x00", Address: "None")
Instruction cycle count set to 2
A |X |Y |SP |PC   |T/MT |NV-BDIZC |CYCLE
----------------------------------------
00|00|00|FE |0706 |1/2  |00100110 |16449
00|00|00|FE |0706 |2/2  |00100110 |16450


---------------
Opcode: C9
ll: 02
Instruction:CMP Addressing Mode:Immediate - Operand (Value: "0x02", Address: "None")
Instruction cycle count set to 2
A |X |Y |SP |PC   |T/MT |NV-BDIZC |CYCLE
----------------------------------------
00|00|00|FE |0708 |1/2  |10100100 |16451
00|00|00|FE |0708 |2/2  |10100100 |16452


---------------
Opcode: D0
ll: F8
Old PC: 070A Offset:-8 New PC: 0702
Instruction:BNE Addressing Mode:Relative - Operand (Value: "None", Address: "0x0702")
Instruction cycle count set to 2
A |X |Y |SP |PC   |T/MT |NV-BDIZC |CYCLE
----------------------------------------
00|00|00|FE |0702 |1/3  |10100100 |16453
00|00|00|FE |0702 |2/3  |10100100 |16454
00|00|00|FE |0702 |3/3  |10100100 |16455


---------------
Opcode: 8D
ll: 00 hh: A0
Instruction:STA Addressing Mode:Absolute - Operand (Value: "0x00", Address: "0xA000")
Writing value 0x00 to address: 0xA000
0xA000: 0x00
Instruction cycle count set to 4
A |X |Y |SP |PC   |T/MT |NV-BDIZC |CYCLE
----------------------------------------
00|00|00|FE |0705 |1/4  |10100100 |16456
00|00|00|FE |0705 |2/4  |10100100 |16457
00|00|00|FE |0705 |3/4  |10100100 |16458
00|00|00|FE |0705 |4/4  |10100100 |16459


---------------
Opcode: 4A
Instruction:LSR Addressing Mode:Accumulator - Operand (Value: "0x00", Address: "None")
Instruction cycle count set to 2
A |X |Y |SP |PC   |T/MT |NV-BDIZC |CYCLE
----------------------------------------
00|00|00|FE |0706 |1/2  |00100110 |16460
00|00|00|FE |0706 |2/2  |00100110 |16461


---------------
Opcode: C9
ll: 02
Instruction:CMP Addressing Mode:Immediate - Operand (Value: "0x02", Address: "None")
Instruction cycle count set to 2
A |X |Y |SP |PC   |T/MT |NV-BDIZC |CYCLE
----------------------------------------
00|00|00|FE |0708 |1/2  |10100100 |16462
00|00|00|FE |0708 |2/2  |10100100 |16463


---------------
Opcode: D0
ll: F8
Old PC: 070A Offset:-8 New PC: 0702
Instruction:BNE Addressing Mode:Relative - Operand (Value: "None", Address: "0x0702")
Instruction cycle count set to 2
A |X |Y |SP |PC   |T/MT |NV-BDIZC |CYCLE
----------------------------------------
00|00|00|FE |0702 |1/3  |10100100 |16464
00|00|00|FE |0702 |2/3  |10100100 |16465
00|00|00|FE |0702 |3/3  |10100100 |16466


---------------
Opcode: 8D
ll: 00 hh: A0
Instruction:STA Addressing Mode:Absolute - Operand (Value: "0x00", Address: "0xA000")
Writing value 0x00 to address: 0xA000
0xA000: 0x00
Instruction cycle count set to 4
A |X |Y |SP |PC   |T/MT |NV-BDIZC |CYCLE
----------------------------------------
00|00|00|FE |0705 |1/4  |10100100 |16467
00|00|00|FE |0705 |2/4  |10100100 |16468
00|00|00|FE |0705 |3/4  |10100100 |16469
00|00|00|FE |0705 |4/4  |10100100 |16470


---------------
Opcode: 4A
Instruction:LSR Addressing Mode:Accumulator - Operand (Value: "0x00", Address: "None")
Instruction cycle count set to 2
A |X |Y |SP |PC   |T/MT |NV-BDIZC |CYCLE
----------------------------------------
00|00|00|FE |0706 |1/2  |00100110 |16471
00|00|00|FE |0706 |2/2  |00100110 |16472


---------------
Opcode: C9
ll: 02
Instruction:CMP Addressing Mode:Immediate - Operand (Value: "0x02", Address: "None")
Instruction cycle count set to 2
A |X |Y |SP |PC   |T/MT |NV-BDIZC |CYCLE
----------------------------------------
00|00|00|FE |0708 |1/2  |10100100 |16473
00|00|00|FE |0708 |2/2  |10100100 |16474


---------------
Opcode: D0
ll: F8
Old PC: 070A Offset:-8 New PC: 0702
Instruction:BNE Addressing Mode:Relative - Operand (Value: "None", Address: "0x0702")
Instruction cycle count set to 2
A |X |Y |SP |PC   |T/MT |NV-BDIZC |CYCLE
----------------------------------------
00|00|00|FE |0702 |1/3  |10100100 |16475
00|00|00|FE |0702 |2/3  |10100100 |16476
00|00|00|FE |0702 |3/3  |10100100 |16477


---------------
Opcode: 8D
ll: 00 hh: A0
Instruction:STA Addressing Mode:Absolute - Operand (Value: "0x00", Address: "0xA000")
Writing value 0x00 to address: 0xA000
0xA000: 0x00
Instruction cycle count set to 4
A |X |Y |SP |PC   |T/MT |NV-BDIZC |CYCLE
----------------------------------------
00|00|00|FE |0705 |1/4  |10100100 |16478
00|00|00|FE |0705 |2/4  |10100100 |16479
00|00|00|FE |0705 |3/4  |10100100 |16480
00|00|00|FE |0705 |4/4  |10100100 |16481


---------------
Opcode: 4A
Instruction:LSR Addressing Mode:Accumulator - Operand (Value: "0x00", Address: "None")
Instruction cycle count set to 2
A |X |Y |SP |PC   |T/MT |NV-BDIZC |CYCLE
----------------------------------------
00|00|00|FE |0706 |1/2  |00100110 |16482
00|00|00|FE |0706 |2/2  |00100110 |16483


---------------
Opcode: C9
ll: 02
Instruction:CMP Addressing Mode:Immediate - Operand (Value: "0x02", Address: "None")
Instruction cycle count set to 2
A |X |Y |SP |PC   |T/MT |NV-BDIZC |CYCLE
----------------------------------------
00|00|00|FE |0708 |1/2  |10100100 |16484
00|00|00|FE |0708 |2/2  |10100100 |16485


---------------
Opcode: D0
ll: F8
Old PC: 070A Offset:-8 New PC: 0702
Instruction:BNE Addressing Mode:Relative - Operand (Value: "None", Address: "0x0702")
Instruction cycle count set to 2
A |X |Y |SP |PC   |T/MT |NV-BDIZC |CYCLE
----------------------------------------
00|00|00|FE |0702 |1/3  |10100100 |16486
00|00|00|FE |0702 |2/3  |10100100 |16487
00|00|00|FE |0702 |3/3  |10100100 |16488


---------------
Opcode: 8D
ll: 00 hh: A0
Instruction:STA Addressing Mode:Absolute - Operand (Value: "0x00", Address: "0xA000")
Writing value 0x00 to address: 0xA000
0xA000: 0x00
Instruction cycle count set to 4
A |X |Y |SP |PC   |T/MT |NV-BDIZC |CYCLE
----------------------------------------
00|00|00|FE |0705 |1/4  |10100100 |16489
00|00|00|FE |0705 |2/4  |10100100 |16490
00|00|00|FE |0705 |3/4  |10100100 |16491
00|00|00|FE |0705 |4/4  |10100100 |16492


---------------
Opcode: 4A
Instruction:LSR Addressing Mode:Accumulator - Operand (Value: "0x00", Address: "None")
Instruction cycle count set to 2
A |X |Y |SP |PC   |T/MT |NV-BDIZC |CYCLE
----------------------------------------
00|00|00|FE |0706 |1/2  |00100110 |16493
00|00|00|FE |0706 |2/2  |00100110 |16494


---------------
Opcode: C9
ll: 02
Instruction:CMP Addressing Mode:Immediate - Operand (Value: "0x02", Address: "None")
Instruction cycle count set to 2
A |X |Y |SP |PC   |T/MT |NV-BDIZC |CYCLE
----------------------------------------
00|00|00|FE |0708 |1/2  |10100100 |16495
00|00|00|FE |0708 |2/2  |10100100 |16496


---------------
Opcode: D0
ll: F8
Old PC: 070A Offset:-8 New PC: 0702
Instruction:BNE Addressing Mode:Relative - Operand (Value: "None", Address: "0x0702")
Instruction cycle count set to 2
A |X |Y |SP |PC   |T/MT |NV-BDIZC |CYCLE
----------------------------------------
00|00|00|FE |0702 |1/3  |10100100 |16497
00|00|00|FE |0702 |2/3  |10100100 |16498
00|00|00|FE |0702 |3/3  |10100100 |16499


---------------
Opcode: 8D
ll: 00 hh: A0
Instruction:STA Addressing Mode:Absolute - Operand (Value: "0x00", Address: "0xA000")
Writing value 0x00 to address: 0xA000
0xA000: 0x00
Instruction cycle count set to 4
A |X |Y |SP |PC   |T/MT |NV-BDIZC |CYCLE
----------------------------------------
00|00|00|FE |0705 |1/4  |10100100 |16500
00|00|00|FE |0705 |2/4  |10100100 |16501
00|00|00|FE |0705 |3/4  |10100100 |16502
00|00|00|FE |0705 |4/4  |10100100 |16503


---------------
Opcode: 4A
Instruction:LSR Addressing Mode:Accumulator - Operand (Value: "0x00", Address: "None")
Instruction cycle count set to 2
A |X |Y |SP |PC   |T/MT |NV-BDIZC |CYCLE
----------------------------------------
00|00|00|FE |0706 |1/2  |00100110 |16504
00|00|00|FE |0706 |2/2  |00100110 |16505


---------------
Opcode: C9
ll: 02
Instruction:CMP Addressing Mode:Immediate - Operand (Value: "0x02", Address: "None")
Instruction cycle count set to 2
A |X |Y |SP |PC   |T/MT |NV-BDIZC |CYCLE
----------------------------------------
00|00|00|FE |0708 |1/2  |10100100 |16506
00|00|00|FE |0708 |2/2  |10100100 |16507


---------------
Opcode: D0
ll: F8
Old PC: 070A Offset:-8 New PC: 0702
Instruction:BNE Addressing Mode:Relative - Operand (Value: "None", Address: "0x0702")
Instruction cycle count set to 2
A |X |Y |SP |PC   |T/MT |NV-BDIZC |CYCLE
----------------------------------------
00|00|00|FE |0702 |1/3  |10100100 |16508
00|00|00|FE |0702 |2/3  |10100100 |16509
00|00|00|FE |0702 |3/3  |10100100 |16510


---------------
Opcode: 8D
ll: 00 hh: A0
Instruction:STA Addressing Mode:Absolute - Operand (Value: "0x00", Address: "0xA000")
Writing value 0x00 to address: 0xA000
0xA000: 0x00
Instruction cycle count set to 4
A |X |Y |SP |PC   |T/MT |NV-BDIZC |CYCLE
----------------------------------------
00|00|00|FE |0705 |1/4  |10100100 |16511
00|00|00|FE |0705 |2/4  |10100100 |16512
00|00|00|FE |0705 |3/4  |10100100 |16513
00|00|00|FE |0705 |4/4  |10100100 |16514


---------------
Opcode: 4A
Instruction:LSR Addressing Mode:Accumulator - Operand (Value: "0x00", Address: "None")
Instruction cycle count set to 2
A |X |Y |SP |PC   |T/MT |NV-BDIZC |CYCLE
----------------------------------------
00|00|00|FE |0706 |1/2  |00100110 |16515
00|00|00|FE |0706 |2/2  |00100110 |16516


---------------
Opcode: C9
ll: 02
Instruction:CMP Addressing Mode:Immediate - Operand (Value: "0x02", Address: "None")
Instruction cycle count set to 2
A |X |Y |SP |PC   |T/MT |NV-BDIZC |CYCLE
----------------------------------------
00|00|00|FE |0708 |1/2  |10100100 |16517
00|00|00|FE |0708 |2/2  |10100100 |16518


---------------
Opcode: D0
ll: F8
Old PC: 070A Offset:-8 New PC: 0702
Instruction:BNE Addressing Mode:Relative - Operand (Value: "None", Address: "0x0702")
Instruction cycle count set to 2
A |X |Y |SP |PC   |T/MT |NV-BDIZC |CYCLE
----------------------------------------
00|00|00|FE |0702 |1/3  |10100100 |16519
00|00|00|FE |0702 |2/3  |10100100 |16520
00|00|00|FE |0702 |3/3  |10100100 |16521


---------------
Opcode: 8D
ll: 00 hh: A0
Instruction:STA Addressing Mode:Absolute - Operand (Value: "0x00", Address: "0xA000")
Writing value 0x00 to address: 0xA000
0xA000: 0x00
Instruction cycle count set to 4
A |X |Y |SP |PC   |T/MT |NV-BDIZC |CYCLE
----------------------------------------
00|00|00|FE |0705 |1/4  |10100100 |16522
00|00|00|FE |0705 |2/4  |10100100 |16523
00|00|00|FE |0705 |3/4  |10100100 |16524
00|00|00|FE |0705 |4/4  |10100100 |16525


---------------
Opcode: 4A
Instruction:LSR Addressing Mode:Accumulator - Operand (Value: "0x00", Address: "None")
Instruction cycle count set to 2
A |X |Y |SP |PC   |T/MT |NV-BDIZC |CYCLE
----------------------------------------
00|00|00|FE |0706 |1/2  |00100110 |16526
00|00|00|FE |0706 |2/2  |00100110 |16527


---------------
Opcode: C9
ll: 02
Instruction:CMP Addressing Mode:Immediate - Operand (Value: "0x02", Address: "None")
Instruction cycle count set to 2
A |X |Y |SP |PC   |T/MT |NV-BDIZC |CYCLE
----------------------------------------
00|00|00|FE |0708 |1/2  |10100100 |16528
00|00|00|FE |0708 |2/2  |10100100 |16529


---------------
Opcode: D0
ll: F8
Old PC: 070A Offset:-8 New PC: 0702
Instruction:BNE Addressing Mode:Relative - Operand (Value: "None", Address: "0x0702")
Instruction cycle count set to 2
A |X |Y |SP |PC   |T/MT |NV-BDIZC |CYCLE
----------------------------------------
00|00|00|FE |0702 |1/3  |10100100 |16530
00|00|00|FE |0702 |2/3  |10100100 |16531
00|00|00|FE |0702 |3/3  |10100100 |16532


---------------
Opcode: 8D
ll: 00 hh: A0
Instruction:STA Addressing Mode:Absolute - Operand (Value: "0x00", Address: "0xA000")
Writing value 0x00 to address: 0xA000
0xA000: 0x00
Instruction cycle count set to 4
A |X |Y |SP |PC   |T/MT |NV-BDIZC |CYCLE
----------------------------------------
00|00|00|FE |0705 |1/4  |10100100 |16533
00|00|00|FE |0705 |2/4  |10100100 |16534
00|00|00|FE |0705 |3/4  |10100100 |16535
00|00|00|FE |0705 |4/4  |10100100 |16536


---------------
Opcode: 4A
Instruction:LSR Addressing Mode:Accumulator - Operand (Value: "0x00", Address: "None")
Instruction cycle count set to 2
A |X |Y |SP |PC   |T/MT |NV-BDIZC |CYCLE
----------------------------------------
00|00|00|FE |0706 |1/2  |00100110 |16537
00|00|00|FE |0706 |2/2  |00100110 |16538


---------------
Opcode: C9
ll: 02
Instruction:CMP Addressing Mode:Immediate - Operand (Value: "0x02", Address: "None")
Instruction cycle count set to 2
A |X |Y |SP |PC   |T/MT |NV-BDIZC |CYCLE
----------------------------------------
00|00|00|FE |0708 |1/2  |10100100 |16539
00|00|00|FE |0708 |2/2  |10100100 |16540


---------------
Opcode: D0
ll: F8
Old PC: 070A Offset:-8 New PC: 0702
Instruction:BNE Addressing Mode:Relative - Operand (Value: "None", Address: "0x0702")
Instruction cycle count set to 2
A |X |Y |SP |PC   |T/MT |NV-BDIZC |CYCLE
----------------------------------------
00|00|00|FE |0702 |1/3  |10100100 |16541
00|00|00|FE |0702 |2/3  |10100100 |16542
00|00|00|FE |0702 |3/3  |10100100 |16543


---------------
Opcode: 8D
ll: 00 hh: A0
Instruction:STA Addressing Mode:Absolute - Operand (Value: "0x00", Address: "0xA000")
Writing value 0x00 to address: 0xA000
0xA000: 0x00
Instruction cycle count set to 4
A |X |Y |SP |PC   |T/MT |NV-BDIZC |CYCLE
----------------------------------------
00|00|00|FE |0705 |1/4  |10100100 |16544
00|00|00|FE |0705 |2/4  |10100100 |16545
00|00|00|FE |0705 |3/4  |10100100 |16546
00|00|00|FE |0705 |4/4  |10100100 |16547


---------------
Opcode: 4A
Instruction:LSR Addressing Mode:Accumulator - Operand (Value: "0x00", Address: "None")
Instruction cycle count set to 2
A |X |Y |SP |PC   |T/MT |NV-BDIZC |CYCLE
----------------------------------------
00|00|00|FE |0706 |1/2  |00100110 |16548
00|00|00|FE |0706 |2/2  |00100110 |16549


---------------
Opcode: C9
ll: 02
Instruction:CMP Addressing Mode:Immediate - Operand (Value: "0x02", Address: "None")
Instruction cycle count set to 2
A |X |Y |SP |PC   |T/MT |NV-BDIZC |CYCLE
----------------------------------------
00|00|00|FE |0708 |1/2  |10100100 |16550
00|00|00|FE |0708 |2/2  |10100100 |16551


---------------
Opcode: D0
ll: F8
Old PC: 070A Offset:-8 New PC: 0702
Instruction:BNE Addressing Mode:Relative - Operand (Value: "None", Address: "0x0702")
Instruction cycle count set to 2
A |X |Y |SP |PC   |T/MT |NV-BDIZC |CYCLE
----------------------------------------
00|00|00|FE |0702 |1/3  |10100100 |16552
00|00|00|FE |0702 |2/3  |10100100 |16553
00|00|00|FE |0702 |3/3  |10100100 |16554


---------------
Opcode: 8D
ll: 00 hh: A0
Instruction:STA Addressing Mode:Absolute - Operand (Value: "0x00", Address: "0xA000")
Writing value 0x00 to address: 0xA000
0xA000: 0x00
Instruction cycle count set to 4
A |X |Y |SP |PC   |T/MT |NV-BDIZC |CYCLE
----------------------------------------
00|00|00|FE |0705 |1/4  |10100100 |16555
00|00|00|FE |0705 |2/4  |10100100 |16556
00|00|00|FE |0705 |3/4  |10100100 |16557
00|00|00|FE |0705 |4/4  |10100100 |16558


---------------
Opcode: 4A
Instruction:LSR Addressing Mode:Accumulator - Operand (Value: "0x00", Address: "None")
Instruction cycle count set to 2
A |X |Y |SP |PC   |T/MT |NV-BDIZC |CYCLE
----------------------------------------
00|00|00|FE |0706 |1/2  |00100110 |16559
00|00|00|FE |0706 |2/2  |00100110 |16560


---------------
Opcode: C9
ll: 02
Instruction:CMP Addressing Mode:Immediate - Operand (Value: "0x02", Address: "None")
Instruction cycle count set to 2
A |X |Y |SP |PC   |T/MT |NV-BDIZC |CYCLE
----------------------------------------
00|00|00|FE |0708 |1/2  |10100100 |16561
00|00|00|FE |0708 |2/2  |10100100 |16562


---------------
Opcode: D0
ll: F8
Old PC: 070A Offset:-8 New PC: 0702
Instruction:BNE Addressing Mode:Relative - Operand (Value: "None", Address: "0x0702")
Instruction cycle count set to 2
A |X |Y |SP |PC   |T/MT |NV-BDIZC |CYCLE
----------------------------------------
00|00|00|FE |0702 |1/3  |10100100 |16563
00|00|00|FE |0702 |2/3  |10100100 |16564
00|00|00|FE |0702 |3/3  |10100100 |16565


---------------
Opcode: 8D
ll: 00 hh: A0
Instruction:STA Addressing Mode:Absolute - Operand (Value: "0x00", Address: "0xA000")
Writing value 0x00 to address: 0xA000
0xA000: 0x00
Instruction cycle count set to 4
A |X |Y |SP |PC   |T/MT |NV-BDIZC |CYCLE
----------------------------------------
00|00|00|FE |0705 |1/4  |10100100 |16566
00|00|00|FE |0705 |2/4  |10100100 |16567
00|00|00|FE |0705 |3/4  |10100100 |16568
00|00|00|FE |0705 |4/4  |10100100 |16569


---------------
Opcode: 4A
Instruction:LSR Addressing Mode:Accumulator - Operand (Value: "0x00", Address: "None")
Instruction cycle count set to 2
A |X |Y |SP |PC   |T/MT |NV-BDIZC |CYCLE
----------------------------------------
00|00|00|FE |0706 |1/2  |00100110 |16570
00|00|00|FE |0706 |2/2  |00100110 |16571


---------------
Opcode: C9
ll: 02
Instruction:CMP Addressing Mode:Immediate - Operand (Value: "0x02", Address: "None")
Instruction cycle count set to 2
A |X |Y |SP |PC   |T/MT |NV-BDIZC |CYCLE
----------------------------------------
00|00|00|FE |0708 |1/2  |10100100 |16572
00|00|00|FE |0708 |2/2  |10100100 |16573


---------------
Opcode: D0
ll: F8
Old PC: 070A Offset:-8 New PC: 0702
Instruction:BNE Addressing Mode:Relative - Operand (Value: "None", Address: "0x0702")
Instruction cycle count set to 2
A |X |Y |SP |PC   |T/MT |NV-BDIZC |CYCLE
----------------------------------------
00|00|00|FE |0702 |1/3  |10100100 |16574
00|00|00|FE |0702 |2/3  |10100100 |16575
00|00|00|FE |0702 |3/3  |10100100 |16576


---------------
Opcode: 8D
ll: 00 hh: A0
Instruction:STA Addressing Mode:Absolute - Operand (Value: "0x00", Address: "0xA000")
Writing value 0x00 to address: 0xA000
0xA000: 0x00
Instruction cycle count set to 4
A |X |Y |SP |PC   |T/MT |NV-BDIZC |CYCLE
----------------------------------------
00|00|00|FE |0705 |1/4  |10100100 |16577
00|00|00|FE |0705 |2/4  |10100100 |16578
00|00|00|FE |0705 |3/4  |10100100 |16579
00|00|00|FE |0705 |4/4  |10100100 |16580


---------------
Opcode: 4A
Instruction:LSR Addressing Mode:Accumulator - Operand (Value: "0x00", Address: "None")
Instruction cycle count set to 2
A |X |Y |SP |PC   |T/MT |NV-BDIZC |CYCLE
----------------------------------------
00|00|00|FE |0706 |1/2  |00100110 |16581
00|00|00|FE |0706 |2/2  |00100110 |16582


---------------
Opcode: C9
ll: 02
Instruction:CMP Addressing Mode:Immediate - Operand (Value: "0x02", Address: "None")
Instruction cycle count set to 2
A |X |Y |SP |PC   |T/MT |NV-BDIZC |CYCLE
----------------------------------------
00|00|00|FE |0708 |1/2  |10100100 |16583
00|00|00|FE |0708 |2/2  |10100100 |16584


---------------
Opcode: D0
ll: F8
Old PC: 070A Offset:-8 New PC: 0702
Instruction:BNE Addressing Mode:Relative - Operand (Value: "None", Address: "0x0702")
Instruction cycle count set to 2
A |X |Y |SP |PC   |T/MT |NV-BDIZC |CYCLE
----------------------------------------
00|00|00|FE |0702 |1/3  |10100100 |16585
00|00|00|FE |0702 |2/3  |10100100 |16586
00|00|00|FE |0702 |3/3  |10100100 |16587


---------------
Opcode: 8D
ll: 00 hh: A0
Instruction:STA Addressing Mode:Absolute - Operand (Value: "0x00", Address: "0xA000")
Writing value 0x00 to address: 0xA000
0xA000: 0x00
Instruction cycle count set to 4
A |X |Y |SP |PC   |T/MT |NV-BDIZC |CYCLE
----------------------------------------
00|00|00|FE |0705 |1/4  |10100100 |16588
00|00|00|FE |0705 |2/4  |10100100 |16589
00|00|00|FE |0705 |3/4  |10100100 |16590
00|00|00|FE |0705 |4/4  |10100100 |16591


---------------
Opcode: 4A
Instruction:LSR Addressing Mode:Accumulator - Operand (Value: "0x00", Address: "None")
Instruction cycle count set to 2
A |X |Y |SP |PC   |T/MT |NV-BDIZC |CYCLE
----------------------------------------
00|00|00|FE |0706 |1/2  |00100110 |16592
00|00|00|FE |0706 |2/2  |00100110 |16593


---------------
Opcode: C9
ll: 02
Instruction:CMP Addressing Mode:Immediate - Operand (Value: "0x02", Address: "None")
Instruction cycle count set to 2
A |X |Y |SP |PC   |T/MT |NV-BDIZC |CYCLE
----------------------------------------
00|00|00|FE |0708 |1/2  |10100100 |16594
00|00|00|FE |0708 |2/2  |10100100 |16595


---------------
Opcode: D0
ll: F8
Old PC: 070A Offset:-8 New PC: 0702
Instruction:BNE Addressing Mode:Relative - Operand (Value: "None", Address: "0x0702")
Instruction cycle count set to 2
A |X |Y |SP |PC   |T/MT |NV-BDIZC |CYCLE
----------------------------------------
00|00|00|FE |0702 |1/3  |10100100 |16596
00|00|00|FE |0702 |2/3  |10100100 |16597
00|00|00|FE |0702 |3/3  |10100100 |16598


---------------
Opcode: 8D
ll: 00 hh: A0
Instruction:STA Addressing Mode:Absolute - Operand (Value: "0x00", Address: "0xA000")
Writing value 0x00 to address: 0xA000
0xA000: 0x00
Instruction cycle count set to 4
A |X |Y |SP |PC   |T/MT |NV-BDIZC |CYCLE
----------------------------------------
00|00|00|FE |0705 |1/4  |10100100 |16599
00|00|00|FE |0705 |2/4  |10100100 |16600
00|00|00|FE |0705 |3/4  |10100100 |16601
00|00|00|FE |0705 |4/4  |10100100 |16602


---------------
Opcode: 4A
Instruction:LSR Addressing Mode:Accumulator - Operand (Value: "0x00", Address: "None")
Instruction cycle count set to 2
A |X |Y |SP |PC   |T/MT |NV-BDIZC |CYCLE
----------------------------------------
00|00|00|FE |0706 |1/2  |00100110 |16603
00|00|00|FE |0706 |2/2  |00100110 |16604


---------------
Opcode: C9
ll: 02
Instruction:CMP Addressing Mode:Immediate - Operand (Value: "0x02", Address: "None")
Instruction cycle count set to 2
A |X |Y |SP |PC   |T/MT |NV-BDIZC |CYCLE
----------------------------------------
00|00|00|FE |0708 |1/2  |10100100 |16605
00|00|00|FE |0708 |2/2  |10100100 |16606


---------------
Opcode: D0
ll: F8
Old PC: 070A Offset:-8 New PC: 0702
Instruction:BNE Addressing Mode:Relative - Operand (Value: "None", Address: "0x0702")
Instruction cycle count set to 2
A |X |Y |SP |PC   |T/MT |NV-BDIZC |CYCLE
----------------------------------------
00|00|00|FE |0702 |1/3  |10100100 |16607
00|00|00|FE |0702 |2/3  |10100100 |16608
00|00|00|FE |0702 |3/3  |10100100 |16609


---------------
Opcode: 8D
ll: 00 hh: A0
Instruction:STA Addressing Mode:Absolute - Operand (Value: "0x00", Address: "0xA000")
Writing value 0x00 to address: 0xA000
0xA000: 0x00
Instruction cycle count set to 4
A |X |Y |SP |PC   |T/MT |NV-BDIZC |CYCLE
----------------------------------------
00|00|00|FE |0705 |1/4  |10100100 |16610
00|00|00|FE |0705 |2/4  |10100100 |16611
00|00|00|FE |0705 |3/4  |10100100 |16612
00|00|00|FE |0705 |4/4  |10100100 |16613


---------------
Opcode: 4A
Instruction:LSR Addressing Mode:Accumulator - Operand (Value: "0x00", Address: "None")
Instruction cycle count set to 2
A |X |Y |SP |PC   |T/MT |NV-BDIZC |CYCLE
----------------------------------------
00|00|00|FE |0706 |1/2  |00100110 |16614
00|00|00|FE |0706 |2/2  |00100110 |16615


---------------
Opcode: C9
ll: 02
Instruction:CMP Addressing Mode:Immediate - Operand (Value: "0x02", Address: "None")
Instruction cycle count set to 2
A |X |Y |SP |PC   |T/MT |NV-BDIZC |CYCLE
----------------------------------------
00|00|00|FE |0708 |1/2  |10100100 |16616
00|00|00|FE |0708 |2/2  |10100100 |16617


---------------
Opcode: D0
ll: F8
Old PC: 070A Offset:-8 New PC: 0702
Instruction:BNE Addressing Mode:Relative - Operand (Value: "None", Address: "0x0702")
Instruction cycle count set to 2
A |X |Y |SP |PC   |T/MT |NV-BDIZC |CYCLE
----------------------------------------
00|00|00|FE |0702 |1/3  |10100100 |16618
00|00|00|FE |0702 |2/3  |10100100 |16619
00|00|00|FE |0702 |3/3  |10100100 |16620


---------------
Opcode: 8D
ll: 00 hh: A0
Instruction:STA Addressing Mode:Absolute - Operand (Value: "0x00", Address: "0xA000")
Writing value 0x00 to address: 0xA000
0xA000: 0x00
Instruction cycle count set to 4
A |X |Y |SP |PC   |T/MT |NV-BDIZC |CYCLE
----------------------------------------
00|00|00|FE |0705 |1/4  |10100100 |16621
00|00|00|FE |0705 |2/4  |10100100 |16622
00|00|00|FE |0705 |3/4  |10100100 |16623
00|00|00|FE |0705 |4/4  |10100100 |16624


---------------
Opcode: 4A
Instruction:LSR Addressing Mode:Accumulator - Operand (Value: "0x00", Address: "None")
Instruction cycle count set to 2
A |X |Y |SP |PC   |T/MT |NV-BDIZC |CYCLE
----------------------------------------
00|00|00|FE |0706 |1/2  |00100110 |16625
00|00|00|FE |0706 |2/2  |00100110 |16626


---------------
Opcode: C9
ll: 02
Instruction:CMP Addressing Mode:Immediate - Operand (Value: "0x02", Address: "None")
Instruction cycle count set to 2
A |X |Y |SP |PC   |T/MT |NV-BDIZC |CYCLE
----------------------------------------
00|00|00|FE |0708 |1/2  |10100100 |16627
00|00|00|FE |0708 |2/2  |10100100 |16628


---------------
Opcode: D0
ll: F8
Old PC: 070A Offset:-8 New PC: 0702
Instruction:BNE Addressing Mode:Relative - Operand (Value: "None", Address: "0x0702")
Instruction cycle count set to 2
A |X |Y |SP |PC   |T/MT |NV-BDIZC |CYCLE
----------------------------------------
00|00|00|FE |0702 |1/3  |10100100 |16629
00|00|00|FE |0702 |2/3  |10100100 |16630
00|00|00|FE |0702 |3/3  |10100100 |16631


---------------
Opcode: 8D
ll: 00 hh: A0
Instruction:STA Addressing Mode:Absolute - Operand (Value: "0x00", Address: "0xA000")
Writing value 0x00 to address: 0xA000
0xA000: 0x00
Instruction cycle count set to 4
A |X |Y |SP |PC   |T/MT |NV-BDIZC |CYCLE
----------------------------------------
00|00|00|FE |0705 |1/4  |10100100 |16632
00|00|00|FE |0705 |2/4  |10100100 |16633
00|00|00|FE |0705 |3/4  |10100100 |16634
00|00|00|FE |0705 |4/4  |10100100 |16635


---------------
Opcode: 4A
Instruction:LSR Addressing Mode:Accumulator - Operand (Value: "0x00", Address: "None")
Instruction cycle count set to 2
A |X |Y |SP |PC   |T/MT |NV-BDIZC |CYCLE
----------------------------------------
00|00|00|FE |0706 |1/2  |00100110 |16636
00|00|00|FE |0706 |2/2  |00100110 |16637


---------------
Opcode: C9
ll: 02
Instruction:CMP Addressing Mode:Immediate - Operand (Value: "0x02", Address: "None")
Instruction cycle count set to 2
A |X |Y |SP |PC   |T/MT |NV-BDIZC |CYCLE
----------------------------------------
00|00|00|FE |0708 |1/2  |10100100 |16638
00|00|00|FE |0708 |2/2  |10100100 |16639


---------------
Opcode: D0
ll: F8
Old PC: 070A Offset:-8 New PC: 0702
Instruction:BNE Addressing Mode:Relative - Operand (Value: "None", Address: "0x0702")
Instruction cycle count set to 2
A |X |Y |SP |PC   |T/MT |NV-BDIZC |CYCLE
----------------------------------------
00|00|00|FE |0702 |1/3  |10100100 |16640
00|00|00|FE |0702 |2/3  |10100100 |16641
00|00|00|FE |0702 |3/3  |10100100 |16642


---------------
Opcode: 8D
ll: 00 hh: A0
Instruction:STA Addressing Mode:Absolute - Operand (Value: "0x00", Address: "0xA000")
Writing value 0x00 to address: 0xA000
0xA000: 0x00
Instruction cycle count set to 4
A |X |Y |SP |PC   |T/MT |NV-BDIZC |CYCLE
----------------------------------------
00|00|00|FE |0705 |1/4  |10100100 |16643
00|00|00|FE |0705 |2/4  |10100100 |16644
00|00|00|FE |0705 |3/4  |10100100 |16645
00|00|00|FE |0705 |4/4  |10100100 |16646


---------------
Opcode: 4A
Instruction:LSR Addressing Mode:Accumulator - Operand (Value: "0x00", Address: "None")
Instruction cycle count set to 2
A |X |Y |SP |PC   |T/MT |NV-BDIZC |CYCLE
----------------------------------------
00|00|00|FE |0706 |1/2  |00100110 |16647
00|00|00|FE |0706 |2/2  |00100110 |16648


---------------
Opcode: C9
ll: 02
Instruction:CMP Addressing Mode:Immediate - Operand (Value: "0x02", Address: "None")
Instruction cycle count set to 2
A |X |Y |SP |PC   |T/MT |NV-BDIZC |CYCLE
----------------------------------------
00|00|00|FE |0708 |1/2  |10100100 |16649
00|00|00|FE |0708 |2/2  |10100100 |16650


---------------
Opcode: D0
ll: F8
Old PC: 070A Offset:-8 New PC: 0702
Instruction:BNE Addressing Mode:Relative - Operand (Value: "None", Address: "0x0702")
Instruction cycle count set to 2
A |X |Y |SP |PC   |T/MT |NV-BDIZC |CYCLE
----------------------------------------
00|00|00|FE |0702 |1/3  |10100100 |16651
00|00|00|FE |0702 |2/3  |10100100 |16652
00|00|00|FE |0702 |3/3  |10100100 |16653


---------------
Opcode: 8D
ll: 00 hh: A0
Instruction:STA Addressing Mode:Absolute - Operand (Value: "0x00", Address: "0xA000")
Writing value 0x00 to address: 0xA000
0xA000: 0x00
Instruction cycle count set to 4
A |X |Y |SP |PC   |T/MT |NV-BDIZC |CYCLE
----------------------------------------
00|00|00|FE |0705 |1/4  |10100100 |16654
00|00|00|FE |0705 |2/4  |10100100 |16655
00|00|00|FE |0705 |3/4  |10100100 |16656
00|00|00|FE |0705 |4/4  |10100100 |16657


---------------
Opcode: 4A
Instruction:LSR Addressing Mode:Accumulator - Operand (Value: "0x00", Address: "None")
Instruction cycle count set to 2
A |X |Y |SP |PC   |T/MT |NV-BDIZC |CYCLE
----------------------------------------
00|00|00|FE |0706 |1/2  |00100110 |16658
00|00|00|FE |0706 |2/2  |00100110 |16659


---------------
Opcode: C9
ll: 02
Instruction:CMP Addressing Mode:Immediate - Operand (Value: "0x02", Address: "None")
Instruction cycle count set to 2
A |X |Y |SP |PC   |T/MT |NV-BDIZC |CYCLE
----------------------------------------
00|00|00|FE |0708 |1/2  |10100100 |16660
00|00|00|FE |0708 |2/2  |10100100 |16661


---------------
Opcode: D0
ll: F8
Old PC: 070A Offset:-8 New PC: 0702
Instruction:BNE Addressing Mode:Relative - Operand (Value: "None", Address: "0x0702")
Instruction cycle count set to 2
A |X |Y |SP |PC   |T/MT |NV-BDIZC |CYCLE
----------------------------------------
00|00|00|FE |0702 |1/3  |10100100 |16662
00|00|00|FE |0702 |2/3  |10100100 |16663
00|00|00|FE |0702 |3/3  |10100100 |16664


---------------
Opcode: 8D
ll: 00 hh: A0
Instruction:STA Addressing Mode:Absolute - Operand (Value: "0x00", Address: "0xA000")
Writing value 0x00 to address: 0xA000
0xA000: 0x00
Instruction cycle count set to 4
A |X |Y |SP |PC   |T/MT |NV-BDIZC |CYCLE
----------------------------------------
00|00|00|FE |0705 |1/4  |10100100 |16665
00|00|00|FE |0705 |2/4  |10100100 |16666
00|00|00|FE |0705 |3/4  |10100100 |16667
00|00|00|FE |0705 |4/4  |10100100 |16668


---------------
Opcode: 4A
Instruction:LSR Addressing Mode:Accumulator - Operand (Value: "0x00", Address: "None")
Instruction cycle count set to 2
A |X |Y |SP |PC   |T/MT |NV-BDIZC |CYCLE
----------------------------------------
00|00|00|FE |0706 |1/2  |00100110 |16669
00|00|00|FE |0706 |2/2  |00100110 |16670


---------------
Opcode: C9
ll: 02
Instruction:CMP Addressing Mode:Immediate - Operand (Value: "0x02", Address: "None")
Instruction cycle count set to 2
A |X |Y |SP |PC   |T/MT |NV-BDIZC |CYCLE
----------------------------------------
00|00|00|FE |0708 |1/2  |10100100 |16671
00|00|00|FE |0708 |2/2  |10100100 |16672


---------------
Opcode: D0
ll: F8
Old PC: 070A Offset:-8 New PC: 0702
Instruction:BNE Addressing Mode:Relative - Operand (Value: "None", Address: "0x0702")
Instruction cycle count set to 2
A |X |Y |SP |PC   |T/MT |NV-BDIZC |CYCLE
----------------------------------------
00|00|00|FE |0702 |1/3  |10100100 |16673
00|00|00|FE |0702 |2/3  |10100100 |16674
00|00|00|FE |0702 |3/3  |10100100 |16675


---------------
Opcode: 8D
ll: 00 hh: A0
Instruction:STA Addressing Mode:Absolute - Operand (Value: "0x00", Address: "0xA000")
Writing value 0x00 to address: 0xA000
0xA000: 0x00
Instruction cycle count set to 4
A |X |Y |SP |PC   |T/MT |NV-BDIZC |CYCLE
----------------------------------------
00|00|00|FE |0705 |1/4  |10100100 |16676
00|00|00|FE |0705 |2/4  |10100100 |16677
00|00|00|FE |0705 |3/4  |10100100 |16678
00|00|00|FE |0705 |4/4  |10100100 |16679


---------------
Opcode: 4A
Instruction:LSR Addressing Mode:Accumulator - Operand (Value: "0x00", Address: "None")
Instruction cycle count set to 2
A |X |Y |SP |PC   |T/MT |NV-BDIZC |CYCLE
----------------------------------------
00|00|00|FE |0706 |1/2  |00100110 |16680
00|00|00|FE |0706 |2/2  |00100110 |16681


---------------
Opcode: C9
ll: 02
Instruction:CMP Addressing Mode:Immediate - Operand (Value: "0x02", Address: "None")
Instruction cycle count set to 2
A |X |Y |SP |PC   |T/MT |NV-BDIZC |CYCLE
----------------------------------------
00|00|00|FE |0708 |1/2  |10100100 |16682
00|00|00|FE |0708 |2/2  |10100100 |16683


---------------
Opcode: D0
ll: F8
Old PC: 070A Offset:-8 New PC: 0702
Instruction:BNE Addressing Mode:Relative - Operand (Value: "None", Address: "0x0702")
Instruction cycle count set to 2
A |X |Y |SP |PC   |T/MT |NV-BDIZC |CYCLE
----------------------------------------
00|00|00|FE |0702 |1/3  |10100100 |16684
00|00|00|FE |0702 |2/3  |10100100 |16685
00|00|00|FE |0702 |3/3  |10100100 |16686


---------------
Opcode: 8D
ll: 00 hh: A0
Instruction:STA Addressing Mode:Absolute - Operand (Value: "0x00", Address: "0xA000")
Writing value 0x00 to address: 0xA000
0xA000: 0x00
Instruction cycle count set to 4
A |X |Y |SP |PC   |T/MT |NV-BDIZC |CYCLE
----------------------------------------
00|00|00|FE |0705 |1/4  |10100100 |16687
00|00|00|FE |0705 |2/4  |10100100 |16688
00|00|00|FE |0705 |3/4  |10100100 |16689
00|00|00|FE |0705 |4/4  |10100100 |16690


---------------
Opcode: 4A
Instruction:LSR Addressing Mode:Accumulator - Operand (Value: "0x00", Address: "None")
Instruction cycle count set to 2
A |X |Y |SP |PC   |T/MT |NV-BDIZC |CYCLE
----------------------------------------
00|00|00|FE |0706 |1/2  |00100110 |16691
00|00|00|FE |0706 |2/2  |00100110 |16692


---------------
Opcode: C9
ll: 02
Instruction:CMP Addressing Mode:Immediate - Operand (Value: "0x02", Address: "None")
Instruction cycle count set to 2
A |X |Y |SP |PC   |T/MT |NV-BDIZC |CYCLE
----------------------------------------
00|00|00|FE |0708 |1/2  |10100100 |16693
00|00|00|FE |0708 |2/2  |10100100 |16694


---------------
Opcode: D0
ll: F8
Old PC: 070A Offset:-8 New PC: 0702
Instruction:BNE Addressing Mode:Relative - Operand (Value: "None", Address: "0x0702")
Instruction cycle count set to 2
A |X |Y |SP |PC   |T/MT |NV-BDIZC |CYCLE
----------------------------------------
00|00|00|FE |0702 |1/3  |10100100 |16695
00|00|00|FE |0702 |2/3  |10100100 |16696
00|00|00|FE |0702 |3/3  |10100100 |16697


---------------
Opcode: 8D
ll: 00 hh: A0
Instruction:STA Addressing Mode:Absolute - Operand (Value: "0x00", Address: "0xA000")
Writing value 0x00 to address: 0xA000
0xA000: 0x00
Instruction cycle count set to 4
A |X |Y |SP |PC   |T/MT |NV-BDIZC |CYCLE
----------------------------------------
00|00|00|FE |0705 |1/4  |10100100 |16698
00|00|00|FE |0705 |2/4  |10100100 |16699
00|00|00|FE |0705 |3/4  |10100100 |16700
00|00|00|FE |0705 |4/4  |10100100 |16701


---------------
Opcode: 4A
Instruction:LSR Addressing Mode:Accumulator - Operand (Value: "0x00", Address: "None")
Instruction cycle count set to 2
A |X |Y |SP |PC   |T/MT |NV-BDIZC |CYCLE
----------------------------------------
00|00|00|FE |0706 |1/2  |00100110 |16702
00|00|00|FE |0706 |2/2  |00100110 |16703


---------------
Opcode: C9
ll: 02
Instruction:CMP Addressing Mode:Immediate - Operand (Value: "0x02", Address: "None")
Instruction cycle count set to 2
A |X |Y |SP |PC   |T/MT |NV-BDIZC |CYCLE
----------------------------------------
00|00|00|FE |0708 |1/2  |10100100 |16704
00|00|00|FE |0708 |2/2  |10100100 |16705


---------------
Opcode: D0
ll: F8
Old PC: 070A Offset:-8 New PC: 0702
Instruction:BNE Addressing Mode:Relative - Operand (Value: "None", Address: "0x0702")
Instruction cycle count set to 2
A |X |Y |SP |PC   |T/MT |NV-BDIZC |CYCLE
----------------------------------------
00|00|00|FE |0702 |1/3  |10100100 |16706
00|00|00|FE |0702 |2/3  |10100100 |16707
00|00|00|FE |0702 |3/3  |10100100 |16708


---------------
Opcode: 8D
ll: 00 hh: A0
Instruction:STA Addressing Mode:Absolute - Operand (Value: "0x00", Address: "0xA000")
Writing value 0x00 to address: 0xA000
0xA000: 0x00
Instruction cycle count set to 4
A |X |Y |SP |PC   |T/MT |NV-BDIZC |CYCLE
----------------------------------------
00|00|00|FE |0705 |1/4  |10100100 |16709
00|00|00|FE |0705 |2/4  |10100100 |16710
00|00|00|FE |0705 |3/4  |10100100 |16711
00|00|00|FE |0705 |4/4  |10100100 |16712


---------------
Opcode: 4A
Instruction:LSR Addressing Mode:Accumulator - Operand (Value: "0x00", Address: "None")
Instruction cycle count set to 2
A |X |Y |SP |PC   |T/MT |NV-BDIZC |CYCLE
----------------------------------------
00|00|00|FE |0706 |1/2  |00100110 |16713
00|00|00|FE |0706 |2/2  |00100110 |16714


---------------
Opcode: C9
ll: 02
Instruction:CMP Addressing Mode:Immediate - Operand (Value: "0x02", Address: "None")
Instruction cycle count set to 2
A |X |Y |SP |PC   |T/MT |NV-BDIZC |CYCLE
----------------------------------------
00|00|00|FE |0708 |1/2  |10100100 |16715
00|00|00|FE |0708 |2/2  |10100100 |16716


---------------
Opcode: D0
ll: F8
Old PC: 070A Offset:-8 New PC: 0702
Instruction:BNE Addressing Mode:Relative - Operand (Value: "None", Address: "0x0702")
Instruction cycle count set to 2
A |X |Y |SP |PC   |T/MT |NV-BDIZC |CYCLE
----------------------------------------
00|00|00|FE |0702 |1/3  |10100100 |16717
00|00|00|FE |0702 |2/3  |10100100 |16718
00|00|00|FE |0702 |3/3  |10100100 |16719


---------------
Opcode: 8D
ll: 00 hh: A0
Instruction:STA Addressing Mode:Absolute - Operand (Value: "0x00", Address: "0xA000")
Writing value 0x00 to address: 0xA000
0xA000: 0x00
Instruction cycle count set to 4
A |X |Y |SP |PC   |T/MT |NV-BDIZC |CYCLE
----------------------------------------
00|00|00|FE |0705 |1/4  |10100100 |16720
00|00|00|FE |0705 |2/4  |10100100 |16721
00|00|00|FE |0705 |3/4  |10100100 |16722
00|00|00|FE |0705 |4/4  |10100100 |16723


---------------
Opcode: 4A
Instruction:LSR Addressing Mode:Accumulator - Operand (Value: "0x00", Address: "None")
Instruction cycle count set to 2
A |X |Y |SP |PC   |T/MT |NV-BDIZC |CYCLE
----------------------------------------
00|00|00|FE |0706 |1/2  |00100110 |16724
00|00|00|FE |0706 |2/2  |00100110 |16725


---------------
Opcode: C9
ll: 02
Instruction:CMP Addressing Mode:Immediate - Operand (Value: "0x02", Address: "None")
Instruction cycle count set to 2
A |X |Y |SP |PC   |T/MT |NV-BDIZC |CYCLE
----------------------------------------
00|00|00|FE |0708 |1/2  |10100100 |16726
00|00|00|FE |0708 |2/2  |10100100 |16727


---------------
Opcode: D0
ll: F8
Old PC: 070A Offset:-8 New PC: 0702
Instruction:BNE Addressing Mode:Relative - Operand (Value: "None", Address: "0x0702")
Instruction cycle count set to 2
A |X |Y |SP |PC   |T/MT |NV-BDIZC |CYCLE
----------------------------------------
00|00|00|FE |0702 |1/3  |10100100 |16728
00|00|00|FE |0702 |2/3  |10100100 |16729
00|00|00|FE |0702 |3/3  |10100100 |16730


---------------
Opcode: 8D
ll: 00 hh: A0
Instruction:STA Addressing Mode:Absolute - Operand (Value: "0x00", Address: "0xA000")
Writing value 0x00 to address: 0xA000
0xA000: 0x00
Instruction cycle count set to 4
A |X |Y |SP |PC   |T/MT |NV-BDIZC |CYCLE
----------------------------------------
00|00|00|FE |0705 |1/4  |10100100 |16731
00|00|00|FE |0705 |2/4  |10100100 |16732
00|00|00|FE |0705 |3/4  |10100100 |16733
00|00|00|FE |0705 |4/4  |10100100 |16734


---------------
Opcode: 4A
Instruction:LSR Addressing Mode:Accumulator - Operand (Value: "0x00", Address: "None")
Instruction cycle count set to 2
A |X |Y |SP |PC   |T/MT |NV-BDIZC |CYCLE
----------------------------------------
00|00|00|FE |0706 |1/2  |00100110 |16735
00|00|00|FE |0706 |2/2  |00100110 |16736


---------------
Opcode: C9
ll: 02
Instruction:CMP Addressing Mode:Immediate - Operand (Value: "0x02", Address: "None")
Instruction cycle count set to 2
A |X |Y |SP |PC   |T/MT |NV-BDIZC |CYCLE
----------------------------------------
00|00|00|FE |0708 |1/2  |10100100 |16737
00|00|00|FE |0708 |2/2  |10100100 |16738


---------------
Opcode: D0
ll: F8
Old PC: 070A Offset:-8 New PC: 0702
Instruction:BNE Addressing Mode:Relative - Operand (Value: "None", Address: "0x0702")
Instruction cycle count set to 2
A |X |Y |SP |PC   |T/MT |NV-BDIZC |CYCLE
----------------------------------------
00|00|00|FE |0702 |1/3  |10100100 |16739
00|00|00|FE |0702 |2/3  |10100100 |16740
00|00|00|FE |0702 |3/3  |10100100 |16741


---------------
Opcode: 8D
ll: 00 hh: A0
Instruction:STA Addressing Mode:Absolute - Operand (Value: "0x00", Address: "0xA000")
Writing value 0x00 to address: 0xA000
0xA000: 0x00
Instruction cycle count set to 4
A |X |Y |SP |PC   |T/MT |NV-BDIZC |CYCLE
----------------------------------------
00|00|00|FE |0705 |1/4  |10100100 |16742
00|00|00|FE |0705 |2/4  |10100100 |16743
00|00|00|FE |0705 |3/4  |10100100 |16744
00|00|00|FE |0705 |4/4  |10100100 |16745


---------------
Opcode: 4A
Instruction:LSR Addressing Mode:Accumulator - Operand (Value: "0x00", Address: "None")
Instruction cycle count set to 2
A |X |Y |SP |PC   |T/MT |NV-BDIZC |CYCLE
----------------------------------------
00|00|00|FE |0706 |1/2  |00100110 |16746
00|00|00|FE |0706 |2/2  |00100110 |16747


---------------
Opcode: C9
ll: 02
Instruction:CMP Addressing Mode:Immediate - Operand (Value: "0x02", Address: "None")
Instruction cycle count set to 2
A |X |Y |SP |PC   |T/MT |NV-BDIZC |CYCLE
----------------------------------------
00|00|00|FE |0708 |1/2  |10100100 |16748
00|00|00|FE |0708 |2/2  |10100100 |16749


---------------
Opcode: D0
ll: F8
Old PC: 070A Offset:-8 New PC: 0702
Instruction:BNE Addressing Mode:Relative - Operand (Value: "None", Address: "0x0702")
Instruction cycle count set to 2
A |X |Y |SP |PC   |T/MT |NV-BDIZC |CYCLE
----------------------------------------
00|00|00|FE |0702 |1/3  |10100100 |16750
00|00|00|FE |0702 |2/3  |10100100 |16751
00|00|00|FE |0702 |3/3  |10100100 |16752


---------------
Opcode: 8D
ll: 00 hh: A0
Instruction:STA Addressing Mode:Absolute - Operand (Value: "0x00", Address: "0xA000")
Writing value 0x00 to address: 0xA000
0xA000: 0x00
Instruction cycle count set to 4
A |X |Y |SP |PC   |T/MT |NV-BDIZC |CYCLE
----------------------------------------
00|00|00|FE |0705 |1/4  |10100100 |16753
00|00|00|FE |0705 |2/4  |10100100 |16754
00|00|00|FE |0705 |3/4  |10100100 |16755
00|00|00|FE |0705 |4/4  |10100100 |16756


---------------
Opcode: 4A
Instruction:LSR Addressing Mode:Accumulator - Operand (Value: "0x00", Address: "None")
Instruction cycle count set to 2
A |X |Y |SP |PC   |T/MT |NV-BDIZC |CYCLE
----------------------------------------
00|00|00|FE |0706 |1/2  |00100110 |16757
00|00|00|FE |0706 |2/2  |00100110 |16758


---------------
Opcode: C9
ll: 02
Instruction:CMP Addressing Mode:Immediate - Operand (Value: "0x02", Address: "None")
Instruction cycle count set to 2
A |X |Y |SP |PC   |T/MT |NV-BDIZC |CYCLE
----------------------------------------
00|00|00|FE |0708 |1/2  |10100100 |16759
00|00|00|FE |0708 |2/2  |10100100 |16760


---------------
Opcode: D0
ll: F8
Old PC: 070A Offset:-8 New PC: 0702
Instruction:BNE Addressing Mode:Relative - Operand (Value: "None", Address: "0x0702")
Instruction cycle count set to 2
A |X |Y |SP |PC   |T/MT |NV-BDIZC |CYCLE
----------------------------------------
00|00|00|FE |0702 |1/3  |10100100 |16761
00|00|00|FE |0702 |2/3  |10100100 |16762
00|00|00|FE |0702 |3/3  |10100100 |16763


---------------
Opcode: 8D
ll: 00 hh: A0
Instruction:STA Addressing Mode:Absolute - Operand (Value: "0x00", Address: "0xA000")
Writing value 0x00 to address: 0xA000
0xA000: 0x00
Instruction cycle count set to 4
A |X |Y |SP |PC   |T/MT |NV-BDIZC |CYCLE
----------------------------------------
00|00|00|FE |0705 |1/4  |10100100 |16764
00|00|00|FE |0705 |2/4  |10100100 |16765
00|00|00|FE |0705 |3/4  |10100100 |16766
00|00|00|FE |0705 |4/4  |10100100 |16767


---------------
Opcode: 4A
Instruction:LSR Addressing Mode:Accumulator - Operand (Value: "0x00", Address: "None")
Instruction cycle count set to 2
A |X |Y |SP |PC   |T/MT |NV-BDIZC |CYCLE
----------------------------------------
00|00|00|FE |0706 |1/2  |00100110 |16768
00|00|00|FE |0706 |2/2  |00100110 |16769


---------------
Opcode: C9
ll: 02
Instruction:CMP Addressing Mode:Immediate - Operand (Value: "0x02", Address: "None")
Instruction cycle count set to 2
A |X |Y |SP |PC   |T/MT |NV-BDIZC |CYCLE
----------------------------------------
00|00|00|FE |0708 |1/2  |10100100 |16770
00|00|00|FE |0708 |2/2  |10100100 |16771


---------------
Opcode: D0
ll: F8
Old PC: 070A Offset:-8 New PC: 0702
Instruction:BNE Addressing Mode:Relative - Operand (Value: "None", Address: "0x0702")
Instruction cycle count set to 2
A |X |Y |SP |PC   |T/MT |NV-BDIZC |CYCLE
----------------------------------------
00|00|00|FE |0702 |1/3  |10100100 |16772
00|00|00|FE |0702 |2/3  |10100100 |16773
00|00|00|FE |0702 |3/3  |10100100 |16774


---------------
Opcode: 8D
ll: 00 hh: A0
Instruction:STA Addressing Mode:Absolute - Operand (Value: "0x00", Address: "0xA000")
Writing value 0x00 to address: 0xA000
0xA000: 0x00
Instruction cycle count set to 4
A |X |Y |SP |PC   |T/MT |NV-BDIZC |CYCLE
----------------------------------------
00|00|00|FE |0705 |1/4  |10100100 |16775
00|00|00|FE |0705 |2/4  |10100100 |16776
00|00|00|FE |0705 |3/4  |10100100 |16777
00|00|00|FE |0705 |4/4  |10100100 |16778


---------------
Opcode: 4A
Instruction:LSR Addressing Mode:Accumulator - Operand (Value: "0x00", Address: "None")
Instruction cycle count set to 2
A |X |Y |SP |PC   |T/MT |NV-BDIZC |CYCLE
----------------------------------------
00|00|00|FE |0706 |1/2  |00100110 |16779
00|00|00|FE |0706 |2/2  |00100110 |16780


---------------
Opcode: C9
ll: 02
Instruction:CMP Addressing Mode:Immediate - Operand (Value: "0x02", Address: "None")
Instruction cycle count set to 2
A |X |Y |SP |PC   |T/MT |NV-BDIZC |CYCLE
----------------------------------------
00|00|00|FE |0708 |1/2  |10100100 |16781
00|00|00|FE |0708 |2/2  |10100100 |16782


---------------
Opcode: D0
ll: F8
Old PC: 070A Offset:-8 New PC: 0702
Instruction:BNE Addressing Mode:Relative - Operand (Value: "None", Address: "0x0702")
Instruction cycle count set to 2
A |X |Y |SP |PC   |T/MT |NV-BDIZC |CYCLE
----------------------------------------
00|00|00|FE |0702 |1/3  |10100100 |16783
00|00|00|FE |0702 |2/3  |10100100 |16784
00|00|00|FE |0702 |3/3  |10100100 |16785


---------------
Opcode: 8D
ll: 00 hh: A0
Instruction:STA Addressing Mode:Absolute - Operand (Value: "0x00", Address: "0xA000")
Writing value 0x00 to address: 0xA000
0xA000: 0x00
Instruction cycle count set to 4
A |X |Y |SP |PC   |T/MT |NV-BDIZC |CYCLE
----------------------------------------
00|00|00|FE |0705 |1/4  |10100100 |16786
00|00|00|FE |0705 |2/4  |10100100 |16787
00|00|00|FE |0705 |3/4  |10100100 |16788
00|00|00|FE |0705 |4/4  |10100100 |16789


---------------
Opcode: 4A
Instruction:LSR Addressing Mode:Accumulator - Operand (Value: "0x00", Address: "None")
Instruction cycle count set to 2
A |X |Y |SP |PC   |T/MT |NV-BDIZC |CYCLE
----------------------------------------
00|00|00|FE |0706 |1/2  |00100110 |16790
00|00|00|FE |0706 |2/2  |00100110 |16791


---------------
Opcode: C9
ll: 02
Instruction:CMP Addressing Mode:Immediate - Operand (Value: "0x02", Address: "None")
Instruction cycle count set to 2
A |X |Y |SP |PC   |T/MT |NV-BDIZC |CYCLE
----------------------------------------
00|00|00|FE |0708 |1/2  |10100100 |16792
00|00|00|FE |0708 |2/2  |10100100 |16793


---------------
Opcode: D0
ll: F8
Old PC: 070A Offset:-8 New PC: 0702
Instruction:BNE Addressing Mode:Relative - Operand (Value: "None", Address: "0x0702")
Instruction cycle count set to 2
A |X |Y |SP |PC   |T/MT |NV-BDIZC |CYCLE
----------------------------------------
00|00|00|FE |0702 |1/3  |10100100 |16794
00|00|00|FE |0702 |2/3  |10100100 |16795
00|00|00|FE |0702 |3/3  |10100100 |16796


---------------
Opcode: 8D
ll: 00 hh: A0
Instruction:STA Addressing Mode:Absolute - Operand (Value: "0x00", Address: "0xA000")
Writing value 0x00 to address: 0xA000
0xA000: 0x00
Instruction cycle count set to 4
A |X |Y |SP |PC   |T/MT |NV-BDIZC |CYCLE
----------------------------------------
00|00|00|FE |0705 |1/4  |10100100 |16797
00|00|00|FE |0705 |2/4  |10100100 |16798
00|00|00|FE |0705 |3/4  |10100100 |16799
00|00|00|FE |0705 |4/4  |10100100 |16800


---------------
Opcode: 4A
Instruction:LSR Addressing Mode:Accumulator - Operand (Value: "0x00", Address: "None")
Instruction cycle count set to 2
A |X |Y |SP |PC   |T/MT |NV-BDIZC |CYCLE
----------------------------------------
00|00|00|FE |0706 |1/2  |00100110 |16801
00|00|00|FE |0706 |2/2  |00100110 |16802


---------------
Opcode: C9
ll: 02
Instruction:CMP Addressing Mode:Immediate - Operand (Value: "0x02", Address: "None")
Instruction cycle count set to 2
A |X |Y |SP |PC   |T/MT |NV-BDIZC |CYCLE
----------------------------------------
00|00|00|FE |0708 |1/2  |10100100 |16803
00|00|00|FE |0708 |2/2  |10100100 |16804


---------------
Opcode: D0
ll: F8
Old PC: 070A Offset:-8 New PC: 0702
Instruction:BNE Addressing Mode:Relative - Operand (Value: "None", Address: "0x0702")
Instruction cycle count set to 2
A |X |Y |SP |PC   |T/MT |NV-BDIZC |CYCLE
----------------------------------------
00|00|00|FE |0702 |1/3  |10100100 |16805
00|00|00|FE |0702 |2/3  |10100100 |16806
00|00|00|FE |0702 |3/3  |10100100 |16807


---------------
Opcode: 8D
ll: 00 hh: A0
Instruction:STA Addressing Mode:Absolute - Operand (Value: "0x00", Address: "0xA000")
Writing value 0x00 to address: 0xA000
0xA000: 0x00
Instruction cycle count set to 4
A |X |Y |SP |PC   |T/MT |NV-BDIZC |CYCLE
----------------------------------------
00|00|00|FE |0705 |1/4  |10100100 |16808
00|00|00|FE |0705 |2/4  |10100100 |16809
00|00|00|FE |0705 |3/4  |10100100 |16810
00|00|00|FE |0705 |4/4  |10100100 |16811


---------------
Opcode: 4A
Instruction:LSR Addressing Mode:Accumulator - Operand (Value: "0x00", Address: "None")
Instruction cycle count set to 2
A |X |Y |SP |PC   |T/MT |NV-BDIZC |CYCLE
----------------------------------------
00|00|00|FE |0706 |1/2  |00100110 |16812
00|00|00|FE |0706 |2/2  |00100110 |16813


---------------
Opcode: C9
ll: 02
Instruction:CMP Addressing Mode:Immediate - Operand (Value: "0x02", Address: "None")
Instruction cycle count set to 2
A |X |Y |SP |PC   |T/MT |NV-BDIZC |CYCLE
----------------------------------------
00|00|00|FE |0708 |1/2  |10100100 |16814
00|00|00|FE |0708 |2/2  |10100100 |16815


---------------
Opcode: D0
ll: F8
Old PC: 070A Offset:-8 New PC: 0702
Instruction:BNE Addressing Mode:Relative - Operand (Value: "None", Address: "0x0702")
Instruction cycle count set to 2
A |X |Y |SP |PC   |T/MT |NV-BDIZC |CYCLE
----------------------------------------
00|00|00|FE |0702 |1/3  |10100100 |16816
00|00|00|FE |0702 |2/3  |10100100 |16817
00|00|00|FE |0702 |3/3  |10100100 |16818


---------------
Opcode: 8D
ll: 00 hh: A0
Instruction:STA Addressing Mode:Absolute - Operand (Value: "0x00", Address: "0xA000")
Writing value 0x00 to address: 0xA000
0xA000: 0x00
Instruction cycle count set to 4
A |X |Y |SP |PC   |T/MT |NV-BDIZC |CYCLE
----------------------------------------
00|00|00|FE |0705 |1/4  |10100100 |16819
00|00|00|FE |0705 |2/4  |10100100 |16820
00|00|00|FE |0705 |3/4  |10100100 |16821
00|00|00|FE |0705 |4/4  |10100100 |16822


---------------
Opcode: 4A
Instruction:LSR Addressing Mode:Accumulator - Operand (Value: "0x00", Address: "None")
Instruction cycle count set to 2
A |X |Y |SP |PC   |T/MT |NV-BDIZC |CYCLE
----------------------------------------
00|00|00|FE |0706 |1/2  |00100110 |16823
00|00|00|FE |0706 |2/2  |00100110 |16824


---------------
Opcode: C9
ll: 02
Instruction:CMP Addressing Mode:Immediate - Operand (Value: "0x02", Address: "None")
Instruction cycle count set to 2
A |X |Y |SP |PC   |T/MT |NV-BDIZC |CYCLE
----------------------------------------
00|00|00|FE |0708 |1/2  |10100100 |16825
00|00|00|FE |0708 |2/2  |10100100 |16826


---------------
Opcode: D0
ll: F8
Old PC: 070A Offset:-8 New PC: 0702
Instruction:BNE Addressing Mode:Relative - Operand (Value: "None", Address: "0x0702")
Instruction cycle count set to 2
A |X |Y |SP |PC   |T/MT |NV-BDIZC |CYCLE
----------------------------------------
00|00|00|FE |0702 |1/3  |10100100 |16827
00|00|00|FE |0702 |2/3  |10100100 |16828
00|00|00|FE |0702 |3/3  |10100100 |16829


---------------
Opcode: 8D
ll: 00 hh: A0
Instruction:STA Addressing Mode:Absolute - Operand (Value: "0x00", Address: "0xA000")
Writing value 0x00 to address: 0xA000
0xA000: 0x00
Instruction cycle count set to 4
A |X |Y |SP |PC   |T/MT |NV-BDIZC |CYCLE
----------------------------------------
00|00|00|FE |0705 |1/4  |10100100 |16830
00|00|00|FE |0705 |2/4  |10100100 |16831
00|00|00|FE |0705 |3/4  |10100100 |16832
00|00|00|FE |0705 |4/4  |10100100 |16833


---------------
Opcode: 4A
Instruction:LSR Addressing Mode:Accumulator - Operand (Value: "0x00", Address: "None")
Instruction cycle count set to 2
A |X |Y |SP |PC   |T/MT |NV-BDIZC |CYCLE
----------------------------------------
00|00|00|FE |0706 |1/2  |00100110 |16834
00|00|00|FE |0706 |2/2  |00100110 |16835


---------------
Opcode: C9
ll: 02
Instruction:CMP Addressing Mode:Immediate - Operand (Value: "0x02", Address: "None")
Instruction cycle count set to 2
A |X |Y |SP |PC   |T/MT |NV-BDIZC |CYCLE
----------------------------------------
00|00|00|FE |0708 |1/2  |10100100 |16836
00|00|00|FE |0708 |2/2  |10100100 |16837


---------------
Opcode: D0
ll: F8
Old PC: 070A Offset:-8 New PC: 0702
Instruction:BNE Addressing Mode:Relative - Operand (Value: "None", Address: "0x0702")
Instruction cycle count set to 2
A |X |Y |SP |PC   |T/MT |NV-BDIZC |CYCLE
----------------------------------------
00|00|00|FE |0702 |1/3  |10100100 |16838
00|00|00|FE |0702 |2/3  |10100100 |16839
00|00|00|FE |0702 |3/3  |10100100 |16840


---------------
Opcode: 8D
ll: 00 hh: A0
Instruction:STA Addressing Mode:Absolute - Operand (Value: "0x00", Address: "0xA000")
Writing value 0x00 to address: 0xA000
0xA000: 0x00
Instruction cycle count set to 4
A |X |Y |SP |PC   |T/MT |NV-BDIZC |CYCLE
----------------------------------------
00|00|00|FE |0705 |1/4  |10100100 |16841
00|00|00|FE |0705 |2/4  |10100100 |16842
00|00|00|FE |0705 |3/4  |10100100 |16843
00|00|00|FE |0705 |4/4  |10100100 |16844


---------------
Opcode: 4A
Instruction:LSR Addressing Mode:Accumulator - Operand (Value: "0x00", Address: "None")
Instruction cycle count set to 2
A |X |Y |SP |PC   |T/MT |NV-BDIZC |CYCLE
----------------------------------------
00|00|00|FE |0706 |1/2  |00100110 |16845
00|00|00|FE |0706 |2/2  |00100110 |16846


---------------
Opcode: C9
ll: 02
Instruction:CMP Addressing Mode:Immediate - Operand (Value: "0x02", Address: "None")
Instruction cycle count set to 2
A |X |Y |SP |PC   |T/MT |NV-BDIZC |CYCLE
----------------------------------------
00|00|00|FE |0708 |1/2  |10100100 |16847
00|00|00|FE |0708 |2/2  |10100100 |16848


---------------
Opcode: D0
ll: F8
Old PC: 070A Offset:-8 New PC: 0702
Instruction:BNE Addressing Mode:Relative - Operand (Value: "None", Address: "0x0702")
Instruction cycle count set to 2
A |X |Y |SP |PC   |T/MT |NV-BDIZC |CYCLE
----------------------------------------
00|00|00|FE |0702 |1/3  |10100100 |16849
00|00|00|FE |0702 |2/3  |10100100 |16850
00|00|00|FE |0702 |3/3  |10100100 |16851


---------------
Opcode: 8D
ll: 00 hh: A0
Instruction:STA Addressing Mode:Absolute - Operand (Value: "0x00", Address: "0xA000")
Writing value 0x00 to address: 0xA000
0xA000: 0x00
Instruction cycle count set to 4
A |X |Y |SP |PC   |T/MT |NV-BDIZC |CYCLE
----------------------------------------
00|00|00|FE |0705 |1/4  |10100100 |16852
00|00|00|FE |0705 |2/4  |10100100 |16853
00|00|00|FE |0705 |3/4  |10100100 |16854
00|00|00|FE |0705 |4/4  |10100100 |16855


---------------
Opcode: 4A
Instruction:LSR Addressing Mode:Accumulator - Operand (Value: "0x00", Address: "None")
Instruction cycle count set to 2
A |X |Y |SP |PC   |T/MT |NV-BDIZC |CYCLE
----------------------------------------
00|00|00|FE |0706 |1/2  |00100110 |16856
00|00|00|FE |0706 |2/2  |00100110 |16857


---------------
Opcode: C9
ll: 02
Instruction:CMP Addressing Mode:Immediate - Operand (Value: "0x02", Address: "None")
Instruction cycle count set to 2
A |X |Y |SP |PC   |T/MT |NV-BDIZC |CYCLE
----------------------------------------
00|00|00|FE |0708 |1/2  |10100100 |16858
00|00|00|FE |0708 |2/2  |10100100 |16859


---------------
Opcode: D0
ll: F8
Old PC: 070A Offset:-8 New PC: 0702
Instruction:BNE Addressing Mode:Relative - Operand (Value: "None", Address: "0x0702")
Instruction cycle count set to 2
A |X |Y |SP |PC   |T/MT |NV-BDIZC |CYCLE
----------------------------------------
00|00|00|FE |0702 |1/3  |10100100 |16860
00|00|00|FE |0702 |2/3  |10100100 |16861
00|00|00|FE |0702 |3/3  |10100100 |16862


---------------
Opcode: 8D
ll: 00 hh: A0
Instruction:STA Addressing Mode:Absolute - Operand (Value: "0x00", Address: "0xA000")
Writing value 0x00 to address: 0xA000
0xA000: 0x00
Instruction cycle count set to 4
A |X |Y |SP |PC   |T/MT |NV-BDIZC |CYCLE
----------------------------------------
00|00|00|FE |0705 |1/4  |10100100 |16863
00|00|00|FE |0705 |2/4  |10100100 |16864
00|00|00|FE |0705 |3/4  |10100100 |16865
00|00|00|FE |0705 |4/4  |10100100 |16866


---------------
Opcode: 4A
Instruction:LSR Addressing Mode:Accumulator - Operand (Value: "0x00", Address: "None")
Instruction cycle count set to 2
A |X |Y |SP |PC   |T/MT |NV-BDIZC |CYCLE
----------------------------------------
00|00|00|FE |0706 |1/2  |00100110 |16867
00|00|00|FE |0706 |2/2  |00100110 |16868


---------------
Opcode: C9
ll: 02
Instruction:CMP Addressing Mode:Immediate - Operand (Value: "0x02", Address: "None")
Instruction cycle count set to 2
A |X |Y |SP |PC   |T/MT |NV-BDIZC |CYCLE
----------------------------------------
00|00|00|FE |0708 |1/2  |10100100 |16869
00|00|00|FE |0708 |2/2  |10100100 |16870


---------------
Opcode: D0
ll: F8
Old PC: 070A Offset:-8 New PC: 0702
Instruction:BNE Addressing Mode:Relative - Operand (Value: "None", Address: "0x0702")
Instruction cycle count set to 2
A |X |Y |SP |PC   |T/MT |NV-BDIZC |CYCLE
----------------------------------------
00|00|00|FE |0702 |1/3  |10100100 |16871
00|00|00|FE |0702 |2/3  |10100100 |16872
00|00|00|FE |0702 |3/3  |10100100 |16873


---------------
Opcode: 8D
ll: 00 hh: A0
Instruction:STA Addressing Mode:Absolute - Operand (Value: "0x00", Address: "0xA000")
Writing value 0x00 to address: 0xA000
0xA000: 0x00
Instruction cycle count set to 4
A |X |Y |SP |PC   |T/MT |NV-BDIZC |CYCLE
----------------------------------------
00|00|00|FE |0705 |1/4  |10100100 |16874
00|00|00|FE |0705 |2/4  |10100100 |16875
00|00|00|FE |0705 |3/4  |10100100 |16876
00|00|00|FE |0705 |4/4  |10100100 |16877


---------------
Opcode: 4A
Instruction:LSR Addressing Mode:Accumulator - Operand (Value: "0x00", Address: "None")
Instruction cycle count set to 2
A |X |Y |SP |PC   |T/MT |NV-BDIZC |CYCLE
----------------------------------------
00|00|00|FE |0706 |1/2  |00100110 |16878
00|00|00|FE |0706 |2/2  |00100110 |16879


---------------
Opcode: C9
ll: 02
Instruction:CMP Addressing Mode:Immediate - Operand (Value: "0x02", Address: "None")
Instruction cycle count set to 2
A |X |Y |SP |PC   |T/MT |NV-BDIZC |CYCLE
----------------------------------------
00|00|00|FE |0708 |1/2  |10100100 |16880
00|00|00|FE |0708 |2/2  |10100100 |16881


---------------
Opcode: D0
ll: F8
Old PC: 070A Offset:-8 New PC: 0702
Instruction:BNE Addressing Mode:Relative - Operand (Value: "None", Address: "0x0702")
Instruction cycle count set to 2
A |X |Y |SP |PC   |T/MT |NV-BDIZC |CYCLE
----------------------------------------
00|00|00|FE |0702 |1/3  |10100100 |16882
00|00|00|FE |0702 |2/3  |10100100 |16883
00|00|00|FE |0702 |3/3  |10100100 |16884


---------------
Opcode: 8D
ll: 00 hh: A0
Instruction:STA Addressing Mode:Absolute - Operand (Value: "0x00", Address: "0xA000")
Writing value 0x00 to address: 0xA000
0xA000: 0x00
Instruction cycle count set to 4
A |X |Y |SP |PC   |T/MT |NV-BDIZC |CYCLE
----------------------------------------
00|00|00|FE |0705 |1/4  |10100100 |16885
00|00|00|FE |0705 |2/4  |10100100 |16886
00|00|00|FE |0705 |3/4  |10100100 |16887
00|00|00|FE |0705 |4/4  |10100100 |16888


---------------
Opcode: 4A
Instruction:LSR Addressing Mode:Accumulator - Operand (Value: "0x00", Address: "None")
Instruction cycle count set to 2
A |X |Y |SP |PC   |T/MT |NV-BDIZC |CYCLE
----------------------------------------
00|00|00|FE |0706 |1/2  |00100110 |16889
00|00|00|FE |0706 |2/2  |00100110 |16890


---------------
Opcode: C9
ll: 02
Instruction:CMP Addressing Mode:Immediate - Operand (Value: "0x02", Address: "None")
Instruction cycle count set to 2
A |X |Y |SP |PC   |T/MT |NV-BDIZC |CYCLE
----------------------------------------
00|00|00|FE |0708 |1/2  |10100100 |16891
00|00|00|FE |0708 |2/2  |10100100 |16892


---------------
Opcode: D0
ll: F8
Old PC: 070A Offset:-8 New PC: 0702
Instruction:BNE Addressing Mode:Relative - Operand (Value: "None", Address: "0x0702")
Instruction cycle count set to 2
A |X |Y |SP |PC   |T/MT |NV-BDIZC |CYCLE
----------------------------------------
00|00|00|FE |0702 |1/3  |10100100 |16893
00|00|00|FE |0702 |2/3  |10100100 |16894
00|00|00|FE |0702 |3/3  |10100100 |16895


---------------
Opcode: 8D
ll: 00 hh: A0
Instruction:STA Addressing Mode:Absolute - Operand (Value: "0x00", Address: "0xA000")
Writing value 0x00 to address: 0xA000
0xA000: 0x00
Instruction cycle count set to 4
A |X |Y |SP |PC   |T/MT |NV-BDIZC |CYCLE
----------------------------------------
00|00|00|FE |0705 |1/4  |10100100 |16896
00|00|00|FE |0705 |2/4  |10100100 |16897
00|00|00|FE |0705 |3/4  |10100100 |16898
00|00|00|FE |0705 |4/4  |10100100 |16899


---------------
Opcode: 4A
Instruction:LSR Addressing Mode:Accumulator - Operand (Value: "0x00", Address: "None")
Instruction cycle count set to 2
A |X |Y |SP |PC   |T/MT |NV-BDIZC |CYCLE
----------------------------------------
00|00|00|FE |0706 |1/2  |00100110 |16900
00|00|00|FE |0706 |2/2  |00100110 |16901


---------------
Opcode: C9
ll: 02
Instruction:CMP Addressing Mode:Immediate - Operand (Value: "0x02", Address: "None")
Instruction cycle count set to 2
A |X |Y |SP |PC   |T/MT |NV-BDIZC |CYCLE
----------------------------------------
00|00|00|FE |0708 |1/2  |10100100 |16902
00|00|00|FE |0708 |2/2  |10100100 |16903


---------------
Opcode: D0
ll: F8
Old PC: 070A Offset:-8 New PC: 0702
Instruction:BNE Addressing Mode:Relative - Operand (Value: "None", Address: "0x0702")
Instruction cycle count set to 2
A |X |Y |SP |PC   |T/MT |NV-BDIZC |CYCLE
----------------------------------------
00|00|00|FE |0702 |1/3  |10100100 |16904
00|00|00|FE |0702 |2/3  |10100100 |16905
00|00|00|FE |0702 |3/3  |10100100 |16906


---------------
Opcode: 8D
ll: 00 hh: A0
Instruction:STA Addressing Mode:Absolute - Operand (Value: "0x00", Address: "0xA000")
Writing value 0x00 to address: 0xA000
0xA000: 0x00
Instruction cycle count set to 4
A |X |Y |SP |PC   |T/MT |NV-BDIZC |CYCLE
----------------------------------------
00|00|00|FE |0705 |1/4  |10100100 |16907
00|00|00|FE |0705 |2/4  |10100100 |16908
00|00|00|FE |0705 |3/4  |10100100 |16909
00|00|00|FE |0705 |4/4  |10100100 |16910


---------------
Opcode: 4A
Instruction:LSR Addressing Mode:Accumulator - Operand (Value: "0x00", Address: "None")
Instruction cycle count set to 2
A |X |Y |SP |PC   |T/MT |NV-BDIZC |CYCLE
----------------------------------------
00|00|00|FE |0706 |1/2  |00100110 |16911
00|00|00|FE |0706 |2/2  |00100110 |16912


---------------
Opcode: C9
ll: 02
Instruction:CMP Addressing Mode:Immediate - Operand (Value: "0x02", Address: "None")
Instruction cycle count set to 2
A |X |Y |SP |PC   |T/MT |NV-BDIZC |CYCLE
----------------------------------------
00|00|00|FE |0708 |1/2  |10100100 |16913
00|00|00|FE |0708 |2/2  |10100100 |16914


---------------
Opcode: D0
ll: F8
Old PC: 070A Offset:-8 New PC: 0702
Instruction:BNE Addressing Mode:Relative - Operand (Value: "None", Address: "0x0702")
Instruction cycle count set to 2
A |X |Y |SP |PC   |T/MT |NV-BDIZC |CYCLE
----------------------------------------
00|00|00|FE |0702 |1/3  |10100100 |16915
00|00|00|FE |0702 |2/3  |10100100 |16916
00|00|00|FE |0702 |3/3  |10100100 |16917


---------------
Opcode: 8D
ll: 00 hh: A0
Instruction:STA Addressing Mode:Absolute - Operand (Value: "0x00", Address: "0xA000")
Writing value 0x00 to address: 0xA000
0xA000: 0x00
Instruction cycle count set to 4
A |X |Y |SP |PC   |T/MT |NV-BDIZC |CYCLE
----------------------------------------
00|00|00|FE |0705 |1/4  |10100100 |16918
00|00|00|FE |0705 |2/4  |10100100 |16919
00|00|00|FE |0705 |3/4  |10100100 |16920
00|00|00|FE |0705 |4/4  |10100100 |16921


---------------
Opcode: 4A
Instruction:LSR Addressing Mode:Accumulator - Operand (Value: "0x00", Address: "None")
Instruction cycle count set to 2
A |X |Y |SP |PC   |T/MT |NV-BDIZC |CYCLE
----------------------------------------
00|00|00|FE |0706 |1/2  |00100110 |16922
00|00|00|FE |0706 |2/2  |00100110 |16923


---------------
Opcode: C9
ll: 02
Instruction:CMP Addressing Mode:Immediate - Operand (Value: "0x02", Address: "None")
Instruction cycle count set to 2
A |X |Y |SP |PC   |T/MT |NV-BDIZC |CYCLE
----------------------------------------
00|00|00|FE |0708 |1/2  |10100100 |16924
00|00|00|FE |0708 |2/2  |10100100 |16925


---------------
Opcode: D0
ll: F8
Old PC: 070A Offset:-8 New PC: 0702
Instruction:BNE Addressing Mode:Relative - Operand (Value: "None", Address: "0x0702")
Instruction cycle count set to 2
A |X |Y |SP |PC   |T/MT |NV-BDIZC |CYCLE
----------------------------------------
00|00|00|FE |0702 |1/3  |10100100 |16926
00|00|00|FE |0702 |2/3  |10100100 |16927
00|00|00|FE |0702 |3/3  |10100100 |16928


---------------
Opcode: 8D
ll: 00 hh: A0
Instruction:STA Addressing Mode:Absolute - Operand (Value: "0x00", Address: "0xA000")
Writing value 0x00 to address: 0xA000
0xA000: 0x00
Instruction cycle count set to 4
A |X |Y |SP |PC   |T/MT |NV-BDIZC |CYCLE
----------------------------------------
00|00|00|FE |0705 |1/4  |10100100 |16929
00|00|00|FE |0705 |2/4  |10100100 |16930
00|00|00|FE |0705 |3/4  |10100100 |16931
00|00|00|FE |0705 |4/4  |10100100 |16932


---------------
Opcode: 4A
Instruction:LSR Addressing Mode:Accumulator - Operand (Value: "0x00", Address: "None")
Instruction cycle count set to 2
A |X |Y |SP |PC   |T/MT |NV-BDIZC |CYCLE
----------------------------------------
00|00|00|FE |0706 |1/2  |00100110 |16933
00|00|00|FE |0706 |2/2  |00100110 |16934


---------------
Opcode: C9
ll: 02
Instruction:CMP Addressing Mode:Immediate - Operand (Value: "0x02", Address: "None")
Instruction cycle count set to 2
A |X |Y |SP |PC   |T/MT |NV-BDIZC |CYCLE
----------------------------------------
00|00|00|FE |0708 |1/2  |10100100 |16935
00|00|00|FE |0708 |2/2  |10100100 |16936


---------------
Opcode: D0
ll: F8
Old PC: 070A Offset:-8 New PC: 0702
Instruction:BNE Addressing Mode:Relative - Operand (Value: "None", Address: "0x0702")
Instruction cycle count set to 2
A |X |Y |SP |PC   |T/MT |NV-BDIZC |CYCLE
----------------------------------------
00|00|00|FE |0702 |1/3  |10100100 |16937
00|00|00|FE |0702 |2/3  |10100100 |16938
00|00|00|FE |0702 |3/3  |10100100 |16939


---------------
Opcode: 8D
ll: 00 hh: A0
Instruction:STA Addressing Mode:Absolute - Operand (Value: "0x00", Address: "0xA000")
Writing value 0x00 to address: 0xA000
0xA000: 0x00
Instruction cycle count set to 4
A |X |Y |SP |PC   |T/MT |NV-BDIZC |CYCLE
----------------------------------------
00|00|00|FE |0705 |1/4  |10100100 |16940
00|00|00|FE |0705 |2/4  |10100100 |16941
00|00|00|FE |0705 |3/4  |10100100 |16942
00|00|00|FE |0705 |4/4  |10100100 |16943


---------------
Opcode: 4A
Instruction:LSR Addressing Mode:Accumulator - Operand (Value: "0x00", Address: "None")
Instruction cycle count set to 2
A |X |Y |SP |PC   |T/MT |NV-BDIZC |CYCLE
----------------------------------------
00|00|00|FE |0706 |1/2  |00100110 |16944
00|00|00|FE |0706 |2/2  |00100110 |16945


---------------
Opcode: C9
ll: 02
Instruction:CMP Addressing Mode:Immediate - Operand (Value: "0x02", Address: "None")
Instruction cycle count set to 2
A |X |Y |SP |PC   |T/MT |NV-BDIZC |CYCLE
----------------------------------------
00|00|00|FE |0708 |1/2  |10100100 |16946
00|00|00|FE |0708 |2/2  |10100100 |16947


---------------
Opcode: D0
ll: F8
Old PC: 070A Offset:-8 New PC: 0702
Instruction:BNE Addressing Mode:Relative - Operand (Value: "None", Address: "0x0702")
Instruction cycle count set to 2
A |X |Y |SP |PC   |T/MT |NV-BDIZC |CYCLE
----------------------------------------
00|00|00|FE |0702 |1/3  |10100100 |16948
00|00|00|FE |0702 |2/3  |10100100 |16949
00|00|00|FE |0702 |3/3  |10100100 |16950


---------------
Opcode: 8D
ll: 00 hh: A0
Instruction:STA Addressing Mode:Absolute - Operand (Value: "0x00", Address: "0xA000")
Writing value 0x00 to address: 0xA000
0xA000: 0x00
Instruction cycle count set to 4
A |X |Y |SP |PC   |T/MT |NV-BDIZC |CYCLE
----------------------------------------
00|00|00|FE |0705 |1/4  |10100100 |16951
00|00|00|FE |0705 |2/4  |10100100 |16952
00|00|00|FE |0705 |3/4  |10100100 |16953
00|00|00|FE |0705 |4/4  |10100100 |16954


---------------
Opcode: 4A
Instruction:LSR Addressing Mode:Accumulator - Operand (Value: "0x00", Address: "None")
Instruction cycle count set to 2
A |X |Y |SP |PC   |T/MT |NV-BDIZC |CYCLE
----------------------------------------
00|00|00|FE |0706 |1/2  |00100110 |16955
00|00|00|FE |0706 |2/2  |00100110 |16956


---------------
Opcode: C9
ll: 02
Instruction:CMP Addressing Mode:Immediate - Operand (Value: "0x02", Address: "None")
Instruction cycle count set to 2
A |X |Y |SP |PC   |T/MT |NV-BDIZC |CYCLE
----------------------------------------
00|00|00|FE |0708 |1/2  |10100100 |16957
00|00|00|FE |0708 |2/2  |10100100 |16958


---------------
Opcode: D0
ll: F8
Old PC: 070A Offset:-8 New PC: 0702
Instruction:BNE Addressing Mode:Relative - Operand (Value: "None", Address: "0x0702")
Instruction cycle count set to 2
A |X |Y |SP |PC   |T/MT |NV-BDIZC |CYCLE
----------------------------------------
00|00|00|FE |0702 |1/3  |10100100 |16959
00|00|00|FE |0702 |2/3  |10100100 |16960
00|00|00|FE |0702 |3/3  |10100100 |16961


---------------
Opcode: 8D
ll: 00 hh: A0
Instruction:STA Addressing Mode:Absolute - Operand (Value: "0x00", Address: "0xA000")
Writing value 0x00 to address: 0xA000
0xA000: 0x00
Instruction cycle count set to 4
A |X |Y |SP |PC   |T/MT |NV-BDIZC |CYCLE
----------------------------------------
00|00|00|FE |0705 |1/4  |10100100 |16962
00|00|00|FE |0705 |2/4  |10100100 |16963
00|00|00|FE |0705 |3/4  |10100100 |16964
00|00|00|FE |0705 |4/4  |10100100 |16965


---------------
Opcode: 4A
Instruction:LSR Addressing Mode:Accumulator - Operand (Value: "0x00", Address: "None")
Instruction cycle count set to 2
A |X |Y |SP |PC   |T/MT |NV-BDIZC |CYCLE
----------------------------------------
00|00|00|FE |0706 |1/2  |00100110 |16966
00|00|00|FE |0706 |2/2  |00100110 |16967


---------------
Opcode: C9
ll: 02
Instruction:CMP Addressing Mode:Immediate - Operand (Value: "0x02", Address: "None")
Instruction cycle count set to 2
A |X |Y |SP |PC   |T/MT |NV-BDIZC |CYCLE
----------------------------------------
00|00|00|FE |0708 |1/2  |10100100 |16968
00|00|00|FE |0708 |2/2  |10100100 |16969


---------------
Opcode: D0
ll: F8
Old PC: 070A Offset:-8 New PC: 0702
Instruction:BNE Addressing Mode:Relative - Operand (Value: "None", Address: "0x0702")
Instruction cycle count set to 2
A |X |Y |SP |PC   |T/MT |NV-BDIZC |CYCLE
----------------------------------------
00|00|00|FE |0702 |1/3  |10100100 |16970
00|00|00|FE |0702 |2/3  |10100100 |16971
00|00|00|FE |0702 |3/3  |10100100 |16972


---------------
Opcode: 8D
ll: 00 hh: A0
Instruction:STA Addressing Mode:Absolute - Operand (Value: "0x00", Address: "0xA000")
Writing value 0x00 to address: 0xA000
0xA000: 0x00
Instruction cycle count set to 4
A |X |Y |SP |PC   |T/MT |NV-BDIZC |CYCLE
----------------------------------------
00|00|00|FE |0705 |1/4  |10100100 |16973
00|00|00|FE |0705 |2/4  |10100100 |16974
00|00|00|FE |0705 |3/4  |10100100 |16975
00|00|00|FE |0705 |4/4  |10100100 |16976


---------------
Opcode: 4A
Instruction:LSR Addressing Mode:Accumulator - Operand (Value: "0x00", Address: "None")
Instruction cycle count set to 2
A |X |Y |SP |PC   |T/MT |NV-BDIZC |CYCLE
----------------------------------------
00|00|00|FE |0706 |1/2  |00100110 |16977
00|00|00|FE |0706 |2/2  |00100110 |16978


---------------
Opcode: C9
ll: 02
Instruction:CMP Addressing Mode:Immediate - Operand (Value: "0x02", Address: "None")
Instruction cycle count set to 2
A |X |Y |SP |PC   |T/MT |NV-BDIZC |CYCLE
----------------------------------------
00|00|00|FE |0708 |1/2  |10100100 |16979
00|00|00|FE |0708 |2/2  |10100100 |16980


---------------
Opcode: D0
ll: F8
Old PC: 070A Offset:-8 New PC: 0702
Instruction:BNE Addressing Mode:Relative - Operand (Value: "None", Address: "0x0702")
Instruction cycle count set to 2
A |X |Y |SP |PC   |T/MT |NV-BDIZC |CYCLE
----------------------------------------
00|00|00|FE |0702 |1/3  |10100100 |16981
00|00|00|FE |0702 |2/3  |10100100 |16982
00|00|00|FE |0702 |3/3  |10100100 |16983


---------------
Opcode: 8D
ll: 00 hh: A0
Instruction:STA Addressing Mode:Absolute - Operand (Value: "0x00", Address: "0xA000")
Writing value 0x00 to address: 0xA000
0xA000: 0x00
Instruction cycle count set to 4
A |X |Y |SP |PC   |T/MT |NV-BDIZC |CYCLE
----------------------------------------
00|00|00|FE |0705 |1/4  |10100100 |16984
00|00|00|FE |0705 |2/4  |10100100 |16985
00|00|00|FE |0705 |3/4  |10100100 |16986
00|00|00|FE |0705 |4/4  |10100100 |16987


---------------
Opcode: 4A
Instruction:LSR Addressing Mode:Accumulator - Operand (Value: "0x00", Address: "None")
Instruction cycle count set to 2
A |X |Y |SP |PC   |T/MT |NV-BDIZC |CYCLE
----------------------------------------
00|00|00|FE |0706 |1/2  |00100110 |16988
00|00|00|FE |0706 |2/2  |00100110 |16989


---------------
Opcode: C9
ll: 02
Instruction:CMP Addressing Mode:Immediate - Operand (Value: "0x02", Address: "None")
Instruction cycle count set to 2
A |X |Y |SP |PC   |T/MT |NV-BDIZC |CYCLE
----------------------------------------
00|00|00|FE |0708 |1/2  |10100100 |16990
00|00|00|FE |0708 |2/2  |10100100 |16991


---------------
Opcode: D0
ll: F8
Old PC: 070A Offset:-8 New PC: 0702
Instruction:BNE Addressing Mode:Relative - Operand (Value: "None", Address: "0x0702")
Instruction cycle count set to 2
A |X |Y |SP |PC   |T/MT |NV-BDIZC |CYCLE
----------------------------------------
00|00|00|FE |0702 |1/3  |10100100 |16992
00|00|00|FE |0702 |2/3  |10100100 |16993
00|00|00|FE |0702 |3/3  |10100100 |16994


---------------
Opcode: 8D
ll: 00 hh: A0
Instruction:STA Addressing Mode:Absolute - Operand (Value: "0x00", Address: "0xA000")
Writing value 0x00 to address: 0xA000
0xA000: 0x00
Instruction cycle count set to 4
A |X |Y |SP |PC   |T/MT |NV-BDIZC |CYCLE
----------------------------------------
00|00|00|FE |0705 |1/4  |10100100 |16995
00|00|00|FE |0705 |2/4  |10100100 |16996
00|00|00|FE |0705 |3/4  |10100100 |16997
00|00|00|FE |0705 |4/4  |10100100 |16998
emulation behind by 1.352949909s. trying to catch up...


---------------
Opcode: 4A
Instruction:LSR Addressing Mode:Accumulator - Operand (Value: "0x00", Address: "None")
Instruction cycle count set to 2
A |X |Y |SP |PC   |T/MT |NV-BDIZC |CYCLE
----------------------------------------
00|00|00|FE |0706 |1/2  |00100110 |16999
00|00|00|FE |0706 |2/2  |00100110 |17000


---------------
Opcode: C9
ll: 02
Instruction:CMP Addressing Mode:Immediate - Operand (Value: "0x02", Address: "None")
Instruction cycle count set to 2
A |X |Y |SP |PC   |T/MT |NV-BDIZC |CYCLE
----------------------------------------
00|00|00|FE |0708 |1/2  |10100100 |17001
00|00|00|FE |0708 |2/2  |10100100 |17002


---------------
Opcode: D0
ll: F8
Old PC: 070A Offset:-8 New PC: 0702
Instruction:BNE Addressing Mode:Relative - Operand (Value: "None", Address: "0x0702")
Instruction cycle count set to 2
A |X |Y |SP |PC   |T/MT |NV-BDIZC |CYCLE
----------------------------------------
00|00|00|FE |0702 |1/3  |10100100 |17003
00|00|00|FE |0702 |2/3  |10100100 |17004
00|00|00|FE |0702 |3/3  |10100100 |17005


---------------
Opcode: 8D
ll: 00 hh: A0
Instruction:STA Addressing Mode:Absolute - Operand (Value: "0x00", Address: "0xA000")
Writing value 0x00 to address: 0xA000
0xA000: 0x00
Instruction cycle count set to 4
A |X |Y |SP |PC   |T/MT |NV-BDIZC |CYCLE
----------------------------------------
00|00|00|FE |0705 |1/4  |10100100 |17006
00|00|00|FE |0705 |2/4  |10100100 |17007
00|00|00|FE |0705 |3/4  |10100100 |17008
00|00|00|FE |0705 |4/4  |10100100 |17009


---------------
Opcode: 4A
Instruction:LSR Addressing Mode:Accumulator - Operand (Value: "0x00", Address: "None")
Instruction cycle count set to 2
A |X |Y |SP |PC   |T/MT |NV-BDIZC |CYCLE
----------------------------------------
00|00|00|FE |0706 |1/2  |00100110 |17010
00|00|00|FE |0706 |2/2  |00100110 |17011


---------------
Opcode: C9
ll: 02
Instruction:CMP Addressing Mode:Immediate - Operand (Value: "0x02", Address: "None")
Instruction cycle count set to 2
A |X |Y |SP |PC   |T/MT |NV-BDIZC |CYCLE
----------------------------------------
00|00|00|FE |0708 |1/2  |10100100 |17012
00|00|00|FE |0708 |2/2  |10100100 |17013


---------------
Opcode: D0
ll: F8
Old PC: 070A Offset:-8 New PC: 0702
Instruction:BNE Addressing Mode:Relative - Operand (Value: "None", Address: "0x0702")
Instruction cycle count set to 2
A |X |Y |SP |PC   |T/MT |NV-BDIZC |CYCLE
----------------------------------------
00|00|00|FE |0702 |1/3  |10100100 |17014
00|00|00|FE |0702 |2/3  |10100100 |17015
00|00|00|FE |0702 |3/3  |10100100 |17016


---------------
Opcode: 8D
ll: 00 hh: A0
Instruction:STA Addressing Mode:Absolute - Operand (Value: "0x00", Address: "0xA000")
Writing value 0x00 to address: 0xA000
0xA000: 0x00
Instruction cycle count set to 4
A |X |Y |SP |PC   |T/MT |NV-BDIZC |CYCLE
----------------------------------------
00|00|00|FE |0705 |1/4  |10100100 |17017
00|00|00|FE |0705 |2/4  |10100100 |17018
00|00|00|FE |0705 |3/4  |10100100 |17019
00|00|00|FE |0705 |4/4  |10100100 |17020


---------------
Opcode: 4A
Instruction:LSR Addressing Mode:Accumulator - Operand (Value: "0x00", Address: "None")
Instruction cycle count set to 2
A |X |Y |SP |PC   |T/MT |NV-BDIZC |CYCLE
----------------------------------------
00|00|00|FE |0706 |1/2  |00100110 |17021
00|00|00|FE |0706 |2/2  |00100110 |17022


---------------
Opcode: C9
ll: 02
Instruction:CMP Addressing Mode:Immediate - Operand (Value: "0x02", Address: "None")
Instruction cycle count set to 2
A |X |Y |SP |PC   |T/MT |NV-BDIZC |CYCLE
----------------------------------------
00|00|00|FE |0708 |1/2  |10100100 |17023
00|00|00|FE |0708 |2/2  |10100100 |17024


---------------
Opcode: D0
ll: F8
Old PC: 070A Offset:-8 New PC: 0702
Instruction:BNE Addressing Mode:Relative - Operand (Value: "None", Address: "0x0702")
Instruction cycle count set to 2
A |X |Y |SP |PC   |T/MT |NV-BDIZC |CYCLE
----------------------------------------
00|00|00|FE |0702 |1/3  |10100100 |17025
00|00|00|FE |0702 |2/3  |10100100 |17026
00|00|00|FE |0702 |3/3  |10100100 |17027


---------------
Opcode: 8D
ll: 00 hh: A0
Instruction:STA Addressing Mode:Absolute - Operand (Value: "0x00", Address: "0xA000")
Writing value 0x00 to address: 0xA000
0xA000: 0x00
Instruction cycle count set to 4
A |X |Y |SP |PC   |T/MT |NV-BDIZC |CYCLE
----------------------------------------
00|00|00|FE |0705 |1/4  |10100100 |17028
00|00|00|FE |0705 |2/4  |10100100 |17029
00|00|00|FE |0705 |3/4  |10100100 |17030
00|00|00|FE |0705 |4/4  |10100100 |17031


---------------
Opcode: 4A
Instruction:LSR Addressing Mode:Accumulator - Operand (Value: "0x00", Address: "None")
Instruction cycle count set to 2
A |X |Y |SP |PC   |T/MT |NV-BDIZC |CYCLE
----------------------------------------
00|00|00|FE |0706 |1/2  |00100110 |17032
00|00|00|FE |0706 |2/2  |00100110 |17033


---------------
Opcode: C9
ll: 02
Instruction:CMP Addressing Mode:Immediate - Operand (Value: "0x02", Address: "None")
Instruction cycle count set to 2
A |X |Y |SP |PC   |T/MT |NV-BDIZC |CYCLE
----------------------------------------
00|00|00|FE |0708 |1/2  |10100100 |17034
00|00|00|FE |0708 |2/2  |10100100 |17035


---------------
Opcode: D0
ll: F8
Old PC: 070A Offset:-8 New PC: 0702
Instruction:BNE Addressing Mode:Relative - Operand (Value: "None", Address: "0x0702")
Instruction cycle count set to 2
A |X |Y |SP |PC   |T/MT |NV-BDIZC |CYCLE
----------------------------------------
00|00|00|FE |0702 |1/3  |10100100 |17036
00|00|00|FE |0702 |2/3  |10100100 |17037
00|00|00|FE |0702 |3/3  |10100100 |17038


---------------
Opcode: 8D
ll: 00 hh: A0
Instruction:STA Addressing Mode:Absolute - Operand (Value: "0x00", Address: "0xA000")
Writing value 0x00 to address: 0xA000
0xA000: 0x00
Instruction cycle count set to 4
A |X |Y |SP |PC   |T/MT |NV-BDIZC |CYCLE
----------------------------------------
00|00|00|FE |0705 |1/4  |10100100 |17039
00|00|00|FE |0705 |2/4  |10100100 |17040
00|00|00|FE |0705 |3/4  |10100100 |17041
00|00|00|FE |0705 |4/4  |10100100 |17042


---------------
Opcode: 4A
Instruction:LSR Addressing Mode:Accumulator - Operand (Value: "0x00", Address: "None")
Instruction cycle count set to 2
A |X |Y |SP |PC   |T/MT |NV-BDIZC |CYCLE
----------------------------------------
00|00|00|FE |0706 |1/2  |00100110 |17043
00|00|00|FE |0706 |2/2  |00100110 |17044


---------------
Opcode: C9
ll: 02
Instruction:CMP Addressing Mode:Immediate - Operand (Value: "0x02", Address: "None")
Instruction cycle count set to 2
A |X |Y |SP |PC   |T/MT |NV-BDIZC |CYCLE
----------------------------------------
00|00|00|FE |0708 |1/2  |10100100 |17045
00|00|00|FE |0708 |2/2  |10100100 |17046


---------------
Opcode: D0
ll: F8
Old PC: 070A Offset:-8 New PC: 0702
Instruction:BNE Addressing Mode:Relative - Operand (Value: "None", Address: "0x0702")
Instruction cycle count set to 2
A |X |Y |SP |PC   |T/MT |NV-BDIZC |CYCLE
----------------------------------------
00|00|00|FE |0702 |1/3  |10100100 |17047
00|00|00|FE |0702 |2/3  |10100100 |17048
00|00|00|FE |0702 |3/3  |10100100 |17049


---------------
Opcode: 8D
ll: 00 hh: A0
Instruction:STA Addressing Mode:Absolute - Operand (Value: "0x00", Address: "0xA000")
Writing value 0x00 to address: 0xA000
0xA000: 0x00
Instruction cycle count set to 4
A |X |Y |SP |PC   |T/MT |NV-BDIZC |CYCLE
----------------------------------------
00|00|00|FE |0705 |1/4  |10100100 |17050
00|00|00|FE |0705 |2/4  |10100100 |17051
00|00|00|FE |0705 |3/4  |10100100 |17052
00|00|00|FE |0705 |4/4  |10100100 |17053


---------------
Opcode: 4A
Instruction:LSR Addressing Mode:Accumulator - Operand (Value: "0x00", Address: "None")
Instruction cycle count set to 2
A |X |Y |SP |PC   |T/MT |NV-BDIZC |CYCLE
----------------------------------------
00|00|00|FE |0706 |1/2  |00100110 |17054
00|00|00|FE |0706 |2/2  |00100110 |17055


---------------
Opcode: C9
ll: 02
Instruction:CMP Addressing Mode:Immediate - Operand (Value: "0x02", Address: "None")
Instruction cycle count set to 2
A |X |Y |SP |PC   |T/MT |NV-BDIZC |CYCLE
----------------------------------------
00|00|00|FE |0708 |1/2  |10100100 |17056
00|00|00|FE |0708 |2/2  |10100100 |17057


---------------
Opcode: D0
ll: F8
Old PC: 070A Offset:-8 New PC: 0702
Instruction:BNE Addressing Mode:Relative - Operand (Value: "None", Address: "0x0702")
Instruction cycle count set to 2
A |X |Y |SP |PC   |T/MT |NV-BDIZC |CYCLE
----------------------------------------
00|00|00|FE |0702 |1/3  |10100100 |17058
00|00|00|FE |0702 |2/3  |10100100 |17059
00|00|00|FE |0702 |3/3  |10100100 |17060


---------------
Opcode: 8D
ll: 00 hh: A0
Instruction:STA Addressing Mode:Absolute - Operand (Value: "0x00", Address: "0xA000")
Writing value 0x00 to address: 0xA000
0xA000: 0x00
Instruction cycle count set to 4
A |X |Y |SP |PC   |T/MT |NV-BDIZC |CYCLE
----------------------------------------
00|00|00|FE |0705 |1/4  |10100100 |17061
00|00|00|FE |0705 |2/4  |10100100 |17062
00|00|00|FE |0705 |3/4  |10100100 |17063
00|00|00|FE |0705 |4/4  |10100100 |17064


---------------
Opcode: 4A
Instruction:LSR Addressing Mode:Accumulator - Operand (Value: "0x00", Address: "None")
Instruction cycle count set to 2
A |X |Y |SP |PC   |T/MT |NV-BDIZC |CYCLE
----------------------------------------
00|00|00|FE |0706 |1/2  |00100110 |17065
00|00|00|FE |0706 |2/2  |00100110 |17066


---------------
Opcode: C9
ll: 02
Instruction:CMP Addressing Mode:Immediate - Operand (Value: "0x02", Address: "None")
Instruction cycle count set to 2
A |X |Y |SP |PC   |T/MT |NV-BDIZC |CYCLE
----------------------------------------
00|00|00|FE |0708 |1/2  |10100100 |17067
00|00|00|FE |0708 |2/2  |10100100 |17068


---------------
Opcode: D0
ll: F8
Old PC: 070A Offset:-8 New PC: 0702
Instruction:BNE Addressing Mode:Relative - Operand (Value: "None", Address: "0x0702")
Instruction cycle count set to 2
A |X |Y |SP |PC   |T/MT |NV-BDIZC |CYCLE
----------------------------------------
00|00|00|FE |0702 |1/3  |10100100 |17069
00|00|00|FE |0702 |2/3  |10100100 |17070
00|00|00|FE |0702 |3/3  |10100100 |17071


---------------
Opcode: 8D
ll: 00 hh: A0
Instruction:STA Addressing Mode:Absolute - Operand (Value: "0x00", Address: "0xA000")
Writing value 0x00 to address: 0xA000
0xA000: 0x00
Instruction cycle count set to 4
A |X |Y |SP |PC   |T/MT |NV-BDIZC |CYCLE
----------------------------------------
00|00|00|FE |0705 |1/4  |10100100 |17072
00|00|00|FE |0705 |2/4  |10100100 |17073
00|00|00|FE |0705 |3/4  |10100100 |17074
00|00|00|FE |0705 |4/4  |10100100 |17075


---------------
Opcode: 4A
Instruction:LSR Addressing Mode:Accumulator - Operand (Value: "0x00", Address: "None")
Instruction cycle count set to 2
A |X |Y |SP |PC   |T/MT |NV-BDIZC |CYCLE
----------------------------------------
00|00|00|FE |0706 |1/2  |00100110 |17076
00|00|00|FE |0706 |2/2  |00100110 |17077


---------------
Opcode: C9
ll: 02
Instruction:CMP Addressing Mode:Immediate - Operand (Value: "0x02", Address: "None")
Instruction cycle count set to 2
A |X |Y |SP |PC   |T/MT |NV-BDIZC |CYCLE
----------------------------------------
00|00|00|FE |0708 |1/2  |10100100 |17078
00|00|00|FE |0708 |2/2  |10100100 |17079


---------------
Opcode: D0
ll: F8
Old PC: 070A Offset:-8 New PC: 0702
Instruction:BNE Addressing Mode:Relative - Operand (Value: "None", Address: "0x0702")
Instruction cycle count set to 2
A |X |Y |SP |PC   |T/MT |NV-BDIZC |CYCLE
----------------------------------------
00|00|00|FE |0702 |1/3  |10100100 |17080
00|00|00|FE |0702 |2/3  |10100100 |17081
00|00|00|FE |0702 |3/3  |10100100 |17082


---------------
Opcode: 8D
ll: 00 hh: A0
Instruction:STA Addressing Mode:Absolute - Operand (Value: "0x00", Address: "0xA000")
Writing value 0x00 to address: 0xA000
0xA000: 0x00
Instruction cycle count set to 4
A |X |Y |SP |PC   |T/MT |NV-BDIZC |CYCLE
----------------------------------------
00|00|00|FE |0705 |1/4  |10100100 |17083
00|00|00|FE |0705 |2/4  |10100100 |17084
00|00|00|FE |0705 |3/4  |10100100 |17085
00|00|00|FE |0705 |4/4  |10100100 |17086


---------------
Opcode: 4A
Instruction:LSR Addressing Mode:Accumulator - Operand (Value: "0x00", Address: "None")
Instruction cycle count set to 2
A |X |Y |SP |PC   |T/MT |NV-BDIZC |CYCLE
----------------------------------------
00|00|00|FE |0706 |1/2  |00100110 |17087
00|00|00|FE |0706 |2/2  |00100110 |17088


---------------
Opcode: C9
ll: 02
Instruction:CMP Addressing Mode:Immediate - Operand (Value: "0x02", Address: "None")
Instruction cycle count set to 2
A |X |Y |SP |PC   |T/MT |NV-BDIZC |CYCLE
----------------------------------------
00|00|00|FE |0708 |1/2  |10100100 |17089
00|00|00|FE |0708 |2/2  |10100100 |17090


---------------
Opcode: D0
ll: F8
Old PC: 070A Offset:-8 New PC: 0702
Instruction:BNE Addressing Mode:Relative - Operand (Value: "None", Address: "0x0702")
Instruction cycle count set to 2
A |X |Y |SP |PC   |T/MT |NV-BDIZC |CYCLE
----------------------------------------
00|00|00|FE |0702 |1/3  |10100100 |17091
00|00|00|FE |0702 |2/3  |10100100 |17092
00|00|00|FE |0702 |3/3  |10100100 |17093


---------------
Opcode: 8D
ll: 00 hh: A0
Instruction:STA Addressing Mode:Absolute - Operand (Value: "0x00", Address: "0xA000")
Writing value 0x00 to address: 0xA000
0xA000: 0x00
Instruction cycle count set to 4
A |X |Y |SP |PC   |T/MT |NV-BDIZC |CYCLE
----------------------------------------
00|00|00|FE |0705 |1/4  |10100100 |17094
00|00|00|FE |0705 |2/4  |10100100 |17095
00|00|00|FE |0705 |3/4  |10100100 |17096
00|00|00|FE |0705 |4/4  |10100100 |17097


---------------
Opcode: 4A
Instruction:LSR Addressing Mode:Accumulator - Operand (Value: "0x00", Address: "None")
Instruction cycle count set to 2
A |X |Y |SP |PC   |T/MT |NV-BDIZC |CYCLE
----------------------------------------
00|00|00|FE |0706 |1/2  |00100110 |17098
00|00|00|FE |0706 |2/2  |00100110 |17099


---------------
Opcode: C9
ll: 02
Instruction:CMP Addressing Mode:Immediate - Operand (Value: "0x02", Address: "None")
Instruction cycle count set to 2
A |X |Y |SP |PC   |T/MT |NV-BDIZC |CYCLE
----------------------------------------
00|00|00|FE |0708 |1/2  |10100100 |17100
00|00|00|FE |0708 |2/2  |10100100 |17101


---------------
Opcode: D0
ll: F8
Old PC: 070A Offset:-8 New PC: 0702
Instruction:BNE Addressing Mode:Relative - Operand (Value: "None", Address: "0x0702")
Instruction cycle count set to 2
A |X |Y |SP |PC   |T/MT |NV-BDIZC |CYCLE
----------------------------------------
00|00|00|FE |0702 |1/3  |10100100 |17102
00|00|00|FE |0702 |2/3  |10100100 |17103
00|00|00|FE |0702 |3/3  |10100100 |17104


---------------
Opcode: 8D
ll: 00 hh: A0
Instruction:STA Addressing Mode:Absolute - Operand (Value: "0x00", Address: "0xA000")
Writing value 0x00 to address: 0xA000
0xA000: 0x00
Instruction cycle count set to 4
A |X |Y |SP |PC   |T/MT |NV-BDIZC |CYCLE
----------------------------------------
00|00|00|FE |0705 |1/4  |10100100 |17105
00|00|00|FE |0705 |2/4  |10100100 |17106
00|00|00|FE |0705 |3/4  |10100100 |17107
00|00|00|FE |0705 |4/4  |10100100 |17108


---------------
Opcode: 4A
Instruction:LSR Addressing Mode:Accumulator - Operand (Value: "0x00", Address: "None")
Instruction cycle count set to 2
A |X |Y |SP |PC   |T/MT |NV-BDIZC |CYCLE
----------------------------------------
00|00|00|FE |0706 |1/2  |00100110 |17109
00|00|00|FE |0706 |2/2  |00100110 |17110


---------------
Opcode: C9
ll: 02
Instruction:CMP Addressing Mode:Immediate - Operand (Value: "0x02", Address: "None")
Instruction cycle count set to 2
A |X |Y |SP |PC   |T/MT |NV-BDIZC |CYCLE
----------------------------------------
00|00|00|FE |0708 |1/2  |10100100 |17111
00|00|00|FE |0708 |2/2  |10100100 |17112


---------------
Opcode: D0
ll: F8
Old PC: 070A Offset:-8 New PC: 0702
Instruction:BNE Addressing Mode:Relative - Operand (Value: "None", Address: "0x0702")
Instruction cycle count set to 2
A |X |Y |SP |PC   |T/MT |NV-BDIZC |CYCLE
----------------------------------------
00|00|00|FE |0702 |1/3  |10100100 |17113
00|00|00|FE |0702 |2/3  |10100100 |17114
00|00|00|FE |0702 |3/3  |10100100 |17115


---------------
Opcode: 8D
ll: 00 hh: A0
Instruction:STA Addressing Mode:Absolute - Operand (Value: "0x00", Address: "0xA000")
Writing value 0x00 to address: 0xA000
0xA000: 0x00
Instruction cycle count set to 4
A |X |Y |SP |PC   |T/MT |NV-BDIZC |CYCLE
----------------------------------------
00|00|00|FE |0705 |1/4  |10100100 |17116
00|00|00|FE |0705 |2/4  |10100100 |17117
00|00|00|FE |0705 |3/4  |10100100 |17118
00|00|00|FE |0705 |4/4  |10100100 |17119


---------------
Opcode: 4A
Instruction:LSR Addressing Mode:Accumulator - Operand (Value: "0x00", Address: "None")
Instruction cycle count set to 2
A |X |Y |SP |PC   |T/MT |NV-BDIZC |CYCLE
----------------------------------------
00|00|00|FE |0706 |1/2  |00100110 |17120
00|00|00|FE |0706 |2/2  |00100110 |17121


---------------
Opcode: C9
ll: 02
Instruction:CMP Addressing Mode:Immediate - Operand (Value: "0x02", Address: "None")
Instruction cycle count set to 2
A |X |Y |SP |PC   |T/MT |NV-BDIZC |CYCLE
----------------------------------------
00|00|00|FE |0708 |1/2  |10100100 |17122
00|00|00|FE |0708 |2/2  |10100100 |17123


---------------
Opcode: D0
ll: F8
Old PC: 070A Offset:-8 New PC: 0702
Instruction:BNE Addressing Mode:Relative - Operand (Value: "None", Address: "0x0702")
Instruction cycle count set to 2
A |X |Y |SP |PC   |T/MT |NV-BDIZC |CYCLE
----------------------------------------
00|00|00|FE |0702 |1/3  |10100100 |17124
00|00|00|FE |0702 |2/3  |10100100 |17125
00|00|00|FE |0702 |3/3  |10100100 |17126


---------------
Opcode: 8D
ll: 00 hh: A0
Instruction:STA Addressing Mode:Absolute - Operand (Value: "0x00", Address: "0xA000")
Writing value 0x00 to address: 0xA000
0xA000: 0x00
Instruction cycle count set to 4
A |X |Y |SP |PC   |T/MT |NV-BDIZC |CYCLE
----------------------------------------
00|00|00|FE |0705 |1/4  |10100100 |17127
00|00|00|FE |0705 |2/4  |10100100 |17128
00|00|00|FE |0705 |3/4  |10100100 |17129
00|00|00|FE |0705 |4/4  |10100100 |17130


---------------
Opcode: 4A
Instruction:LSR Addressing Mode:Accumulator - Operand (Value: "0x00", Address: "None")
Instruction cycle count set to 2
A |X |Y |SP |PC   |T/MT |NV-BDIZC |CYCLE
----------------------------------------
00|00|00|FE |0706 |1/2  |00100110 |17131
00|00|00|FE |0706 |2/2  |00100110 |17132


---------------
Opcode: C9
ll: 02
Instruction:CMP Addressing Mode:Immediate - Operand (Value: "0x02", Address: "None")
Instruction cycle count set to 2
A |X |Y |SP |PC   |T/MT |NV-BDIZC |CYCLE
----------------------------------------
00|00|00|FE |0708 |1/2  |10100100 |17133
00|00|00|FE |0708 |2/2  |10100100 |17134


---------------
Opcode: D0
ll: F8
Old PC: 070A Offset:-8 New PC: 0702
Instruction:BNE Addressing Mode:Relative - Operand (Value: "None", Address: "0x0702")
Instruction cycle count set to 2
A |X |Y |SP |PC   |T/MT |NV-BDIZC |CYCLE
----------------------------------------
00|00|00|FE |0702 |1/3  |10100100 |17135
00|00|00|FE |0702 |2/3  |10100100 |17136
00|00|00|FE |0702 |3/3  |10100100 |17137


---------------
Opcode: 8D
ll: 00 hh: A0
Instruction:STA Addressing Mode:Absolute - Operand (Value: "0x00", Address: "0xA000")
Writing value 0x00 to address: 0xA000
0xA000: 0x00
Instruction cycle count set to 4
A |X |Y |SP |PC   |T/MT |NV-BDIZC |CYCLE
----------------------------------------
00|00|00|FE |0705 |1/4  |10100100 |17138
00|00|00|FE |0705 |2/4  |10100100 |17139
00|00|00|FE |0705 |3/4  |10100100 |17140
00|00|00|FE |0705 |4/4  |10100100 |17141


---------------
Opcode: 4A
Instruction:LSR Addressing Mode:Accumulator - Operand (Value: "0x00", Address: "None")
Instruction cycle count set to 2
A |X |Y |SP |PC   |T/MT |NV-BDIZC |CYCLE
----------------------------------------
00|00|00|FE |0706 |1/2  |00100110 |17142
00|00|00|FE |0706 |2/2  |00100110 |17143


---------------
Opcode: C9
ll: 02
Instruction:CMP Addressing Mode:Immediate - Operand (Value: "0x02", Address: "None")
Instruction cycle count set to 2
A |X |Y |SP |PC   |T/MT |NV-BDIZC |CYCLE
----------------------------------------
00|00|00|FE |0708 |1/2  |10100100 |17144
00|00|00|FE |0708 |2/2  |10100100 |17145


---------------
Opcode: D0
ll: F8
Old PC: 070A Offset:-8 New PC: 0702
Instruction:BNE Addressing Mode:Relative - Operand (Value: "None", Address: "0x0702")
Instruction cycle count set to 2
A |X |Y |SP |PC   |T/MT |NV-BDIZC |CYCLE
----------------------------------------
00|00|00|FE |0702 |1/3  |10100100 |17146
00|00|00|FE |0702 |2/3  |10100100 |17147
00|00|00|FE |0702 |3/3  |10100100 |17148


---------------
Opcode: 8D
ll: 00 hh: A0
Instruction:STA Addressing Mode:Absolute - Operand (Value: "0x00", Address: "0xA000")
Writing value 0x00 to address: 0xA000
0xA000: 0x00
Instruction cycle count set to 4
A |X |Y |SP |PC   |T/MT |NV-BDIZC |CYCLE
----------------------------------------
00|00|00|FE |0705 |1/4  |10100100 |17149
00|00|00|FE |0705 |2/4  |10100100 |17150
00|00|00|FE |0705 |3/4  |10100100 |17151
00|00|00|FE |0705 |4/4  |10100100 |17152


---------------
Opcode: 4A
Instruction:LSR Addressing Mode:Accumulator - Operand (Value: "0x00", Address: "None")
Instruction cycle count set to 2
A |X |Y |SP |PC   |T/MT |NV-BDIZC |CYCLE
----------------------------------------
00|00|00|FE |0706 |1/2  |00100110 |17153
00|00|00|FE |0706 |2/2  |00100110 |17154


---------------
Opcode: C9
ll: 02
Instruction:CMP Addressing Mode:Immediate - Operand (Value: "0x02", Address: "None")
Instruction cycle count set to 2
A |X |Y |SP |PC   |T/MT |NV-BDIZC |CYCLE
----------------------------------------
00|00|00|FE |0708 |1/2  |10100100 |17155
00|00|00|FE |0708 |2/2  |10100100 |17156


---------------
Opcode: D0
ll: F8
Old PC: 070A Offset:-8 New PC: 0702
Instruction:BNE Addressing Mode:Relative - Operand (Value: "None", Address: "0x0702")
Instruction cycle count set to 2
A |X |Y |SP |PC   |T/MT |NV-BDIZC |CYCLE
----------------------------------------
00|00|00|FE |0702 |1/3  |10100100 |17157
00|00|00|FE |0702 |2/3  |10100100 |17158
00|00|00|FE |0702 |3/3  |10100100 |17159


---------------
Opcode: 8D
ll: 00 hh: A0
Instruction:STA Addressing Mode:Absolute - Operand (Value: "0x00", Address: "0xA000")
Writing value 0x00 to address: 0xA000
0xA000: 0x00
Instruction cycle count set to 4
A |X |Y |SP |PC   |T/MT |NV-BDIZC |CYCLE
----------------------------------------
00|00|00|FE |0705 |1/4  |10100100 |17160
00|00|00|FE |0705 |2/4  |10100100 |17161
00|00|00|FE |0705 |3/4  |10100100 |17162
00|00|00|FE |0705 |4/4  |10100100 |17163


---------------
Opcode: 4A
Instruction:LSR Addressing Mode:Accumulator - Operand (Value: "0x00", Address: "None")
Instruction cycle count set to 2
A |X |Y |SP |PC   |T/MT |NV-BDIZC |CYCLE
----------------------------------------
00|00|00|FE |0706 |1/2  |00100110 |17164
00|00|00|FE |0706 |2/2  |00100110 |17165


---------------
Opcode: C9
ll: 02
Instruction:CMP Addressing Mode:Immediate - Operand (Value: "0x02", Address: "None")
Instruction cycle count set to 2
A |X |Y |SP |PC   |T/MT |NV-BDIZC |CYCLE
----------------------------------------
00|00|00|FE |0708 |1/2  |10100100 |17166
00|00|00|FE |0708 |2/2  |10100100 |17167


---------------
Opcode: D0
ll: F8
Old PC: 070A Offset:-8 New PC: 0702
Instruction:BNE Addressing Mode:Relative - Operand (Value: "None", Address: "0x0702")
Instruction cycle count set to 2
A |X |Y |SP |PC   |T/MT |NV-BDIZC |CYCLE
----------------------------------------
00|00|00|FE |0702 |1/3  |10100100 |17168
00|00|00|FE |0702 |2/3  |10100100 |17169
00|00|00|FE |0702 |3/3  |10100100 |17170


---------------
Opcode: 8D
ll: 00 hh: A0
Instruction:STA Addressing Mode:Absolute - Operand (Value: "0x00", Address: "0xA000")
Writing value 0x00 to address: 0xA000
0xA000: 0x00
Instruction cycle count set to 4
A |X |Y |SP |PC   |T/MT |NV-BDIZC |CYCLE
----------------------------------------
00|00|00|FE |0705 |1/4  |10100100 |17171
00|00|00|FE |0705 |2/4  |10100100 |17172
00|00|00|FE |0705 |3/4  |10100100 |17173
00|00|00|FE |0705 |4/4  |10100100 |17174


---------------
Opcode: 4A
Instruction:LSR Addressing Mode:Accumulator - Operand (Value: "0x00", Address: "None")
Instruction cycle count set to 2
A |X |Y |SP |PC   |T/MT |NV-BDIZC |CYCLE
----------------------------------------
00|00|00|FE |0706 |1/2  |00100110 |17175
00|00|00|FE |0706 |2/2  |00100110 |17176


---------------
Opcode: C9
ll: 02
Instruction:CMP Addressing Mode:Immediate - Operand (Value: "0x02", Address: "None")
Instruction cycle count set to 2
A |X |Y |SP |PC   |T/MT |NV-BDIZC |CYCLE
----------------------------------------
00|00|00|FE |0708 |1/2  |10100100 |17177
00|00|00|FE |0708 |2/2  |10100100 |17178


---------------
Opcode: D0
ll: F8
Old PC: 070A Offset:-8 New PC: 0702
Instruction:BNE Addressing Mode:Relative - Operand (Value: "None", Address: "0x0702")
Instruction cycle count set to 2
A |X |Y |SP |PC   |T/MT |NV-BDIZC |CYCLE
----------------------------------------
00|00|00|FE |0702 |1/3  |10100100 |17179
00|00|00|FE |0702 |2/3  |10100100 |17180
00|00|00|FE |0702 |3/3  |10100100 |17181


---------------
Opcode: 8D
ll: 00 hh: A0
Instruction:STA Addressing Mode:Absolute - Operand (Value: "0x00", Address: "0xA000")
Writing value 0x00 to address: 0xA000
0xA000: 0x00
Instruction cycle count set to 4
A |X |Y |SP |PC   |T/MT |NV-BDIZC |CYCLE
----------------------------------------
00|00|00|FE |0705 |1/4  |10100100 |17182
00|00|00|FE |0705 |2/4  |10100100 |17183
00|00|00|FE |0705 |3/4  |10100100 |17184
00|00|00|FE |0705 |4/4  |10100100 |17185


---------------
Opcode: 4A
Instruction:LSR Addressing Mode:Accumulator - Operand (Value: "0x00", Address: "None")
Instruction cycle count set to 2
A |X |Y |SP |PC   |T/MT |NV-BDIZC |CYCLE
----------------------------------------
00|00|00|FE |0706 |1/2  |00100110 |17186
00|00|00|FE |0706 |2/2  |00100110 |17187


---------------
Opcode: C9
ll: 02
Instruction:CMP Addressing Mode:Immediate - Operand (Value: "0x02", Address: "None")
Instruction cycle count set to 2
A |X |Y |SP |PC   |T/MT |NV-BDIZC |CYCLE
----------------------------------------
00|00|00|FE |0708 |1/2  |10100100 |17188
00|00|00|FE |0708 |2/2  |10100100 |17189


---------------
Opcode: D0
ll: F8
Old PC: 070A Offset:-8 New PC: 0702
Instruction:BNE Addressing Mode:Relative - Operand (Value: "None", Address: "0x0702")
Instruction cycle count set to 2
A |X |Y |SP |PC   |T/MT |NV-BDIZC |CYCLE
----------------------------------------
00|00|00|FE |0702 |1/3  |10100100 |17190
00|00|00|FE |0702 |2/3  |10100100 |17191
00|00|00|FE |0702 |3/3  |10100100 |17192


---------------
Opcode: 8D
ll: 00 hh: A0
Instruction:STA Addressing Mode:Absolute - Operand (Value: "0x00", Address: "0xA000")
Writing value 0x00 to address: 0xA000
0xA000: 0x00
Instruction cycle count set to 4
A |X |Y |SP |PC   |T/MT |NV-BDIZC |CYCLE
----------------------------------------
00|00|00|FE |0705 |1/4  |10100100 |17193
00|00|00|FE |0705 |2/4  |10100100 |17194
00|00|00|FE |0705 |3/4  |10100100 |17195
00|00|00|FE |0705 |4/4  |10100100 |17196


---------------
Opcode: 4A
Instruction:LSR Addressing Mode:Accumulator - Operand (Value: "0x00", Address: "None")
Instruction cycle count set to 2
A |X |Y |SP |PC   |T/MT |NV-BDIZC |CYCLE
----------------------------------------
00|00|00|FE |0706 |1/2  |00100110 |17197
00|00|00|FE |0706 |2/2  |00100110 |17198


---------------
Opcode: C9
ll: 02
Instruction:CMP Addressing Mode:Immediate - Operand (Value: "0x02", Address: "None")
Instruction cycle count set to 2
A |X |Y |SP |PC   |T/MT |NV-BDIZC |CYCLE
----------------------------------------
00|00|00|FE |0708 |1/2  |10100100 |17199
00|00|00|FE |0708 |2/2  |10100100 |17200


---------------
Opcode: D0
ll: F8
Old PC: 070A Offset:-8 New PC: 0702
Instruction:BNE Addressing Mode:Relative - Operand (Value: "None", Address: "0x0702")
Instruction cycle count set to 2
A |X |Y |SP |PC   |T/MT |NV-BDIZC |CYCLE
----------------------------------------
00|00|00|FE |0702 |1/3  |10100100 |17201
00|00|00|FE |0702 |2/3  |10100100 |17202
00|00|00|FE |0702 |3/3  |10100100 |17203


---------------
Opcode: 8D
ll: 00 hh: A0
Instruction:STA Addressing Mode:Absolute - Operand (Value: "0x00", Address: "0xA000")
Writing value 0x00 to address: 0xA000
0xA000: 0x00
Instruction cycle count set to 4
A |X |Y |SP |PC   |T/MT |NV-BDIZC |CYCLE
----------------------------------------
00|00|00|FE |0705 |1/4  |10100100 |17204
00|00|00|FE |0705 |2/4  |10100100 |17205
00|00|00|FE |0705 |3/4  |10100100 |17206
00|00|00|FE |0705 |4/4  |10100100 |17207


---------------
Opcode: 4A
Instruction:LSR Addressing Mode:Accumulator - Operand (Value: "0x00", Address: "None")
Instruction cycle count set to 2
A |X |Y |SP |PC   |T/MT |NV-BDIZC |CYCLE
----------------------------------------
00|00|00|FE |0706 |1/2  |00100110 |17208
00|00|00|FE |0706 |2/2  |00100110 |17209


---------------
Opcode: C9
ll: 02
Instruction:CMP Addressing Mode:Immediate - Operand (Value: "0x02", Address: "None")
Instruction cycle count set to 2
A |X |Y |SP |PC   |T/MT |NV-BDIZC |CYCLE
----------------------------------------
00|00|00|FE |0708 |1/2  |10100100 |17210
00|00|00|FE |0708 |2/2  |10100100 |17211


---------------
Opcode: D0
ll: F8
Old PC: 070A Offset:-8 New PC: 0702
Instruction:BNE Addressing Mode:Relative - Operand (Value: "None", Address: "0x0702")
Instruction cycle count set to 2
A |X |Y |SP |PC   |T/MT |NV-BDIZC |CYCLE
----------------------------------------
00|00|00|FE |0702 |1/3  |10100100 |17212
00|00|00|FE |0702 |2/3  |10100100 |17213
00|00|00|FE |0702 |3/3  |10100100 |17214


---------------
Opcode: 8D
ll: 00 hh: A0
Instruction:STA Addressing Mode:Absolute - Operand (Value: "0x00", Address: "0xA000")
Writing value 0x00 to address: 0xA000
0xA000: 0x00
Instruction cycle count set to 4
A |X |Y |SP |PC   |T/MT |NV-BDIZC |CYCLE
----------------------------------------
00|00|00|FE |0705 |1/4  |10100100 |17215
00|00|00|FE |0705 |2/4  |10100100 |17216
00|00|00|FE |0705 |3/4  |10100100 |17217
00|00|00|FE |0705 |4/4  |10100100 |17218


---------------
Opcode: 4A
Instruction:LSR Addressing Mode:Accumulator - Operand (Value: "0x00", Address: "None")
Instruction cycle count set to 2
A |X |Y |SP |PC   |T/MT |NV-BDIZC |CYCLE
----------------------------------------
00|00|00|FE |0706 |1/2  |00100110 |17219
00|00|00|FE |0706 |2/2  |00100110 |17220


---------------
Opcode: C9
ll: 02
Instruction:CMP Addressing Mode:Immediate - Operand (Value: "0x02", Address: "None")
Instruction cycle count set to 2
A |X |Y |SP |PC   |T/MT |NV-BDIZC |CYCLE
----------------------------------------
00|00|00|FE |0708 |1/2  |10100100 |17221
00|00|00|FE |0708 |2/2  |10100100 |17222


---------------
Opcode: D0
ll: F8
Old PC: 070A Offset:-8 New PC: 0702
Instruction:BNE Addressing Mode:Relative - Operand (Value: "None", Address: "0x0702")
Instruction cycle count set to 2
A |X |Y |SP |PC   |T/MT |NV-BDIZC |CYCLE
----------------------------------------
00|00|00|FE |0702 |1/3  |10100100 |17223
00|00|00|FE |0702 |2/3  |10100100 |17224
00|00|00|FE |0702 |3/3  |10100100 |17225


---------------
Opcode: 8D
ll: 00 hh: A0
Instruction:STA Addressing Mode:Absolute - Operand (Value: "0x00", Address: "0xA000")
Writing value 0x00 to address: 0xA000
0xA000: 0x00
Instruction cycle count set to 4
A |X |Y |SP |PC   |T/MT |NV-BDIZC |CYCLE
----------------------------------------
00|00|00|FE |0705 |1/4  |10100100 |17226
00|00|00|FE |0705 |2/4  |10100100 |17227
00|00|00|FE |0705 |3/4  |10100100 |17228
00|00|00|FE |0705 |4/4  |10100100 |17229


---------------
Opcode: 4A
Instruction:LSR Addressing Mode:Accumulator - Operand (Value: "0x00", Address: "None")
Instruction cycle count set to 2
A |X |Y |SP |PC   |T/MT |NV-BDIZC |CYCLE
----------------------------------------
00|00|00|FE |0706 |1/2  |00100110 |17230
00|00|00|FE |0706 |2/2  |00100110 |17231


---------------
Opcode: C9
ll: 02
Instruction:CMP Addressing Mode:Immediate - Operand (Value: "0x02", Address: "None")
Instruction cycle count set to 2
A |X |Y |SP |PC   |T/MT |NV-BDIZC |CYCLE
----------------------------------------
00|00|00|FE |0708 |1/2  |10100100 |17232
00|00|00|FE |0708 |2/2  |10100100 |17233


---------------
Opcode: D0
ll: F8
Old PC: 070A Offset:-8 New PC: 0702
Instruction:BNE Addressing Mode:Relative - Operand (Value: "None", Address: "0x0702")
Instruction cycle count set to 2
A |X |Y |SP |PC   |T/MT |NV-BDIZC |CYCLE
----------------------------------------
00|00|00|FE |0702 |1/3  |10100100 |17234
00|00|00|FE |0702 |2/3  |10100100 |17235
00|00|00|FE |0702 |3/3  |10100100 |17236


---------------
Opcode: 8D
ll: 00 hh: A0
Instruction:STA Addressing Mode:Absolute - Operand (Value: "0x00", Address: "0xA000")
Writing value 0x00 to address: 0xA000
0xA000: 0x00
Instruction cycle count set to 4
A |X |Y |SP |PC   |T/MT |NV-BDIZC |CYCLE
----------------------------------------
00|00|00|FE |0705 |1/4  |10100100 |17237
00|00|00|FE |0705 |2/4  |10100100 |17238
00|00|00|FE |0705 |3/4  |10100100 |17239
00|00|00|FE |0705 |4/4  |10100100 |17240


---------------
Opcode: 4A
Instruction:LSR Addressing Mode:Accumulator - Operand (Value: "0x00", Address: "None")
Instruction cycle count set to 2
A |X |Y |SP |PC   |T/MT |NV-BDIZC |CYCLE
----------------------------------------
00|00|00|FE |0706 |1/2  |00100110 |17241
00|00|00|FE |0706 |2/2  |00100110 |17242


---------------
Opcode: C9
ll: 02
Instruction:CMP Addressing Mode:Immediate - Operand (Value: "0x02", Address: "None")
Instruction cycle count set to 2
A |X |Y |SP |PC   |T/MT |NV-BDIZC |CYCLE
----------------------------------------
00|00|00|FE |0708 |1/2  |10100100 |17243
00|00|00|FE |0708 |2/2  |10100100 |17244


---------------
Opcode: D0
ll: F8
Old PC: 070A Offset:-8 New PC: 0702
Instruction:BNE Addressing Mode:Relative - Operand (Value: "None", Address: "0x0702")
Instruction cycle count set to 2
A |X |Y |SP |PC   |T/MT |NV-BDIZC |CYCLE
----------------------------------------
00|00|00|FE |0702 |1/3  |10100100 |17245
00|00|00|FE |0702 |2/3  |10100100 |17246
00|00|00|FE |0702 |3/3  |10100100 |17247


---------------
Opcode: 8D
ll: 00 hh: A0
Instruction:STA Addressing Mode:Absolute - Operand (Value: "0x00", Address: "0xA000")
Writing value 0x00 to address: 0xA000
0xA000: 0x00
Instruction cycle count set to 4
A |X |Y |SP |PC   |T/MT |NV-BDIZC |CYCLE
----------------------------------------
00|00|00|FE |0705 |1/4  |10100100 |17248
00|00|00|FE |0705 |2/4  |10100100 |17249
00|00|00|FE |0705 |3/4  |10100100 |17250
00|00|00|FE |0705 |4/4  |10100100 |17251


---------------
Opcode: 4A
Instruction:LSR Addressing Mode:Accumulator - Operand (Value: "0x00", Address: "None")
Instruction cycle count set to 2
A |X |Y |SP |PC   |T/MT |NV-BDIZC |CYCLE
----------------------------------------
00|00|00|FE |0706 |1/2  |00100110 |17252
00|00|00|FE |0706 |2/2  |00100110 |17253


---------------
Opcode: C9
ll: 02
Instruction:CMP Addressing Mode:Immediate - Operand (Value: "0x02", Address: "None")
Instruction cycle count set to 2
A |X |Y |SP |PC   |T/MT |NV-BDIZC |CYCLE
----------------------------------------
00|00|00|FE |0708 |1/2  |10100100 |17254
00|00|00|FE |0708 |2/2  |10100100 |17255


---------------
Opcode: D0
ll: F8
Old PC: 070A Offset:-8 New PC: 0702
Instruction:BNE Addressing Mode:Relative - Operand (Value: "None", Address: "0x0702")
Instruction cycle count set to 2
A |X |Y |SP |PC   |T/MT |NV-BDIZC |CYCLE
----------------------------------------
00|00|00|FE |0702 |1/3  |10100100 |17256
00|00|00|FE |0702 |2/3  |10100100 |17257
00|00|00|FE |0702 |3/3  |10100100 |17258


---------------
Opcode: 8D
ll: 00 hh: A0
Instruction:STA Addressing Mode:Absolute - Operand (Value: "0x00", Address: "0xA000")
Writing value 0x00 to address: 0xA000
0xA000: 0x00
Instruction cycle count set to 4
A |X |Y |SP |PC   |T/MT |NV-BDIZC |CYCLE
----------------------------------------
00|00|00|FE |0705 |1/4  |10100100 |17259
00|00|00|FE |0705 |2/4  |10100100 |17260
00|00|00|FE |0705 |3/4  |10100100 |17261
00|00|00|FE |0705 |4/4  |10100100 |17262


---------------
Opcode: 4A
Instruction:LSR Addressing Mode:Accumulator - Operand (Value: "0x00", Address: "None")
Instruction cycle count set to 2
A |X |Y |SP |PC   |T/MT |NV-BDIZC |CYCLE
----------------------------------------
00|00|00|FE |0706 |1/2  |00100110 |17263
00|00|00|FE |0706 |2/2  |00100110 |17264


---------------
Opcode: C9
ll: 02
Instruction:CMP Addressing Mode:Immediate - Operand (Value: "0x02", Address: "None")
Instruction cycle count set to 2
A |X |Y |SP |PC   |T/MT |NV-BDIZC |CYCLE
----------------------------------------
00|00|00|FE |0708 |1/2  |10100100 |17265
00|00|00|FE |0708 |2/2  |10100100 |17266


---------------
Opcode: D0
ll: F8
Old PC: 070A Offset:-8 New PC: 0702
Instruction:BNE Addressing Mode:Relative - Operand (Value: "None", Address: "0x0702")
Instruction cycle count set to 2
A |X |Y |SP |PC   |T/MT |NV-BDIZC |CYCLE
----------------------------------------
00|00|00|FE |0702 |1/3  |10100100 |17267
00|00|00|FE |0702 |2/3  |10100100 |17268
00|00|00|FE |0702 |3/3  |10100100 |17269


---------------
Opcode: 8D
ll: 00 hh: A0
Instruction:STA Addressing Mode:Absolute - Operand (Value: "0x00", Address: "0xA000")
Writing value 0x00 to address: 0xA000
0xA000: 0x00
Instruction cycle count set to 4
A |X |Y |SP |PC   |T/MT |NV-BDIZC |CYCLE
----------------------------------------
00|00|00|FE |0705 |1/4  |10100100 |17270
00|00|00|FE |0705 |2/4  |10100100 |17271
00|00|00|FE |0705 |3/4  |10100100 |17272
00|00|00|FE |0705 |4/4  |10100100 |17273


---------------
Opcode: 4A
Instruction:LSR Addressing Mode:Accumulator - Operand (Value: "0x00", Address: "None")
Instruction cycle count set to 2
A |X |Y |SP |PC   |T/MT |NV-BDIZC |CYCLE
----------------------------------------
00|00|00|FE |0706 |1/2  |00100110 |17274
00|00|00|FE |0706 |2/2  |00100110 |17275


---------------
Opcode: C9
ll: 02
Instruction:CMP Addressing Mode:Immediate - Operand (Value: "0x02", Address: "None")
Instruction cycle count set to 2
A |X |Y |SP |PC   |T/MT |NV-BDIZC |CYCLE
----------------------------------------
00|00|00|FE |0708 |1/2  |10100100 |17276
00|00|00|FE |0708 |2/2  |10100100 |17277


---------------
Opcode: D0
ll: F8
Old PC: 070A Offset:-8 New PC: 0702
Instruction:BNE Addressing Mode:Relative - Operand (Value: "None", Address: "0x0702")
Instruction cycle count set to 2
A |X |Y |SP |PC   |T/MT |NV-BDIZC |CYCLE
----------------------------------------
00|00|00|FE |0702 |1/3  |10100100 |17278
00|00|00|FE |0702 |2/3  |10100100 |17279
00|00|00|FE |0702 |3/3  |10100100 |17280


---------------
Opcode: 8D
ll: 00 hh: A0
Instruction:STA Addressing Mode:Absolute - Operand (Value: "0x00", Address: "0xA000")
Writing value 0x00 to address: 0xA000
0xA000: 0x00
Instruction cycle count set to 4
A |X |Y |SP |PC   |T/MT |NV-BDIZC |CYCLE
----------------------------------------
00|00|00|FE |0705 |1/4  |10100100 |17281
00|00|00|FE |0705 |2/4  |10100100 |17282
00|00|00|FE |0705 |3/4  |10100100 |17283
00|00|00|FE |0705 |4/4  |10100100 |17284


---------------
Opcode: 4A
Instruction:LSR Addressing Mode:Accumulator - Operand (Value: "0x00", Address: "None")
Instruction cycle count set to 2
A |X |Y |SP |PC   |T/MT |NV-BDIZC |CYCLE
----------------------------------------
00|00|00|FE |0706 |1/2  |00100110 |17285
00|00|00|FE |0706 |2/2  |00100110 |17286


---------------
Opcode: C9
ll: 02
Instruction:CMP Addressing Mode:Immediate - Operand (Value: "0x02", Address: "None")
Instruction cycle count set to 2
A |X |Y |SP |PC   |T/MT |NV-BDIZC |CYCLE
----------------------------------------
00|00|00|FE |0708 |1/2  |10100100 |17287
00|00|00|FE |0708 |2/2  |10100100 |17288


---------------
Opcode: D0
ll: F8
Old PC: 070A Offset:-8 New PC: 0702
Instruction:BNE Addressing Mode:Relative - Operand (Value: "None", Address: "0x0702")
Instruction cycle count set to 2
A |X |Y |SP |PC   |T/MT |NV-BDIZC |CYCLE
----------------------------------------
00|00|00|FE |0702 |1/3  |10100100 |17289
00|00|00|FE |0702 |2/3  |10100100 |17290
00|00|00|FE |0702 |3/3  |10100100 |17291


---------------
Opcode: 8D
ll: 00 hh: A0
Instruction:STA Addressing Mode:Absolute - Operand (Value: "0x00", Address: "0xA000")
Writing value 0x00 to address: 0xA000
0xA000: 0x00
Instruction cycle count set to 4
A |X |Y |SP |PC   |T/MT |NV-BDIZC |CYCLE
----------------------------------------
00|00|00|FE |0705 |1/4  |10100100 |17292
00|00|00|FE |0705 |2/4  |10100100 |17293
00|00|00|FE |0705 |3/4  |10100100 |17294
00|00|00|FE |0705 |4/4  |10100100 |17295


---------------
Opcode: 4A
Instruction:LSR Addressing Mode:Accumulator - Operand (Value: "0x00", Address: "None")
Instruction cycle count set to 2
A |X |Y |SP |PC   |T/MT |NV-BDIZC |CYCLE
----------------------------------------
00|00|00|FE |0706 |1/2  |00100110 |17296
00|00|00|FE |0706 |2/2  |00100110 |17297


---------------
Opcode: C9
ll: 02
Instruction:CMP Addressing Mode:Immediate - Operand (Value: "0x02", Address: "None")
Instruction cycle count set to 2
A |X |Y |SP |PC   |T/MT |NV-BDIZC |CYCLE
----------------------------------------
00|00|00|FE |0708 |1/2  |10100100 |17298
00|00|00|FE |0708 |2/2  |10100100 |17299


---------------
Opcode: D0
ll: F8
Old PC: 070A Offset:-8 New PC: 0702
Instruction:BNE Addressing Mode:Relative - Operand (Value: "None", Address: "0x0702")
Instruction cycle count set to 2
A |X |Y |SP |PC   |T/MT |NV-BDIZC |CYCLE
----------------------------------------
00|00|00|FE |0702 |1/3  |10100100 |17300
00|00|00|FE |0702 |2/3  |10100100 |17301
00|00|00|FE |0702 |3/3  |10100100 |17302


---------------
Opcode: 8D
ll: 00 hh: A0
Instruction:STA Addressing Mode:Absolute - Operand (Value: "0x00", Address: "0xA000")
Writing value 0x00 to address: 0xA000
0xA000: 0x00
Instruction cycle count set to 4
A |X |Y |SP |PC   |T/MT |NV-BDIZC |CYCLE
----------------------------------------
00|00|00|FE |0705 |1/4  |10100100 |17303
00|00|00|FE |0705 |2/4  |10100100 |17304
00|00|00|FE |0705 |3/4  |10100100 |17305
00|00|00|FE |0705 |4/4  |10100100 |17306


---------------
Opcode: 4A
Instruction:LSR Addressing Mode:Accumulator - Operand (Value: "0x00", Address: "None")
Instruction cycle count set to 2
A |X |Y |SP |PC   |T/MT |NV-BDIZC |CYCLE
----------------------------------------
00|00|00|FE |0706 |1/2  |00100110 |17307
00|00|00|FE |0706 |2/2  |00100110 |17308


---------------
Opcode: C9
ll: 02
Instruction:CMP Addressing Mode:Immediate - Operand (Value: "0x02", Address: "None")
Instruction cycle count set to 2
A |X |Y |SP |PC   |T/MT |NV-BDIZC |CYCLE
----------------------------------------
00|00|00|FE |0708 |1/2  |10100100 |17309
00|00|00|FE |0708 |2/2  |10100100 |17310


---------------
Opcode: D0
ll: F8
Old PC: 070A Offset:-8 New PC: 0702
Instruction:BNE Addressing Mode:Relative - Operand (Value: "None", Address: "0x0702")
Instruction cycle count set to 2
A |X |Y |SP |PC   |T/MT |NV-BDIZC |CYCLE
----------------------------------------
00|00|00|FE |0702 |1/3  |10100100 |17311
00|00|00|FE |0702 |2/3  |10100100 |17312
00|00|00|FE |0702 |3/3  |10100100 |17313


---------------
Opcode: 8D
ll: 00 hh: A0
Instruction:STA Addressing Mode:Absolute - Operand (Value: "0x00", Address: "0xA000")
Writing value 0x00 to address: 0xA000
0xA000: 0x00
Instruction cycle count set to 4
A |X |Y |SP |PC   |T/MT |NV-BDIZC |CYCLE
----------------------------------------
00|00|00|FE |0705 |1/4  |10100100 |17314
00|00|00|FE |0705 |2/4  |10100100 |17315
00|00|00|FE |0705 |3/4  |10100100 |17316
00|00|00|FE |0705 |4/4  |10100100 |17317


---------------
Opcode: 4A
Instruction:LSR Addressing Mode:Accumulator - Operand (Value: "0x00", Address: "None")
Instruction cycle count set to 2
A |X |Y |SP |PC   |T/MT |NV-BDIZC |CYCLE
----------------------------------------
00|00|00|FE |0706 |1/2  |00100110 |17318
00|00|00|FE |0706 |2/2  |00100110 |17319


---------------
Opcode: C9
ll: 02
Instruction:CMP Addressing Mode:Immediate - Operand (Value: "0x02", Address: "None")
Instruction cycle count set to 2
A |X |Y |SP |PC   |T/MT |NV-BDIZC |CYCLE
----------------------------------------
00|00|00|FE |0708 |1/2  |10100100 |17320
00|00|00|FE |0708 |2/2  |10100100 |17321


---------------
Opcode: D0
ll: F8
Old PC: 070A Offset:-8 New PC: 0702
Instruction:BNE Addressing Mode:Relative - Operand (Value: "None", Address: "0x0702")
Instruction cycle count set to 2
A |X |Y |SP |PC   |T/MT |NV-BDIZC |CYCLE
----------------------------------------
00|00|00|FE |0702 |1/3  |10100100 |17322
00|00|00|FE |0702 |2/3  |10100100 |17323
00|00|00|FE |0702 |3/3  |10100100 |17324


---------------
Opcode: 8D
ll: 00 hh: A0
Instruction:STA Addressing Mode:Absolute - Operand (Value: "0x00", Address: "0xA000")
Writing value 0x00 to address: 0xA000
0xA000: 0x00
Instruction cycle count set to 4
A |X |Y |SP |PC   |T/MT |NV-BDIZC |CYCLE
----------------------------------------
00|00|00|FE |0705 |1/4  |10100100 |17325
00|00|00|FE |0705 |2/4  |10100100 |17326
00|00|00|FE |0705 |3/4  |10100100 |17327
00|00|00|FE |0705 |4/4  |10100100 |17328


---------------
Opcode: 4A
Instruction:LSR Addressing Mode:Accumulator - Operand (Value: "0x00", Address: "None")
Instruction cycle count set to 2
A |X |Y |SP |PC   |T/MT |NV-BDIZC |CYCLE
----------------------------------------
00|00|00|FE |0706 |1/2  |00100110 |17329
00|00|00|FE |0706 |2/2  |00100110 |17330


---------------
Opcode: C9
ll: 02
Instruction:CMP Addressing Mode:Immediate - Operand (Value: "0x02", Address: "None")
Instruction cycle count set to 2
A |X |Y |SP |PC   |T/MT |NV-BDIZC |CYCLE
----------------------------------------
00|00|00|FE |0708 |1/2  |10100100 |17331
00|00|00|FE |0708 |2/2  |10100100 |17332


---------------
Opcode: D0
ll: F8
Old PC: 070A Offset:-8 New PC: 0702
Instruction:BNE Addressing Mode:Relative - Operand (Value: "None", Address: "0x0702")
Instruction cycle count set to 2
A |X |Y |SP |PC   |T/MT |NV-BDIZC |CYCLE
----------------------------------------
00|00|00|FE |0702 |1/3  |10100100 |17333
00|00|00|FE |0702 |2/3  |10100100 |17334
00|00|00|FE |0702 |3/3  |10100100 |17335


---------------
Opcode: 8D
ll: 00 hh: A0
Instruction:STA Addressing Mode:Absolute - Operand (Value: "0x00", Address: "0xA000")
Writing value 0x00 to address: 0xA000
0xA000: 0x00
Instruction cycle count set to 4
A |X |Y |SP |PC   |T/MT |NV-BDIZC |CYCLE
----------------------------------------
00|00|00|FE |0705 |1/4  |10100100 |17336
00|00|00|FE |0705 |2/4  |10100100 |17337
00|00|00|FE |0705 |3/4  |10100100 |17338
00|00|00|FE |0705 |4/4  |10100100 |17339


---------------
Opcode: 4A
Instruction:LSR Addressing Mode:Accumulator - Operand (Value: "0x00", Address: "None")
Instruction cycle count set to 2
A |X |Y |SP |PC   |T/MT |NV-BDIZC |CYCLE
----------------------------------------
00|00|00|FE |0706 |1/2  |00100110 |17340
00|00|00|FE |0706 |2/2  |00100110 |17341


---------------
Opcode: C9
ll: 02
Instruction:CMP Addressing Mode:Immediate - Operand (Value: "0x02", Address: "None")
Instruction cycle count set to 2
A |X |Y |SP |PC   |T/MT |NV-BDIZC |CYCLE
----------------------------------------
00|00|00|FE |0708 |1/2  |10100100 |17342
00|00|00|FE |0708 |2/2  |10100100 |17343


---------------
Opcode: D0
ll: F8
Old PC: 070A Offset:-8 New PC: 0702
Instruction:BNE Addressing Mode:Relative - Operand (Value: "None", Address: "0x0702")
Instruction cycle count set to 2
A |X |Y |SP |PC   |T/MT |NV-BDIZC |CYCLE
----------------------------------------
00|00|00|FE |0702 |1/3  |10100100 |17344
00|00|00|FE |0702 |2/3  |10100100 |17345
00|00|00|FE |0702 |3/3  |10100100 |17346


---------------
Opcode: 8D
ll: 00 hh: A0
Instruction:STA Addressing Mode:Absolute - Operand (Value: "0x00", Address: "0xA000")
Writing value 0x00 to address: 0xA000
0xA000: 0x00
Instruction cycle count set to 4
A |X |Y |SP |PC   |T/MT |NV-BDIZC |CYCLE
----------------------------------------
00|00|00|FE |0705 |1/4  |10100100 |17347
00|00|00|FE |0705 |2/4  |10100100 |17348
00|00|00|FE |0705 |3/4  |10100100 |17349
00|00|00|FE |0705 |4/4  |10100100 |17350


---------------
Opcode: 4A
Instruction:LSR Addressing Mode:Accumulator - Operand (Value: "0x00", Address: "None")
Instruction cycle count set to 2
A |X |Y |SP |PC   |T/MT |NV-BDIZC |CYCLE
----------------------------------------
00|00|00|FE |0706 |1/2  |00100110 |17351
00|00|00|FE |0706 |2/2  |00100110 |17352


---------------
Opcode: C9
ll: 02
Instruction:CMP Addressing Mode:Immediate - Operand (Value: "0x02", Address: "None")
Instruction cycle count set to 2
A |X |Y |SP |PC   |T/MT |NV-BDIZC |CYCLE
----------------------------------------
00|00|00|FE |0708 |1/2  |10100100 |17353
00|00|00|FE |0708 |2/2  |10100100 |17354


---------------
Opcode: D0
ll: F8
Old PC: 070A Offset:-8 New PC: 0702
Instruction:BNE Addressing Mode:Relative - Operand (Value: "None", Address: "0x0702")
Instruction cycle count set to 2
A |X |Y |SP |PC   |T/MT |NV-BDIZC |CYCLE
----------------------------------------
00|00|00|FE |0702 |1/3  |10100100 |17355
00|00|00|FE |0702 |2/3  |10100100 |17356
00|00|00|FE |0702 |3/3  |10100100 |17357


---------------
Opcode: 8D
ll: 00 hh: A0
Instruction:STA Addressing Mode:Absolute - Operand (Value: "0x00", Address: "0xA000")
Writing value 0x00 to address: 0xA000
0xA000: 0x00
Instruction cycle count set to 4
A |X |Y |SP |PC   |T/MT |NV-BDIZC |CYCLE
----------------------------------------
00|00|00|FE |0705 |1/4  |10100100 |17358
00|00|00|FE |0705 |2/4  |10100100 |17359
00|00|00|FE |0705 |3/4  |10100100 |17360
00|00|00|FE |0705 |4/4  |10100100 |17361


---------------
Opcode: 4A
Instruction:LSR Addressing Mode:Accumulator - Operand (Value: "0x00", Address: "None")
Instruction cycle count set to 2
A |X |Y |SP |PC   |T/MT |NV-BDIZC |CYCLE
----------------------------------------
00|00|00|FE |0706 |1/2  |00100110 |17362
00|00|00|FE |0706 |2/2  |00100110 |17363


---------------
Opcode: C9
ll: 02
Instruction:CMP Addressing Mode:Immediate - Operand (Value: "0x02", Address: "None")
Instruction cycle count set to 2
A |X |Y |SP |PC   |T/MT |NV-BDIZC |CYCLE
----------------------------------------
00|00|00|FE |0708 |1/2  |10100100 |17364
00|00|00|FE |0708 |2/2  |10100100 |17365


---------------
Opcode: D0
ll: F8
Old PC: 070A Offset:-8 New PC: 0702
Instruction:BNE Addressing Mode:Relative - Operand (Value: "None", Address: "0x0702")
Instruction cycle count set to 2
A |X |Y |SP |PC   |T/MT |NV-BDIZC |CYCLE
----------------------------------------
00|00|00|FE |0702 |1/3  |10100100 |17366
00|00|00|FE |0702 |2/3  |10100100 |17367
00|00|00|FE |0702 |3/3  |10100100 |17368


---------------
Opcode: 8D
ll: 00 hh: A0
Instruction:STA Addressing Mode:Absolute - Operand (Value: "0x00", Address: "0xA000")
Writing value 0x00 to address: 0xA000
0xA000: 0x00
Instruction cycle count set to 4
A |X |Y |SP |PC   |T/MT |NV-BDIZC |CYCLE
----------------------------------------
00|00|00|FE |0705 |1/4  |10100100 |17369
00|00|00|FE |0705 |2/4  |10100100 |17370
00|00|00|FE |0705 |3/4  |10100100 |17371
00|00|00|FE |0705 |4/4  |10100100 |17372


---------------
Opcode: 4A
Instruction:LSR Addressing Mode:Accumulator - Operand (Value: "0x00", Address: "None")
Instruction cycle count set to 2
A |X |Y |SP |PC   |T/MT |NV-BDIZC |CYCLE
----------------------------------------
00|00|00|FE |0706 |1/2  |00100110 |17373
00|00|00|FE |0706 |2/2  |00100110 |17374


---------------
Opcode: C9
ll: 02
Instruction:CMP Addressing Mode:Immediate - Operand (Value: "0x02", Address: "None")
Instruction cycle count set to 2
A |X |Y |SP |PC   |T/MT |NV-BDIZC |CYCLE
----------------------------------------
00|00|00|FE |0708 |1/2  |10100100 |17375
00|00|00|FE |0708 |2/2  |10100100 |17376


---------------
Opcode: D0
ll: F8
Old PC: 070A Offset:-8 New PC: 0702
Instruction:BNE Addressing Mode:Relative - Operand (Value: "None", Address: "0x0702")
Instruction cycle count set to 2
A |X |Y |SP |PC   |T/MT |NV-BDIZC |CYCLE
----------------------------------------
00|00|00|FE |0702 |1/3  |10100100 |17377
00|00|00|FE |0702 |2/3  |10100100 |17378
00|00|00|FE |0702 |3/3  |10100100 |17379


---------------
Opcode: 8D
ll: 00 hh: A0
Instruction:STA Addressing Mode:Absolute - Operand (Value: "0x00", Address: "0xA000")
Writing value 0x00 to address: 0xA000
0xA000: 0x00
Instruction cycle count set to 4
A |X |Y |SP |PC   |T/MT |NV-BDIZC |CYCLE
----------------------------------------
00|00|00|FE |0705 |1/4  |10100100 |17380
00|00|00|FE |0705 |2/4  |10100100 |17381
00|00|00|FE |0705 |3/4  |10100100 |17382
00|00|00|FE |0705 |4/4  |10100100 |17383


---------------
Opcode: 4A
Instruction:LSR Addressing Mode:Accumulator - Operand (Value: "0x00", Address: "None")
Instruction cycle count set to 2
A |X |Y |SP |PC   |T/MT |NV-BDIZC |CYCLE
----------------------------------------
00|00|00|FE |0706 |1/2  |00100110 |17384
00|00|00|FE |0706 |2/2  |00100110 |17385


---------------
Opcode: C9
ll: 02
Instruction:CMP Addressing Mode:Immediate - Operand (Value: "0x02", Address: "None")
Instruction cycle count set to 2
A |X |Y |SP |PC   |T/MT |NV-BDIZC |CYCLE
----------------------------------------
00|00|00|FE |0708 |1/2  |10100100 |17386
00|00|00|FE |0708 |2/2  |10100100 |17387


---------------
Opcode: D0
ll: F8
Old PC: 070A Offset:-8 New PC: 0702
Instruction:BNE Addressing Mode:Relative - Operand (Value: "None", Address: "0x0702")
Instruction cycle count set to 2
A |X |Y |SP |PC   |T/MT |NV-BDIZC |CYCLE
----------------------------------------
00|00|00|FE |0702 |1/3  |10100100 |17388
00|00|00|FE |0702 |2/3  |10100100 |17389
00|00|00|FE |0702 |3/3  |10100100 |17390


---------------
Opcode: 8D
ll: 00 hh: A0
Instruction:STA Addressing Mode:Absolute - Operand (Value: "0x00", Address: "0xA000")
Writing value 0x00 to address: 0xA000
0xA000: 0x00
Instruction cycle count set to 4
A |X |Y |SP |PC   |T/MT |NV-BDIZC |CYCLE
----------------------------------------
00|00|00|FE |0705 |1/4  |10100100 |17391
00|00|00|FE |0705 |2/4  |10100100 |17392
00|00|00|FE |0705 |3/4  |10100100 |17393
00|00|00|FE |0705 |4/4  |10100100 |17394


---------------
Opcode: 4A
Instruction:LSR Addressing Mode:Accumulator - Operand (Value: "0x00", Address: "None")
Instruction cycle count set to 2
A |X |Y |SP |PC   |T/MT |NV-BDIZC |CYCLE
----------------------------------------
00|00|00|FE |0706 |1/2  |00100110 |17395
00|00|00|FE |0706 |2/2  |00100110 |17396


---------------
Opcode: C9
ll: 02
Instruction:CMP Addressing Mode:Immediate - Operand (Value: "0x02", Address: "None")
Instruction cycle count set to 2
A |X |Y |SP |PC   |T/MT |NV-BDIZC |CYCLE
----------------------------------------
00|00|00|FE |0708 |1/2  |10100100 |17397
00|00|00|FE |0708 |2/2  |10100100 |17398


---------------
Opcode: D0
ll: F8
Old PC: 070A Offset:-8 New PC: 0702
Instruction:BNE Addressing Mode:Relative - Operand (Value: "None", Address: "0x0702")
Instruction cycle count set to 2
A |X |Y |SP |PC   |T/MT |NV-BDIZC |CYCLE
----------------------------------------
00|00|00|FE |0702 |1/3  |10100100 |17399
00|00|00|FE |0702 |2/3  |10100100 |17400
00|00|00|FE |0702 |3/3  |10100100 |17401


---------------
Opcode: 8D
ll: 00 hh: A0
Instruction:STA Addressing Mode:Absolute - Operand (Value: "0x00", Address: "0xA000")
Writing value 0x00 to address: 0xA000
0xA000: 0x00
Instruction cycle count set to 4
A |X |Y |SP |PC   |T/MT |NV-BDIZC |CYCLE
----------------------------------------
00|00|00|FE |0705 |1/4  |10100100 |17402
00|00|00|FE |0705 |2/4  |10100100 |17403
00|00|00|FE |0705 |3/4  |10100100 |17404
00|00|00|FE |0705 |4/4  |10100100 |17405


---------------
Opcode: 4A
Instruction:LSR Addressing Mode:Accumulator - Operand (Value: "0x00", Address: "None")
Instruction cycle count set to 2
A |X |Y |SP |PC   |T/MT |NV-BDIZC |CYCLE
----------------------------------------
00|00|00|FE |0706 |1/2  |00100110 |17406
00|00|00|FE |0706 |2/2  |00100110 |17407


---------------
Opcode: C9
ll: 02
Instruction:CMP Addressing Mode:Immediate - Operand (Value: "0x02", Address: "None")
Instruction cycle count set to 2
A |X |Y |SP |PC   |T/MT |NV-BDIZC |CYCLE
----------------------------------------
00|00|00|FE |0708 |1/2  |10100100 |17408
00|00|00|FE |0708 |2/2  |10100100 |17409


---------------
Opcode: D0
ll: F8
Old PC: 070A Offset:-8 New PC: 0702
Instruction:BNE Addressing Mode:Relative - Operand (Value: "None", Address: "0x0702")
Instruction cycle count set to 2
A |X |Y |SP |PC   |T/MT |NV-BDIZC |CYCLE
----------------------------------------
00|00|00|FE |0702 |1/3  |10100100 |17410
00|00|00|FE |0702 |2/3  |10100100 |17411
00|00|00|FE |0702 |3/3  |10100100 |17412


---------------
Opcode: 8D
ll: 00 hh: A0
Instruction:STA Addressing Mode:Absolute - Operand (Value: "0x00", Address: "0xA000")
Writing value 0x00 to address: 0xA000
0xA000: 0x00
Instruction cycle count set to 4
A |X |Y |SP |PC   |T/MT |NV-BDIZC |CYCLE
----------------------------------------
00|00|00|FE |0705 |1/4  |10100100 |17413
00|00|00|FE |0705 |2/4  |10100100 |17414
00|00|00|FE |0705 |3/4  |10100100 |17415
00|00|00|FE |0705 |4/4  |10100100 |17416


---------------
Opcode: 4A
Instruction:LSR Addressing Mode:Accumulator - Operand (Value: "0x00", Address: "None")
Instruction cycle count set to 2
A |X |Y |SP |PC   |T/MT |NV-BDIZC |CYCLE
----------------------------------------
00|00|00|FE |0706 |1/2  |00100110 |17417
00|00|00|FE |0706 |2/2  |00100110 |17418


---------------
Opcode: C9
ll: 02
Instruction:CMP Addressing Mode:Immediate - Operand (Value: "0x02", Address: "None")
Instruction cycle count set to 2
A |X |Y |SP |PC   |T/MT |NV-BDIZC |CYCLE
----------------------------------------
00|00|00|FE |0708 |1/2  |10100100 |17419
00|00|00|FE |0708 |2/2  |10100100 |17420


---------------
Opcode: D0
ll: F8
Old PC: 070A Offset:-8 New PC: 0702
Instruction:BNE Addressing Mode:Relative - Operand (Value: "None", Address: "0x0702")
Instruction cycle count set to 2
A |X |Y |SP |PC   |T/MT |NV-BDIZC |CYCLE
----------------------------------------
00|00|00|FE |0702 |1/3  |10100100 |17421
00|00|00|FE |0702 |2/3  |10100100 |17422
00|00|00|FE |0702 |3/3  |10100100 |17423


---------------
Opcode: 8D
ll: 00 hh: A0
Instruction:STA Addressing Mode:Absolute - Operand (Value: "0x00", Address: "0xA000")
Writing value 0x00 to address: 0xA000
0xA000: 0x00
Instruction cycle count set to 4
A |X |Y |SP |PC   |T/MT |NV-BDIZC |CYCLE
----------------------------------------
00|00|00|FE |0705 |1/4  |10100100 |17424
00|00|00|FE |0705 |2/4  |10100100 |17425
00|00|00|FE |0705 |3/4  |10100100 |17426
00|00|00|FE |0705 |4/4  |10100100 |17427


---------------
Opcode: 4A
Instruction:LSR Addressing Mode:Accumulator - Operand (Value: "0x00", Address: "None")
Instruction cycle count set to 2
A |X |Y |SP |PC   |T/MT |NV-BDIZC |CYCLE
----------------------------------------
00|00|00|FE |0706 |1/2  |00100110 |17428
00|00|00|FE |0706 |2/2  |00100110 |17429


---------------
Opcode: C9
ll: 02
Instruction:CMP Addressing Mode:Immediate - Operand (Value: "0x02", Address: "None")
Instruction cycle count set to 2
A |X |Y |SP |PC   |T/MT |NV-BDIZC |CYCLE
----------------------------------------
00|00|00|FE |0708 |1/2  |10100100 |17430
00|00|00|FE |0708 |2/2  |10100100 |17431


---------------
Opcode: D0
ll: F8
Old PC: 070A Offset:-8 New PC: 0702
Instruction:BNE Addressing Mode:Relative - Operand (Value: "None", Address: "0x0702")
Instruction cycle count set to 2
A |X |Y |SP |PC   |T/MT |NV-BDIZC |CYCLE
----------------------------------------
00|00|00|FE |0702 |1/3  |10100100 |17432
00|00|00|FE |0702 |2/3  |10100100 |17433
00|00|00|FE |0702 |3/3  |10100100 |17434


---------------
Opcode: 8D
ll: 00 hh: A0
Instruction:STA Addressing Mode:Absolute - Operand (Value: "0x00", Address: "0xA000")
Writing value 0x00 to address: 0xA000
0xA000: 0x00
Instruction cycle count set to 4
A |X |Y |SP |PC   |T/MT |NV-BDIZC |CYCLE
----------------------------------------
00|00|00|FE |0705 |1/4  |10100100 |17435
00|00|00|FE |0705 |2/4  |10100100 |17436
00|00|00|FE |0705 |3/4  |10100100 |17437
00|00|00|FE |0705 |4/4  |10100100 |17438


---------------
Opcode: 4A
Instruction:LSR Addressing Mode:Accumulator - Operand (Value: "0x00", Address: "None")
Instruction cycle count set to 2
A |X |Y |SP |PC   |T/MT |NV-BDIZC |CYCLE
----------------------------------------
00|00|00|FE |0706 |1/2  |00100110 |17439
00|00|00|FE |0706 |2/2  |00100110 |17440


---------------
Opcode: C9
ll: 02
Instruction:CMP Addressing Mode:Immediate - Operand (Value: "0x02", Address: "None")
Instruction cycle count set to 2
A |X |Y |SP |PC   |T/MT |NV-BDIZC |CYCLE
----------------------------------------
00|00|00|FE |0708 |1/2  |10100100 |17441
00|00|00|FE |0708 |2/2  |10100100 |17442


---------------
Opcode: D0
ll: F8
Old PC: 070A Offset:-8 New PC: 0702
Instruction:BNE Addressing Mode:Relative - Operand (Value: "None", Address: "0x0702")
Instruction cycle count set to 2
A |X |Y |SP |PC   |T/MT |NV-BDIZC |CYCLE
----------------------------------------
00|00|00|FE |0702 |1/3  |10100100 |17443
00|00|00|FE |0702 |2/3  |10100100 |17444
00|00|00|FE |0702 |3/3  |10100100 |17445


---------------
Opcode: 8D
ll: 00 hh: A0
Instruction:STA Addressing Mode:Absolute - Operand (Value: "0x00", Address: "0xA000")
Writing value 0x00 to address: 0xA000
0xA000: 0x00
Instruction cycle count set to 4
A |X |Y |SP |PC   |T/MT |NV-BDIZC |CYCLE
----------------------------------------
00|00|00|FE |0705 |1/4  |10100100 |17446
00|00|00|FE |0705 |2/4  |10100100 |17447
00|00|00|FE |0705 |3/4  |10100100 |17448
00|00|00|FE |0705 |4/4  |10100100 |17449


---------------
Opcode: 4A
Instruction:LSR Addressing Mode:Accumulator - Operand (Value: "0x00", Address: "None")
Instruction cycle count set to 2
A |X |Y |SP |PC   |T/MT |NV-BDIZC |CYCLE
----------------------------------------
00|00|00|FE |0706 |1/2  |00100110 |17450
00|00|00|FE |0706 |2/2  |00100110 |17451


---------------
Opcode: C9
ll: 02
Instruction:CMP Addressing Mode:Immediate - Operand (Value: "0x02", Address: "None")
Instruction cycle count set to 2
A |X |Y |SP |PC   |T/MT |NV-BDIZC |CYCLE
----------------------------------------
00|00|00|FE |0708 |1/2  |10100100 |17452
00|00|00|FE |0708 |2/2  |10100100 |17453


---------------
Opcode: D0
ll: F8
Old PC: 070A Offset:-8 New PC: 0702
Instruction:BNE Addressing Mode:Relative - Operand (Value: "None", Address: "0x0702")
Instruction cycle count set to 2
A |X |Y |SP |PC   |T/MT |NV-BDIZC |CYCLE
----------------------------------------
00|00|00|FE |0702 |1/3  |10100100 |17454
00|00|00|FE |0702 |2/3  |10100100 |17455
00|00|00|FE |0702 |3/3  |10100100 |17456


---------------
Opcode: 8D
ll: 00 hh: A0
Instruction:STA Addressing Mode:Absolute - Operand (Value: "0x00", Address: "0xA000")
Writing value 0x00 to address: 0xA000
0xA000: 0x00
Instruction cycle count set to 4
A |X |Y |SP |PC   |T/MT |NV-BDIZC |CYCLE
----------------------------------------
00|00|00|FE |0705 |1/4  |10100100 |17457
00|00|00|FE |0705 |2/4  |10100100 |17458
00|00|00|FE |0705 |3/4  |10100100 |17459
00|00|00|FE |0705 |4/4  |10100100 |17460


---------------
Opcode: 4A
Instruction:LSR Addressing Mode:Accumulator - Operand (Value: "0x00", Address: "None")
Instruction cycle count set to 2
A |X |Y |SP |PC   |T/MT |NV-BDIZC |CYCLE
----------------------------------------
00|00|00|FE |0706 |1/2  |00100110 |17461
00|00|00|FE |0706 |2/2  |00100110 |17462


---------------
Opcode: C9
ll: 02
Instruction:CMP Addressing Mode:Immediate - Operand (Value: "0x02", Address: "None")
Instruction cycle count set to 2
A |X |Y |SP |PC   |T/MT |NV-BDIZC |CYCLE
----------------------------------------
00|00|00|FE |0708 |1/2  |10100100 |17463
00|00|00|FE |0708 |2/2  |10100100 |17464


---------------
Opcode: D0
ll: F8
Old PC: 070A Offset:-8 New PC: 0702
Instruction:BNE Addressing Mode:Relative - Operand (Value: "None", Address: "0x0702")
Instruction cycle count set to 2
A |X |Y |SP |PC   |T/MT |NV-BDIZC |CYCLE
----------------------------------------
00|00|00|FE |0702 |1/3  |10100100 |17465
00|00|00|FE |0702 |2/3  |10100100 |17466
00|00|00|FE |0702 |3/3  |10100100 |17467


---------------
Opcode: 8D
ll: 00 hh: A0
Instruction:STA Addressing Mode:Absolute - Operand (Value: "0x00", Address: "0xA000")
Writing value 0x00 to address: 0xA000
0xA000: 0x00
Instruction cycle count set to 4
A |X |Y |SP |PC   |T/MT |NV-BDIZC |CYCLE
----------------------------------------
00|00|00|FE |0705 |1/4  |10100100 |17468
00|00|00|FE |0705 |2/4  |10100100 |17469
00|00|00|FE |0705 |3/4  |10100100 |17470
00|00|00|FE |0705 |4/4  |10100100 |17471


---------------
Opcode: 4A
Instruction:LSR Addressing Mode:Accumulator - Operand (Value: "0x00", Address: "None")
Instruction cycle count set to 2
A |X |Y |SP |PC   |T/MT |NV-BDIZC |CYCLE
----------------------------------------
00|00|00|FE |0706 |1/2  |00100110 |17472
00|00|00|FE |0706 |2/2  |00100110 |17473


---------------
Opcode: C9
ll: 02
Instruction:CMP Addressing Mode:Immediate - Operand (Value: "0x02", Address: "None")
Instruction cycle count set to 2
A |X |Y |SP |PC   |T/MT |NV-BDIZC |CYCLE
----------------------------------------
00|00|00|FE |0708 |1/2  |10100100 |17474
00|00|00|FE |0708 |2/2  |10100100 |17475


---------------
Opcode: D0
ll: F8
Old PC: 070A Offset:-8 New PC: 0702
Instruction:BNE Addressing Mode:Relative - Operand (Value: "None", Address: "0x0702")
Instruction cycle count set to 2
A |X |Y |SP |PC   |T/MT |NV-BDIZC |CYCLE
----------------------------------------
00|00|00|FE |0702 |1/3  |10100100 |17476
00|00|00|FE |0702 |2/3  |10100100 |17477
00|00|00|FE |0702 |3/3  |10100100 |17478


---------------
Opcode: 8D
ll: 00 hh: A0
Instruction:STA Addressing Mode:Absolute - Operand (Value: "0x00", Address: "0xA000")
Writing value 0x00 to address: 0xA000
0xA000: 0x00
Instruction cycle count set to 4
A |X |Y |SP |PC   |T/MT |NV-BDIZC |CYCLE
----------------------------------------
00|00|00|FE |0705 |1/4  |10100100 |17479
00|00|00|FE |0705 |2/4  |10100100 |17480
00|00|00|FE |0705 |3/4  |10100100 |17481
00|00|00|FE |0705 |4/4  |10100100 |17482


---------------
Opcode: 4A
Instruction:LSR Addressing Mode:Accumulator - Operand (Value: "0x00", Address: "None")
Instruction cycle count set to 2
A |X |Y |SP |PC   |T/MT |NV-BDIZC |CYCLE
----------------------------------------
00|00|00|FE |0706 |1/2  |00100110 |17483
00|00|00|FE |0706 |2/2  |00100110 |17484


---------------
Opcode: C9
ll: 02
Instruction:CMP Addressing Mode:Immediate - Operand (Value: "0x02", Address: "None")
Instruction cycle count set to 2
A |X |Y |SP |PC   |T/MT |NV-BDIZC |CYCLE
----------------------------------------
00|00|00|FE |0708 |1/2  |10100100 |17485
00|00|00|FE |0708 |2/2  |10100100 |17486


---------------
Opcode: D0
ll: F8
Old PC: 070A Offset:-8 New PC: 0702
Instruction:BNE Addressing Mode:Relative - Operand (Value: "None", Address: "0x0702")
Instruction cycle count set to 2
A |X |Y |SP |PC   |T/MT |NV-BDIZC |CYCLE
----------------------------------------
00|00|00|FE |0702 |1/3  |10100100 |17487
00|00|00|FE |0702 |2/3  |10100100 |17488
00|00|00|FE |0702 |3/3  |10100100 |17489


---------------
Opcode: 8D
ll: 00 hh: A0
Instruction:STA Addressing Mode:Absolute - Operand (Value: "0x00", Address: "0xA000")
Writing value 0x00 to address: 0xA000
0xA000: 0x00
Instruction cycle count set to 4
A |X |Y |SP |PC   |T/MT |NV-BDIZC |CYCLE
----------------------------------------
00|00|00|FE |0705 |1/4  |10100100 |17490
00|00|00|FE |0705 |2/4  |10100100 |17491
00|00|00|FE |0705 |3/4  |10100100 |17492
00|00|00|FE |0705 |4/4  |10100100 |17493


---------------
Opcode: 4A
Instruction:LSR Addressing Mode:Accumulator - Operand (Value: "0x00", Address: "None")
Instruction cycle count set to 2
A |X |Y |SP |PC   |T/MT |NV-BDIZC |CYCLE
----------------------------------------
00|00|00|FE |0706 |1/2  |00100110 |17494
00|00|00|FE |0706 |2/2  |00100110 |17495


---------------
Opcode: C9
ll: 02
Instruction:CMP Addressing Mode:Immediate - Operand (Value: "0x02", Address: "None")
Instruction cycle count set to 2
A |X |Y |SP |PC   |T/MT |NV-BDIZC |CYCLE
----------------------------------------
00|00|00|FE |0708 |1/2  |10100100 |17496
00|00|00|FE |0708 |2/2  |10100100 |17497


---------------
Opcode: D0
ll: F8
Old PC: 070A Offset:-8 New PC: 0702
Instruction:BNE Addressing Mode:Relative - Operand (Value: "None", Address: "0x0702")
Instruction cycle count set to 2
A |X |Y |SP |PC   |T/MT |NV-BDIZC |CYCLE
----------------------------------------
00|00|00|FE |0702 |1/3  |10100100 |17498
00|00|00|FE |0702 |2/3  |10100100 |17499
00|00|00|FE |0702 |3/3  |10100100 |17500


---------------
Opcode: 8D
ll: 00 hh: A0
Instruction:STA Addressing Mode:Absolute - Operand (Value: "0x00", Address: "0xA000")
Writing value 0x00 to address: 0xA000
0xA000: 0x00
Instruction cycle count set to 4
A |X |Y |SP |PC   |T/MT |NV-BDIZC |CYCLE
----------------------------------------
00|00|00|FE |0705 |1/4  |10100100 |17501
00|00|00|FE |0705 |2/4  |10100100 |17502
00|00|00|FE |0705 |3/4  |10100100 |17503
00|00|00|FE |0705 |4/4  |10100100 |17504


---------------
Opcode: 4A
Instruction:LSR Addressing Mode:Accumulator - Operand (Value: "0x00", Address: "None")
Instruction cycle count set to 2
A |X |Y |SP |PC   |T/MT |NV-BDIZC |CYCLE
----------------------------------------
00|00|00|FE |0706 |1/2  |00100110 |17505
00|00|00|FE |0706 |2/2  |00100110 |17506


---------------
Opcode: C9
ll: 02
Instruction:CMP Addressing Mode:Immediate - Operand (Value: "0x02", Address: "None")
Instruction cycle count set to 2
A |X |Y |SP |PC   |T/MT |NV-BDIZC |CYCLE
----------------------------------------
00|00|00|FE |0708 |1/2  |10100100 |17507
00|00|00|FE |0708 |2/2  |10100100 |17508


---------------
Opcode: D0
ll: F8
Old PC: 070A Offset:-8 New PC: 0702
Instruction:BNE Addressing Mode:Relative - Operand (Value: "None", Address: "0x0702")
Instruction cycle count set to 2
A |X |Y |SP |PC   |T/MT |NV-BDIZC |CYCLE
----------------------------------------
00|00|00|FE |0702 |1/3  |10100100 |17509
00|00|00|FE |0702 |2/3  |10100100 |17510
00|00|00|FE |0702 |3/3  |10100100 |17511


---------------
Opcode: 8D
ll: 00 hh: A0
Instruction:STA Addressing Mode:Absolute - Operand (Value: "0x00", Address: "0xA000")
Writing value 0x00 to address: 0xA000
0xA000: 0x00
Instruction cycle count set to 4
A |X |Y |SP |PC   |T/MT |NV-BDIZC |CYCLE
----------------------------------------
00|00|00|FE |0705 |1/4  |10100100 |17512
00|00|00|FE |0705 |2/4  |10100100 |17513
00|00|00|FE |0705 |3/4  |10100100 |17514
00|00|00|FE |0705 |4/4  |10100100 |17515


---------------
Opcode: 4A
Instruction:LSR Addressing Mode:Accumulator - Operand (Value: "0x00", Address: "None")
Instruction cycle count set to 2
A |X |Y |SP |PC   |T/MT |NV-BDIZC |CYCLE
----------------------------------------
00|00|00|FE |0706 |1/2  |00100110 |17516
00|00|00|FE |0706 |2/2  |00100110 |17517


---------------
Opcode: C9
ll: 02
Instruction:CMP Addressing Mode:Immediate - Operand (Value: "0x02", Address: "None")
Instruction cycle count set to 2
A |X |Y |SP |PC   |T/MT |NV-BDIZC |CYCLE
----------------------------------------
00|00|00|FE |0708 |1/2  |10100100 |17518
00|00|00|FE |0708 |2/2  |10100100 |17519


---------------
Opcode: D0
ll: F8
Old PC: 070A Offset:-8 New PC: 0702
Instruction:BNE Addressing Mode:Relative - Operand (Value: "None", Address: "0x0702")
Instruction cycle count set to 2
A |X |Y |SP |PC   |T/MT |NV-BDIZC |CYCLE
----------------------------------------
00|00|00|FE |0702 |1/3  |10100100 |17520
00|00|00|FE |0702 |2/3  |10100100 |17521
00|00|00|FE |0702 |3/3  |10100100 |17522


---------------
Opcode: 8D
ll: 00 hh: A0
Instruction:STA Addressing Mode:Absolute - Operand (Value: "0x00", Address: "0xA000")
Writing value 0x00 to address: 0xA000
0xA000: 0x00
Instruction cycle count set to 4
A |X |Y |SP |PC   |T/MT |NV-BDIZC |CYCLE
----------------------------------------
00|00|00|FE |0705 |1/4  |10100100 |17523
00|00|00|FE |0705 |2/4  |10100100 |17524
00|00|00|FE |0705 |3/4  |10100100 |17525
00|00|00|FE |0705 |4/4  |10100100 |17526


---------------
Opcode: 4A
Instruction:LSR Addressing Mode:Accumulator - Operand (Value: "0x00", Address: "None")
Instruction cycle count set to 2
A |X |Y |SP |PC   |T/MT |NV-BDIZC |CYCLE
----------------------------------------
00|00|00|FE |0706 |1/2  |00100110 |17527
00|00|00|FE |0706 |2/2  |00100110 |17528


---------------
Opcode: C9
ll: 02
Instruction:CMP Addressing Mode:Immediate - Operand (Value: "0x02", Address: "None")
Instruction cycle count set to 2
A |X |Y |SP |PC   |T/MT |NV-BDIZC |CYCLE
----------------------------------------
00|00|00|FE |0708 |1/2  |10100100 |17529
00|00|00|FE |0708 |2/2  |10100100 |17530


---------------
Opcode: D0
ll: F8
Old PC: 070A Offset:-8 New PC: 0702
Instruction:BNE Addressing Mode:Relative - Operand (Value: "None", Address: "0x0702")
Instruction cycle count set to 2
A |X |Y |SP |PC   |T/MT |NV-BDIZC |CYCLE
----------------------------------------
00|00|00|FE |0702 |1/3  |10100100 |17531
00|00|00|FE |0702 |2/3  |10100100 |17532
00|00|00|FE |0702 |3/3  |10100100 |17533


---------------
Opcode: 8D
ll: 00 hh: A0
Instruction:STA Addressing Mode:Absolute - Operand (Value: "0x00", Address: "0xA000")
Writing value 0x00 to address: 0xA000
0xA000: 0x00
Instruction cycle count set to 4
A |X |Y |SP |PC   |T/MT |NV-BDIZC |CYCLE
----------------------------------------
00|00|00|FE |0705 |1/4  |10100100 |17534
00|00|00|FE |0705 |2/4  |10100100 |17535
00|00|00|FE |0705 |3/4  |10100100 |17536
00|00|00|FE |0705 |4/4  |10100100 |17537


---------------
Opcode: 4A
Instruction:LSR Addressing Mode:Accumulator - Operand (Value: "0x00", Address: "None")
Instruction cycle count set to 2
A |X |Y |SP |PC   |T/MT |NV-BDIZC |CYCLE
----------------------------------------
00|00|00|FE |0706 |1/2  |00100110 |17538
00|00|00|FE |0706 |2/2  |00100110 |17539


---------------
Opcode: C9
ll: 02
Instruction:CMP Addressing Mode:Immediate - Operand (Value: "0x02", Address: "None")
Instruction cycle count set to 2
A |X |Y |SP |PC   |T/MT |NV-BDIZC |CYCLE
----------------------------------------
00|00|00|FE |0708 |1/2  |10100100 |17540
00|00|00|FE |0708 |2/2  |10100100 |17541


---------------
Opcode: D0
ll: F8
Old PC: 070A Offset:-8 New PC: 0702
Instruction:BNE Addressing Mode:Relative - Operand (Value: "None", Address: "0x0702")
Instruction cycle count set to 2
A |X |Y |SP |PC   |T/MT |NV-BDIZC |CYCLE
----------------------------------------
00|00|00|FE |0702 |1/3  |10100100 |17542
00|00|00|FE |0702 |2/3  |10100100 |17543
00|00|00|FE |0702 |3/3  |10100100 |17544


---------------
Opcode: 8D
ll: 00 hh: A0
Instruction:STA Addressing Mode:Absolute - Operand (Value: "0x00", Address: "0xA000")
Writing value 0x00 to address: 0xA000
0xA000: 0x00
Instruction cycle count set to 4
A |X |Y |SP |PC   |T/MT |NV-BDIZC |CYCLE
----------------------------------------
00|00|00|FE |0705 |1/4  |10100100 |17545
00|00|00|FE |0705 |2/4  |10100100 |17546
00|00|00|FE |0705 |3/4  |10100100 |17547
00|00|00|FE |0705 |4/4  |10100100 |17548


---------------
Opcode: 4A
Instruction:LSR Addressing Mode:Accumulator - Operand (Value: "0x00", Address: "None")
Instruction cycle count set to 2
A |X |Y |SP |PC   |T/MT |NV-BDIZC |CYCLE
----------------------------------------
00|00|00|FE |0706 |1/2  |00100110 |17549
00|00|00|FE |0706 |2/2  |00100110 |17550


---------------
Opcode: C9
ll: 02
Instruction:CMP Addressing Mode:Immediate - Operand (Value: "0x02", Address: "None")
Instruction cycle count set to 2
A |X |Y |SP |PC   |T/MT |NV-BDIZC |CYCLE
----------------------------------------
00|00|00|FE |0708 |1/2  |10100100 |17551
00|00|00|FE |0708 |2/2  |10100100 |17552


---------------
Opcode: D0
ll: F8
Old PC: 070A Offset:-8 New PC: 0702
Instruction:BNE Addressing Mode:Relative - Operand (Value: "None", Address: "0x0702")
Instruction cycle count set to 2
A |X |Y |SP |PC   |T/MT |NV-BDIZC |CYCLE
----------------------------------------
00|00|00|FE |0702 |1/3  |10100100 |17553
00|00|00|FE |0702 |2/3  |10100100 |17554
00|00|00|FE |0702 |3/3  |10100100 |17555


---------------
Opcode: 8D
ll: 00 hh: A0
Instruction:STA Addressing Mode:Absolute - Operand (Value: "0x00", Address: "0xA000")
Writing value 0x00 to address: 0xA000
0xA000: 0x00
Instruction cycle count set to 4
A |X |Y |SP |PC   |T/MT |NV-BDIZC |CYCLE
----------------------------------------
00|00|00|FE |0705 |1/4  |10100100 |17556
00|00|00|FE |0705 |2/4  |10100100 |17557
00|00|00|FE |0705 |3/4  |10100100 |17558
00|00|00|FE |0705 |4/4  |10100100 |17559


---------------
Opcode: 4A
Instruction:LSR Addressing Mode:Accumulator - Operand (Value: "0x00", Address: "None")
Instruction cycle count set to 2
A |X |Y |SP |PC   |T/MT |NV-BDIZC |CYCLE
----------------------------------------
00|00|00|FE |0706 |1/2  |00100110 |17560
00|00|00|FE |0706 |2/2  |00100110 |17561


---------------
Opcode: C9
ll: 02
Instruction:CMP Addressing Mode:Immediate - Operand (Value: "0x02", Address: "None")
Instruction cycle count set to 2
A |X |Y |SP |PC   |T/MT |NV-BDIZC |CYCLE
----------------------------------------
00|00|00|FE |0708 |1/2  |10100100 |17562
00|00|00|FE |0708 |2/2  |10100100 |17563


---------------
Opcode: D0
ll: F8
Old PC: 070A Offset:-8 New PC: 0702
Instruction:BNE Addressing Mode:Relative - Operand (Value: "None", Address: "0x0702")
Instruction cycle count set to 2
A |X |Y |SP |PC   |T/MT |NV-BDIZC |CYCLE
----------------------------------------
00|00|00|FE |0702 |1/3  |10100100 |17564
00|00|00|FE |0702 |2/3  |10100100 |17565
00|00|00|FE |0702 |3/3  |10100100 |17566


---------------
Opcode: 8D
ll: 00 hh: A0
Instruction:STA Addressing Mode:Absolute - Operand (Value: "0x00", Address: "0xA000")
Writing value 0x00 to address: 0xA000
0xA000: 0x00
Instruction cycle count set to 4
A |X |Y |SP |PC   |T/MT |NV-BDIZC |CYCLE
----------------------------------------
00|00|00|FE |0705 |1/4  |10100100 |17567
00|00|00|FE |0705 |2/4  |10100100 |17568
00|00|00|FE |0705 |3/4  |10100100 |17569
00|00|00|FE |0705 |4/4  |10100100 |17570


---------------
Opcode: 4A
Instruction:LSR Addressing Mode:Accumulator - Operand (Value: "0x00", Address: "None")
Instruction cycle count set to 2
A |X |Y |SP |PC   |T/MT |NV-BDIZC |CYCLE
----------------------------------------
00|00|00|FE |0706 |1/2  |00100110 |17571
00|00|00|FE |0706 |2/2  |00100110 |17572


---------------
Opcode: C9
ll: 02
Instruction:CMP Addressing Mode:Immediate - Operand (Value: "0x02", Address: "None")
Instruction cycle count set to 2
A |X |Y |SP |PC   |T/MT |NV-BDIZC |CYCLE
----------------------------------------
00|00|00|FE |0708 |1/2  |10100100 |17573
00|00|00|FE |0708 |2/2  |10100100 |17574


---------------
Opcode: D0
ll: F8
Old PC: 070A Offset:-8 New PC: 0702
Instruction:BNE Addressing Mode:Relative - Operand (Value: "None", Address: "0x0702")
Instruction cycle count set to 2
A |X |Y |SP |PC   |T/MT |NV-BDIZC |CYCLE
----------------------------------------
00|00|00|FE |0702 |1/3  |10100100 |17575
00|00|00|FE |0702 |2/3  |10100100 |17576
00|00|00|FE |0702 |3/3  |10100100 |17577


---------------
Opcode: 8D
ll: 00 hh: A0
Instruction:STA Addressing Mode:Absolute - Operand (Value: "0x00", Address: "0xA000")
Writing value 0x00 to address: 0xA000
0xA000: 0x00
Instruction cycle count set to 4
A |X |Y |SP |PC   |T/MT |NV-BDIZC |CYCLE
----------------------------------------
00|00|00|FE |0705 |1/4  |10100100 |17578
00|00|00|FE |0705 |2/4  |10100100 |17579
00|00|00|FE |0705 |3/4  |10100100 |17580
00|00|00|FE |0705 |4/4  |10100100 |17581


---------------
Opcode: 4A
Instruction:LSR Addressing Mode:Accumulator - Operand (Value: "0x00", Address: "None")
Instruction cycle count set to 2
A |X |Y |SP |PC   |T/MT |NV-BDIZC |CYCLE
----------------------------------------
00|00|00|FE |0706 |1/2  |00100110 |17582
00|00|00|FE |0706 |2/2  |00100110 |17583


---------------
Opcode: C9
ll: 02
Instruction:CMP Addressing Mode:Immediate - Operand (Value: "0x02", Address: "None")
Instruction cycle count set to 2
A |X |Y |SP |PC   |T/MT |NV-BDIZC |CYCLE
----------------------------------------
00|00|00|FE |0708 |1/2  |10100100 |17584
00|00|00|FE |0708 |2/2  |10100100 |17585


---------------
Opcode: D0
ll: F8
Old PC: 070A Offset:-8 New PC: 0702
Instruction:BNE Addressing Mode:Relative - Operand (Value: "None", Address: "0x0702")
Instruction cycle count set to 2
A |X |Y |SP |PC   |T/MT |NV-BDIZC |CYCLE
----------------------------------------
00|00|00|FE |0702 |1/3  |10100100 |17586
00|00|00|FE |0702 |2/3  |10100100 |17587
00|00|00|FE |0702 |3/3  |10100100 |17588


---------------
Opcode: 8D
ll: 00 hh: A0
Instruction:STA Addressing Mode:Absolute - Operand (Value: "0x00", Address: "0xA000")
Writing value 0x00 to address: 0xA000
0xA000: 0x00
Instruction cycle count set to 4
A |X |Y |SP |PC   |T/MT |NV-BDIZC |CYCLE
----------------------------------------
00|00|00|FE |0705 |1/4  |10100100 |17589
00|00|00|FE |0705 |2/4  |10100100 |17590
00|00|00|FE |0705 |3/4  |10100100 |17591
00|00|00|FE |0705 |4/4  |10100100 |17592


---------------
Opcode: 4A
Instruction:LSR Addressing Mode:Accumulator - Operand (Value: "0x00", Address: "None")
Instruction cycle count set to 2
A |X |Y |SP |PC   |T/MT |NV-BDIZC |CYCLE
----------------------------------------
00|00|00|FE |0706 |1/2  |00100110 |17593
00|00|00|FE |0706 |2/2  |00100110 |17594


---------------
Opcode: C9
ll: 02
Instruction:CMP Addressing Mode:Immediate - Operand (Value: "0x02", Address: "None")
Instruction cycle count set to 2
A |X |Y |SP |PC   |T/MT |NV-BDIZC |CYCLE
----------------------------------------
00|00|00|FE |0708 |1/2  |10100100 |17595
00|00|00|FE |0708 |2/2  |10100100 |17596


---------------
Opcode: D0
ll: F8
Old PC: 070A Offset:-8 New PC: 0702
Instruction:BNE Addressing Mode:Relative - Operand (Value: "None", Address: "0x0702")
Instruction cycle count set to 2
A |X |Y |SP |PC   |T/MT |NV-BDIZC |CYCLE
----------------------------------------
00|00|00|FE |0702 |1/3  |10100100 |17597
00|00|00|FE |0702 |2/3  |10100100 |17598
00|00|00|FE |0702 |3/3  |10100100 |17599


---------------
Opcode: 8D
ll: 00 hh: A0
Instruction:STA Addressing Mode:Absolute - Operand (Value: "0x00", Address: "0xA000")
Writing value 0x00 to address: 0xA000
0xA000: 0x00
Instruction cycle count set to 4
A |X |Y |SP |PC   |T/MT |NV-BDIZC |CYCLE
----------------------------------------
00|00|00|FE |0705 |1/4  |10100100 |17600
00|00|00|FE |0705 |2/4  |10100100 |17601
00|00|00|FE |0705 |3/4  |10100100 |17602
00|00|00|FE |0705 |4/4  |10100100 |17603


---------------
Opcode: 4A
Instruction:LSR Addressing Mode:Accumulator - Operand (Value: "0x00", Address: "None")
Instruction cycle count set to 2
A |X |Y |SP |PC   |T/MT |NV-BDIZC |CYCLE
----------------------------------------
00|00|00|FE |0706 |1/2  |00100110 |17604
00|00|00|FE |0706 |2/2  |00100110 |17605


---------------
Opcode: C9
ll: 02
Instruction:CMP Addressing Mode:Immediate - Operand (Value: "0x02", Address: "None")
Instruction cycle count set to 2
A |X |Y |SP |PC   |T/MT |NV-BDIZC |CYCLE
----------------------------------------
00|00|00|FE |0708 |1/2  |10100100 |17606
00|00|00|FE |0708 |2/2  |10100100 |17607


---------------
Opcode: D0
ll: F8
Old PC: 070A Offset:-8 New PC: 0702
Instruction:BNE Addressing Mode:Relative - Operand (Value: "None", Address: "0x0702")
Instruction cycle count set to 2
A |X |Y |SP |PC   |T/MT |NV-BDIZC |CYCLE
----------------------------------------
00|00|00|FE |0702 |1/3  |10100100 |17608
00|00|00|FE |0702 |2/3  |10100100 |17609
00|00|00|FE |0702 |3/3  |10100100 |17610


---------------
Opcode: 8D
ll: 00 hh: A0
Instruction:STA Addressing Mode:Absolute - Operand (Value: "0x00", Address: "0xA000")
Writing value 0x00 to address: 0xA000
0xA000: 0x00
Instruction cycle count set to 4
A |X |Y |SP |PC   |T/MT |NV-BDIZC |CYCLE
----------------------------------------
00|00|00|FE |0705 |1/4  |10100100 |17611
00|00|00|FE |0705 |2/4  |10100100 |17612
00|00|00|FE |0705 |3/4  |10100100 |17613
00|00|00|FE |0705 |4/4  |10100100 |17614


---------------
Opcode: 4A
Instruction:LSR Addressing Mode:Accumulator - Operand (Value: "0x00", Address: "None")
Instruction cycle count set to 2
A |X |Y |SP |PC   |T/MT |NV-BDIZC |CYCLE
----------------------------------------
00|00|00|FE |0706 |1/2  |00100110 |17615
00|00|00|FE |0706 |2/2  |00100110 |17616


---------------
Opcode: C9
ll: 02
Instruction:CMP Addressing Mode:Immediate - Operand (Value: "0x02", Address: "None")
Instruction cycle count set to 2
A |X |Y |SP |PC   |T/MT |NV-BDIZC |CYCLE
----------------------------------------
00|00|00|FE |0708 |1/2  |10100100 |17617
00|00|00|FE |0708 |2/2  |10100100 |17618


---------------
Opcode: D0
ll: F8
Old PC: 070A Offset:-8 New PC: 0702
Instruction:BNE Addressing Mode:Relative - Operand (Value: "None", Address: "0x0702")
Instruction cycle count set to 2
A |X |Y |SP |PC   |T/MT |NV-BDIZC |CYCLE
----------------------------------------
00|00|00|FE |0702 |1/3  |10100100 |17619
00|00|00|FE |0702 |2/3  |10100100 |17620
00|00|00|FE |0702 |3/3  |10100100 |17621


---------------
Opcode: 8D
ll: 00 hh: A0
Instruction:STA Addressing Mode:Absolute - Operand (Value: "0x00", Address: "0xA000")
Writing value 0x00 to address: 0xA000
0xA000: 0x00
Instruction cycle count set to 4
A |X |Y |SP |PC   |T/MT |NV-BDIZC |CYCLE
----------------------------------------
00|00|00|FE |0705 |1/4  |10100100 |17622
00|00|00|FE |0705 |2/4  |10100100 |17623
00|00|00|FE |0705 |3/4  |10100100 |17624
00|00|00|FE |0705 |4/4  |10100100 |17625


---------------
Opcode: 4A
Instruction:LSR Addressing Mode:Accumulator - Operand (Value: "0x00", Address: "None")
Instruction cycle count set to 2
A |X |Y |SP |PC   |T/MT |NV-BDIZC |CYCLE
----------------------------------------
00|00|00|FE |0706 |1/2  |00100110 |17626
00|00|00|FE |0706 |2/2  |00100110 |17627


---------------
Opcode: C9
ll: 02
Instruction:CMP Addressing Mode:Immediate - Operand (Value: "0x02", Address: "None")
Instruction cycle count set to 2
A |X |Y |SP |PC   |T/MT |NV-BDIZC |CYCLE
----------------------------------------
00|00|00|FE |0708 |1/2  |10100100 |17628
00|00|00|FE |0708 |2/2  |10100100 |17629


---------------
Opcode: D0
ll: F8
Old PC: 070A Offset:-8 New PC: 0702
Instruction:BNE Addressing Mode:Relative - Operand (Value: "None", Address: "0x0702")
Instruction cycle count set to 2
A |X |Y |SP |PC   |T/MT |NV-BDIZC |CYCLE
----------------------------------------
00|00|00|FE |0702 |1/3  |10100100 |17630
00|00|00|FE |0702 |2/3  |10100100 |17631
00|00|00|FE |0702 |3/3  |10100100 |17632


---------------
Opcode: 8D
ll: 00 hh: A0
Instruction:STA Addressing Mode:Absolute - Operand (Value: "0x00", Address: "0xA000")
Writing value 0x00 to address: 0xA000
0xA000: 0x00
Instruction cycle count set to 4
A |X |Y |SP |PC   |T/MT |NV-BDIZC |CYCLE
----------------------------------------
00|00|00|FE |0705 |1/4  |10100100 |17633
00|00|00|FE |0705 |2/4  |10100100 |17634
00|00|00|FE |0705 |3/4  |10100100 |17635
00|00|00|FE |0705 |4/4  |10100100 |17636


---------------
Opcode: 4A
Instruction:LSR Addressing Mode:Accumulator - Operand (Value: "0x00", Address: "None")
Instruction cycle count set to 2
A |X |Y |SP |PC   |T/MT |NV-BDIZC |CYCLE
----------------------------------------
00|00|00|FE |0706 |1/2  |00100110 |17637
00|00|00|FE |0706 |2/2  |00100110 |17638


---------------
Opcode: C9
ll: 02
Instruction:CMP Addressing Mode:Immediate - Operand (Value: "0x02", Address: "None")
Instruction cycle count set to 2
A |X |Y |SP |PC   |T/MT |NV-BDIZC |CYCLE
----------------------------------------
00|00|00|FE |0708 |1/2  |10100100 |17639
00|00|00|FE |0708 |2/2  |10100100 |17640


---------------
Opcode: D0
ll: F8
Old PC: 070A Offset:-8 New PC: 0702
Instruction:BNE Addressing Mode:Relative - Operand (Value: "None", Address: "0x0702")
Instruction cycle count set to 2
A |X |Y |SP |PC   |T/MT |NV-BDIZC |CYCLE
----------------------------------------
00|00|00|FE |0702 |1/3  |10100100 |17641
00|00|00|FE |0702 |2/3  |10100100 |17642
00|00|00|FE |0702 |3/3  |10100100 |17643


---------------
Opcode: 8D
ll: 00 hh: A0
Instruction:STA Addressing Mode:Absolute - Operand (Value: "0x00", Address: "0xA000")
Writing value 0x00 to address: 0xA000
0xA000: 0x00
Instruction cycle count set to 4
A |X |Y |SP |PC   |T/MT |NV-BDIZC |CYCLE
----------------------------------------
00|00|00|FE |0705 |1/4  |10100100 |17644
00|00|00|FE |0705 |2/4  |10100100 |17645
00|00|00|FE |0705 |3/4  |10100100 |17646
00|00|00|FE |0705 |4/4  |10100100 |17647


---------------
Opcode: 4A
Instruction:LSR Addressing Mode:Accumulator - Operand (Value: "0x00", Address: "None")
Instruction cycle count set to 2
A |X |Y |SP |PC   |T/MT |NV-BDIZC |CYCLE
----------------------------------------
00|00|00|FE |0706 |1/2  |00100110 |17648
00|00|00|FE |0706 |2/2  |00100110 |17649


---------------
Opcode: C9
ll: 02
Instruction:CMP Addressing Mode:Immediate - Operand (Value: "0x02", Address: "None")
Instruction cycle count set to 2
A |X |Y |SP |PC   |T/MT |NV-BDIZC |CYCLE
----------------------------------------
00|00|00|FE |0708 |1/2  |10100100 |17650
00|00|00|FE |0708 |2/2  |10100100 |17651


---------------
Opcode: D0
ll: F8
Old PC: 070A Offset:-8 New PC: 0702
Instruction:BNE Addressing Mode:Relative - Operand (Value: "None", Address: "0x0702")
Instruction cycle count set to 2
A |X |Y |SP |PC   |T/MT |NV-BDIZC |CYCLE
----------------------------------------
00|00|00|FE |0702 |1/3  |10100100 |17652
00|00|00|FE |0702 |2/3  |10100100 |17653
00|00|00|FE |0702 |3/3  |10100100 |17654


---------------
Opcode: 8D
ll: 00 hh: A0
Instruction:STA Addressing Mode:Absolute - Operand (Value: "0x00", Address: "0xA000")
Writing value 0x00 to address: 0xA000
0xA000: 0x00
Instruction cycle count set to 4
A |X |Y |SP |PC   |T/MT |NV-BDIZC |CYCLE
----------------------------------------
00|00|00|FE |0705 |1/4  |10100100 |17655
00|00|00|FE |0705 |2/4  |10100100 |17656
00|00|00|FE |0705 |3/4  |10100100 |17657
00|00|00|FE |0705 |4/4  |10100100 |17658


---------------
Opcode: 4A
Instruction:LSR Addressing Mode:Accumulator - Operand (Value: "0x00", Address: "None")
Instruction cycle count set to 2
A |X |Y |SP |PC   |T/MT |NV-BDIZC |CYCLE
----------------------------------------
00|00|00|FE |0706 |1/2  |00100110 |17659
00|00|00|FE |0706 |2/2  |00100110 |17660


---------------
Opcode: C9
ll: 02
Instruction:CMP Addressing Mode:Immediate - Operand (Value: "0x02", Address: "None")
Instruction cycle count set to 2
A |X |Y |SP |PC   |T/MT |NV-BDIZC |CYCLE
----------------------------------------
00|00|00|FE |0708 |1/2  |10100100 |17661
00|00|00|FE |0708 |2/2  |10100100 |17662


---------------
Opcode: D0
ll: F8
Old PC: 070A Offset:-8 New PC: 0702
Instruction:BNE Addressing Mode:Relative - Operand (Value: "None", Address: "0x0702")
Instruction cycle count set to 2
A |X |Y |SP |PC   |T/MT |NV-BDIZC |CYCLE
----------------------------------------
00|00|00|FE |0702 |1/3  |10100100 |17663
00|00|00|FE |0702 |2/3  |10100100 |17664
00|00|00|FE |0702 |3/3  |10100100 |17665


---------------
Opcode: 8D
ll: 00 hh: A0
Instruction:STA Addressing Mode:Absolute - Operand (Value: "0x00", Address: "0xA000")
Writing value 0x00 to address: 0xA000
0xA000: 0x00
Instruction cycle count set to 4
A |X |Y |SP |PC   |T/MT |NV-BDIZC |CYCLE
----------------------------------------
00|00|00|FE |0705 |1/4  |10100100 |17666
00|00|00|FE |0705 |2/4  |10100100 |17667
00|00|00|FE |0705 |3/4  |10100100 |17668
00|00|00|FE |0705 |4/4  |10100100 |17669


---------------
Opcode: 4A
Instruction:LSR Addressing Mode:Accumulator - Operand (Value: "0x00", Address: "None")
Instruction cycle count set to 2
A |X |Y |SP |PC   |T/MT |NV-BDIZC |CYCLE
----------------------------------------
00|00|00|FE |0706 |1/2  |00100110 |17670
00|00|00|FE |0706 |2/2  |00100110 |17671


---------------
Opcode: C9
ll: 02
Instruction:CMP Addressing Mode:Immediate - Operand (Value: "0x02", Address: "None")
Instruction cycle count set to 2
A |X |Y |SP |PC   |T/MT |NV-BDIZC |CYCLE
----------------------------------------
00|00|00|FE |0708 |1/2  |10100100 |17672
00|00|00|FE |0708 |2/2  |10100100 |17673


---------------
Opcode: D0
ll: F8
Old PC: 070A Offset:-8 New PC: 0702
Instruction:BNE Addressing Mode:Relative - Operand (Value: "None", Address: "0x0702")
Instruction cycle count set to 2
A |X |Y |SP |PC   |T/MT |NV-BDIZC |CYCLE
----------------------------------------
00|00|00|FE |0702 |1/3  |10100100 |17674
00|00|00|FE |0702 |2/3  |10100100 |17675
00|00|00|FE |0702 |3/3  |10100100 |17676


---------------
Opcode: 8D
ll: 00 hh: A0
Instruction:STA Addressing Mode:Absolute - Operand (Value: "0x00", Address: "0xA000")
Writing value 0x00 to address: 0xA000
0xA000: 0x00
Instruction cycle count set to 4
A |X |Y |SP |PC   |T/MT |NV-BDIZC |CYCLE
----------------------------------------
00|00|00|FE |0705 |1/4  |10100100 |17677
00|00|00|FE |0705 |2/4  |10100100 |17678
00|00|00|FE |0705 |3/4  |10100100 |17679
00|00|00|FE |0705 |4/4  |10100100 |17680


---------------
Opcode: 4A
Instruction:LSR Addressing Mode:Accumulator - Operand (Value: "0x00", Address: "None")
Instruction cycle count set to 2
A |X |Y |SP |PC   |T/MT |NV-BDIZC |CYCLE
----------------------------------------
00|00|00|FE |0706 |1/2  |00100110 |17681
00|00|00|FE |0706 |2/2  |00100110 |17682


---------------
Opcode: C9
ll: 02
Instruction:CMP Addressing Mode:Immediate - Operand (Value: "0x02", Address: "None")
Instruction cycle count set to 2
A |X |Y |SP |PC   |T/MT |NV-BDIZC |CYCLE
----------------------------------------
00|00|00|FE |0708 |1/2  |10100100 |17683
00|00|00|FE |0708 |2/2  |10100100 |17684


---------------
Opcode: D0
ll: F8
Old PC: 070A Offset:-8 New PC: 0702
Instruction:BNE Addressing Mode:Relative - Operand (Value: "None", Address: "0x0702")
Instruction cycle count set to 2
A |X |Y |SP |PC   |T/MT |NV-BDIZC |CYCLE
----------------------------------------
00|00|00|FE |0702 |1/3  |10100100 |17685
00|00|00|FE |0702 |2/3  |10100100 |17686
00|00|00|FE |0702 |3/3  |10100100 |17687


---------------
Opcode: 8D
ll: 00 hh: A0
Instruction:STA Addressing Mode:Absolute - Operand (Value: "0x00", Address: "0xA000")
Writing value 0x00 to address: 0xA000
0xA000: 0x00
Instruction cycle count set to 4
A |X |Y |SP |PC   |T/MT |NV-BDIZC |CYCLE
----------------------------------------
00|00|00|FE |0705 |1/4  |10100100 |17688
00|00|00|FE |0705 |2/4  |10100100 |17689
00|00|00|FE |0705 |3/4  |10100100 |17690
00|00|00|FE |0705 |4/4  |10100100 |17691


---------------
Opcode: 4A
Instruction:LSR Addressing Mode:Accumulator - Operand (Value: "0x00", Address: "None")
Instruction cycle count set to 2
A |X |Y |SP |PC   |T/MT |NV-BDIZC |CYCLE
----------------------------------------
00|00|00|FE |0706 |1/2  |00100110 |17692
00|00|00|FE |0706 |2/2  |00100110 |17693


---------------
Opcode: C9
ll: 02
Instruction:CMP Addressing Mode:Immediate - Operand (Value: "0x02", Address: "None")
Instruction cycle count set to 2
A |X |Y |SP |PC   |T/MT |NV-BDIZC |CYCLE
----------------------------------------
00|00|00|FE |0708 |1/2  |10100100 |17694
00|00|00|FE |0708 |2/2  |10100100 |17695


---------------
Opcode: D0
ll: F8
Old PC: 070A Offset:-8 New PC: 0702
Instruction:BNE Addressing Mode:Relative - Operand (Value: "None", Address: "0x0702")
Instruction cycle count set to 2
A |X |Y |SP |PC   |T/MT |NV-BDIZC |CYCLE
----------------------------------------
00|00|00|FE |0702 |1/3  |10100100 |17696
00|00|00|FE |0702 |2/3  |10100100 |17697
00|00|00|FE |0702 |3/3  |10100100 |17698


---------------
Opcode: 8D
ll: 00 hh: A0
Instruction:STA Addressing Mode:Absolute - Operand (Value: "0x00", Address: "0xA000")
Writing value 0x00 to address: 0xA000
0xA000: 0x00
Instruction cycle count set to 4
A |X |Y |SP |PC   |T/MT |NV-BDIZC |CYCLE
----------------------------------------
00|00|00|FE |0705 |1/4  |10100100 |17699
00|00|00|FE |0705 |2/4  |10100100 |17700
00|00|00|FE |0705 |3/4  |10100100 |17701
00|00|00|FE |0705 |4/4  |10100100 |17702


---------------
Opcode: 4A
Instruction:LSR Addressing Mode:Accumulator - Operand (Value: "0x00", Address: "None")
Instruction cycle count set to 2
A |X |Y |SP |PC   |T/MT |NV-BDIZC |CYCLE
----------------------------------------
00|00|00|FE |0706 |1/2  |00100110 |17703
00|00|00|FE |0706 |2/2  |00100110 |17704


---------------
Opcode: C9
ll: 02
Instruction:CMP Addressing Mode:Immediate - Operand (Value: "0x02", Address: "None")
Instruction cycle count set to 2
A |X |Y |SP |PC   |T/MT |NV-BDIZC |CYCLE
----------------------------------------
00|00|00|FE |0708 |1/2  |10100100 |17705
00|00|00|FE |0708 |2/2  |10100100 |17706


---------------
Opcode: D0
ll: F8
Old PC: 070A Offset:-8 New PC: 0702
Instruction:BNE Addressing Mode:Relative - Operand (Value: "None", Address: "0x0702")
Instruction cycle count set to 2
A |X |Y |SP |PC   |T/MT |NV-BDIZC |CYCLE
----------------------------------------
00|00|00|FE |0702 |1/3  |10100100 |17707
00|00|00|FE |0702 |2/3  |10100100 |17708
00|00|00|FE |0702 |3/3  |10100100 |17709


---------------
Opcode: 8D
ll: 00 hh: A0
Instruction:STA Addressing Mode:Absolute - Operand (Value: "0x00", Address: "0xA000")
Writing value 0x00 to address: 0xA000
0xA000: 0x00
Instruction cycle count set to 4
A |X |Y |SP |PC   |T/MT |NV-BDIZC |CYCLE
----------------------------------------
00|00|00|FE |0705 |1/4  |10100100 |17710
00|00|00|FE |0705 |2/4  |10100100 |17711
00|00|00|FE |0705 |3/4  |10100100 |17712
00|00|00|FE |0705 |4/4  |10100100 |17713


---------------
Opcode: 4A
Instruction:LSR Addressing Mode:Accumulator - Operand (Value: "0x00", Address: "None")
Instruction cycle count set to 2
A |X |Y |SP |PC   |T/MT |NV-BDIZC |CYCLE
----------------------------------------
00|00|00|FE |0706 |1/2  |00100110 |17714
00|00|00|FE |0706 |2/2  |00100110 |17715


---------------
Opcode: C9
ll: 02
Instruction:CMP Addressing Mode:Immediate - Operand (Value: "0x02", Address: "None")
Instruction cycle count set to 2
A |X |Y |SP |PC   |T/MT |NV-BDIZC |CYCLE
----------------------------------------
00|00|00|FE |0708 |1/2  |10100100 |17716
00|00|00|FE |0708 |2/2  |10100100 |17717


---------------
Opcode: D0
ll: F8
Old PC: 070A Offset:-8 New PC: 0702
Instruction:BNE Addressing Mode:Relative - Operand (Value: "None", Address: "0x0702")
Instruction cycle count set to 2
A |X |Y |SP |PC   |T/MT |NV-BDIZC |CYCLE
----------------------------------------
00|00|00|FE |0702 |1/3  |10100100 |17718
00|00|00|FE |0702 |2/3  |10100100 |17719
00|00|00|FE |0702 |3/3  |10100100 |17720


---------------
Opcode: 8D
ll: 00 hh: A0
Instruction:STA Addressing Mode:Absolute - Operand (Value: "0x00", Address: "0xA000")
Writing value 0x00 to address: 0xA000
0xA000: 0x00
Instruction cycle count set to 4
A |X |Y |SP |PC   |T/MT |NV-BDIZC |CYCLE
----------------------------------------
00|00|00|FE |0705 |1/4  |10100100 |17721
00|00|00|FE |0705 |2/4  |10100100 |17722
00|00|00|FE |0705 |3/4  |10100100 |17723
00|00|00|FE |0705 |4/4  |10100100 |17724


---------------
Opcode: 4A
Instruction:LSR Addressing Mode:Accumulator - Operand (Value: "0x00", Address: "None")
Instruction cycle count set to 2
A |X |Y |SP |PC   |T/MT |NV-BDIZC |CYCLE
----------------------------------------
00|00|00|FE |0706 |1/2  |00100110 |17725
00|00|00|FE |0706 |2/2  |00100110 |17726


---------------
Opcode: C9
ll: 02
Instruction:CMP Addressing Mode:Immediate - Operand (Value: "0x02", Address: "None")
Instruction cycle count set to 2
A |X |Y |SP |PC   |T/MT |NV-BDIZC |CYCLE
----------------------------------------
00|00|00|FE |0708 |1/2  |10100100 |17727
00|00|00|FE |0708 |2/2  |10100100 |17728


---------------
Opcode: D0
ll: F8
Old PC: 070A Offset:-8 New PC: 0702
Instruction:BNE Addressing Mode:Relative - Operand (Value: "None", Address: "0x0702")
Instruction cycle count set to 2
A |X |Y |SP |PC   |T/MT |NV-BDIZC |CYCLE
----------------------------------------
00|00|00|FE |0702 |1/3  |10100100 |17729
00|00|00|FE |0702 |2/3  |10100100 |17730
00|00|00|FE |0702 |3/3  |10100100 |17731


---------------
Opcode: 8D
ll: 00 hh: A0
Instruction:STA Addressing Mode:Absolute - Operand (Value: "0x00", Address: "0xA000")
Writing value 0x00 to address: 0xA000
0xA000: 0x00
Instruction cycle count set to 4
A |X |Y |SP |PC   |T/MT |NV-BDIZC |CYCLE
----------------------------------------
00|00|00|FE |0705 |1/4  |10100100 |17732
00|00|00|FE |0705 |2/4  |10100100 |17733
00|00|00|FE |0705 |3/4  |10100100 |17734
00|00|00|FE |0705 |4/4  |10100100 |17735


---------------
Opcode: 4A
Instruction:LSR Addressing Mode:Accumulator - Operand (Value: "0x00", Address: "None")
Instruction cycle count set to 2
A |X |Y |SP |PC   |T/MT |NV-BDIZC |CYCLE
----------------------------------------
00|00|00|FE |0706 |1/2  |00100110 |17736
00|00|00|FE |0706 |2/2  |00100110 |17737


---------------
Opcode: C9
ll: 02
Instruction:CMP Addressing Mode:Immediate - Operand (Value: "0x02", Address: "None")
Instruction cycle count set to 2
A |X |Y |SP |PC   |T/MT |NV-BDIZC |CYCLE
----------------------------------------
00|00|00|FE |0708 |1/2  |10100100 |17738
00|00|00|FE |0708 |2/2  |10100100 |17739


---------------
Opcode: D0
ll: F8
Old PC: 070A Offset:-8 New PC: 0702
Instruction:BNE Addressing Mode:Relative - Operand (Value: "None", Address: "0x0702")
Instruction cycle count set to 2
A |X |Y |SP |PC   |T/MT |NV-BDIZC |CYCLE
----------------------------------------
00|00|00|FE |0702 |1/3  |10100100 |17740
00|00|00|FE |0702 |2/3  |10100100 |17741
00|00|00|FE |0702 |3/3  |10100100 |17742


---------------
Opcode: 8D
ll: 00 hh: A0
Instruction:STA Addressing Mode:Absolute - Operand (Value: "0x00", Address: "0xA000")
Writing value 0x00 to address: 0xA000
0xA000: 0x00
Instruction cycle count set to 4
A |X |Y |SP |PC   |T/MT |NV-BDIZC |CYCLE
----------------------------------------
00|00|00|FE |0705 |1/4  |10100100 |17743
00|00|00|FE |0705 |2/4  |10100100 |17744
00|00|00|FE |0705 |3/4  |10100100 |17745
00|00|00|FE |0705 |4/4  |10100100 |17746


---------------
Opcode: 4A
Instruction:LSR Addressing Mode:Accumulator - Operand (Value: "0x00", Address: "None")
Instruction cycle count set to 2
A |X |Y |SP |PC   |T/MT |NV-BDIZC |CYCLE
----------------------------------------
00|00|00|FE |0706 |1/2  |00100110 |17747
00|00|00|FE |0706 |2/2  |00100110 |17748


---------------
Opcode: C9
ll: 02
Instruction:CMP Addressing Mode:Immediate - Operand (Value: "0x02", Address: "None")
Instruction cycle count set to 2
A |X |Y |SP |PC   |T/MT |NV-BDIZC |CYCLE
----------------------------------------
00|00|00|FE |0708 |1/2  |10100100 |17749
00|00|00|FE |0708 |2/2  |10100100 |17750


---------------
Opcode: D0
ll: F8
Old PC: 070A Offset:-8 New PC: 0702
Instruction:BNE Addressing Mode:Relative - Operand (Value: "None", Address: "0x0702")
Instruction cycle count set to 2
A |X |Y |SP |PC   |T/MT |NV-BDIZC |CYCLE
----------------------------------------
00|00|00|FE |0702 |1/3  |10100100 |17751
00|00|00|FE |0702 |2/3  |10100100 |17752
00|00|00|FE |0702 |3/3  |10100100 |17753


---------------
Opcode: 8D
ll: 00 hh: A0
Instruction:STA Addressing Mode:Absolute - Operand (Value: "0x00", Address: "0xA000")
Writing value 0x00 to address: 0xA000
0xA000: 0x00
Instruction cycle count set to 4
A |X |Y |SP |PC   |T/MT |NV-BDIZC |CYCLE
----------------------------------------
00|00|00|FE |0705 |1/4  |10100100 |17754
00|00|00|FE |0705 |2/4  |10100100 |17755
00|00|00|FE |0705 |3/4  |10100100 |17756
00|00|00|FE |0705 |4/4  |10100100 |17757


---------------
Opcode: 4A
Instruction:LSR Addressing Mode:Accumulator - Operand (Value: "0x00", Address: "None")
Instruction cycle count set to 2
A |X |Y |SP |PC   |T/MT |NV-BDIZC |CYCLE
----------------------------------------
00|00|00|FE |0706 |1/2  |00100110 |17758
00|00|00|FE |0706 |2/2  |00100110 |17759


---------------
Opcode: C9
ll: 02
Instruction:CMP Addressing Mode:Immediate - Operand (Value: "0x02", Address: "None")
Instruction cycle count set to 2
A |X |Y |SP |PC   |T/MT |NV-BDIZC |CYCLE
----------------------------------------
00|00|00|FE |0708 |1/2  |10100100 |17760
00|00|00|FE |0708 |2/2  |10100100 |17761


---------------
Opcode: D0
ll: F8
Old PC: 070A Offset:-8 New PC: 0702
Instruction:BNE Addressing Mode:Relative - Operand (Value: "None", Address: "0x0702")
Instruction cycle count set to 2
A |X |Y |SP |PC   |T/MT |NV-BDIZC |CYCLE
----------------------------------------
00|00|00|FE |0702 |1/3  |10100100 |17762
00|00|00|FE |0702 |2/3  |10100100 |17763
00|00|00|FE |0702 |3/3  |10100100 |17764


---------------
Opcode: 8D
ll: 00 hh: A0
Instruction:STA Addressing Mode:Absolute - Operand (Value: "0x00", Address: "0xA000")
Writing value 0x00 to address: 0xA000
0xA000: 0x00
Instruction cycle count set to 4
A |X |Y |SP |PC   |T/MT |NV-BDIZC |CYCLE
----------------------------------------
00|00|00|FE |0705 |1/4  |10100100 |17765
00|00|00|FE |0705 |2/4  |10100100 |17766
00|00|00|FE |0705 |3/4  |10100100 |17767
00|00|00|FE |0705 |4/4  |10100100 |17768


---------------
Opcode: 4A
Instruction:LSR Addressing Mode:Accumulator - Operand (Value: "0x00", Address: "None")
Instruction cycle count set to 2
A |X |Y |SP |PC   |T/MT |NV-BDIZC |CYCLE
----------------------------------------
00|00|00|FE |0706 |1/2  |00100110 |17769
00|00|00|FE |0706 |2/2  |00100110 |17770


---------------
Opcode: C9
ll: 02
Instruction:CMP Addressing Mode:Immediate - Operand (Value: "0x02", Address: "None")
Instruction cycle count set to 2
A |X |Y |SP |PC   |T/MT |NV-BDIZC |CYCLE
----------------------------------------
00|00|00|FE |0708 |1/2  |10100100 |17771
00|00|00|FE |0708 |2/2  |10100100 |17772


---------------
Opcode: D0
ll: F8
Old PC: 070A Offset:-8 New PC: 0702
Instruction:BNE Addressing Mode:Relative - Operand (Value: "None", Address: "0x0702")
Instruction cycle count set to 2
A |X |Y |SP |PC   |T/MT |NV-BDIZC |CYCLE
----------------------------------------
00|00|00|FE |0702 |1/3  |10100100 |17773
00|00|00|FE |0702 |2/3  |10100100 |17774
00|00|00|FE |0702 |3/3  |10100100 |17775


---------------
Opcode: 8D
ll: 00 hh: A0
Instruction:STA Addressing Mode:Absolute - Operand (Value: "0x00", Address: "0xA000")
Writing value 0x00 to address: 0xA000
0xA000: 0x00
Instruction cycle count set to 4
A |X |Y |SP |PC   |T/MT |NV-BDIZC |CYCLE
----------------------------------------
00|00|00|FE |0705 |1/4  |10100100 |17776
00|00|00|FE |0705 |2/4  |10100100 |17777
00|00|00|FE |0705 |3/4  |10100100 |17778
00|00|00|FE |0705 |4/4  |10100100 |17779


---------------
Opcode: 4A
Instruction:LSR Addressing Mode:Accumulator - Operand (Value: "0x00", Address: "None")
Instruction cycle count set to 2
A |X |Y |SP |PC   |T/MT |NV-BDIZC |CYCLE
----------------------------------------
00|00|00|FE |0706 |1/2  |00100110 |17780
00|00|00|FE |0706 |2/2  |00100110 |17781


---------------
Opcode: C9
ll: 02
Instruction:CMP Addressing Mode:Immediate - Operand (Value: "0x02", Address: "None")
Instruction cycle count set to 2
A |X |Y |SP |PC   |T/MT |NV-BDIZC |CYCLE
----------------------------------------
00|00|00|FE |0708 |1/2  |10100100 |17782
00|00|00|FE |0708 |2/2  |10100100 |17783


---------------
Opcode: D0
ll: F8
Old PC: 070A Offset:-8 New PC: 0702
Instruction:BNE Addressing Mode:Relative - Operand (Value: "None", Address: "0x0702")
Instruction cycle count set to 2
A |X |Y |SP |PC   |T/MT |NV-BDIZC |CYCLE
----------------------------------------
00|00|00|FE |0702 |1/3  |10100100 |17784
00|00|00|FE |0702 |2/3  |10100100 |17785
00|00|00|FE |0702 |3/3  |10100100 |17786


---------------
Opcode: 8D
ll: 00 hh: A0
Instruction:STA Addressing Mode:Absolute - Operand (Value: "0x00", Address: "0xA000")
Writing value 0x00 to address: 0xA000
0xA000: 0x00
Instruction cycle count set to 4
A |X |Y |SP |PC   |T/MT |NV-BDIZC |CYCLE
----------------------------------------
00|00|00|FE |0705 |1/4  |10100100 |17787
00|00|00|FE |0705 |2/4  |10100100 |17788
00|00|00|FE |0705 |3/4  |10100100 |17789
00|00|00|FE |0705 |4/4  |10100100 |17790


---------------
Opcode: 4A
Instruction:LSR Addressing Mode:Accumulator - Operand (Value: "0x00", Address: "None")
Instruction cycle count set to 2
A |X |Y |SP |PC   |T/MT |NV-BDIZC |CYCLE
----------------------------------------
00|00|00|FE |0706 |1/2  |00100110 |17791
00|00|00|FE |0706 |2/2  |00100110 |17792


---------------
Opcode: C9
ll: 02
Instruction:CMP Addressing Mode:Immediate - Operand (Value: "0x02", Address: "None")
Instruction cycle count set to 2
A |X |Y |SP |PC   |T/MT |NV-BDIZC |CYCLE
----------------------------------------
00|00|00|FE |0708 |1/2  |10100100 |17793
00|00|00|FE |0708 |2/2  |10100100 |17794


---------------
Opcode: D0
ll: F8
Old PC: 070A Offset:-8 New PC: 0702
Instruction:BNE Addressing Mode:Relative - Operand (Value: "None", Address: "0x0702")
Instruction cycle count set to 2
A |X |Y |SP |PC   |T/MT |NV-BDIZC |CYCLE
----------------------------------------
00|00|00|FE |0702 |1/3  |10100100 |17795
00|00|00|FE |0702 |2/3  |10100100 |17796
00|00|00|FE |0702 |3/3  |10100100 |17797


---------------
Opcode: 8D
ll: 00 hh: A0
Instruction:STA Addressing Mode:Absolute - Operand (Value: "0x00", Address: "0xA000")
Writing value 0x00 to address: 0xA000
0xA000: 0x00
Instruction cycle count set to 4
A |X |Y |SP |PC   |T/MT |NV-BDIZC |CYCLE
----------------------------------------
00|00|00|FE |0705 |1/4  |10100100 |17798
00|00|00|FE |0705 |2/4  |10100100 |17799
00|00|00|FE |0705 |3/4  |10100100 |17800
00|00|00|FE |0705 |4/4  |10100100 |17801


---------------
Opcode: 4A
Instruction:LSR Addressing Mode:Accumulator - Operand (Value: "0x00", Address: "None")
Instruction cycle count set to 2
A |X |Y |SP |PC   |T/MT |NV-BDIZC |CYCLE
----------------------------------------
00|00|00|FE |0706 |1/2  |00100110 |17802
00|00|00|FE |0706 |2/2  |00100110 |17803


---------------
Opcode: C9
ll: 02
Instruction:CMP Addressing Mode:Immediate - Operand (Value: "0x02", Address: "None")
Instruction cycle count set to 2
A |X |Y |SP |PC   |T/MT |NV-BDIZC |CYCLE
----------------------------------------
00|00|00|FE |0708 |1/2  |10100100 |17804
00|00|00|FE |0708 |2/2  |10100100 |17805


---------------
Opcode: D0
ll: F8
Old PC: 070A Offset:-8 New PC: 0702
Instruction:BNE Addressing Mode:Relative - Operand (Value: "None", Address: "0x0702")
Instruction cycle count set to 2
A |X |Y |SP |PC   |T/MT |NV-BDIZC |CYCLE
----------------------------------------
00|00|00|FE |0702 |1/3  |10100100 |17806
00|00|00|FE |0702 |2/3  |10100100 |17807
00|00|00|FE |0702 |3/3  |10100100 |17808


---------------
Opcode: 8D
ll: 00 hh: A0
Instruction:STA Addressing Mode:Absolute - Operand (Value: "0x00", Address: "0xA000")
Writing value 0x00 to address: 0xA000
0xA000: 0x00
Instruction cycle count set to 4
A |X |Y |SP |PC   |T/MT |NV-BDIZC |CYCLE
----------------------------------------
00|00|00|FE |0705 |1/4  |10100100 |17809
00|00|00|FE |0705 |2/4  |10100100 |17810
00|00|00|FE |0705 |3/4  |10100100 |17811
00|00|00|FE |0705 |4/4  |10100100 |17812


---------------
Opcode: 4A
Instruction:LSR Addressing Mode:Accumulator - Operand (Value: "0x00", Address: "None")
Instruction cycle count set to 2
A |X |Y |SP |PC   |T/MT |NV-BDIZC |CYCLE
----------------------------------------
00|00|00|FE |0706 |1/2  |00100110 |17813
00|00|00|FE |0706 |2/2  |00100110 |17814


---------------
Opcode: C9
ll: 02
Instruction:CMP Addressing Mode:Immediate - Operand (Value: "0x02", Address: "None")
Instruction cycle count set to 2
A |X |Y |SP |PC   |T/MT |NV-BDIZC |CYCLE
----------------------------------------
00|00|00|FE |0708 |1/2  |10100100 |17815
00|00|00|FE |0708 |2/2  |10100100 |17816


---------------
Opcode: D0
ll: F8
Old PC: 070A Offset:-8 New PC: 0702
Instruction:BNE Addressing Mode:Relative - Operand (Value: "None", Address: "0x0702")
Instruction cycle count set to 2
A |X |Y |SP |PC   |T/MT |NV-BDIZC |CYCLE
----------------------------------------
00|00|00|FE |0702 |1/3  |10100100 |17817
00|00|00|FE |0702 |2/3  |10100100 |17818
00|00|00|FE |0702 |3/3  |10100100 |17819


---------------
Opcode: 8D
ll: 00 hh: A0
Instruction:STA Addressing Mode:Absolute - Operand (Value: "0x00", Address: "0xA000")
Writing value 0x00 to address: 0xA000
0xA000: 0x00
Instruction cycle count set to 4
A |X |Y |SP |PC   |T/MT |NV-BDIZC |CYCLE
----------------------------------------
00|00|00|FE |0705 |1/4  |10100100 |17820
00|00|00|FE |0705 |2/4  |10100100 |17821
00|00|00|FE |0705 |3/4  |10100100 |17822
00|00|00|FE |0705 |4/4  |10100100 |17823


---------------
Opcode: 4A
Instruction:LSR Addressing Mode:Accumulator - Operand (Value: "0x00", Address: "None")
Instruction cycle count set to 2
A |X |Y |SP |PC   |T/MT |NV-BDIZC |CYCLE
----------------------------------------
00|00|00|FE |0706 |1/2  |00100110 |17824
00|00|00|FE |0706 |2/2  |00100110 |17825


---------------
Opcode: C9
ll: 02
Instruction:CMP Addressing Mode:Immediate - Operand (Value: "0x02", Address: "None")
Instruction cycle count set to 2
A |X |Y |SP |PC   |T/MT |NV-BDIZC |CYCLE
----------------------------------------
00|00|00|FE |0708 |1/2  |10100100 |17826
00|00|00|FE |0708 |2/2  |10100100 |17827


---------------
Opcode: D0
ll: F8
Old PC: 070A Offset:-8 New PC: 0702
Instruction:BNE Addressing Mode:Relative - Operand (Value: "None", Address: "0x0702")
Instruction cycle count set to 2
A |X |Y |SP |PC   |T/MT |NV-BDIZC |CYCLE
----------------------------------------
00|00|00|FE |0702 |1/3  |10100100 |17828
00|00|00|FE |0702 |2/3  |10100100 |17829
00|00|00|FE |0702 |3/3  |10100100 |17830


---------------
Opcode: 8D
ll: 00 hh: A0
Instruction:STA Addressing Mode:Absolute - Operand (Value: "0x00", Address: "0xA000")
Writing value 0x00 to address: 0xA000
0xA000: 0x00
Instruction cycle count set to 4
A |X |Y |SP |PC   |T/MT |NV-BDIZC |CYCLE
----------------------------------------
00|00|00|FE |0705 |1/4  |10100100 |17831
00|00|00|FE |0705 |2/4  |10100100 |17832
00|00|00|FE |0705 |3/4  |10100100 |17833
00|00|00|FE |0705 |4/4  |10100100 |17834


---------------
Opcode: 4A
Instruction:LSR Addressing Mode:Accumulator - Operand (Value: "0x00", Address: "None")
Instruction cycle count set to 2
A |X |Y |SP |PC   |T/MT |NV-BDIZC |CYCLE
----------------------------------------
00|00|00|FE |0706 |1/2  |00100110 |17835
00|00|00|FE |0706 |2/2  |00100110 |17836


---------------
Opcode: C9
ll: 02
Instruction:CMP Addressing Mode:Immediate - Operand (Value: "0x02", Address: "None")
Instruction cycle count set to 2
A |X |Y |SP |PC   |T/MT |NV-BDIZC |CYCLE
----------------------------------------
00|00|00|FE |0708 |1/2  |10100100 |17837
00|00|00|FE |0708 |2/2  |10100100 |17838


---------------
Opcode: D0
ll: F8
Old PC: 070A Offset:-8 New PC: 0702
Instruction:BNE Addressing Mode:Relative - Operand (Value: "None", Address: "0x0702")
Instruction cycle count set to 2
A |X |Y |SP |PC   |T/MT |NV-BDIZC |CYCLE
----------------------------------------
00|00|00|FE |0702 |1/3  |10100100 |17839
00|00|00|FE |0702 |2/3  |10100100 |17840
00|00|00|FE |0702 |3/3  |10100100 |17841


---------------
Opcode: 8D
ll: 00 hh: A0
Instruction:STA Addressing Mode:Absolute - Operand (Value: "0x00", Address: "0xA000")
Writing value 0x00 to address: 0xA000
0xA000: 0x00
Instruction cycle count set to 4
A |X |Y |SP |PC   |T/MT |NV-BDIZC |CYCLE
----------------------------------------
00|00|00|FE |0705 |1/4  |10100100 |17842
00|00|00|FE |0705 |2/4  |10100100 |17843
00|00|00|FE |0705 |3/4  |10100100 |17844
00|00|00|FE |0705 |4/4  |10100100 |17845


---------------
Opcode: 4A
Instruction:LSR Addressing Mode:Accumulator - Operand (Value: "0x00", Address: "None")
Instruction cycle count set to 2
A |X |Y |SP |PC   |T/MT |NV-BDIZC |CYCLE
----------------------------------------
00|00|00|FE |0706 |1/2  |00100110 |17846
00|00|00|FE |0706 |2/2  |00100110 |17847


---------------
Opcode: C9
ll: 02
Instruction:CMP Addressing Mode:Immediate - Operand (Value: "0x02", Address: "None")
Instruction cycle count set to 2
A |X |Y |SP |PC   |T/MT |NV-BDIZC |CYCLE
----------------------------------------
00|00|00|FE |0708 |1/2  |10100100 |17848
00|00|00|FE |0708 |2/2  |10100100 |17849


---------------
Opcode: D0
ll: F8
Old PC: 070A Offset:-8 New PC: 0702
Instruction:BNE Addressing Mode:Relative - Operand (Value: "None", Address: "0x0702")
Instruction cycle count set to 2
A |X |Y |SP |PC   |T/MT |NV-BDIZC |CYCLE
----------------------------------------
00|00|00|FE |0702 |1/3  |10100100 |17850
00|00|00|FE |0702 |2/3  |10100100 |17851
00|00|00|FE |0702 |3/3  |10100100 |17852


---------------
Opcode: 8D
ll: 00 hh: A0
Instruction:STA Addressing Mode:Absolute - Operand (Value: "0x00", Address: "0xA000")
Writing value 0x00 to address: 0xA000
0xA000: 0x00
Instruction cycle count set to 4
A |X |Y |SP |PC   |T/MT |NV-BDIZC |CYCLE
----------------------------------------
00|00|00|FE |0705 |1/4  |10100100 |17853
00|00|00|FE |0705 |2/4  |10100100 |17854
00|00|00|FE |0705 |3/4  |10100100 |17855
00|00|00|FE |0705 |4/4  |10100100 |17856


---------------
Opcode: 4A
Instruction:LSR Addressing Mode:Accumulator - Operand (Value: "0x00", Address: "None")
Instruction cycle count set to 2
A |X |Y |SP |PC   |T/MT |NV-BDIZC |CYCLE
----------------------------------------
00|00|00|FE |0706 |1/2  |00100110 |17857
00|00|00|FE |0706 |2/2  |00100110 |17858


---------------
Opcode: C9
ll: 02
Instruction:CMP Addressing Mode:Immediate - Operand (Value: "0x02", Address: "None")
Instruction cycle count set to 2
A |X |Y |SP |PC   |T/MT |NV-BDIZC |CYCLE
----------------------------------------
00|00|00|FE |0708 |1/2  |10100100 |17859
00|00|00|FE |0708 |2/2  |10100100 |17860


---------------
Opcode: D0
ll: F8
Old PC: 070A Offset:-8 New PC: 0702
Instruction:BNE Addressing Mode:Relative - Operand (Value: "None", Address: "0x0702")
Instruction cycle count set to 2
A |X |Y |SP |PC   |T/MT |NV-BDIZC |CYCLE
----------------------------------------
00|00|00|FE |0702 |1/3  |10100100 |17861
00|00|00|FE |0702 |2/3  |10100100 |17862
00|00|00|FE |0702 |3/3  |10100100 |17863


---------------
Opcode: 8D
ll: 00 hh: A0
Instruction:STA Addressing Mode:Absolute - Operand (Value: "0x00", Address: "0xA000")
Writing value 0x00 to address: 0xA000
0xA000: 0x00
Instruction cycle count set to 4
A |X |Y |SP |PC   |T/MT |NV-BDIZC |CYCLE
----------------------------------------
00|00|00|FE |0705 |1/4  |10100100 |17864
00|00|00|FE |0705 |2/4  |10100100 |17865
00|00|00|FE |0705 |3/4  |10100100 |17866
00|00|00|FE |0705 |4/4  |10100100 |17867


---------------
Opcode: 4A
Instruction:LSR Addressing Mode:Accumulator - Operand (Value: "0x00", Address: "None")
Instruction cycle count set to 2
A |X |Y |SP |PC   |T/MT |NV-BDIZC |CYCLE
----------------------------------------
00|00|00|FE |0706 |1/2  |00100110 |17868
00|00|00|FE |0706 |2/2  |00100110 |17869


---------------
Opcode: C9
ll: 02
Instruction:CMP Addressing Mode:Immediate - Operand (Value: "0x02", Address: "None")
Instruction cycle count set to 2
A |X |Y |SP |PC   |T/MT |NV-BDIZC |CYCLE
----------------------------------------
00|00|00|FE |0708 |1/2  |10100100 |17870
00|00|00|FE |0708 |2/2  |10100100 |17871


---------------
Opcode: D0
ll: F8
Old PC: 070A Offset:-8 New PC: 0702
Instruction:BNE Addressing Mode:Relative - Operand (Value: "None", Address: "0x0702")
Instruction cycle count set to 2
A |X |Y |SP |PC   |T/MT |NV-BDIZC |CYCLE
----------------------------------------
00|00|00|FE |0702 |1/3  |10100100 |17872
00|00|00|FE |0702 |2/3  |10100100 |17873
00|00|00|FE |0702 |3/3  |10100100 |17874


---------------
Opcode: 8D
ll: 00 hh: A0
Instruction:STA Addressing Mode:Absolute - Operand (Value: "0x00", Address: "0xA000")
Writing value 0x00 to address: 0xA000
0xA000: 0x00
Instruction cycle count set to 4
A |X |Y |SP |PC   |T/MT |NV-BDIZC |CYCLE
----------------------------------------
00|00|00|FE |0705 |1/4  |10100100 |17875
00|00|00|FE |0705 |2/4  |10100100 |17876
00|00|00|FE |0705 |3/4  |10100100 |17877
00|00|00|FE |0705 |4/4  |10100100 |17878


---------------
Opcode: 4A
Instruction:LSR Addressing Mode:Accumulator - Operand (Value: "0x00", Address: "None")
Instruction cycle count set to 2
A |X |Y |SP |PC   |T/MT |NV-BDIZC |CYCLE
----------------------------------------
00|00|00|FE |0706 |1/2  |00100110 |17879
00|00|00|FE |0706 |2/2  |00100110 |17880


---------------
Opcode: C9
ll: 02
Instruction:CMP Addressing Mode:Immediate - Operand (Value: "0x02", Address: "None")
Instruction cycle count set to 2
A |X |Y |SP |PC   |T/MT |NV-BDIZC |CYCLE
----------------------------------------
00|00|00|FE |0708 |1/2  |10100100 |17881
00|00|00|FE |0708 |2/2  |10100100 |17882


---------------
Opcode: D0
ll: F8
Old PC: 070A Offset:-8 New PC: 0702
Instruction:BNE Addressing Mode:Relative - Operand (Value: "None", Address: "0x0702")
Instruction cycle count set to 2
A |X |Y |SP |PC   |T/MT |NV-BDIZC |CYCLE
----------------------------------------
00|00|00|FE |0702 |1/3  |10100100 |17883
00|00|00|FE |0702 |2/3  |10100100 |17884
00|00|00|FE |0702 |3/3  |10100100 |17885


---------------
Opcode: 8D
ll: 00 hh: A0
Instruction:STA Addressing Mode:Absolute - Operand (Value: "0x00", Address: "0xA000")
Writing value 0x00 to address: 0xA000
0xA000: 0x00
Instruction cycle count set to 4
A |X |Y |SP |PC   |T/MT |NV-BDIZC |CYCLE
----------------------------------------
00|00|00|FE |0705 |1/4  |10100100 |17886
00|00|00|FE |0705 |2/4  |10100100 |17887
00|00|00|FE |0705 |3/4  |10100100 |17888
00|00|00|FE |0705 |4/4  |10100100 |17889


---------------
Opcode: 4A
Instruction:LSR Addressing Mode:Accumulator - Operand (Value: "0x00", Address: "None")
Instruction cycle count set to 2
A |X |Y |SP |PC   |T/MT |NV-BDIZC |CYCLE
----------------------------------------
00|00|00|FE |0706 |1/2  |00100110 |17890
00|00|00|FE |0706 |2/2  |00100110 |17891


---------------
Opcode: C9
ll: 02
Instruction:CMP Addressing Mode:Immediate - Operand (Value: "0x02", Address: "None")
Instruction cycle count set to 2
A |X |Y |SP |PC   |T/MT |NV-BDIZC |CYCLE
----------------------------------------
00|00|00|FE |0708 |1/2  |10100100 |17892
00|00|00|FE |0708 |2/2  |10100100 |17893


---------------
Opcode: D0
ll: F8
Old PC: 070A Offset:-8 New PC: 0702
Instruction:BNE Addressing Mode:Relative - Operand (Value: "None", Address: "0x0702")
Instruction cycle count set to 2
A |X |Y |SP |PC   |T/MT |NV-BDIZC |CYCLE
----------------------------------------
00|00|00|FE |0702 |1/3  |10100100 |17894
00|00|00|FE |0702 |2/3  |10100100 |17895
00|00|00|FE |0702 |3/3  |10100100 |17896


---------------
Opcode: 8D
ll: 00 hh: A0
Instruction:STA Addressing Mode:Absolute - Operand (Value: "0x00", Address: "0xA000")
Writing value 0x00 to address: 0xA000
0xA000: 0x00
Instruction cycle count set to 4
A |X |Y |SP |PC   |T/MT |NV-BDIZC |CYCLE
----------------------------------------
00|00|00|FE |0705 |1/4  |10100100 |17897
00|00|00|FE |0705 |2/4  |10100100 |17898
00|00|00|FE |0705 |3/4  |10100100 |17899
00|00|00|FE |0705 |4/4  |10100100 |17900


---------------
Opcode: 4A
Instruction:LSR Addressing Mode:Accumulator - Operand (Value: "0x00", Address: "None")
Instruction cycle count set to 2
A |X |Y |SP |PC   |T/MT |NV-BDIZC |CYCLE
----------------------------------------
00|00|00|FE |0706 |1/2  |00100110 |17901
00|00|00|FE |0706 |2/2  |00100110 |17902


---------------
Opcode: C9
ll: 02
Instruction:CMP Addressing Mode:Immediate - Operand (Value: "0x02", Address: "None")
Instruction cycle count set to 2
A |X |Y |SP |PC   |T/MT |NV-BDIZC |CYCLE
----------------------------------------
00|00|00|FE |0708 |1/2  |10100100 |17903
00|00|00|FE |0708 |2/2  |10100100 |17904


---------------
Opcode: D0
ll: F8
Old PC: 070A Offset:-8 New PC: 0702
Instruction:BNE Addressing Mode:Relative - Operand (Value: "None", Address: "0x0702")
Instruction cycle count set to 2
A |X |Y |SP |PC   |T/MT |NV-BDIZC |CYCLE
----------------------------------------
00|00|00|FE |0702 |1/3  |10100100 |17905
00|00|00|FE |0702 |2/3  |10100100 |17906
00|00|00|FE |0702 |3/3  |10100100 |17907


---------------
Opcode: 8D
ll: 00 hh: A0
Instruction:STA Addressing Mode:Absolute - Operand (Value: "0x00", Address: "0xA000")
Writing value 0x00 to address: 0xA000
0xA000: 0x00
Instruction cycle count set to 4
A |X |Y |SP |PC   |T/MT |NV-BDIZC |CYCLE
----------------------------------------
00|00|00|FE |0705 |1/4  |10100100 |17908
00|00|00|FE |0705 |2/4  |10100100 |17909
00|00|00|FE |0705 |3/4  |10100100 |17910
00|00|00|FE |0705 |4/4  |10100100 |17911


---------------
Opcode: 4A
Instruction:LSR Addressing Mode:Accumulator - Operand (Value: "0x00", Address: "None")
Instruction cycle count set to 2
A |X |Y |SP |PC   |T/MT |NV-BDIZC |CYCLE
----------------------------------------
00|00|00|FE |0706 |1/2  |00100110 |17912
00|00|00|FE |0706 |2/2  |00100110 |17913


---------------
Opcode: C9
ll: 02
Instruction:CMP Addressing Mode:Immediate - Operand (Value: "0x02", Address: "None")
Instruction cycle count set to 2
A |X |Y |SP |PC   |T/MT |NV-BDIZC |CYCLE
----------------------------------------
00|00|00|FE |0708 |1/2  |10100100 |17914
00|00|00|FE |0708 |2/2  |10100100 |17915


---------------
Opcode: D0
ll: F8
Old PC: 070A Offset:-8 New PC: 0702
Instruction:BNE Addressing Mode:Relative - Operand (Value: "None", Address: "0x0702")
Instruction cycle count set to 2
A |X |Y |SP |PC   |T/MT |NV-BDIZC |CYCLE
----------------------------------------
00|00|00|FE |0702 |1/3  |10100100 |17916
00|00|00|FE |0702 |2/3  |10100100 |17917
00|00|00|FE |0702 |3/3  |10100100 |17918


---------------
Opcode: 8D
ll: 00 hh: A0
Instruction:STA Addressing Mode:Absolute - Operand (Value: "0x00", Address: "0xA000")
Writing value 0x00 to address: 0xA000
0xA000: 0x00
Instruction cycle count set to 4
A |X |Y |SP |PC   |T/MT |NV-BDIZC |CYCLE
----------------------------------------
00|00|00|FE |0705 |1/4  |10100100 |17919
00|00|00|FE |0705 |2/4  |10100100 |17920
00|00|00|FE |0705 |3/4  |10100100 |17921
00|00|00|FE |0705 |4/4  |10100100 |17922


---------------
Opcode: 4A
Instruction:LSR Addressing Mode:Accumulator - Operand (Value: "0x00", Address: "None")
Instruction cycle count set to 2
A |X |Y |SP |PC   |T/MT |NV-BDIZC |CYCLE
----------------------------------------
00|00|00|FE |0706 |1/2  |00100110 |17923
00|00|00|FE |0706 |2/2  |00100110 |17924


---------------
Opcode: C9
ll: 02
Instruction:CMP Addressing Mode:Immediate - Operand (Value: "0x02", Address: "None")
Instruction cycle count set to 2
A |X |Y |SP |PC   |T/MT |NV-BDIZC |CYCLE
----------------------------------------
00|00|00|FE |0708 |1/2  |10100100 |17925
00|00|00|FE |0708 |2/2  |10100100 |17926


---------------
Opcode: D0
ll: F8
Old PC: 070A Offset:-8 New PC: 0702
Instruction:BNE Addressing Mode:Relative - Operand (Value: "None", Address: "0x0702")
Instruction cycle count set to 2
A |X |Y |SP |PC   |T/MT |NV-BDIZC |CYCLE
----------------------------------------
00|00|00|FE |0702 |1/3  |10100100 |17927
00|00|00|FE |0702 |2/3  |10100100 |17928
00|00|00|FE |0702 |3/3  |10100100 |17929


---------------
Opcode: 8D
ll: 00 hh: A0
Instruction:STA Addressing Mode:Absolute - Operand (Value: "0x00", Address: "0xA000")
Writing value 0x00 to address: 0xA000
0xA000: 0x00
Instruction cycle count set to 4
A |X |Y |SP |PC   |T/MT |NV-BDIZC |CYCLE
----------------------------------------
00|00|00|FE |0705 |1/4  |10100100 |17930
00|00|00|FE |0705 |2/4  |10100100 |17931
00|00|00|FE |0705 |3/4  |10100100 |17932
00|00|00|FE |0705 |4/4  |10100100 |17933


---------------
Opcode: 4A
Instruction:LSR Addressing Mode:Accumulator - Operand (Value: "0x00", Address: "None")
Instruction cycle count set to 2
A |X |Y |SP |PC   |T/MT |NV-BDIZC |CYCLE
----------------------------------------
00|00|00|FE |0706 |1/2  |00100110 |17934
00|00|00|FE |0706 |2/2  |00100110 |17935


---------------
Opcode: C9
ll: 02
Instruction:CMP Addressing Mode:Immediate - Operand (Value: "0x02", Address: "None")
Instruction cycle count set to 2
A |X |Y |SP |PC   |T/MT |NV-BDIZC |CYCLE
----------------------------------------
00|00|00|FE |0708 |1/2  |10100100 |17936
00|00|00|FE |0708 |2/2  |10100100 |17937


---------------
Opcode: D0
ll: F8
Old PC: 070A Offset:-8 New PC: 0702
Instruction:BNE Addressing Mode:Relative - Operand (Value: "None", Address: "0x0702")
Instruction cycle count set to 2
A |X |Y |SP |PC   |T/MT |NV-BDIZC |CYCLE
----------------------------------------
00|00|00|FE |0702 |1/3  |10100100 |17938
00|00|00|FE |0702 |2/3  |10100100 |17939
00|00|00|FE |0702 |3/3  |10100100 |17940


---------------
Opcode: 8D
ll: 00 hh: A0
Instruction:STA Addressing Mode:Absolute - Operand (Value: "0x00", Address: "0xA000")
Writing value 0x00 to address: 0xA000
0xA000: 0x00
Instruction cycle count set to 4
A |X |Y |SP |PC   |T/MT |NV-BDIZC |CYCLE
----------------------------------------
00|00|00|FE |0705 |1/4  |10100100 |17941
00|00|00|FE |0705 |2/4  |10100100 |17942
00|00|00|FE |0705 |3/4  |10100100 |17943
00|00|00|FE |0705 |4/4  |10100100 |17944


---------------
Opcode: 4A
Instruction:LSR Addressing Mode:Accumulator - Operand (Value: "0x00", Address: "None")
Instruction cycle count set to 2
A |X |Y |SP |PC   |T/MT |NV-BDIZC |CYCLE
----------------------------------------
00|00|00|FE |0706 |1/2  |00100110 |17945
00|00|00|FE |0706 |2/2  |00100110 |17946


---------------
Opcode: C9
ll: 02
Instruction:CMP Addressing Mode:Immediate - Operand (Value: "0x02", Address: "None")
Instruction cycle count set to 2
A |X |Y |SP |PC   |T/MT |NV-BDIZC |CYCLE
----------------------------------------
00|00|00|FE |0708 |1/2  |10100100 |17947
00|00|00|FE |0708 |2/2  |10100100 |17948


---------------
Opcode: D0
ll: F8
Old PC: 070A Offset:-8 New PC: 0702
Instruction:BNE Addressing Mode:Relative - Operand (Value: "None", Address: "0x0702")
Instruction cycle count set to 2
A |X |Y |SP |PC   |T/MT |NV-BDIZC |CYCLE
----------------------------------------
00|00|00|FE |0702 |1/3  |10100100 |17949
00|00|00|FE |0702 |2/3  |10100100 |17950
00|00|00|FE |0702 |3/3  |10100100 |17951


---------------
Opcode: 8D
ll: 00 hh: A0
Instruction:STA Addressing Mode:Absolute - Operand (Value: "0x00", Address: "0xA000")
Writing value 0x00 to address: 0xA000
0xA000: 0x00
Instruction cycle count set to 4
A |X |Y |SP |PC   |T/MT |NV-BDIZC |CYCLE
----------------------------------------
00|00|00|FE |0705 |1/4  |10100100 |17952
00|00|00|FE |0705 |2/4  |10100100 |17953
00|00|00|FE |0705 |3/4  |10100100 |17954
00|00|00|FE |0705 |4/4  |10100100 |17955


---------------
Opcode: 4A
Instruction:LSR Addressing Mode:Accumulator - Operand (Value: "0x00", Address: "None")
Instruction cycle count set to 2
A |X |Y |SP |PC   |T/MT |NV-BDIZC |CYCLE
----------------------------------------
00|00|00|FE |0706 |1/2  |00100110 |17956
00|00|00|FE |0706 |2/2  |00100110 |17957


---------------
Opcode: C9
ll: 02
Instruction:CMP Addressing Mode:Immediate - Operand (Value: "0x02", Address: "None")
Instruction cycle count set to 2
A |X |Y |SP |PC   |T/MT |NV-BDIZC |CYCLE
----------------------------------------
00|00|00|FE |0708 |1/2  |10100100 |17958
00|00|00|FE |0708 |2/2  |10100100 |17959


---------------
Opcode: D0
ll: F8
Old PC: 070A Offset:-8 New PC: 0702
Instruction:BNE Addressing Mode:Relative - Operand (Value: "None", Address: "0x0702")
Instruction cycle count set to 2
A |X |Y |SP |PC   |T/MT |NV-BDIZC |CYCLE
----------------------------------------
00|00|00|FE |0702 |1/3  |10100100 |17960
00|00|00|FE |0702 |2/3  |10100100 |17961
00|00|00|FE |0702 |3/3  |10100100 |17962


---------------
Opcode: 8D
ll: 00 hh: A0
Instruction:STA Addressing Mode:Absolute - Operand (Value: "0x00", Address: "0xA000")
Writing value 0x00 to address: 0xA000
0xA000: 0x00
Instruction cycle count set to 4
A |X |Y |SP |PC   |T/MT |NV-BDIZC |CYCLE
----------------------------------------
00|00|00|FE |0705 |1/4  |10100100 |17963
00|00|00|FE |0705 |2/4  |10100100 |17964
00|00|00|FE |0705 |3/4  |10100100 |17965
00|00|00|FE |0705 |4/4  |10100100 |17966


---------------
Opcode: 4A
Instruction:LSR Addressing Mode:Accumulator - Operand (Value: "0x00", Address: "None")
Instruction cycle count set to 2
A |X |Y |SP |PC   |T/MT |NV-BDIZC |CYCLE
----------------------------------------
00|00|00|FE |0706 |1/2  |00100110 |17967
00|00|00|FE |0706 |2/2  |00100110 |17968


---------------
Opcode: C9
ll: 02
Instruction:CMP Addressing Mode:Immediate - Operand (Value: "0x02", Address: "None")
Instruction cycle count set to 2
A |X |Y |SP |PC   |T/MT |NV-BDIZC |CYCLE
----------------------------------------
00|00|00|FE |0708 |1/2  |10100100 |17969
00|00|00|FE |0708 |2/2  |10100100 |17970


---------------
Opcode: D0
ll: F8
Old PC: 070A Offset:-8 New PC: 0702
Instruction:BNE Addressing Mode:Relative - Operand (Value: "None", Address: "0x0702")
Instruction cycle count set to 2
A |X |Y |SP |PC   |T/MT |NV-BDIZC |CYCLE
----------------------------------------
00|00|00|FE |0702 |1/3  |10100100 |17971
00|00|00|FE |0702 |2/3  |10100100 |17972
00|00|00|FE |0702 |3/3  |10100100 |17973


---------------
Opcode: 8D
ll: 00 hh: A0
Instruction:STA Addressing Mode:Absolute - Operand (Value: "0x00", Address: "0xA000")
Writing value 0x00 to address: 0xA000
0xA000: 0x00
Instruction cycle count set to 4
A |X |Y |SP |PC   |T/MT |NV-BDIZC |CYCLE
----------------------------------------
00|00|00|FE |0705 |1/4  |10100100 |17974
00|00|00|FE |0705 |2/4  |10100100 |17975
00|00|00|FE |0705 |3/4  |10100100 |17976
00|00|00|FE |0705 |4/4  |10100100 |17977


---------------
Opcode: 4A
Instruction:LSR Addressing Mode:Accumulator - Operand (Value: "0x00", Address: "None")
Instruction cycle count set to 2
A |X |Y |SP |PC   |T/MT |NV-BDIZC |CYCLE
----------------------------------------
00|00|00|FE |0706 |1/2  |00100110 |17978
00|00|00|FE |0706 |2/2  |00100110 |17979


---------------
Opcode: C9
ll: 02
Instruction:CMP Addressing Mode:Immediate - Operand (Value: "0x02", Address: "None")
Instruction cycle count set to 2
A |X |Y |SP |PC   |T/MT |NV-BDIZC |CYCLE
----------------------------------------
00|00|00|FE |0708 |1/2  |10100100 |17980
00|00|00|FE |0708 |2/2  |10100100 |17981


---------------
Opcode: D0
ll: F8
Old PC: 070A Offset:-8 New PC: 0702
Instruction:BNE Addressing Mode:Relative - Operand (Value: "None", Address: "0x0702")
Instruction cycle count set to 2
A |X |Y |SP |PC   |T/MT |NV-BDIZC |CYCLE
----------------------------------------
00|00|00|FE |0702 |1/3  |10100100 |17982
00|00|00|FE |0702 |2/3  |10100100 |17983
00|00|00|FE |0702 |3/3  |10100100 |17984


---------------
Opcode: 8D
ll: 00 hh: A0
Instruction:STA Addressing Mode:Absolute - Operand (Value: "0x00", Address: "0xA000")
Writing value 0x00 to address: 0xA000
0xA000: 0x00
Instruction cycle count set to 4
A |X |Y |SP |PC   |T/MT |NV-BDIZC |CYCLE
----------------------------------------
00|00|00|FE |0705 |1/4  |10100100 |17985
00|00|00|FE |0705 |2/4  |10100100 |17986
00|00|00|FE |0705 |3/4  |10100100 |17987
00|00|00|FE |0705 |4/4  |10100100 |17988


---------------
Opcode: 4A
Instruction:LSR Addressing Mode:Accumulator - Operand (Value: "0x00", Address: "None")
Instruction cycle count set to 2
A |X |Y |SP |PC   |T/MT |NV-BDIZC |CYCLE
----------------------------------------
00|00|00|FE |0706 |1/2  |00100110 |17989
00|00|00|FE |0706 |2/2  |00100110 |17990


---------------
Opcode: C9
ll: 02
Instruction:CMP Addressing Mode:Immediate - Operand (Value: "0x02", Address: "None")
Instruction cycle count set to 2
A |X |Y |SP |PC   |T/MT |NV-BDIZC |CYCLE
----------------------------------------
00|00|00|FE |0708 |1/2  |10100100 |17991
00|00|00|FE |0708 |2/2  |10100100 |17992


---------------
Opcode: D0
ll: F8
Old PC: 070A Offset:-8 New PC: 0702
Instruction:BNE Addressing Mode:Relative - Operand (Value: "None", Address: "0x0702")
Instruction cycle count set to 2
A |X |Y |SP |PC   |T/MT |NV-BDIZC |CYCLE
----------------------------------------
00|00|00|FE |0702 |1/3  |10100100 |17993
00|00|00|FE |0702 |2/3  |10100100 |17994
00|00|00|FE |0702 |3/3  |10100100 |17995


---------------
Opcode: 8D
ll: 00 hh: A0
Instruction:STA Addressing Mode:Absolute - Operand (Value: "0x00", Address: "0xA000")
Writing value 0x00 to address: 0xA000
0xA000: 0x00
Instruction cycle count set to 4
A |X |Y |SP |PC   |T/MT |NV-BDIZC |CYCLE
----------------------------------------
00|00|00|FE |0705 |1/4  |10100100 |17996
00|00|00|FE |0705 |2/4  |10100100 |17997
00|00|00|FE |0705 |3/4  |10100100 |17998
emulation behind by 1.442159287s. trying to catch up...
00|00|00|FE |0705 |4/4  |10100100 |17999


---------------
Opcode: 4A
Instruction:LSR Addressing Mode:Accumulator - Operand (Value: "0x00", Address: "None")
Instruction cycle count set to 2
A |X |Y |SP |PC   |T/MT |NV-BDIZC |CYCLE
----------------------------------------
00|00|00|FE |0706 |1/2  |00100110 |18000
00|00|00|FE |0706 |2/2  |00100110 |18001


---------------
Opcode: C9
ll: 02
Instruction:CMP Addressing Mode:Immediate - Operand (Value: "0x02", Address: "None")
Instruction cycle count set to 2
A |X |Y |SP |PC   |T/MT |NV-BDIZC |CYCLE
----------------------------------------
00|00|00|FE |0708 |1/2  |10100100 |18002
00|00|00|FE |0708 |2/2  |10100100 |18003


---------------
Opcode: D0
ll: F8
Old PC: 070A Offset:-8 New PC: 0702
Instruction:BNE Addressing Mode:Relative - Operand (Value: "None", Address: "0x0702")
Instruction cycle count set to 2
A |X |Y |SP |PC   |T/MT |NV-BDIZC |CYCLE
----------------------------------------
00|00|00|FE |0702 |1/3  |10100100 |18004
00|00|00|FE |0702 |2/3  |10100100 |18005
00|00|00|FE |0702 |3/3  |10100100 |18006


---------------
Opcode: 8D
ll: 00 hh: A0
Instruction:STA Addressing Mode:Absolute - Operand (Value: "0x00", Address: "0xA000")
Writing value 0x00 to address: 0xA000
0xA000: 0x00
Instruction cycle count set to 4
A |X |Y |SP |PC   |T/MT |NV-BDIZC |CYCLE
----------------------------------------
00|00|00|FE |0705 |1/4  |10100100 |18007
00|00|00|FE |0705 |2/4  |10100100 |18008
00|00|00|FE |0705 |3/4  |10100100 |18009
00|00|00|FE |0705 |4/4  |10100100 |18010


---------------
Opcode: 4A
Instruction:LSR Addressing Mode:Accumulator - Operand (Value: "0x00", Address: "None")
Instruction cycle count set to 2
A |X |Y |SP |PC   |T/MT |NV-BDIZC |CYCLE
----------------------------------------
00|00|00|FE |0706 |1/2  |00100110 |18011
00|00|00|FE |0706 |2/2  |00100110 |18012


---------------
Opcode: C9
ll: 02
Instruction:CMP Addressing Mode:Immediate - Operand (Value: "0x02", Address: "None")
Instruction cycle count set to 2
A |X |Y |SP |PC   |T/MT |NV-BDIZC |CYCLE
----------------------------------------
00|00|00|FE |0708 |1/2  |10100100 |18013
00|00|00|FE |0708 |2/2  |10100100 |18014


---------------
Opcode: D0
ll: F8
Old PC: 070A Offset:-8 New PC: 0702
Instruction:BNE Addressing Mode:Relative - Operand (Value: "None", Address: "0x0702")
Instruction cycle count set to 2
A |X |Y |SP |PC   |T/MT |NV-BDIZC |CYCLE
----------------------------------------
00|00|00|FE |0702 |1/3  |10100100 |18015
00|00|00|FE |0702 |2/3  |10100100 |18016
00|00|00|FE |0702 |3/3  |10100100 |18017


---------------
Opcode: 8D
ll: 00 hh: A0
Instruction:STA Addressing Mode:Absolute - Operand (Value: "0x00", Address: "0xA000")
Writing value 0x00 to address: 0xA000
0xA000: 0x00
Instruction cycle count set to 4
A |X |Y |SP |PC   |T/MT |NV-BDIZC |CYCLE
----------------------------------------
00|00|00|FE |0705 |1/4  |10100100 |18018
00|00|00|FE |0705 |2/4  |10100100 |18019
00|00|00|FE |0705 |3/4  |10100100 |18020
00|00|00|FE |0705 |4/4  |10100100 |18021


---------------
Opcode: 4A
Instruction:LSR Addressing Mode:Accumulator - Operand (Value: "0x00", Address: "None")
Instruction cycle count set to 2
A |X |Y |SP |PC   |T/MT |NV-BDIZC |CYCLE
----------------------------------------
00|00|00|FE |0706 |1/2  |00100110 |18022
00|00|00|FE |0706 |2/2  |00100110 |18023


---------------
Opcode: C9
ll: 02
Instruction:CMP Addressing Mode:Immediate - Operand (Value: "0x02", Address: "None")
Instruction cycle count set to 2
A |X |Y |SP |PC   |T/MT |NV-BDIZC |CYCLE
----------------------------------------
00|00|00|FE |0708 |1/2  |10100100 |18024
00|00|00|FE |0708 |2/2  |10100100 |18025


---------------
Opcode: D0
ll: F8
Old PC: 070A Offset:-8 New PC: 0702
Instruction:BNE Addressing Mode:Relative - Operand (Value: "None", Address: "0x0702")
Instruction cycle count set to 2
A |X |Y |SP |PC   |T/MT |NV-BDIZC |CYCLE
----------------------------------------
00|00|00|FE |0702 |1/3  |10100100 |18026
00|00|00|FE |0702 |2/3  |10100100 |18027
00|00|00|FE |0702 |3/3  |10100100 |18028


---------------
Opcode: 8D
ll: 00 hh: A0
Instruction:STA Addressing Mode:Absolute - Operand (Value: "0x00", Address: "0xA000")
Writing value 0x00 to address: 0xA000
0xA000: 0x00
Instruction cycle count set to 4
A |X |Y |SP |PC   |T/MT |NV-BDIZC |CYCLE
----------------------------------------
00|00|00|FE |0705 |1/4  |10100100 |18029
00|00|00|FE |0705 |2/4  |10100100 |18030
00|00|00|FE |0705 |3/4  |10100100 |18031
00|00|00|FE |0705 |4/4  |10100100 |18032


---------------
Opcode: 4A
Instruction:LSR Addressing Mode:Accumulator - Operand (Value: "0x00", Address: "None")
Instruction cycle count set to 2
A |X |Y |SP |PC   |T/MT |NV-BDIZC |CYCLE
----------------------------------------
00|00|00|FE |0706 |1/2  |00100110 |18033
00|00|00|FE |0706 |2/2  |00100110 |18034


---------------
Opcode: C9
ll: 02
Instruction:CMP Addressing Mode:Immediate - Operand (Value: "0x02", Address: "None")
Instruction cycle count set to 2
A |X |Y |SP |PC   |T/MT |NV-BDIZC |CYCLE
----------------------------------------
00|00|00|FE |0708 |1/2  |10100100 |18035
00|00|00|FE |0708 |2/2  |10100100 |18036


---------------
Opcode: D0
ll: F8
Old PC: 070A Offset:-8 New PC: 0702
Instruction:BNE Addressing Mode:Relative - Operand (Value: "None", Address: "0x0702")
Instruction cycle count set to 2
A |X |Y |SP |PC   |T/MT |NV-BDIZC |CYCLE
----------------------------------------
00|00|00|FE |0702 |1/3  |10100100 |18037
00|00|00|FE |0702 |2/3  |10100100 |18038
00|00|00|FE |0702 |3/3  |10100100 |18039


---------------
Opcode: 8D
ll: 00 hh: A0
Instruction:STA Addressing Mode:Absolute - Operand (Value: "0x00", Address: "0xA000")
Writing value 0x00 to address: 0xA000
0xA000: 0x00
Instruction cycle count set to 4
A |X |Y |SP |PC   |T/MT |NV-BDIZC |CYCLE
----------------------------------------
00|00|00|FE |0705 |1/4  |10100100 |18040
00|00|00|FE |0705 |2/4  |10100100 |18041
00|00|00|FE |0705 |3/4  |10100100 |18042
00|00|00|FE |0705 |4/4  |10100100 |18043


---------------
Opcode: 4A
Instruction:LSR Addressing Mode:Accumulator - Operand (Value: "0x00", Address: "None")
Instruction cycle count set to 2
A |X |Y |SP |PC   |T/MT |NV-BDIZC |CYCLE
----------------------------------------
00|00|00|FE |0706 |1/2  |00100110 |18044
00|00|00|FE |0706 |2/2  |00100110 |18045


---------------
Opcode: C9
ll: 02
Instruction:CMP Addressing Mode:Immediate - Operand (Value: "0x02", Address: "None")
Instruction cycle count set to 2
A |X |Y |SP |PC   |T/MT |NV-BDIZC |CYCLE
----------------------------------------
00|00|00|FE |0708 |1/2  |10100100 |18046
00|00|00|FE |0708 |2/2  |10100100 |18047


---------------
Opcode: D0
ll: F8
Old PC: 070A Offset:-8 New PC: 0702
Instruction:BNE Addressing Mode:Relative - Operand (Value: "None", Address: "0x0702")
Instruction cycle count set to 2
A |X |Y |SP |PC   |T/MT |NV-BDIZC |CYCLE
----------------------------------------
00|00|00|FE |0702 |1/3  |10100100 |18048
00|00|00|FE |0702 |2/3  |10100100 |18049
00|00|00|FE |0702 |3/3  |10100100 |18050


---------------
Opcode: 8D
ll: 00 hh: A0
Instruction:STA Addressing Mode:Absolute - Operand (Value: "0x00", Address: "0xA000")
Writing value 0x00 to address: 0xA000
0xA000: 0x00
Instruction cycle count set to 4
A |X |Y |SP |PC   |T/MT |NV-BDIZC |CYCLE
----------------------------------------
00|00|00|FE |0705 |1/4  |10100100 |18051
00|00|00|FE |0705 |2/4  |10100100 |18052
00|00|00|FE |0705 |3/4  |10100100 |18053
00|00|00|FE |0705 |4/4  |10100100 |18054


---------------
Opcode: 4A
Instruction:LSR Addressing Mode:Accumulator - Operand (Value: "0x00", Address: "None")
Instruction cycle count set to 2
A |X |Y |SP |PC   |T/MT |NV-BDIZC |CYCLE
----------------------------------------
00|00|00|FE |0706 |1/2  |00100110 |18055
00|00|00|FE |0706 |2/2  |00100110 |18056


---------------
Opcode: C9
ll: 02
Instruction:CMP Addressing Mode:Immediate - Operand (Value: "0x02", Address: "None")
Instruction cycle count set to 2
A |X |Y |SP |PC   |T/MT |NV-BDIZC |CYCLE
----------------------------------------
00|00|00|FE |0708 |1/2  |10100100 |18057
00|00|00|FE |0708 |2/2  |10100100 |18058


---------------
Opcode: D0
ll: F8
Old PC: 070A Offset:-8 New PC: 0702
Instruction:BNE Addressing Mode:Relative - Operand (Value: "None", Address: "0x0702")
Instruction cycle count set to 2
A |X |Y |SP |PC   |T/MT |NV-BDIZC |CYCLE
----------------------------------------
00|00|00|FE |0702 |1/3  |10100100 |18059
00|00|00|FE |0702 |2/3  |10100100 |18060
00|00|00|FE |0702 |3/3  |10100100 |18061


---------------
Opcode: 8D
ll: 00 hh: A0
Instruction:STA Addressing Mode:Absolute - Operand (Value: "0x00", Address: "0xA000")
Writing value 0x00 to address: 0xA000
0xA000: 0x00
Instruction cycle count set to 4
A |X |Y |SP |PC   |T/MT |NV-BDIZC |CYCLE
----------------------------------------
00|00|00|FE |0705 |1/4  |10100100 |18062
00|00|00|FE |0705 |2/4  |10100100 |18063
00|00|00|FE |0705 |3/4  |10100100 |18064
00|00|00|FE |0705 |4/4  |10100100 |18065


---------------
Opcode: 4A
Instruction:LSR Addressing Mode:Accumulator - Operand (Value: "0x00", Address: "None")
Instruction cycle count set to 2
A |X |Y |SP |PC   |T/MT |NV-BDIZC |CYCLE
----------------------------------------
00|00|00|FE |0706 |1/2  |00100110 |18066
00|00|00|FE |0706 |2/2  |00100110 |18067


---------------
Opcode: C9
ll: 02
Instruction:CMP Addressing Mode:Immediate - Operand (Value: "0x02", Address: "None")
Instruction cycle count set to 2
A |X |Y |SP |PC   |T/MT |NV-BDIZC |CYCLE
----------------------------------------
00|00|00|FE |0708 |1/2  |10100100 |18068
00|00|00|FE |0708 |2/2  |10100100 |18069


---------------
Opcode: D0
ll: F8
Old PC: 070A Offset:-8 New PC: 0702
Instruction:BNE Addressing Mode:Relative - Operand (Value: "None", Address: "0x0702")
Instruction cycle count set to 2
A |X |Y |SP |PC   |T/MT |NV-BDIZC |CYCLE
----------------------------------------
00|00|00|FE |0702 |1/3  |10100100 |18070
00|00|00|FE |0702 |2/3  |10100100 |18071
00|00|00|FE |0702 |3/3  |10100100 |18072


---------------
Opcode: 8D
ll: 00 hh: A0
Instruction:STA Addressing Mode:Absolute - Operand (Value: "0x00", Address: "0xA000")
Writing value 0x00 to address: 0xA000
0xA000: 0x00
Instruction cycle count set to 4
A |X |Y |SP |PC   |T/MT |NV-BDIZC |CYCLE
----------------------------------------
00|00|00|FE |0705 |1/4  |10100100 |18073
00|00|00|FE |0705 |2/4  |10100100 |18074
00|00|00|FE |0705 |3/4  |10100100 |18075
00|00|00|FE |0705 |4/4  |10100100 |18076


---------------
Opcode: 4A
Instruction:LSR Addressing Mode:Accumulator - Operand (Value: "0x00", Address: "None")
Instruction cycle count set to 2
A |X |Y |SP |PC   |T/MT |NV-BDIZC |CYCLE
----------------------------------------
00|00|00|FE |0706 |1/2  |00100110 |18077
00|00|00|FE |0706 |2/2  |00100110 |18078


---------------
Opcode: C9
ll: 02
Instruction:CMP Addressing Mode:Immediate - Operand (Value: "0x02", Address: "None")
Instruction cycle count set to 2
A |X |Y |SP |PC   |T/MT |NV-BDIZC |CYCLE
----------------------------------------
00|00|00|FE |0708 |1/2  |10100100 |18079
00|00|00|FE |0708 |2/2  |10100100 |18080


---------------
Opcode: D0
ll: F8
Old PC: 070A Offset:-8 New PC: 0702
Instruction:BNE Addressing Mode:Relative - Operand (Value: "None", Address: "0x0702")
Instruction cycle count set to 2
A |X |Y |SP |PC   |T/MT |NV-BDIZC |CYCLE
----------------------------------------
00|00|00|FE |0702 |1/3  |10100100 |18081
00|00|00|FE |0702 |2/3  |10100100 |18082
00|00|00|FE |0702 |3/3  |10100100 |18083


---------------
Opcode: 8D
ll: 00 hh: A0
Instruction:STA Addressing Mode:Absolute - Operand (Value: "0x00", Address: "0xA000")
Writing value 0x00 to address: 0xA000
0xA000: 0x00
Instruction cycle count set to 4
A |X |Y |SP |PC   |T/MT |NV-BDIZC |CYCLE
----------------------------------------
00|00|00|FE |0705 |1/4  |10100100 |18084
00|00|00|FE |0705 |2/4  |10100100 |18085
00|00|00|FE |0705 |3/4  |10100100 |18086
00|00|00|FE |0705 |4/4  |10100100 |18087


---------------
Opcode: 4A
Instruction:LSR Addressing Mode:Accumulator - Operand (Value: "0x00", Address: "None")
Instruction cycle count set to 2
A |X |Y |SP |PC   |T/MT |NV-BDIZC |CYCLE
----------------------------------------
00|00|00|FE |0706 |1/2  |00100110 |18088
00|00|00|FE |0706 |2/2  |00100110 |18089


---------------
Opcode: C9
ll: 02
Instruction:CMP Addressing Mode:Immediate - Operand (Value: "0x02", Address: "None")
Instruction cycle count set to 2
A |X |Y |SP |PC   |T/MT |NV-BDIZC |CYCLE
----------------------------------------
00|00|00|FE |0708 |1/2  |10100100 |18090
00|00|00|FE |0708 |2/2  |10100100 |18091


---------------
Opcode: D0
ll: F8
Old PC: 070A Offset:-8 New PC: 0702
Instruction:BNE Addressing Mode:Relative - Operand (Value: "None", Address: "0x0702")
Instruction cycle count set to 2
A |X |Y |SP |PC   |T/MT |NV-BDIZC |CYCLE
----------------------------------------
00|00|00|FE |0702 |1/3  |10100100 |18092
00|00|00|FE |0702 |2/3  |10100100 |18093
00|00|00|FE |0702 |3/3  |10100100 |18094


---------------
Opcode: 8D
ll: 00 hh: A0
Instruction:STA Addressing Mode:Absolute - Operand (Value: "0x00", Address: "0xA000")
Writing value 0x00 to address: 0xA000
0xA000: 0x00
Instruction cycle count set to 4
A |X |Y |SP |PC   |T/MT |NV-BDIZC |CYCLE
----------------------------------------
00|00|00|FE |0705 |1/4  |10100100 |18095
00|00|00|FE |0705 |2/4  |10100100 |18096
00|00|00|FE |0705 |3/4  |10100100 |18097
00|00|00|FE |0705 |4/4  |10100100 |18098


---------------
Opcode: 4A
Instruction:LSR Addressing Mode:Accumulator - Operand (Value: "0x00", Address: "None")
Instruction cycle count set to 2
A |X |Y |SP |PC   |T/MT |NV-BDIZC |CYCLE
----------------------------------------
00|00|00|FE |0706 |1/2  |00100110 |18099
00|00|00|FE |0706 |2/2  |00100110 |18100


---------------
Opcode: C9
ll: 02
Instruction:CMP Addressing Mode:Immediate - Operand (Value: "0x02", Address: "None")
Instruction cycle count set to 2
A |X |Y |SP |PC   |T/MT |NV-BDIZC |CYCLE
----------------------------------------
00|00|00|FE |0708 |1/2  |10100100 |18101
00|00|00|FE |0708 |2/2  |10100100 |18102


---------------
Opcode: D0
ll: F8
Old PC: 070A Offset:-8 New PC: 0702
Instruction:BNE Addressing Mode:Relative - Operand (Value: "None", Address: "0x0702")
Instruction cycle count set to 2
A |X |Y |SP |PC   |T/MT |NV-BDIZC |CYCLE
----------------------------------------
00|00|00|FE |0702 |1/3  |10100100 |18103
00|00|00|FE |0702 |2/3  |10100100 |18104
00|00|00|FE |0702 |3/3  |10100100 |18105


---------------
Opcode: 8D
ll: 00 hh: A0
Instruction:STA Addressing Mode:Absolute - Operand (Value: "0x00", Address: "0xA000")
Writing value 0x00 to address: 0xA000
0xA000: 0x00
Instruction cycle count set to 4
A |X |Y |SP |PC   |T/MT |NV-BDIZC |CYCLE
----------------------------------------
00|00|00|FE |0705 |1/4  |10100100 |18106
00|00|00|FE |0705 |2/4  |10100100 |18107
00|00|00|FE |0705 |3/4  |10100100 |18108
00|00|00|FE |0705 |4/4  |10100100 |18109


---------------
Opcode: 4A
Instruction:LSR Addressing Mode:Accumulator - Operand (Value: "0x00", Address: "None")
Instruction cycle count set to 2
A |X |Y |SP |PC   |T/MT |NV-BDIZC |CYCLE
----------------------------------------
00|00|00|FE |0706 |1/2  |00100110 |18110
00|00|00|FE |0706 |2/2  |00100110 |18111


---------------
Opcode: C9
ll: 02
Instruction:CMP Addressing Mode:Immediate - Operand (Value: "0x02", Address: "None")
Instruction cycle count set to 2
A |X |Y |SP |PC   |T/MT |NV-BDIZC |CYCLE
----------------------------------------
00|00|00|FE |0708 |1/2  |10100100 |18112
00|00|00|FE |0708 |2/2  |10100100 |18113


---------------
Opcode: D0
ll: F8
Old PC: 070A Offset:-8 New PC: 0702
Instruction:BNE Addressing Mode:Relative - Operand (Value: "None", Address: "0x0702")
Instruction cycle count set to 2
A |X |Y |SP |PC   |T/MT |NV-BDIZC |CYCLE
----------------------------------------
00|00|00|FE |0702 |1/3  |10100100 |18114
00|00|00|FE |0702 |2/3  |10100100 |18115
00|00|00|FE |0702 |3/3  |10100100 |18116


---------------
Opcode: 8D
ll: 00 hh: A0
Instruction:STA Addressing Mode:Absolute - Operand (Value: "0x00", Address: "0xA000")
Writing value 0x00 to address: 0xA000
0xA000: 0x00
Instruction cycle count set to 4
A |X |Y |SP |PC   |T/MT |NV-BDIZC |CYCLE
----------------------------------------
00|00|00|FE |0705 |1/4  |10100100 |18117
00|00|00|FE |0705 |2/4  |10100100 |18118
00|00|00|FE |0705 |3/4  |10100100 |18119
00|00|00|FE |0705 |4/4  |10100100 |18120


---------------
Opcode: 4A
Instruction:LSR Addressing Mode:Accumulator - Operand (Value: "0x00", Address: "None")
Instruction cycle count set to 2
A |X |Y |SP |PC   |T/MT |NV-BDIZC |CYCLE
----------------------------------------
00|00|00|FE |0706 |1/2  |00100110 |18121
00|00|00|FE |0706 |2/2  |00100110 |18122


---------------
Opcode: C9
ll: 02
Instruction:CMP Addressing Mode:Immediate - Operand (Value: "0x02", Address: "None")
Instruction cycle count set to 2
A |X |Y |SP |PC   |T/MT |NV-BDIZC |CYCLE
----------------------------------------
00|00|00|FE |0708 |1/2  |10100100 |18123
00|00|00|FE |0708 |2/2  |10100100 |18124


---------------
Opcode: D0
ll: F8
Old PC: 070A Offset:-8 New PC: 0702
Instruction:BNE Addressing Mode:Relative - Operand (Value: "None", Address: "0x0702")
Instruction cycle count set to 2
A |X |Y |SP |PC   |T/MT |NV-BDIZC |CYCLE
----------------------------------------
00|00|00|FE |0702 |1/3  |10100100 |18125
00|00|00|FE |0702 |2/3  |10100100 |18126
00|00|00|FE |0702 |3/3  |10100100 |18127


---------------
Opcode: 8D
ll: 00 hh: A0
Instruction:STA Addressing Mode:Absolute - Operand (Value: "0x00", Address: "0xA000")
Writing value 0x00 to address: 0xA000
0xA000: 0x00
Instruction cycle count set to 4
A |X |Y |SP |PC   |T/MT |NV-BDIZC |CYCLE
----------------------------------------
00|00|00|FE |0705 |1/4  |10100100 |18128
00|00|00|FE |0705 |2/4  |10100100 |18129
00|00|00|FE |0705 |3/4  |10100100 |18130
00|00|00|FE |0705 |4/4  |10100100 |18131


---------------
Opcode: 4A
Instruction:LSR Addressing Mode:Accumulator - Operand (Value: "0x00", Address: "None")
Instruction cycle count set to 2
A |X |Y |SP |PC   |T/MT |NV-BDIZC |CYCLE
----------------------------------------
00|00|00|FE |0706 |1/2  |00100110 |18132
00|00|00|FE |0706 |2/2  |00100110 |18133


---------------
Opcode: C9
ll: 02
Instruction:CMP Addressing Mode:Immediate - Operand (Value: "0x02", Address: "None")
Instruction cycle count set to 2
A |X |Y |SP |PC   |T/MT |NV-BDIZC |CYCLE
----------------------------------------
00|00|00|FE |0708 |1/2  |10100100 |18134
00|00|00|FE |0708 |2/2  |10100100 |18135


---------------
Opcode: D0
ll: F8
Old PC: 070A Offset:-8 New PC: 0702
Instruction:BNE Addressing Mode:Relative - Operand (Value: "None", Address: "0x0702")
Instruction cycle count set to 2
A |X |Y |SP |PC   |T/MT |NV-BDIZC |CYCLE
----------------------------------------
00|00|00|FE |0702 |1/3  |10100100 |18136
00|00|00|FE |0702 |2/3  |10100100 |18137
00|00|00|FE |0702 |3/3  |10100100 |18138


---------------
Opcode: 8D
ll: 00 hh: A0
Instruction:STA Addressing Mode:Absolute - Operand (Value: "0x00", Address: "0xA000")
Writing value 0x00 to address: 0xA000
0xA000: 0x00
Instruction cycle count set to 4
A |X |Y |SP |PC   |T/MT |NV-BDIZC |CYCLE
----------------------------------------
00|00|00|FE |0705 |1/4  |10100100 |18139
00|00|00|FE |0705 |2/4  |10100100 |18140
00|00|00|FE |0705 |3/4  |10100100 |18141
00|00|00|FE |0705 |4/4  |10100100 |18142


---------------
Opcode: 4A
Instruction:LSR Addressing Mode:Accumulator - Operand (Value: "0x00", Address: "None")
Instruction cycle count set to 2
A |X |Y |SP |PC   |T/MT |NV-BDIZC |CYCLE
----------------------------------------
00|00|00|FE |0706 |1/2  |00100110 |18143
00|00|00|FE |0706 |2/2  |00100110 |18144


---------------
Opcode: C9
ll: 02
Instruction:CMP Addressing Mode:Immediate - Operand (Value: "0x02", Address: "None")
Instruction cycle count set to 2
A |X |Y |SP |PC   |T/MT |NV-BDIZC |CYCLE
----------------------------------------
00|00|00|FE |0708 |1/2  |10100100 |18145
00|00|00|FE |0708 |2/2  |10100100 |18146


---------------
Opcode: D0
ll: F8
Old PC: 070A Offset:-8 New PC: 0702
Instruction:BNE Addressing Mode:Relative - Operand (Value: "None", Address: "0x0702")
Instruction cycle count set to 2
A |X |Y |SP |PC   |T/MT |NV-BDIZC |CYCLE
----------------------------------------
00|00|00|FE |0702 |1/3  |10100100 |18147
00|00|00|FE |0702 |2/3  |10100100 |18148
00|00|00|FE |0702 |3/3  |10100100 |18149


---------------
Opcode: 8D
ll: 00 hh: A0
Instruction:STA Addressing Mode:Absolute - Operand (Value: "0x00", Address: "0xA000")
Writing value 0x00 to address: 0xA000
0xA000: 0x00
Instruction cycle count set to 4
A |X |Y |SP |PC   |T/MT |NV-BDIZC |CYCLE
----------------------------------------
00|00|00|FE |0705 |1/4  |10100100 |18150
00|00|00|FE |0705 |2/4  |10100100 |18151
00|00|00|FE |0705 |3/4  |10100100 |18152
00|00|00|FE |0705 |4/4  |10100100 |18153


---------------
Opcode: 4A
Instruction:LSR Addressing Mode:Accumulator - Operand (Value: "0x00", Address: "None")
Instruction cycle count set to 2
A |X |Y |SP |PC   |T/MT |NV-BDIZC |CYCLE
----------------------------------------
00|00|00|FE |0706 |1/2  |00100110 |18154
00|00|00|FE |0706 |2/2  |00100110 |18155


---------------
Opcode: C9
ll: 02
Instruction:CMP Addressing Mode:Immediate - Operand (Value: "0x02", Address: "None")
Instruction cycle count set to 2
A |X |Y |SP |PC   |T/MT |NV-BDIZC |CYCLE
----------------------------------------
00|00|00|FE |0708 |1/2  |10100100 |18156
00|00|00|FE |0708 |2/2  |10100100 |18157


---------------
Opcode: D0
ll: F8
Old PC: 070A Offset:-8 New PC: 0702
Instruction:BNE Addressing Mode:Relative - Operand (Value: "None", Address: "0x0702")
Instruction cycle count set to 2
A |X |Y |SP |PC   |T/MT |NV-BDIZC |CYCLE
----------------------------------------
00|00|00|FE |0702 |1/3  |10100100 |18158
00|00|00|FE |0702 |2/3  |10100100 |18159
00|00|00|FE |0702 |3/3  |10100100 |18160


---------------
Opcode: 8D
ll: 00 hh: A0
Instruction:STA Addressing Mode:Absolute - Operand (Value: "0x00", Address: "0xA000")
Writing value 0x00 to address: 0xA000
0xA000: 0x00
Instruction cycle count set to 4
A |X |Y |SP |PC   |T/MT |NV-BDIZC |CYCLE
----------------------------------------
00|00|00|FE |0705 |1/4  |10100100 |18161
00|00|00|FE |0705 |2/4  |10100100 |18162
00|00|00|FE |0705 |3/4  |10100100 |18163
00|00|00|FE |0705 |4/4  |10100100 |18164


---------------
Opcode: 4A
Instruction:LSR Addressing Mode:Accumulator - Operand (Value: "0x00", Address: "None")
Instruction cycle count set to 2
A |X |Y |SP |PC   |T/MT |NV-BDIZC |CYCLE
----------------------------------------
00|00|00|FE |0706 |1/2  |00100110 |18165
00|00|00|FE |0706 |2/2  |00100110 |18166


---------------
Opcode: C9
ll: 02
Instruction:CMP Addressing Mode:Immediate - Operand (Value: "0x02", Address: "None")
Instruction cycle count set to 2
A |X |Y |SP |PC   |T/MT |NV-BDIZC |CYCLE
----------------------------------------
00|00|00|FE |0708 |1/2  |10100100 |18167
00|00|00|FE |0708 |2/2  |10100100 |18168


---------------
Opcode: D0
ll: F8
Old PC: 070A Offset:-8 New PC: 0702
Instruction:BNE Addressing Mode:Relative - Operand (Value: "None", Address: "0x0702")
Instruction cycle count set to 2
A |X |Y |SP |PC   |T/MT |NV-BDIZC |CYCLE
----------------------------------------
00|00|00|FE |0702 |1/3  |10100100 |18169
00|00|00|FE |0702 |2/3  |10100100 |18170
00|00|00|FE |0702 |3/3  |10100100 |18171


---------------
Opcode: 8D
ll: 00 hh: A0
Instruction:STA Addressing Mode:Absolute - Operand (Value: "0x00", Address: "0xA000")
Writing value 0x00 to address: 0xA000
0xA000: 0x00
Instruction cycle count set to 4
A |X |Y |SP |PC   |T/MT |NV-BDIZC |CYCLE
----------------------------------------
00|00|00|FE |0705 |1/4  |10100100 |18172
00|00|00|FE |0705 |2/4  |10100100 |18173
00|00|00|FE |0705 |3/4  |10100100 |18174
00|00|00|FE |0705 |4/4  |10100100 |18175


---------------
Opcode: 4A
Instruction:LSR Addressing Mode:Accumulator - Operand (Value: "0x00", Address: "None")
Instruction cycle count set to 2
A |X |Y |SP |PC   |T/MT |NV-BDIZC |CYCLE
----------------------------------------
00|00|00|FE |0706 |1/2  |00100110 |18176
00|00|00|FE |0706 |2/2  |00100110 |18177


---------------
Opcode: C9
ll: 02
Instruction:CMP Addressing Mode:Immediate - Operand (Value: "0x02", Address: "None")
Instruction cycle count set to 2
A |X |Y |SP |PC   |T/MT |NV-BDIZC |CYCLE
----------------------------------------
00|00|00|FE |0708 |1/2  |10100100 |18178
00|00|00|FE |0708 |2/2  |10100100 |18179


---------------
Opcode: D0
ll: F8
Old PC: 070A Offset:-8 New PC: 0702
Instruction:BNE Addressing Mode:Relative - Operand (Value: "None", Address: "0x0702")
Instruction cycle count set to 2
A |X |Y |SP |PC   |T/MT |NV-BDIZC |CYCLE
----------------------------------------
00|00|00|FE |0702 |1/3  |10100100 |18180
00|00|00|FE |0702 |2/3  |10100100 |18181
00|00|00|FE |0702 |3/3  |10100100 |18182


---------------
Opcode: 8D
ll: 00 hh: A0
Instruction:STA Addressing Mode:Absolute - Operand (Value: "0x00", Address: "0xA000")
Writing value 0x00 to address: 0xA000
0xA000: 0x00
Instruction cycle count set to 4
A |X |Y |SP |PC   |T/MT |NV-BDIZC |CYCLE
----------------------------------------
00|00|00|FE |0705 |1/4  |10100100 |18183
00|00|00|FE |0705 |2/4  |10100100 |18184
00|00|00|FE |0705 |3/4  |10100100 |18185
00|00|00|FE |0705 |4/4  |10100100 |18186


---------------
Opcode: 4A
Instruction:LSR Addressing Mode:Accumulator - Operand (Value: "0x00", Address: "None")
Instruction cycle count set to 2
A |X |Y |SP |PC   |T/MT |NV-BDIZC |CYCLE
----------------------------------------
00|00|00|FE |0706 |1/2  |00100110 |18187
00|00|00|FE |0706 |2/2  |00100110 |18188


---------------
Opcode: C9
ll: 02
Instruction:CMP Addressing Mode:Immediate - Operand (Value: "0x02", Address: "None")
Instruction cycle count set to 2
A |X |Y |SP |PC   |T/MT |NV-BDIZC |CYCLE
----------------------------------------
00|00|00|FE |0708 |1/2  |10100100 |18189
00|00|00|FE |0708 |2/2  |10100100 |18190


---------------
Opcode: D0
ll: F8
Old PC: 070A Offset:-8 New PC: 0702
Instruction:BNE Addressing Mode:Relative - Operand (Value: "None", Address: "0x0702")
Instruction cycle count set to 2
A |X |Y |SP |PC   |T/MT |NV-BDIZC |CYCLE
----------------------------------------
00|00|00|FE |0702 |1/3  |10100100 |18191
00|00|00|FE |0702 |2/3  |10100100 |18192
00|00|00|FE |0702 |3/3  |10100100 |18193


---------------
Opcode: 8D
ll: 00 hh: A0
Instruction:STA Addressing Mode:Absolute - Operand (Value: "0x00", Address: "0xA000")
Writing value 0x00 to address: 0xA000
0xA000: 0x00
Instruction cycle count set to 4
A |X |Y |SP |PC   |T/MT |NV-BDIZC |CYCLE
----------------------------------------
00|00|00|FE |0705 |1/4  |10100100 |18194
00|00|00|FE |0705 |2/4  |10100100 |18195
00|00|00|FE |0705 |3/4  |10100100 |18196
00|00|00|FE |0705 |4/4  |10100100 |18197


---------------
Opcode: 4A
Instruction:LSR Addressing Mode:Accumulator - Operand (Value: "0x00", Address: "None")
Instruction cycle count set to 2
A |X |Y |SP |PC   |T/MT |NV-BDIZC |CYCLE
----------------------------------------
00|00|00|FE |0706 |1/2  |00100110 |18198
00|00|00|FE |0706 |2/2  |00100110 |18199


---------------
Opcode: C9
ll: 02
Instruction:CMP Addressing Mode:Immediate - Operand (Value: "0x02", Address: "None")
Instruction cycle count set to 2
A |X |Y |SP |PC   |T/MT |NV-BDIZC |CYCLE
----------------------------------------
00|00|00|FE |0708 |1/2  |10100100 |18200
00|00|00|FE |0708 |2/2  |10100100 |18201


---------------
Opcode: D0
ll: F8
Old PC: 070A Offset:-8 New PC: 0702
Instruction:BNE Addressing Mode:Relative - Operand (Value: "None", Address: "0x0702")
Instruction cycle count set to 2
A |X |Y |SP |PC   |T/MT |NV-BDIZC |CYCLE
----------------------------------------
00|00|00|FE |0702 |1/3  |10100100 |18202
00|00|00|FE |0702 |2/3  |10100100 |18203
00|00|00|FE |0702 |3/3  |10100100 |18204


---------------
Opcode: 8D
ll: 00 hh: A0
Instruction:STA Addressing Mode:Absolute - Operand (Value: "0x00", Address: "0xA000")
Writing value 0x00 to address: 0xA000
0xA000: 0x00
Instruction cycle count set to 4
A |X |Y |SP |PC   |T/MT |NV-BDIZC |CYCLE
----------------------------------------
00|00|00|FE |0705 |1/4  |10100100 |18205
00|00|00|FE |0705 |2/4  |10100100 |18206
00|00|00|FE |0705 |3/4  |10100100 |18207
00|00|00|FE |0705 |4/4  |10100100 |18208


---------------
Opcode: 4A
Instruction:LSR Addressing Mode:Accumulator - Operand (Value: "0x00", Address: "None")
Instruction cycle count set to 2
A |X |Y |SP |PC   |T/MT |NV-BDIZC |CYCLE
----------------------------------------
00|00|00|FE |0706 |1/2  |00100110 |18209
00|00|00|FE |0706 |2/2  |00100110 |18210


---------------
Opcode: C9
ll: 02
Instruction:CMP Addressing Mode:Immediate - Operand (Value: "0x02", Address: "None")
Instruction cycle count set to 2
A |X |Y |SP |PC   |T/MT |NV-BDIZC |CYCLE
----------------------------------------
00|00|00|FE |0708 |1/2  |10100100 |18211
00|00|00|FE |0708 |2/2  |10100100 |18212


---------------
Opcode: D0
ll: F8
Old PC: 070A Offset:-8 New PC: 0702
Instruction:BNE Addressing Mode:Relative - Operand (Value: "None", Address: "0x0702")
Instruction cycle count set to 2
A |X |Y |SP |PC   |T/MT |NV-BDIZC |CYCLE
----------------------------------------
00|00|00|FE |0702 |1/3  |10100100 |18213
00|00|00|FE |0702 |2/3  |10100100 |18214
00|00|00|FE |0702 |3/3  |10100100 |18215


---------------
Opcode: 8D
ll: 00 hh: A0
Instruction:STA Addressing Mode:Absolute - Operand (Value: "0x00", Address: "0xA000")
Writing value 0x00 to address: 0xA000
0xA000: 0x00
Instruction cycle count set to 4
A |X |Y |SP |PC   |T/MT |NV-BDIZC |CYCLE
----------------------------------------
00|00|00|FE |0705 |1/4  |10100100 |18216
00|00|00|FE |0705 |2/4  |10100100 |18217
00|00|00|FE |0705 |3/4  |10100100 |18218
00|00|00|FE |0705 |4/4  |10100100 |18219


---------------
Opcode: 4A
Instruction:LSR Addressing Mode:Accumulator - Operand (Value: "0x00", Address: "None")
Instruction cycle count set to 2
A |X |Y |SP |PC   |T/MT |NV-BDIZC |CYCLE
----------------------------------------
00|00|00|FE |0706 |1/2  |00100110 |18220
00|00|00|FE |0706 |2/2  |00100110 |18221


---------------
Opcode: C9
ll: 02
Instruction:CMP Addressing Mode:Immediate - Operand (Value: "0x02", Address: "None")
Instruction cycle count set to 2
A |X |Y |SP |PC   |T/MT |NV-BDIZC |CYCLE
----------------------------------------
00|00|00|FE |0708 |1/2  |10100100 |18222
00|00|00|FE |0708 |2/2  |10100100 |18223


---------------
Opcode: D0
ll: F8
Old PC: 070A Offset:-8 New PC: 0702
Instruction:BNE Addressing Mode:Relative - Operand (Value: "None", Address: "0x0702")
Instruction cycle count set to 2
A |X |Y |SP |PC   |T/MT |NV-BDIZC |CYCLE
----------------------------------------
00|00|00|FE |0702 |1/3  |10100100 |18224
00|00|00|FE |0702 |2/3  |10100100 |18225
00|00|00|FE |0702 |3/3  |10100100 |18226


---------------
Opcode: 8D
ll: 00 hh: A0
Instruction:STA Addressing Mode:Absolute - Operand (Value: "0x00", Address: "0xA000")
Writing value 0x00 to address: 0xA000
0xA000: 0x00
Instruction cycle count set to 4
A |X |Y |SP |PC   |T/MT |NV-BDIZC |CYCLE
----------------------------------------
00|00|00|FE |0705 |1/4  |10100100 |18227
00|00|00|FE |0705 |2/4  |10100100 |18228
00|00|00|FE |0705 |3/4  |10100100 |18229
00|00|00|FE |0705 |4/4  |10100100 |18230


---------------
Opcode: 4A
Instruction:LSR Addressing Mode:Accumulator - Operand (Value: "0x00", Address: "None")
Instruction cycle count set to 2
A |X |Y |SP |PC   |T/MT |NV-BDIZC |CYCLE
----------------------------------------
00|00|00|FE |0706 |1/2  |00100110 |18231
00|00|00|FE |0706 |2/2  |00100110 |18232


---------------
Opcode: C9
ll: 02
Instruction:CMP Addressing Mode:Immediate - Operand (Value: "0x02", Address: "None")
Instruction cycle count set to 2
A |X |Y |SP |PC   |T/MT |NV-BDIZC |CYCLE
----------------------------------------
00|00|00|FE |0708 |1/2  |10100100 |18233
00|00|00|FE |0708 |2/2  |10100100 |18234


---------------
Opcode: D0
ll: F8
Old PC: 070A Offset:-8 New PC: 0702
Instruction:BNE Addressing Mode:Relative - Operand (Value: "None", Address: "0x0702")
Instruction cycle count set to 2
A |X |Y |SP |PC   |T/MT |NV-BDIZC |CYCLE
----------------------------------------
00|00|00|FE |0702 |1/3  |10100100 |18235
00|00|00|FE |0702 |2/3  |10100100 |18236
00|00|00|FE |0702 |3/3  |10100100 |18237


---------------
Opcode: 8D
ll: 00 hh: A0
Instruction:STA Addressing Mode:Absolute - Operand (Value: "0x00", Address: "0xA000")
Writing value 0x00 to address: 0xA000
0xA000: 0x00
Instruction cycle count set to 4
A |X |Y |SP |PC   |T/MT |NV-BDIZC |CYCLE
----------------------------------------
00|00|00|FE |0705 |1/4  |10100100 |18238
00|00|00|FE |0705 |2/4  |10100100 |18239
00|00|00|FE |0705 |3/4  |10100100 |18240
00|00|00|FE |0705 |4/4  |10100100 |18241


---------------
Opcode: 4A
Instruction:LSR Addressing Mode:Accumulator - Operand (Value: "0x00", Address: "None")
Instruction cycle count set to 2
A |X |Y |SP |PC   |T/MT |NV-BDIZC |CYCLE
----------------------------------------
00|00|00|FE |0706 |1/2  |00100110 |18242
00|00|00|FE |0706 |2/2  |00100110 |18243


---------------
Opcode: C9
ll: 02
Instruction:CMP Addressing Mode:Immediate - Operand (Value: "0x02", Address: "None")
Instruction cycle count set to 2
A |X |Y |SP |PC   |T/MT |NV-BDIZC |CYCLE
----------------------------------------
00|00|00|FE |0708 |1/2  |10100100 |18244
00|00|00|FE |0708 |2/2  |10100100 |18245


---------------
Opcode: D0
ll: F8
Old PC: 070A Offset:-8 New PC: 0702
Instruction:BNE Addressing Mode:Relative - Operand (Value: "None", Address: "0x0702")
Instruction cycle count set to 2
A |X |Y |SP |PC   |T/MT |NV-BDIZC |CYCLE
----------------------------------------
00|00|00|FE |0702 |1/3  |10100100 |18246
00|00|00|FE |0702 |2/3  |10100100 |18247
00|00|00|FE |0702 |3/3  |10100100 |18248


---------------
Opcode: 8D
ll: 00 hh: A0
Instruction:STA Addressing Mode:Absolute - Operand (Value: "0x00", Address: "0xA000")
Writing value 0x00 to address: 0xA000
0xA000: 0x00
Instruction cycle count set to 4
A |X |Y |SP |PC   |T/MT |NV-BDIZC |CYCLE
----------------------------------------
00|00|00|FE |0705 |1/4  |10100100 |18249
00|00|00|FE |0705 |2/4  |10100100 |18250
00|00|00|FE |0705 |3/4  |10100100 |18251
00|00|00|FE |0705 |4/4  |10100100 |18252


---------------
Opcode: 4A
Instruction:LSR Addressing Mode:Accumulator - Operand (Value: "0x00", Address: "None")
Instruction cycle count set to 2
A |X |Y |SP |PC   |T/MT |NV-BDIZC |CYCLE
----------------------------------------
00|00|00|FE |0706 |1/2  |00100110 |18253
00|00|00|FE |0706 |2/2  |00100110 |18254


---------------
Opcode: C9
ll: 02
Instruction:CMP Addressing Mode:Immediate - Operand (Value: "0x02", Address: "None")
Instruction cycle count set to 2
A |X |Y |SP |PC   |T/MT |NV-BDIZC |CYCLE
----------------------------------------
00|00|00|FE |0708 |1/2  |10100100 |18255
00|00|00|FE |0708 |2/2  |10100100 |18256


---------------
Opcode: D0
ll: F8
Old PC: 070A Offset:-8 New PC: 0702
Instruction:BNE Addressing Mode:Relative - Operand (Value: "None", Address: "0x0702")
Instruction cycle count set to 2
A |X |Y |SP |PC   |T/MT |NV-BDIZC |CYCLE
----------------------------------------
00|00|00|FE |0702 |1/3  |10100100 |18257
00|00|00|FE |0702 |2/3  |10100100 |18258
00|00|00|FE |0702 |3/3  |10100100 |18259


---------------
Opcode: 8D
ll: 00 hh: A0
Instruction:STA Addressing Mode:Absolute - Operand (Value: "0x00", Address: "0xA000")
Writing value 0x00 to address: 0xA000
0xA000: 0x00
Instruction cycle count set to 4
A |X |Y |SP |PC   |T/MT |NV-BDIZC |CYCLE
----------------------------------------
00|00|00|FE |0705 |1/4  |10100100 |18260
00|00|00|FE |0705 |2/4  |10100100 |18261
00|00|00|FE |0705 |3/4  |10100100 |18262
00|00|00|FE |0705 |4/4  |10100100 |18263


---------------
Opcode: 4A
Instruction:LSR Addressing Mode:Accumulator - Operand (Value: "0x00", Address: "None")
Instruction cycle count set to 2
A |X |Y |SP |PC   |T/MT |NV-BDIZC |CYCLE
----------------------------------------
00|00|00|FE |0706 |1/2  |00100110 |18264
00|00|00|FE |0706 |2/2  |00100110 |18265


---------------
Opcode: C9
ll: 02
Instruction:CMP Addressing Mode:Immediate - Operand (Value: "0x02", Address: "None")
Instruction cycle count set to 2
A |X |Y |SP |PC   |T/MT |NV-BDIZC |CYCLE
----------------------------------------
00|00|00|FE |0708 |1/2  |10100100 |18266
00|00|00|FE |0708 |2/2  |10100100 |18267


---------------
Opcode: D0
ll: F8
Old PC: 070A Offset:-8 New PC: 0702
Instruction:BNE Addressing Mode:Relative - Operand (Value: "None", Address: "0x0702")
Instruction cycle count set to 2
A |X |Y |SP |PC   |T/MT |NV-BDIZC |CYCLE
----------------------------------------
00|00|00|FE |0702 |1/3  |10100100 |18268
00|00|00|FE |0702 |2/3  |10100100 |18269
00|00|00|FE |0702 |3/3  |10100100 |18270


---------------
Opcode: 8D
ll: 00 hh: A0
Instruction:STA Addressing Mode:Absolute - Operand (Value: "0x00", Address: "0xA000")
Writing value 0x00 to address: 0xA000
0xA000: 0x00
Instruction cycle count set to 4
A |X |Y |SP |PC   |T/MT |NV-BDIZC |CYCLE
----------------------------------------
00|00|00|FE |0705 |1/4  |10100100 |18271
00|00|00|FE |0705 |2/4  |10100100 |18272
00|00|00|FE |0705 |3/4  |10100100 |18273
00|00|00|FE |0705 |4/4  |10100100 |18274


---------------
Opcode: 4A
Instruction:LSR Addressing Mode:Accumulator - Operand (Value: "0x00", Address: "None")
Instruction cycle count set to 2
A |X |Y |SP |PC   |T/MT |NV-BDIZC |CYCLE
----------------------------------------
00|00|00|FE |0706 |1/2  |00100110 |18275
00|00|00|FE |0706 |2/2  |00100110 |18276


---------------
Opcode: C9
ll: 02
Instruction:CMP Addressing Mode:Immediate - Operand (Value: "0x02", Address: "None")
Instruction cycle count set to 2
A |X |Y |SP |PC   |T/MT |NV-BDIZC |CYCLE
----------------------------------------
00|00|00|FE |0708 |1/2  |10100100 |18277
00|00|00|FE |0708 |2/2  |10100100 |18278


---------------
Opcode: D0
ll: F8
Old PC: 070A Offset:-8 New PC: 0702
Instruction:BNE Addressing Mode:Relative - Operand (Value: "None", Address: "0x0702")
Instruction cycle count set to 2
A |X |Y |SP |PC   |T/MT |NV-BDIZC |CYCLE
----------------------------------------
00|00|00|FE |0702 |1/3  |10100100 |18279
00|00|00|FE |0702 |2/3  |10100100 |18280
00|00|00|FE |0702 |3/3  |10100100 |18281


---------------
Opcode: 8D
ll: 00 hh: A0
Instruction:STA Addressing Mode:Absolute - Operand (Value: "0x00", Address: "0xA000")
Writing value 0x00 to address: 0xA000
0xA000: 0x00
Instruction cycle count set to 4
A |X |Y |SP |PC   |T/MT |NV-BDIZC |CYCLE
----------------------------------------
00|00|00|FE |0705 |1/4  |10100100 |18282
00|00|00|FE |0705 |2/4  |10100100 |18283
00|00|00|FE |0705 |3/4  |10100100 |18284
00|00|00|FE |0705 |4/4  |10100100 |18285


---------------
Opcode: 4A
Instruction:LSR Addressing Mode:Accumulator - Operand (Value: "0x00", Address: "None")
Instruction cycle count set to 2
A |X |Y |SP |PC   |T/MT |NV-BDIZC |CYCLE
----------------------------------------
00|00|00|FE |0706 |1/2  |00100110 |18286
00|00|00|FE |0706 |2/2  |00100110 |18287


---------------
Opcode: C9
ll: 02
Instruction:CMP Addressing Mode:Immediate - Operand (Value: "0x02", Address: "None")
Instruction cycle count set to 2
A |X |Y |SP |PC   |T/MT |NV-BDIZC |CYCLE
----------------------------------------
00|00|00|FE |0708 |1/2  |10100100 |18288
00|00|00|FE |0708 |2/2  |10100100 |18289


---------------
Opcode: D0
ll: F8
Old PC: 070A Offset:-8 New PC: 0702
Instruction:BNE Addressing Mode:Relative - Operand (Value: "None", Address: "0x0702")
Instruction cycle count set to 2
A |X |Y |SP |PC   |T/MT |NV-BDIZC |CYCLE
----------------------------------------
00|00|00|FE |0702 |1/3  |10100100 |18290
00|00|00|FE |0702 |2/3  |10100100 |18291
00|00|00|FE |0702 |3/3  |10100100 |18292


---------------
Opcode: 8D
ll: 00 hh: A0
Instruction:STA Addressing Mode:Absolute - Operand (Value: "0x00", Address: "0xA000")
Writing value 0x00 to address: 0xA000
0xA000: 0x00
Instruction cycle count set to 4
A |X |Y |SP |PC   |T/MT |NV-BDIZC |CYCLE
----------------------------------------
00|00|00|FE |0705 |1/4  |10100100 |18293
00|00|00|FE |0705 |2/4  |10100100 |18294
00|00|00|FE |0705 |3/4  |10100100 |18295
00|00|00|FE |0705 |4/4  |10100100 |18296


---------------
Opcode: 4A
Instruction:LSR Addressing Mode:Accumulator - Operand (Value: "0x00", Address: "None")
Instruction cycle count set to 2
A |X |Y |SP |PC   |T/MT |NV-BDIZC |CYCLE
----------------------------------------
00|00|00|FE |0706 |1/2  |00100110 |18297
00|00|00|FE |0706 |2/2  |00100110 |18298


---------------
Opcode: C9
ll: 02
Instruction:CMP Addressing Mode:Immediate - Operand (Value: "0x02", Address: "None")
Instruction cycle count set to 2
A |X |Y |SP |PC   |T/MT |NV-BDIZC |CYCLE
----------------------------------------
00|00|00|FE |0708 |1/2  |10100100 |18299
00|00|00|FE |0708 |2/2  |10100100 |18300


---------------
Opcode: D0
ll: F8
Old PC: 070A Offset:-8 New PC: 0702
Instruction:BNE Addressing Mode:Relative - Operand (Value: "None", Address: "0x0702")
Instruction cycle count set to 2
A |X |Y |SP |PC   |T/MT |NV-BDIZC |CYCLE
----------------------------------------
00|00|00|FE |0702 |1/3  |10100100 |18301
00|00|00|FE |0702 |2/3  |10100100 |18302
00|00|00|FE |0702 |3/3  |10100100 |18303


---------------
Opcode: 8D
ll: 00 hh: A0
Instruction:STA Addressing Mode:Absolute - Operand (Value: "0x00", Address: "0xA000")
Writing value 0x00 to address: 0xA000
0xA000: 0x00
Instruction cycle count set to 4
A |X |Y |SP |PC   |T/MT |NV-BDIZC |CYCLE
----------------------------------------
00|00|00|FE |0705 |1/4  |10100100 |18304
00|00|00|FE |0705 |2/4  |10100100 |18305
00|00|00|FE |0705 |3/4  |10100100 |18306
00|00|00|FE |0705 |4/4  |10100100 |18307


---------------
Opcode: 4A
Instruction:LSR Addressing Mode:Accumulator - Operand (Value: "0x00", Address: "None")
Instruction cycle count set to 2
A |X |Y |SP |PC   |T/MT |NV-BDIZC |CYCLE
----------------------------------------
00|00|00|FE |0706 |1/2  |00100110 |18308
00|00|00|FE |0706 |2/2  |00100110 |18309


---------------
Opcode: C9
ll: 02
Instruction:CMP Addressing Mode:Immediate - Operand (Value: "0x02", Address: "None")
Instruction cycle count set to 2
A |X |Y |SP |PC   |T/MT |NV-BDIZC |CYCLE
----------------------------------------
00|00|00|FE |0708 |1/2  |10100100 |18310
00|00|00|FE |0708 |2/2  |10100100 |18311


---------------
Opcode: D0
ll: F8
Old PC: 070A Offset:-8 New PC: 0702
Instruction:BNE Addressing Mode:Relative - Operand (Value: "None", Address: "0x0702")
Instruction cycle count set to 2
A |X |Y |SP |PC   |T/MT |NV-BDIZC |CYCLE
----------------------------------------
00|00|00|FE |0702 |1/3  |10100100 |18312
00|00|00|FE |0702 |2/3  |10100100 |18313
00|00|00|FE |0702 |3/3  |10100100 |18314


---------------
Opcode: 8D
ll: 00 hh: A0
Instruction:STA Addressing Mode:Absolute - Operand (Value: "0x00", Address: "0xA000")
Writing value 0x00 to address: 0xA000
0xA000: 0x00
Instruction cycle count set to 4
A |X |Y |SP |PC   |T/MT |NV-BDIZC |CYCLE
----------------------------------------
00|00|00|FE |0705 |1/4  |10100100 |18315
00|00|00|FE |0705 |2/4  |10100100 |18316
00|00|00|FE |0705 |3/4  |10100100 |18317
00|00|00|FE |0705 |4/4  |10100100 |18318


---------------
Opcode: 4A
Instruction:LSR Addressing Mode:Accumulator - Operand (Value: "0x00", Address: "None")
Instruction cycle count set to 2
A |X |Y |SP |PC   |T/MT |NV-BDIZC |CYCLE
----------------------------------------
00|00|00|FE |0706 |1/2  |00100110 |18319
00|00|00|FE |0706 |2/2  |00100110 |18320


---------------
Opcode: C9
ll: 02
Instruction:CMP Addressing Mode:Immediate - Operand (Value: "0x02", Address: "None")
Instruction cycle count set to 2
A |X |Y |SP |PC   |T/MT |NV-BDIZC |CYCLE
----------------------------------------
00|00|00|FE |0708 |1/2  |10100100 |18321
00|00|00|FE |0708 |2/2  |10100100 |18322


---------------
Opcode: D0
ll: F8
Old PC: 070A Offset:-8 New PC: 0702
Instruction:BNE Addressing Mode:Relative - Operand (Value: "None", Address: "0x0702")
Instruction cycle count set to 2
A |X |Y |SP |PC   |T/MT |NV-BDIZC |CYCLE
----------------------------------------
00|00|00|FE |0702 |1/3  |10100100 |18323
00|00|00|FE |0702 |2/3  |10100100 |18324
00|00|00|FE |0702 |3/3  |10100100 |18325


---------------
Opcode: 8D
ll: 00 hh: A0
Instruction:STA Addressing Mode:Absolute - Operand (Value: "0x00", Address: "0xA000")
Writing value 0x00 to address: 0xA000
0xA000: 0x00
Instruction cycle count set to 4
A |X |Y |SP |PC   |T/MT |NV-BDIZC |CYCLE
----------------------------------------
00|00|00|FE |0705 |1/4  |10100100 |18326
00|00|00|FE |0705 |2/4  |10100100 |18327
00|00|00|FE |0705 |3/4  |10100100 |18328
00|00|00|FE |0705 |4/4  |10100100 |18329


---------------
Opcode: 4A
Instruction:LSR Addressing Mode:Accumulator - Operand (Value: "0x00", Address: "None")
Instruction cycle count set to 2
A |X |Y |SP |PC   |T/MT |NV-BDIZC |CYCLE
----------------------------------------
00|00|00|FE |0706 |1/2  |00100110 |18330
00|00|00|FE |0706 |2/2  |00100110 |18331


---------------
Opcode: C9
ll: 02
Instruction:CMP Addressing Mode:Immediate - Operand (Value: "0x02", Address: "None")
Instruction cycle count set to 2
A |X |Y |SP |PC   |T/MT |NV-BDIZC |CYCLE
----------------------------------------
00|00|00|FE |0708 |1/2  |10100100 |18332
00|00|00|FE |0708 |2/2  |10100100 |18333


---------------
Opcode: D0
ll: F8
Old PC: 070A Offset:-8 New PC: 0702
Instruction:BNE Addressing Mode:Relative - Operand (Value: "None", Address: "0x0702")
Instruction cycle count set to 2
A |X |Y |SP |PC   |T/MT |NV-BDIZC |CYCLE
----------------------------------------
00|00|00|FE |0702 |1/3  |10100100 |18334
00|00|00|FE |0702 |2/3  |10100100 |18335
00|00|00|FE |0702 |3/3  |10100100 |18336


---------------
Opcode: 8D
ll: 00 hh: A0
Instruction:STA Addressing Mode:Absolute - Operand (Value: "0x00", Address: "0xA000")
Writing value 0x00 to address: 0xA000
0xA000: 0x00
Instruction cycle count set to 4
A |X |Y |SP |PC   |T/MT |NV-BDIZC |CYCLE
----------------------------------------
00|00|00|FE |0705 |1/4  |10100100 |18337
00|00|00|FE |0705 |2/4  |10100100 |18338
00|00|00|FE |0705 |3/4  |10100100 |18339
00|00|00|FE |0705 |4/4  |10100100 |18340


---------------
Opcode: 4A
Instruction:LSR Addressing Mode:Accumulator - Operand (Value: "0x00", Address: "None")
Instruction cycle count set to 2
A |X |Y |SP |PC   |T/MT |NV-BDIZC |CYCLE
----------------------------------------
00|00|00|FE |0706 |1/2  |00100110 |18341
00|00|00|FE |0706 |2/2  |00100110 |18342


---------------
Opcode: C9
ll: 02
Instruction:CMP Addressing Mode:Immediate - Operand (Value: "0x02", Address: "None")
Instruction cycle count set to 2
A |X |Y |SP |PC   |T/MT |NV-BDIZC |CYCLE
----------------------------------------
00|00|00|FE |0708 |1/2  |10100100 |18343
00|00|00|FE |0708 |2/2  |10100100 |18344


---------------
Opcode: D0
ll: F8
Old PC: 070A Offset:-8 New PC: 0702
Instruction:BNE Addressing Mode:Relative - Operand (Value: "None", Address: "0x0702")
Instruction cycle count set to 2
A |X |Y |SP |PC   |T/MT |NV-BDIZC |CYCLE
----------------------------------------
00|00|00|FE |0702 |1/3  |10100100 |18345
00|00|00|FE |0702 |2/3  |10100100 |18346
00|00|00|FE |0702 |3/3  |10100100 |18347


---------------
Opcode: 8D
ll: 00 hh: A0
Instruction:STA Addressing Mode:Absolute - Operand (Value: "0x00", Address: "0xA000")
Writing value 0x00 to address: 0xA000
0xA000: 0x00
Instruction cycle count set to 4
A |X |Y |SP |PC   |T/MT |NV-BDIZC |CYCLE
----------------------------------------
00|00|00|FE |0705 |1/4  |10100100 |18348
00|00|00|FE |0705 |2/4  |10100100 |18349
00|00|00|FE |0705 |3/4  |10100100 |18350
00|00|00|FE |0705 |4/4  |10100100 |18351


---------------
Opcode: 4A
Instruction:LSR Addressing Mode:Accumulator - Operand (Value: "0x00", Address: "None")
Instruction cycle count set to 2
A |X |Y |SP |PC   |T/MT |NV-BDIZC |CYCLE
----------------------------------------
00|00|00|FE |0706 |1/2  |00100110 |18352
00|00|00|FE |0706 |2/2  |00100110 |18353


---------------
Opcode: C9
ll: 02
Instruction:CMP Addressing Mode:Immediate - Operand (Value: "0x02", Address: "None")
Instruction cycle count set to 2
A |X |Y |SP |PC   |T/MT |NV-BDIZC |CYCLE
----------------------------------------
00|00|00|FE |0708 |1/2  |10100100 |18354
00|00|00|FE |0708 |2/2  |10100100 |18355


---------------
Opcode: D0
ll: F8
Old PC: 070A Offset:-8 New PC: 0702
Instruction:BNE Addressing Mode:Relative - Operand (Value: "None", Address: "0x0702")
Instruction cycle count set to 2
A |X |Y |SP |PC   |T/MT |NV-BDIZC |CYCLE
----------------------------------------
00|00|00|FE |0702 |1/3  |10100100 |18356
00|00|00|FE |0702 |2/3  |10100100 |18357
00|00|00|FE |0702 |3/3  |10100100 |18358


---------------
Opcode: 8D
ll: 00 hh: A0
Instruction:STA Addressing Mode:Absolute - Operand (Value: "0x00", Address: "0xA000")
Writing value 0x00 to address: 0xA000
0xA000: 0x00
Instruction cycle count set to 4
A |X |Y |SP |PC   |T/MT |NV-BDIZC |CYCLE
----------------------------------------
00|00|00|FE |0705 |1/4  |10100100 |18359
00|00|00|FE |0705 |2/4  |10100100 |18360
00|00|00|FE |0705 |3/4  |10100100 |18361
00|00|00|FE |0705 |4/4  |10100100 |18362


---------------
Opcode: 4A
Instruction:LSR Addressing Mode:Accumulator - Operand (Value: "0x00", Address: "None")
Instruction cycle count set to 2
A |X |Y |SP |PC   |T/MT |NV-BDIZC |CYCLE
----------------------------------------
00|00|00|FE |0706 |1/2  |00100110 |18363
00|00|00|FE |0706 |2/2  |00100110 |18364


---------------
Opcode: C9
ll: 02
Instruction:CMP Addressing Mode:Immediate - Operand (Value: "0x02", Address: "None")
Instruction cycle count set to 2
A |X |Y |SP |PC   |T/MT |NV-BDIZC |CYCLE
----------------------------------------
00|00|00|FE |0708 |1/2  |10100100 |18365
00|00|00|FE |0708 |2/2  |10100100 |18366


---------------
Opcode: D0
ll: F8
Old PC: 070A Offset:-8 New PC: 0702
Instruction:BNE Addressing Mode:Relative - Operand (Value: "None", Address: "0x0702")
Instruction cycle count set to 2
A |X |Y |SP |PC   |T/MT |NV-BDIZC |CYCLE
----------------------------------------
00|00|00|FE |0702 |1/3  |10100100 |18367
00|00|00|FE |0702 |2/3  |10100100 |18368
00|00|00|FE |0702 |3/3  |10100100 |18369


---------------
Opcode: 8D
ll: 00 hh: A0
Instruction:STA Addressing Mode:Absolute - Operand (Value: "0x00", Address: "0xA000")
Writing value 0x00 to address: 0xA000
0xA000: 0x00
Instruction cycle count set to 4
A |X |Y |SP |PC   |T/MT |NV-BDIZC |CYCLE
----------------------------------------
00|00|00|FE |0705 |1/4  |10100100 |18370
00|00|00|FE |0705 |2/4  |10100100 |18371
00|00|00|FE |0705 |3/4  |10100100 |18372
00|00|00|FE |0705 |4/4  |10100100 |18373


---------------
Opcode: 4A
Instruction:LSR Addressing Mode:Accumulator - Operand (Value: "0x00", Address: "None")
Instruction cycle count set to 2
A |X |Y |SP |PC   |T/MT |NV-BDIZC |CYCLE
----------------------------------------
00|00|00|FE |0706 |1/2  |00100110 |18374
00|00|00|FE |0706 |2/2  |00100110 |18375


---------------
Opcode: C9
ll: 02
Instruction:CMP Addressing Mode:Immediate - Operand (Value: "0x02", Address: "None")
Instruction cycle count set to 2
A |X |Y |SP |PC   |T/MT |NV-BDIZC |CYCLE
----------------------------------------
00|00|00|FE |0708 |1/2  |10100100 |18376
00|00|00|FE |0708 |2/2  |10100100 |18377


---------------
Opcode: D0
ll: F8
Old PC: 070A Offset:-8 New PC: 0702
Instruction:BNE Addressing Mode:Relative - Operand (Value: "None", Address: "0x0702")
Instruction cycle count set to 2
A |X |Y |SP |PC   |T/MT |NV-BDIZC |CYCLE
----------------------------------------
00|00|00|FE |0702 |1/3  |10100100 |18378
00|00|00|FE |0702 |2/3  |10100100 |18379
00|00|00|FE |0702 |3/3  |10100100 |18380


---------------
Opcode: 8D
ll: 00 hh: A0
Instruction:STA Addressing Mode:Absolute - Operand (Value: "0x00", Address: "0xA000")
Writing value 0x00 to address: 0xA000
0xA000: 0x00
Instruction cycle count set to 4
A |X |Y |SP |PC   |T/MT |NV-BDIZC |CYCLE
----------------------------------------
00|00|00|FE |0705 |1/4  |10100100 |18381
00|00|00|FE |0705 |2/4  |10100100 |18382
00|00|00|FE |0705 |3/4  |10100100 |18383
00|00|00|FE |0705 |4/4  |10100100 |18384


---------------
Opcode: 4A
Instruction:LSR Addressing Mode:Accumulator - Operand (Value: "0x00", Address: "None")
Instruction cycle count set to 2
A |X |Y |SP |PC   |T/MT |NV-BDIZC |CYCLE
----------------------------------------
00|00|00|FE |0706 |1/2  |00100110 |18385
00|00|00|FE |0706 |2/2  |00100110 |18386


---------------
Opcode: C9
ll: 02
Instruction:CMP Addressing Mode:Immediate - Operand (Value: "0x02", Address: "None")
Instruction cycle count set to 2
A |X |Y |SP |PC   |T/MT |NV-BDIZC |CYCLE
----------------------------------------
00|00|00|FE |0708 |1/2  |10100100 |18387
00|00|00|FE |0708 |2/2  |10100100 |18388


---------------
Opcode: D0
ll: F8
Old PC: 070A Offset:-8 New PC: 0702
Instruction:BNE Addressing Mode:Relative - Operand (Value: "None", Address: "0x0702")
Instruction cycle count set to 2
A |X |Y |SP |PC   |T/MT |NV-BDIZC |CYCLE
----------------------------------------
00|00|00|FE |0702 |1/3  |10100100 |18389
00|00|00|FE |0702 |2/3  |10100100 |18390
00|00|00|FE |0702 |3/3  |10100100 |18391


---------------
Opcode: 8D
ll: 00 hh: A0
Instruction:STA Addressing Mode:Absolute - Operand (Value: "0x00", Address: "0xA000")
Writing value 0x00 to address: 0xA000
0xA000: 0x00
Instruction cycle count set to 4
A |X |Y |SP |PC   |T/MT |NV-BDIZC |CYCLE
----------------------------------------
00|00|00|FE |0705 |1/4  |10100100 |18392
00|00|00|FE |0705 |2/4  |10100100 |18393
00|00|00|FE |0705 |3/4  |10100100 |18394
00|00|00|FE |0705 |4/4  |10100100 |18395


---------------
Opcode: 4A
Instruction:LSR Addressing Mode:Accumulator - Operand (Value: "0x00", Address: "None")
Instruction cycle count set to 2
A |X |Y |SP |PC   |T/MT |NV-BDIZC |CYCLE
----------------------------------------
00|00|00|FE |0706 |1/2  |00100110 |18396
00|00|00|FE |0706 |2/2  |00100110 |18397


---------------
Opcode: C9
ll: 02
Instruction:CMP Addressing Mode:Immediate - Operand (Value: "0x02", Address: "None")
Instruction cycle count set to 2
A |X |Y |SP |PC   |T/MT |NV-BDIZC |CYCLE
----------------------------------------
00|00|00|FE |0708 |1/2  |10100100 |18398
00|00|00|FE |0708 |2/2  |10100100 |18399


---------------
Opcode: D0
ll: F8
Old PC: 070A Offset:-8 New PC: 0702
Instruction:BNE Addressing Mode:Relative - Operand (Value: "None", Address: "0x0702")
Instruction cycle count set to 2
A |X |Y |SP |PC   |T/MT |NV-BDIZC |CYCLE
----------------------------------------
00|00|00|FE |0702 |1/3  |10100100 |18400
00|00|00|FE |0702 |2/3  |10100100 |18401
00|00|00|FE |0702 |3/3  |10100100 |18402


---------------
Opcode: 8D
ll: 00 hh: A0
Instruction:STA Addressing Mode:Absolute - Operand (Value: "0x00", Address: "0xA000")
Writing value 0x00 to address: 0xA000
0xA000: 0x00
Instruction cycle count set to 4
A |X |Y |SP |PC   |T/MT |NV-BDIZC |CYCLE
----------------------------------------
00|00|00|FE |0705 |1/4  |10100100 |18403
00|00|00|FE |0705 |2/4  |10100100 |18404
00|00|00|FE |0705 |3/4  |10100100 |18405
00|00|00|FE |0705 |4/4  |10100100 |18406


---------------
Opcode: 4A
Instruction:LSR Addressing Mode:Accumulator - Operand (Value: "0x00", Address: "None")
Instruction cycle count set to 2
A |X |Y |SP |PC   |T/MT |NV-BDIZC |CYCLE
----------------------------------------
00|00|00|FE |0706 |1/2  |00100110 |18407
00|00|00|FE |0706 |2/2  |00100110 |18408


---------------
Opcode: C9
ll: 02
Instruction:CMP Addressing Mode:Immediate - Operand (Value: "0x02", Address: "None")
Instruction cycle count set to 2
A |X |Y |SP |PC   |T/MT |NV-BDIZC |CYCLE
----------------------------------------
00|00|00|FE |0708 |1/2  |10100100 |18409
00|00|00|FE |0708 |2/2  |10100100 |18410


---------------
Opcode: D0
ll: F8
Old PC: 070A Offset:-8 New PC: 0702
Instruction:BNE Addressing Mode:Relative - Operand (Value: "None", Address: "0x0702")
Instruction cycle count set to 2
A |X |Y |SP |PC   |T/MT |NV-BDIZC |CYCLE
----------------------------------------
00|00|00|FE |0702 |1/3  |10100100 |18411
00|00|00|FE |0702 |2/3  |10100100 |18412
00|00|00|FE |0702 |3/3  |10100100 |18413


---------------
Opcode: 8D
ll: 00 hh: A0
Instruction:STA Addressing Mode:Absolute - Operand (Value: "0x00", Address: "0xA000")
Writing value 0x00 to address: 0xA000
0xA000: 0x00
Instruction cycle count set to 4
A |X |Y |SP |PC   |T/MT |NV-BDIZC |CYCLE
----------------------------------------
00|00|00|FE |0705 |1/4  |10100100 |18414
00|00|00|FE |0705 |2/4  |10100100 |18415
00|00|00|FE |0705 |3/4  |10100100 |18416
00|00|00|FE |0705 |4/4  |10100100 |18417


---------------
Opcode: 4A
Instruction:LSR Addressing Mode:Accumulator - Operand (Value: "0x00", Address: "None")
Instruction cycle count set to 2
A |X |Y |SP |PC   |T/MT |NV-BDIZC |CYCLE
----------------------------------------
00|00|00|FE |0706 |1/2  |00100110 |18418
00|00|00|FE |0706 |2/2  |00100110 |18419


---------------
Opcode: C9
ll: 02
Instruction:CMP Addressing Mode:Immediate - Operand (Value: "0x02", Address: "None")
Instruction cycle count set to 2
A |X |Y |SP |PC   |T/MT |NV-BDIZC |CYCLE
----------------------------------------
00|00|00|FE |0708 |1/2  |10100100 |18420
00|00|00|FE |0708 |2/2  |10100100 |18421


---------------
Opcode: D0
ll: F8
Old PC: 070A Offset:-8 New PC: 0702
Instruction:BNE Addressing Mode:Relative - Operand (Value: "None", Address: "0x0702")
Instruction cycle count set to 2
A |X |Y |SP |PC   |T/MT |NV-BDIZC |CYCLE
----------------------------------------
00|00|00|FE |0702 |1/3  |10100100 |18422
00|00|00|FE |0702 |2/3  |10100100 |18423
00|00|00|FE |0702 |3/3  |10100100 |18424


---------------
Opcode: 8D
ll: 00 hh: A0
Instruction:STA Addressing Mode:Absolute - Operand (Value: "0x00", Address: "0xA000")
Writing value 0x00 to address: 0xA000
0xA000: 0x00
Instruction cycle count set to 4
A |X |Y |SP |PC   |T/MT |NV-BDIZC |CYCLE
----------------------------------------
00|00|00|FE |0705 |1/4  |10100100 |18425
00|00|00|FE |0705 |2/4  |10100100 |18426
00|00|00|FE |0705 |3/4  |10100100 |18427
00|00|00|FE |0705 |4/4  |10100100 |18428


---------------
Opcode: 4A
Instruction:LSR Addressing Mode:Accumulator - Operand (Value: "0x00", Address: "None")
Instruction cycle count set to 2
A |X |Y |SP |PC   |T/MT |NV-BDIZC |CYCLE
----------------------------------------
00|00|00|FE |0706 |1/2  |00100110 |18429
00|00|00|FE |0706 |2/2  |00100110 |18430


---------------
Opcode: C9
ll: 02
Instruction:CMP Addressing Mode:Immediate - Operand (Value: "0x02", Address: "None")
Instruction cycle count set to 2
A |X |Y |SP |PC   |T/MT |NV-BDIZC |CYCLE
----------------------------------------
00|00|00|FE |0708 |1/2  |10100100 |18431
00|00|00|FE |0708 |2/2  |10100100 |18432


---------------
Opcode: D0
ll: F8
Old PC: 070A Offset:-8 New PC: 0702
Instruction:BNE Addressing Mode:Relative - Operand (Value: "None", Address: "0x0702")
Instruction cycle count set to 2
A |X |Y |SP |PC   |T/MT |NV-BDIZC |CYCLE
----------------------------------------
00|00|00|FE |0702 |1/3  |10100100 |18433
00|00|00|FE |0702 |2/3  |10100100 |18434
00|00|00|FE |0702 |3/3  |10100100 |18435


---------------
Opcode: 8D
ll: 00 hh: A0
Instruction:STA Addressing Mode:Absolute - Operand (Value: "0x00", Address: "0xA000")
Writing value 0x00 to address: 0xA000
0xA000: 0x00
Instruction cycle count set to 4
A |X |Y |SP |PC   |T/MT |NV-BDIZC |CYCLE
----------------------------------------
00|00|00|FE |0705 |1/4  |10100100 |18436
00|00|00|FE |0705 |2/4  |10100100 |18437
00|00|00|FE |0705 |3/4  |10100100 |18438
00|00|00|FE |0705 |4/4  |10100100 |18439


---------------
Opcode: 4A
Instruction:LSR Addressing Mode:Accumulator - Operand (Value: "0x00", Address: "None")
Instruction cycle count set to 2
A |X |Y |SP |PC   |T/MT |NV-BDIZC |CYCLE
----------------------------------------
00|00|00|FE |0706 |1/2  |00100110 |18440
00|00|00|FE |0706 |2/2  |00100110 |18441


---------------
Opcode: C9
ll: 02
Instruction:CMP Addressing Mode:Immediate - Operand (Value: "0x02", Address: "None")
Instruction cycle count set to 2
A |X |Y |SP |PC   |T/MT |NV-BDIZC |CYCLE
----------------------------------------
00|00|00|FE |0708 |1/2  |10100100 |18442
00|00|00|FE |0708 |2/2  |10100100 |18443


---------------
Opcode: D0
ll: F8
Old PC: 070A Offset:-8 New PC: 0702
Instruction:BNE Addressing Mode:Relative - Operand (Value: "None", Address: "0x0702")
Instruction cycle count set to 2
A |X |Y |SP |PC   |T/MT |NV-BDIZC |CYCLE
----------------------------------------
00|00|00|FE |0702 |1/3  |10100100 |18444
00|00|00|FE |0702 |2/3  |10100100 |18445
00|00|00|FE |0702 |3/3  |10100100 |18446


---------------
Opcode: 8D
ll: 00 hh: A0
Instruction:STA Addressing Mode:Absolute - Operand (Value: "0x00", Address: "0xA000")
Writing value 0x00 to address: 0xA000
0xA000: 0x00
Instruction cycle count set to 4
A |X |Y |SP |PC   |T/MT |NV-BDIZC |CYCLE
----------------------------------------
00|00|00|FE |0705 |1/4  |10100100 |18447
00|00|00|FE |0705 |2/4  |10100100 |18448
00|00|00|FE |0705 |3/4  |10100100 |18449
00|00|00|FE |0705 |4/4  |10100100 |18450


---------------
Opcode: 4A
Instruction:LSR Addressing Mode:Accumulator - Operand (Value: "0x00", Address: "None")
Instruction cycle count set to 2
A |X |Y |SP |PC   |T/MT |NV-BDIZC |CYCLE
----------------------------------------
00|00|00|FE |0706 |1/2  |00100110 |18451
00|00|00|FE |0706 |2/2  |00100110 |18452


---------------
Opcode: C9
ll: 02
Instruction:CMP Addressing Mode:Immediate - Operand (Value: "0x02", Address: "None")
Instruction cycle count set to 2
A |X |Y |SP |PC   |T/MT |NV-BDIZC |CYCLE
----------------------------------------
00|00|00|FE |0708 |1/2  |10100100 |18453
00|00|00|FE |0708 |2/2  |10100100 |18454


---------------
Opcode: D0
ll: F8
Old PC: 070A Offset:-8 New PC: 0702
Instruction:BNE Addressing Mode:Relative - Operand (Value: "None", Address: "0x0702")
Instruction cycle count set to 2
A |X |Y |SP |PC   |T/MT |NV-BDIZC |CYCLE
----------------------------------------
00|00|00|FE |0702 |1/3  |10100100 |18455
00|00|00|FE |0702 |2/3  |10100100 |18456
00|00|00|FE |0702 |3/3  |10100100 |18457


---------------
Opcode: 8D
ll: 00 hh: A0
Instruction:STA Addressing Mode:Absolute - Operand (Value: "0x00", Address: "0xA000")
Writing value 0x00 to address: 0xA000
0xA000: 0x00
Instruction cycle count set to 4
A |X |Y |SP |PC   |T/MT |NV-BDIZC |CYCLE
----------------------------------------
00|00|00|FE |0705 |1/4  |10100100 |18458
00|00|00|FE |0705 |2/4  |10100100 |18459
00|00|00|FE |0705 |3/4  |10100100 |18460
00|00|00|FE |0705 |4/4  |10100100 |18461


---------------
Opcode: 4A
Instruction:LSR Addressing Mode:Accumulator - Operand (Value: "0x00", Address: "None")
Instruction cycle count set to 2
A |X |Y |SP |PC   |T/MT |NV-BDIZC |CYCLE
----------------------------------------
00|00|00|FE |0706 |1/2  |00100110 |18462
00|00|00|FE |0706 |2/2  |00100110 |18463


---------------
Opcode: C9
ll: 02
Instruction:CMP Addressing Mode:Immediate - Operand (Value: "0x02", Address: "None")
Instruction cycle count set to 2
A |X |Y |SP |PC   |T/MT |NV-BDIZC |CYCLE
----------------------------------------
00|00|00|FE |0708 |1/2  |10100100 |18464
00|00|00|FE |0708 |2/2  |10100100 |18465


---------------
Opcode: D0
ll: F8
Old PC: 070A Offset:-8 New PC: 0702
Instruction:BNE Addressing Mode:Relative - Operand (Value: "None", Address: "0x0702")
Instruction cycle count set to 2
A |X |Y |SP |PC   |T/MT |NV-BDIZC |CYCLE
----------------------------------------
00|00|00|FE |0702 |1/3  |10100100 |18466
00|00|00|FE |0702 |2/3  |10100100 |18467
00|00|00|FE |0702 |3/3  |10100100 |18468


---------------
Opcode: 8D
ll: 00 hh: A0
Instruction:STA Addressing Mode:Absolute - Operand (Value: "0x00", Address: "0xA000")
Writing value 0x00 to address: 0xA000
0xA000: 0x00
Instruction cycle count set to 4
A |X |Y |SP |PC   |T/MT |NV-BDIZC |CYCLE
----------------------------------------
00|00|00|FE |0705 |1/4  |10100100 |18469
00|00|00|FE |0705 |2/4  |10100100 |18470
00|00|00|FE |0705 |3/4  |10100100 |18471
00|00|00|FE |0705 |4/4  |10100100 |18472


---------------
Opcode: 4A
Instruction:LSR Addressing Mode:Accumulator - Operand (Value: "0x00", Address: "None")
Instruction cycle count set to 2
A |X |Y |SP |PC   |T/MT |NV-BDIZC |CYCLE
----------------------------------------
00|00|00|FE |0706 |1/2  |00100110 |18473
00|00|00|FE |0706 |2/2  |00100110 |18474


---------------
Opcode: C9
ll: 02
Instruction:CMP Addressing Mode:Immediate - Operand (Value: "0x02", Address: "None")
Instruction cycle count set to 2
A |X |Y |SP |PC   |T/MT |NV-BDIZC |CYCLE
----------------------------------------
00|00|00|FE |0708 |1/2  |10100100 |18475
00|00|00|FE |0708 |2/2  |10100100 |18476


---------------
Opcode: D0
ll: F8
Old PC: 070A Offset:-8 New PC: 0702
Instruction:BNE Addressing Mode:Relative - Operand (Value: "None", Address: "0x0702")
Instruction cycle count set to 2
A |X |Y |SP |PC   |T/MT |NV-BDIZC |CYCLE
----------------------------------------
00|00|00|FE |0702 |1/3  |10100100 |18477
00|00|00|FE |0702 |2/3  |10100100 |18478
00|00|00|FE |0702 |3/3  |10100100 |18479


---------------
Opcode: 8D
ll: 00 hh: A0
Instruction:STA Addressing Mode:Absolute - Operand (Value: "0x00", Address: "0xA000")
Writing value 0x00 to address: 0xA000
0xA000: 0x00
Instruction cycle count set to 4
A |X |Y |SP |PC   |T/MT |NV-BDIZC |CYCLE
----------------------------------------
00|00|00|FE |0705 |1/4  |10100100 |18480
00|00|00|FE |0705 |2/4  |10100100 |18481
00|00|00|FE |0705 |3/4  |10100100 |18482
00|00|00|FE |0705 |4/4  |10100100 |18483


---------------
Opcode: 4A
Instruction:LSR Addressing Mode:Accumulator - Operand (Value: "0x00", Address: "None")
Instruction cycle count set to 2
A |X |Y |SP |PC   |T/MT |NV-BDIZC |CYCLE
----------------------------------------
00|00|00|FE |0706 |1/2  |00100110 |18484
00|00|00|FE |0706 |2/2  |00100110 |18485


---------------
Opcode: C9
ll: 02
Instruction:CMP Addressing Mode:Immediate - Operand (Value: "0x02", Address: "None")
Instruction cycle count set to 2
A |X |Y |SP |PC   |T/MT |NV-BDIZC |CYCLE
----------------------------------------
00|00|00|FE |0708 |1/2  |10100100 |18486
00|00|00|FE |0708 |2/2  |10100100 |18487


---------------
Opcode: D0
ll: F8
Old PC: 070A Offset:-8 New PC: 0702
Instruction:BNE Addressing Mode:Relative - Operand (Value: "None", Address: "0x0702")
Instruction cycle count set to 2
A |X |Y |SP |PC   |T/MT |NV-BDIZC |CYCLE
----------------------------------------
00|00|00|FE |0702 |1/3  |10100100 |18488
00|00|00|FE |0702 |2/3  |10100100 |18489
00|00|00|FE |0702 |3/3  |10100100 |18490


---------------
Opcode: 8D
ll: 00 hh: A0
Instruction:STA Addressing Mode:Absolute - Operand (Value: "0x00", Address: "0xA000")
Writing value 0x00 to address: 0xA000
0xA000: 0x00
Instruction cycle count set to 4
A |X |Y |SP |PC   |T/MT |NV-BDIZC |CYCLE
----------------------------------------
00|00|00|FE |0705 |1/4  |10100100 |18491
00|00|00|FE |0705 |2/4  |10100100 |18492
00|00|00|FE |0705 |3/4  |10100100 |18493
00|00|00|FE |0705 |4/4  |10100100 |18494


---------------
Opcode: 4A
Instruction:LSR Addressing Mode:Accumulator - Operand (Value: "0x00", Address: "None")
Instruction cycle count set to 2
A |X |Y |SP |PC   |T/MT |NV-BDIZC |CYCLE
----------------------------------------
00|00|00|FE |0706 |1/2  |00100110 |18495
00|00|00|FE |0706 |2/2  |00100110 |18496


---------------
Opcode: C9
ll: 02
Instruction:CMP Addressing Mode:Immediate - Operand (Value: "0x02", Address: "None")
Instruction cycle count set to 2
A |X |Y |SP |PC   |T/MT |NV-BDIZC |CYCLE
----------------------------------------
00|00|00|FE |0708 |1/2  |10100100 |18497
00|00|00|FE |0708 |2/2  |10100100 |18498


---------------
Opcode: D0
ll: F8
Old PC: 070A Offset:-8 New PC: 0702
Instruction:BNE Addressing Mode:Relative - Operand (Value: "None", Address: "0x0702")
Instruction cycle count set to 2
A |X |Y |SP |PC   |T/MT |NV-BDIZC |CYCLE
----------------------------------------
00|00|00|FE |0702 |1/3  |10100100 |18499
00|00|00|FE |0702 |2/3  |10100100 |18500
00|00|00|FE |0702 |3/3  |10100100 |18501


---------------
Opcode: 8D
ll: 00 hh: A0
Instruction:STA Addressing Mode:Absolute - Operand (Value: "0x00", Address: "0xA000")
Writing value 0x00 to address: 0xA000
0xA000: 0x00
Instruction cycle count set to 4
A |X |Y |SP |PC   |T/MT |NV-BDIZC |CYCLE
----------------------------------------
00|00|00|FE |0705 |1/4  |10100100 |18502
00|00|00|FE |0705 |2/4  |10100100 |18503
00|00|00|FE |0705 |3/4  |10100100 |18504
00|00|00|FE |0705 |4/4  |10100100 |18505


---------------
Opcode: 4A
Instruction:LSR Addressing Mode:Accumulator - Operand (Value: "0x00", Address: "None")
Instruction cycle count set to 2
A |X |Y |SP |PC   |T/MT |NV-BDIZC |CYCLE
----------------------------------------
00|00|00|FE |0706 |1/2  |00100110 |18506
00|00|00|FE |0706 |2/2  |00100110 |18507


---------------
Opcode: C9
ll: 02
Instruction:CMP Addressing Mode:Immediate - Operand (Value: "0x02", Address: "None")
Instruction cycle count set to 2
A |X |Y |SP |PC   |T/MT |NV-BDIZC |CYCLE
----------------------------------------
00|00|00|FE |0708 |1/2  |10100100 |18508
00|00|00|FE |0708 |2/2  |10100100 |18509


---------------
Opcode: D0
ll: F8
Old PC: 070A Offset:-8 New PC: 0702
Instruction:BNE Addressing Mode:Relative - Operand (Value: "None", Address: "0x0702")
Instruction cycle count set to 2
A |X |Y |SP |PC   |T/MT |NV-BDIZC |CYCLE
----------------------------------------
00|00|00|FE |0702 |1/3  |10100100 |18510
00|00|00|FE |0702 |2/3  |10100100 |18511
00|00|00|FE |0702 |3/3  |10100100 |18512


---------------
Opcode: 8D
ll: 00 hh: A0
Instruction:STA Addressing Mode:Absolute - Operand (Value: "0x00", Address: "0xA000")
Writing value 0x00 to address: 0xA000
0xA000: 0x00
Instruction cycle count set to 4
A |X |Y |SP |PC   |T/MT |NV-BDIZC |CYCLE
----------------------------------------
00|00|00|FE |0705 |1/4  |10100100 |18513
00|00|00|FE |0705 |2/4  |10100100 |18514
00|00|00|FE |0705 |3/4  |10100100 |18515
00|00|00|FE |0705 |4/4  |10100100 |18516


---------------
Opcode: 4A
Instruction:LSR Addressing Mode:Accumulator - Operand (Value: "0x00", Address: "None")
Instruction cycle count set to 2
A |X |Y |SP |PC   |T/MT |NV-BDIZC |CYCLE
----------------------------------------
00|00|00|FE |0706 |1/2  |00100110 |18517
00|00|00|FE |0706 |2/2  |00100110 |18518


---------------
Opcode: C9
ll: 02
Instruction:CMP Addressing Mode:Immediate - Operand (Value: "0x02", Address: "None")
Instruction cycle count set to 2
A |X |Y |SP |PC   |T/MT |NV-BDIZC |CYCLE
----------------------------------------
00|00|00|FE |0708 |1/2  |10100100 |18519
00|00|00|FE |0708 |2/2  |10100100 |18520


---------------
Opcode: D0
ll: F8
Old PC: 070A Offset:-8 New PC: 0702
Instruction:BNE Addressing Mode:Relative - Operand (Value: "None", Address: "0x0702")
Instruction cycle count set to 2
A |X |Y |SP |PC   |T/MT |NV-BDIZC |CYCLE
----------------------------------------
00|00|00|FE |0702 |1/3  |10100100 |18521
00|00|00|FE |0702 |2/3  |10100100 |18522
00|00|00|FE |0702 |3/3  |10100100 |18523


---------------
Opcode: 8D
ll: 00 hh: A0
Instruction:STA Addressing Mode:Absolute - Operand (Value: "0x00", Address: "0xA000")
Writing value 0x00 to address: 0xA000
0xA000: 0x00
Instruction cycle count set to 4
A |X |Y |SP |PC   |T/MT |NV-BDIZC |CYCLE
----------------------------------------
00|00|00|FE |0705 |1/4  |10100100 |18524
00|00|00|FE |0705 |2/4  |10100100 |18525
00|00|00|FE |0705 |3/4  |10100100 |18526
00|00|00|FE |0705 |4/4  |10100100 |18527


---------------
Opcode: 4A
Instruction:LSR Addressing Mode:Accumulator - Operand (Value: "0x00", Address: "None")
Instruction cycle count set to 2
A |X |Y |SP |PC   |T/MT |NV-BDIZC |CYCLE
----------------------------------------
00|00|00|FE |0706 |1/2  |00100110 |18528
00|00|00|FE |0706 |2/2  |00100110 |18529


---------------
Opcode: C9
ll: 02
Instruction:CMP Addressing Mode:Immediate - Operand (Value: "0x02", Address: "None")
Instruction cycle count set to 2
A |X |Y |SP |PC   |T/MT |NV-BDIZC |CYCLE
----------------------------------------
00|00|00|FE |0708 |1/2  |10100100 |18530
00|00|00|FE |0708 |2/2  |10100100 |18531


---------------
Opcode: D0
ll: F8
Old PC: 070A Offset:-8 New PC: 0702
Instruction:BNE Addressing Mode:Relative - Operand (Value: "None", Address: "0x0702")
Instruction cycle count set to 2
A |X |Y |SP |PC   |T/MT |NV-BDIZC |CYCLE
----------------------------------------
00|00|00|FE |0702 |1/3  |10100100 |18532
00|00|00|FE |0702 |2/3  |10100100 |18533
00|00|00|FE |0702 |3/3  |10100100 |18534


---------------
Opcode: 8D
ll: 00 hh: A0
Instruction:STA Addressing Mode:Absolute - Operand (Value: "0x00", Address: "0xA000")
Writing value 0x00 to address: 0xA000
0xA000: 0x00
Instruction cycle count set to 4
A |X |Y |SP |PC   |T/MT |NV-BDIZC |CYCLE
----------------------------------------
00|00|00|FE |0705 |1/4  |10100100 |18535
00|00|00|FE |0705 |2/4  |10100100 |18536
00|00|00|FE |0705 |3/4  |10100100 |18537
00|00|00|FE |0705 |4/4  |10100100 |18538


---------------
Opcode: 4A
Instruction:LSR Addressing Mode:Accumulator - Operand (Value: "0x00", Address: "None")
Instruction cycle count set to 2
A |X |Y |SP |PC   |T/MT |NV-BDIZC |CYCLE
----------------------------------------
00|00|00|FE |0706 |1/2  |00100110 |18539
00|00|00|FE |0706 |2/2  |00100110 |18540


---------------
Opcode: C9
ll: 02
Instruction:CMP Addressing Mode:Immediate - Operand (Value: "0x02", Address: "None")
Instruction cycle count set to 2
A |X |Y |SP |PC   |T/MT |NV-BDIZC |CYCLE
----------------------------------------
00|00|00|FE |0708 |1/2  |10100100 |18541
00|00|00|FE |0708 |2/2  |10100100 |18542


---------------
Opcode: D0
ll: F8
Old PC: 070A Offset:-8 New PC: 0702
Instruction:BNE Addressing Mode:Relative - Operand (Value: "None", Address: "0x0702")
Instruction cycle count set to 2
A |X |Y |SP |PC   |T/MT |NV-BDIZC |CYCLE
----------------------------------------
00|00|00|FE |0702 |1/3  |10100100 |18543
00|00|00|FE |0702 |2/3  |10100100 |18544
00|00|00|FE |0702 |3/3  |10100100 |18545


---------------
Opcode: 8D
ll: 00 hh: A0
Instruction:STA Addressing Mode:Absolute - Operand (Value: "0x00", Address: "0xA000")
Writing value 0x00 to address: 0xA000
0xA000: 0x00
Instruction cycle count set to 4
A |X |Y |SP |PC   |T/MT |NV-BDIZC |CYCLE
----------------------------------------
00|00|00|FE |0705 |1/4  |10100100 |18546
00|00|00|FE |0705 |2/4  |10100100 |18547
00|00|00|FE |0705 |3/4  |10100100 |18548
00|00|00|FE |0705 |4/4  |10100100 |18549


---------------
Opcode: 4A
Instruction:LSR Addressing Mode:Accumulator - Operand (Value: "0x00", Address: "None")
Instruction cycle count set to 2
A |X |Y |SP |PC   |T/MT |NV-BDIZC |CYCLE
----------------------------------------
00|00|00|FE |0706 |1/2  |00100110 |18550
00|00|00|FE |0706 |2/2  |00100110 |18551


---------------
Opcode: C9
ll: 02
Instruction:CMP Addressing Mode:Immediate - Operand (Value: "0x02", Address: "None")
Instruction cycle count set to 2
A |X |Y |SP |PC   |T/MT |NV-BDIZC |CYCLE
----------------------------------------
00|00|00|FE |0708 |1/2  |10100100 |18552
00|00|00|FE |0708 |2/2  |10100100 |18553


---------------
Opcode: D0
ll: F8
Old PC: 070A Offset:-8 New PC: 0702
Instruction:BNE Addressing Mode:Relative - Operand (Value: "None", Address: "0x0702")
Instruction cycle count set to 2
A |X |Y |SP |PC   |T/MT |NV-BDIZC |CYCLE
----------------------------------------
00|00|00|FE |0702 |1/3  |10100100 |18554
00|00|00|FE |0702 |2/3  |10100100 |18555
00|00|00|FE |0702 |3/3  |10100100 |18556


---------------
Opcode: 8D
ll: 00 hh: A0
Instruction:STA Addressing Mode:Absolute - Operand (Value: "0x00", Address: "0xA000")
Writing value 0x00 to address: 0xA000
0xA000: 0x00
Instruction cycle count set to 4
A |X |Y |SP |PC   |T/MT |NV-BDIZC |CYCLE
----------------------------------------
00|00|00|FE |0705 |1/4  |10100100 |18557
00|00|00|FE |0705 |2/4  |10100100 |18558
00|00|00|FE |0705 |3/4  |10100100 |18559
00|00|00|FE |0705 |4/4  |10100100 |18560


---------------
Opcode: 4A
Instruction:LSR Addressing Mode:Accumulator - Operand (Value: "0x00", Address: "None")
Instruction cycle count set to 2
A |X |Y |SP |PC   |T/MT |NV-BDIZC |CYCLE
----------------------------------------
00|00|00|FE |0706 |1/2  |00100110 |18561
00|00|00|FE |0706 |2/2  |00100110 |18562


---------------
Opcode: C9
ll: 02
Instruction:CMP Addressing Mode:Immediate - Operand (Value: "0x02", Address: "None")
Instruction cycle count set to 2
A |X |Y |SP |PC   |T/MT |NV-BDIZC |CYCLE
----------------------------------------
00|00|00|FE |0708 |1/2  |10100100 |18563
00|00|00|FE |0708 |2/2  |10100100 |18564


---------------
Opcode: D0
ll: F8
Old PC: 070A Offset:-8 New PC: 0702
Instruction:BNE Addressing Mode:Relative - Operand (Value: "None", Address: "0x0702")
Instruction cycle count set to 2
A |X |Y |SP |PC   |T/MT |NV-BDIZC |CYCLE
----------------------------------------
00|00|00|FE |0702 |1/3  |10100100 |18565
00|00|00|FE |0702 |2/3  |10100100 |18566
00|00|00|FE |0702 |3/3  |10100100 |18567


---------------
Opcode: 8D
ll: 00 hh: A0
Instruction:STA Addressing Mode:Absolute - Operand (Value: "0x00", Address: "0xA000")
Writing value 0x00 to address: 0xA000
0xA000: 0x00
Instruction cycle count set to 4
A |X |Y |SP |PC   |T/MT |NV-BDIZC |CYCLE
----------------------------------------
00|00|00|FE |0705 |1/4  |10100100 |18568
00|00|00|FE |0705 |2/4  |10100100 |18569
00|00|00|FE |0705 |3/4  |10100100 |18570
00|00|00|FE |0705 |4/4  |10100100 |18571


---------------
Opcode: 4A
Instruction:LSR Addressing Mode:Accumulator - Operand (Value: "0x00", Address: "None")
Instruction cycle count set to 2
A |X |Y |SP |PC   |T/MT |NV-BDIZC |CYCLE
----------------------------------------
00|00|00|FE |0706 |1/2  |00100110 |18572
00|00|00|FE |0706 |2/2  |00100110 |18573


---------------
Opcode: C9
ll: 02
Instruction:CMP Addressing Mode:Immediate - Operand (Value: "0x02", Address: "None")
Instruction cycle count set to 2
A |X |Y |SP |PC   |T/MT |NV-BDIZC |CYCLE
----------------------------------------
00|00|00|FE |0708 |1/2  |10100100 |18574
00|00|00|FE |0708 |2/2  |10100100 |18575


---------------
Opcode: D0
ll: F8
Old PC: 070A Offset:-8 New PC: 0702
Instruction:BNE Addressing Mode:Relative - Operand (Value: "None", Address: "0x0702")
Instruction cycle count set to 2
A |X |Y |SP |PC   |T/MT |NV-BDIZC |CYCLE
----------------------------------------
00|00|00|FE |0702 |1/3  |10100100 |18576
00|00|00|FE |0702 |2/3  |10100100 |18577
00|00|00|FE |0702 |3/3  |10100100 |18578


---------------
Opcode: 8D
ll: 00 hh: A0
Instruction:STA Addressing Mode:Absolute - Operand (Value: "0x00", Address: "0xA000")
Writing value 0x00 to address: 0xA000
0xA000: 0x00
Instruction cycle count set to 4
A |X |Y |SP |PC   |T/MT |NV-BDIZC |CYCLE
----------------------------------------
00|00|00|FE |0705 |1/4  |10100100 |18579
00|00|00|FE |0705 |2/4  |10100100 |18580
00|00|00|FE |0705 |3/4  |10100100 |18581
00|00|00|FE |0705 |4/4  |10100100 |18582


---------------
Opcode: 4A
Instruction:LSR Addressing Mode:Accumulator - Operand (Value: "0x00", Address: "None")
Instruction cycle count set to 2
A |X |Y |SP |PC   |T/MT |NV-BDIZC |CYCLE
----------------------------------------
00|00|00|FE |0706 |1/2  |00100110 |18583
00|00|00|FE |0706 |2/2  |00100110 |18584


---------------
Opcode: C9
ll: 02
Instruction:CMP Addressing Mode:Immediate - Operand (Value: "0x02", Address: "None")
Instruction cycle count set to 2
A |X |Y |SP |PC   |T/MT |NV-BDIZC |CYCLE
----------------------------------------
00|00|00|FE |0708 |1/2  |10100100 |18585
00|00|00|FE |0708 |2/2  |10100100 |18586


---------------
Opcode: D0
ll: F8
Old PC: 070A Offset:-8 New PC: 0702
Instruction:BNE Addressing Mode:Relative - Operand (Value: "None", Address: "0x0702")
Instruction cycle count set to 2
A |X |Y |SP |PC   |T/MT |NV-BDIZC |CYCLE
----------------------------------------
00|00|00|FE |0702 |1/3  |10100100 |18587
00|00|00|FE |0702 |2/3  |10100100 |18588
00|00|00|FE |0702 |3/3  |10100100 |18589


---------------
Opcode: 8D
ll: 00 hh: A0
Instruction:STA Addressing Mode:Absolute - Operand (Value: "0x00", Address: "0xA000")
Writing value 0x00 to address: 0xA000
0xA000: 0x00
Instruction cycle count set to 4
A |X |Y |SP |PC   |T/MT |NV-BDIZC |CYCLE
----------------------------------------
00|00|00|FE |0705 |1/4  |10100100 |18590
00|00|00|FE |0705 |2/4  |10100100 |18591
00|00|00|FE |0705 |3/4  |10100100 |18592
00|00|00|FE |0705 |4/4  |10100100 |18593


---------------
Opcode: 4A
Instruction:LSR Addressing Mode:Accumulator - Operand (Value: "0x00", Address: "None")
Instruction cycle count set to 2
A |X |Y |SP |PC   |T/MT |NV-BDIZC |CYCLE
----------------------------------------
00|00|00|FE |0706 |1/2  |00100110 |18594
00|00|00|FE |0706 |2/2  |00100110 |18595


---------------
Opcode: C9
ll: 02
Instruction:CMP Addressing Mode:Immediate - Operand (Value: "0x02", Address: "None")
Instruction cycle count set to 2
A |X |Y |SP |PC   |T/MT |NV-BDIZC |CYCLE
----------------------------------------
00|00|00|FE |0708 |1/2  |10100100 |18596
00|00|00|FE |0708 |2/2  |10100100 |18597


---------------
Opcode: D0
ll: F8
Old PC: 070A Offset:-8 New PC: 0702
Instruction:BNE Addressing Mode:Relative - Operand (Value: "None", Address: "0x0702")
Instruction cycle count set to 2
A |X |Y |SP |PC   |T/MT |NV-BDIZC |CYCLE
----------------------------------------
00|00|00|FE |0702 |1/3  |10100100 |18598
00|00|00|FE |0702 |2/3  |10100100 |18599
00|00|00|FE |0702 |3/3  |10100100 |18600


---------------
Opcode: 8D
ll: 00 hh: A0
Instruction:STA Addressing Mode:Absolute - Operand (Value: "0x00", Address: "0xA000")
Writing value 0x00 to address: 0xA000
0xA000: 0x00
Instruction cycle count set to 4
A |X |Y |SP |PC   |T/MT |NV-BDIZC |CYCLE
----------------------------------------
00|00|00|FE |0705 |1/4  |10100100 |18601
00|00|00|FE |0705 |2/4  |10100100 |18602
00|00|00|FE |0705 |3/4  |10100100 |18603
00|00|00|FE |0705 |4/4  |10100100 |18604


---------------
Opcode: 4A
Instruction:LSR Addressing Mode:Accumulator - Operand (Value: "0x00", Address: "None")
Instruction cycle count set to 2
A |X |Y |SP |PC   |T/MT |NV-BDIZC |CYCLE
----------------------------------------
00|00|00|FE |0706 |1/2  |00100110 |18605
00|00|00|FE |0706 |2/2  |00100110 |18606


---------------
Opcode: C9
ll: 02
Instruction:CMP Addressing Mode:Immediate - Operand (Value: "0x02", Address: "None")
Instruction cycle count set to 2
A |X |Y |SP |PC   |T/MT |NV-BDIZC |CYCLE
----------------------------------------
00|00|00|FE |0708 |1/2  |10100100 |18607
00|00|00|FE |0708 |2/2  |10100100 |18608


---------------
Opcode: D0
ll: F8
Old PC: 070A Offset:-8 New PC: 0702
Instruction:BNE Addressing Mode:Relative - Operand (Value: "None", Address: "0x0702")
Instruction cycle count set to 2
A |X |Y |SP |PC   |T/MT |NV-BDIZC |CYCLE
----------------------------------------
00|00|00|FE |0702 |1/3  |10100100 |18609
00|00|00|FE |0702 |2/3  |10100100 |18610
00|00|00|FE |0702 |3/3  |10100100 |18611


---------------
Opcode: 8D
ll: 00 hh: A0
Instruction:STA Addressing Mode:Absolute - Operand (Value: "0x00", Address: "0xA000")
Writing value 0x00 to address: 0xA000
0xA000: 0x00
Instruction cycle count set to 4
A |X |Y |SP |PC   |T/MT |NV-BDIZC |CYCLE
----------------------------------------
00|00|00|FE |0705 |1/4  |10100100 |18612
00|00|00|FE |0705 |2/4  |10100100 |18613
00|00|00|FE |0705 |3/4  |10100100 |18614
00|00|00|FE |0705 |4/4  |10100100 |18615


---------------
Opcode: 4A
Instruction:LSR Addressing Mode:Accumulator - Operand (Value: "0x00", Address: "None")
Instruction cycle count set to 2
A |X |Y |SP |PC   |T/MT |NV-BDIZC |CYCLE
----------------------------------------
00|00|00|FE |0706 |1/2  |00100110 |18616
00|00|00|FE |0706 |2/2  |00100110 |18617


---------------
Opcode: C9
ll: 02
Instruction:CMP Addressing Mode:Immediate - Operand (Value: "0x02", Address: "None")
Instruction cycle count set to 2
A |X |Y |SP |PC   |T/MT |NV-BDIZC |CYCLE
----------------------------------------
00|00|00|FE |0708 |1/2  |10100100 |18618
00|00|00|FE |0708 |2/2  |10100100 |18619


---------------
Opcode: D0
ll: F8
Old PC: 070A Offset:-8 New PC: 0702
Instruction:BNE Addressing Mode:Relative - Operand (Value: "None", Address: "0x0702")
Instruction cycle count set to 2
A |X |Y |SP |PC   |T/MT |NV-BDIZC |CYCLE
----------------------------------------
00|00|00|FE |0702 |1/3  |10100100 |18620
00|00|00|FE |0702 |2/3  |10100100 |18621
00|00|00|FE |0702 |3/3  |10100100 |18622


---------------
Opcode: 8D
ll: 00 hh: A0
Instruction:STA Addressing Mode:Absolute - Operand (Value: "0x00", Address: "0xA000")
Writing value 0x00 to address: 0xA000
0xA000: 0x00
Instruction cycle count set to 4
A |X |Y |SP |PC   |T/MT |NV-BDIZC |CYCLE
----------------------------------------
00|00|00|FE |0705 |1/4  |10100100 |18623
00|00|00|FE |0705 |2/4  |10100100 |18624
00|00|00|FE |0705 |3/4  |10100100 |18625
00|00|00|FE |0705 |4/4  |10100100 |18626


---------------
Opcode: 4A
Instruction:LSR Addressing Mode:Accumulator - Operand (Value: "0x00", Address: "None")
Instruction cycle count set to 2
A |X |Y |SP |PC   |T/MT |NV-BDIZC |CYCLE
----------------------------------------
00|00|00|FE |0706 |1/2  |00100110 |18627
00|00|00|FE |0706 |2/2  |00100110 |18628


---------------
Opcode: C9
ll: 02
Instruction:CMP Addressing Mode:Immediate - Operand (Value: "0x02", Address: "None")
Instruction cycle count set to 2
A |X |Y |SP |PC   |T/MT |NV-BDIZC |CYCLE
----------------------------------------
00|00|00|FE |0708 |1/2  |10100100 |18629
00|00|00|FE |0708 |2/2  |10100100 |18630


---------------
Opcode: D0
ll: F8
Old PC: 070A Offset:-8 New PC: 0702
Instruction:BNE Addressing Mode:Relative - Operand (Value: "None", Address: "0x0702")
Instruction cycle count set to 2
A |X |Y |SP |PC   |T/MT |NV-BDIZC |CYCLE
----------------------------------------
00|00|00|FE |0702 |1/3  |10100100 |18631
00|00|00|FE |0702 |2/3  |10100100 |18632
00|00|00|FE |0702 |3/3  |10100100 |18633


---------------
Opcode: 8D
ll: 00 hh: A0
Instruction:STA Addressing Mode:Absolute - Operand (Value: "0x00", Address: "0xA000")
Writing value 0x00 to address: 0xA000
0xA000: 0x00
Instruction cycle count set to 4
A |X |Y |SP |PC   |T/MT |NV-BDIZC |CYCLE
----------------------------------------
00|00|00|FE |0705 |1/4  |10100100 |18634
00|00|00|FE |0705 |2/4  |10100100 |18635
00|00|00|FE |0705 |3/4  |10100100 |18636
00|00|00|FE |0705 |4/4  |10100100 |18637


---------------
Opcode: 4A
Instruction:LSR Addressing Mode:Accumulator - Operand (Value: "0x00", Address: "None")
Instruction cycle count set to 2
A |X |Y |SP |PC   |T/MT |NV-BDIZC |CYCLE
----------------------------------------
00|00|00|FE |0706 |1/2  |00100110 |18638
00|00|00|FE |0706 |2/2  |00100110 |18639


---------------
Opcode: C9
ll: 02
Instruction:CMP Addressing Mode:Immediate - Operand (Value: "0x02", Address: "None")
Instruction cycle count set to 2
A |X |Y |SP |PC   |T/MT |NV-BDIZC |CYCLE
----------------------------------------
00|00|00|FE |0708 |1/2  |10100100 |18640
00|00|00|FE |0708 |2/2  |10100100 |18641


---------------
Opcode: D0
ll: F8
Old PC: 070A Offset:-8 New PC: 0702
Instruction:BNE Addressing Mode:Relative - Operand (Value: "None", Address: "0x0702")
Instruction cycle count set to 2
A |X |Y |SP |PC   |T/MT |NV-BDIZC |CYCLE
----------------------------------------
00|00|00|FE |0702 |1/3  |10100100 |18642
00|00|00|FE |0702 |2/3  |10100100 |18643
00|00|00|FE |0702 |3/3  |10100100 |18644


---------------
Opcode: 8D
ll: 00 hh: A0
Instruction:STA Addressing Mode:Absolute - Operand (Value: "0x00", Address: "0xA000")
Writing value 0x00 to address: 0xA000
0xA000: 0x00
Instruction cycle count set to 4
A |X |Y |SP |PC   |T/MT |NV-BDIZC |CYCLE
----------------------------------------
00|00|00|FE |0705 |1/4  |10100100 |18645
00|00|00|FE |0705 |2/4  |10100100 |18646
00|00|00|FE |0705 |3/4  |10100100 |18647
00|00|00|FE |0705 |4/4  |10100100 |18648


---------------
Opcode: 4A
Instruction:LSR Addressing Mode:Accumulator - Operand (Value: "0x00", Address: "None")
Instruction cycle count set to 2
A |X |Y |SP |PC   |T/MT |NV-BDIZC |CYCLE
----------------------------------------
00|00|00|FE |0706 |1/2  |00100110 |18649
00|00|00|FE |0706 |2/2  |00100110 |18650


---------------
Opcode: C9
ll: 02
Instruction:CMP Addressing Mode:Immediate - Operand (Value: "0x02", Address: "None")
Instruction cycle count set to 2
A |X |Y |SP |PC   |T/MT |NV-BDIZC |CYCLE
----------------------------------------
00|00|00|FE |0708 |1/2  |10100100 |18651
00|00|00|FE |0708 |2/2  |10100100 |18652


---------------
Opcode: D0
ll: F8
Old PC: 070A Offset:-8 New PC: 0702
Instruction:BNE Addressing Mode:Relative - Operand (Value: "None", Address: "0x0702")
Instruction cycle count set to 2
A |X |Y |SP |PC   |T/MT |NV-BDIZC |CYCLE
----------------------------------------
00|00|00|FE |0702 |1/3  |10100100 |18653
00|00|00|FE |0702 |2/3  |10100100 |18654
00|00|00|FE |0702 |3/3  |10100100 |18655


---------------
Opcode: 8D
ll: 00 hh: A0
Instruction:STA Addressing Mode:Absolute - Operand (Value: "0x00", Address: "0xA000")
Writing value 0x00 to address: 0xA000
0xA000: 0x00
Instruction cycle count set to 4
A |X |Y |SP |PC   |T/MT |NV-BDIZC |CYCLE
----------------------------------------
00|00|00|FE |0705 |1/4  |10100100 |18656
00|00|00|FE |0705 |2/4  |10100100 |18657
00|00|00|FE |0705 |3/4  |10100100 |18658
00|00|00|FE |0705 |4/4  |10100100 |18659


---------------
Opcode: 4A
Instruction:LSR Addressing Mode:Accumulator - Operand (Value: "0x00", Address: "None")
Instruction cycle count set to 2
A |X |Y |SP |PC   |T/MT |NV-BDIZC |CYCLE
----------------------------------------
00|00|00|FE |0706 |1/2  |00100110 |18660
00|00|00|FE |0706 |2/2  |00100110 |18661


---------------
Opcode: C9
ll: 02
Instruction:CMP Addressing Mode:Immediate - Operand (Value: "0x02", Address: "None")
Instruction cycle count set to 2
A |X |Y |SP |PC   |T/MT |NV-BDIZC |CYCLE
----------------------------------------
00|00|00|FE |0708 |1/2  |10100100 |18662
00|00|00|FE |0708 |2/2  |10100100 |18663


---------------
Opcode: D0
ll: F8
Old PC: 070A Offset:-8 New PC: 0702
Instruction:BNE Addressing Mode:Relative - Operand (Value: "None", Address: "0x0702")
Instruction cycle count set to 2
A |X |Y |SP |PC   |T/MT |NV-BDIZC |CYCLE
----------------------------------------
00|00|00|FE |0702 |1/3  |10100100 |18664
00|00|00|FE |0702 |2/3  |10100100 |18665
00|00|00|FE |0702 |3/3  |10100100 |18666


---------------
Opcode: 8D
ll: 00 hh: A0
Instruction:STA Addressing Mode:Absolute - Operand (Value: "0x00", Address: "0xA000")
Writing value 0x00 to address: 0xA000
0xA000: 0x00
Instruction cycle count set to 4
A |X |Y |SP |PC   |T/MT |NV-BDIZC |CYCLE
----------------------------------------
00|00|00|FE |0705 |1/4  |10100100 |18667
00|00|00|FE |0705 |2/4  |10100100 |18668
00|00|00|FE |0705 |3/4  |10100100 |18669
00|00|00|FE |0705 |4/4  |10100100 |18670


---------------
Opcode: 4A
Instruction:LSR Addressing Mode:Accumulator - Operand (Value: "0x00", Address: "None")
Instruction cycle count set to 2
A |X |Y |SP |PC   |T/MT |NV-BDIZC |CYCLE
----------------------------------------
00|00|00|FE |0706 |1/2  |00100110 |18671
00|00|00|FE |0706 |2/2  |00100110 |18672


---------------
Opcode: C9
ll: 02
Instruction:CMP Addressing Mode:Immediate - Operand (Value: "0x02", Address: "None")
Instruction cycle count set to 2
A |X |Y |SP |PC   |T/MT |NV-BDIZC |CYCLE
----------------------------------------
00|00|00|FE |0708 |1/2  |10100100 |18673
00|00|00|FE |0708 |2/2  |10100100 |18674


---------------
Opcode: D0
ll: F8
Old PC: 070A Offset:-8 New PC: 0702
Instruction:BNE Addressing Mode:Relative - Operand (Value: "None", Address: "0x0702")
Instruction cycle count set to 2
A |X |Y |SP |PC   |T/MT |NV-BDIZC |CYCLE
----------------------------------------
00|00|00|FE |0702 |1/3  |10100100 |18675
00|00|00|FE |0702 |2/3  |10100100 |18676
00|00|00|FE |0702 |3/3  |10100100 |18677


---------------
Opcode: 8D
ll: 00 hh: A0
Instruction:STA Addressing Mode:Absolute - Operand (Value: "0x00", Address: "0xA000")
Writing value 0x00 to address: 0xA000
0xA000: 0x00
Instruction cycle count set to 4
A |X |Y |SP |PC   |T/MT |NV-BDIZC |CYCLE
----------------------------------------
00|00|00|FE |0705 |1/4  |10100100 |18678
00|00|00|FE |0705 |2/4  |10100100 |18679
00|00|00|FE |0705 |3/4  |10100100 |18680
00|00|00|FE |0705 |4/4  |10100100 |18681


---------------
Opcode: 4A
Instruction:LSR Addressing Mode:Accumulator - Operand (Value: "0x00", Address: "None")
Instruction cycle count set to 2
A |X |Y |SP |PC   |T/MT |NV-BDIZC |CYCLE
----------------------------------------
00|00|00|FE |0706 |1/2  |00100110 |18682
00|00|00|FE |0706 |2/2  |00100110 |18683


---------------
Opcode: C9
ll: 02
Instruction:CMP Addressing Mode:Immediate - Operand (Value: "0x02", Address: "None")
Instruction cycle count set to 2
A |X |Y |SP |PC   |T/MT |NV-BDIZC |CYCLE
----------------------------------------
00|00|00|FE |0708 |1/2  |10100100 |18684
00|00|00|FE |0708 |2/2  |10100100 |18685


---------------
Opcode: D0
ll: F8
Old PC: 070A Offset:-8 New PC: 0702
Instruction:BNE Addressing Mode:Relative - Operand (Value: "None", Address: "0x0702")
Instruction cycle count set to 2
A |X |Y |SP |PC   |T/MT |NV-BDIZC |CYCLE
----------------------------------------
00|00|00|FE |0702 |1/3  |10100100 |18686
00|00|00|FE |0702 |2/3  |10100100 |18687
00|00|00|FE |0702 |3/3  |10100100 |18688


---------------
Opcode: 8D
ll: 00 hh: A0
Instruction:STA Addressing Mode:Absolute - Operand (Value: "0x00", Address: "0xA000")
Writing value 0x00 to address: 0xA000
0xA000: 0x00
Instruction cycle count set to 4
A |X |Y |SP |PC   |T/MT |NV-BDIZC |CYCLE
----------------------------------------
00|00|00|FE |0705 |1/4  |10100100 |18689
00|00|00|FE |0705 |2/4  |10100100 |18690
00|00|00|FE |0705 |3/4  |10100100 |18691
00|00|00|FE |0705 |4/4  |10100100 |18692


---------------
Opcode: 4A
Instruction:LSR Addressing Mode:Accumulator - Operand (Value: "0x00", Address: "None")
Instruction cycle count set to 2
A |X |Y |SP |PC   |T/MT |NV-BDIZC |CYCLE
----------------------------------------
00|00|00|FE |0706 |1/2  |00100110 |18693
00|00|00|FE |0706 |2/2  |00100110 |18694


---------------
Opcode: C9
ll: 02
Instruction:CMP Addressing Mode:Immediate - Operand (Value: "0x02", Address: "None")
Instruction cycle count set to 2
A |X |Y |SP |PC   |T/MT |NV-BDIZC |CYCLE
----------------------------------------
00|00|00|FE |0708 |1/2  |10100100 |18695
00|00|00|FE |0708 |2/2  |10100100 |18696


---------------
Opcode: D0
ll: F8
Old PC: 070A Offset:-8 New PC: 0702
Instruction:BNE Addressing Mode:Relative - Operand (Value: "None", Address: "0x0702")
Instruction cycle count set to 2
A |X |Y |SP |PC   |T/MT |NV-BDIZC |CYCLE
----------------------------------------
00|00|00|FE |0702 |1/3  |10100100 |18697
00|00|00|FE |0702 |2/3  |10100100 |18698
00|00|00|FE |0702 |3/3  |10100100 |18699


---------------
Opcode: 8D
ll: 00 hh: A0
Instruction:STA Addressing Mode:Absolute - Operand (Value: "0x00", Address: "0xA000")
Writing value 0x00 to address: 0xA000
0xA000: 0x00
Instruction cycle count set to 4
A |X |Y |SP |PC   |T/MT |NV-BDIZC |CYCLE
----------------------------------------
00|00|00|FE |0705 |1/4  |10100100 |18700
00|00|00|FE |0705 |2/4  |10100100 |18701
00|00|00|FE |0705 |3/4  |10100100 |18702
00|00|00|FE |0705 |4/4  |10100100 |18703


---------------
Opcode: 4A
Instruction:LSR Addressing Mode:Accumulator - Operand (Value: "0x00", Address: "None")
Instruction cycle count set to 2
A |X |Y |SP |PC   |T/MT |NV-BDIZC |CYCLE
----------------------------------------
00|00|00|FE |0706 |1/2  |00100110 |18704
00|00|00|FE |0706 |2/2  |00100110 |18705


---------------
Opcode: C9
ll: 02
Instruction:CMP Addressing Mode:Immediate - Operand (Value: "0x02", Address: "None")
Instruction cycle count set to 2
A |X |Y |SP |PC   |T/MT |NV-BDIZC |CYCLE
----------------------------------------
00|00|00|FE |0708 |1/2  |10100100 |18706
00|00|00|FE |0708 |2/2  |10100100 |18707


---------------
Opcode: D0
ll: F8
Old PC: 070A Offset:-8 New PC: 0702
Instruction:BNE Addressing Mode:Relative - Operand (Value: "None", Address: "0x0702")
Instruction cycle count set to 2
A |X |Y |SP |PC   |T/MT |NV-BDIZC |CYCLE
----------------------------------------
00|00|00|FE |0702 |1/3  |10100100 |18708
00|00|00|FE |0702 |2/3  |10100100 |18709
00|00|00|FE |0702 |3/3  |10100100 |18710


---------------
Opcode: 8D
ll: 00 hh: A0
Instruction:STA Addressing Mode:Absolute - Operand (Value: "0x00", Address: "0xA000")
Writing value 0x00 to address: 0xA000
0xA000: 0x00
Instruction cycle count set to 4
A |X |Y |SP |PC   |T/MT |NV-BDIZC |CYCLE
----------------------------------------
00|00|00|FE |0705 |1/4  |10100100 |18711
00|00|00|FE |0705 |2/4  |10100100 |18712
00|00|00|FE |0705 |3/4  |10100100 |18713
00|00|00|FE |0705 |4/4  |10100100 |18714


---------------
Opcode: 4A
Instruction:LSR Addressing Mode:Accumulator - Operand (Value: "0x00", Address: "None")
Instruction cycle count set to 2
A |X |Y |SP |PC   |T/MT |NV-BDIZC |CYCLE
----------------------------------------
00|00|00|FE |0706 |1/2  |00100110 |18715
00|00|00|FE |0706 |2/2  |00100110 |18716


---------------
Opcode: C9
ll: 02
Instruction:CMP Addressing Mode:Immediate - Operand (Value: "0x02", Address: "None")
Instruction cycle count set to 2
A |X |Y |SP |PC   |T/MT |NV-BDIZC |CYCLE
----------------------------------------
00|00|00|FE |0708 |1/2  |10100100 |18717
00|00|00|FE |0708 |2/2  |10100100 |18718


---------------
Opcode: D0
ll: F8
Old PC: 070A Offset:-8 New PC: 0702
Instruction:BNE Addressing Mode:Relative - Operand (Value: "None", Address: "0x0702")
Instruction cycle count set to 2
A |X |Y |SP |PC   |T/MT |NV-BDIZC |CYCLE
----------------------------------------
00|00|00|FE |0702 |1/3  |10100100 |18719
00|00|00|FE |0702 |2/3  |10100100 |18720
00|00|00|FE |0702 |3/3  |10100100 |18721


---------------
Opcode: 8D
ll: 00 hh: A0
Instruction:STA Addressing Mode:Absolute - Operand (Value: "0x00", Address: "0xA000")
Writing value 0x00 to address: 0xA000
0xA000: 0x00
Instruction cycle count set to 4
A |X |Y |SP |PC   |T/MT |NV-BDIZC |CYCLE
----------------------------------------
00|00|00|FE |0705 |1/4  |10100100 |18722
00|00|00|FE |0705 |2/4  |10100100 |18723
00|00|00|FE |0705 |3/4  |10100100 |18724
00|00|00|FE |0705 |4/4  |10100100 |18725


---------------
Opcode: 4A
Instruction:LSR Addressing Mode:Accumulator - Operand (Value: "0x00", Address: "None")
Instruction cycle count set to 2
A |X |Y |SP |PC   |T/MT |NV-BDIZC |CYCLE
----------------------------------------
00|00|00|FE |0706 |1/2  |00100110 |18726
00|00|00|FE |0706 |2/2  |00100110 |18727


---------------
Opcode: C9
ll: 02
Instruction:CMP Addressing Mode:Immediate - Operand (Value: "0x02", Address: "None")
Instruction cycle count set to 2
A |X |Y |SP |PC   |T/MT |NV-BDIZC |CYCLE
----------------------------------------
00|00|00|FE |0708 |1/2  |10100100 |18728
00|00|00|FE |0708 |2/2  |10100100 |18729


---------------
Opcode: D0
ll: F8
Old PC: 070A Offset:-8 New PC: 0702
Instruction:BNE Addressing Mode:Relative - Operand (Value: "None", Address: "0x0702")
Instruction cycle count set to 2
A |X |Y |SP |PC   |T/MT |NV-BDIZC |CYCLE
----------------------------------------
00|00|00|FE |0702 |1/3  |10100100 |18730
00|00|00|FE |0702 |2/3  |10100100 |18731
00|00|00|FE |0702 |3/3  |10100100 |18732


---------------
Opcode: 8D
ll: 00 hh: A0
Instruction:STA Addressing Mode:Absolute - Operand (Value: "0x00", Address: "0xA000")
Writing value 0x00 to address: 0xA000
0xA000: 0x00
Instruction cycle count set to 4
A |X |Y |SP |PC   |T/MT |NV-BDIZC |CYCLE
----------------------------------------
00|00|00|FE |0705 |1/4  |10100100 |18733
00|00|00|FE |0705 |2/4  |10100100 |18734
00|00|00|FE |0705 |3/4  |10100100 |18735
00|00|00|FE |0705 |4/4  |10100100 |18736


---------------
Opcode: 4A
Instruction:LSR Addressing Mode:Accumulator - Operand (Value: "0x00", Address: "None")
Instruction cycle count set to 2
A |X |Y |SP |PC   |T/MT |NV-BDIZC |CYCLE
----------------------------------------
00|00|00|FE |0706 |1/2  |00100110 |18737
00|00|00|FE |0706 |2/2  |00100110 |18738


---------------
Opcode: C9
ll: 02
Instruction:CMP Addressing Mode:Immediate - Operand (Value: "0x02", Address: "None")
Instruction cycle count set to 2
A |X |Y |SP |PC   |T/MT |NV-BDIZC |CYCLE
----------------------------------------
00|00|00|FE |0708 |1/2  |10100100 |18739
00|00|00|FE |0708 |2/2  |10100100 |18740


---------------
Opcode: D0
ll: F8
Old PC: 070A Offset:-8 New PC: 0702
Instruction:BNE Addressing Mode:Relative - Operand (Value: "None", Address: "0x0702")
Instruction cycle count set to 2
A |X |Y |SP |PC   |T/MT |NV-BDIZC |CYCLE
----------------------------------------
00|00|00|FE |0702 |1/3  |10100100 |18741
00|00|00|FE |0702 |2/3  |10100100 |18742
00|00|00|FE |0702 |3/3  |10100100 |18743


---------------
Opcode: 8D
ll: 00 hh: A0
Instruction:STA Addressing Mode:Absolute - Operand (Value: "0x00", Address: "0xA000")
Writing value 0x00 to address: 0xA000
0xA000: 0x00
Instruction cycle count set to 4
A |X |Y |SP |PC   |T/MT |NV-BDIZC |CYCLE
----------------------------------------
00|00|00|FE |0705 |1/4  |10100100 |18744
00|00|00|FE |0705 |2/4  |10100100 |18745
00|00|00|FE |0705 |3/4  |10100100 |18746
00|00|00|FE |0705 |4/4  |10100100 |18747


---------------
Opcode: 4A
Instruction:LSR Addressing Mode:Accumulator - Operand (Value: "0x00", Address: "None")
Instruction cycle count set to 2
A |X |Y |SP |PC   |T/MT |NV-BDIZC |CYCLE
----------------------------------------
00|00|00|FE |0706 |1/2  |00100110 |18748
00|00|00|FE |0706 |2/2  |00100110 |18749


---------------
Opcode: C9
ll: 02
Instruction:CMP Addressing Mode:Immediate - Operand (Value: "0x02", Address: "None")
Instruction cycle count set to 2
A |X |Y |SP |PC   |T/MT |NV-BDIZC |CYCLE
----------------------------------------
00|00|00|FE |0708 |1/2  |10100100 |18750
00|00|00|FE |0708 |2/2  |10100100 |18751


---------------
Opcode: D0
ll: F8
Old PC: 070A Offset:-8 New PC: 0702
Instruction:BNE Addressing Mode:Relative - Operand (Value: "None", Address: "0x0702")
Instruction cycle count set to 2
A |X |Y |SP |PC   |T/MT |NV-BDIZC |CYCLE
----------------------------------------
00|00|00|FE |0702 |1/3  |10100100 |18752
00|00|00|FE |0702 |2/3  |10100100 |18753
00|00|00|FE |0702 |3/3  |10100100 |18754


---------------
Opcode: 8D
ll: 00 hh: A0
Instruction:STA Addressing Mode:Absolute - Operand (Value: "0x00", Address: "0xA000")
Writing value 0x00 to address: 0xA000
0xA000: 0x00
Instruction cycle count set to 4
A |X |Y |SP |PC   |T/MT |NV-BDIZC |CYCLE
----------------------------------------
00|00|00|FE |0705 |1/4  |10100100 |18755
00|00|00|FE |0705 |2/4  |10100100 |18756
00|00|00|FE |0705 |3/4  |10100100 |18757
00|00|00|FE |0705 |4/4  |10100100 |18758


---------------
Opcode: 4A
Instruction:LSR Addressing Mode:Accumulator - Operand (Value: "0x00", Address: "None")
Instruction cycle count set to 2
A |X |Y |SP |PC   |T/MT |NV-BDIZC |CYCLE
----------------------------------------
00|00|00|FE |0706 |1/2  |00100110 |18759
00|00|00|FE |0706 |2/2  |00100110 |18760


---------------
Opcode: C9
ll: 02
Instruction:CMP Addressing Mode:Immediate - Operand (Value: "0x02", Address: "None")
Instruction cycle count set to 2
A |X |Y |SP |PC   |T/MT |NV-BDIZC |CYCLE
----------------------------------------
00|00|00|FE |0708 |1/2  |10100100 |18761
00|00|00|FE |0708 |2/2  |10100100 |18762


---------------
Opcode: D0
ll: F8
Old PC: 070A Offset:-8 New PC: 0702
Instruction:BNE Addressing Mode:Relative - Operand (Value: "None", Address: "0x0702")
Instruction cycle count set to 2
A |X |Y |SP |PC   |T/MT |NV-BDIZC |CYCLE
----------------------------------------
00|00|00|FE |0702 |1/3  |10100100 |18763
00|00|00|FE |0702 |2/3  |10100100 |18764
00|00|00|FE |0702 |3/3  |10100100 |18765


---------------
Opcode: 8D
ll: 00 hh: A0
Instruction:STA Addressing Mode:Absolute - Operand (Value: "0x00", Address: "0xA000")
Writing value 0x00 to address: 0xA000
0xA000: 0x00
Instruction cycle count set to 4
A |X |Y |SP |PC   |T/MT |NV-BDIZC |CYCLE
----------------------------------------
00|00|00|FE |0705 |1/4  |10100100 |18766
00|00|00|FE |0705 |2/4  |10100100 |18767
00|00|00|FE |0705 |3/4  |10100100 |18768
00|00|00|FE |0705 |4/4  |10100100 |18769


---------------
Opcode: 4A
Instruction:LSR Addressing Mode:Accumulator - Operand (Value: "0x00", Address: "None")
Instruction cycle count set to 2
A |X |Y |SP |PC   |T/MT |NV-BDIZC |CYCLE
----------------------------------------
00|00|00|FE |0706 |1/2  |00100110 |18770
00|00|00|FE |0706 |2/2  |00100110 |18771


---------------
Opcode: C9
ll: 02
Instruction:CMP Addressing Mode:Immediate - Operand (Value: "0x02", Address: "None")
Instruction cycle count set to 2
A |X |Y |SP |PC   |T/MT |NV-BDIZC |CYCLE
----------------------------------------
00|00|00|FE |0708 |1/2  |10100100 |18772
00|00|00|FE |0708 |2/2  |10100100 |18773


---------------
Opcode: D0
ll: F8
Old PC: 070A Offset:-8 New PC: 0702
Instruction:BNE Addressing Mode:Relative - Operand (Value: "None", Address: "0x0702")
Instruction cycle count set to 2
A |X |Y |SP |PC   |T/MT |NV-BDIZC |CYCLE
----------------------------------------
00|00|00|FE |0702 |1/3  |10100100 |18774
00|00|00|FE |0702 |2/3  |10100100 |18775
00|00|00|FE |0702 |3/3  |10100100 |18776


---------------
Opcode: 8D
ll: 00 hh: A0
Instruction:STA Addressing Mode:Absolute - Operand (Value: "0x00", Address: "0xA000")
Writing value 0x00 to address: 0xA000
0xA000: 0x00
Instruction cycle count set to 4
A |X |Y |SP |PC   |T/MT |NV-BDIZC |CYCLE
----------------------------------------
00|00|00|FE |0705 |1/4  |10100100 |18777
00|00|00|FE |0705 |2/4  |10100100 |18778
00|00|00|FE |0705 |3/4  |10100100 |18779
00|00|00|FE |0705 |4/4  |10100100 |18780


---------------
Opcode: 4A
Instruction:LSR Addressing Mode:Accumulator - Operand (Value: "0x00", Address: "None")
Instruction cycle count set to 2
A |X |Y |SP |PC   |T/MT |NV-BDIZC |CYCLE
----------------------------------------
00|00|00|FE |0706 |1/2  |00100110 |18781
00|00|00|FE |0706 |2/2  |00100110 |18782


---------------
Opcode: C9
ll: 02
Instruction:CMP Addressing Mode:Immediate - Operand (Value: "0x02", Address: "None")
Instruction cycle count set to 2
A |X |Y |SP |PC   |T/MT |NV-BDIZC |CYCLE
----------------------------------------
00|00|00|FE |0708 |1/2  |10100100 |18783
00|00|00|FE |0708 |2/2  |10100100 |18784


---------------
Opcode: D0
ll: F8
Old PC: 070A Offset:-8 New PC: 0702
Instruction:BNE Addressing Mode:Relative - Operand (Value: "None", Address: "0x0702")
Instruction cycle count set to 2
A |X |Y |SP |PC   |T/MT |NV-BDIZC |CYCLE
----------------------------------------
00|00|00|FE |0702 |1/3  |10100100 |18785
00|00|00|FE |0702 |2/3  |10100100 |18786
00|00|00|FE |0702 |3/3  |10100100 |18787


---------------
Opcode: 8D
ll: 00 hh: A0
Instruction:STA Addressing Mode:Absolute - Operand (Value: "0x00", Address: "0xA000")
Writing value 0x00 to address: 0xA000
0xA000: 0x00
Instruction cycle count set to 4
A |X |Y |SP |PC   |T/MT |NV-BDIZC |CYCLE
----------------------------------------
00|00|00|FE |0705 |1/4  |10100100 |18788
00|00|00|FE |0705 |2/4  |10100100 |18789
00|00|00|FE |0705 |3/4  |10100100 |18790
00|00|00|FE |0705 |4/4  |10100100 |18791


---------------
Opcode: 4A
Instruction:LSR Addressing Mode:Accumulator - Operand (Value: "0x00", Address: "None")
Instruction cycle count set to 2
A |X |Y |SP |PC   |T/MT |NV-BDIZC |CYCLE
----------------------------------------
00|00|00|FE |0706 |1/2  |00100110 |18792
00|00|00|FE |0706 |2/2  |00100110 |18793


---------------
Opcode: C9
ll: 02
Instruction:CMP Addressing Mode:Immediate - Operand (Value: "0x02", Address: "None")
Instruction cycle count set to 2
A |X |Y |SP |PC   |T/MT |NV-BDIZC |CYCLE
----------------------------------------
00|00|00|FE |0708 |1/2  |10100100 |18794
00|00|00|FE |0708 |2/2  |10100100 |18795


---------------
Opcode: D0
ll: F8
Old PC: 070A Offset:-8 New PC: 0702
Instruction:BNE Addressing Mode:Relative - Operand (Value: "None", Address: "0x0702")
Instruction cycle count set to 2
A |X |Y |SP |PC   |T/MT |NV-BDIZC |CYCLE
----------------------------------------
00|00|00|FE |0702 |1/3  |10100100 |18796
00|00|00|FE |0702 |2/3  |10100100 |18797
00|00|00|FE |0702 |3/3  |10100100 |18798


---------------
Opcode: 8D
ll: 00 hh: A0
Instruction:STA Addressing Mode:Absolute - Operand (Value: "0x00", Address: "0xA000")
Writing value 0x00 to address: 0xA000
0xA000: 0x00
Instruction cycle count set to 4
A |X |Y |SP |PC   |T/MT |NV-BDIZC |CYCLE
----------------------------------------
00|00|00|FE |0705 |1/4  |10100100 |18799
00|00|00|FE |0705 |2/4  |10100100 |18800
00|00|00|FE |0705 |3/4  |10100100 |18801
00|00|00|FE |0705 |4/4  |10100100 |18802


---------------
Opcode: 4A
Instruction:LSR Addressing Mode:Accumulator - Operand (Value: "0x00", Address: "None")
Instruction cycle count set to 2
A |X |Y |SP |PC   |T/MT |NV-BDIZC |CYCLE
----------------------------------------
00|00|00|FE |0706 |1/2  |00100110 |18803
00|00|00|FE |0706 |2/2  |00100110 |18804


---------------
Opcode: C9
ll: 02
Instruction:CMP Addressing Mode:Immediate - Operand (Value: "0x02", Address: "None")
Instruction cycle count set to 2
A |X |Y |SP |PC   |T/MT |NV-BDIZC |CYCLE
----------------------------------------
00|00|00|FE |0708 |1/2  |10100100 |18805
00|00|00|FE |0708 |2/2  |10100100 |18806


---------------
Opcode: D0
ll: F8
Old PC: 070A Offset:-8 New PC: 0702
Instruction:BNE Addressing Mode:Relative - Operand (Value: "None", Address: "0x0702")
Instruction cycle count set to 2
A |X |Y |SP |PC   |T/MT |NV-BDIZC |CYCLE
----------------------------------------
00|00|00|FE |0702 |1/3  |10100100 |18807
00|00|00|FE |0702 |2/3  |10100100 |18808
00|00|00|FE |0702 |3/3  |10100100 |18809


---------------
Opcode: 8D
ll: 00 hh: A0
Instruction:STA Addressing Mode:Absolute - Operand (Value: "0x00", Address: "0xA000")
Writing value 0x00 to address: 0xA000
0xA000: 0x00
Instruction cycle count set to 4
A |X |Y |SP |PC   |T/MT |NV-BDIZC |CYCLE
----------------------------------------
00|00|00|FE |0705 |1/4  |10100100 |18810
00|00|00|FE |0705 |2/4  |10100100 |18811
00|00|00|FE |0705 |3/4  |10100100 |18812
00|00|00|FE |0705 |4/4  |10100100 |18813


---------------
Opcode: 4A
Instruction:LSR Addressing Mode:Accumulator - Operand (Value: "0x00", Address: "None")
Instruction cycle count set to 2
A |X |Y |SP |PC   |T/MT |NV-BDIZC |CYCLE
----------------------------------------
00|00|00|FE |0706 |1/2  |00100110 |18814
00|00|00|FE |0706 |2/2  |00100110 |18815


---------------
Opcode: C9
ll: 02
Instruction:CMP Addressing Mode:Immediate - Operand (Value: "0x02", Address: "None")
Instruction cycle count set to 2
A |X |Y |SP |PC   |T/MT |NV-BDIZC |CYCLE
----------------------------------------
00|00|00|FE |0708 |1/2  |10100100 |18816
00|00|00|FE |0708 |2/2  |10100100 |18817


---------------
Opcode: D0
ll: F8
Old PC: 070A Offset:-8 New PC: 0702
Instruction:BNE Addressing Mode:Relative - Operand (Value: "None", Address: "0x0702")
Instruction cycle count set to 2
A |X |Y |SP |PC   |T/MT |NV-BDIZC |CYCLE
----------------------------------------
00|00|00|FE |0702 |1/3  |10100100 |18818
00|00|00|FE |0702 |2/3  |10100100 |18819
00|00|00|FE |0702 |3/3  |10100100 |18820


---------------
Opcode: 8D
ll: 00 hh: A0
Instruction:STA Addressing Mode:Absolute - Operand (Value: "0x00", Address: "0xA000")
Writing value 0x00 to address: 0xA000
0xA000: 0x00
Instruction cycle count set to 4
A |X |Y |SP |PC   |T/MT |NV-BDIZC |CYCLE
----------------------------------------
00|00|00|FE |0705 |1/4  |10100100 |18821
00|00|00|FE |0705 |2/4  |10100100 |18822
00|00|00|FE |0705 |3/4  |10100100 |18823
00|00|00|FE |0705 |4/4  |10100100 |18824


---------------
Opcode: 4A
Instruction:LSR Addressing Mode:Accumulator - Operand (Value: "0x00", Address: "None")
Instruction cycle count set to 2
A |X |Y |SP |PC   |T/MT |NV-BDIZC |CYCLE
----------------------------------------
00|00|00|FE |0706 |1/2  |00100110 |18825
00|00|00|FE |0706 |2/2  |00100110 |18826


---------------
Opcode: C9
ll: 02
Instruction:CMP Addressing Mode:Immediate - Operand (Value: "0x02", Address: "None")
Instruction cycle count set to 2
A |X |Y |SP |PC   |T/MT |NV-BDIZC |CYCLE
----------------------------------------
00|00|00|FE |0708 |1/2  |10100100 |18827
00|00|00|FE |0708 |2/2  |10100100 |18828


---------------
Opcode: D0
ll: F8
Old PC: 070A Offset:-8 New PC: 0702
Instruction:BNE Addressing Mode:Relative - Operand (Value: "None", Address: "0x0702")
Instruction cycle count set to 2
A |X |Y |SP |PC   |T/MT |NV-BDIZC |CYCLE
----------------------------------------
00|00|00|FE |0702 |1/3  |10100100 |18829
00|00|00|FE |0702 |2/3  |10100100 |18830
00|00|00|FE |0702 |3/3  |10100100 |18831


---------------
Opcode: 8D
ll: 00 hh: A0
Instruction:STA Addressing Mode:Absolute - Operand (Value: "0x00", Address: "0xA000")
Writing value 0x00 to address: 0xA000
0xA000: 0x00
Instruction cycle count set to 4
A |X |Y |SP |PC   |T/MT |NV-BDIZC |CYCLE
----------------------------------------
00|00|00|FE |0705 |1/4  |10100100 |18832
00|00|00|FE |0705 |2/4  |10100100 |18833
00|00|00|FE |0705 |3/4  |10100100 |18834
00|00|00|FE |0705 |4/4  |10100100 |18835


---------------
Opcode: 4A
Instruction:LSR Addressing Mode:Accumulator - Operand (Value: "0x00", Address: "None")
Instruction cycle count set to 2
A |X |Y |SP |PC   |T/MT |NV-BDIZC |CYCLE
----------------------------------------
00|00|00|FE |0706 |1/2  |00100110 |18836
00|00|00|FE |0706 |2/2  |00100110 |18837


---------------
Opcode: C9
ll: 02
Instruction:CMP Addressing Mode:Immediate - Operand (Value: "0x02", Address: "None")
Instruction cycle count set to 2
A |X |Y |SP |PC   |T/MT |NV-BDIZC |CYCLE
----------------------------------------
00|00|00|FE |0708 |1/2  |10100100 |18838
00|00|00|FE |0708 |2/2  |10100100 |18839


---------------
Opcode: D0
ll: F8
Old PC: 070A Offset:-8 New PC: 0702
Instruction:BNE Addressing Mode:Relative - Operand (Value: "None", Address: "0x0702")
Instruction cycle count set to 2
A |X |Y |SP |PC   |T/MT |NV-BDIZC |CYCLE
----------------------------------------
00|00|00|FE |0702 |1/3  |10100100 |18840
00|00|00|FE |0702 |2/3  |10100100 |18841
00|00|00|FE |0702 |3/3  |10100100 |18842


---------------
Opcode: 8D
ll: 00 hh: A0
Instruction:STA Addressing Mode:Absolute - Operand (Value: "0x00", Address: "0xA000")
Writing value 0x00 to address: 0xA000
0xA000: 0x00
Instruction cycle count set to 4
A |X |Y |SP |PC   |T/MT |NV-BDIZC |CYCLE
----------------------------------------
00|00|00|FE |0705 |1/4  |10100100 |18843
00|00|00|FE |0705 |2/4  |10100100 |18844
00|00|00|FE |0705 |3/4  |10100100 |18845
00|00|00|FE |0705 |4/4  |10100100 |18846


---------------
Opcode: 4A
Instruction:LSR Addressing Mode:Accumulator - Operand (Value: "0x00", Address: "None")
Instruction cycle count set to 2
A |X |Y |SP |PC   |T/MT |NV-BDIZC |CYCLE
----------------------------------------
00|00|00|FE |0706 |1/2  |00100110 |18847
00|00|00|FE |0706 |2/2  |00100110 |18848


---------------
Opcode: C9
ll: 02
Instruction:CMP Addressing Mode:Immediate - Operand (Value: "0x02", Address: "None")
Instruction cycle count set to 2
A |X |Y |SP |PC   |T/MT |NV-BDIZC |CYCLE
----------------------------------------
00|00|00|FE |0708 |1/2  |10100100 |18849
00|00|00|FE |0708 |2/2  |10100100 |18850


---------------
Opcode: D0
ll: F8
Old PC: 070A Offset:-8 New PC: 0702
Instruction:BNE Addressing Mode:Relative - Operand (Value: "None", Address: "0x0702")
Instruction cycle count set to 2
A |X |Y |SP |PC   |T/MT |NV-BDIZC |CYCLE
----------------------------------------
00|00|00|FE |0702 |1/3  |10100100 |18851
00|00|00|FE |0702 |2/3  |10100100 |18852
00|00|00|FE |0702 |3/3  |10100100 |18853


---------------
Opcode: 8D
ll: 00 hh: A0
Instruction:STA Addressing Mode:Absolute - Operand (Value: "0x00", Address: "0xA000")
Writing value 0x00 to address: 0xA000
0xA000: 0x00
Instruction cycle count set to 4
A |X |Y |SP |PC   |T/MT |NV-BDIZC |CYCLE
----------------------------------------
00|00|00|FE |0705 |1/4  |10100100 |18854
00|00|00|FE |0705 |2/4  |10100100 |18855
00|00|00|FE |0705 |3/4  |10100100 |18856
00|00|00|FE |0705 |4/4  |10100100 |18857


---------------
Opcode: 4A
Instruction:LSR Addressing Mode:Accumulator - Operand (Value: "0x00", Address: "None")
Instruction cycle count set to 2
A |X |Y |SP |PC   |T/MT |NV-BDIZC |CYCLE
----------------------------------------
00|00|00|FE |0706 |1/2  |00100110 |18858
00|00|00|FE |0706 |2/2  |00100110 |18859


---------------
Opcode: C9
ll: 02
Instruction:CMP Addressing Mode:Immediate - Operand (Value: "0x02", Address: "None")
Instruction cycle count set to 2
A |X |Y |SP |PC   |T/MT |NV-BDIZC |CYCLE
----------------------------------------
00|00|00|FE |0708 |1/2  |10100100 |18860
00|00|00|FE |0708 |2/2  |10100100 |18861


---------------
Opcode: D0
ll: F8
Old PC: 070A Offset:-8 New PC: 0702
Instruction:BNE Addressing Mode:Relative - Operand (Value: "None", Address: "0x0702")
Instruction cycle count set to 2
A |X |Y |SP |PC   |T/MT |NV-BDIZC |CYCLE
----------------------------------------
00|00|00|FE |0702 |1/3  |10100100 |18862
00|00|00|FE |0702 |2/3  |10100100 |18863
00|00|00|FE |0702 |3/3  |10100100 |18864


---------------
Opcode: 8D
ll: 00 hh: A0
Instruction:STA Addressing Mode:Absolute - Operand (Value: "0x00", Address: "0xA000")
Writing value 0x00 to address: 0xA000
0xA000: 0x00
Instruction cycle count set to 4
A |X |Y |SP |PC   |T/MT |NV-BDIZC |CYCLE
----------------------------------------
00|00|00|FE |0705 |1/4  |10100100 |18865
00|00|00|FE |0705 |2/4  |10100100 |18866
00|00|00|FE |0705 |3/4  |10100100 |18867
00|00|00|FE |0705 |4/4  |10100100 |18868


---------------
Opcode: 4A
Instruction:LSR Addressing Mode:Accumulator - Operand (Value: "0x00", Address: "None")
Instruction cycle count set to 2
A |X |Y |SP |PC   |T/MT |NV-BDIZC |CYCLE
----------------------------------------
00|00|00|FE |0706 |1/2  |00100110 |18869
00|00|00|FE |0706 |2/2  |00100110 |18870


---------------
Opcode: C9
ll: 02
Instruction:CMP Addressing Mode:Immediate - Operand (Value: "0x02", Address: "None")
Instruction cycle count set to 2
A |X |Y |SP |PC   |T/MT |NV-BDIZC |CYCLE
----------------------------------------
00|00|00|FE |0708 |1/2  |10100100 |18871
00|00|00|FE |0708 |2/2  |10100100 |18872


---------------
Opcode: D0
ll: F8
Old PC: 070A Offset:-8 New PC: 0702
Instruction:BNE Addressing Mode:Relative - Operand (Value: "None", Address: "0x0702")
Instruction cycle count set to 2
A |X |Y |SP |PC   |T/MT |NV-BDIZC |CYCLE
----------------------------------------
00|00|00|FE |0702 |1/3  |10100100 |18873
00|00|00|FE |0702 |2/3  |10100100 |18874
00|00|00|FE |0702 |3/3  |10100100 |18875


---------------
Opcode: 8D
ll: 00 hh: A0
Instruction:STA Addressing Mode:Absolute - Operand (Value: "0x00", Address: "0xA000")
Writing value 0x00 to address: 0xA000
0xA000: 0x00
Instruction cycle count set to 4
A |X |Y |SP |PC   |T/MT |NV-BDIZC |CYCLE
----------------------------------------
00|00|00|FE |0705 |1/4  |10100100 |18876
00|00|00|FE |0705 |2/4  |10100100 |18877
00|00|00|FE |0705 |3/4  |10100100 |18878
00|00|00|FE |0705 |4/4  |10100100 |18879


---------------
Opcode: 4A
Instruction:LSR Addressing Mode:Accumulator - Operand (Value: "0x00", Address: "None")
Instruction cycle count set to 2
A |X |Y |SP |PC   |T/MT |NV-BDIZC |CYCLE
----------------------------------------
00|00|00|FE |0706 |1/2  |00100110 |18880
00|00|00|FE |0706 |2/2  |00100110 |18881


---------------
Opcode: C9
ll: 02
Instruction:CMP Addressing Mode:Immediate - Operand (Value: "0x02", Address: "None")
Instruction cycle count set to 2
A |X |Y |SP |PC   |T/MT |NV-BDIZC |CYCLE
----------------------------------------
00|00|00|FE |0708 |1/2  |10100100 |18882
00|00|00|FE |0708 |2/2  |10100100 |18883


---------------
Opcode: D0
ll: F8
Old PC: 070A Offset:-8 New PC: 0702
Instruction:BNE Addressing Mode:Relative - Operand (Value: "None", Address: "0x0702")
Instruction cycle count set to 2
A |X |Y |SP |PC   |T/MT |NV-BDIZC |CYCLE
----------------------------------------
00|00|00|FE |0702 |1/3  |10100100 |18884
00|00|00|FE |0702 |2/3  |10100100 |18885
00|00|00|FE |0702 |3/3  |10100100 |18886


---------------
Opcode: 8D
ll: 00 hh: A0
Instruction:STA Addressing Mode:Absolute - Operand (Value: "0x00", Address: "0xA000")
Writing value 0x00 to address: 0xA000
0xA000: 0x00
Instruction cycle count set to 4
A |X |Y |SP |PC   |T/MT |NV-BDIZC |CYCLE
----------------------------------------
00|00|00|FE |0705 |1/4  |10100100 |18887
00|00|00|FE |0705 |2/4  |10100100 |18888
00|00|00|FE |0705 |3/4  |10100100 |18889
00|00|00|FE |0705 |4/4  |10100100 |18890


---------------
Opcode: 4A
Instruction:LSR Addressing Mode:Accumulator - Operand (Value: "0x00", Address: "None")
Instruction cycle count set to 2
A |X |Y |SP |PC   |T/MT |NV-BDIZC |CYCLE
----------------------------------------
00|00|00|FE |0706 |1/2  |00100110 |18891
00|00|00|FE |0706 |2/2  |00100110 |18892


---------------
Opcode: C9
ll: 02
Instruction:CMP Addressing Mode:Immediate - Operand (Value: "0x02", Address: "None")
Instruction cycle count set to 2
A |X |Y |SP |PC   |T/MT |NV-BDIZC |CYCLE
----------------------------------------
00|00|00|FE |0708 |1/2  |10100100 |18893
00|00|00|FE |0708 |2/2  |10100100 |18894


---------------
Opcode: D0
ll: F8
Old PC: 070A Offset:-8 New PC: 0702
Instruction:BNE Addressing Mode:Relative - Operand (Value: "None", Address: "0x0702")
Instruction cycle count set to 2
A |X |Y |SP |PC   |T/MT |NV-BDIZC |CYCLE
----------------------------------------
00|00|00|FE |0702 |1/3  |10100100 |18895
00|00|00|FE |0702 |2/3  |10100100 |18896
00|00|00|FE |0702 |3/3  |10100100 |18897


---------------
Opcode: 8D
ll: 00 hh: A0
Instruction:STA Addressing Mode:Absolute - Operand (Value: "0x00", Address: "0xA000")
Writing value 0x00 to address: 0xA000
0xA000: 0x00
Instruction cycle count set to 4
A |X |Y |SP |PC   |T/MT |NV-BDIZC |CYCLE
----------------------------------------
00|00|00|FE |0705 |1/4  |10100100 |18898
00|00|00|FE |0705 |2/4  |10100100 |18899
00|00|00|FE |0705 |3/4  |10100100 |18900
00|00|00|FE |0705 |4/4  |10100100 |18901


---------------
Opcode: 4A
Instruction:LSR Addressing Mode:Accumulator - Operand (Value: "0x00", Address: "None")
Instruction cycle count set to 2
A |X |Y |SP |PC   |T/MT |NV-BDIZC |CYCLE
----------------------------------------
00|00|00|FE |0706 |1/2  |00100110 |18902
00|00|00|FE |0706 |2/2  |00100110 |18903


---------------
Opcode: C9
ll: 02
Instruction:CMP Addressing Mode:Immediate - Operand (Value: "0x02", Address: "None")
Instruction cycle count set to 2
A |X |Y |SP |PC   |T/MT |NV-BDIZC |CYCLE
----------------------------------------
00|00|00|FE |0708 |1/2  |10100100 |18904
00|00|00|FE |0708 |2/2  |10100100 |18905


---------------
Opcode: D0
ll: F8
Old PC: 070A Offset:-8 New PC: 0702
Instruction:BNE Addressing Mode:Relative - Operand (Value: "None", Address: "0x0702")
Instruction cycle count set to 2
A |X |Y |SP |PC   |T/MT |NV-BDIZC |CYCLE
----------------------------------------
00|00|00|FE |0702 |1/3  |10100100 |18906
00|00|00|FE |0702 |2/3  |10100100 |18907
00|00|00|FE |0702 |3/3  |10100100 |18908


---------------
Opcode: 8D
ll: 00 hh: A0
Instruction:STA Addressing Mode:Absolute - Operand (Value: "0x00", Address: "0xA000")
Writing value 0x00 to address: 0xA000
0xA000: 0x00
Instruction cycle count set to 4
A |X |Y |SP |PC   |T/MT |NV-BDIZC |CYCLE
----------------------------------------
00|00|00|FE |0705 |1/4  |10100100 |18909
00|00|00|FE |0705 |2/4  |10100100 |18910
00|00|00|FE |0705 |3/4  |10100100 |18911
00|00|00|FE |0705 |4/4  |10100100 |18912


---------------
Opcode: 4A
Instruction:LSR Addressing Mode:Accumulator - Operand (Value: "0x00", Address: "None")
Instruction cycle count set to 2
A |X |Y |SP |PC   |T/MT |NV-BDIZC |CYCLE
----------------------------------------
00|00|00|FE |0706 |1/2  |00100110 |18913
00|00|00|FE |0706 |2/2  |00100110 |18914


---------------
Opcode: C9
ll: 02
Instruction:CMP Addressing Mode:Immediate - Operand (Value: "0x02", Address: "None")
Instruction cycle count set to 2
A |X |Y |SP |PC   |T/MT |NV-BDIZC |CYCLE
----------------------------------------
00|00|00|FE |0708 |1/2  |10100100 |18915
00|00|00|FE |0708 |2/2  |10100100 |18916


---------------
Opcode: D0
ll: F8
Old PC: 070A Offset:-8 New PC: 0702
Instruction:BNE Addressing Mode:Relative - Operand (Value: "None", Address: "0x0702")
Instruction cycle count set to 2
A |X |Y |SP |PC   |T/MT |NV-BDIZC |CYCLE
----------------------------------------
00|00|00|FE |0702 |1/3  |10100100 |18917
00|00|00|FE |0702 |2/3  |10100100 |18918
00|00|00|FE |0702 |3/3  |10100100 |18919


---------------
Opcode: 8D
ll: 00 hh: A0
Instruction:STA Addressing Mode:Absolute - Operand (Value: "0x00", Address: "0xA000")
Writing value 0x00 to address: 0xA000
0xA000: 0x00
Instruction cycle count set to 4
A |X |Y |SP |PC   |T/MT |NV-BDIZC |CYCLE
----------------------------------------
00|00|00|FE |0705 |1/4  |10100100 |18920
00|00|00|FE |0705 |2/4  |10100100 |18921
00|00|00|FE |0705 |3/4  |10100100 |18922
00|00|00|FE |0705 |4/4  |10100100 |18923


---------------
Opcode: 4A
Instruction:LSR Addressing Mode:Accumulator - Operand (Value: "0x00", Address: "None")
Instruction cycle count set to 2
A |X |Y |SP |PC   |T/MT |NV-BDIZC |CYCLE
----------------------------------------
00|00|00|FE |0706 |1/2  |00100110 |18924
00|00|00|FE |0706 |2/2  |00100110 |18925


---------------
Opcode: C9
ll: 02
Instruction:CMP Addressing Mode:Immediate - Operand (Value: "0x02", Address: "None")
Instruction cycle count set to 2
A |X |Y |SP |PC   |T/MT |NV-BDIZC |CYCLE
----------------------------------------
00|00|00|FE |0708 |1/2  |10100100 |18926
00|00|00|FE |0708 |2/2  |10100100 |18927


---------------
Opcode: D0
ll: F8
Old PC: 070A Offset:-8 New PC: 0702
Instruction:BNE Addressing Mode:Relative - Operand (Value: "None", Address: "0x0702")
Instruction cycle count set to 2
A |X |Y |SP |PC   |T/MT |NV-BDIZC |CYCLE
----------------------------------------
00|00|00|FE |0702 |1/3  |10100100 |18928
00|00|00|FE |0702 |2/3  |10100100 |18929
00|00|00|FE |0702 |3/3  |10100100 |18930


---------------
Opcode: 8D
ll: 00 hh: A0
Instruction:STA Addressing Mode:Absolute - Operand (Value: "0x00", Address: "0xA000")
Writing value 0x00 to address: 0xA000
0xA000: 0x00
Instruction cycle count set to 4
A |X |Y |SP |PC   |T/MT |NV-BDIZC |CYCLE
----------------------------------------
00|00|00|FE |0705 |1/4  |10100100 |18931
00|00|00|FE |0705 |2/4  |10100100 |18932
00|00|00|FE |0705 |3/4  |10100100 |18933
00|00|00|FE |0705 |4/4  |10100100 |18934


---------------
Opcode: 4A
Instruction:LSR Addressing Mode:Accumulator - Operand (Value: "0x00", Address: "None")
Instruction cycle count set to 2
A |X |Y |SP |PC   |T/MT |NV-BDIZC |CYCLE
----------------------------------------
00|00|00|FE |0706 |1/2  |00100110 |18935
00|00|00|FE |0706 |2/2  |00100110 |18936


---------------
Opcode: C9
ll: 02
Instruction:CMP Addressing Mode:Immediate - Operand (Value: "0x02", Address: "None")
Instruction cycle count set to 2
A |X |Y |SP |PC   |T/MT |NV-BDIZC |CYCLE
----------------------------------------
00|00|00|FE |0708 |1/2  |10100100 |18937
00|00|00|FE |0708 |2/2  |10100100 |18938


---------------
Opcode: D0
ll: F8
Old PC: 070A Offset:-8 New PC: 0702
Instruction:BNE Addressing Mode:Relative - Operand (Value: "None", Address: "0x0702")
Instruction cycle count set to 2
A |X |Y |SP |PC   |T/MT |NV-BDIZC |CYCLE
----------------------------------------
00|00|00|FE |0702 |1/3  |10100100 |18939
00|00|00|FE |0702 |2/3  |10100100 |18940
00|00|00|FE |0702 |3/3  |10100100 |18941


---------------
Opcode: 8D
ll: 00 hh: A0
Instruction:STA Addressing Mode:Absolute - Operand (Value: "0x00", Address: "0xA000")
Writing value 0x00 to address: 0xA000
0xA000: 0x00
Instruction cycle count set to 4
A |X |Y |SP |PC   |T/MT |NV-BDIZC |CYCLE
----------------------------------------
00|00|00|FE |0705 |1/4  |10100100 |18942
00|00|00|FE |0705 |2/4  |10100100 |18943
00|00|00|FE |0705 |3/4  |10100100 |18944
00|00|00|FE |0705 |4/4  |10100100 |18945


---------------
Opcode: 4A
Instruction:LSR Addressing Mode:Accumulator - Operand (Value: "0x00", Address: "None")
Instruction cycle count set to 2
A |X |Y |SP |PC   |T/MT |NV-BDIZC |CYCLE
----------------------------------------
00|00|00|FE |0706 |1/2  |00100110 |18946
00|00|00|FE |0706 |2/2  |00100110 |18947


---------------
Opcode: C9
ll: 02
Instruction:CMP Addressing Mode:Immediate - Operand (Value: "0x02", Address: "None")
Instruction cycle count set to 2
A |X |Y |SP |PC   |T/MT |NV-BDIZC |CYCLE
----------------------------------------
00|00|00|FE |0708 |1/2  |10100100 |18948
00|00|00|FE |0708 |2/2  |10100100 |18949


---------------
Opcode: D0
ll: F8
Old PC: 070A Offset:-8 New PC: 0702
Instruction:BNE Addressing Mode:Relative - Operand (Value: "None", Address: "0x0702")
Instruction cycle count set to 2
A |X |Y |SP |PC   |T/MT |NV-BDIZC |CYCLE
----------------------------------------
00|00|00|FE |0702 |1/3  |10100100 |18950
00|00|00|FE |0702 |2/3  |10100100 |18951
00|00|00|FE |0702 |3/3  |10100100 |18952


---------------
Opcode: 8D
ll: 00 hh: A0
Instruction:STA Addressing Mode:Absolute - Operand (Value: "0x00", Address: "0xA000")
Writing value 0x00 to address: 0xA000
0xA000: 0x00
Instruction cycle count set to 4
A |X |Y |SP |PC   |T/MT |NV-BDIZC |CYCLE
----------------------------------------
00|00|00|FE |0705 |1/4  |10100100 |18953
00|00|00|FE |0705 |2/4  |10100100 |18954
00|00|00|FE |0705 |3/4  |10100100 |18955
00|00|00|FE |0705 |4/4  |10100100 |18956


---------------
Opcode: 4A
Instruction:LSR Addressing Mode:Accumulator - Operand (Value: "0x00", Address: "None")
Instruction cycle count set to 2
A |X |Y |SP |PC   |T/MT |NV-BDIZC |CYCLE
----------------------------------------
00|00|00|FE |0706 |1/2  |00100110 |18957
00|00|00|FE |0706 |2/2  |00100110 |18958


---------------
Opcode: C9
ll: 02
Instruction:CMP Addressing Mode:Immediate - Operand (Value: "0x02", Address: "None")
Instruction cycle count set to 2
A |X |Y |SP |PC   |T/MT |NV-BDIZC |CYCLE
----------------------------------------
00|00|00|FE |0708 |1/2  |10100100 |18959
00|00|00|FE |0708 |2/2  |10100100 |18960


---------------
Opcode: D0
ll: F8
Old PC: 070A Offset:-8 New PC: 0702
Instruction:BNE Addressing Mode:Relative - Operand (Value: "None", Address: "0x0702")
Instruction cycle count set to 2
A |X |Y |SP |PC   |T/MT |NV-BDIZC |CYCLE
----------------------------------------
00|00|00|FE |0702 |1/3  |10100100 |18961
00|00|00|FE |0702 |2/3  |10100100 |18962
00|00|00|FE |0702 |3/3  |10100100 |18963


---------------
Opcode: 8D
ll: 00 hh: A0
Instruction:STA Addressing Mode:Absolute - Operand (Value: "0x00", Address: "0xA000")
Writing value 0x00 to address: 0xA000
0xA000: 0x00
Instruction cycle count set to 4
A |X |Y |SP |PC   |T/MT |NV-BDIZC |CYCLE
----------------------------------------
00|00|00|FE |0705 |1/4  |10100100 |18964
00|00|00|FE |0705 |2/4  |10100100 |18965
00|00|00|FE |0705 |3/4  |10100100 |18966
00|00|00|FE |0705 |4/4  |10100100 |18967


---------------
Opcode: 4A
Instruction:LSR Addressing Mode:Accumulator - Operand (Value: "0x00", Address: "None")
Instruction cycle count set to 2
A |X |Y |SP |PC   |T/MT |NV-BDIZC |CYCLE
----------------------------------------
00|00|00|FE |0706 |1/2  |00100110 |18968
00|00|00|FE |0706 |2/2  |00100110 |18969


---------------
Opcode: C9
ll: 02
Instruction:CMP Addressing Mode:Immediate - Operand (Value: "0x02", Address: "None")
Instruction cycle count set to 2
A |X |Y |SP |PC   |T/MT |NV-BDIZC |CYCLE
----------------------------------------
00|00|00|FE |0708 |1/2  |10100100 |18970
00|00|00|FE |0708 |2/2  |10100100 |18971


---------------
Opcode: D0
ll: F8
Old PC: 070A Offset:-8 New PC: 0702
Instruction:BNE Addressing Mode:Relative - Operand (Value: "None", Address: "0x0702")
Instruction cycle count set to 2
A |X |Y |SP |PC   |T/MT |NV-BDIZC |CYCLE
----------------------------------------
00|00|00|FE |0702 |1/3  |10100100 |18972
00|00|00|FE |0702 |2/3  |10100100 |18973
00|00|00|FE |0702 |3/3  |10100100 |18974


---------------
Opcode: 8D
ll: 00 hh: A0
Instruction:STA Addressing Mode:Absolute - Operand (Value: "0x00", Address: "0xA000")
Writing value 0x00 to address: 0xA000
0xA000: 0x00
Instruction cycle count set to 4
A |X |Y |SP |PC   |T/MT |NV-BDIZC |CYCLE
----------------------------------------
00|00|00|FE |0705 |1/4  |10100100 |18975
00|00|00|FE |0705 |2/4  |10100100 |18976
00|00|00|FE |0705 |3/4  |10100100 |18977
00|00|00|FE |0705 |4/4  |10100100 |18978


---------------
Opcode: 4A
Instruction:LSR Addressing Mode:Accumulator - Operand (Value: "0x00", Address: "None")
Instruction cycle count set to 2
A |X |Y |SP |PC   |T/MT |NV-BDIZC |CYCLE
----------------------------------------
00|00|00|FE |0706 |1/2  |00100110 |18979
00|00|00|FE |0706 |2/2  |00100110 |18980


---------------
Opcode: C9
ll: 02
Instruction:CMP Addressing Mode:Immediate - Operand (Value: "0x02", Address: "None")
Instruction cycle count set to 2
A |X |Y |SP |PC   |T/MT |NV-BDIZC |CYCLE
----------------------------------------
00|00|00|FE |0708 |1/2  |10100100 |18981
00|00|00|FE |0708 |2/2  |10100100 |18982


---------------
Opcode: D0
ll: F8
Old PC: 070A Offset:-8 New PC: 0702
Instruction:BNE Addressing Mode:Relative - Operand (Value: "None", Address: "0x0702")
Instruction cycle count set to 2
A |X |Y |SP |PC   |T/MT |NV-BDIZC |CYCLE
----------------------------------------
00|00|00|FE |0702 |1/3  |10100100 |18983
00|00|00|FE |0702 |2/3  |10100100 |18984
00|00|00|FE |0702 |3/3  |10100100 |18985


---------------
Opcode: 8D
ll: 00 hh: A0
Instruction:STA Addressing Mode:Absolute - Operand (Value: "0x00", Address: "0xA000")
Writing value 0x00 to address: 0xA000
0xA000: 0x00
Instruction cycle count set to 4
A |X |Y |SP |PC   |T/MT |NV-BDIZC |CYCLE
----------------------------------------
00|00|00|FE |0705 |1/4  |10100100 |18986
00|00|00|FE |0705 |2/4  |10100100 |18987
00|00|00|FE |0705 |3/4  |10100100 |18988
00|00|00|FE |0705 |4/4  |10100100 |18989


---------------
Opcode: 4A
Instruction:LSR Addressing Mode:Accumulator - Operand (Value: "0x00", Address: "None")
Instruction cycle count set to 2
A |X |Y |SP |PC   |T/MT |NV-BDIZC |CYCLE
----------------------------------------
00|00|00|FE |0706 |1/2  |00100110 |18990
00|00|00|FE |0706 |2/2  |00100110 |18991


---------------
Opcode: C9
ll: 02
Instruction:CMP Addressing Mode:Immediate - Operand (Value: "0x02", Address: "None")
Instruction cycle count set to 2
A |X |Y |SP |PC   |T/MT |NV-BDIZC |CYCLE
----------------------------------------
00|00|00|FE |0708 |1/2  |10100100 |18992
00|00|00|FE |0708 |2/2  |10100100 |18993


---------------
Opcode: D0
ll: F8
Old PC: 070A Offset:-8 New PC: 0702
Instruction:BNE Addressing Mode:Relative - Operand (Value: "None", Address: "0x0702")
Instruction cycle count set to 2
A |X |Y |SP |PC   |T/MT |NV-BDIZC |CYCLE
----------------------------------------
00|00|00|FE |0702 |1/3  |10100100 |18994
00|00|00|FE |0702 |2/3  |10100100 |18995
00|00|00|FE |0702 |3/3  |10100100 |18996


---------------
Opcode: 8D
ll: 00 hh: A0
Instruction:STA Addressing Mode:Absolute - Operand (Value: "0x00", Address: "0xA000")
Writing value 0x00 to address: 0xA000
0xA000: 0x00
Instruction cycle count set to 4
A |X |Y |SP |PC   |T/MT |NV-BDIZC |CYCLE
----------------------------------------
00|00|00|FE |0705 |1/4  |10100100 |18997
00|00|00|FE |0705 |2/4  |10100100 |18998
emulation behind by 1.530614264s. trying to catch up...
00|00|00|FE |0705 |3/4  |10100100 |18999
00|00|00|FE |0705 |4/4  |10100100 |19000


---------------
Opcode: 4A
Instruction:LSR Addressing Mode:Accumulator - Operand (Value: "0x00", Address: "None")
Instruction cycle count set to 2
A |X |Y |SP |PC   |T/MT |NV-BDIZC |CYCLE
----------------------------------------
00|00|00|FE |0706 |1/2  |00100110 |19001
00|00|00|FE |0706 |2/2  |00100110 |19002


---------------
Opcode: C9
ll: 02
Instruction:CMP Addressing Mode:Immediate - Operand (Value: "0x02", Address: "None")
Instruction cycle count set to 2
A |X |Y |SP |PC   |T/MT |NV-BDIZC |CYCLE
----------------------------------------
00|00|00|FE |0708 |1/2  |10100100 |19003
00|00|00|FE |0708 |2/2  |10100100 |19004


---------------
Opcode: D0
ll: F8
Old PC: 070A Offset:-8 New PC: 0702
Instruction:BNE Addressing Mode:Relative - Operand (Value: "None", Address: "0x0702")
Instruction cycle count set to 2
A |X |Y |SP |PC   |T/MT |NV-BDIZC |CYCLE
----------------------------------------
00|00|00|FE |0702 |1/3  |10100100 |19005
00|00|00|FE |0702 |2/3  |10100100 |19006
00|00|00|FE |0702 |3/3  |10100100 |19007


---------------
Opcode: 8D
ll: 00 hh: A0
Instruction:STA Addressing Mode:Absolute - Operand (Value: "0x00", Address: "0xA000")
Writing value 0x00 to address: 0xA000
0xA000: 0x00
Instruction cycle count set to 4
A |X |Y |SP |PC   |T/MT |NV-BDIZC |CYCLE
----------------------------------------
00|00|00|FE |0705 |1/4  |10100100 |19008
00|00|00|FE |0705 |2/4  |10100100 |19009
00|00|00|FE |0705 |3/4  |10100100 |19010
00|00|00|FE |0705 |4/4  |10100100 |19011


---------------
Opcode: 4A
Instruction:LSR Addressing Mode:Accumulator - Operand (Value: "0x00", Address: "None")
Instruction cycle count set to 2
A |X |Y |SP |PC   |T/MT |NV-BDIZC |CYCLE
----------------------------------------
00|00|00|FE |0706 |1/2  |00100110 |19012
00|00|00|FE |0706 |2/2  |00100110 |19013


---------------
Opcode: C9
ll: 02
Instruction:CMP Addressing Mode:Immediate - Operand (Value: "0x02", Address: "None")
Instruction cycle count set to 2
A |X |Y |SP |PC   |T/MT |NV-BDIZC |CYCLE
----------------------------------------
00|00|00|FE |0708 |1/2  |10100100 |19014
00|00|00|FE |0708 |2/2  |10100100 |19015


---------------
Opcode: D0
ll: F8
Old PC: 070A Offset:-8 New PC: 0702
Instruction:BNE Addressing Mode:Relative - Operand (Value: "None", Address: "0x0702")
Instruction cycle count set to 2
A |X |Y |SP |PC   |T/MT |NV-BDIZC |CYCLE
----------------------------------------
00|00|00|FE |0702 |1/3  |10100100 |19016
00|00|00|FE |0702 |2/3  |10100100 |19017
00|00|00|FE |0702 |3/3  |10100100 |19018


---------------
Opcode: 8D
ll: 00 hh: A0
Instruction:STA Addressing Mode:Absolute - Operand (Value: "0x00", Address: "0xA000")
Writing value 0x00 to address: 0xA000
0xA000: 0x00
Instruction cycle count set to 4
A |X |Y |SP |PC   |T/MT |NV-BDIZC |CYCLE
----------------------------------------
00|00|00|FE |0705 |1/4  |10100100 |19019
00|00|00|FE |0705 |2/4  |10100100 |19020
00|00|00|FE |0705 |3/4  |10100100 |19021
00|00|00|FE |0705 |4/4  |10100100 |19022


---------------
Opcode: 4A
Instruction:LSR Addressing Mode:Accumulator - Operand (Value: "0x00", Address: "None")
Instruction cycle count set to 2
A |X |Y |SP |PC   |T/MT |NV-BDIZC |CYCLE
----------------------------------------
00|00|00|FE |0706 |1/2  |00100110 |19023
00|00|00|FE |0706 |2/2  |00100110 |19024


---------------
Opcode: C9
ll: 02
Instruction:CMP Addressing Mode:Immediate - Operand (Value: "0x02", Address: "None")
Instruction cycle count set to 2
A |X |Y |SP |PC   |T/MT |NV-BDIZC |CYCLE
----------------------------------------
00|00|00|FE |0708 |1/2  |10100100 |19025
00|00|00|FE |0708 |2/2  |10100100 |19026


---------------
Opcode: D0
ll: F8
Old PC: 070A Offset:-8 New PC: 0702
Instruction:BNE Addressing Mode:Relative - Operand (Value: "None", Address: "0x0702")
Instruction cycle count set to 2
A |X |Y |SP |PC   |T/MT |NV-BDIZC |CYCLE
----------------------------------------
00|00|00|FE |0702 |1/3  |10100100 |19027
00|00|00|FE |0702 |2/3  |10100100 |19028
00|00|00|FE |0702 |3/3  |10100100 |19029


---------------
Opcode: 8D
ll: 00 hh: A0
Instruction:STA Addressing Mode:Absolute - Operand (Value: "0x00", Address: "0xA000")
Writing value 0x00 to address: 0xA000
0xA000: 0x00
Instruction cycle count set to 4
A |X |Y |SP |PC   |T/MT |NV-BDIZC |CYCLE
----------------------------------------
00|00|00|FE |0705 |1/4  |10100100 |19030
00|00|00|FE |0705 |2/4  |10100100 |19031
00|00|00|FE |0705 |3/4  |10100100 |19032
00|00|00|FE |0705 |4/4  |10100100 |19033


---------------
Opcode: 4A
Instruction:LSR Addressing Mode:Accumulator - Operand (Value: "0x00", Address: "None")
Instruction cycle count set to 2
A |X |Y |SP |PC   |T/MT |NV-BDIZC |CYCLE
----------------------------------------
00|00|00|FE |0706 |1/2  |00100110 |19034
00|00|00|FE |0706 |2/2  |00100110 |19035


---------------
Opcode: C9
ll: 02
Instruction:CMP Addressing Mode:Immediate - Operand (Value: "0x02", Address: "None")
Instruction cycle count set to 2
A |X |Y |SP |PC   |T/MT |NV-BDIZC |CYCLE
----------------------------------------
00|00|00|FE |0708 |1/2  |10100100 |19036
00|00|00|FE |0708 |2/2  |10100100 |19037


---------------
Opcode: D0
ll: F8
Old PC: 070A Offset:-8 New PC: 0702
Instruction:BNE Addressing Mode:Relative - Operand (Value: "None", Address: "0x0702")
Instruction cycle count set to 2
A |X |Y |SP |PC   |T/MT |NV-BDIZC |CYCLE
----------------------------------------
00|00|00|FE |0702 |1/3  |10100100 |19038
00|00|00|FE |0702 |2/3  |10100100 |19039
00|00|00|FE |0702 |3/3  |10100100 |19040


---------------
Opcode: 8D
ll: 00 hh: A0
Instruction:STA Addressing Mode:Absolute - Operand (Value: "0x00", Address: "0xA000")
Writing value 0x00 to address: 0xA000
0xA000: 0x00
Instruction cycle count set to 4
A |X |Y |SP |PC   |T/MT |NV-BDIZC |CYCLE
----------------------------------------
00|00|00|FE |0705 |1/4  |10100100 |19041
00|00|00|FE |0705 |2/4  |10100100 |19042
00|00|00|FE |0705 |3/4  |10100100 |19043
00|00|00|FE |0705 |4/4  |10100100 |19044


---------------
Opcode: 4A
Instruction:LSR Addressing Mode:Accumulator - Operand (Value: "0x00", Address: "None")
Instruction cycle count set to 2
A |X |Y |SP |PC   |T/MT |NV-BDIZC |CYCLE
----------------------------------------
00|00|00|FE |0706 |1/2  |00100110 |19045
00|00|00|FE |0706 |2/2  |00100110 |19046


---------------
Opcode: C9
ll: 02
Instruction:CMP Addressing Mode:Immediate - Operand (Value: "0x02", Address: "None")
Instruction cycle count set to 2
A |X |Y |SP |PC   |T/MT |NV-BDIZC |CYCLE
----------------------------------------
00|00|00|FE |0708 |1/2  |10100100 |19047
00|00|00|FE |0708 |2/2  |10100100 |19048


---------------
Opcode: D0
ll: F8
Old PC: 070A Offset:-8 New PC: 0702
Instruction:BNE Addressing Mode:Relative - Operand (Value: "None", Address: "0x0702")
Instruction cycle count set to 2
A |X |Y |SP |PC   |T/MT |NV-BDIZC |CYCLE
----------------------------------------
00|00|00|FE |0702 |1/3  |10100100 |19049
00|00|00|FE |0702 |2/3  |10100100 |19050
00|00|00|FE |0702 |3/3  |10100100 |19051


---------------
Opcode: 8D
ll: 00 hh: A0
Instruction:STA Addressing Mode:Absolute - Operand (Value: "0x00", Address: "0xA000")
Writing value 0x00 to address: 0xA000
0xA000: 0x00
Instruction cycle count set to 4
A |X |Y |SP |PC   |T/MT |NV-BDIZC |CYCLE
----------------------------------------
00|00|00|FE |0705 |1/4  |10100100 |19052
00|00|00|FE |0705 |2/4  |10100100 |19053
00|00|00|FE |0705 |3/4  |10100100 |19054
00|00|00|FE |0705 |4/4  |10100100 |19055


---------------
Opcode: 4A
Instruction:LSR Addressing Mode:Accumulator - Operand (Value: "0x00", Address: "None")
Instruction cycle count set to 2
A |X |Y |SP |PC   |T/MT |NV-BDIZC |CYCLE
----------------------------------------
00|00|00|FE |0706 |1/2  |00100110 |19056
00|00|00|FE |0706 |2/2  |00100110 |19057


---------------
Opcode: C9
ll: 02
Instruction:CMP Addressing Mode:Immediate - Operand (Value: "0x02", Address: "None")
Instruction cycle count set to 2
A |X |Y |SP |PC   |T/MT |NV-BDIZC |CYCLE
----------------------------------------
00|00|00|FE |0708 |1/2  |10100100 |19058
00|00|00|FE |0708 |2/2  |10100100 |19059


---------------
Opcode: D0
ll: F8
Old PC: 070A Offset:-8 New PC: 0702
Instruction:BNE Addressing Mode:Relative - Operand (Value: "None", Address: "0x0702")
Instruction cycle count set to 2
A |X |Y |SP |PC   |T/MT |NV-BDIZC |CYCLE
----------------------------------------
00|00|00|FE |0702 |1/3  |10100100 |19060
00|00|00|FE |0702 |2/3  |10100100 |19061
00|00|00|FE |0702 |3/3  |10100100 |19062


---------------
Opcode: 8D
ll: 00 hh: A0
Instruction:STA Addressing Mode:Absolute - Operand (Value: "0x00", Address: "0xA000")
Writing value 0x00 to address: 0xA000
0xA000: 0x00
Instruction cycle count set to 4
A |X |Y |SP |PC   |T/MT |NV-BDIZC |CYCLE
----------------------------------------
00|00|00|FE |0705 |1/4  |10100100 |19063
00|00|00|FE |0705 |2/4  |10100100 |19064
00|00|00|FE |0705 |3/4  |10100100 |19065
00|00|00|FE |0705 |4/4  |10100100 |19066


---------------
Opcode: 4A
Instruction:LSR Addressing Mode:Accumulator - Operand (Value: "0x00", Address: "None")
Instruction cycle count set to 2
A |X |Y |SP |PC   |T/MT |NV-BDIZC |CYCLE
----------------------------------------
00|00|00|FE |0706 |1/2  |00100110 |19067
00|00|00|FE |0706 |2/2  |00100110 |19068


---------------
Opcode: C9
ll: 02
Instruction:CMP Addressing Mode:Immediate - Operand (Value: "0x02", Address: "None")
Instruction cycle count set to 2
A |X |Y |SP |PC   |T/MT |NV-BDIZC |CYCLE
----------------------------------------
00|00|00|FE |0708 |1/2  |10100100 |19069
00|00|00|FE |0708 |2/2  |10100100 |19070


---------------
Opcode: D0
ll: F8
Old PC: 070A Offset:-8 New PC: 0702
Instruction:BNE Addressing Mode:Relative - Operand (Value: "None", Address: "0x0702")
Instruction cycle count set to 2
A |X |Y |SP |PC   |T/MT |NV-BDIZC |CYCLE
----------------------------------------
00|00|00|FE |0702 |1/3  |10100100 |19071
00|00|00|FE |0702 |2/3  |10100100 |19072
00|00|00|FE |0702 |3/3  |10100100 |19073


---------------
Opcode: 8D
ll: 00 hh: A0
Instruction:STA Addressing Mode:Absolute - Operand (Value: "0x00", Address: "0xA000")
Writing value 0x00 to address: 0xA000
0xA000: 0x00
Instruction cycle count set to 4
A |X |Y |SP |PC   |T/MT |NV-BDIZC |CYCLE
----------------------------------------
00|00|00|FE |0705 |1/4  |10100100 |19074
00|00|00|FE |0705 |2/4  |10100100 |19075
00|00|00|FE |0705 |3/4  |10100100 |19076
00|00|00|FE |0705 |4/4  |10100100 |19077


---------------
Opcode: 4A
Instruction:LSR Addressing Mode:Accumulator - Operand (Value: "0x00", Address: "None")
Instruction cycle count set to 2
A |X |Y |SP |PC   |T/MT |NV-BDIZC |CYCLE
----------------------------------------
00|00|00|FE |0706 |1/2  |00100110 |19078
00|00|00|FE |0706 |2/2  |00100110 |19079


---------------
Opcode: C9
ll: 02
Instruction:CMP Addressing Mode:Immediate - Operand (Value: "0x02", Address: "None")
Instruction cycle count set to 2
A |X |Y |SP |PC   |T/MT |NV-BDIZC |CYCLE
----------------------------------------
00|00|00|FE |0708 |1/2  |10100100 |19080
00|00|00|FE |0708 |2/2  |10100100 |19081


---------------
Opcode: D0
ll: F8
Old PC: 070A Offset:-8 New PC: 0702
Instruction:BNE Addressing Mode:Relative - Operand (Value: "None", Address: "0x0702")
Instruction cycle count set to 2
A |X |Y |SP |PC   |T/MT |NV-BDIZC |CYCLE
----------------------------------------
00|00|00|FE |0702 |1/3  |10100100 |19082
00|00|00|FE |0702 |2/3  |10100100 |19083
00|00|00|FE |0702 |3/3  |10100100 |19084


---------------
Opcode: 8D
ll: 00 hh: A0
Instruction:STA Addressing Mode:Absolute - Operand (Value: "0x00", Address: "0xA000")
Writing value 0x00 to address: 0xA000
0xA000: 0x00
Instruction cycle count set to 4
A |X |Y |SP |PC   |T/MT |NV-BDIZC |CYCLE
----------------------------------------
00|00|00|FE |0705 |1/4  |10100100 |19085
00|00|00|FE |0705 |2/4  |10100100 |19086
00|00|00|FE |0705 |3/4  |10100100 |19087
00|00|00|FE |0705 |4/4  |10100100 |19088


---------------
Opcode: 4A
Instruction:LSR Addressing Mode:Accumulator - Operand (Value: "0x00", Address: "None")
Instruction cycle count set to 2
A |X |Y |SP |PC   |T/MT |NV-BDIZC |CYCLE
----------------------------------------
00|00|00|FE |0706 |1/2  |00100110 |19089
00|00|00|FE |0706 |2/2  |00100110 |19090


---------------
Opcode: C9
ll: 02
Instruction:CMP Addressing Mode:Immediate - Operand (Value: "0x02", Address: "None")
Instruction cycle count set to 2
A |X |Y |SP |PC   |T/MT |NV-BDIZC |CYCLE
----------------------------------------
00|00|00|FE |0708 |1/2  |10100100 |19091
00|00|00|FE |0708 |2/2  |10100100 |19092


---------------
Opcode: D0
ll: F8
Old PC: 070A Offset:-8 New PC: 0702
Instruction:BNE Addressing Mode:Relative - Operand (Value: "None", Address: "0x0702")
Instruction cycle count set to 2
A |X |Y |SP |PC   |T/MT |NV-BDIZC |CYCLE
----------------------------------------
00|00|00|FE |0702 |1/3  |10100100 |19093
00|00|00|FE |0702 |2/3  |10100100 |19094
00|00|00|FE |0702 |3/3  |10100100 |19095


---------------
Opcode: 8D
ll: 00 hh: A0
Instruction:STA Addressing Mode:Absolute - Operand (Value: "0x00", Address: "0xA000")
Writing value 0x00 to address: 0xA000
0xA000: 0x00
Instruction cycle count set to 4
A |X |Y |SP |PC   |T/MT |NV-BDIZC |CYCLE
----------------------------------------
00|00|00|FE |0705 |1/4  |10100100 |19096
00|00|00|FE |0705 |2/4  |10100100 |19097
00|00|00|FE |0705 |3/4  |10100100 |19098
00|00|00|FE |0705 |4/4  |10100100 |19099


---------------
Opcode: 4A
Instruction:LSR Addressing Mode:Accumulator - Operand (Value: "0x00", Address: "None")
Instruction cycle count set to 2
A |X |Y |SP |PC   |T/MT |NV-BDIZC |CYCLE
----------------------------------------
00|00|00|FE |0706 |1/2  |00100110 |19100
00|00|00|FE |0706 |2/2  |00100110 |19101


---------------
Opcode: C9
ll: 02
Instruction:CMP Addressing Mode:Immediate - Operand (Value: "0x02", Address: "None")
Instruction cycle count set to 2
A |X |Y |SP |PC   |T/MT |NV-BDIZC |CYCLE
----------------------------------------
00|00|00|FE |0708 |1/2  |10100100 |19102
00|00|00|FE |0708 |2/2  |10100100 |19103


---------------
Opcode: D0
ll: F8
Old PC: 070A Offset:-8 New PC: 0702
Instruction:BNE Addressing Mode:Relative - Operand (Value: "None", Address: "0x0702")
Instruction cycle count set to 2
A |X |Y |SP |PC   |T/MT |NV-BDIZC |CYCLE
----------------------------------------
00|00|00|FE |0702 |1/3  |10100100 |19104
00|00|00|FE |0702 |2/3  |10100100 |19105
00|00|00|FE |0702 |3/3  |10100100 |19106


---------------
Opcode: 8D
ll: 00 hh: A0
Instruction:STA Addressing Mode:Absolute - Operand (Value: "0x00", Address: "0xA000")
Writing value 0x00 to address: 0xA000
0xA000: 0x00
Instruction cycle count set to 4
A |X |Y |SP |PC   |T/MT |NV-BDIZC |CYCLE
----------------------------------------
00|00|00|FE |0705 |1/4  |10100100 |19107
00|00|00|FE |0705 |2/4  |10100100 |19108
00|00|00|FE |0705 |3/4  |10100100 |19109
00|00|00|FE |0705 |4/4  |10100100 |19110


---------------
Opcode: 4A
Instruction:LSR Addressing Mode:Accumulator - Operand (Value: "0x00", Address: "None")
Instruction cycle count set to 2
A |X |Y |SP |PC   |T/MT |NV-BDIZC |CYCLE
----------------------------------------
00|00|00|FE |0706 |1/2  |00100110 |19111
00|00|00|FE |0706 |2/2  |00100110 |19112


---------------
Opcode: C9
ll: 02
Instruction:CMP Addressing Mode:Immediate - Operand (Value: "0x02", Address: "None")
Instruction cycle count set to 2
A |X |Y |SP |PC   |T/MT |NV-BDIZC |CYCLE
----------------------------------------
00|00|00|FE |0708 |1/2  |10100100 |19113
00|00|00|FE |0708 |2/2  |10100100 |19114


---------------
Opcode: D0
ll: F8
Old PC: 070A Offset:-8 New PC: 0702
Instruction:BNE Addressing Mode:Relative - Operand (Value: "None", Address: "0x0702")
Instruction cycle count set to 2
A |X |Y |SP |PC   |T/MT |NV-BDIZC |CYCLE
----------------------------------------
00|00|00|FE |0702 |1/3  |10100100 |19115
00|00|00|FE |0702 |2/3  |10100100 |19116
00|00|00|FE |0702 |3/3  |10100100 |19117


---------------
Opcode: 8D
ll: 00 hh: A0
Instruction:STA Addressing Mode:Absolute - Operand (Value: "0x00", Address: "0xA000")
Writing value 0x00 to address: 0xA000
0xA000: 0x00
Instruction cycle count set to 4
A |X |Y |SP |PC   |T/MT |NV-BDIZC |CYCLE
----------------------------------------
00|00|00|FE |0705 |1/4  |10100100 |19118
00|00|00|FE |0705 |2/4  |10100100 |19119
00|00|00|FE |0705 |3/4  |10100100 |19120
00|00|00|FE |0705 |4/4  |10100100 |19121


---------------
Opcode: 4A
Instruction:LSR Addressing Mode:Accumulator - Operand (Value: "0x00", Address: "None")
Instruction cycle count set to 2
A |X |Y |SP |PC   |T/MT |NV-BDIZC |CYCLE
----------------------------------------
00|00|00|FE |0706 |1/2  |00100110 |19122
00|00|00|FE |0706 |2/2  |00100110 |19123


---------------
Opcode: C9
ll: 02
Instruction:CMP Addressing Mode:Immediate - Operand (Value: "0x02", Address: "None")
Instruction cycle count set to 2
A |X |Y |SP |PC   |T/MT |NV-BDIZC |CYCLE
----------------------------------------
00|00|00|FE |0708 |1/2  |10100100 |19124
00|00|00|FE |0708 |2/2  |10100100 |19125


---------------
Opcode: D0
ll: F8
Old PC: 070A Offset:-8 New PC: 0702
Instruction:BNE Addressing Mode:Relative - Operand (Value: "None", Address: "0x0702")
Instruction cycle count set to 2
A |X |Y |SP |PC   |T/MT |NV-BDIZC |CYCLE
----------------------------------------
00|00|00|FE |0702 |1/3  |10100100 |19126
00|00|00|FE |0702 |2/3  |10100100 |19127
00|00|00|FE |0702 |3/3  |10100100 |19128


---------------
Opcode: 8D
ll: 00 hh: A0
Instruction:STA Addressing Mode:Absolute - Operand (Value: "0x00", Address: "0xA000")
Writing value 0x00 to address: 0xA000
0xA000: 0x00
Instruction cycle count set to 4
A |X |Y |SP |PC   |T/MT |NV-BDIZC |CYCLE
----------------------------------------
00|00|00|FE |0705 |1/4  |10100100 |19129
00|00|00|FE |0705 |2/4  |10100100 |19130
00|00|00|FE |0705 |3/4  |10100100 |19131
00|00|00|FE |0705 |4/4  |10100100 |19132


---------------
Opcode: 4A
Instruction:LSR Addressing Mode:Accumulator - Operand (Value: "0x00", Address: "None")
Instruction cycle count set to 2
A |X |Y |SP |PC   |T/MT |NV-BDIZC |CYCLE
----------------------------------------
00|00|00|FE |0706 |1/2  |00100110 |19133
00|00|00|FE |0706 |2/2  |00100110 |19134


---------------
Opcode: C9
ll: 02
Instruction:CMP Addressing Mode:Immediate - Operand (Value: "0x02", Address: "None")
Instruction cycle count set to 2
A |X |Y |SP |PC   |T/MT |NV-BDIZC |CYCLE
----------------------------------------
00|00|00|FE |0708 |1/2  |10100100 |19135
00|00|00|FE |0708 |2/2  |10100100 |19136


---------------
Opcode: D0
ll: F8
Old PC: 070A Offset:-8 New PC: 0702
Instruction:BNE Addressing Mode:Relative - Operand (Value: "None", Address: "0x0702")
Instruction cycle count set to 2
A |X |Y |SP |PC   |T/MT |NV-BDIZC |CYCLE
----------------------------------------
00|00|00|FE |0702 |1/3  |10100100 |19137
00|00|00|FE |0702 |2/3  |10100100 |19138
00|00|00|FE |0702 |3/3  |10100100 |19139


---------------
Opcode: 8D
ll: 00 hh: A0
Instruction:STA Addressing Mode:Absolute - Operand (Value: "0x00", Address: "0xA000")
Writing value 0x00 to address: 0xA000
0xA000: 0x00
Instruction cycle count set to 4
A |X |Y |SP |PC   |T/MT |NV-BDIZC |CYCLE
----------------------------------------
00|00|00|FE |0705 |1/4  |10100100 |19140
00|00|00|FE |0705 |2/4  |10100100 |19141
00|00|00|FE |0705 |3/4  |10100100 |19142
00|00|00|FE |0705 |4/4  |10100100 |19143


---------------
Opcode: 4A
Instruction:LSR Addressing Mode:Accumulator - Operand (Value: "0x00", Address: "None")
Instruction cycle count set to 2
A |X |Y |SP |PC   |T/MT |NV-BDIZC |CYCLE
----------------------------------------
00|00|00|FE |0706 |1/2  |00100110 |19144
00|00|00|FE |0706 |2/2  |00100110 |19145


---------------
Opcode: C9
ll: 02
Instruction:CMP Addressing Mode:Immediate - Operand (Value: "0x02", Address: "None")
Instruction cycle count set to 2
A |X |Y |SP |PC   |T/MT |NV-BDIZC |CYCLE
----------------------------------------
00|00|00|FE |0708 |1/2  |10100100 |19146
00|00|00|FE |0708 |2/2  |10100100 |19147


---------------
Opcode: D0
ll: F8
Old PC: 070A Offset:-8 New PC: 0702
Instruction:BNE Addressing Mode:Relative - Operand (Value: "None", Address: "0x0702")
Instruction cycle count set to 2
A |X |Y |SP |PC   |T/MT |NV-BDIZC |CYCLE
----------------------------------------
00|00|00|FE |0702 |1/3  |10100100 |19148
00|00|00|FE |0702 |2/3  |10100100 |19149
00|00|00|FE |0702 |3/3  |10100100 |19150


---------------
Opcode: 8D
ll: 00 hh: A0
Instruction:STA Addressing Mode:Absolute - Operand (Value: "0x00", Address: "0xA000")
Writing value 0x00 to address: 0xA000
0xA000: 0x00
Instruction cycle count set to 4
A |X |Y |SP |PC   |T/MT |NV-BDIZC |CYCLE
----------------------------------------
00|00|00|FE |0705 |1/4  |10100100 |19151
00|00|00|FE |0705 |2/4  |10100100 |19152
00|00|00|FE |0705 |3/4  |10100100 |19153
00|00|00|FE |0705 |4/4  |10100100 |19154


---------------
Opcode: 4A
Instruction:LSR Addressing Mode:Accumulator - Operand (Value: "0x00", Address: "None")
Instruction cycle count set to 2
A |X |Y |SP |PC   |T/MT |NV-BDIZC |CYCLE
----------------------------------------
00|00|00|FE |0706 |1/2  |00100110 |19155
00|00|00|FE |0706 |2/2  |00100110 |19156


---------------
Opcode: C9
ll: 02
Instruction:CMP Addressing Mode:Immediate - Operand (Value: "0x02", Address: "None")
Instruction cycle count set to 2
A |X |Y |SP |PC   |T/MT |NV-BDIZC |CYCLE
----------------------------------------
00|00|00|FE |0708 |1/2  |10100100 |19157
00|00|00|FE |0708 |2/2  |10100100 |19158


---------------
Opcode: D0
ll: F8
Old PC: 070A Offset:-8 New PC: 0702
Instruction:BNE Addressing Mode:Relative - Operand (Value: "None", Address: "0x0702")
Instruction cycle count set to 2
A |X |Y |SP |PC   |T/MT |NV-BDIZC |CYCLE
----------------------------------------
00|00|00|FE |0702 |1/3  |10100100 |19159
00|00|00|FE |0702 |2/3  |10100100 |19160
00|00|00|FE |0702 |3/3  |10100100 |19161


---------------
Opcode: 8D
ll: 00 hh: A0
Instruction:STA Addressing Mode:Absolute - Operand (Value: "0x00", Address: "0xA000")
Writing value 0x00 to address: 0xA000
0xA000: 0x00
Instruction cycle count set to 4
A |X |Y |SP |PC   |T/MT |NV-BDIZC |CYCLE
----------------------------------------
00|00|00|FE |0705 |1/4  |10100100 |19162
00|00|00|FE |0705 |2/4  |10100100 |19163
00|00|00|FE |0705 |3/4  |10100100 |19164
00|00|00|FE |0705 |4/4  |10100100 |19165


---------------
Opcode: 4A
Instruction:LSR Addressing Mode:Accumulator - Operand (Value: "0x00", Address: "None")
Instruction cycle count set to 2
A |X |Y |SP |PC   |T/MT |NV-BDIZC |CYCLE
----------------------------------------
00|00|00|FE |0706 |1/2  |00100110 |19166
00|00|00|FE |0706 |2/2  |00100110 |19167


---------------
Opcode: C9
ll: 02
Instruction:CMP Addressing Mode:Immediate - Operand (Value: "0x02", Address: "None")
Instruction cycle count set to 2
A |X |Y |SP |PC   |T/MT |NV-BDIZC |CYCLE
----------------------------------------
00|00|00|FE |0708 |1/2  |10100100 |19168
00|00|00|FE |0708 |2/2  |10100100 |19169


---------------
Opcode: D0
ll: F8
Old PC: 070A Offset:-8 New PC: 0702
Instruction:BNE Addressing Mode:Relative - Operand (Value: "None", Address: "0x0702")
Instruction cycle count set to 2
A |X |Y |SP |PC   |T/MT |NV-BDIZC |CYCLE
----------------------------------------
00|00|00|FE |0702 |1/3  |10100100 |19170
00|00|00|FE |0702 |2/3  |10100100 |19171
00|00|00|FE |0702 |3/3  |10100100 |19172


---------------
Opcode: 8D
ll: 00 hh: A0
Instruction:STA Addressing Mode:Absolute - Operand (Value: "0x00", Address: "0xA000")
Writing value 0x00 to address: 0xA000
0xA000: 0x00
Instruction cycle count set to 4
A |X |Y |SP |PC   |T/MT |NV-BDIZC |CYCLE
----------------------------------------
00|00|00|FE |0705 |1/4  |10100100 |19173
00|00|00|FE |0705 |2/4  |10100100 |19174
00|00|00|FE |0705 |3/4  |10100100 |19175
00|00|00|FE |0705 |4/4  |10100100 |19176


---------------
Opcode: 4A
Instruction:LSR Addressing Mode:Accumulator - Operand (Value: "0x00", Address: "None")
Instruction cycle count set to 2
A |X |Y |SP |PC   |T/MT |NV-BDIZC |CYCLE
----------------------------------------
00|00|00|FE |0706 |1/2  |00100110 |19177
00|00|00|FE |0706 |2/2  |00100110 |19178


---------------
Opcode: C9
ll: 02
Instruction:CMP Addressing Mode:Immediate - Operand (Value: "0x02", Address: "None")
Instruction cycle count set to 2
A |X |Y |SP |PC   |T/MT |NV-BDIZC |CYCLE
----------------------------------------
00|00|00|FE |0708 |1/2  |10100100 |19179
00|00|00|FE |0708 |2/2  |10100100 |19180


---------------
Opcode: D0
ll: F8
Old PC: 070A Offset:-8 New PC: 0702
Instruction:BNE Addressing Mode:Relative - Operand (Value: "None", Address: "0x0702")
Instruction cycle count set to 2
A |X |Y |SP |PC   |T/MT |NV-BDIZC |CYCLE
----------------------------------------
00|00|00|FE |0702 |1/3  |10100100 |19181
00|00|00|FE |0702 |2/3  |10100100 |19182
00|00|00|FE |0702 |3/3  |10100100 |19183


---------------
Opcode: 8D
ll: 00 hh: A0
Instruction:STA Addressing Mode:Absolute - Operand (Value: "0x00", Address: "0xA000")
Writing value 0x00 to address: 0xA000
0xA000: 0x00
Instruction cycle count set to 4
A |X |Y |SP |PC   |T/MT |NV-BDIZC |CYCLE
----------------------------------------
00|00|00|FE |0705 |1/4  |10100100 |19184
00|00|00|FE |0705 |2/4  |10100100 |19185
00|00|00|FE |0705 |3/4  |10100100 |19186
00|00|00|FE |0705 |4/4  |10100100 |19187


---------------
Opcode: 4A
Instruction:LSR Addressing Mode:Accumulator - Operand (Value: "0x00", Address: "None")
Instruction cycle count set to 2
A |X |Y |SP |PC   |T/MT |NV-BDIZC |CYCLE
----------------------------------------
00|00|00|FE |0706 |1/2  |00100110 |19188
00|00|00|FE |0706 |2/2  |00100110 |19189


---------------
Opcode: C9
ll: 02
Instruction:CMP Addressing Mode:Immediate - Operand (Value: "0x02", Address: "None")
Instruction cycle count set to 2
A |X |Y |SP |PC   |T/MT |NV-BDIZC |CYCLE
----------------------------------------
00|00|00|FE |0708 |1/2  |10100100 |19190
00|00|00|FE |0708 |2/2  |10100100 |19191


---------------
Opcode: D0
ll: F8
Old PC: 070A Offset:-8 New PC: 0702
Instruction:BNE Addressing Mode:Relative - Operand (Value: "None", Address: "0x0702")
Instruction cycle count set to 2
A |X |Y |SP |PC   |T/MT |NV-BDIZC |CYCLE
----------------------------------------
00|00|00|FE |0702 |1/3  |10100100 |19192
00|00|00|FE |0702 |2/3  |10100100 |19193
00|00|00|FE |0702 |3/3  |10100100 |19194


---------------
Opcode: 8D
ll: 00 hh: A0
Instruction:STA Addressing Mode:Absolute - Operand (Value: "0x00", Address: "0xA000")
Writing value 0x00 to address: 0xA000
0xA000: 0x00
Instruction cycle count set to 4
A |X |Y |SP |PC   |T/MT |NV-BDIZC |CYCLE
----------------------------------------
00|00|00|FE |0705 |1/4  |10100100 |19195
00|00|00|FE |0705 |2/4  |10100100 |19196
00|00|00|FE |0705 |3/4  |10100100 |19197
00|00|00|FE |0705 |4/4  |10100100 |19198


---------------
Opcode: 4A
Instruction:LSR Addressing Mode:Accumulator - Operand (Value: "0x00", Address: "None")
Instruction cycle count set to 2
A |X |Y |SP |PC   |T/MT |NV-BDIZC |CYCLE
----------------------------------------
00|00|00|FE |0706 |1/2  |00100110 |19199
00|00|00|FE |0706 |2/2  |00100110 |19200


---------------
Opcode: C9
ll: 02
Instruction:CMP Addressing Mode:Immediate - Operand (Value: "0x02", Address: "None")
Instruction cycle count set to 2
A |X |Y |SP |PC   |T/MT |NV-BDIZC |CYCLE
----------------------------------------
00|00|00|FE |0708 |1/2  |10100100 |19201
00|00|00|FE |0708 |2/2  |10100100 |19202


---------------
Opcode: D0
ll: F8
Old PC: 070A Offset:-8 New PC: 0702
Instruction:BNE Addressing Mode:Relative - Operand (Value: "None", Address: "0x0702")
Instruction cycle count set to 2
A |X |Y |SP |PC   |T/MT |NV-BDIZC |CYCLE
----------------------------------------
00|00|00|FE |0702 |1/3  |10100100 |19203
00|00|00|FE |0702 |2/3  |10100100 |19204
00|00|00|FE |0702 |3/3  |10100100 |19205


---------------
Opcode: 8D
ll: 00 hh: A0
Instruction:STA Addressing Mode:Absolute - Operand (Value: "0x00", Address: "0xA000")
Writing value 0x00 to address: 0xA000
0xA000: 0x00
Instruction cycle count set to 4
A |X |Y |SP |PC   |T/MT |NV-BDIZC |CYCLE
----------------------------------------
00|00|00|FE |0705 |1/4  |10100100 |19206
00|00|00|FE |0705 |2/4  |10100100 |19207
00|00|00|FE |0705 |3/4  |10100100 |19208
00|00|00|FE |0705 |4/4  |10100100 |19209


---------------
Opcode: 4A
Instruction:LSR Addressing Mode:Accumulator - Operand (Value: "0x00", Address: "None")
Instruction cycle count set to 2
A |X |Y |SP |PC   |T/MT |NV-BDIZC |CYCLE
----------------------------------------
00|00|00|FE |0706 |1/2  |00100110 |19210
00|00|00|FE |0706 |2/2  |00100110 |19211


---------------
Opcode: C9
ll: 02
Instruction:CMP Addressing Mode:Immediate - Operand (Value: "0x02", Address: "None")
Instruction cycle count set to 2
A |X |Y |SP |PC   |T/MT |NV-BDIZC |CYCLE
----------------------------------------
00|00|00|FE |0708 |1/2  |10100100 |19212
00|00|00|FE |0708 |2/2  |10100100 |19213


---------------
Opcode: D0
ll: F8
Old PC: 070A Offset:-8 New PC: 0702
Instruction:BNE Addressing Mode:Relative - Operand (Value: "None", Address: "0x0702")
Instruction cycle count set to 2
A |X |Y |SP |PC   |T/MT |NV-BDIZC |CYCLE
----------------------------------------
00|00|00|FE |0702 |1/3  |10100100 |19214
00|00|00|FE |0702 |2/3  |10100100 |19215
00|00|00|FE |0702 |3/3  |10100100 |19216


---------------
Opcode: 8D
ll: 00 hh: A0
Instruction:STA Addressing Mode:Absolute - Operand (Value: "0x00", Address: "0xA000")
Writing value 0x00 to address: 0xA000
0xA000: 0x00
Instruction cycle count set to 4
A |X |Y |SP |PC   |T/MT |NV-BDIZC |CYCLE
----------------------------------------
00|00|00|FE |0705 |1/4  |10100100 |19217
00|00|00|FE |0705 |2/4  |10100100 |19218
00|00|00|FE |0705 |3/4  |10100100 |19219
00|00|00|FE |0705 |4/4  |10100100 |19220


---------------
Opcode: 4A
Instruction:LSR Addressing Mode:Accumulator - Operand (Value: "0x00", Address: "None")
Instruction cycle count set to 2
A |X |Y |SP |PC   |T/MT |NV-BDIZC |CYCLE
----------------------------------------
00|00|00|FE |0706 |1/2  |00100110 |19221
00|00|00|FE |0706 |2/2  |00100110 |19222


---------------
Opcode: C9
ll: 02
Instruction:CMP Addressing Mode:Immediate - Operand (Value: "0x02", Address: "None")
Instruction cycle count set to 2
A |X |Y |SP |PC   |T/MT |NV-BDIZC |CYCLE
----------------------------------------
00|00|00|FE |0708 |1/2  |10100100 |19223
00|00|00|FE |0708 |2/2  |10100100 |19224


---------------
Opcode: D0
ll: F8
Old PC: 070A Offset:-8 New PC: 0702
Instruction:BNE Addressing Mode:Relative - Operand (Value: "None", Address: "0x0702")
Instruction cycle count set to 2
A |X |Y |SP |PC   |T/MT |NV-BDIZC |CYCLE
----------------------------------------
00|00|00|FE |0702 |1/3  |10100100 |19225
00|00|00|FE |0702 |2/3  |10100100 |19226
00|00|00|FE |0702 |3/3  |10100100 |19227


---------------
Opcode: 8D
ll: 00 hh: A0
Instruction:STA Addressing Mode:Absolute - Operand (Value: "0x00", Address: "0xA000")
Writing value 0x00 to address: 0xA000
0xA000: 0x00
Instruction cycle count set to 4
A |X |Y |SP |PC   |T/MT |NV-BDIZC |CYCLE
----------------------------------------
00|00|00|FE |0705 |1/4  |10100100 |19228
00|00|00|FE |0705 |2/4  |10100100 |19229
00|00|00|FE |0705 |3/4  |10100100 |19230
00|00|00|FE |0705 |4/4  |10100100 |19231


---------------
Opcode: 4A
Instruction:LSR Addressing Mode:Accumulator - Operand (Value: "0x00", Address: "None")
Instruction cycle count set to 2
A |X |Y |SP |PC   |T/MT |NV-BDIZC |CYCLE
----------------------------------------
00|00|00|FE |0706 |1/2  |00100110 |19232
00|00|00|FE |0706 |2/2  |00100110 |19233


---------------
Opcode: C9
ll: 02
Instruction:CMP Addressing Mode:Immediate - Operand (Value: "0x02", Address: "None")
Instruction cycle count set to 2
A |X |Y |SP |PC   |T/MT |NV-BDIZC |CYCLE
----------------------------------------
00|00|00|FE |0708 |1/2  |10100100 |19234
00|00|00|FE |0708 |2/2  |10100100 |19235


---------------
Opcode: D0
ll: F8
Old PC: 070A Offset:-8 New PC: 0702
Instruction:BNE Addressing Mode:Relative - Operand (Value: "None", Address: "0x0702")
Instruction cycle count set to 2
A |X |Y |SP |PC   |T/MT |NV-BDIZC |CYCLE
----------------------------------------
00|00|00|FE |0702 |1/3  |10100100 |19236
00|00|00|FE |0702 |2/3  |10100100 |19237
00|00|00|FE |0702 |3/3  |10100100 |19238


---------------
Opcode: 8D
ll: 00 hh: A0
Instruction:STA Addressing Mode:Absolute - Operand (Value: "0x00", Address: "0xA000")
Writing value 0x00 to address: 0xA000
0xA000: 0x00
Instruction cycle count set to 4
A |X |Y |SP |PC   |T/MT |NV-BDIZC |CYCLE
----------------------------------------
00|00|00|FE |0705 |1/4  |10100100 |19239
00|00|00|FE |0705 |2/4  |10100100 |19240
00|00|00|FE |0705 |3/4  |10100100 |19241
00|00|00|FE |0705 |4/4  |10100100 |19242


---------------
Opcode: 4A
Instruction:LSR Addressing Mode:Accumulator - Operand (Value: "0x00", Address: "None")
Instruction cycle count set to 2
A |X |Y |SP |PC   |T/MT |NV-BDIZC |CYCLE
----------------------------------------
00|00|00|FE |0706 |1/2  |00100110 |19243
00|00|00|FE |0706 |2/2  |00100110 |19244


---------------
Opcode: C9
ll: 02
Instruction:CMP Addressing Mode:Immediate - Operand (Value: "0x02", Address: "None")
Instruction cycle count set to 2
A |X |Y |SP |PC   |T/MT |NV-BDIZC |CYCLE
----------------------------------------
00|00|00|FE |0708 |1/2  |10100100 |19245
00|00|00|FE |0708 |2/2  |10100100 |19246


---------------
Opcode: D0
ll: F8
Old PC: 070A Offset:-8 New PC: 0702
Instruction:BNE Addressing Mode:Relative - Operand (Value: "None", Address: "0x0702")
Instruction cycle count set to 2
A |X |Y |SP |PC   |T/MT |NV-BDIZC |CYCLE
----------------------------------------
00|00|00|FE |0702 |1/3  |10100100 |19247
00|00|00|FE |0702 |2/3  |10100100 |19248
00|00|00|FE |0702 |3/3  |10100100 |19249


---------------
Opcode: 8D
ll: 00 hh: A0
Instruction:STA Addressing Mode:Absolute - Operand (Value: "0x00", Address: "0xA000")
Writing value 0x00 to address: 0xA000
0xA000: 0x00
Instruction cycle count set to 4
A |X |Y |SP |PC   |T/MT |NV-BDIZC |CYCLE
----------------------------------------
00|00|00|FE |0705 |1/4  |10100100 |19250
00|00|00|FE |0705 |2/4  |10100100 |19251
00|00|00|FE |0705 |3/4  |10100100 |19252
00|00|00|FE |0705 |4/4  |10100100 |19253


---------------
Opcode: 4A
Instruction:LSR Addressing Mode:Accumulator - Operand (Value: "0x00", Address: "None")
Instruction cycle count set to 2
A |X |Y |SP |PC   |T/MT |NV-BDIZC |CYCLE
----------------------------------------
00|00|00|FE |0706 |1/2  |00100110 |19254
00|00|00|FE |0706 |2/2  |00100110 |19255


---------------
Opcode: C9
ll: 02
Instruction:CMP Addressing Mode:Immediate - Operand (Value: "0x02", Address: "None")
Instruction cycle count set to 2
A |X |Y |SP |PC   |T/MT |NV-BDIZC |CYCLE
----------------------------------------
00|00|00|FE |0708 |1/2  |10100100 |19256
00|00|00|FE |0708 |2/2  |10100100 |19257


---------------
Opcode: D0
ll: F8
Old PC: 070A Offset:-8 New PC: 0702
Instruction:BNE Addressing Mode:Relative - Operand (Value: "None", Address: "0x0702")
Instruction cycle count set to 2
A |X |Y |SP |PC   |T/MT |NV-BDIZC |CYCLE
----------------------------------------
00|00|00|FE |0702 |1/3  |10100100 |19258
00|00|00|FE |0702 |2/3  |10100100 |19259
00|00|00|FE |0702 |3/3  |10100100 |19260


---------------
Opcode: 8D
ll: 00 hh: A0
Instruction:STA Addressing Mode:Absolute - Operand (Value: "0x00", Address: "0xA000")
Writing value 0x00 to address: 0xA000
0xA000: 0x00
Instruction cycle count set to 4
A |X |Y |SP |PC   |T/MT |NV-BDIZC |CYCLE
----------------------------------------
00|00|00|FE |0705 |1/4  |10100100 |19261
00|00|00|FE |0705 |2/4  |10100100 |19262
00|00|00|FE |0705 |3/4  |10100100 |19263
00|00|00|FE |0705 |4/4  |10100100 |19264


---------------
Opcode: 4A
Instruction:LSR Addressing Mode:Accumulator - Operand (Value: "0x00", Address: "None")
Instruction cycle count set to 2
A |X |Y |SP |PC   |T/MT |NV-BDIZC |CYCLE
----------------------------------------
00|00|00|FE |0706 |1/2  |00100110 |19265
00|00|00|FE |0706 |2/2  |00100110 |19266


---------------
Opcode: C9
ll: 02
Instruction:CMP Addressing Mode:Immediate - Operand (Value: "0x02", Address: "None")
Instruction cycle count set to 2
A |X |Y |SP |PC   |T/MT |NV-BDIZC |CYCLE
----------------------------------------
00|00|00|FE |0708 |1/2  |10100100 |19267
00|00|00|FE |0708 |2/2  |10100100 |19268


---------------
Opcode: D0
ll: F8
Old PC: 070A Offset:-8 New PC: 0702
Instruction:BNE Addressing Mode:Relative - Operand (Value: "None", Address: "0x0702")
Instruction cycle count set to 2
A |X |Y |SP |PC   |T/MT |NV-BDIZC |CYCLE
----------------------------------------
00|00|00|FE |0702 |1/3  |10100100 |19269
00|00|00|FE |0702 |2/3  |10100100 |19270
00|00|00|FE |0702 |3/3  |10100100 |19271


---------------
Opcode: 8D
ll: 00 hh: A0
Instruction:STA Addressing Mode:Absolute - Operand (Value: "0x00", Address: "0xA000")
Writing value 0x00 to address: 0xA000
0xA000: 0x00
Instruction cycle count set to 4
A |X |Y |SP |PC   |T/MT |NV-BDIZC |CYCLE
----------------------------------------
00|00|00|FE |0705 |1/4  |10100100 |19272
00|00|00|FE |0705 |2/4  |10100100 |19273
00|00|00|FE |0705 |3/4  |10100100 |19274
00|00|00|FE |0705 |4/4  |10100100 |19275


---------------
Opcode: 4A
Instruction:LSR Addressing Mode:Accumulator - Operand (Value: "0x00", Address: "None")
Instruction cycle count set to 2
A |X |Y |SP |PC   |T/MT |NV-BDIZC |CYCLE
----------------------------------------
00|00|00|FE |0706 |1/2  |00100110 |19276
00|00|00|FE |0706 |2/2  |00100110 |19277


---------------
Opcode: C9
ll: 02
Instruction:CMP Addressing Mode:Immediate - Operand (Value: "0x02", Address: "None")
Instruction cycle count set to 2
A |X |Y |SP |PC   |T/MT |NV-BDIZC |CYCLE
----------------------------------------
00|00|00|FE |0708 |1/2  |10100100 |19278
00|00|00|FE |0708 |2/2  |10100100 |19279


---------------
Opcode: D0
ll: F8
Old PC: 070A Offset:-8 New PC: 0702
Instruction:BNE Addressing Mode:Relative - Operand (Value: "None", Address: "0x0702")
Instruction cycle count set to 2
A |X |Y |SP |PC   |T/MT |NV-BDIZC |CYCLE
----------------------------------------
00|00|00|FE |0702 |1/3  |10100100 |19280
00|00|00|FE |0702 |2/3  |10100100 |19281
00|00|00|FE |0702 |3/3  |10100100 |19282


---------------
Opcode: 8D
ll: 00 hh: A0
Instruction:STA Addressing Mode:Absolute - Operand (Value: "0x00", Address: "0xA000")
Writing value 0x00 to address: 0xA000
0xA000: 0x00
Instruction cycle count set to 4
A |X |Y |SP |PC   |T/MT |NV-BDIZC |CYCLE
----------------------------------------
00|00|00|FE |0705 |1/4  |10100100 |19283
00|00|00|FE |0705 |2/4  |10100100 |19284
00|00|00|FE |0705 |3/4  |10100100 |19285
00|00|00|FE |0705 |4/4  |10100100 |19286


---------------
Opcode: 4A
Instruction:LSR Addressing Mode:Accumulator - Operand (Value: "0x00", Address: "None")
Instruction cycle count set to 2
A |X |Y |SP |PC   |T/MT |NV-BDIZC |CYCLE
----------------------------------------
00|00|00|FE |0706 |1/2  |00100110 |19287
00|00|00|FE |0706 |2/2  |00100110 |19288


---------------
Opcode: C9
ll: 02
Instruction:CMP Addressing Mode:Immediate - Operand (Value: "0x02", Address: "None")
Instruction cycle count set to 2
A |X |Y |SP |PC   |T/MT |NV-BDIZC |CYCLE
----------------------------------------
00|00|00|FE |0708 |1/2  |10100100 |19289
00|00|00|FE |0708 |2/2  |10100100 |19290


---------------
Opcode: D0
ll: F8
Old PC: 070A Offset:-8 New PC: 0702
Instruction:BNE Addressing Mode:Relative - Operand (Value: "None", Address: "0x0702")
Instruction cycle count set to 2
A |X |Y |SP |PC   |T/MT |NV-BDIZC |CYCLE
----------------------------------------
00|00|00|FE |0702 |1/3  |10100100 |19291
00|00|00|FE |0702 |2/3  |10100100 |19292
00|00|00|FE |0702 |3/3  |10100100 |19293


---------------
Opcode: 8D
ll: 00 hh: A0
Instruction:STA Addressing Mode:Absolute - Operand (Value: "0x00", Address: "0xA000")
Writing value 0x00 to address: 0xA000
0xA000: 0x00
Instruction cycle count set to 4
A |X |Y |SP |PC   |T/MT |NV-BDIZC |CYCLE
----------------------------------------
00|00|00|FE |0705 |1/4  |10100100 |19294
00|00|00|FE |0705 |2/4  |10100100 |19295
00|00|00|FE |0705 |3/4  |10100100 |19296
00|00|00|FE |0705 |4/4  |10100100 |19297


---------------
Opcode: 4A
Instruction:LSR Addressing Mode:Accumulator - Operand (Value: "0x00", Address: "None")
Instruction cycle count set to 2
A |X |Y |SP |PC   |T/MT |NV-BDIZC |CYCLE
----------------------------------------
00|00|00|FE |0706 |1/2  |00100110 |19298
00|00|00|FE |0706 |2/2  |00100110 |19299


---------------
Opcode: C9
ll: 02
Instruction:CMP Addressing Mode:Immediate - Operand (Value: "0x02", Address: "None")
Instruction cycle count set to 2
A |X |Y |SP |PC   |T/MT |NV-BDIZC |CYCLE
----------------------------------------
00|00|00|FE |0708 |1/2  |10100100 |19300
00|00|00|FE |0708 |2/2  |10100100 |19301


---------------
Opcode: D0
ll: F8
Old PC: 070A Offset:-8 New PC: 0702
Instruction:BNE Addressing Mode:Relative - Operand (Value: "None", Address: "0x0702")
Instruction cycle count set to 2
A |X |Y |SP |PC   |T/MT |NV-BDIZC |CYCLE
----------------------------------------
00|00|00|FE |0702 |1/3  |10100100 |19302
00|00|00|FE |0702 |2/3  |10100100 |19303
00|00|00|FE |0702 |3/3  |10100100 |19304


---------------
Opcode: 8D
ll: 00 hh: A0
Instruction:STA Addressing Mode:Absolute - Operand (Value: "0x00", Address: "0xA000")
Writing value 0x00 to address: 0xA000
0xA000: 0x00
Instruction cycle count set to 4
A |X |Y |SP |PC   |T/MT |NV-BDIZC |CYCLE
----------------------------------------
00|00|00|FE |0705 |1/4  |10100100 |19305
00|00|00|FE |0705 |2/4  |10100100 |19306
00|00|00|FE |0705 |3/4  |10100100 |19307
00|00|00|FE |0705 |4/4  |10100100 |19308


---------------
Opcode: 4A
Instruction:LSR Addressing Mode:Accumulator - Operand (Value: "0x00", Address: "None")
Instruction cycle count set to 2
A |X |Y |SP |PC   |T/MT |NV-BDIZC |CYCLE
----------------------------------------
00|00|00|FE |0706 |1/2  |00100110 |19309
00|00|00|FE |0706 |2/2  |00100110 |19310


---------------
Opcode: C9
ll: 02
Instruction:CMP Addressing Mode:Immediate - Operand (Value: "0x02", Address: "None")
Instruction cycle count set to 2
A |X |Y |SP |PC   |T/MT |NV-BDIZC |CYCLE
----------------------------------------
00|00|00|FE |0708 |1/2  |10100100 |19311
00|00|00|FE |0708 |2/2  |10100100 |19312


---------------
Opcode: D0
ll: F8
Old PC: 070A Offset:-8 New PC: 0702
Instruction:BNE Addressing Mode:Relative - Operand (Value: "None", Address: "0x0702")
Instruction cycle count set to 2
A |X |Y |SP |PC   |T/MT |NV-BDIZC |CYCLE
----------------------------------------
00|00|00|FE |0702 |1/3  |10100100 |19313
00|00|00|FE |0702 |2/3  |10100100 |19314
00|00|00|FE |0702 |3/3  |10100100 |19315


---------------
Opcode: 8D
ll: 00 hh: A0
Instruction:STA Addressing Mode:Absolute - Operand (Value: "0x00", Address: "0xA000")
Writing value 0x00 to address: 0xA000
0xA000: 0x00
Instruction cycle count set to 4
A |X |Y |SP |PC   |T/MT |NV-BDIZC |CYCLE
----------------------------------------
00|00|00|FE |0705 |1/4  |10100100 |19316
00|00|00|FE |0705 |2/4  |10100100 |19317
00|00|00|FE |0705 |3/4  |10100100 |19318
00|00|00|FE |0705 |4/4  |10100100 |19319


---------------
Opcode: 4A
Instruction:LSR Addressing Mode:Accumulator - Operand (Value: "0x00", Address: "None")
Instruction cycle count set to 2
A |X |Y |SP |PC   |T/MT |NV-BDIZC |CYCLE
----------------------------------------
00|00|00|FE |0706 |1/2  |00100110 |19320
00|00|00|FE |0706 |2/2  |00100110 |19321


---------------
Opcode: C9
ll: 02
Instruction:CMP Addressing Mode:Immediate - Operand (Value: "0x02", Address: "None")
Instruction cycle count set to 2
A |X |Y |SP |PC   |T/MT |NV-BDIZC |CYCLE
----------------------------------------
00|00|00|FE |0708 |1/2  |10100100 |19322
00|00|00|FE |0708 |2/2  |10100100 |19323


---------------
Opcode: D0
ll: F8
Old PC: 070A Offset:-8 New PC: 0702
Instruction:BNE Addressing Mode:Relative - Operand (Value: "None", Address: "0x0702")
Instruction cycle count set to 2
A |X |Y |SP |PC   |T/MT |NV-BDIZC |CYCLE
----------------------------------------
00|00|00|FE |0702 |1/3  |10100100 |19324
00|00|00|FE |0702 |2/3  |10100100 |19325
00|00|00|FE |0702 |3/3  |10100100 |19326


---------------
Opcode: 8D
ll: 00 hh: A0
Instruction:STA Addressing Mode:Absolute - Operand (Value: "0x00", Address: "0xA000")
Writing value 0x00 to address: 0xA000
0xA000: 0x00
Instruction cycle count set to 4
A |X |Y |SP |PC   |T/MT |NV-BDIZC |CYCLE
----------------------------------------
00|00|00|FE |0705 |1/4  |10100100 |19327
00|00|00|FE |0705 |2/4  |10100100 |19328
00|00|00|FE |0705 |3/4  |10100100 |19329
00|00|00|FE |0705 |4/4  |10100100 |19330


---------------
Opcode: 4A
Instruction:LSR Addressing Mode:Accumulator - Operand (Value: "0x00", Address: "None")
Instruction cycle count set to 2
A |X |Y |SP |PC   |T/MT |NV-BDIZC |CYCLE
----------------------------------------
00|00|00|FE |0706 |1/2  |00100110 |19331
00|00|00|FE |0706 |2/2  |00100110 |19332


---------------
Opcode: C9
ll: 02
Instruction:CMP Addressing Mode:Immediate - Operand (Value: "0x02", Address: "None")
Instruction cycle count set to 2
A |X |Y |SP |PC   |T/MT |NV-BDIZC |CYCLE
----------------------------------------
00|00|00|FE |0708 |1/2  |10100100 |19333
00|00|00|FE |0708 |2/2  |10100100 |19334


---------------
Opcode: D0
ll: F8
Old PC: 070A Offset:-8 New PC: 0702
Instruction:BNE Addressing Mode:Relative - Operand (Value: "None", Address: "0x0702")
Instruction cycle count set to 2
A |X |Y |SP |PC   |T/MT |NV-BDIZC |CYCLE
----------------------------------------
00|00|00|FE |0702 |1/3  |10100100 |19335
00|00|00|FE |0702 |2/3  |10100100 |19336
00|00|00|FE |0702 |3/3  |10100100 |19337


---------------
Opcode: 8D
ll: 00 hh: A0
Instruction:STA Addressing Mode:Absolute - Operand (Value: "0x00", Address: "0xA000")
Writing value 0x00 to address: 0xA000
0xA000: 0x00
Instruction cycle count set to 4
A |X |Y |SP |PC   |T/MT |NV-BDIZC |CYCLE
----------------------------------------
00|00|00|FE |0705 |1/4  |10100100 |19338
00|00|00|FE |0705 |2/4  |10100100 |19339
00|00|00|FE |0705 |3/4  |10100100 |19340
00|00|00|FE |0705 |4/4  |10100100 |19341


---------------
Opcode: 4A
Instruction:LSR Addressing Mode:Accumulator - Operand (Value: "0x00", Address: "None")
Instruction cycle count set to 2
A |X |Y |SP |PC   |T/MT |NV-BDIZC |CYCLE
----------------------------------------
00|00|00|FE |0706 |1/2  |00100110 |19342
00|00|00|FE |0706 |2/2  |00100110 |19343


---------------
Opcode: C9
ll: 02
Instruction:CMP Addressing Mode:Immediate - Operand (Value: "0x02", Address: "None")
Instruction cycle count set to 2
A |X |Y |SP |PC   |T/MT |NV-BDIZC |CYCLE
----------------------------------------
00|00|00|FE |0708 |1/2  |10100100 |19344
00|00|00|FE |0708 |2/2  |10100100 |19345


---------------
Opcode: D0
ll: F8
Old PC: 070A Offset:-8 New PC: 0702
Instruction:BNE Addressing Mode:Relative - Operand (Value: "None", Address: "0x0702")
Instruction cycle count set to 2
A |X |Y |SP |PC   |T/MT |NV-BDIZC |CYCLE
----------------------------------------
00|00|00|FE |0702 |1/3  |10100100 |19346
00|00|00|FE |0702 |2/3  |10100100 |19347
00|00|00|FE |0702 |3/3  |10100100 |19348


---------------
Opcode: 8D
ll: 00 hh: A0
Instruction:STA Addressing Mode:Absolute - Operand (Value: "0x00", Address: "0xA000")
Writing value 0x00 to address: 0xA000
0xA000: 0x00
Instruction cycle count set to 4
A |X |Y |SP |PC   |T/MT |NV-BDIZC |CYCLE
----------------------------------------
00|00|00|FE |0705 |1/4  |10100100 |19349
00|00|00|FE |0705 |2/4  |10100100 |19350
00|00|00|FE |0705 |3/4  |10100100 |19351
00|00|00|FE |0705 |4/4  |10100100 |19352


---------------
Opcode: 4A
Instruction:LSR Addressing Mode:Accumulator - Operand (Value: "0x00", Address: "None")
Instruction cycle count set to 2
A |X |Y |SP |PC   |T/MT |NV-BDIZC |CYCLE
----------------------------------------
00|00|00|FE |0706 |1/2  |00100110 |19353
00|00|00|FE |0706 |2/2  |00100110 |19354


---------------
Opcode: C9
ll: 02
Instruction:CMP Addressing Mode:Immediate - Operand (Value: "0x02", Address: "None")
Instruction cycle count set to 2
A |X |Y |SP |PC   |T/MT |NV-BDIZC |CYCLE
----------------------------------------
00|00|00|FE |0708 |1/2  |10100100 |19355
00|00|00|FE |0708 |2/2  |10100100 |19356


---------------
Opcode: D0
ll: F8
Old PC: 070A Offset:-8 New PC: 0702
Instruction:BNE Addressing Mode:Relative - Operand (Value: "None", Address: "0x0702")
Instruction cycle count set to 2
A |X |Y |SP |PC   |T/MT |NV-BDIZC |CYCLE
----------------------------------------
00|00|00|FE |0702 |1/3  |10100100 |19357
00|00|00|FE |0702 |2/3  |10100100 |19358
00|00|00|FE |0702 |3/3  |10100100 |19359


---------------
Opcode: 8D
ll: 00 hh: A0
Instruction:STA Addressing Mode:Absolute - Operand (Value: "0x00", Address: "0xA000")
Writing value 0x00 to address: 0xA000
0xA000: 0x00
Instruction cycle count set to 4
A |X |Y |SP |PC   |T/MT |NV-BDIZC |CYCLE
----------------------------------------
00|00|00|FE |0705 |1/4  |10100100 |19360
00|00|00|FE |0705 |2/4  |10100100 |19361
00|00|00|FE |0705 |3/4  |10100100 |19362
00|00|00|FE |0705 |4/4  |10100100 |19363


---------------
Opcode: 4A
Instruction:LSR Addressing Mode:Accumulator - Operand (Value: "0x00", Address: "None")
Instruction cycle count set to 2
A |X |Y |SP |PC   |T/MT |NV-BDIZC |CYCLE
----------------------------------------
00|00|00|FE |0706 |1/2  |00100110 |19364
00|00|00|FE |0706 |2/2  |00100110 |19365


---------------
Opcode: C9
ll: 02
Instruction:CMP Addressing Mode:Immediate - Operand (Value: "0x02", Address: "None")
Instruction cycle count set to 2
A |X |Y |SP |PC   |T/MT |NV-BDIZC |CYCLE
----------------------------------------
00|00|00|FE |0708 |1/2  |10100100 |19366
00|00|00|FE |0708 |2/2  |10100100 |19367


---------------
Opcode: D0
ll: F8
Old PC: 070A Offset:-8 New PC: 0702
Instruction:BNE Addressing Mode:Relative - Operand (Value: "None", Address: "0x0702")
Instruction cycle count set to 2
A |X |Y |SP |PC   |T/MT |NV-BDIZC |CYCLE
----------------------------------------
00|00|00|FE |0702 |1/3  |10100100 |19368
00|00|00|FE |0702 |2/3  |10100100 |19369
00|00|00|FE |0702 |3/3  |10100100 |19370


---------------
Opcode: 8D
ll: 00 hh: A0
Instruction:STA Addressing Mode:Absolute - Operand (Value: "0x00", Address: "0xA000")
Writing value 0x00 to address: 0xA000
0xA000: 0x00
Instruction cycle count set to 4
A |X |Y |SP |PC   |T/MT |NV-BDIZC |CYCLE
----------------------------------------
00|00|00|FE |0705 |1/4  |10100100 |19371
00|00|00|FE |0705 |2/4  |10100100 |19372
00|00|00|FE |0705 |3/4  |10100100 |19373
00|00|00|FE |0705 |4/4  |10100100 |19374


---------------
Opcode: 4A
Instruction:LSR Addressing Mode:Accumulator - Operand (Value: "0x00", Address: "None")
Instruction cycle count set to 2
A |X |Y |SP |PC   |T/MT |NV-BDIZC |CYCLE
----------------------------------------
00|00|00|FE |0706 |1/2  |00100110 |19375
00|00|00|FE |0706 |2/2  |00100110 |19376


---------------
Opcode: C9
ll: 02
Instruction:CMP Addressing Mode:Immediate - Operand (Value: "0x02", Address: "None")
Instruction cycle count set to 2
A |X |Y |SP |PC   |T/MT |NV-BDIZC |CYCLE
----------------------------------------
00|00|00|FE |0708 |1/2  |10100100 |19377
00|00|00|FE |0708 |2/2  |10100100 |19378


---------------
Opcode: D0
ll: F8
Old PC: 070A Offset:-8 New PC: 0702
Instruction:BNE Addressing Mode:Relative - Operand (Value: "None", Address: "0x0702")
Instruction cycle count set to 2
A |X |Y |SP |PC   |T/MT |NV-BDIZC |CYCLE
----------------------------------------
00|00|00|FE |0702 |1/3  |10100100 |19379
00|00|00|FE |0702 |2/3  |10100100 |19380
00|00|00|FE |0702 |3/3  |10100100 |19381


---------------
Opcode: 8D
ll: 00 hh: A0
Instruction:STA Addressing Mode:Absolute - Operand (Value: "0x00", Address: "0xA000")
Writing value 0x00 to address: 0xA000
0xA000: 0x00
Instruction cycle count set to 4
A |X |Y |SP |PC   |T/MT |NV-BDIZC |CYCLE
----------------------------------------
00|00|00|FE |0705 |1/4  |10100100 |19382
00|00|00|FE |0705 |2/4  |10100100 |19383
00|00|00|FE |0705 |3/4  |10100100 |19384
00|00|00|FE |0705 |4/4  |10100100 |19385


---------------
Opcode: 4A
Instruction:LSR Addressing Mode:Accumulator - Operand (Value: "0x00", Address: "None")
Instruction cycle count set to 2
A |X |Y |SP |PC   |T/MT |NV-BDIZC |CYCLE
----------------------------------------
00|00|00|FE |0706 |1/2  |00100110 |19386
00|00|00|FE |0706 |2/2  |00100110 |19387


---------------
Opcode: C9
ll: 02
Instruction:CMP Addressing Mode:Immediate - Operand (Value: "0x02", Address: "None")
Instruction cycle count set to 2
A |X |Y |SP |PC   |T/MT |NV-BDIZC |CYCLE
----------------------------------------
00|00|00|FE |0708 |1/2  |10100100 |19388
00|00|00|FE |0708 |2/2  |10100100 |19389


---------------
Opcode: D0
ll: F8
Old PC: 070A Offset:-8 New PC: 0702
Instruction:BNE Addressing Mode:Relative - Operand (Value: "None", Address: "0x0702")
Instruction cycle count set to 2
A |X |Y |SP |PC   |T/MT |NV-BDIZC |CYCLE
----------------------------------------
00|00|00|FE |0702 |1/3  |10100100 |19390
00|00|00|FE |0702 |2/3  |10100100 |19391
00|00|00|FE |0702 |3/3  |10100100 |19392


---------------
Opcode: 8D
ll: 00 hh: A0
Instruction:STA Addressing Mode:Absolute - Operand (Value: "0x00", Address: "0xA000")
Writing value 0x00 to address: 0xA000
0xA000: 0x00
Instruction cycle count set to 4
A |X |Y |SP |PC   |T/MT |NV-BDIZC |CYCLE
----------------------------------------
00|00|00|FE |0705 |1/4  |10100100 |19393
00|00|00|FE |0705 |2/4  |10100100 |19394
00|00|00|FE |0705 |3/4  |10100100 |19395
00|00|00|FE |0705 |4/4  |10100100 |19396


---------------
Opcode: 4A
Instruction:LSR Addressing Mode:Accumulator - Operand (Value: "0x00", Address: "None")
Instruction cycle count set to 2
A |X |Y |SP |PC   |T/MT |NV-BDIZC |CYCLE
----------------------------------------
00|00|00|FE |0706 |1/2  |00100110 |19397
00|00|00|FE |0706 |2/2  |00100110 |19398


---------------
Opcode: C9
ll: 02
Instruction:CMP Addressing Mode:Immediate - Operand (Value: "0x02", Address: "None")
Instruction cycle count set to 2
A |X |Y |SP |PC   |T/MT |NV-BDIZC |CYCLE
----------------------------------------
00|00|00|FE |0708 |1/2  |10100100 |19399
00|00|00|FE |0708 |2/2  |10100100 |19400


---------------
Opcode: D0
ll: F8
Old PC: 070A Offset:-8 New PC: 0702
Instruction:BNE Addressing Mode:Relative - Operand (Value: "None", Address: "0x0702")
Instruction cycle count set to 2
A |X |Y |SP |PC   |T/MT |NV-BDIZC |CYCLE
----------------------------------------
00|00|00|FE |0702 |1/3  |10100100 |19401
00|00|00|FE |0702 |2/3  |10100100 |19402
00|00|00|FE |0702 |3/3  |10100100 |19403


---------------
Opcode: 8D
ll: 00 hh: A0
Instruction:STA Addressing Mode:Absolute - Operand (Value: "0x00", Address: "0xA000")
Writing value 0x00 to address: 0xA000
0xA000: 0x00
Instruction cycle count set to 4
A |X |Y |SP |PC   |T/MT |NV-BDIZC |CYCLE
----------------------------------------
00|00|00|FE |0705 |1/4  |10100100 |19404
00|00|00|FE |0705 |2/4  |10100100 |19405
00|00|00|FE |0705 |3/4  |10100100 |19406
00|00|00|FE |0705 |4/4  |10100100 |19407


---------------
Opcode: 4A
Instruction:LSR Addressing Mode:Accumulator - Operand (Value: "0x00", Address: "None")
Instruction cycle count set to 2
A |X |Y |SP |PC   |T/MT |NV-BDIZC |CYCLE
----------------------------------------
00|00|00|FE |0706 |1/2  |00100110 |19408
00|00|00|FE |0706 |2/2  |00100110 |19409


---------------
Opcode: C9
ll: 02
Instruction:CMP Addressing Mode:Immediate - Operand (Value: "0x02", Address: "None")
Instruction cycle count set to 2
A |X |Y |SP |PC   |T/MT |NV-BDIZC |CYCLE
----------------------------------------
00|00|00|FE |0708 |1/2  |10100100 |19410
00|00|00|FE |0708 |2/2  |10100100 |19411


---------------
Opcode: D0
ll: F8
Old PC: 070A Offset:-8 New PC: 0702
Instruction:BNE Addressing Mode:Relative - Operand (Value: "None", Address: "0x0702")
Instruction cycle count set to 2
A |X |Y |SP |PC   |T/MT |NV-BDIZC |CYCLE
----------------------------------------
00|00|00|FE |0702 |1/3  |10100100 |19412
00|00|00|FE |0702 |2/3  |10100100 |19413
00|00|00|FE |0702 |3/3  |10100100 |19414


---------------
Opcode: 8D
ll: 00 hh: A0
Instruction:STA Addressing Mode:Absolute - Operand (Value: "0x00", Address: "0xA000")
Writing value 0x00 to address: 0xA000
0xA000: 0x00
Instruction cycle count set to 4
A |X |Y |SP |PC   |T/MT |NV-BDIZC |CYCLE
----------------------------------------
00|00|00|FE |0705 |1/4  |10100100 |19415
00|00|00|FE |0705 |2/4  |10100100 |19416
00|00|00|FE |0705 |3/4  |10100100 |19417
00|00|00|FE |0705 |4/4  |10100100 |19418


---------------
Opcode: 4A
Instruction:LSR Addressing Mode:Accumulator - Operand (Value: "0x00", Address: "None")
Instruction cycle count set to 2
A |X |Y |SP |PC   |T/MT |NV-BDIZC |CYCLE
----------------------------------------
00|00|00|FE |0706 |1/2  |00100110 |19419
00|00|00|FE |0706 |2/2  |00100110 |19420


---------------
Opcode: C9
ll: 02
Instruction:CMP Addressing Mode:Immediate - Operand (Value: "0x02", Address: "None")
Instruction cycle count set to 2
A |X |Y |SP |PC   |T/MT |NV-BDIZC |CYCLE
----------------------------------------
00|00|00|FE |0708 |1/2  |10100100 |19421
00|00|00|FE |0708 |2/2  |10100100 |19422


---------------
Opcode: D0
ll: F8
Old PC: 070A Offset:-8 New PC: 0702
Instruction:BNE Addressing Mode:Relative - Operand (Value: "None", Address: "0x0702")
Instruction cycle count set to 2
A |X |Y |SP |PC   |T/MT |NV-BDIZC |CYCLE
----------------------------------------
00|00|00|FE |0702 |1/3  |10100100 |19423
00|00|00|FE |0702 |2/3  |10100100 |19424
00|00|00|FE |0702 |3/3  |10100100 |19425


---------------
Opcode: 8D
ll: 00 hh: A0
Instruction:STA Addressing Mode:Absolute - Operand (Value: "0x00", Address: "0xA000")
Writing value 0x00 to address: 0xA000
0xA000: 0x00
Instruction cycle count set to 4
A |X |Y |SP |PC   |T/MT |NV-BDIZC |CYCLE
----------------------------------------
00|00|00|FE |0705 |1/4  |10100100 |19426
00|00|00|FE |0705 |2/4  |10100100 |19427
00|00|00|FE |0705 |3/4  |10100100 |19428
00|00|00|FE |0705 |4/4  |10100100 |19429


---------------
Opcode: 4A
Instruction:LSR Addressing Mode:Accumulator - Operand (Value: "0x00", Address: "None")
Instruction cycle count set to 2
A |X |Y |SP |PC   |T/MT |NV-BDIZC |CYCLE
----------------------------------------
00|00|00|FE |0706 |1/2  |00100110 |19430
00|00|00|FE |0706 |2/2  |00100110 |19431


---------------
Opcode: C9
ll: 02
Instruction:CMP Addressing Mode:Immediate - Operand (Value: "0x02", Address: "None")
Instruction cycle count set to 2
A |X |Y |SP |PC   |T/MT |NV-BDIZC |CYCLE
----------------------------------------
00|00|00|FE |0708 |1/2  |10100100 |19432
00|00|00|FE |0708 |2/2  |10100100 |19433


---------------
Opcode: D0
ll: F8
Old PC: 070A Offset:-8 New PC: 0702
Instruction:BNE Addressing Mode:Relative - Operand (Value: "None", Address: "0x0702")
Instruction cycle count set to 2
A |X |Y |SP |PC   |T/MT |NV-BDIZC |CYCLE
----------------------------------------
00|00|00|FE |0702 |1/3  |10100100 |19434
00|00|00|FE |0702 |2/3  |10100100 |19435
00|00|00|FE |0702 |3/3  |10100100 |19436


---------------
Opcode: 8D
ll: 00 hh: A0
Instruction:STA Addressing Mode:Absolute - Operand (Value: "0x00", Address: "0xA000")
Writing value 0x00 to address: 0xA000
0xA000: 0x00
Instruction cycle count set to 4
A |X |Y |SP |PC   |T/MT |NV-BDIZC |CYCLE
----------------------------------------
00|00|00|FE |0705 |1/4  |10100100 |19437
00|00|00|FE |0705 |2/4  |10100100 |19438
00|00|00|FE |0705 |3/4  |10100100 |19439
00|00|00|FE |0705 |4/4  |10100100 |19440


---------------
Opcode: 4A
Instruction:LSR Addressing Mode:Accumulator - Operand (Value: "0x00", Address: "None")
Instruction cycle count set to 2
A |X |Y |SP |PC   |T/MT |NV-BDIZC |CYCLE
----------------------------------------
00|00|00|FE |0706 |1/2  |00100110 |19441
00|00|00|FE |0706 |2/2  |00100110 |19442


---------------
Opcode: C9
ll: 02
Instruction:CMP Addressing Mode:Immediate - Operand (Value: "0x02", Address: "None")
Instruction cycle count set to 2
A |X |Y |SP |PC   |T/MT |NV-BDIZC |CYCLE
----------------------------------------
00|00|00|FE |0708 |1/2  |10100100 |19443
00|00|00|FE |0708 |2/2  |10100100 |19444


---------------
Opcode: D0
ll: F8
Old PC: 070A Offset:-8 New PC: 0702
Instruction:BNE Addressing Mode:Relative - Operand (Value: "None", Address: "0x0702")
Instruction cycle count set to 2
A |X |Y |SP |PC   |T/MT |NV-BDIZC |CYCLE
----------------------------------------
00|00|00|FE |0702 |1/3  |10100100 |19445
00|00|00|FE |0702 |2/3  |10100100 |19446
00|00|00|FE |0702 |3/3  |10100100 |19447


---------------
Opcode: 8D
ll: 00 hh: A0
Instruction:STA Addressing Mode:Absolute - Operand (Value: "0x00", Address: "0xA000")
Writing value 0x00 to address: 0xA000
0xA000: 0x00
Instruction cycle count set to 4
A |X |Y |SP |PC   |T/MT |NV-BDIZC |CYCLE
----------------------------------------
00|00|00|FE |0705 |1/4  |10100100 |19448
00|00|00|FE |0705 |2/4  |10100100 |19449
00|00|00|FE |0705 |3/4  |10100100 |19450
00|00|00|FE |0705 |4/4  |10100100 |19451


---------------
Opcode: 4A
Instruction:LSR Addressing Mode:Accumulator - Operand (Value: "0x00", Address: "None")
Instruction cycle count set to 2
A |X |Y |SP |PC   |T/MT |NV-BDIZC |CYCLE
----------------------------------------
00|00|00|FE |0706 |1/2  |00100110 |19452
00|00|00|FE |0706 |2/2  |00100110 |19453


---------------
Opcode: C9
ll: 02
Instruction:CMP Addressing Mode:Immediate - Operand (Value: "0x02", Address: "None")
Instruction cycle count set to 2
A |X |Y |SP |PC   |T/MT |NV-BDIZC |CYCLE
----------------------------------------
00|00|00|FE |0708 |1/2  |10100100 |19454
00|00|00|FE |0708 |2/2  |10100100 |19455


---------------
Opcode: D0
ll: F8
Old PC: 070A Offset:-8 New PC: 0702
Instruction:BNE Addressing Mode:Relative - Operand (Value: "None", Address: "0x0702")
Instruction cycle count set to 2
A |X |Y |SP |PC   |T/MT |NV-BDIZC |CYCLE
----------------------------------------
00|00|00|FE |0702 |1/3  |10100100 |19456
00|00|00|FE |0702 |2/3  |10100100 |19457
00|00|00|FE |0702 |3/3  |10100100 |19458


---------------
Opcode: 8D
ll: 00 hh: A0
Instruction:STA Addressing Mode:Absolute - Operand (Value: "0x00", Address: "0xA000")
Writing value 0x00 to address: 0xA000
0xA000: 0x00
Instruction cycle count set to 4
A |X |Y |SP |PC   |T/MT |NV-BDIZC |CYCLE
----------------------------------------
00|00|00|FE |0705 |1/4  |10100100 |19459
00|00|00|FE |0705 |2/4  |10100100 |19460
00|00|00|FE |0705 |3/4  |10100100 |19461
00|00|00|FE |0705 |4/4  |10100100 |19462


---------------
Opcode: 4A
Instruction:LSR Addressing Mode:Accumulator - Operand (Value: "0x00", Address: "None")
Instruction cycle count set to 2
A |X |Y |SP |PC   |T/MT |NV-BDIZC |CYCLE
----------------------------------------
00|00|00|FE |0706 |1/2  |00100110 |19463
00|00|00|FE |0706 |2/2  |00100110 |19464


---------------
Opcode: C9
ll: 02
Instruction:CMP Addressing Mode:Immediate - Operand (Value: "0x02", Address: "None")
Instruction cycle count set to 2
A |X |Y |SP |PC   |T/MT |NV-BDIZC |CYCLE
----------------------------------------
00|00|00|FE |0708 |1/2  |10100100 |19465
00|00|00|FE |0708 |2/2  |10100100 |19466


---------------
Opcode: D0
ll: F8
Old PC: 070A Offset:-8 New PC: 0702
Instruction:BNE Addressing Mode:Relative - Operand (Value: "None", Address: "0x0702")
Instruction cycle count set to 2
A |X |Y |SP |PC   |T/MT |NV-BDIZC |CYCLE
----------------------------------------
00|00|00|FE |0702 |1/3  |10100100 |19467
00|00|00|FE |0702 |2/3  |10100100 |19468
00|00|00|FE |0702 |3/3  |10100100 |19469


---------------
Opcode: 8D
ll: 00 hh: A0
Instruction:STA Addressing Mode:Absolute - Operand (Value: "0x00", Address: "0xA000")
Writing value 0x00 to address: 0xA000
0xA000: 0x00
Instruction cycle count set to 4
A |X |Y |SP |PC   |T/MT |NV-BDIZC |CYCLE
----------------------------------------
00|00|00|FE |0705 |1/4  |10100100 |19470
00|00|00|FE |0705 |2/4  |10100100 |19471
00|00|00|FE |0705 |3/4  |10100100 |19472
00|00|00|FE |0705 |4/4  |10100100 |19473


---------------
Opcode: 4A
Instruction:LSR Addressing Mode:Accumulator - Operand (Value: "0x00", Address: "None")
Instruction cycle count set to 2
A |X |Y |SP |PC   |T/MT |NV-BDIZC |CYCLE
----------------------------------------
00|00|00|FE |0706 |1/2  |00100110 |19474
00|00|00|FE |0706 |2/2  |00100110 |19475


---------------
Opcode: C9
ll: 02
Instruction:CMP Addressing Mode:Immediate - Operand (Value: "0x02", Address: "None")
Instruction cycle count set to 2
A |X |Y |SP |PC   |T/MT |NV-BDIZC |CYCLE
----------------------------------------
00|00|00|FE |0708 |1/2  |10100100 |19476
00|00|00|FE |0708 |2/2  |10100100 |19477


---------------
Opcode: D0
ll: F8
Old PC: 070A Offset:-8 New PC: 0702
Instruction:BNE Addressing Mode:Relative - Operand (Value: "None", Address: "0x0702")
Instruction cycle count set to 2
A |X |Y |SP |PC   |T/MT |NV-BDIZC |CYCLE
----------------------------------------
00|00|00|FE |0702 |1/3  |10100100 |19478
00|00|00|FE |0702 |2/3  |10100100 |19479
00|00|00|FE |0702 |3/3  |10100100 |19480


---------------
Opcode: 8D
ll: 00 hh: A0
Instruction:STA Addressing Mode:Absolute - Operand (Value: "0x00", Address: "0xA000")
Writing value 0x00 to address: 0xA000
0xA000: 0x00
Instruction cycle count set to 4
A |X |Y |SP |PC   |T/MT |NV-BDIZC |CYCLE
----------------------------------------
00|00|00|FE |0705 |1/4  |10100100 |19481
00|00|00|FE |0705 |2/4  |10100100 |19482
00|00|00|FE |0705 |3/4  |10100100 |19483
00|00|00|FE |0705 |4/4  |10100100 |19484


---------------
Opcode: 4A
Instruction:LSR Addressing Mode:Accumulator - Operand (Value: "0x00", Address: "None")
Instruction cycle count set to 2
A |X |Y |SP |PC   |T/MT |NV-BDIZC |CYCLE
----------------------------------------
00|00|00|FE |0706 |1/2  |00100110 |19485
00|00|00|FE |0706 |2/2  |00100110 |19486


---------------
Opcode: C9
ll: 02
Instruction:CMP Addressing Mode:Immediate - Operand (Value: "0x02", Address: "None")
Instruction cycle count set to 2
A |X |Y |SP |PC   |T/MT |NV-BDIZC |CYCLE
----------------------------------------
00|00|00|FE |0708 |1/2  |10100100 |19487
00|00|00|FE |0708 |2/2  |10100100 |19488


---------------
Opcode: D0
ll: F8
Old PC: 070A Offset:-8 New PC: 0702
Instruction:BNE Addressing Mode:Relative - Operand (Value: "None", Address: "0x0702")
Instruction cycle count set to 2
A |X |Y |SP |PC   |T/MT |NV-BDIZC |CYCLE
----------------------------------------
00|00|00|FE |0702 |1/3  |10100100 |19489
00|00|00|FE |0702 |2/3  |10100100 |19490
00|00|00|FE |0702 |3/3  |10100100 |19491


---------------
Opcode: 8D
ll: 00 hh: A0
Instruction:STA Addressing Mode:Absolute - Operand (Value: "0x00", Address: "0xA000")
Writing value 0x00 to address: 0xA000
0xA000: 0x00
Instruction cycle count set to 4
A |X |Y |SP |PC   |T/MT |NV-BDIZC |CYCLE
----------------------------------------
00|00|00|FE |0705 |1/4  |10100100 |19492
00|00|00|FE |0705 |2/4  |10100100 |19493
00|00|00|FE |0705 |3/4  |10100100 |19494
00|00|00|FE |0705 |4/4  |10100100 |19495


---------------
Opcode: 4A
Instruction:LSR Addressing Mode:Accumulator - Operand (Value: "0x00", Address: "None")
Instruction cycle count set to 2
A |X |Y |SP |PC   |T/MT |NV-BDIZC |CYCLE
----------------------------------------
00|00|00|FE |0706 |1/2  |00100110 |19496
00|00|00|FE |0706 |2/2  |00100110 |19497


---------------
Opcode: C9
ll: 02
Instruction:CMP Addressing Mode:Immediate - Operand (Value: "0x02", Address: "None")
Instruction cycle count set to 2
A |X |Y |SP |PC   |T/MT |NV-BDIZC |CYCLE
----------------------------------------
00|00|00|FE |0708 |1/2  |10100100 |19498
00|00|00|FE |0708 |2/2  |10100100 |19499


---------------
Opcode: D0
ll: F8
Old PC: 070A Offset:-8 New PC: 0702
Instruction:BNE Addressing Mode:Relative - Operand (Value: "None", Address: "0x0702")
Instruction cycle count set to 2
A |X |Y |SP |PC   |T/MT |NV-BDIZC |CYCLE
----------------------------------------
00|00|00|FE |0702 |1/3  |10100100 |19500
00|00|00|FE |0702 |2/3  |10100100 |19501
00|00|00|FE |0702 |3/3  |10100100 |19502


---------------
Opcode: 8D
ll: 00 hh: A0
Instruction:STA Addressing Mode:Absolute - Operand (Value: "0x00", Address: "0xA000")
Writing value 0x00 to address: 0xA000
0xA000: 0x00
Instruction cycle count set to 4
A |X |Y |SP |PC   |T/MT |NV-BDIZC |CYCLE
----------------------------------------
00|00|00|FE |0705 |1/4  |10100100 |19503
00|00|00|FE |0705 |2/4  |10100100 |19504
00|00|00|FE |0705 |3/4  |10100100 |19505
00|00|00|FE |0705 |4/4  |10100100 |19506


---------------
Opcode: 4A
Instruction:LSR Addressing Mode:Accumulator - Operand (Value: "0x00", Address: "None")
Instruction cycle count set to 2
A |X |Y |SP |PC   |T/MT |NV-BDIZC |CYCLE
----------------------------------------
00|00|00|FE |0706 |1/2  |00100110 |19507
00|00|00|FE |0706 |2/2  |00100110 |19508


---------------
Opcode: C9
ll: 02
Instruction:CMP Addressing Mode:Immediate - Operand (Value: "0x02", Address: "None")
Instruction cycle count set to 2
A |X |Y |SP |PC   |T/MT |NV-BDIZC |CYCLE
----------------------------------------
00|00|00|FE |0708 |1/2  |10100100 |19509
00|00|00|FE |0708 |2/2  |10100100 |19510


---------------
Opcode: D0
ll: F8
Old PC: 070A Offset:-8 New PC: 0702
Instruction:BNE Addressing Mode:Relative - Operand (Value: "None", Address: "0x0702")
Instruction cycle count set to 2
A |X |Y |SP |PC   |T/MT |NV-BDIZC |CYCLE
----------------------------------------
00|00|00|FE |0702 |1/3  |10100100 |19511
00|00|00|FE |0702 |2/3  |10100100 |19512
00|00|00|FE |0702 |3/3  |10100100 |19513


---------------
Opcode: 8D
ll: 00 hh: A0
Instruction:STA Addressing Mode:Absolute - Operand (Value: "0x00", Address: "0xA000")
Writing value 0x00 to address: 0xA000
0xA000: 0x00
Instruction cycle count set to 4
A |X |Y |SP |PC   |T/MT |NV-BDIZC |CYCLE
----------------------------------------
00|00|00|FE |0705 |1/4  |10100100 |19514
00|00|00|FE |0705 |2/4  |10100100 |19515
00|00|00|FE |0705 |3/4  |10100100 |19516
00|00|00|FE |0705 |4/4  |10100100 |19517


---------------
Opcode: 4A
Instruction:LSR Addressing Mode:Accumulator - Operand (Value: "0x00", Address: "None")
Instruction cycle count set to 2
A |X |Y |SP |PC   |T/MT |NV-BDIZC |CYCLE
----------------------------------------
00|00|00|FE |0706 |1/2  |00100110 |19518
00|00|00|FE |0706 |2/2  |00100110 |19519


---------------
Opcode: C9
ll: 02
Instruction:CMP Addressing Mode:Immediate - Operand (Value: "0x02", Address: "None")
Instruction cycle count set to 2
A |X |Y |SP |PC   |T/MT |NV-BDIZC |CYCLE
----------------------------------------
00|00|00|FE |0708 |1/2  |10100100 |19520
00|00|00|FE |0708 |2/2  |10100100 |19521


---------------
Opcode: D0
ll: F8
Old PC: 070A Offset:-8 New PC: 0702
Instruction:BNE Addressing Mode:Relative - Operand (Value: "None", Address: "0x0702")
Instruction cycle count set to 2
A |X |Y |SP |PC   |T/MT |NV-BDIZC |CYCLE
----------------------------------------
00|00|00|FE |0702 |1/3  |10100100 |19522
00|00|00|FE |0702 |2/3  |10100100 |19523
00|00|00|FE |0702 |3/3  |10100100 |19524


---------------
Opcode: 8D
ll: 00 hh: A0
Instruction:STA Addressing Mode:Absolute - Operand (Value: "0x00", Address: "0xA000")
Writing value 0x00 to address: 0xA000
0xA000: 0x00
Instruction cycle count set to 4
A |X |Y |SP |PC   |T/MT |NV-BDIZC |CYCLE
----------------------------------------
00|00|00|FE |0705 |1/4  |10100100 |19525
00|00|00|FE |0705 |2/4  |10100100 |19526
00|00|00|FE |0705 |3/4  |10100100 |19527
00|00|00|FE |0705 |4/4  |10100100 |19528


---------------
Opcode: 4A
Instruction:LSR Addressing Mode:Accumulator - Operand (Value: "0x00", Address: "None")
Instruction cycle count set to 2
A |X |Y |SP |PC   |T/MT |NV-BDIZC |CYCLE
----------------------------------------
00|00|00|FE |0706 |1/2  |00100110 |19529
00|00|00|FE |0706 |2/2  |00100110 |19530


---------------
Opcode: C9
ll: 02
Instruction:CMP Addressing Mode:Immediate - Operand (Value: "0x02", Address: "None")
Instruction cycle count set to 2
A |X |Y |SP |PC   |T/MT |NV-BDIZC |CYCLE
----------------------------------------
00|00|00|FE |0708 |1/2  |10100100 |19531
00|00|00|FE |0708 |2/2  |10100100 |19532


---------------
Opcode: D0
ll: F8
Old PC: 070A Offset:-8 New PC: 0702
Instruction:BNE Addressing Mode:Relative - Operand (Value: "None", Address: "0x0702")
Instruction cycle count set to 2
A |X |Y |SP |PC   |T/MT |NV-BDIZC |CYCLE
----------------------------------------
00|00|00|FE |0702 |1/3  |10100100 |19533
00|00|00|FE |0702 |2/3  |10100100 |19534
00|00|00|FE |0702 |3/3  |10100100 |19535


---------------
Opcode: 8D
ll: 00 hh: A0
Instruction:STA Addressing Mode:Absolute - Operand (Value: "0x00", Address: "0xA000")
Writing value 0x00 to address: 0xA000
0xA000: 0x00
Instruction cycle count set to 4
A |X |Y |SP |PC   |T/MT |NV-BDIZC |CYCLE
----------------------------------------
00|00|00|FE |0705 |1/4  |10100100 |19536
00|00|00|FE |0705 |2/4  |10100100 |19537
00|00|00|FE |0705 |3/4  |10100100 |19538
00|00|00|FE |0705 |4/4  |10100100 |19539


---------------
Opcode: 4A
Instruction:LSR Addressing Mode:Accumulator - Operand (Value: "0x00", Address: "None")
Instruction cycle count set to 2
A |X |Y |SP |PC   |T/MT |NV-BDIZC |CYCLE
----------------------------------------
00|00|00|FE |0706 |1/2  |00100110 |19540
00|00|00|FE |0706 |2/2  |00100110 |19541


---------------
Opcode: C9
ll: 02
Instruction:CMP Addressing Mode:Immediate - Operand (Value: "0x02", Address: "None")
Instruction cycle count set to 2
A |X |Y |SP |PC   |T/MT |NV-BDIZC |CYCLE
----------------------------------------
00|00|00|FE |0708 |1/2  |10100100 |19542
00|00|00|FE |0708 |2/2  |10100100 |19543


---------------
Opcode: D0
ll: F8
Old PC: 070A Offset:-8 New PC: 0702
Instruction:BNE Addressing Mode:Relative - Operand (Value: "None", Address: "0x0702")
Instruction cycle count set to 2
A |X |Y |SP |PC   |T/MT |NV-BDIZC |CYCLE
----------------------------------------
00|00|00|FE |0702 |1/3  |10100100 |19544
00|00|00|FE |0702 |2/3  |10100100 |19545
00|00|00|FE |0702 |3/3  |10100100 |19546


---------------
Opcode: 8D
ll: 00 hh: A0
Instruction:STA Addressing Mode:Absolute - Operand (Value: "0x00", Address: "0xA000")
Writing value 0x00 to address: 0xA000
0xA000: 0x00
Instruction cycle count set to 4
A |X |Y |SP |PC   |T/MT |NV-BDIZC |CYCLE
----------------------------------------
00|00|00|FE |0705 |1/4  |10100100 |19547
00|00|00|FE |0705 |2/4  |10100100 |19548
00|00|00|FE |0705 |3/4  |10100100 |19549
00|00|00|FE |0705 |4/4  |10100100 |19550


---------------
Opcode: 4A
Instruction:LSR Addressing Mode:Accumulator - Operand (Value: "0x00", Address: "None")
Instruction cycle count set to 2
A |X |Y |SP |PC   |T/MT |NV-BDIZC |CYCLE
----------------------------------------
00|00|00|FE |0706 |1/2  |00100110 |19551
00|00|00|FE |0706 |2/2  |00100110 |19552


---------------
Opcode: C9
ll: 02
Instruction:CMP Addressing Mode:Immediate - Operand (Value: "0x02", Address: "None")
Instruction cycle count set to 2
A |X |Y |SP |PC   |T/MT |NV-BDIZC |CYCLE
----------------------------------------
00|00|00|FE |0708 |1/2  |10100100 |19553
00|00|00|FE |0708 |2/2  |10100100 |19554


---------------
Opcode: D0
ll: F8
Old PC: 070A Offset:-8 New PC: 0702
Instruction:BNE Addressing Mode:Relative - Operand (Value: "None", Address: "0x0702")
Instruction cycle count set to 2
A |X |Y |SP |PC   |T/MT |NV-BDIZC |CYCLE
----------------------------------------
00|00|00|FE |0702 |1/3  |10100100 |19555
00|00|00|FE |0702 |2/3  |10100100 |19556
00|00|00|FE |0702 |3/3  |10100100 |19557


---------------
Opcode: 8D
ll: 00 hh: A0
Instruction:STA Addressing Mode:Absolute - Operand (Value: "0x00", Address: "0xA000")
Writing value 0x00 to address: 0xA000
0xA000: 0x00
Instruction cycle count set to 4
A |X |Y |SP |PC   |T/MT |NV-BDIZC |CYCLE
----------------------------------------
00|00|00|FE |0705 |1/4  |10100100 |19558
00|00|00|FE |0705 |2/4  |10100100 |19559
00|00|00|FE |0705 |3/4  |10100100 |19560
00|00|00|FE |0705 |4/4  |10100100 |19561


---------------
Opcode: 4A
Instruction:LSR Addressing Mode:Accumulator - Operand (Value: "0x00", Address: "None")
Instruction cycle count set to 2
A |X |Y |SP |PC   |T/MT |NV-BDIZC |CYCLE
----------------------------------------
00|00|00|FE |0706 |1/2  |00100110 |19562
00|00|00|FE |0706 |2/2  |00100110 |19563


---------------
Opcode: C9
ll: 02
Instruction:CMP Addressing Mode:Immediate - Operand (Value: "0x02", Address: "None")
Instruction cycle count set to 2
A |X |Y |SP |PC   |T/MT |NV-BDIZC |CYCLE
----------------------------------------
00|00|00|FE |0708 |1/2  |10100100 |19564
00|00|00|FE |0708 |2/2  |10100100 |19565


---------------
Opcode: D0
ll: F8
Old PC: 070A Offset:-8 New PC: 0702
Instruction:BNE Addressing Mode:Relative - Operand (Value: "None", Address: "0x0702")
Instruction cycle count set to 2
A |X |Y |SP |PC   |T/MT |NV-BDIZC |CYCLE
----------------------------------------
00|00|00|FE |0702 |1/3  |10100100 |19566
00|00|00|FE |0702 |2/3  |10100100 |19567
00|00|00|FE |0702 |3/3  |10100100 |19568


---------------
Opcode: 8D
ll: 00 hh: A0
Instruction:STA Addressing Mode:Absolute - Operand (Value: "0x00", Address: "0xA000")
Writing value 0x00 to address: 0xA000
0xA000: 0x00
Instruction cycle count set to 4
A |X |Y |SP |PC   |T/MT |NV-BDIZC |CYCLE
----------------------------------------
00|00|00|FE |0705 |1/4  |10100100 |19569
00|00|00|FE |0705 |2/4  |10100100 |19570
00|00|00|FE |0705 |3/4  |10100100 |19571
00|00|00|FE |0705 |4/4  |10100100 |19572


---------------
Opcode: 4A
Instruction:LSR Addressing Mode:Accumulator - Operand (Value: "0x00", Address: "None")
Instruction cycle count set to 2
A |X |Y |SP |PC   |T/MT |NV-BDIZC |CYCLE
----------------------------------------
00|00|00|FE |0706 |1/2  |00100110 |19573
00|00|00|FE |0706 |2/2  |00100110 |19574


---------------
Opcode: C9
ll: 02
Instruction:CMP Addressing Mode:Immediate - Operand (Value: "0x02", Address: "None")
Instruction cycle count set to 2
A |X |Y |SP |PC   |T/MT |NV-BDIZC |CYCLE
----------------------------------------
00|00|00|FE |0708 |1/2  |10100100 |19575
00|00|00|FE |0708 |2/2  |10100100 |19576


---------------
Opcode: D0
ll: F8
Old PC: 070A Offset:-8 New PC: 0702
Instruction:BNE Addressing Mode:Relative - Operand (Value: "None", Address: "0x0702")
Instruction cycle count set to 2
A |X |Y |SP |PC   |T/MT |NV-BDIZC |CYCLE
----------------------------------------
00|00|00|FE |0702 |1/3  |10100100 |19577
00|00|00|FE |0702 |2/3  |10100100 |19578
00|00|00|FE |0702 |3/3  |10100100 |19579


---------------
Opcode: 8D
ll: 00 hh: A0
Instruction:STA Addressing Mode:Absolute - Operand (Value: "0x00", Address: "0xA000")
Writing value 0x00 to address: 0xA000
0xA000: 0x00
Instruction cycle count set to 4
A |X |Y |SP |PC   |T/MT |NV-BDIZC |CYCLE
----------------------------------------
00|00|00|FE |0705 |1/4  |10100100 |19580
00|00|00|FE |0705 |2/4  |10100100 |19581
00|00|00|FE |0705 |3/4  |10100100 |19582
00|00|00|FE |0705 |4/4  |10100100 |19583


---------------
Opcode: 4A
Instruction:LSR Addressing Mode:Accumulator - Operand (Value: "0x00", Address: "None")
Instruction cycle count set to 2
A |X |Y |SP |PC   |T/MT |NV-BDIZC |CYCLE
----------------------------------------
00|00|00|FE |0706 |1/2  |00100110 |19584
00|00|00|FE |0706 |2/2  |00100110 |19585


---------------
Opcode: C9
ll: 02
Instruction:CMP Addressing Mode:Immediate - Operand (Value: "0x02", Address: "None")
Instruction cycle count set to 2
A |X |Y |SP |PC   |T/MT |NV-BDIZC |CYCLE
----------------------------------------
00|00|00|FE |0708 |1/2  |10100100 |19586
00|00|00|FE |0708 |2/2  |10100100 |19587


---------------
Opcode: D0
ll: F8
Old PC: 070A Offset:-8 New PC: 0702
Instruction:BNE Addressing Mode:Relative - Operand (Value: "None", Address: "0x0702")
Instruction cycle count set to 2
A |X |Y |SP |PC   |T/MT |NV-BDIZC |CYCLE
----------------------------------------
00|00|00|FE |0702 |1/3  |10100100 |19588
00|00|00|FE |0702 |2/3  |10100100 |19589
00|00|00|FE |0702 |3/3  |10100100 |19590


---------------
Opcode: 8D
ll: 00 hh: A0
Instruction:STA Addressing Mode:Absolute - Operand (Value: "0x00", Address: "0xA000")
Writing value 0x00 to address: 0xA000
0xA000: 0x00
Instruction cycle count set to 4
A |X |Y |SP |PC   |T/MT |NV-BDIZC |CYCLE
----------------------------------------
00|00|00|FE |0705 |1/4  |10100100 |19591
00|00|00|FE |0705 |2/4  |10100100 |19592
00|00|00|FE |0705 |3/4  |10100100 |19593
00|00|00|FE |0705 |4/4  |10100100 |19594


---------------
Opcode: 4A
Instruction:LSR Addressing Mode:Accumulator - Operand (Value: "0x00", Address: "None")
Instruction cycle count set to 2
A |X |Y |SP |PC   |T/MT |NV-BDIZC |CYCLE
----------------------------------------
00|00|00|FE |0706 |1/2  |00100110 |19595
00|00|00|FE |0706 |2/2  |00100110 |19596


---------------
Opcode: C9
ll: 02
Instruction:CMP Addressing Mode:Immediate - Operand (Value: "0x02", Address: "None")
Instruction cycle count set to 2
A |X |Y |SP |PC   |T/MT |NV-BDIZC |CYCLE
----------------------------------------
00|00|00|FE |0708 |1/2  |10100100 |19597
00|00|00|FE |0708 |2/2  |10100100 |19598


---------------
Opcode: D0
ll: F8
Old PC: 070A Offset:-8 New PC: 0702
Instruction:BNE Addressing Mode:Relative - Operand (Value: "None", Address: "0x0702")
Instruction cycle count set to 2
A |X |Y |SP |PC   |T/MT |NV-BDIZC |CYCLE
----------------------------------------
00|00|00|FE |0702 |1/3  |10100100 |19599
00|00|00|FE |0702 |2/3  |10100100 |19600
00|00|00|FE |0702 |3/3  |10100100 |19601


---------------
Opcode: 8D
ll: 00 hh: A0
Instruction:STA Addressing Mode:Absolute - Operand (Value: "0x00", Address: "0xA000")
Writing value 0x00 to address: 0xA000
0xA000: 0x00
Instruction cycle count set to 4
A |X |Y |SP |PC   |T/MT |NV-BDIZC |CYCLE
----------------------------------------
00|00|00|FE |0705 |1/4  |10100100 |19602
00|00|00|FE |0705 |2/4  |10100100 |19603
00|00|00|FE |0705 |3/4  |10100100 |19604
00|00|00|FE |0705 |4/4  |10100100 |19605


---------------
Opcode: 4A
Instruction:LSR Addressing Mode:Accumulator - Operand (Value: "0x00", Address: "None")
Instruction cycle count set to 2
A |X |Y |SP |PC   |T/MT |NV-BDIZC |CYCLE
----------------------------------------
00|00|00|FE |0706 |1/2  |00100110 |19606
00|00|00|FE |0706 |2/2  |00100110 |19607


---------------
Opcode: C9
ll: 02
Instruction:CMP Addressing Mode:Immediate - Operand (Value: "0x02", Address: "None")
Instruction cycle count set to 2
A |X |Y |SP |PC   |T/MT |NV-BDIZC |CYCLE
----------------------------------------
00|00|00|FE |0708 |1/2  |10100100 |19608
00|00|00|FE |0708 |2/2  |10100100 |19609


---------------
Opcode: D0
ll: F8
Old PC: 070A Offset:-8 New PC: 0702
Instruction:BNE Addressing Mode:Relative - Operand (Value: "None", Address: "0x0702")
Instruction cycle count set to 2
A |X |Y |SP |PC   |T/MT |NV-BDIZC |CYCLE
----------------------------------------
00|00|00|FE |0702 |1/3  |10100100 |19610
00|00|00|FE |0702 |2/3  |10100100 |19611
00|00|00|FE |0702 |3/3  |10100100 |19612


---------------
Opcode: 8D
ll: 00 hh: A0
Instruction:STA Addressing Mode:Absolute - Operand (Value: "0x00", Address: "0xA000")
Writing value 0x00 to address: 0xA000
0xA000: 0x00
Instruction cycle count set to 4
A |X |Y |SP |PC   |T/MT |NV-BDIZC |CYCLE
----------------------------------------
00|00|00|FE |0705 |1/4  |10100100 |19613
00|00|00|FE |0705 |2/4  |10100100 |19614
00|00|00|FE |0705 |3/4  |10100100 |19615
00|00|00|FE |0705 |4/4  |10100100 |19616


---------------
Opcode: 4A
Instruction:LSR Addressing Mode:Accumulator - Operand (Value: "0x00", Address: "None")
Instruction cycle count set to 2
A |X |Y |SP |PC   |T/MT |NV-BDIZC |CYCLE
----------------------------------------
00|00|00|FE |0706 |1/2  |00100110 |19617
00|00|00|FE |0706 |2/2  |00100110 |19618


---------------
Opcode: C9
ll: 02
Instruction:CMP Addressing Mode:Immediate - Operand (Value: "0x02", Address: "None")
Instruction cycle count set to 2
A |X |Y |SP |PC   |T/MT |NV-BDIZC |CYCLE
----------------------------------------
00|00|00|FE |0708 |1/2  |10100100 |19619
00|00|00|FE |0708 |2/2  |10100100 |19620


---------------
Opcode: D0
ll: F8
Old PC: 070A Offset:-8 New PC: 0702
Instruction:BNE Addressing Mode:Relative - Operand (Value: "None", Address: "0x0702")
Instruction cycle count set to 2
A |X |Y |SP |PC   |T/MT |NV-BDIZC |CYCLE
----------------------------------------
00|00|00|FE |0702 |1/3  |10100100 |19621
00|00|00|FE |0702 |2/3  |10100100 |19622
00|00|00|FE |0702 |3/3  |10100100 |19623


---------------
Opcode: 8D
ll: 00 hh: A0
Instruction:STA Addressing Mode:Absolute - Operand (Value: "0x00", Address: "0xA000")
Writing value 0x00 to address: 0xA000
0xA000: 0x00
Instruction cycle count set to 4
A |X |Y |SP |PC   |T/MT |NV-BDIZC |CYCLE
----------------------------------------
00|00|00|FE |0705 |1/4  |10100100 |19624
00|00|00|FE |0705 |2/4  |10100100 |19625
00|00|00|FE |0705 |3/4  |10100100 |19626
00|00|00|FE |0705 |4/4  |10100100 |19627


---------------
Opcode: 4A
Instruction:LSR Addressing Mode:Accumulator - Operand (Value: "0x00", Address: "None")
Instruction cycle count set to 2
A |X |Y |SP |PC   |T/MT |NV-BDIZC |CYCLE
----------------------------------------
00|00|00|FE |0706 |1/2  |00100110 |19628
00|00|00|FE |0706 |2/2  |00100110 |19629


---------------
Opcode: C9
ll: 02
Instruction:CMP Addressing Mode:Immediate - Operand (Value: "0x02", Address: "None")
Instruction cycle count set to 2
A |X |Y |SP |PC   |T/MT |NV-BDIZC |CYCLE
----------------------------------------
00|00|00|FE |0708 |1/2  |10100100 |19630
00|00|00|FE |0708 |2/2  |10100100 |19631


---------------
Opcode: D0
ll: F8
Old PC: 070A Offset:-8 New PC: 0702
Instruction:BNE Addressing Mode:Relative - Operand (Value: "None", Address: "0x0702")
Instruction cycle count set to 2
A |X |Y |SP |PC   |T/MT |NV-BDIZC |CYCLE
----------------------------------------
00|00|00|FE |0702 |1/3  |10100100 |19632
00|00|00|FE |0702 |2/3  |10100100 |19633
00|00|00|FE |0702 |3/3  |10100100 |19634


---------------
Opcode: 8D
ll: 00 hh: A0
Instruction:STA Addressing Mode:Absolute - Operand (Value: "0x00", Address: "0xA000")
Writing value 0x00 to address: 0xA000
0xA000: 0x00
Instruction cycle count set to 4
A |X |Y |SP |PC   |T/MT |NV-BDIZC |CYCLE
----------------------------------------
00|00|00|FE |0705 |1/4  |10100100 |19635
00|00|00|FE |0705 |2/4  |10100100 |19636
00|00|00|FE |0705 |3/4  |10100100 |19637
00|00|00|FE |0705 |4/4  |10100100 |19638


---------------
Opcode: 4A
Instruction:LSR Addressing Mode:Accumulator - Operand (Value: "0x00", Address: "None")
Instruction cycle count set to 2
A |X |Y |SP |PC   |T/MT |NV-BDIZC |CYCLE
----------------------------------------
00|00|00|FE |0706 |1/2  |00100110 |19639
00|00|00|FE |0706 |2/2  |00100110 |19640


---------------
Opcode: C9
ll: 02
Instruction:CMP Addressing Mode:Immediate - Operand (Value: "0x02", Address: "None")
Instruction cycle count set to 2
A |X |Y |SP |PC   |T/MT |NV-BDIZC |CYCLE
----------------------------------------
00|00|00|FE |0708 |1/2  |10100100 |19641
00|00|00|FE |0708 |2/2  |10100100 |19642


---------------
Opcode: D0
ll: F8
Old PC: 070A Offset:-8 New PC: 0702
Instruction:BNE Addressing Mode:Relative - Operand (Value: "None", Address: "0x0702")
Instruction cycle count set to 2
A |X |Y |SP |PC   |T/MT |NV-BDIZC |CYCLE
----------------------------------------
00|00|00|FE |0702 |1/3  |10100100 |19643
00|00|00|FE |0702 |2/3  |10100100 |19644
00|00|00|FE |0702 |3/3  |10100100 |19645


---------------
Opcode: 8D
ll: 00 hh: A0
Instruction:STA Addressing Mode:Absolute - Operand (Value: "0x00", Address: "0xA000")
Writing value 0x00 to address: 0xA000
0xA000: 0x00
Instruction cycle count set to 4
A |X |Y |SP |PC   |T/MT |NV-BDIZC |CYCLE
----------------------------------------
00|00|00|FE |0705 |1/4  |10100100 |19646
00|00|00|FE |0705 |2/4  |10100100 |19647
00|00|00|FE |0705 |3/4  |10100100 |19648
00|00|00|FE |0705 |4/4  |10100100 |19649


---------------
Opcode: 4A
Instruction:LSR Addressing Mode:Accumulator - Operand (Value: "0x00", Address: "None")
Instruction cycle count set to 2
A |X |Y |SP |PC   |T/MT |NV-BDIZC |CYCLE
----------------------------------------
00|00|00|FE |0706 |1/2  |00100110 |19650
00|00|00|FE |0706 |2/2  |00100110 |19651


---------------
Opcode: C9
ll: 02
Instruction:CMP Addressing Mode:Immediate - Operand (Value: "0x02", Address: "None")
Instruction cycle count set to 2
A |X |Y |SP |PC   |T/MT |NV-BDIZC |CYCLE
----------------------------------------
00|00|00|FE |0708 |1/2  |10100100 |19652
00|00|00|FE |0708 |2/2  |10100100 |19653


---------------
Opcode: D0
ll: F8
Old PC: 070A Offset:-8 New PC: 0702
Instruction:BNE Addressing Mode:Relative - Operand (Value: "None", Address: "0x0702")
Instruction cycle count set to 2
A |X |Y |SP |PC   |T/MT |NV-BDIZC |CYCLE
----------------------------------------
00|00|00|FE |0702 |1/3  |10100100 |19654
00|00|00|FE |0702 |2/3  |10100100 |19655
00|00|00|FE |0702 |3/3  |10100100 |19656


---------------
Opcode: 8D
ll: 00 hh: A0
Instruction:STA Addressing Mode:Absolute - Operand (Value: "0x00", Address: "0xA000")
Writing value 0x00 to address: 0xA000
0xA000: 0x00
Instruction cycle count set to 4
A |X |Y |SP |PC   |T/MT |NV-BDIZC |CYCLE
----------------------------------------
00|00|00|FE |0705 |1/4  |10100100 |19657
00|00|00|FE |0705 |2/4  |10100100 |19658
00|00|00|FE |0705 |3/4  |10100100 |19659
00|00|00|FE |0705 |4/4  |10100100 |19660


---------------
Opcode: 4A
Instruction:LSR Addressing Mode:Accumulator - Operand (Value: "0x00", Address: "None")
Instruction cycle count set to 2
A |X |Y |SP |PC   |T/MT |NV-BDIZC |CYCLE
----------------------------------------
00|00|00|FE |0706 |1/2  |00100110 |19661
00|00|00|FE |0706 |2/2  |00100110 |19662


---------------
Opcode: C9
ll: 02
Instruction:CMP Addressing Mode:Immediate - Operand (Value: "0x02", Address: "None")
Instruction cycle count set to 2
A |X |Y |SP |PC   |T/MT |NV-BDIZC |CYCLE
----------------------------------------
00|00|00|FE |0708 |1/2  |10100100 |19663
00|00|00|FE |0708 |2/2  |10100100 |19664


---------------
Opcode: D0
ll: F8
Old PC: 070A Offset:-8 New PC: 0702
Instruction:BNE Addressing Mode:Relative - Operand (Value: "None", Address: "0x0702")
Instruction cycle count set to 2
A |X |Y |SP |PC   |T/MT |NV-BDIZC |CYCLE
----------------------------------------
00|00|00|FE |0702 |1/3  |10100100 |19665
00|00|00|FE |0702 |2/3  |10100100 |19666
00|00|00|FE |0702 |3/3  |10100100 |19667


---------------
Opcode: 8D
ll: 00 hh: A0
Instruction:STA Addressing Mode:Absolute - Operand (Value: "0x00", Address: "0xA000")
Writing value 0x00 to address: 0xA000
0xA000: 0x00
Instruction cycle count set to 4
A |X |Y |SP |PC   |T/MT |NV-BDIZC |CYCLE
----------------------------------------
00|00|00|FE |0705 |1/4  |10100100 |19668
00|00|00|FE |0705 |2/4  |10100100 |19669
00|00|00|FE |0705 |3/4  |10100100 |19670
00|00|00|FE |0705 |4/4  |10100100 |19671


---------------
Opcode: 4A
Instruction:LSR Addressing Mode:Accumulator - Operand (Value: "0x00", Address: "None")
Instruction cycle count set to 2
A |X |Y |SP |PC   |T/MT |NV-BDIZC |CYCLE
----------------------------------------
00|00|00|FE |0706 |1/2  |00100110 |19672
00|00|00|FE |0706 |2/2  |00100110 |19673


---------------
Opcode: C9
ll: 02
Instruction:CMP Addressing Mode:Immediate - Operand (Value: "0x02", Address: "None")
Instruction cycle count set to 2
A |X |Y |SP |PC   |T/MT |NV-BDIZC |CYCLE
----------------------------------------
00|00|00|FE |0708 |1/2  |10100100 |19674
00|00|00|FE |0708 |2/2  |10100100 |19675


---------------
Opcode: D0
ll: F8
Old PC: 070A Offset:-8 New PC: 0702
Instruction:BNE Addressing Mode:Relative - Operand (Value: "None", Address: "0x0702")
Instruction cycle count set to 2
A |X |Y |SP |PC   |T/MT |NV-BDIZC |CYCLE
----------------------------------------
00|00|00|FE |0702 |1/3  |10100100 |19676
00|00|00|FE |0702 |2/3  |10100100 |19677
00|00|00|FE |0702 |3/3  |10100100 |19678


---------------
Opcode: 8D
ll: 00 hh: A0
Instruction:STA Addressing Mode:Absolute - Operand (Value: "0x00", Address: "0xA000")
Writing value 0x00 to address: 0xA000
0xA000: 0x00
Instruction cycle count set to 4
A |X |Y |SP |PC   |T/MT |NV-BDIZC |CYCLE
----------------------------------------
00|00|00|FE |0705 |1/4  |10100100 |19679
00|00|00|FE |0705 |2/4  |10100100 |19680
00|00|00|FE |0705 |3/4  |10100100 |19681
00|00|00|FE |0705 |4/4  |10100100 |19682


---------------
Opcode: 4A
Instruction:LSR Addressing Mode:Accumulator - Operand (Value: "0x00", Address: "None")
Instruction cycle count set to 2
A |X |Y |SP |PC   |T/MT |NV-BDIZC |CYCLE
----------------------------------------
00|00|00|FE |0706 |1/2  |00100110 |19683
00|00|00|FE |0706 |2/2  |00100110 |19684


---------------
Opcode: C9
ll: 02
Instruction:CMP Addressing Mode:Immediate - Operand (Value: "0x02", Address: "None")
Instruction cycle count set to 2
A |X |Y |SP |PC   |T/MT |NV-BDIZC |CYCLE
----------------------------------------
00|00|00|FE |0708 |1/2  |10100100 |19685
00|00|00|FE |0708 |2/2  |10100100 |19686


---------------
Opcode: D0
ll: F8
Old PC: 070A Offset:-8 New PC: 0702
Instruction:BNE Addressing Mode:Relative - Operand (Value: "None", Address: "0x0702")
Instruction cycle count set to 2
A |X |Y |SP |PC   |T/MT |NV-BDIZC |CYCLE
----------------------------------------
00|00|00|FE |0702 |1/3  |10100100 |19687
00|00|00|FE |0702 |2/3  |10100100 |19688
00|00|00|FE |0702 |3/3  |10100100 |19689


---------------
Opcode: 8D
ll: 00 hh: A0
Instruction:STA Addressing Mode:Absolute - Operand (Value: "0x00", Address: "0xA000")
Writing value 0x00 to address: 0xA000
0xA000: 0x00
Instruction cycle count set to 4
A |X |Y |SP |PC   |T/MT |NV-BDIZC |CYCLE
----------------------------------------
00|00|00|FE |0705 |1/4  |10100100 |19690
00|00|00|FE |0705 |2/4  |10100100 |19691
00|00|00|FE |0705 |3/4  |10100100 |19692
00|00|00|FE |0705 |4/4  |10100100 |19693


---------------
Opcode: 4A
Instruction:LSR Addressing Mode:Accumulator - Operand (Value: "0x00", Address: "None")
Instruction cycle count set to 2
A |X |Y |SP |PC   |T/MT |NV-BDIZC |CYCLE
----------------------------------------
00|00|00|FE |0706 |1/2  |00100110 |19694
00|00|00|FE |0706 |2/2  |00100110 |19695


---------------
Opcode: C9
ll: 02
Instruction:CMP Addressing Mode:Immediate - Operand (Value: "0x02", Address: "None")
Instruction cycle count set to 2
A |X |Y |SP |PC   |T/MT |NV-BDIZC |CYCLE
----------------------------------------
00|00|00|FE |0708 |1/2  |10100100 |19696
00|00|00|FE |0708 |2/2  |10100100 |19697


---------------
Opcode: D0
ll: F8
Old PC: 070A Offset:-8 New PC: 0702
Instruction:BNE Addressing Mode:Relative - Operand (Value: "None", Address: "0x0702")
Instruction cycle count set to 2
A |X |Y |SP |PC   |T/MT |NV-BDIZC |CYCLE
----------------------------------------
00|00|00|FE |0702 |1/3  |10100100 |19698
00|00|00|FE |0702 |2/3  |10100100 |19699
00|00|00|FE |0702 |3/3  |10100100 |19700


---------------
Opcode: 8D
ll: 00 hh: A0
Instruction:STA Addressing Mode:Absolute - Operand (Value: "0x00", Address: "0xA000")
Writing value 0x00 to address: 0xA000
0xA000: 0x00
Instruction cycle count set to 4
A |X |Y |SP |PC   |T/MT |NV-BDIZC |CYCLE
----------------------------------------
00|00|00|FE |0705 |1/4  |10100100 |19701
00|00|00|FE |0705 |2/4  |10100100 |19702
00|00|00|FE |0705 |3/4  |10100100 |19703
00|00|00|FE |0705 |4/4  |10100100 |19704


---------------
Opcode: 4A
Instruction:LSR Addressing Mode:Accumulator - Operand (Value: "0x00", Address: "None")
Instruction cycle count set to 2
A |X |Y |SP |PC   |T/MT |NV-BDIZC |CYCLE
----------------------------------------
00|00|00|FE |0706 |1/2  |00100110 |19705
00|00|00|FE |0706 |2/2  |00100110 |19706


---------------
Opcode: C9
ll: 02
Instruction:CMP Addressing Mode:Immediate - Operand (Value: "0x02", Address: "None")
Instruction cycle count set to 2
A |X |Y |SP |PC   |T/MT |NV-BDIZC |CYCLE
----------------------------------------
00|00|00|FE |0708 |1/2  |10100100 |19707
00|00|00|FE |0708 |2/2  |10100100 |19708


---------------
Opcode: D0
ll: F8
Old PC: 070A Offset:-8 New PC: 0702
Instruction:BNE Addressing Mode:Relative - Operand (Value: "None", Address: "0x0702")
Instruction cycle count set to 2
A |X |Y |SP |PC   |T/MT |NV-BDIZC |CYCLE
----------------------------------------
00|00|00|FE |0702 |1/3  |10100100 |19709
00|00|00|FE |0702 |2/3  |10100100 |19710
00|00|00|FE |0702 |3/3  |10100100 |19711


---------------
Opcode: 8D
ll: 00 hh: A0
Instruction:STA Addressing Mode:Absolute - Operand (Value: "0x00", Address: "0xA000")
Writing value 0x00 to address: 0xA000
0xA000: 0x00
Instruction cycle count set to 4
A |X |Y |SP |PC   |T/MT |NV-BDIZC |CYCLE
----------------------------------------
00|00|00|FE |0705 |1/4  |10100100 |19712
00|00|00|FE |0705 |2/4  |10100100 |19713
00|00|00|FE |0705 |3/4  |10100100 |19714
00|00|00|FE |0705 |4/4  |10100100 |19715


---------------
Opcode: 4A
Instruction:LSR Addressing Mode:Accumulator - Operand (Value: "0x00", Address: "None")
Instruction cycle count set to 2
A |X |Y |SP |PC   |T/MT |NV-BDIZC |CYCLE
----------------------------------------
00|00|00|FE |0706 |1/2  |00100110 |19716
00|00|00|FE |0706 |2/2  |00100110 |19717


---------------
Opcode: C9
ll: 02
Instruction:CMP Addressing Mode:Immediate - Operand (Value: "0x02", Address: "None")
Instruction cycle count set to 2
A |X |Y |SP |PC   |T/MT |NV-BDIZC |CYCLE
----------------------------------------
00|00|00|FE |0708 |1/2  |10100100 |19718
00|00|00|FE |0708 |2/2  |10100100 |19719


---------------
Opcode: D0
ll: F8
Old PC: 070A Offset:-8 New PC: 0702
Instruction:BNE Addressing Mode:Relative - Operand (Value: "None", Address: "0x0702")
Instruction cycle count set to 2
A |X |Y |SP |PC   |T/MT |NV-BDIZC |CYCLE
----------------------------------------
00|00|00|FE |0702 |1/3  |10100100 |19720
00|00|00|FE |0702 |2/3  |10100100 |19721
00|00|00|FE |0702 |3/3  |10100100 |19722


---------------
Opcode: 8D
ll: 00 hh: A0
Instruction:STA Addressing Mode:Absolute - Operand (Value: "0x00", Address: "0xA000")
Writing value 0x00 to address: 0xA000
0xA000: 0x00
Instruction cycle count set to 4
A |X |Y |SP |PC   |T/MT |NV-BDIZC |CYCLE
----------------------------------------
00|00|00|FE |0705 |1/4  |10100100 |19723
00|00|00|FE |0705 |2/4  |10100100 |19724
00|00|00|FE |0705 |3/4  |10100100 |19725
00|00|00|FE |0705 |4/4  |10100100 |19726


---------------
Opcode: 4A
Instruction:LSR Addressing Mode:Accumulator - Operand (Value: "0x00", Address: "None")
Instruction cycle count set to 2
A |X |Y |SP |PC   |T/MT |NV-BDIZC |CYCLE
----------------------------------------
00|00|00|FE |0706 |1/2  |00100110 |19727
00|00|00|FE |0706 |2/2  |00100110 |19728


---------------
Opcode: C9
ll: 02
Instruction:CMP Addressing Mode:Immediate - Operand (Value: "0x02", Address: "None")
Instruction cycle count set to 2
A |X |Y |SP |PC   |T/MT |NV-BDIZC |CYCLE
----------------------------------------
00|00|00|FE |0708 |1/2  |10100100 |19729
00|00|00|FE |0708 |2/2  |10100100 |19730


---------------
Opcode: D0
ll: F8
Old PC: 070A Offset:-8 New PC: 0702
Instruction:BNE Addressing Mode:Relative - Operand (Value: "None", Address: "0x0702")
Instruction cycle count set to 2
A |X |Y |SP |PC   |T/MT |NV-BDIZC |CYCLE
----------------------------------------
00|00|00|FE |0702 |1/3  |10100100 |19731
00|00|00|FE |0702 |2/3  |10100100 |19732
00|00|00|FE |0702 |3/3  |10100100 |19733


---------------
Opcode: 8D
ll: 00 hh: A0
Instruction:STA Addressing Mode:Absolute - Operand (Value: "0x00", Address: "0xA000")
Writing value 0x00 to address: 0xA000
0xA000: 0x00
Instruction cycle count set to 4
A |X |Y |SP |PC   |T/MT |NV-BDIZC |CYCLE
----------------------------------------
00|00|00|FE |0705 |1/4  |10100100 |19734
00|00|00|FE |0705 |2/4  |10100100 |19735
00|00|00|FE |0705 |3/4  |10100100 |19736
00|00|00|FE |0705 |4/4  |10100100 |19737


---------------
Opcode: 4A
Instruction:LSR Addressing Mode:Accumulator - Operand (Value: "0x00", Address: "None")
Instruction cycle count set to 2
A |X |Y |SP |PC   |T/MT |NV-BDIZC |CYCLE
----------------------------------------
00|00|00|FE |0706 |1/2  |00100110 |19738
00|00|00|FE |0706 |2/2  |00100110 |19739


---------------
Opcode: C9
ll: 02
Instruction:CMP Addressing Mode:Immediate - Operand (Value: "0x02", Address: "None")
Instruction cycle count set to 2
A |X |Y |SP |PC   |T/MT |NV-BDIZC |CYCLE
----------------------------------------
00|00|00|FE |0708 |1/2  |10100100 |19740
00|00|00|FE |0708 |2/2  |10100100 |19741


---------------
Opcode: D0
ll: F8
Old PC: 070A Offset:-8 New PC: 0702
Instruction:BNE Addressing Mode:Relative - Operand (Value: "None", Address: "0x0702")
Instruction cycle count set to 2
A |X |Y |SP |PC   |T/MT |NV-BDIZC |CYCLE
----------------------------------------
00|00|00|FE |0702 |1/3  |10100100 |19742
00|00|00|FE |0702 |2/3  |10100100 |19743
00|00|00|FE |0702 |3/3  |10100100 |19744


---------------
Opcode: 8D
ll: 00 hh: A0
Instruction:STA Addressing Mode:Absolute - Operand (Value: "0x00", Address: "0xA000")
Writing value 0x00 to address: 0xA000
0xA000: 0x00
Instruction cycle count set to 4
A |X |Y |SP |PC   |T/MT |NV-BDIZC |CYCLE
----------------------------------------
00|00|00|FE |0705 |1/4  |10100100 |19745
00|00|00|FE |0705 |2/4  |10100100 |19746
00|00|00|FE |0705 |3/4  |10100100 |19747
00|00|00|FE |0705 |4/4  |10100100 |19748


---------------
Opcode: 4A
Instruction:LSR Addressing Mode:Accumulator - Operand (Value: "0x00", Address: "None")
Instruction cycle count set to 2
A |X |Y |SP |PC   |T/MT |NV-BDIZC |CYCLE
----------------------------------------
00|00|00|FE |0706 |1/2  |00100110 |19749
00|00|00|FE |0706 |2/2  |00100110 |19750


---------------
Opcode: C9
ll: 02
Instruction:CMP Addressing Mode:Immediate - Operand (Value: "0x02", Address: "None")
Instruction cycle count set to 2
A |X |Y |SP |PC   |T/MT |NV-BDIZC |CYCLE
----------------------------------------
00|00|00|FE |0708 |1/2  |10100100 |19751
00|00|00|FE |0708 |2/2  |10100100 |19752


---------------
Opcode: D0
ll: F8
Old PC: 070A Offset:-8 New PC: 0702
Instruction:BNE Addressing Mode:Relative - Operand (Value: "None", Address: "0x0702")
Instruction cycle count set to 2
A |X |Y |SP |PC   |T/MT |NV-BDIZC |CYCLE
----------------------------------------
00|00|00|FE |0702 |1/3  |10100100 |19753
00|00|00|FE |0702 |2/3  |10100100 |19754
00|00|00|FE |0702 |3/3  |10100100 |19755


---------------
Opcode: 8D
ll: 00 hh: A0
Instruction:STA Addressing Mode:Absolute - Operand (Value: "0x00", Address: "0xA000")
Writing value 0x00 to address: 0xA000
0xA000: 0x00
Instruction cycle count set to 4
A |X |Y |SP |PC   |T/MT |NV-BDIZC |CYCLE
----------------------------------------
00|00|00|FE |0705 |1/4  |10100100 |19756
00|00|00|FE |0705 |2/4  |10100100 |19757
00|00|00|FE |0705 |3/4  |10100100 |19758
00|00|00|FE |0705 |4/4  |10100100 |19759


---------------
Opcode: 4A
Instruction:LSR Addressing Mode:Accumulator - Operand (Value: "0x00", Address: "None")
Instruction cycle count set to 2
A |X |Y |SP |PC   |T/MT |NV-BDIZC |CYCLE
----------------------------------------
00|00|00|FE |0706 |1/2  |00100110 |19760
00|00|00|FE |0706 |2/2  |00100110 |19761


---------------
Opcode: C9
ll: 02
Instruction:CMP Addressing Mode:Immediate - Operand (Value: "0x02", Address: "None")
Instruction cycle count set to 2
A |X |Y |SP |PC   |T/MT |NV-BDIZC |CYCLE
----------------------------------------
00|00|00|FE |0708 |1/2  |10100100 |19762
00|00|00|FE |0708 |2/2  |10100100 |19763


---------------
Opcode: D0
ll: F8
Old PC: 070A Offset:-8 New PC: 0702
Instruction:BNE Addressing Mode:Relative - Operand (Value: "None", Address: "0x0702")
Instruction cycle count set to 2
A |X |Y |SP |PC   |T/MT |NV-BDIZC |CYCLE
----------------------------------------
00|00|00|FE |0702 |1/3  |10100100 |19764
00|00|00|FE |0702 |2/3  |10100100 |19765
00|00|00|FE |0702 |3/3  |10100100 |19766


---------------
Opcode: 8D
ll: 00 hh: A0
Instruction:STA Addressing Mode:Absolute - Operand (Value: "0x00", Address: "0xA000")
Writing value 0x00 to address: 0xA000
0xA000: 0x00
Instruction cycle count set to 4
A |X |Y |SP |PC   |T/MT |NV-BDIZC |CYCLE
----------------------------------------
00|00|00|FE |0705 |1/4  |10100100 |19767
00|00|00|FE |0705 |2/4  |10100100 |19768
00|00|00|FE |0705 |3/4  |10100100 |19769
00|00|00|FE |0705 |4/4  |10100100 |19770


---------------
Opcode: 4A
Instruction:LSR Addressing Mode:Accumulator - Operand (Value: "0x00", Address: "None")
Instruction cycle count set to 2
A |X |Y |SP |PC   |T/MT |NV-BDIZC |CYCLE
----------------------------------------
00|00|00|FE |0706 |1/2  |00100110 |19771
00|00|00|FE |0706 |2/2  |00100110 |19772


---------------
Opcode: C9
ll: 02
Instruction:CMP Addressing Mode:Immediate - Operand (Value: "0x02", Address: "None")
Instruction cycle count set to 2
A |X |Y |SP |PC   |T/MT |NV-BDIZC |CYCLE
----------------------------------------
00|00|00|FE |0708 |1/2  |10100100 |19773
00|00|00|FE |0708 |2/2  |10100100 |19774


---------------
Opcode: D0
ll: F8
Old PC: 070A Offset:-8 New PC: 0702
Instruction:BNE Addressing Mode:Relative - Operand (Value: "None", Address: "0x0702")
Instruction cycle count set to 2
A |X |Y |SP |PC   |T/MT |NV-BDIZC |CYCLE
----------------------------------------
00|00|00|FE |0702 |1/3  |10100100 |19775
00|00|00|FE |0702 |2/3  |10100100 |19776
00|00|00|FE |0702 |3/3  |10100100 |19777


---------------
Opcode: 8D
ll: 00 hh: A0
Instruction:STA Addressing Mode:Absolute - Operand (Value: "0x00", Address: "0xA000")
Writing value 0x00 to address: 0xA000
0xA000: 0x00
Instruction cycle count set to 4
A |X |Y |SP |PC   |T/MT |NV-BDIZC |CYCLE
----------------------------------------
00|00|00|FE |0705 |1/4  |10100100 |19778
00|00|00|FE |0705 |2/4  |10100100 |19779
00|00|00|FE |0705 |3/4  |10100100 |19780
00|00|00|FE |0705 |4/4  |10100100 |19781


---------------
Opcode: 4A
Instruction:LSR Addressing Mode:Accumulator - Operand (Value: "0x00", Address: "None")
Instruction cycle count set to 2
A |X |Y |SP |PC   |T/MT |NV-BDIZC |CYCLE
----------------------------------------
00|00|00|FE |0706 |1/2  |00100110 |19782
00|00|00|FE |0706 |2/2  |00100110 |19783


---------------
Opcode: C9
ll: 02
Instruction:CMP Addressing Mode:Immediate - Operand (Value: "0x02", Address: "None")
Instruction cycle count set to 2
A |X |Y |SP |PC   |T/MT |NV-BDIZC |CYCLE
----------------------------------------
00|00|00|FE |0708 |1/2  |10100100 |19784
00|00|00|FE |0708 |2/2  |10100100 |19785


---------------
Opcode: D0
ll: F8
Old PC: 070A Offset:-8 New PC: 0702
Instruction:BNE Addressing Mode:Relative - Operand (Value: "None", Address: "0x0702")
Instruction cycle count set to 2
A |X |Y |SP |PC   |T/MT |NV-BDIZC |CYCLE
----------------------------------------
00|00|00|FE |0702 |1/3  |10100100 |19786
00|00|00|FE |0702 |2/3  |10100100 |19787
00|00|00|FE |0702 |3/3  |10100100 |19788


---------------
Opcode: 8D
ll: 00 hh: A0
Instruction:STA Addressing Mode:Absolute - Operand (Value: "0x00", Address: "0xA000")
Writing value 0x00 to address: 0xA000
0xA000: 0x00
Instruction cycle count set to 4
A |X |Y |SP |PC   |T/MT |NV-BDIZC |CYCLE
----------------------------------------
00|00|00|FE |0705 |1/4  |10100100 |19789
00|00|00|FE |0705 |2/4  |10100100 |19790
00|00|00|FE |0705 |3/4  |10100100 |19791
00|00|00|FE |0705 |4/4  |10100100 |19792


---------------
Opcode: 4A
Instruction:LSR Addressing Mode:Accumulator - Operand (Value: "0x00", Address: "None")
Instruction cycle count set to 2
A |X |Y |SP |PC   |T/MT |NV-BDIZC |CYCLE
----------------------------------------
00|00|00|FE |0706 |1/2  |00100110 |19793
00|00|00|FE |0706 |2/2  |00100110 |19794


---------------
Opcode: C9
ll: 02
Instruction:CMP Addressing Mode:Immediate - Operand (Value: "0x02", Address: "None")
Instruction cycle count set to 2
A |X |Y |SP |PC   |T/MT |NV-BDIZC |CYCLE
----------------------------------------
00|00|00|FE |0708 |1/2  |10100100 |19795
00|00|00|FE |0708 |2/2  |10100100 |19796


---------------
Opcode: D0
ll: F8
Old PC: 070A Offset:-8 New PC: 0702
Instruction:BNE Addressing Mode:Relative - Operand (Value: "None", Address: "0x0702")
Instruction cycle count set to 2
A |X |Y |SP |PC   |T/MT |NV-BDIZC |CYCLE
----------------------------------------
00|00|00|FE |0702 |1/3  |10100100 |19797
00|00|00|FE |0702 |2/3  |10100100 |19798
00|00|00|FE |0702 |3/3  |10100100 |19799


---------------
Opcode: 8D
ll: 00 hh: A0
Instruction:STA Addressing Mode:Absolute - Operand (Value: "0x00", Address: "0xA000")
Writing value 0x00 to address: 0xA000
0xA000: 0x00
Instruction cycle count set to 4
A |X |Y |SP |PC   |T/MT |NV-BDIZC |CYCLE
----------------------------------------
00|00|00|FE |0705 |1/4  |10100100 |19800
00|00|00|FE |0705 |2/4  |10100100 |19801
00|00|00|FE |0705 |3/4  |10100100 |19802
00|00|00|FE |0705 |4/4  |10100100 |19803


---------------
Opcode: 4A
Instruction:LSR Addressing Mode:Accumulator - Operand (Value: "0x00", Address: "None")
Instruction cycle count set to 2
A |X |Y |SP |PC   |T/MT |NV-BDIZC |CYCLE
----------------------------------------
00|00|00|FE |0706 |1/2  |00100110 |19804
00|00|00|FE |0706 |2/2  |00100110 |19805


---------------
Opcode: C9
ll: 02
Instruction:CMP Addressing Mode:Immediate - Operand (Value: "0x02", Address: "None")
Instruction cycle count set to 2
A |X |Y |SP |PC   |T/MT |NV-BDIZC |CYCLE
----------------------------------------
00|00|00|FE |0708 |1/2  |10100100 |19806
00|00|00|FE |0708 |2/2  |10100100 |19807


---------------
Opcode: D0
ll: F8
Old PC: 070A Offset:-8 New PC: 0702
Instruction:BNE Addressing Mode:Relative - Operand (Value: "None", Address: "0x0702")
Instruction cycle count set to 2
A |X |Y |SP |PC   |T/MT |NV-BDIZC |CYCLE
----------------------------------------
00|00|00|FE |0702 |1/3  |10100100 |19808
00|00|00|FE |0702 |2/3  |10100100 |19809
00|00|00|FE |0702 |3/3  |10100100 |19810


---------------
Opcode: 8D
ll: 00 hh: A0
Instruction:STA Addressing Mode:Absolute - Operand (Value: "0x00", Address: "0xA000")
Writing value 0x00 to address: 0xA000
0xA000: 0x00
Instruction cycle count set to 4
A |X |Y |SP |PC   |T/MT |NV-BDIZC |CYCLE
----------------------------------------
00|00|00|FE |0705 |1/4  |10100100 |19811
00|00|00|FE |0705 |2/4  |10100100 |19812
00|00|00|FE |0705 |3/4  |10100100 |19813
00|00|00|FE |0705 |4/4  |10100100 |19814


---------------
Opcode: 4A
Instruction:LSR Addressing Mode:Accumulator - Operand (Value: "0x00", Address: "None")
Instruction cycle count set to 2
A |X |Y |SP |PC   |T/MT |NV-BDIZC |CYCLE
----------------------------------------
00|00|00|FE |0706 |1/2  |00100110 |19815
00|00|00|FE |0706 |2/2  |00100110 |19816


---------------
Opcode: C9
ll: 02
Instruction:CMP Addressing Mode:Immediate - Operand (Value: "0x02", Address: "None")
Instruction cycle count set to 2
A |X |Y |SP |PC   |T/MT |NV-BDIZC |CYCLE
----------------------------------------
00|00|00|FE |0708 |1/2  |10100100 |19817
00|00|00|FE |0708 |2/2  |10100100 |19818


---------------
Opcode: D0
ll: F8
Old PC: 070A Offset:-8 New PC: 0702
Instruction:BNE Addressing Mode:Relative - Operand (Value: "None", Address: "0x0702")
Instruction cycle count set to 2
A |X |Y |SP |PC   |T/MT |NV-BDIZC |CYCLE
----------------------------------------
00|00|00|FE |0702 |1/3  |10100100 |19819
00|00|00|FE |0702 |2/3  |10100100 |19820
00|00|00|FE |0702 |3/3  |10100100 |19821


---------------
Opcode: 8D
ll: 00 hh: A0
Instruction:STA Addressing Mode:Absolute - Operand (Value: "0x00", Address: "0xA000")
Writing value 0x00 to address: 0xA000
0xA000: 0x00
Instruction cycle count set to 4
A |X |Y |SP |PC   |T/MT |NV-BDIZC |CYCLE
----------------------------------------
00|00|00|FE |0705 |1/4  |10100100 |19822
00|00|00|FE |0705 |2/4  |10100100 |19823
00|00|00|FE |0705 |3/4  |10100100 |19824
00|00|00|FE |0705 |4/4  |10100100 |19825


---------------
Opcode: 4A
Instruction:LSR Addressing Mode:Accumulator - Operand (Value: "0x00", Address: "None")
Instruction cycle count set to 2
A |X |Y |SP |PC   |T/MT |NV-BDIZC |CYCLE
----------------------------------------
00|00|00|FE |0706 |1/2  |00100110 |19826
00|00|00|FE |0706 |2/2  |00100110 |19827


---------------
Opcode: C9
ll: 02
Instruction:CMP Addressing Mode:Immediate - Operand (Value: "0x02", Address: "None")
Instruction cycle count set to 2
A |X |Y |SP |PC   |T/MT |NV-BDIZC |CYCLE
----------------------------------------
00|00|00|FE |0708 |1/2  |10100100 |19828
00|00|00|FE |0708 |2/2  |10100100 |19829


---------------
Opcode: D0
ll: F8
Old PC: 070A Offset:-8 New PC: 0702
Instruction:BNE Addressing Mode:Relative - Operand (Value: "None", Address: "0x0702")
Instruction cycle count set to 2
A |X |Y |SP |PC   |T/MT |NV-BDIZC |CYCLE
----------------------------------------
00|00|00|FE |0702 |1/3  |10100100 |19830
00|00|00|FE |0702 |2/3  |10100100 |19831
00|00|00|FE |0702 |3/3  |10100100 |19832


---------------
Opcode: 8D
ll: 00 hh: A0
Instruction:STA Addressing Mode:Absolute - Operand (Value: "0x00", Address: "0xA000")
Writing value 0x00 to address: 0xA000
0xA000: 0x00
Instruction cycle count set to 4
A |X |Y |SP |PC   |T/MT |NV-BDIZC |CYCLE
----------------------------------------
00|00|00|FE |0705 |1/4  |10100100 |19833
00|00|00|FE |0705 |2/4  |10100100 |19834
00|00|00|FE |0705 |3/4  |10100100 |19835
00|00|00|FE |0705 |4/4  |10100100 |19836


---------------
Opcode: 4A
Instruction:LSR Addressing Mode:Accumulator - Operand (Value: "0x00", Address: "None")
Instruction cycle count set to 2
A |X |Y |SP |PC   |T/MT |NV-BDIZC |CYCLE
----------------------------------------
00|00|00|FE |0706 |1/2  |00100110 |19837
00|00|00|FE |0706 |2/2  |00100110 |19838


---------------
Opcode: C9
ll: 02
Instruction:CMP Addressing Mode:Immediate - Operand (Value: "0x02", Address: "None")
Instruction cycle count set to 2
A |X |Y |SP |PC   |T/MT |NV-BDIZC |CYCLE
----------------------------------------
00|00|00|FE |0708 |1/2  |10100100 |19839
00|00|00|FE |0708 |2/2  |10100100 |19840


---------------
Opcode: D0
ll: F8
Old PC: 070A Offset:-8 New PC: 0702
Instruction:BNE Addressing Mode:Relative - Operand (Value: "None", Address: "0x0702")
Instruction cycle count set to 2
A |X |Y |SP |PC   |T/MT |NV-BDIZC |CYCLE
----------------------------------------
00|00|00|FE |0702 |1/3  |10100100 |19841
00|00|00|FE |0702 |2/3  |10100100 |19842
00|00|00|FE |0702 |3/3  |10100100 |19843


---------------
Opcode: 8D
ll: 00 hh: A0
Instruction:STA Addressing Mode:Absolute - Operand (Value: "0x00", Address: "0xA000")
Writing value 0x00 to address: 0xA000
0xA000: 0x00
Instruction cycle count set to 4
A |X |Y |SP |PC   |T/MT |NV-BDIZC |CYCLE
----------------------------------------
00|00|00|FE |0705 |1/4  |10100100 |19844
00|00|00|FE |0705 |2/4  |10100100 |19845
00|00|00|FE |0705 |3/4  |10100100 |19846
00|00|00|FE |0705 |4/4  |10100100 |19847


---------------
Opcode: 4A
Instruction:LSR Addressing Mode:Accumulator - Operand (Value: "0x00", Address: "None")
Instruction cycle count set to 2
A |X |Y |SP |PC   |T/MT |NV-BDIZC |CYCLE
----------------------------------------
00|00|00|FE |0706 |1/2  |00100110 |19848
00|00|00|FE |0706 |2/2  |00100110 |19849


---------------
Opcode: C9
ll: 02
Instruction:CMP Addressing Mode:Immediate - Operand (Value: "0x02", Address: "None")
Instruction cycle count set to 2
A |X |Y |SP |PC   |T/MT |NV-BDIZC |CYCLE
----------------------------------------
00|00|00|FE |0708 |1/2  |10100100 |19850
00|00|00|FE |0708 |2/2  |10100100 |19851


---------------
Opcode: D0
ll: F8
Old PC: 070A Offset:-8 New PC: 0702
Instruction:BNE Addressing Mode:Relative - Operand (Value: "None", Address: "0x0702")
Instruction cycle count set to 2
A |X |Y |SP |PC   |T/MT |NV-BDIZC |CYCLE
----------------------------------------
00|00|00|FE |0702 |1/3  |10100100 |19852
00|00|00|FE |0702 |2/3  |10100100 |19853
00|00|00|FE |0702 |3/3  |10100100 |19854


---------------
Opcode: 8D
ll: 00 hh: A0
Instruction:STA Addressing Mode:Absolute - Operand (Value: "0x00", Address: "0xA000")
Writing value 0x00 to address: 0xA000
0xA000: 0x00
Instruction cycle count set to 4
A |X |Y |SP |PC   |T/MT |NV-BDIZC |CYCLE
----------------------------------------
00|00|00|FE |0705 |1/4  |10100100 |19855
00|00|00|FE |0705 |2/4  |10100100 |19856
00|00|00|FE |0705 |3/4  |10100100 |19857
00|00|00|FE |0705 |4/4  |10100100 |19858


---------------
Opcode: 4A
Instruction:LSR Addressing Mode:Accumulator - Operand (Value: "0x00", Address: "None")
Instruction cycle count set to 2
A |X |Y |SP |PC   |T/MT |NV-BDIZC |CYCLE
----------------------------------------
00|00|00|FE |0706 |1/2  |00100110 |19859
00|00|00|FE |0706 |2/2  |00100110 |19860


---------------
Opcode: C9
ll: 02
Instruction:CMP Addressing Mode:Immediate - Operand (Value: "0x02", Address: "None")
Instruction cycle count set to 2
A |X |Y |SP |PC   |T/MT |NV-BDIZC |CYCLE
----------------------------------------
00|00|00|FE |0708 |1/2  |10100100 |19861
00|00|00|FE |0708 |2/2  |10100100 |19862


---------------
Opcode: D0
ll: F8
Old PC: 070A Offset:-8 New PC: 0702
Instruction:BNE Addressing Mode:Relative - Operand (Value: "None", Address: "0x0702")
Instruction cycle count set to 2
A |X |Y |SP |PC   |T/MT |NV-BDIZC |CYCLE
----------------------------------------
00|00|00|FE |0702 |1/3  |10100100 |19863
00|00|00|FE |0702 |2/3  |10100100 |19864
00|00|00|FE |0702 |3/3  |10100100 |19865


---------------
Opcode: 8D
ll: 00 hh: A0
Instruction:STA Addressing Mode:Absolute - Operand (Value: "0x00", Address: "0xA000")
Writing value 0x00 to address: 0xA000
0xA000: 0x00
Instruction cycle count set to 4
A |X |Y |SP |PC   |T/MT |NV-BDIZC |CYCLE
----------------------------------------
00|00|00|FE |0705 |1/4  |10100100 |19866
00|00|00|FE |0705 |2/4  |10100100 |19867
00|00|00|FE |0705 |3/4  |10100100 |19868
00|00|00|FE |0705 |4/4  |10100100 |19869


---------------
Opcode: 4A
Instruction:LSR Addressing Mode:Accumulator - Operand (Value: "0x00", Address: "None")
Instruction cycle count set to 2
A |X |Y |SP |PC   |T/MT |NV-BDIZC |CYCLE
----------------------------------------
00|00|00|FE |0706 |1/2  |00100110 |19870
00|00|00|FE |0706 |2/2  |00100110 |19871


---------------
Opcode: C9
ll: 02
Instruction:CMP Addressing Mode:Immediate - Operand (Value: "0x02", Address: "None")
Instruction cycle count set to 2
A |X |Y |SP |PC   |T/MT |NV-BDIZC |CYCLE
----------------------------------------
00|00|00|FE |0708 |1/2  |10100100 |19872
00|00|00|FE |0708 |2/2  |10100100 |19873


---------------
Opcode: D0
ll: F8
Old PC: 070A Offset:-8 New PC: 0702
Instruction:BNE Addressing Mode:Relative - Operand (Value: "None", Address: "0x0702")
Instruction cycle count set to 2
A |X |Y |SP |PC   |T/MT |NV-BDIZC |CYCLE
----------------------------------------
00|00|00|FE |0702 |1/3  |10100100 |19874
00|00|00|FE |0702 |2/3  |10100100 |19875
00|00|00|FE |0702 |3/3  |10100100 |19876


---------------
Opcode: 8D
ll: 00 hh: A0
Instruction:STA Addressing Mode:Absolute - Operand (Value: "0x00", Address: "0xA000")
Writing value 0x00 to address: 0xA000
0xA000: 0x00
Instruction cycle count set to 4
A |X |Y |SP |PC   |T/MT |NV-BDIZC |CYCLE
----------------------------------------
00|00|00|FE |0705 |1/4  |10100100 |19877
00|00|00|FE |0705 |2/4  |10100100 |19878
00|00|00|FE |0705 |3/4  |10100100 |19879
00|00|00|FE |0705 |4/4  |10100100 |19880


---------------
Opcode: 4A
Instruction:LSR Addressing Mode:Accumulator - Operand (Value: "0x00", Address: "None")
Instruction cycle count set to 2
A |X |Y |SP |PC   |T/MT |NV-BDIZC |CYCLE
----------------------------------------
00|00|00|FE |0706 |1/2  |00100110 |19881
00|00|00|FE |0706 |2/2  |00100110 |19882


---------------
Opcode: C9
ll: 02
Instruction:CMP Addressing Mode:Immediate - Operand (Value: "0x02", Address: "None")
Instruction cycle count set to 2
A |X |Y |SP |PC   |T/MT |NV-BDIZC |CYCLE
----------------------------------------
00|00|00|FE |0708 |1/2  |10100100 |19883
00|00|00|FE |0708 |2/2  |10100100 |19884


---------------
Opcode: D0
ll: F8
Old PC: 070A Offset:-8 New PC: 0702
Instruction:BNE Addressing Mode:Relative - Operand (Value: "None", Address: "0x0702")
Instruction cycle count set to 2
A |X |Y |SP |PC   |T/MT |NV-BDIZC |CYCLE
----------------------------------------
00|00|00|FE |0702 |1/3  |10100100 |19885
00|00|00|FE |0702 |2/3  |10100100 |19886
00|00|00|FE |0702 |3/3  |10100100 |19887


---------------
Opcode: 8D
ll: 00 hh: A0
Instruction:STA Addressing Mode:Absolute - Operand (Value: "0x00", Address: "0xA000")
Writing value 0x00 to address: 0xA000
0xA000: 0x00
Instruction cycle count set to 4
A |X |Y |SP |PC   |T/MT |NV-BDIZC |CYCLE
----------------------------------------
00|00|00|FE |0705 |1/4  |10100100 |19888
00|00|00|FE |0705 |2/4  |10100100 |19889
00|00|00|FE |0705 |3/4  |10100100 |19890
00|00|00|FE |0705 |4/4  |10100100 |19891


---------------
Opcode: 4A
Instruction:LSR Addressing Mode:Accumulator - Operand (Value: "0x00", Address: "None")
Instruction cycle count set to 2
A |X |Y |SP |PC   |T/MT |NV-BDIZC |CYCLE
----------------------------------------
00|00|00|FE |0706 |1/2  |00100110 |19892
00|00|00|FE |0706 |2/2  |00100110 |19893


---------------
Opcode: C9
ll: 02
Instruction:CMP Addressing Mode:Immediate - Operand (Value: "0x02", Address: "None")
Instruction cycle count set to 2
A |X |Y |SP |PC   |T/MT |NV-BDIZC |CYCLE
----------------------------------------
00|00|00|FE |0708 |1/2  |10100100 |19894
00|00|00|FE |0708 |2/2  |10100100 |19895


---------------
Opcode: D0
ll: F8
Old PC: 070A Offset:-8 New PC: 0702
Instruction:BNE Addressing Mode:Relative - Operand (Value: "None", Address: "0x0702")
Instruction cycle count set to 2
A |X |Y |SP |PC   |T/MT |NV-BDIZC |CYCLE
----------------------------------------
00|00|00|FE |0702 |1/3  |10100100 |19896
00|00|00|FE |0702 |2/3  |10100100 |19897
00|00|00|FE |0702 |3/3  |10100100 |19898


---------------
Opcode: 8D
ll: 00 hh: A0
Instruction:STA Addressing Mode:Absolute - Operand (Value: "0x00", Address: "0xA000")
Writing value 0x00 to address: 0xA000
0xA000: 0x00
Instruction cycle count set to 4
A |X |Y |SP |PC   |T/MT |NV-BDIZC |CYCLE
----------------------------------------
00|00|00|FE |0705 |1/4  |10100100 |19899
00|00|00|FE |0705 |2/4  |10100100 |19900
00|00|00|FE |0705 |3/4  |10100100 |19901
00|00|00|FE |0705 |4/4  |10100100 |19902


---------------
Opcode: 4A
Instruction:LSR Addressing Mode:Accumulator - Operand (Value: "0x00", Address: "None")
Instruction cycle count set to 2
A |X |Y |SP |PC   |T/MT |NV-BDIZC |CYCLE
----------------------------------------
00|00|00|FE |0706 |1/2  |00100110 |19903
00|00|00|FE |0706 |2/2  |00100110 |19904


---------------
Opcode: C9
ll: 02
Instruction:CMP Addressing Mode:Immediate - Operand (Value: "0x02", Address: "None")
Instruction cycle count set to 2
A |X |Y |SP |PC   |T/MT |NV-BDIZC |CYCLE
----------------------------------------
00|00|00|FE |0708 |1/2  |10100100 |19905
00|00|00|FE |0708 |2/2  |10100100 |19906


---------------
Opcode: D0
ll: F8
Old PC: 070A Offset:-8 New PC: 0702
Instruction:BNE Addressing Mode:Relative - Operand (Value: "None", Address: "0x0702")
Instruction cycle count set to 2
A |X |Y |SP |PC   |T/MT |NV-BDIZC |CYCLE
----------------------------------------
00|00|00|FE |0702 |1/3  |10100100 |19907
00|00|00|FE |0702 |2/3  |10100100 |19908
00|00|00|FE |0702 |3/3  |10100100 |19909


---------------
Opcode: 8D
ll: 00 hh: A0
Instruction:STA Addressing Mode:Absolute - Operand (Value: "0x00", Address: "0xA000")
Writing value 0x00 to address: 0xA000
0xA000: 0x00
Instruction cycle count set to 4
A |X |Y |SP |PC   |T/MT |NV-BDIZC |CYCLE
----------------------------------------
00|00|00|FE |0705 |1/4  |10100100 |19910
00|00|00|FE |0705 |2/4  |10100100 |19911
00|00|00|FE |0705 |3/4  |10100100 |19912
00|00|00|FE |0705 |4/4  |10100100 |19913


---------------
Opcode: 4A
Instruction:LSR Addressing Mode:Accumulator - Operand (Value: "0x00", Address: "None")
Instruction cycle count set to 2
A |X |Y |SP |PC   |T/MT |NV-BDIZC |CYCLE
----------------------------------------
00|00|00|FE |0706 |1/2  |00100110 |19914
00|00|00|FE |0706 |2/2  |00100110 |19915


---------------
Opcode: C9
ll: 02
Instruction:CMP Addressing Mode:Immediate - Operand (Value: "0x02", Address: "None")
Instruction cycle count set to 2
A |X |Y |SP |PC   |T/MT |NV-BDIZC |CYCLE
----------------------------------------
00|00|00|FE |0708 |1/2  |10100100 |19916
00|00|00|FE |0708 |2/2  |10100100 |19917


---------------
Opcode: D0
ll: F8
Old PC: 070A Offset:-8 New PC: 0702
Instruction:BNE Addressing Mode:Relative - Operand (Value: "None", Address: "0x0702")
Instruction cycle count set to 2
A |X |Y |SP |PC   |T/MT |NV-BDIZC |CYCLE
----------------------------------------
00|00|00|FE |0702 |1/3  |10100100 |19918
00|00|00|FE |0702 |2/3  |10100100 |19919
00|00|00|FE |0702 |3/3  |10100100 |19920


---------------
Opcode: 8D
ll: 00 hh: A0
Instruction:STA Addressing Mode:Absolute - Operand (Value: "0x00", Address: "0xA000")
Writing value 0x00 to address: 0xA000
0xA000: 0x00
Instruction cycle count set to 4
A |X |Y |SP |PC   |T/MT |NV-BDIZC |CYCLE
----------------------------------------
00|00|00|FE |0705 |1/4  |10100100 |19921
00|00|00|FE |0705 |2/4  |10100100 |19922
00|00|00|FE |0705 |3/4  |10100100 |19923
00|00|00|FE |0705 |4/4  |10100100 |19924


---------------
Opcode: 4A
Instruction:LSR Addressing Mode:Accumulator - Operand (Value: "0x00", Address: "None")
Instruction cycle count set to 2
A |X |Y |SP |PC   |T/MT |NV-BDIZC |CYCLE
----------------------------------------
00|00|00|FE |0706 |1/2  |00100110 |19925
00|00|00|FE |0706 |2/2  |00100110 |19926


---------------
Opcode: C9
ll: 02
Instruction:CMP Addressing Mode:Immediate - Operand (Value: "0x02", Address: "None")
Instruction cycle count set to 2
A |X |Y |SP |PC   |T/MT |NV-BDIZC |CYCLE
----------------------------------------
00|00|00|FE |0708 |1/2  |10100100 |19927
00|00|00|FE |0708 |2/2  |10100100 |19928


---------------
Opcode: D0
ll: F8
Old PC: 070A Offset:-8 New PC: 0702
Instruction:BNE Addressing Mode:Relative - Operand (Value: "None", Address: "0x0702")
Instruction cycle count set to 2
A |X |Y |SP |PC   |T/MT |NV-BDIZC |CYCLE
----------------------------------------
00|00|00|FE |0702 |1/3  |10100100 |19929
00|00|00|FE |0702 |2/3  |10100100 |19930
00|00|00|FE |0702 |3/3  |10100100 |19931


---------------
Opcode: 8D
ll: 00 hh: A0
Instruction:STA Addressing Mode:Absolute - Operand (Value: "0x00", Address: "0xA000")
Writing value 0x00 to address: 0xA000
0xA000: 0x00
Instruction cycle count set to 4
A |X |Y |SP |PC   |T/MT |NV-BDIZC |CYCLE
----------------------------------------
00|00|00|FE |0705 |1/4  |10100100 |19932
00|00|00|FE |0705 |2/4  |10100100 |19933
00|00|00|FE |0705 |3/4  |10100100 |19934
00|00|00|FE |0705 |4/4  |10100100 |19935


---------------
Opcode: 4A
Instruction:LSR Addressing Mode:Accumulator - Operand (Value: "0x00", Address: "None")
Instruction cycle count set to 2
A |X |Y |SP |PC   |T/MT |NV-BDIZC |CYCLE
----------------------------------------
00|00|00|FE |0706 |1/2  |00100110 |19936
00|00|00|FE |0706 |2/2  |00100110 |19937


---------------
Opcode: C9
ll: 02
Instruction:CMP Addressing Mode:Immediate - Operand (Value: "0x02", Address: "None")
Instruction cycle count set to 2
A |X |Y |SP |PC   |T/MT |NV-BDIZC |CYCLE
----------------------------------------
00|00|00|FE |0708 |1/2  |10100100 |19938
00|00|00|FE |0708 |2/2  |10100100 |19939


---------------
Opcode: D0
ll: F8
Old PC: 070A Offset:-8 New PC: 0702
Instruction:BNE Addressing Mode:Relative - Operand (Value: "None", Address: "0x0702")
Instruction cycle count set to 2
A |X |Y |SP |PC   |T/MT |NV-BDIZC |CYCLE
----------------------------------------
00|00|00|FE |0702 |1/3  |10100100 |19940
00|00|00|FE |0702 |2/3  |10100100 |19941
00|00|00|FE |0702 |3/3  |10100100 |19942


---------------
Opcode: 8D
ll: 00 hh: A0
Instruction:STA Addressing Mode:Absolute - Operand (Value: "0x00", Address: "0xA000")
Writing value 0x00 to address: 0xA000
0xA000: 0x00
Instruction cycle count set to 4
A |X |Y |SP |PC   |T/MT |NV-BDIZC |CYCLE
----------------------------------------
00|00|00|FE |0705 |1/4  |10100100 |19943
00|00|00|FE |0705 |2/4  |10100100 |19944
00|00|00|FE |0705 |3/4  |10100100 |19945
00|00|00|FE |0705 |4/4  |10100100 |19946


---------------
Opcode: 4A
Instruction:LSR Addressing Mode:Accumulator - Operand (Value: "0x00", Address: "None")
Instruction cycle count set to 2
A |X |Y |SP |PC   |T/MT |NV-BDIZC |CYCLE
----------------------------------------
00|00|00|FE |0706 |1/2  |00100110 |19947
00|00|00|FE |0706 |2/2  |00100110 |19948


---------------
Opcode: C9
ll: 02
Instruction:CMP Addressing Mode:Immediate - Operand (Value: "0x02", Address: "None")
Instruction cycle count set to 2
A |X |Y |SP |PC   |T/MT |NV-BDIZC |CYCLE
----------------------------------------
00|00|00|FE |0708 |1/2  |10100100 |19949
00|00|00|FE |0708 |2/2  |10100100 |19950


---------------
Opcode: D0
ll: F8
Old PC: 070A Offset:-8 New PC: 0702
Instruction:BNE Addressing Mode:Relative - Operand (Value: "None", Address: "0x0702")
Instruction cycle count set to 2
A |X |Y |SP |PC   |T/MT |NV-BDIZC |CYCLE
----------------------------------------
00|00|00|FE |0702 |1/3  |10100100 |19951
00|00|00|FE |0702 |2/3  |10100100 |19952
00|00|00|FE |0702 |3/3  |10100100 |19953


---------------
Opcode: 8D
ll: 00 hh: A0
Instruction:STA Addressing Mode:Absolute - Operand (Value: "0x00", Address: "0xA000")
Writing value 0x00 to address: 0xA000
0xA000: 0x00
Instruction cycle count set to 4
A |X |Y |SP |PC   |T/MT |NV-BDIZC |CYCLE
----------------------------------------
00|00|00|FE |0705 |1/4  |10100100 |19954
00|00|00|FE |0705 |2/4  |10100100 |19955
00|00|00|FE |0705 |3/4  |10100100 |19956
00|00|00|FE |0705 |4/4  |10100100 |19957


---------------
Opcode: 4A
Instruction:LSR Addressing Mode:Accumulator - Operand (Value: "0x00", Address: "None")
Instruction cycle count set to 2
A |X |Y |SP |PC   |T/MT |NV-BDIZC |CYCLE
----------------------------------------
00|00|00|FE |0706 |1/2  |00100110 |19958
00|00|00|FE |0706 |2/2  |00100110 |19959


---------------
Opcode: C9
ll: 02
Instruction:CMP Addressing Mode:Immediate - Operand (Value: "0x02", Address: "None")
Instruction cycle count set to 2
A |X |Y |SP |PC   |T/MT |NV-BDIZC |CYCLE
----------------------------------------
00|00|00|FE |0708 |1/2  |10100100 |19960
00|00|00|FE |0708 |2/2  |10100100 |19961


---------------
Opcode: D0
ll: F8
Old PC: 070A Offset:-8 New PC: 0702
Instruction:BNE Addressing Mode:Relative - Operand (Value: "None", Address: "0x0702")
Instruction cycle count set to 2
A |X |Y |SP |PC   |T/MT |NV-BDIZC |CYCLE
----------------------------------------
00|00|00|FE |0702 |1/3  |10100100 |19962
00|00|00|FE |0702 |2/3  |10100100 |19963
00|00|00|FE |0702 |3/3  |10100100 |19964


---------------
Opcode: 8D
ll: 00 hh: A0
Instruction:STA Addressing Mode:Absolute - Operand (Value: "0x00", Address: "0xA000")
Writing value 0x00 to address: 0xA000
0xA000: 0x00
Instruction cycle count set to 4
A |X |Y |SP |PC   |T/MT |NV-BDIZC |CYCLE
----------------------------------------
00|00|00|FE |0705 |1/4  |10100100 |19965
00|00|00|FE |0705 |2/4  |10100100 |19966
00|00|00|FE |0705 |3/4  |10100100 |19967
00|00|00|FE |0705 |4/4  |10100100 |19968


---------------
Opcode: 4A
Instruction:LSR Addressing Mode:Accumulator - Operand (Value: "0x00", Address: "None")
Instruction cycle count set to 2
A |X |Y |SP |PC   |T/MT |NV-BDIZC |CYCLE
----------------------------------------
00|00|00|FE |0706 |1/2  |00100110 |19969
00|00|00|FE |0706 |2/2  |00100110 |19970


---------------
Opcode: C9
ll: 02
Instruction:CMP Addressing Mode:Immediate - Operand (Value: "0x02", Address: "None")
Instruction cycle count set to 2
A |X |Y |SP |PC   |T/MT |NV-BDIZC |CYCLE
----------------------------------------
00|00|00|FE |0708 |1/2  |10100100 |19971
00|00|00|FE |0708 |2/2  |10100100 |19972


---------------
Opcode: D0
ll: F8
Old PC: 070A Offset:-8 New PC: 0702
Instruction:BNE Addressing Mode:Relative - Operand (Value: "None", Address: "0x0702")
Instruction cycle count set to 2
A |X |Y |SP |PC   |T/MT |NV-BDIZC |CYCLE
----------------------------------------
00|00|00|FE |0702 |1/3  |10100100 |19973
00|00|00|FE |0702 |2/3  |10100100 |19974
00|00|00|FE |0702 |3/3  |10100100 |19975


---------------
Opcode: 8D
ll: 00 hh: A0
Instruction:STA Addressing Mode:Absolute - Operand (Value: "0x00", Address: "0xA000")
Writing value 0x00 to address: 0xA000
0xA000: 0x00
Instruction cycle count set to 4
A |X |Y |SP |PC   |T/MT |NV-BDIZC |CYCLE
----------------------------------------
00|00|00|FE |0705 |1/4  |10100100 |19976
00|00|00|FE |0705 |2/4  |10100100 |19977
00|00|00|FE |0705 |3/4  |10100100 |19978
00|00|00|FE |0705 |4/4  |10100100 |19979


---------------
Opcode: 4A
Instruction:LSR Addressing Mode:Accumulator - Operand (Value: "0x00", Address: "None")
Instruction cycle count set to 2
A |X |Y |SP |PC   |T/MT |NV-BDIZC |CYCLE
----------------------------------------
00|00|00|FE |0706 |1/2  |00100110 |19980
00|00|00|FE |0706 |2/2  |00100110 |19981


---------------
Opcode: C9
ll: 02
Instruction:CMP Addressing Mode:Immediate - Operand (Value: "0x02", Address: "None")
Instruction cycle count set to 2
A |X |Y |SP |PC   |T/MT |NV-BDIZC |CYCLE
----------------------------------------
00|00|00|FE |0708 |1/2  |10100100 |19982
00|00|00|FE |0708 |2/2  |10100100 |19983


---------------
Opcode: D0
ll: F8
Old PC: 070A Offset:-8 New PC: 0702
Instruction:BNE Addressing Mode:Relative - Operand (Value: "None", Address: "0x0702")
Instruction cycle count set to 2
A |X |Y |SP |PC   |T/MT |NV-BDIZC |CYCLE
----------------------------------------
00|00|00|FE |0702 |1/3  |10100100 |19984
00|00|00|FE |0702 |2/3  |10100100 |19985
00|00|00|FE |0702 |3/3  |10100100 |19986


---------------
Opcode: 8D
ll: 00 hh: A0
Instruction:STA Addressing Mode:Absolute - Operand (Value: "0x00", Address: "0xA000")
Writing value 0x00 to address: 0xA000
0xA000: 0x00
Instruction cycle count set to 4
A |X |Y |SP |PC   |T/MT |NV-BDIZC |CYCLE
----------------------------------------
00|00|00|FE |0705 |1/4  |10100100 |19987
00|00|00|FE |0705 |2/4  |10100100 |19988
00|00|00|FE |0705 |3/4  |10100100 |19989
00|00|00|FE |0705 |4/4  |10100100 |19990


---------------
Opcode: 4A
Instruction:LSR Addressing Mode:Accumulator - Operand (Value: "0x00", Address: "None")
Instruction cycle count set to 2
A |X |Y |SP |PC   |T/MT |NV-BDIZC |CYCLE
----------------------------------------
00|00|00|FE |0706 |1/2  |00100110 |19991
00|00|00|FE |0706 |2/2  |00100110 |19992


---------------
Opcode: C9
ll: 02
Instruction:CMP Addressing Mode:Immediate - Operand (Value: "0x02", Address: "None")
Instruction cycle count set to 2
A |X |Y |SP |PC   |T/MT |NV-BDIZC |CYCLE
----------------------------------------
00|00|00|FE |0708 |1/2  |10100100 |19993
00|00|00|FE |0708 |2/2  |10100100 |19994


---------------
Opcode: D0
ll: F8
Old PC: 070A Offset:-8 New PC: 0702
Instruction:BNE Addressing Mode:Relative - Operand (Value: "None", Address: "0x0702")
Instruction cycle count set to 2
A |X |Y |SP |PC   |T/MT |NV-BDIZC |CYCLE
----------------------------------------
00|00|00|FE |0702 |1/3  |10100100 |19995
00|00|00|FE |0702 |2/3  |10100100 |19996
00|00|00|FE |0702 |3/3  |10100100 |19997


---------------
Opcode: 8D
ll: 00 hh: A0
Instruction:STA Addressing Mode:Absolute - Operand (Value: "0x00", Address: "0xA000")
Writing value 0x00 to address: 0xA000
0xA000: 0x00
Instruction cycle count set to 4
A |X |Y |SP |PC   |T/MT |NV-BDIZC |CYCLE
----------------------------------------
00|00|00|FE |0705 |1/4  |10100100 |19998
emulation behind by 1.614149617s. trying to catch up...
00|00|00|FE |0705 |2/4  |10100100 |19999
00|00|00|FE |0705 |3/4  |10100100 |20000
00|00|00|FE |0705 |4/4  |10100100 |20001


---------------
Opcode: 4A
Instruction:LSR Addressing Mode:Accumulator - Operand (Value: "0x00", Address: "None")
Instruction cycle count set to 2
A |X |Y |SP |PC   |T/MT |NV-BDIZC |CYCLE
----------------------------------------
00|00|00|FE |0706 |1/2  |00100110 |20002
00|00|00|FE |0706 |2/2  |00100110 |20003


---------------
Opcode: C9
ll: 02
Instruction:CMP Addressing Mode:Immediate - Operand (Value: "0x02", Address: "None")
Instruction cycle count set to 2
A |X |Y |SP |PC   |T/MT |NV-BDIZC |CYCLE
----------------------------------------
00|00|00|FE |0708 |1/2  |10100100 |20004
00|00|00|FE |0708 |2/2  |10100100 |20005


---------------
Opcode: D0
ll: F8
Old PC: 070A Offset:-8 New PC: 0702
Instruction:BNE Addressing Mode:Relative - Operand (Value: "None", Address: "0x0702")
Instruction cycle count set to 2
A |X |Y |SP |PC   |T/MT |NV-BDIZC |CYCLE
----------------------------------------
00|00|00|FE |0702 |1/3  |10100100 |20006
00|00|00|FE |0702 |2/3  |10100100 |20007
00|00|00|FE |0702 |3/3  |10100100 |20008


---------------
Opcode: 8D
ll: 00 hh: A0
Instruction:STA Addressing Mode:Absolute - Operand (Value: "0x00", Address: "0xA000")
Writing value 0x00 to address: 0xA000
0xA000: 0x00
Instruction cycle count set to 4
A |X |Y |SP |PC   |T/MT |NV-BDIZC |CYCLE
----------------------------------------
00|00|00|FE |0705 |1/4  |10100100 |20009
00|00|00|FE |0705 |2/4  |10100100 |20010
00|00|00|FE |0705 |3/4  |10100100 |20011
00|00|00|FE |0705 |4/4  |10100100 |20012


---------------
Opcode: 4A
Instruction:LSR Addressing Mode:Accumulator - Operand (Value: "0x00", Address: "None")
Instruction cycle count set to 2
A |X |Y |SP |PC   |T/MT |NV-BDIZC |CYCLE
----------------------------------------
00|00|00|FE |0706 |1/2  |00100110 |20013
00|00|00|FE |0706 |2/2  |00100110 |20014


---------------
Opcode: C9
ll: 02
Instruction:CMP Addressing Mode:Immediate - Operand (Value: "0x02", Address: "None")
Instruction cycle count set to 2
A |X |Y |SP |PC   |T/MT |NV-BDIZC |CYCLE
----------------------------------------
00|00|00|FE |0708 |1/2  |10100100 |20015
00|00|00|FE |0708 |2/2  |10100100 |20016


---------------
Opcode: D0
ll: F8
Old PC: 070A Offset:-8 New PC: 0702
Instruction:BNE Addressing Mode:Relative - Operand (Value: "None", Address: "0x0702")
Instruction cycle count set to 2
A |X |Y |SP |PC   |T/MT |NV-BDIZC |CYCLE
----------------------------------------
00|00|00|FE |0702 |1/3  |10100100 |20017
00|00|00|FE |0702 |2/3  |10100100 |20018
00|00|00|FE |0702 |3/3  |10100100 |20019


---------------
Opcode: 8D
ll: 00 hh: A0
Instruction:STA Addressing Mode:Absolute - Operand (Value: "0x00", Address: "0xA000")
Writing value 0x00 to address: 0xA000
0xA000: 0x00
Instruction cycle count set to 4
A |X |Y |SP |PC   |T/MT |NV-BDIZC |CYCLE
----------------------------------------
00|00|00|FE |0705 |1/4  |10100100 |20020
00|00|00|FE |0705 |2/4  |10100100 |20021
00|00|00|FE |0705 |3/4  |10100100 |20022
00|00|00|FE |0705 |4/4  |10100100 |20023


---------------
Opcode: 4A
Instruction:LSR Addressing Mode:Accumulator - Operand (Value: "0x00", Address: "None")
Instruction cycle count set to 2
A |X |Y |SP |PC   |T/MT |NV-BDIZC |CYCLE
----------------------------------------
00|00|00|FE |0706 |1/2  |00100110 |20024
00|00|00|FE |0706 |2/2  |00100110 |20025


---------------
Opcode: C9
ll: 02
Instruction:CMP Addressing Mode:Immediate - Operand (Value: "0x02", Address: "None")
Instruction cycle count set to 2
A |X |Y |SP |PC   |T/MT |NV-BDIZC |CYCLE
----------------------------------------
00|00|00|FE |0708 |1/2  |10100100 |20026
00|00|00|FE |0708 |2/2  |10100100 |20027


---------------
Opcode: D0
ll: F8
Old PC: 070A Offset:-8 New PC: 0702
Instruction:BNE Addressing Mode:Relative - Operand (Value: "None", Address: "0x0702")
Instruction cycle count set to 2
A |X |Y |SP |PC   |T/MT |NV-BDIZC |CYCLE
----------------------------------------
00|00|00|FE |0702 |1/3  |10100100 |20028
00|00|00|FE |0702 |2/3  |10100100 |20029
00|00|00|FE |0702 |3/3  |10100100 |20030


---------------
Opcode: 8D
ll: 00 hh: A0
Instruction:STA Addressing Mode:Absolute - Operand (Value: "0x00", Address: "0xA000")
Writing value 0x00 to address: 0xA000
0xA000: 0x00
Instruction cycle count set to 4
A |X |Y |SP |PC   |T/MT |NV-BDIZC |CYCLE
----------------------------------------
00|00|00|FE |0705 |1/4  |10100100 |20031
00|00|00|FE |0705 |2/4  |10100100 |20032
00|00|00|FE |0705 |3/4  |10100100 |20033
00|00|00|FE |0705 |4/4  |10100100 |20034


---------------
Opcode: 4A
Instruction:LSR Addressing Mode:Accumulator - Operand (Value: "0x00", Address: "None")
Instruction cycle count set to 2
A |X |Y |SP |PC   |T/MT |NV-BDIZC |CYCLE
----------------------------------------
00|00|00|FE |0706 |1/2  |00100110 |20035
00|00|00|FE |0706 |2/2  |00100110 |20036


---------------
Opcode: C9
ll: 02
Instruction:CMP Addressing Mode:Immediate - Operand (Value: "0x02", Address: "None")
Instruction cycle count set to 2
A |X |Y |SP |PC   |T/MT |NV-BDIZC |CYCLE
----------------------------------------
00|00|00|FE |0708 |1/2  |10100100 |20037
00|00|00|FE |0708 |2/2  |10100100 |20038


---------------
Opcode: D0
ll: F8
Old PC: 070A Offset:-8 New PC: 0702
Instruction:BNE Addressing Mode:Relative - Operand (Value: "None", Address: "0x0702")
Instruction cycle count set to 2
A |X |Y |SP |PC   |T/MT |NV-BDIZC |CYCLE
----------------------------------------
00|00|00|FE |0702 |1/3  |10100100 |20039
00|00|00|FE |0702 |2/3  |10100100 |20040
00|00|00|FE |0702 |3/3  |10100100 |20041


---------------
Opcode: 8D
ll: 00 hh: A0
Instruction:STA Addressing Mode:Absolute - Operand (Value: "0x00", Address: "0xA000")
Writing value 0x00 to address: 0xA000
0xA000: 0x00
Instruction cycle count set to 4
A |X |Y |SP |PC   |T/MT |NV-BDIZC |CYCLE
----------------------------------------
00|00|00|FE |0705 |1/4  |10100100 |20042
00|00|00|FE |0705 |2/4  |10100100 |20043
00|00|00|FE |0705 |3/4  |10100100 |20044
00|00|00|FE |0705 |4/4  |10100100 |20045


---------------
Opcode: 4A
Instruction:LSR Addressing Mode:Accumulator - Operand (Value: "0x00", Address: "None")
Instruction cycle count set to 2
A |X |Y |SP |PC   |T/MT |NV-BDIZC |CYCLE
----------------------------------------
00|00|00|FE |0706 |1/2  |00100110 |20046
00|00|00|FE |0706 |2/2  |00100110 |20047


---------------
Opcode: C9
ll: 02
Instruction:CMP Addressing Mode:Immediate - Operand (Value: "0x02", Address: "None")
Instruction cycle count set to 2
A |X |Y |SP |PC   |T/MT |NV-BDIZC |CYCLE
----------------------------------------
00|00|00|FE |0708 |1/2  |10100100 |20048
00|00|00|FE |0708 |2/2  |10100100 |20049


---------------
Opcode: D0
ll: F8
Old PC: 070A Offset:-8 New PC: 0702
Instruction:BNE Addressing Mode:Relative - Operand (Value: "None", Address: "0x0702")
Instruction cycle count set to 2
A |X |Y |SP |PC   |T/MT |NV-BDIZC |CYCLE
----------------------------------------
00|00|00|FE |0702 |1/3  |10100100 |20050
00|00|00|FE |0702 |2/3  |10100100 |20051
00|00|00|FE |0702 |3/3  |10100100 |20052


---------------
Opcode: 8D
ll: 00 hh: A0
Instruction:STA Addressing Mode:Absolute - Operand (Value: "0x00", Address: "0xA000")
Writing value 0x00 to address: 0xA000
0xA000: 0x00
Instruction cycle count set to 4
A |X |Y |SP |PC   |T/MT |NV-BDIZC |CYCLE
----------------------------------------
00|00|00|FE |0705 |1/4  |10100100 |20053
00|00|00|FE |0705 |2/4  |10100100 |20054
00|00|00|FE |0705 |3/4  |10100100 |20055
00|00|00|FE |0705 |4/4  |10100100 |20056


---------------
Opcode: 4A
Instruction:LSR Addressing Mode:Accumulator - Operand (Value: "0x00", Address: "None")
Instruction cycle count set to 2
A |X |Y |SP |PC   |T/MT |NV-BDIZC |CYCLE
----------------------------------------
00|00|00|FE |0706 |1/2  |00100110 |20057
00|00|00|FE |0706 |2/2  |00100110 |20058


---------------
Opcode: C9
ll: 02
Instruction:CMP Addressing Mode:Immediate - Operand (Value: "0x02", Address: "None")
Instruction cycle count set to 2
A |X |Y |SP |PC   |T/MT |NV-BDIZC |CYCLE
----------------------------------------
00|00|00|FE |0708 |1/2  |10100100 |20059
00|00|00|FE |0708 |2/2  |10100100 |20060


---------------
Opcode: D0
ll: F8
Old PC: 070A Offset:-8 New PC: 0702
Instruction:BNE Addressing Mode:Relative - Operand (Value: "None", Address: "0x0702")
Instruction cycle count set to 2
A |X |Y |SP |PC   |T/MT |NV-BDIZC |CYCLE
----------------------------------------
00|00|00|FE |0702 |1/3  |10100100 |20061
00|00|00|FE |0702 |2/3  |10100100 |20062
00|00|00|FE |0702 |3/3  |10100100 |20063


---------------
Opcode: 8D
ll: 00 hh: A0
Instruction:STA Addressing Mode:Absolute - Operand (Value: "0x00", Address: "0xA000")
Writing value 0x00 to address: 0xA000
0xA000: 0x00
Instruction cycle count set to 4
A |X |Y |SP |PC   |T/MT |NV-BDIZC |CYCLE
----------------------------------------
00|00|00|FE |0705 |1/4  |10100100 |20064
00|00|00|FE |0705 |2/4  |10100100 |20065
00|00|00|FE |0705 |3/4  |10100100 |20066
00|00|00|FE |0705 |4/4  |10100100 |20067


---------------
Opcode: 4A
Instruction:LSR Addressing Mode:Accumulator - Operand (Value: "0x00", Address: "None")
Instruction cycle count set to 2
A |X |Y |SP |PC   |T/MT |NV-BDIZC |CYCLE
----------------------------------------
00|00|00|FE |0706 |1/2  |00100110 |20068
00|00|00|FE |0706 |2/2  |00100110 |20069


---------------
Opcode: C9
ll: 02
Instruction:CMP Addressing Mode:Immediate - Operand (Value: "0x02", Address: "None")
Instruction cycle count set to 2
A |X |Y |SP |PC   |T/MT |NV-BDIZC |CYCLE
----------------------------------------
00|00|00|FE |0708 |1/2  |10100100 |20070
00|00|00|FE |0708 |2/2  |10100100 |20071


---------------
Opcode: D0
ll: F8
Old PC: 070A Offset:-8 New PC: 0702
Instruction:BNE Addressing Mode:Relative - Operand (Value: "None", Address: "0x0702")
Instruction cycle count set to 2
A |X |Y |SP |PC   |T/MT |NV-BDIZC |CYCLE
----------------------------------------
00|00|00|FE |0702 |1/3  |10100100 |20072
00|00|00|FE |0702 |2/3  |10100100 |20073
00|00|00|FE |0702 |3/3  |10100100 |20074


---------------
Opcode: 8D
ll: 00 hh: A0
Instruction:STA Addressing Mode:Absolute - Operand (Value: "0x00", Address: "0xA000")
Writing value 0x00 to address: 0xA000
0xA000: 0x00
Instruction cycle count set to 4
A |X |Y |SP |PC   |T/MT |NV-BDIZC |CYCLE
----------------------------------------
00|00|00|FE |0705 |1/4  |10100100 |20075
00|00|00|FE |0705 |2/4  |10100100 |20076
00|00|00|FE |0705 |3/4  |10100100 |20077
00|00|00|FE |0705 |4/4  |10100100 |20078


---------------
Opcode: 4A
Instruction:LSR Addressing Mode:Accumulator - Operand (Value: "0x00", Address: "None")
Instruction cycle count set to 2
A |X |Y |SP |PC   |T/MT |NV-BDIZC |CYCLE
----------------------------------------
00|00|00|FE |0706 |1/2  |00100110 |20079
00|00|00|FE |0706 |2/2  |00100110 |20080


---------------
Opcode: C9
ll: 02
Instruction:CMP Addressing Mode:Immediate - Operand (Value: "0x02", Address: "None")
Instruction cycle count set to 2
A |X |Y |SP |PC   |T/MT |NV-BDIZC |CYCLE
----------------------------------------
00|00|00|FE |0708 |1/2  |10100100 |20081
00|00|00|FE |0708 |2/2  |10100100 |20082


---------------
Opcode: D0
ll: F8
Old PC: 070A Offset:-8 New PC: 0702
Instruction:BNE Addressing Mode:Relative - Operand (Value: "None", Address: "0x0702")
Instruction cycle count set to 2
A |X |Y |SP |PC   |T/MT |NV-BDIZC |CYCLE
----------------------------------------
00|00|00|FE |0702 |1/3  |10100100 |20083
00|00|00|FE |0702 |2/3  |10100100 |20084
00|00|00|FE |0702 |3/3  |10100100 |20085


---------------
Opcode: 8D
ll: 00 hh: A0
Instruction:STA Addressing Mode:Absolute - Operand (Value: "0x00", Address: "0xA000")
Writing value 0x00 to address: 0xA000
0xA000: 0x00
Instruction cycle count set to 4
A |X |Y |SP |PC   |T/MT |NV-BDIZC |CYCLE
----------------------------------------
00|00|00|FE |0705 |1/4  |10100100 |20086
00|00|00|FE |0705 |2/4  |10100100 |20087
00|00|00|FE |0705 |3/4  |10100100 |20088
00|00|00|FE |0705 |4/4  |10100100 |20089


---------------
Opcode: 4A
Instruction:LSR Addressing Mode:Accumulator - Operand (Value: "0x00", Address: "None")
Instruction cycle count set to 2
A |X |Y |SP |PC   |T/MT |NV-BDIZC |CYCLE
----------------------------------------
00|00|00|FE |0706 |1/2  |00100110 |20090
00|00|00|FE |0706 |2/2  |00100110 |20091


---------------
Opcode: C9
ll: 02
Instruction:CMP Addressing Mode:Immediate - Operand (Value: "0x02", Address: "None")
Instruction cycle count set to 2
A |X |Y |SP |PC   |T/MT |NV-BDIZC |CYCLE
----------------------------------------
00|00|00|FE |0708 |1/2  |10100100 |20092
00|00|00|FE |0708 |2/2  |10100100 |20093


---------------
Opcode: D0
ll: F8
Old PC: 070A Offset:-8 New PC: 0702
Instruction:BNE Addressing Mode:Relative - Operand (Value: "None", Address: "0x0702")
Instruction cycle count set to 2
A |X |Y |SP |PC   |T/MT |NV-BDIZC |CYCLE
----------------------------------------
00|00|00|FE |0702 |1/3  |10100100 |20094
00|00|00|FE |0702 |2/3  |10100100 |20095
00|00|00|FE |0702 |3/3  |10100100 |20096


---------------
Opcode: 8D
ll: 00 hh: A0
Instruction:STA Addressing Mode:Absolute - Operand (Value: "0x00", Address: "0xA000")
Writing value 0x00 to address: 0xA000
0xA000: 0x00
Instruction cycle count set to 4
A |X |Y |SP |PC   |T/MT |NV-BDIZC |CYCLE
----------------------------------------
00|00|00|FE |0705 |1/4  |10100100 |20097
00|00|00|FE |0705 |2/4  |10100100 |20098
00|00|00|FE |0705 |3/4  |10100100 |20099
00|00|00|FE |0705 |4/4  |10100100 |20100


---------------
Opcode: 4A
Instruction:LSR Addressing Mode:Accumulator - Operand (Value: "0x00", Address: "None")
Instruction cycle count set to 2
A |X |Y |SP |PC   |T/MT |NV-BDIZC |CYCLE
----------------------------------------
00|00|00|FE |0706 |1/2  |00100110 |20101
00|00|00|FE |0706 |2/2  |00100110 |20102


---------------
Opcode: C9
ll: 02
Instruction:CMP Addressing Mode:Immediate - Operand (Value: "0x02", Address: "None")
Instruction cycle count set to 2
A |X |Y |SP |PC   |T/MT |NV-BDIZC |CYCLE
----------------------------------------
00|00|00|FE |0708 |1/2  |10100100 |20103
00|00|00|FE |0708 |2/2  |10100100 |20104


---------------
Opcode: D0
ll: F8
Old PC: 070A Offset:-8 New PC: 0702
Instruction:BNE Addressing Mode:Relative - Operand (Value: "None", Address: "0x0702")
Instruction cycle count set to 2
A |X |Y |SP |PC   |T/MT |NV-BDIZC |CYCLE
----------------------------------------
00|00|00|FE |0702 |1/3  |10100100 |20105
00|00|00|FE |0702 |2/3  |10100100 |20106
00|00|00|FE |0702 |3/3  |10100100 |20107


---------------
Opcode: 8D
ll: 00 hh: A0
Instruction:STA Addressing Mode:Absolute - Operand (Value: "0x00", Address: "0xA000")
Writing value 0x00 to address: 0xA000
0xA000: 0x00
Instruction cycle count set to 4
A |X |Y |SP |PC   |T/MT |NV-BDIZC |CYCLE
----------------------------------------
00|00|00|FE |0705 |1/4  |10100100 |20108
00|00|00|FE |0705 |2/4  |10100100 |20109
00|00|00|FE |0705 |3/4  |10100100 |20110
00|00|00|FE |0705 |4/4  |10100100 |20111


---------------
Opcode: 4A
Instruction:LSR Addressing Mode:Accumulator - Operand (Value: "0x00", Address: "None")
Instruction cycle count set to 2
A |X |Y |SP |PC   |T/MT |NV-BDIZC |CYCLE
----------------------------------------
00|00|00|FE |0706 |1/2  |00100110 |20112
00|00|00|FE |0706 |2/2  |00100110 |20113


---------------
Opcode: C9
ll: 02
Instruction:CMP Addressing Mode:Immediate - Operand (Value: "0x02", Address: "None")
Instruction cycle count set to 2
A |X |Y |SP |PC   |T/MT |NV-BDIZC |CYCLE
----------------------------------------
00|00|00|FE |0708 |1/2  |10100100 |20114
00|00|00|FE |0708 |2/2  |10100100 |20115


---------------
Opcode: D0
ll: F8
Old PC: 070A Offset:-8 New PC: 0702
Instruction:BNE Addressing Mode:Relative - Operand (Value: "None", Address: "0x0702")
Instruction cycle count set to 2
A |X |Y |SP |PC   |T/MT |NV-BDIZC |CYCLE
----------------------------------------
00|00|00|FE |0702 |1/3  |10100100 |20116
00|00|00|FE |0702 |2/3  |10100100 |20117
00|00|00|FE |0702 |3/3  |10100100 |20118


---------------
Opcode: 8D
ll: 00 hh: A0
Instruction:STA Addressing Mode:Absolute - Operand (Value: "0x00", Address: "0xA000")
Writing value 0x00 to address: 0xA000
0xA000: 0x00
Instruction cycle count set to 4
A |X |Y |SP |PC   |T/MT |NV-BDIZC |CYCLE
----------------------------------------
00|00|00|FE |0705 |1/4  |10100100 |20119
00|00|00|FE |0705 |2/4  |10100100 |20120
00|00|00|FE |0705 |3/4  |10100100 |20121
00|00|00|FE |0705 |4/4  |10100100 |20122


---------------
Opcode: 4A
Instruction:LSR Addressing Mode:Accumulator - Operand (Value: "0x00", Address: "None")
Instruction cycle count set to 2
A |X |Y |SP |PC   |T/MT |NV-BDIZC |CYCLE
----------------------------------------
00|00|00|FE |0706 |1/2  |00100110 |20123
00|00|00|FE |0706 |2/2  |00100110 |20124


---------------
Opcode: C9
ll: 02
Instruction:CMP Addressing Mode:Immediate - Operand (Value: "0x02", Address: "None")
Instruction cycle count set to 2
A |X |Y |SP |PC   |T/MT |NV-BDIZC |CYCLE
----------------------------------------
00|00|00|FE |0708 |1/2  |10100100 |20125
00|00|00|FE |0708 |2/2  |10100100 |20126


---------------
Opcode: D0
ll: F8
Old PC: 070A Offset:-8 New PC: 0702
Instruction:BNE Addressing Mode:Relative - Operand (Value: "None", Address: "0x0702")
Instruction cycle count set to 2
A |X |Y |SP |PC   |T/MT |NV-BDIZC |CYCLE
----------------------------------------
00|00|00|FE |0702 |1/3  |10100100 |20127
00|00|00|FE |0702 |2/3  |10100100 |20128
00|00|00|FE |0702 |3/3  |10100100 |20129


---------------
Opcode: 8D
ll: 00 hh: A0
Instruction:STA Addressing Mode:Absolute - Operand (Value: "0x00", Address: "0xA000")
Writing value 0x00 to address: 0xA000
0xA000: 0x00
Instruction cycle count set to 4
A |X |Y |SP |PC   |T/MT |NV-BDIZC |CYCLE
----------------------------------------
00|00|00|FE |0705 |1/4  |10100100 |20130
00|00|00|FE |0705 |2/4  |10100100 |20131
00|00|00|FE |0705 |3/4  |10100100 |20132
00|00|00|FE |0705 |4/4  |10100100 |20133


---------------
Opcode: 4A
Instruction:LSR Addressing Mode:Accumulator - Operand (Value: "0x00", Address: "None")
Instruction cycle count set to 2
A |X |Y |SP |PC   |T/MT |NV-BDIZC |CYCLE
----------------------------------------
00|00|00|FE |0706 |1/2  |00100110 |20134
00|00|00|FE |0706 |2/2  |00100110 |20135


---------------
Opcode: C9
ll: 02
Instruction:CMP Addressing Mode:Immediate - Operand (Value: "0x02", Address: "None")
Instruction cycle count set to 2
A |X |Y |SP |PC   |T/MT |NV-BDIZC |CYCLE
----------------------------------------
00|00|00|FE |0708 |1/2  |10100100 |20136
00|00|00|FE |0708 |2/2  |10100100 |20137


---------------
Opcode: D0
ll: F8
Old PC: 070A Offset:-8 New PC: 0702
Instruction:BNE Addressing Mode:Relative - Operand (Value: "None", Address: "0x0702")
Instruction cycle count set to 2
A |X |Y |SP |PC   |T/MT |NV-BDIZC |CYCLE
----------------------------------------
00|00|00|FE |0702 |1/3  |10100100 |20138
00|00|00|FE |0702 |2/3  |10100100 |20139
00|00|00|FE |0702 |3/3  |10100100 |20140


---------------
Opcode: 8D
ll: 00 hh: A0
Instruction:STA Addressing Mode:Absolute - Operand (Value: "0x00", Address: "0xA000")
Writing value 0x00 to address: 0xA000
0xA000: 0x00
Instruction cycle count set to 4
A |X |Y |SP |PC   |T/MT |NV-BDIZC |CYCLE
----------------------------------------
00|00|00|FE |0705 |1/4  |10100100 |20141
00|00|00|FE |0705 |2/4  |10100100 |20142
00|00|00|FE |0705 |3/4  |10100100 |20143
00|00|00|FE |0705 |4/4  |10100100 |20144


---------------
Opcode: 4A
Instruction:LSR Addressing Mode:Accumulator - Operand (Value: "0x00", Address: "None")
Instruction cycle count set to 2
A |X |Y |SP |PC   |T/MT |NV-BDIZC |CYCLE
----------------------------------------
00|00|00|FE |0706 |1/2  |00100110 |20145
00|00|00|FE |0706 |2/2  |00100110 |20146


---------------
Opcode: C9
ll: 02
Instruction:CMP Addressing Mode:Immediate - Operand (Value: "0x02", Address: "None")
Instruction cycle count set to 2
A |X |Y |SP |PC   |T/MT |NV-BDIZC |CYCLE
----------------------------------------
00|00|00|FE |0708 |1/2  |10100100 |20147
00|00|00|FE |0708 |2/2  |10100100 |20148


---------------
Opcode: D0
ll: F8
Old PC: 070A Offset:-8 New PC: 0702
Instruction:BNE Addressing Mode:Relative - Operand (Value: "None", Address: "0x0702")
Instruction cycle count set to 2
A |X |Y |SP |PC   |T/MT |NV-BDIZC |CYCLE
----------------------------------------
00|00|00|FE |0702 |1/3  |10100100 |20149
00|00|00|FE |0702 |2/3  |10100100 |20150
00|00|00|FE |0702 |3/3  |10100100 |20151


---------------
Opcode: 8D
ll: 00 hh: A0
Instruction:STA Addressing Mode:Absolute - Operand (Value: "0x00", Address: "0xA000")
Writing value 0x00 to address: 0xA000
0xA000: 0x00
Instruction cycle count set to 4
A |X |Y |SP |PC   |T/MT |NV-BDIZC |CYCLE
----------------------------------------
00|00|00|FE |0705 |1/4  |10100100 |20152
00|00|00|FE |0705 |2/4  |10100100 |20153
00|00|00|FE |0705 |3/4  |10100100 |20154
00|00|00|FE |0705 |4/4  |10100100 |20155


---------------
Opcode: 4A
Instruction:LSR Addressing Mode:Accumulator - Operand (Value: "0x00", Address: "None")
Instruction cycle count set to 2
A |X |Y |SP |PC   |T/MT |NV-BDIZC |CYCLE
----------------------------------------
00|00|00|FE |0706 |1/2  |00100110 |20156
00|00|00|FE |0706 |2/2  |00100110 |20157


---------------
Opcode: C9
ll: 02
Instruction:CMP Addressing Mode:Immediate - Operand (Value: "0x02", Address: "None")
Instruction cycle count set to 2
A |X |Y |SP |PC   |T/MT |NV-BDIZC |CYCLE
----------------------------------------
00|00|00|FE |0708 |1/2  |10100100 |20158
00|00|00|FE |0708 |2/2  |10100100 |20159


---------------
Opcode: D0
ll: F8
Old PC: 070A Offset:-8 New PC: 0702
Instruction:BNE Addressing Mode:Relative - Operand (Value: "None", Address: "0x0702")
Instruction cycle count set to 2
A |X |Y |SP |PC   |T/MT |NV-BDIZC |CYCLE
----------------------------------------
00|00|00|FE |0702 |1/3  |10100100 |20160
00|00|00|FE |0702 |2/3  |10100100 |20161
00|00|00|FE |0702 |3/3  |10100100 |20162


---------------
Opcode: 8D
ll: 00 hh: A0
Instruction:STA Addressing Mode:Absolute - Operand (Value: "0x00", Address: "0xA000")
Writing value 0x00 to address: 0xA000
0xA000: 0x00
Instruction cycle count set to 4
A |X |Y |SP |PC   |T/MT |NV-BDIZC |CYCLE
----------------------------------------
00|00|00|FE |0705 |1/4  |10100100 |20163
00|00|00|FE |0705 |2/4  |10100100 |20164
00|00|00|FE |0705 |3/4  |10100100 |20165
00|00|00|FE |0705 |4/4  |10100100 |20166


---------------
Opcode: 4A
Instruction:LSR Addressing Mode:Accumulator - Operand (Value: "0x00", Address: "None")
Instruction cycle count set to 2
A |X |Y |SP |PC   |T/MT |NV-BDIZC |CYCLE
----------------------------------------
00|00|00|FE |0706 |1/2  |00100110 |20167
00|00|00|FE |0706 |2/2  |00100110 |20168


---------------
Opcode: C9
ll: 02
Instruction:CMP Addressing Mode:Immediate - Operand (Value: "0x02", Address: "None")
Instruction cycle count set to 2
A |X |Y |SP |PC   |T/MT |NV-BDIZC |CYCLE
----------------------------------------
00|00|00|FE |0708 |1/2  |10100100 |20169
00|00|00|FE |0708 |2/2  |10100100 |20170


---------------
Opcode: D0
ll: F8
Old PC: 070A Offset:-8 New PC: 0702
Instruction:BNE Addressing Mode:Relative - Operand (Value: "None", Address: "0x0702")
Instruction cycle count set to 2
A |X |Y |SP |PC   |T/MT |NV-BDIZC |CYCLE
----------------------------------------
00|00|00|FE |0702 |1/3  |10100100 |20171
00|00|00|FE |0702 |2/3  |10100100 |20172
00|00|00|FE |0702 |3/3  |10100100 |20173


---------------
Opcode: 8D
ll: 00 hh: A0
Instruction:STA Addressing Mode:Absolute - Operand (Value: "0x00", Address: "0xA000")
Writing value 0x00 to address: 0xA000
0xA000: 0x00
Instruction cycle count set to 4
A |X |Y |SP |PC   |T/MT |NV-BDIZC |CYCLE
----------------------------------------
00|00|00|FE |0705 |1/4  |10100100 |20174
00|00|00|FE |0705 |2/4  |10100100 |20175
00|00|00|FE |0705 |3/4  |10100100 |20176
00|00|00|FE |0705 |4/4  |10100100 |20177


---------------
Opcode: 4A
Instruction:LSR Addressing Mode:Accumulator - Operand (Value: "0x00", Address: "None")
Instruction cycle count set to 2
A |X |Y |SP |PC   |T/MT |NV-BDIZC |CYCLE
----------------------------------------
00|00|00|FE |0706 |1/2  |00100110 |20178
00|00|00|FE |0706 |2/2  |00100110 |20179


---------------
Opcode: C9
ll: 02
Instruction:CMP Addressing Mode:Immediate - Operand (Value: "0x02", Address: "None")
Instruction cycle count set to 2
A |X |Y |SP |PC   |T/MT |NV-BDIZC |CYCLE
----------------------------------------
00|00|00|FE |0708 |1/2  |10100100 |20180
00|00|00|FE |0708 |2/2  |10100100 |20181


---------------
Opcode: D0
ll: F8
Old PC: 070A Offset:-8 New PC: 0702
Instruction:BNE Addressing Mode:Relative - Operand (Value: "None", Address: "0x0702")
Instruction cycle count set to 2
A |X |Y |SP |PC   |T/MT |NV-BDIZC |CYCLE
----------------------------------------
00|00|00|FE |0702 |1/3  |10100100 |20182
00|00|00|FE |0702 |2/3  |10100100 |20183
00|00|00|FE |0702 |3/3  |10100100 |20184


---------------
Opcode: 8D
ll: 00 hh: A0
Instruction:STA Addressing Mode:Absolute - Operand (Value: "0x00", Address: "0xA000")
Writing value 0x00 to address: 0xA000
0xA000: 0x00
Instruction cycle count set to 4
A |X |Y |SP |PC   |T/MT |NV-BDIZC |CYCLE
----------------------------------------
00|00|00|FE |0705 |1/4  |10100100 |20185
00|00|00|FE |0705 |2/4  |10100100 |20186
00|00|00|FE |0705 |3/4  |10100100 |20187
00|00|00|FE |0705 |4/4  |10100100 |20188


---------------
Opcode: 4A
Instruction:LSR Addressing Mode:Accumulator - Operand (Value: "0x00", Address: "None")
Instruction cycle count set to 2
A |X |Y |SP |PC   |T/MT |NV-BDIZC |CYCLE
----------------------------------------
00|00|00|FE |0706 |1/2  |00100110 |20189
00|00|00|FE |0706 |2/2  |00100110 |20190


---------------
Opcode: C9
ll: 02
Instruction:CMP Addressing Mode:Immediate - Operand (Value: "0x02", Address: "None")
Instruction cycle count set to 2
A |X |Y |SP |PC   |T/MT |NV-BDIZC |CYCLE
----------------------------------------
00|00|00|FE |0708 |1/2  |10100100 |20191
00|00|00|FE |0708 |2/2  |10100100 |20192


---------------
Opcode: D0
ll: F8
Old PC: 070A Offset:-8 New PC: 0702
Instruction:BNE Addressing Mode:Relative - Operand (Value: "None", Address: "0x0702")
Instruction cycle count set to 2
A |X |Y |SP |PC   |T/MT |NV-BDIZC |CYCLE
----------------------------------------
00|00|00|FE |0702 |1/3  |10100100 |20193
00|00|00|FE |0702 |2/3  |10100100 |20194
00|00|00|FE |0702 |3/3  |10100100 |20195


---------------
Opcode: 8D
ll: 00 hh: A0
Instruction:STA Addressing Mode:Absolute - Operand (Value: "0x00", Address: "0xA000")
Writing value 0x00 to address: 0xA000
0xA000: 0x00
Instruction cycle count set to 4
A |X |Y |SP |PC   |T/MT |NV-BDIZC |CYCLE
----------------------------------------
00|00|00|FE |0705 |1/4  |10100100 |20196
00|00|00|FE |0705 |2/4  |10100100 |20197
00|00|00|FE |0705 |3/4  |10100100 |20198
00|00|00|FE |0705 |4/4  |10100100 |20199


---------------
Opcode: 4A
Instruction:LSR Addressing Mode:Accumulator - Operand (Value: "0x00", Address: "None")
Instruction cycle count set to 2
A |X |Y |SP |PC   |T/MT |NV-BDIZC |CYCLE
----------------------------------------
00|00|00|FE |0706 |1/2  |00100110 |20200
00|00|00|FE |0706 |2/2  |00100110 |20201


---------------
Opcode: C9
ll: 02
Instruction:CMP Addressing Mode:Immediate - Operand (Value: "0x02", Address: "None")
Instruction cycle count set to 2
A |X |Y |SP |PC   |T/MT |NV-BDIZC |CYCLE
----------------------------------------
00|00|00|FE |0708 |1/2  |10100100 |20202
00|00|00|FE |0708 |2/2  |10100100 |20203


---------------
Opcode: D0
ll: F8
Old PC: 070A Offset:-8 New PC: 0702
Instruction:BNE Addressing Mode:Relative - Operand (Value: "None", Address: "0x0702")
Instruction cycle count set to 2
A |X |Y |SP |PC   |T/MT |NV-BDIZC |CYCLE
----------------------------------------
00|00|00|FE |0702 |1/3  |10100100 |20204
00|00|00|FE |0702 |2/3  |10100100 |20205
00|00|00|FE |0702 |3/3  |10100100 |20206


---------------
Opcode: 8D
ll: 00 hh: A0
Instruction:STA Addressing Mode:Absolute - Operand (Value: "0x00", Address: "0xA000")
Writing value 0x00 to address: 0xA000
0xA000: 0x00
Instruction cycle count set to 4
A |X |Y |SP |PC   |T/MT |NV-BDIZC |CYCLE
----------------------------------------
00|00|00|FE |0705 |1/4  |10100100 |20207
00|00|00|FE |0705 |2/4  |10100100 |20208
00|00|00|FE |0705 |3/4  |10100100 |20209
00|00|00|FE |0705 |4/4  |10100100 |20210


---------------
Opcode: 4A
Instruction:LSR Addressing Mode:Accumulator - Operand (Value: "0x00", Address: "None")
Instruction cycle count set to 2
A |X |Y |SP |PC   |T/MT |NV-BDIZC |CYCLE
----------------------------------------
00|00|00|FE |0706 |1/2  |00100110 |20211
00|00|00|FE |0706 |2/2  |00100110 |20212


---------------
Opcode: C9
ll: 02
Instruction:CMP Addressing Mode:Immediate - Operand (Value: "0x02", Address: "None")
Instruction cycle count set to 2
A |X |Y |SP |PC   |T/MT |NV-BDIZC |CYCLE
----------------------------------------
00|00|00|FE |0708 |1/2  |10100100 |20213
00|00|00|FE |0708 |2/2  |10100100 |20214


---------------
Opcode: D0
ll: F8
Old PC: 070A Offset:-8 New PC: 0702
Instruction:BNE Addressing Mode:Relative - Operand (Value: "None", Address: "0x0702")
Instruction cycle count set to 2
A |X |Y |SP |PC   |T/MT |NV-BDIZC |CYCLE
----------------------------------------
00|00|00|FE |0702 |1/3  |10100100 |20215
00|00|00|FE |0702 |2/3  |10100100 |20216
00|00|00|FE |0702 |3/3  |10100100 |20217


---------------
Opcode: 8D
ll: 00 hh: A0
Instruction:STA Addressing Mode:Absolute - Operand (Value: "0x00", Address: "0xA000")
Writing value 0x00 to address: 0xA000
0xA000: 0x00
Instruction cycle count set to 4
A |X |Y |SP |PC   |T/MT |NV-BDIZC |CYCLE
----------------------------------------
00|00|00|FE |0705 |1/4  |10100100 |20218
00|00|00|FE |0705 |2/4  |10100100 |20219
00|00|00|FE |0705 |3/4  |10100100 |20220
00|00|00|FE |0705 |4/4  |10100100 |20221


---------------
Opcode: 4A
Instruction:LSR Addressing Mode:Accumulator - Operand (Value: "0x00", Address: "None")
Instruction cycle count set to 2
A |X |Y |SP |PC   |T/MT |NV-BDIZC |CYCLE
----------------------------------------
00|00|00|FE |0706 |1/2  |00100110 |20222
00|00|00|FE |0706 |2/2  |00100110 |20223


---------------
Opcode: C9
ll: 02
Instruction:CMP Addressing Mode:Immediate - Operand (Value: "0x02", Address: "None")
Instruction cycle count set to 2
A |X |Y |SP |PC   |T/MT |NV-BDIZC |CYCLE
----------------------------------------
00|00|00|FE |0708 |1/2  |10100100 |20224
00|00|00|FE |0708 |2/2  |10100100 |20225


---------------
Opcode: D0
ll: F8
Old PC: 070A Offset:-8 New PC: 0702
Instruction:BNE Addressing Mode:Relative - Operand (Value: "None", Address: "0x0702")
Instruction cycle count set to 2
A |X |Y |SP |PC   |T/MT |NV-BDIZC |CYCLE
----------------------------------------
00|00|00|FE |0702 |1/3  |10100100 |20226
00|00|00|FE |0702 |2/3  |10100100 |20227
00|00|00|FE |0702 |3/3  |10100100 |20228


---------------
Opcode: 8D
ll: 00 hh: A0
Instruction:STA Addressing Mode:Absolute - Operand (Value: "0x00", Address: "0xA000")
Writing value 0x00 to address: 0xA000
0xA000: 0x00
Instruction cycle count set to 4
A |X |Y |SP |PC   |T/MT |NV-BDIZC |CYCLE
----------------------------------------
00|00|00|FE |0705 |1/4  |10100100 |20229
00|00|00|FE |0705 |2/4  |10100100 |20230
00|00|00|FE |0705 |3/4  |10100100 |20231
00|00|00|FE |0705 |4/4  |10100100 |20232


---------------
Opcode: 4A
Instruction:LSR Addressing Mode:Accumulator - Operand (Value: "0x00", Address: "None")
Instruction cycle count set to 2
A |X |Y |SP |PC   |T/MT |NV-BDIZC |CYCLE
----------------------------------------
00|00|00|FE |0706 |1/2  |00100110 |20233
00|00|00|FE |0706 |2/2  |00100110 |20234


---------------
Opcode: C9
ll: 02
Instruction:CMP Addressing Mode:Immediate - Operand (Value: "0x02", Address: "None")
Instruction cycle count set to 2
A |X |Y |SP |PC   |T/MT |NV-BDIZC |CYCLE
----------------------------------------
00|00|00|FE |0708 |1/2  |10100100 |20235
00|00|00|FE |0708 |2/2  |10100100 |20236


---------------
Opcode: D0
ll: F8
Old PC: 070A Offset:-8 New PC: 0702
Instruction:BNE Addressing Mode:Relative - Operand (Value: "None", Address: "0x0702")
Instruction cycle count set to 2
A |X |Y |SP |PC   |T/MT |NV-BDIZC |CYCLE
----------------------------------------
00|00|00|FE |0702 |1/3  |10100100 |20237
00|00|00|FE |0702 |2/3  |10100100 |20238
00|00|00|FE |0702 |3/3  |10100100 |20239


---------------
Opcode: 8D
ll: 00 hh: A0
Instruction:STA Addressing Mode:Absolute - Operand (Value: "0x00", Address: "0xA000")
Writing value 0x00 to address: 0xA000
0xA000: 0x00
Instruction cycle count set to 4
A |X |Y |SP |PC   |T/MT |NV-BDIZC |CYCLE
----------------------------------------
00|00|00|FE |0705 |1/4  |10100100 |20240
00|00|00|FE |0705 |2/4  |10100100 |20241
00|00|00|FE |0705 |3/4  |10100100 |20242
00|00|00|FE |0705 |4/4  |10100100 |20243


---------------
Opcode: 4A
Instruction:LSR Addressing Mode:Accumulator - Operand (Value: "0x00", Address: "None")
Instruction cycle count set to 2
A |X |Y |SP |PC   |T/MT |NV-BDIZC |CYCLE
----------------------------------------
00|00|00|FE |0706 |1/2  |00100110 |20244
00|00|00|FE |0706 |2/2  |00100110 |20245


---------------
Opcode: C9
ll: 02
Instruction:CMP Addressing Mode:Immediate - Operand (Value: "0x02", Address: "None")
Instruction cycle count set to 2
A |X |Y |SP |PC   |T/MT |NV-BDIZC |CYCLE
----------------------------------------
00|00|00|FE |0708 |1/2  |10100100 |20246
00|00|00|FE |0708 |2/2  |10100100 |20247


---------------
Opcode: D0
ll: F8
Old PC: 070A Offset:-8 New PC: 0702
Instruction:BNE Addressing Mode:Relative - Operand (Value: "None", Address: "0x0702")
Instruction cycle count set to 2
A |X |Y |SP |PC   |T/MT |NV-BDIZC |CYCLE
----------------------------------------
00|00|00|FE |0702 |1/3  |10100100 |20248
00|00|00|FE |0702 |2/3  |10100100 |20249
00|00|00|FE |0702 |3/3  |10100100 |20250


---------------
Opcode: 8D
ll: 00 hh: A0
Instruction:STA Addressing Mode:Absolute - Operand (Value: "0x00", Address: "0xA000")
Writing value 0x00 to address: 0xA000
0xA000: 0x00
Instruction cycle count set to 4
A |X |Y |SP |PC   |T/MT |NV-BDIZC |CYCLE
----------------------------------------
00|00|00|FE |0705 |1/4  |10100100 |20251
00|00|00|FE |0705 |2/4  |10100100 |20252
00|00|00|FE |0705 |3/4  |10100100 |20253
00|00|00|FE |0705 |4/4  |10100100 |20254


---------------
Opcode: 4A
Instruction:LSR Addressing Mode:Accumulator - Operand (Value: "0x00", Address: "None")
Instruction cycle count set to 2
A |X |Y |SP |PC   |T/MT |NV-BDIZC |CYCLE
----------------------------------------
00|00|00|FE |0706 |1/2  |00100110 |20255
00|00|00|FE |0706 |2/2  |00100110 |20256


---------------
Opcode: C9
ll: 02
Instruction:CMP Addressing Mode:Immediate - Operand (Value: "0x02", Address: "None")
Instruction cycle count set to 2
A |X |Y |SP |PC   |T/MT |NV-BDIZC |CYCLE
----------------------------------------
00|00|00|FE |0708 |1/2  |10100100 |20257
00|00|00|FE |0708 |2/2  |10100100 |20258


---------------
Opcode: D0
ll: F8
Old PC: 070A Offset:-8 New PC: 0702
Instruction:BNE Addressing Mode:Relative - Operand (Value: "None", Address: "0x0702")
Instruction cycle count set to 2
A |X |Y |SP |PC   |T/MT |NV-BDIZC |CYCLE
----------------------------------------
00|00|00|FE |0702 |1/3  |10100100 |20259
00|00|00|FE |0702 |2/3  |10100100 |20260
00|00|00|FE |0702 |3/3  |10100100 |20261


---------------
Opcode: 8D
ll: 00 hh: A0
Instruction:STA Addressing Mode:Absolute - Operand (Value: "0x00", Address: "0xA000")
Writing value 0x00 to address: 0xA000
0xA000: 0x00
Instruction cycle count set to 4
A |X |Y |SP |PC   |T/MT |NV-BDIZC |CYCLE
----------------------------------------
00|00|00|FE |0705 |1/4  |10100100 |20262
00|00|00|FE |0705 |2/4  |10100100 |20263
00|00|00|FE |0705 |3/4  |10100100 |20264
00|00|00|FE |0705 |4/4  |10100100 |20265


---------------
Opcode: 4A
Instruction:LSR Addressing Mode:Accumulator - Operand (Value: "0x00", Address: "None")
Instruction cycle count set to 2
A |X |Y |SP |PC   |T/MT |NV-BDIZC |CYCLE
----------------------------------------
00|00|00|FE |0706 |1/2  |00100110 |20266
00|00|00|FE |0706 |2/2  |00100110 |20267


---------------
Opcode: C9
ll: 02
Instruction:CMP Addressing Mode:Immediate - Operand (Value: "0x02", Address: "None")
Instruction cycle count set to 2
A |X |Y |SP |PC   |T/MT |NV-BDIZC |CYCLE
----------------------------------------
00|00|00|FE |0708 |1/2  |10100100 |20268
00|00|00|FE |0708 |2/2  |10100100 |20269


---------------
Opcode: D0
ll: F8
Old PC: 070A Offset:-8 New PC: 0702
Instruction:BNE Addressing Mode:Relative - Operand (Value: "None", Address: "0x0702")
Instruction cycle count set to 2
A |X |Y |SP |PC   |T/MT |NV-BDIZC |CYCLE
----------------------------------------
00|00|00|FE |0702 |1/3  |10100100 |20270
00|00|00|FE |0702 |2/3  |10100100 |20271
00|00|00|FE |0702 |3/3  |10100100 |20272


---------------
Opcode: 8D
ll: 00 hh: A0
Instruction:STA Addressing Mode:Absolute - Operand (Value: "0x00", Address: "0xA000")
Writing value 0x00 to address: 0xA000
0xA000: 0x00
Instruction cycle count set to 4
A |X |Y |SP |PC   |T/MT |NV-BDIZC |CYCLE
----------------------------------------
00|00|00|FE |0705 |1/4  |10100100 |20273
00|00|00|FE |0705 |2/4  |10100100 |20274
00|00|00|FE |0705 |3/4  |10100100 |20275
00|00|00|FE |0705 |4/4  |10100100 |20276


---------------
Opcode: 4A
Instruction:LSR Addressing Mode:Accumulator - Operand (Value: "0x00", Address: "None")
Instruction cycle count set to 2
A |X |Y |SP |PC   |T/MT |NV-BDIZC |CYCLE
----------------------------------------
00|00|00|FE |0706 |1/2  |00100110 |20277
00|00|00|FE |0706 |2/2  |00100110 |20278


---------------
Opcode: C9
ll: 02
Instruction:CMP Addressing Mode:Immediate - Operand (Value: "0x02", Address: "None")
Instruction cycle count set to 2
A |X |Y |SP |PC   |T/MT |NV-BDIZC |CYCLE
----------------------------------------
00|00|00|FE |0708 |1/2  |10100100 |20279
00|00|00|FE |0708 |2/2  |10100100 |20280


---------------
Opcode: D0
ll: F8
Old PC: 070A Offset:-8 New PC: 0702
Instruction:BNE Addressing Mode:Relative - Operand (Value: "None", Address: "0x0702")
Instruction cycle count set to 2
A |X |Y |SP |PC   |T/MT |NV-BDIZC |CYCLE
----------------------------------------
00|00|00|FE |0702 |1/3  |10100100 |20281
00|00|00|FE |0702 |2/3  |10100100 |20282
00|00|00|FE |0702 |3/3  |10100100 |20283


---------------
Opcode: 8D
ll: 00 hh: A0
Instruction:STA Addressing Mode:Absolute - Operand (Value: "0x00", Address: "0xA000")
Writing value 0x00 to address: 0xA000
0xA000: 0x00
Instruction cycle count set to 4
A |X |Y |SP |PC   |T/MT |NV-BDIZC |CYCLE
----------------------------------------
00|00|00|FE |0705 |1/4  |10100100 |20284
00|00|00|FE |0705 |2/4  |10100100 |20285
00|00|00|FE |0705 |3/4  |10100100 |20286
00|00|00|FE |0705 |4/4  |10100100 |20287


---------------
Opcode: 4A
Instruction:LSR Addressing Mode:Accumulator - Operand (Value: "0x00", Address: "None")
Instruction cycle count set to 2
A |X |Y |SP |PC   |T/MT |NV-BDIZC |CYCLE
----------------------------------------
00|00|00|FE |0706 |1/2  |00100110 |20288
00|00|00|FE |0706 |2/2  |00100110 |20289


---------------
Opcode: C9
ll: 02
Instruction:CMP Addressing Mode:Immediate - Operand (Value: "0x02", Address: "None")
Instruction cycle count set to 2
A |X |Y |SP |PC   |T/MT |NV-BDIZC |CYCLE
----------------------------------------
00|00|00|FE |0708 |1/2  |10100100 |20290
00|00|00|FE |0708 |2/2  |10100100 |20291


---------------
Opcode: D0
ll: F8
Old PC: 070A Offset:-8 New PC: 0702
Instruction:BNE Addressing Mode:Relative - Operand (Value: "None", Address: "0x0702")
Instruction cycle count set to 2
A |X |Y |SP |PC   |T/MT |NV-BDIZC |CYCLE
----------------------------------------
00|00|00|FE |0702 |1/3  |10100100 |20292
00|00|00|FE |0702 |2/3  |10100100 |20293
00|00|00|FE |0702 |3/3  |10100100 |20294


---------------
Opcode: 8D
ll: 00 hh: A0
Instruction:STA Addressing Mode:Absolute - Operand (Value: "0x00", Address: "0xA000")
Writing value 0x00 to address: 0xA000
0xA000: 0x00
Instruction cycle count set to 4
A |X |Y |SP |PC   |T/MT |NV-BDIZC |CYCLE
----------------------------------------
00|00|00|FE |0705 |1/4  |10100100 |20295
00|00|00|FE |0705 |2/4  |10100100 |20296
00|00|00|FE |0705 |3/4  |10100100 |20297
00|00|00|FE |0705 |4/4  |10100100 |20298


---------------
Opcode: 4A
Instruction:LSR Addressing Mode:Accumulator - Operand (Value: "0x00", Address: "None")
Instruction cycle count set to 2
A |X |Y |SP |PC   |T/MT |NV-BDIZC |CYCLE
----------------------------------------
00|00|00|FE |0706 |1/2  |00100110 |20299
00|00|00|FE |0706 |2/2  |00100110 |20300


---------------
Opcode: C9
ll: 02
Instruction:CMP Addressing Mode:Immediate - Operand (Value: "0x02", Address: "None")
Instruction cycle count set to 2
A |X |Y |SP |PC   |T/MT |NV-BDIZC |CYCLE
----------------------------------------
00|00|00|FE |0708 |1/2  |10100100 |20301
00|00|00|FE |0708 |2/2  |10100100 |20302


---------------
Opcode: D0
ll: F8
Old PC: 070A Offset:-8 New PC: 0702
Instruction:BNE Addressing Mode:Relative - Operand (Value: "None", Address: "0x0702")
Instruction cycle count set to 2
A |X |Y |SP |PC   |T/MT |NV-BDIZC |CYCLE
----------------------------------------
00|00|00|FE |0702 |1/3  |10100100 |20303
00|00|00|FE |0702 |2/3  |10100100 |20304
00|00|00|FE |0702 |3/3  |10100100 |20305


---------------
Opcode: 8D
ll: 00 hh: A0
Instruction:STA Addressing Mode:Absolute - Operand (Value: "0x00", Address: "0xA000")
Writing value 0x00 to address: 0xA000
0xA000: 0x00
Instruction cycle count set to 4
A |X |Y |SP |PC   |T/MT |NV-BDIZC |CYCLE
----------------------------------------
00|00|00|FE |0705 |1/4  |10100100 |20306
00|00|00|FE |0705 |2/4  |10100100 |20307
00|00|00|FE |0705 |3/4  |10100100 |20308
00|00|00|FE |0705 |4/4  |10100100 |20309


---------------
Opcode: 4A
Instruction:LSR Addressing Mode:Accumulator - Operand (Value: "0x00", Address: "None")
Instruction cycle count set to 2
A |X |Y |SP |PC   |T/MT |NV-BDIZC |CYCLE
----------------------------------------
00|00|00|FE |0706 |1/2  |00100110 |20310
00|00|00|FE |0706 |2/2  |00100110 |20311


---------------
Opcode: C9
ll: 02
Instruction:CMP Addressing Mode:Immediate - Operand (Value: "0x02", Address: "None")
Instruction cycle count set to 2
A |X |Y |SP |PC   |T/MT |NV-BDIZC |CYCLE
----------------------------------------
00|00|00|FE |0708 |1/2  |10100100 |20312
00|00|00|FE |0708 |2/2  |10100100 |20313


---------------
Opcode: D0
ll: F8
Old PC: 070A Offset:-8 New PC: 0702
Instruction:BNE Addressing Mode:Relative - Operand (Value: "None", Address: "0x0702")
Instruction cycle count set to 2
A |X |Y |SP |PC   |T/MT |NV-BDIZC |CYCLE
----------------------------------------
00|00|00|FE |0702 |1/3  |10100100 |20314
00|00|00|FE |0702 |2/3  |10100100 |20315
00|00|00|FE |0702 |3/3  |10100100 |20316


---------------
Opcode: 8D
ll: 00 hh: A0
Instruction:STA Addressing Mode:Absolute - Operand (Value: "0x00", Address: "0xA000")
Writing value 0x00 to address: 0xA000
0xA000: 0x00
Instruction cycle count set to 4
A |X |Y |SP |PC   |T/MT |NV-BDIZC |CYCLE
----------------------------------------
00|00|00|FE |0705 |1/4  |10100100 |20317
00|00|00|FE |0705 |2/4  |10100100 |20318
00|00|00|FE |0705 |3/4  |10100100 |20319
00|00|00|FE |0705 |4/4  |10100100 |20320


---------------
Opcode: 4A
Instruction:LSR Addressing Mode:Accumulator - Operand (Value: "0x00", Address: "None")
Instruction cycle count set to 2
A |X |Y |SP |PC   |T/MT |NV-BDIZC |CYCLE
----------------------------------------
00|00|00|FE |0706 |1/2  |00100110 |20321
00|00|00|FE |0706 |2/2  |00100110 |20322


---------------
Opcode: C9
ll: 02
Instruction:CMP Addressing Mode:Immediate - Operand (Value: "0x02", Address: "None")
Instruction cycle count set to 2
A |X |Y |SP |PC   |T/MT |NV-BDIZC |CYCLE
----------------------------------------
00|00|00|FE |0708 |1/2  |10100100 |20323
00|00|00|FE |0708 |2/2  |10100100 |20324


---------------
Opcode: D0
ll: F8
Old PC: 070A Offset:-8 New PC: 0702
Instruction:BNE Addressing Mode:Relative - Operand (Value: "None", Address: "0x0702")
Instruction cycle count set to 2
A |X |Y |SP |PC   |T/MT |NV-BDIZC |CYCLE
----------------------------------------
00|00|00|FE |0702 |1/3  |10100100 |20325
00|00|00|FE |0702 |2/3  |10100100 |20326
00|00|00|FE |0702 |3/3  |10100100 |20327


---------------
Opcode: 8D
ll: 00 hh: A0
Instruction:STA Addressing Mode:Absolute - Operand (Value: "0x00", Address: "0xA000")
Writing value 0x00 to address: 0xA000
0xA000: 0x00
Instruction cycle count set to 4
A |X |Y |SP |PC   |T/MT |NV-BDIZC |CYCLE
----------------------------------------
00|00|00|FE |0705 |1/4  |10100100 |20328
00|00|00|FE |0705 |2/4  |10100100 |20329
00|00|00|FE |0705 |3/4  |10100100 |20330
00|00|00|FE |0705 |4/4  |10100100 |20331


---------------
Opcode: 4A
Instruction:LSR Addressing Mode:Accumulator - Operand (Value: "0x00", Address: "None")
Instruction cycle count set to 2
A |X |Y |SP |PC   |T/MT |NV-BDIZC |CYCLE
----------------------------------------
00|00|00|FE |0706 |1/2  |00100110 |20332
00|00|00|FE |0706 |2/2  |00100110 |20333


---------------
Opcode: C9
ll: 02
Instruction:CMP Addressing Mode:Immediate - Operand (Value: "0x02", Address: "None")
Instruction cycle count set to 2
A |X |Y |SP |PC   |T/MT |NV-BDIZC |CYCLE
----------------------------------------
00|00|00|FE |0708 |1/2  |10100100 |20334
00|00|00|FE |0708 |2/2  |10100100 |20335


---------------
Opcode: D0
ll: F8
Old PC: 070A Offset:-8 New PC: 0702
Instruction:BNE Addressing Mode:Relative - Operand (Value: "None", Address: "0x0702")
Instruction cycle count set to 2
A |X |Y |SP |PC   |T/MT |NV-BDIZC |CYCLE
----------------------------------------
00|00|00|FE |0702 |1/3  |10100100 |20336
00|00|00|FE |0702 |2/3  |10100100 |20337
00|00|00|FE |0702 |3/3  |10100100 |20338


---------------
Opcode: 8D
ll: 00 hh: A0
Instruction:STA Addressing Mode:Absolute - Operand (Value: "0x00", Address: "0xA000")
Writing value 0x00 to address: 0xA000
0xA000: 0x00
Instruction cycle count set to 4
A |X |Y |SP |PC   |T/MT |NV-BDIZC |CYCLE
----------------------------------------
00|00|00|FE |0705 |1/4  |10100100 |20339
00|00|00|FE |0705 |2/4  |10100100 |20340
00|00|00|FE |0705 |3/4  |10100100 |20341
00|00|00|FE |0705 |4/4  |10100100 |20342


---------------
Opcode: 4A
Instruction:LSR Addressing Mode:Accumulator - Operand (Value: "0x00", Address: "None")
Instruction cycle count set to 2
A |X |Y |SP |PC   |T/MT |NV-BDIZC |CYCLE
----------------------------------------
00|00|00|FE |0706 |1/2  |00100110 |20343
00|00|00|FE |0706 |2/2  |00100110 |20344


---------------
Opcode: C9
ll: 02
Instruction:CMP Addressing Mode:Immediate - Operand (Value: "0x02", Address: "None")
Instruction cycle count set to 2
A |X |Y |SP |PC   |T/MT |NV-BDIZC |CYCLE
----------------------------------------
00|00|00|FE |0708 |1/2  |10100100 |20345
00|00|00|FE |0708 |2/2  |10100100 |20346


---------------
Opcode: D0
ll: F8
Old PC: 070A Offset:-8 New PC: 0702
Instruction:BNE Addressing Mode:Relative - Operand (Value: "None", Address: "0x0702")
Instruction cycle count set to 2
A |X |Y |SP |PC   |T/MT |NV-BDIZC |CYCLE
----------------------------------------
00|00|00|FE |0702 |1/3  |10100100 |20347
00|00|00|FE |0702 |2/3  |10100100 |20348
00|00|00|FE |0702 |3/3  |10100100 |20349


---------------
Opcode: 8D
ll: 00 hh: A0
Instruction:STA Addressing Mode:Absolute - Operand (Value: "0x00", Address: "0xA000")
Writing value 0x00 to address: 0xA000
0xA000: 0x00
Instruction cycle count set to 4
A |X |Y |SP |PC   |T/MT |NV-BDIZC |CYCLE
----------------------------------------
00|00|00|FE |0705 |1/4  |10100100 |20350
00|00|00|FE |0705 |2/4  |10100100 |20351
00|00|00|FE |0705 |3/4  |10100100 |20352
00|00|00|FE |0705 |4/4  |10100100 |20353


---------------
Opcode: 4A
Instruction:LSR Addressing Mode:Accumulator - Operand (Value: "0x00", Address: "None")
Instruction cycle count set to 2
A |X |Y |SP |PC   |T/MT |NV-BDIZC |CYCLE
----------------------------------------
00|00|00|FE |0706 |1/2  |00100110 |20354
00|00|00|FE |0706 |2/2  |00100110 |20355


---------------
Opcode: C9
ll: 02
Instruction:CMP Addressing Mode:Immediate - Operand (Value: "0x02", Address: "None")
Instruction cycle count set to 2
A |X |Y |SP |PC   |T/MT |NV-BDIZC |CYCLE
----------------------------------------
00|00|00|FE |0708 |1/2  |10100100 |20356
00|00|00|FE |0708 |2/2  |10100100 |20357


---------------
Opcode: D0
ll: F8
Old PC: 070A Offset:-8 New PC: 0702
Instruction:BNE Addressing Mode:Relative - Operand (Value: "None", Address: "0x0702")
Instruction cycle count set to 2
A |X |Y |SP |PC   |T/MT |NV-BDIZC |CYCLE
----------------------------------------
00|00|00|FE |0702 |1/3  |10100100 |20358
00|00|00|FE |0702 |2/3  |10100100 |20359
00|00|00|FE |0702 |3/3  |10100100 |20360


---------------
Opcode: 8D
ll: 00 hh: A0
Instruction:STA Addressing Mode:Absolute - Operand (Value: "0x00", Address: "0xA000")
Writing value 0x00 to address: 0xA000
0xA000: 0x00
Instruction cycle count set to 4
A |X |Y |SP |PC   |T/MT |NV-BDIZC |CYCLE
----------------------------------------
00|00|00|FE |0705 |1/4  |10100100 |20361
00|00|00|FE |0705 |2/4  |10100100 |20362
00|00|00|FE |0705 |3/4  |10100100 |20363
00|00|00|FE |0705 |4/4  |10100100 |20364


---------------
Opcode: 4A
Instruction:LSR Addressing Mode:Accumulator - Operand (Value: "0x00", Address: "None")
Instruction cycle count set to 2
A |X |Y |SP |PC   |T/MT |NV-BDIZC |CYCLE
----------------------------------------
00|00|00|FE |0706 |1/2  |00100110 |20365
00|00|00|FE |0706 |2/2  |00100110 |20366


---------------
Opcode: C9
ll: 02
Instruction:CMP Addressing Mode:Immediate - Operand (Value: "0x02", Address: "None")
Instruction cycle count set to 2
A |X |Y |SP |PC   |T/MT |NV-BDIZC |CYCLE
----------------------------------------
00|00|00|FE |0708 |1/2  |10100100 |20367
00|00|00|FE |0708 |2/2  |10100100 |20368


---------------
Opcode: D0
ll: F8
Old PC: 070A Offset:-8 New PC: 0702
Instruction:BNE Addressing Mode:Relative - Operand (Value: "None", Address: "0x0702")
Instruction cycle count set to 2
A |X |Y |SP |PC   |T/MT |NV-BDIZC |CYCLE
----------------------------------------
00|00|00|FE |0702 |1/3  |10100100 |20369
00|00|00|FE |0702 |2/3  |10100100 |20370
00|00|00|FE |0702 |3/3  |10100100 |20371


---------------
Opcode: 8D
ll: 00 hh: A0
Instruction:STA Addressing Mode:Absolute - Operand (Value: "0x00", Address: "0xA000")
Writing value 0x00 to address: 0xA000
0xA000: 0x00
Instruction cycle count set to 4
A |X |Y |SP |PC   |T/MT |NV-BDIZC |CYCLE
----------------------------------------
00|00|00|FE |0705 |1/4  |10100100 |20372
00|00|00|FE |0705 |2/4  |10100100 |20373
00|00|00|FE |0705 |3/4  |10100100 |20374
00|00|00|FE |0705 |4/4  |10100100 |20375


---------------
Opcode: 4A
Instruction:LSR Addressing Mode:Accumulator - Operand (Value: "0x00", Address: "None")
Instruction cycle count set to 2
A |X |Y |SP |PC   |T/MT |NV-BDIZC |CYCLE
----------------------------------------
00|00|00|FE |0706 |1/2  |00100110 |20376
00|00|00|FE |0706 |2/2  |00100110 |20377


---------------
Opcode: C9
ll: 02
Instruction:CMP Addressing Mode:Immediate - Operand (Value: "0x02", Address: "None")
Instruction cycle count set to 2
A |X |Y |SP |PC   |T/MT |NV-BDIZC |CYCLE
----------------------------------------
00|00|00|FE |0708 |1/2  |10100100 |20378
00|00|00|FE |0708 |2/2  |10100100 |20379


---------------
Opcode: D0
ll: F8
Old PC: 070A Offset:-8 New PC: 0702
Instruction:BNE Addressing Mode:Relative - Operand (Value: "None", Address: "0x0702")
Instruction cycle count set to 2
A |X |Y |SP |PC   |T/MT |NV-BDIZC |CYCLE
----------------------------------------
00|00|00|FE |0702 |1/3  |10100100 |20380
00|00|00|FE |0702 |2/3  |10100100 |20381
00|00|00|FE |0702 |3/3  |10100100 |20382


---------------
Opcode: 8D
ll: 00 hh: A0
Instruction:STA Addressing Mode:Absolute - Operand (Value: "0x00", Address: "0xA000")
Writing value 0x00 to address: 0xA000
0xA000: 0x00
Instruction cycle count set to 4
A |X |Y |SP |PC   |T/MT |NV-BDIZC |CYCLE
----------------------------------------
00|00|00|FE |0705 |1/4  |10100100 |20383
00|00|00|FE |0705 |2/4  |10100100 |20384
00|00|00|FE |0705 |3/4  |10100100 |20385
00|00|00|FE |0705 |4/4  |10100100 |20386


---------------
Opcode: 4A
Instruction:LSR Addressing Mode:Accumulator - Operand (Value: "0x00", Address: "None")
Instruction cycle count set to 2
A |X |Y |SP |PC   |T/MT |NV-BDIZC |CYCLE
----------------------------------------
00|00|00|FE |0706 |1/2  |00100110 |20387
00|00|00|FE |0706 |2/2  |00100110 |20388


---------------
Opcode: C9
ll: 02
Instruction:CMP Addressing Mode:Immediate - Operand (Value: "0x02", Address: "None")
Instruction cycle count set to 2
A |X |Y |SP |PC   |T/MT |NV-BDIZC |CYCLE
----------------------------------------
00|00|00|FE |0708 |1/2  |10100100 |20389
00|00|00|FE |0708 |2/2  |10100100 |20390


---------------
Opcode: D0
ll: F8
Old PC: 070A Offset:-8 New PC: 0702
Instruction:BNE Addressing Mode:Relative - Operand (Value: "None", Address: "0x0702")
Instruction cycle count set to 2
A |X |Y |SP |PC   |T/MT |NV-BDIZC |CYCLE
----------------------------------------
00|00|00|FE |0702 |1/3  |10100100 |20391
00|00|00|FE |0702 |2/3  |10100100 |20392
00|00|00|FE |0702 |3/3  |10100100 |20393


---------------
Opcode: 8D
ll: 00 hh: A0
Instruction:STA Addressing Mode:Absolute - Operand (Value: "0x00", Address: "0xA000")
Writing value 0x00 to address: 0xA000
0xA000: 0x00
Instruction cycle count set to 4
A |X |Y |SP |PC   |T/MT |NV-BDIZC |CYCLE
----------------------------------------
00|00|00|FE |0705 |1/4  |10100100 |20394
00|00|00|FE |0705 |2/4  |10100100 |20395
00|00|00|FE |0705 |3/4  |10100100 |20396
00|00|00|FE |0705 |4/4  |10100100 |20397


---------------
Opcode: 4A
Instruction:LSR Addressing Mode:Accumulator - Operand (Value: "0x00", Address: "None")
Instruction cycle count set to 2
A |X |Y |SP |PC   |T/MT |NV-BDIZC |CYCLE
----------------------------------------
00|00|00|FE |0706 |1/2  |00100110 |20398
00|00|00|FE |0706 |2/2  |00100110 |20399


---------------
Opcode: C9
ll: 02
Instruction:CMP Addressing Mode:Immediate - Operand (Value: "0x02", Address: "None")
Instruction cycle count set to 2
A |X |Y |SP |PC   |T/MT |NV-BDIZC |CYCLE
----------------------------------------
00|00|00|FE |0708 |1/2  |10100100 |20400
00|00|00|FE |0708 |2/2  |10100100 |20401


---------------
Opcode: D0
ll: F8
Old PC: 070A Offset:-8 New PC: 0702
Instruction:BNE Addressing Mode:Relative - Operand (Value: "None", Address: "0x0702")
Instruction cycle count set to 2
A |X |Y |SP |PC   |T/MT |NV-BDIZC |CYCLE
----------------------------------------
00|00|00|FE |0702 |1/3  |10100100 |20402
00|00|00|FE |0702 |2/3  |10100100 |20403
00|00|00|FE |0702 |3/3  |10100100 |20404


---------------
Opcode: 8D
ll: 00 hh: A0
Instruction:STA Addressing Mode:Absolute - Operand (Value: "0x00", Address: "0xA000")
Writing value 0x00 to address: 0xA000
0xA000: 0x00
Instruction cycle count set to 4
A |X |Y |SP |PC   |T/MT |NV-BDIZC |CYCLE
----------------------------------------
00|00|00|FE |0705 |1/4  |10100100 |20405
00|00|00|FE |0705 |2/4  |10100100 |20406
00|00|00|FE |0705 |3/4  |10100100 |20407
00|00|00|FE |0705 |4/4  |10100100 |20408


---------------
Opcode: 4A
Instruction:LSR Addressing Mode:Accumulator - Operand (Value: "0x00", Address: "None")
Instruction cycle count set to 2
A |X |Y |SP |PC   |T/MT |NV-BDIZC |CYCLE
----------------------------------------
00|00|00|FE |0706 |1/2  |00100110 |20409
00|00|00|FE |0706 |2/2  |00100110 |20410


---------------
Opcode: C9
ll: 02
Instruction:CMP Addressing Mode:Immediate - Operand (Value: "0x02", Address: "None")
Instruction cycle count set to 2
A |X |Y |SP |PC   |T/MT |NV-BDIZC |CYCLE
----------------------------------------
00|00|00|FE |0708 |1/2  |10100100 |20411
00|00|00|FE |0708 |2/2  |10100100 |20412


---------------
Opcode: D0
ll: F8
Old PC: 070A Offset:-8 New PC: 0702
Instruction:BNE Addressing Mode:Relative - Operand (Value: "None", Address: "0x0702")
Instruction cycle count set to 2
A |X |Y |SP |PC   |T/MT |NV-BDIZC |CYCLE
----------------------------------------
00|00|00|FE |0702 |1/3  |10100100 |20413
00|00|00|FE |0702 |2/3  |10100100 |20414
00|00|00|FE |0702 |3/3  |10100100 |20415


---------------
Opcode: 8D
ll: 00 hh: A0
Instruction:STA Addressing Mode:Absolute - Operand (Value: "0x00", Address: "0xA000")
Writing value 0x00 to address: 0xA000
0xA000: 0x00
Instruction cycle count set to 4
A |X |Y |SP |PC   |T/MT |NV-BDIZC |CYCLE
----------------------------------------
00|00|00|FE |0705 |1/4  |10100100 |20416
00|00|00|FE |0705 |2/4  |10100100 |20417
00|00|00|FE |0705 |3/4  |10100100 |20418
00|00|00|FE |0705 |4/4  |10100100 |20419


---------------
Opcode: 4A
Instruction:LSR Addressing Mode:Accumulator - Operand (Value: "0x00", Address: "None")
Instruction cycle count set to 2
A |X |Y |SP |PC   |T/MT |NV-BDIZC |CYCLE
----------------------------------------
00|00|00|FE |0706 |1/2  |00100110 |20420
00|00|00|FE |0706 |2/2  |00100110 |20421


---------------
Opcode: C9
ll: 02
Instruction:CMP Addressing Mode:Immediate - Operand (Value: "0x02", Address: "None")
Instruction cycle count set to 2
A |X |Y |SP |PC   |T/MT |NV-BDIZC |CYCLE
----------------------------------------
00|00|00|FE |0708 |1/2  |10100100 |20422
00|00|00|FE |0708 |2/2  |10100100 |20423


---------------
Opcode: D0
ll: F8
Old PC: 070A Offset:-8 New PC: 0702
Instruction:BNE Addressing Mode:Relative - Operand (Value: "None", Address: "0x0702")
Instruction cycle count set to 2
A |X |Y |SP |PC   |T/MT |NV-BDIZC |CYCLE
----------------------------------------
00|00|00|FE |0702 |1/3  |10100100 |20424
00|00|00|FE |0702 |2/3  |10100100 |20425
00|00|00|FE |0702 |3/3  |10100100 |20426


---------------
Opcode: 8D
ll: 00 hh: A0
Instruction:STA Addressing Mode:Absolute - Operand (Value: "0x00", Address: "0xA000")
Writing value 0x00 to address: 0xA000
0xA000: 0x00
Instruction cycle count set to 4
A |X |Y |SP |PC   |T/MT |NV-BDIZC |CYCLE
----------------------------------------
00|00|00|FE |0705 |1/4  |10100100 |20427
00|00|00|FE |0705 |2/4  |10100100 |20428
00|00|00|FE |0705 |3/4  |10100100 |20429
00|00|00|FE |0705 |4/4  |10100100 |20430


---------------
Opcode: 4A
Instruction:LSR Addressing Mode:Accumulator - Operand (Value: "0x00", Address: "None")
Instruction cycle count set to 2
A |X |Y |SP |PC   |T/MT |NV-BDIZC |CYCLE
----------------------------------------
00|00|00|FE |0706 |1/2  |00100110 |20431
00|00|00|FE |0706 |2/2  |00100110 |20432


---------------
Opcode: C9
ll: 02
Instruction:CMP Addressing Mode:Immediate - Operand (Value: "0x02", Address: "None")
Instruction cycle count set to 2
A |X |Y |SP |PC   |T/MT |NV-BDIZC |CYCLE
----------------------------------------
00|00|00|FE |0708 |1/2  |10100100 |20433
00|00|00|FE |0708 |2/2  |10100100 |20434


---------------
Opcode: D0
ll: F8
Old PC: 070A Offset:-8 New PC: 0702
Instruction:BNE Addressing Mode:Relative - Operand (Value: "None", Address: "0x0702")
Instruction cycle count set to 2
A |X |Y |SP |PC   |T/MT |NV-BDIZC |CYCLE
----------------------------------------
00|00|00|FE |0702 |1/3  |10100100 |20435
00|00|00|FE |0702 |2/3  |10100100 |20436
00|00|00|FE |0702 |3/3  |10100100 |20437


---------------
Opcode: 8D
ll: 00 hh: A0
Instruction:STA Addressing Mode:Absolute - Operand (Value: "0x00", Address: "0xA000")
Writing value 0x00 to address: 0xA000
0xA000: 0x00
Instruction cycle count set to 4
A |X |Y |SP |PC   |T/MT |NV-BDIZC |CYCLE
----------------------------------------
00|00|00|FE |0705 |1/4  |10100100 |20438
00|00|00|FE |0705 |2/4  |10100100 |20439
00|00|00|FE |0705 |3/4  |10100100 |20440
00|00|00|FE |0705 |4/4  |10100100 |20441


---------------
Opcode: 4A
Instruction:LSR Addressing Mode:Accumulator - Operand (Value: "0x00", Address: "None")
Instruction cycle count set to 2
A |X |Y |SP |PC   |T/MT |NV-BDIZC |CYCLE
----------------------------------------
00|00|00|FE |0706 |1/2  |00100110 |20442
00|00|00|FE |0706 |2/2  |00100110 |20443


---------------
Opcode: C9
ll: 02
Instruction:CMP Addressing Mode:Immediate - Operand (Value: "0x02", Address: "None")
Instruction cycle count set to 2
A |X |Y |SP |PC   |T/MT |NV-BDIZC |CYCLE
----------------------------------------
00|00|00|FE |0708 |1/2  |10100100 |20444
00|00|00|FE |0708 |2/2  |10100100 |20445


---------------
Opcode: D0
ll: F8
Old PC: 070A Offset:-8 New PC: 0702
Instruction:BNE Addressing Mode:Relative - Operand (Value: "None", Address: "0x0702")
Instruction cycle count set to 2
A |X |Y |SP |PC   |T/MT |NV-BDIZC |CYCLE
----------------------------------------
00|00|00|FE |0702 |1/3  |10100100 |20446
00|00|00|FE |0702 |2/3  |10100100 |20447
00|00|00|FE |0702 |3/3  |10100100 |20448


---------------
Opcode: 8D
ll: 00 hh: A0
Instruction:STA Addressing Mode:Absolute - Operand (Value: "0x00", Address: "0xA000")
Writing value 0x00 to address: 0xA000
0xA000: 0x00
Instruction cycle count set to 4
A |X |Y |SP |PC   |T/MT |NV-BDIZC |CYCLE
----------------------------------------
00|00|00|FE |0705 |1/4  |10100100 |20449
00|00|00|FE |0705 |2/4  |10100100 |20450
00|00|00|FE |0705 |3/4  |10100100 |20451
00|00|00|FE |0705 |4/4  |10100100 |20452


---------------
Opcode: 4A
Instruction:LSR Addressing Mode:Accumulator - Operand (Value: "0x00", Address: "None")
Instruction cycle count set to 2
A |X |Y |SP |PC   |T/MT |NV-BDIZC |CYCLE
----------------------------------------
00|00|00|FE |0706 |1/2  |00100110 |20453
00|00|00|FE |0706 |2/2  |00100110 |20454


---------------
Opcode: C9
ll: 02
Instruction:CMP Addressing Mode:Immediate - Operand (Value: "0x02", Address: "None")
Instruction cycle count set to 2
A |X |Y |SP |PC   |T/MT |NV-BDIZC |CYCLE
----------------------------------------
00|00|00|FE |0708 |1/2  |10100100 |20455
00|00|00|FE |0708 |2/2  |10100100 |20456


---------------
Opcode: D0
ll: F8
Old PC: 070A Offset:-8 New PC: 0702
Instruction:BNE Addressing Mode:Relative - Operand (Value: "None", Address: "0x0702")
Instruction cycle count set to 2
A |X |Y |SP |PC   |T/MT |NV-BDIZC |CYCLE
----------------------------------------
00|00|00|FE |0702 |1/3  |10100100 |20457
00|00|00|FE |0702 |2/3  |10100100 |20458
00|00|00|FE |0702 |3/3  |10100100 |20459


---------------
Opcode: 8D
ll: 00 hh: A0
Instruction:STA Addressing Mode:Absolute - Operand (Value: "0x00", Address: "0xA000")
Writing value 0x00 to address: 0xA000
0xA000: 0x00
Instruction cycle count set to 4
A |X |Y |SP |PC   |T/MT |NV-BDIZC |CYCLE
----------------------------------------
00|00|00|FE |0705 |1/4  |10100100 |20460
00|00|00|FE |0705 |2/4  |10100100 |20461
00|00|00|FE |0705 |3/4  |10100100 |20462
00|00|00|FE |0705 |4/4  |10100100 |20463


---------------
Opcode: 4A
Instruction:LSR Addressing Mode:Accumulator - Operand (Value: "0x00", Address: "None")
Instruction cycle count set to 2
A |X |Y |SP |PC   |T/MT |NV-BDIZC |CYCLE
----------------------------------------
00|00|00|FE |0706 |1/2  |00100110 |20464
00|00|00|FE |0706 |2/2  |00100110 |20465


---------------
Opcode: C9
ll: 02
Instruction:CMP Addressing Mode:Immediate - Operand (Value: "0x02", Address: "None")
Instruction cycle count set to 2
A |X |Y |SP |PC   |T/MT |NV-BDIZC |CYCLE
----------------------------------------
00|00|00|FE |0708 |1/2  |10100100 |20466
00|00|00|FE |0708 |2/2  |10100100 |20467


---------------
Opcode: D0
ll: F8
Old PC: 070A Offset:-8 New PC: 0702
Instruction:BNE Addressing Mode:Relative - Operand (Value: "None", Address: "0x0702")
Instruction cycle count set to 2
A |X |Y |SP |PC   |T/MT |NV-BDIZC |CYCLE
----------------------------------------
00|00|00|FE |0702 |1/3  |10100100 |20468
00|00|00|FE |0702 |2/3  |10100100 |20469
00|00|00|FE |0702 |3/3  |10100100 |20470


---------------
Opcode: 8D
ll: 00 hh: A0
Instruction:STA Addressing Mode:Absolute - Operand (Value: "0x00", Address: "0xA000")
Writing value 0x00 to address: 0xA000
0xA000: 0x00
Instruction cycle count set to 4
A |X |Y |SP |PC   |T/MT |NV-BDIZC |CYCLE
----------------------------------------
00|00|00|FE |0705 |1/4  |10100100 |20471
00|00|00|FE |0705 |2/4  |10100100 |20472
00|00|00|FE |0705 |3/4  |10100100 |20473
00|00|00|FE |0705 |4/4  |10100100 |20474


---------------
Opcode: 4A
Instruction:LSR Addressing Mode:Accumulator - Operand (Value: "0x00", Address: "None")
Instruction cycle count set to 2
A |X |Y |SP |PC   |T/MT |NV-BDIZC |CYCLE
----------------------------------------
00|00|00|FE |0706 |1/2  |00100110 |20475
00|00|00|FE |0706 |2/2  |00100110 |20476


---------------
Opcode: C9
ll: 02
Instruction:CMP Addressing Mode:Immediate - Operand (Value: "0x02", Address: "None")
Instruction cycle count set to 2
A |X |Y |SP |PC   |T/MT |NV-BDIZC |CYCLE
----------------------------------------
00|00|00|FE |0708 |1/2  |10100100 |20477
00|00|00|FE |0708 |2/2  |10100100 |20478


---------------
Opcode: D0
ll: F8
Old PC: 070A Offset:-8 New PC: 0702
Instruction:BNE Addressing Mode:Relative - Operand (Value: "None", Address: "0x0702")
Instruction cycle count set to 2
A |X |Y |SP |PC   |T/MT |NV-BDIZC |CYCLE
----------------------------------------
00|00|00|FE |0702 |1/3  |10100100 |20479
00|00|00|FE |0702 |2/3  |10100100 |20480
00|00|00|FE |0702 |3/3  |10100100 |20481


---------------
Opcode: 8D
ll: 00 hh: A0
Instruction:STA Addressing Mode:Absolute - Operand (Value: "0x00", Address: "0xA000")
Writing value 0x00 to address: 0xA000
0xA000: 0x00
Instruction cycle count set to 4
A |X |Y |SP |PC   |T/MT |NV-BDIZC |CYCLE
----------------------------------------
00|00|00|FE |0705 |1/4  |10100100 |20482
00|00|00|FE |0705 |2/4  |10100100 |20483
00|00|00|FE |0705 |3/4  |10100100 |20484
00|00|00|FE |0705 |4/4  |10100100 |20485


---------------
Opcode: 4A
Instruction:LSR Addressing Mode:Accumulator - Operand (Value: "0x00", Address: "None")
Instruction cycle count set to 2
A |X |Y |SP |PC   |T/MT |NV-BDIZC |CYCLE
----------------------------------------
00|00|00|FE |0706 |1/2  |00100110 |20486
00|00|00|FE |0706 |2/2  |00100110 |20487


---------------
Opcode: C9
ll: 02
Instruction:CMP Addressing Mode:Immediate - Operand (Value: "0x02", Address: "None")
Instruction cycle count set to 2
A |X |Y |SP |PC   |T/MT |NV-BDIZC |CYCLE
----------------------------------------
00|00|00|FE |0708 |1/2  |10100100 |20488
00|00|00|FE |0708 |2/2  |10100100 |20489


---------------
Opcode: D0
ll: F8
Old PC: 070A Offset:-8 New PC: 0702
Instruction:BNE Addressing Mode:Relative - Operand (Value: "None", Address: "0x0702")
Instruction cycle count set to 2
A |X |Y |SP |PC   |T/MT |NV-BDIZC |CYCLE
----------------------------------------
00|00|00|FE |0702 |1/3  |10100100 |20490
00|00|00|FE |0702 |2/3  |10100100 |20491
00|00|00|FE |0702 |3/3  |10100100 |20492


---------------
Opcode: 8D
ll: 00 hh: A0
Instruction:STA Addressing Mode:Absolute - Operand (Value: "0x00", Address: "0xA000")
Writing value 0x00 to address: 0xA000
0xA000: 0x00
Instruction cycle count set to 4
A |X |Y |SP |PC   |T/MT |NV-BDIZC |CYCLE
----------------------------------------
00|00|00|FE |0705 |1/4  |10100100 |20493
00|00|00|FE |0705 |2/4  |10100100 |20494
00|00|00|FE |0705 |3/4  |10100100 |20495
00|00|00|FE |0705 |4/4  |10100100 |20496


---------------
Opcode: 4A
Instruction:LSR Addressing Mode:Accumulator - Operand (Value: "0x00", Address: "None")
Instruction cycle count set to 2
A |X |Y |SP |PC   |T/MT |NV-BDIZC |CYCLE
----------------------------------------
00|00|00|FE |0706 |1/2  |00100110 |20497
00|00|00|FE |0706 |2/2  |00100110 |20498


---------------
Opcode: C9
ll: 02
Instruction:CMP Addressing Mode:Immediate - Operand (Value: "0x02", Address: "None")
Instruction cycle count set to 2
A |X |Y |SP |PC   |T/MT |NV-BDIZC |CYCLE
----------------------------------------
00|00|00|FE |0708 |1/2  |10100100 |20499
00|00|00|FE |0708 |2/2  |10100100 |20500


---------------
Opcode: D0
ll: F8
Old PC: 070A Offset:-8 New PC: 0702
Instruction:BNE Addressing Mode:Relative - Operand (Value: "None", Address: "0x0702")
Instruction cycle count set to 2
A |X |Y |SP |PC   |T/MT |NV-BDIZC |CYCLE
----------------------------------------
00|00|00|FE |0702 |1/3  |10100100 |20501
00|00|00|FE |0702 |2/3  |10100100 |20502
00|00|00|FE |0702 |3/3  |10100100 |20503


---------------
Opcode: 8D
ll: 00 hh: A0
Instruction:STA Addressing Mode:Absolute - Operand (Value: "0x00", Address: "0xA000")
Writing value 0x00 to address: 0xA000
0xA000: 0x00
Instruction cycle count set to 4
A |X |Y |SP |PC   |T/MT |NV-BDIZC |CYCLE
----------------------------------------
00|00|00|FE |0705 |1/4  |10100100 |20504
00|00|00|FE |0705 |2/4  |10100100 |20505
00|00|00|FE |0705 |3/4  |10100100 |20506
00|00|00|FE |0705 |4/4  |10100100 |20507


---------------
Opcode: 4A
Instruction:LSR Addressing Mode:Accumulator - Operand (Value: "0x00", Address: "None")
Instruction cycle count set to 2
A |X |Y |SP |PC   |T/MT |NV-BDIZC |CYCLE
----------------------------------------
00|00|00|FE |0706 |1/2  |00100110 |20508
00|00|00|FE |0706 |2/2  |00100110 |20509


---------------
Opcode: C9
ll: 02
Instruction:CMP Addressing Mode:Immediate - Operand (Value: "0x02", Address: "None")
Instruction cycle count set to 2
A |X |Y |SP |PC   |T/MT |NV-BDIZC |CYCLE
----------------------------------------
00|00|00|FE |0708 |1/2  |10100100 |20510
00|00|00|FE |0708 |2/2  |10100100 |20511


---------------
Opcode: D0
ll: F8
Old PC: 070A Offset:-8 New PC: 0702
Instruction:BNE Addressing Mode:Relative - Operand (Value: "None", Address: "0x0702")
Instruction cycle count set to 2
A |X |Y |SP |PC   |T/MT |NV-BDIZC |CYCLE
----------------------------------------
00|00|00|FE |0702 |1/3  |10100100 |20512
00|00|00|FE |0702 |2/3  |10100100 |20513
00|00|00|FE |0702 |3/3  |10100100 |20514


---------------
Opcode: 8D
ll: 00 hh: A0
Instruction:STA Addressing Mode:Absolute - Operand (Value: "0x00", Address: "0xA000")
Writing value 0x00 to address: 0xA000
0xA000: 0x00
Instruction cycle count set to 4
A |X |Y |SP |PC   |T/MT |NV-BDIZC |CYCLE
----------------------------------------
00|00|00|FE |0705 |1/4  |10100100 |20515
00|00|00|FE |0705 |2/4  |10100100 |20516
00|00|00|FE |0705 |3/4  |10100100 |20517
00|00|00|FE |0705 |4/4  |10100100 |20518


---------------
Opcode: 4A
Instruction:LSR Addressing Mode:Accumulator - Operand (Value: "0x00", Address: "None")
Instruction cycle count set to 2
A |X |Y |SP |PC   |T/MT |NV-BDIZC |CYCLE
----------------------------------------
00|00|00|FE |0706 |1/2  |00100110 |20519
00|00|00|FE |0706 |2/2  |00100110 |20520


---------------
Opcode: C9
ll: 02
Instruction:CMP Addressing Mode:Immediate - Operand (Value: "0x02", Address: "None")
Instruction cycle count set to 2
A |X |Y |SP |PC   |T/MT |NV-BDIZC |CYCLE
----------------------------------------
00|00|00|FE |0708 |1/2  |10100100 |20521
00|00|00|FE |0708 |2/2  |10100100 |20522


---------------
Opcode: D0
ll: F8
Old PC: 070A Offset:-8 New PC: 0702
Instruction:BNE Addressing Mode:Relative - Operand (Value: "None", Address: "0x0702")
Instruction cycle count set to 2
A |X |Y |SP |PC   |T/MT |NV-BDIZC |CYCLE
----------------------------------------
00|00|00|FE |0702 |1/3  |10100100 |20523
00|00|00|FE |0702 |2/3  |10100100 |20524
00|00|00|FE |0702 |3/3  |10100100 |20525


---------------
Opcode: 8D
ll: 00 hh: A0
Instruction:STA Addressing Mode:Absolute - Operand (Value: "0x00", Address: "0xA000")
Writing value 0x00 to address: 0xA000
0xA000: 0x00
Instruction cycle count set to 4
A |X |Y |SP |PC   |T/MT |NV-BDIZC |CYCLE
----------------------------------------
00|00|00|FE |0705 |1/4  |10100100 |20526
00|00|00|FE |0705 |2/4  |10100100 |20527
00|00|00|FE |0705 |3/4  |10100100 |20528
00|00|00|FE |0705 |4/4  |10100100 |20529


---------------
Opcode: 4A
Instruction:LSR Addressing Mode:Accumulator - Operand (Value: "0x00", Address: "None")
Instruction cycle count set to 2
A |X |Y |SP |PC   |T/MT |NV-BDIZC |CYCLE
----------------------------------------
00|00|00|FE |0706 |1/2  |00100110 |20530
00|00|00|FE |0706 |2/2  |00100110 |20531


---------------
Opcode: C9
ll: 02
Instruction:CMP Addressing Mode:Immediate - Operand (Value: "0x02", Address: "None")
Instruction cycle count set to 2
A |X |Y |SP |PC   |T/MT |NV-BDIZC |CYCLE
----------------------------------------
00|00|00|FE |0708 |1/2  |10100100 |20532
00|00|00|FE |0708 |2/2  |10100100 |20533


---------------
Opcode: D0
ll: F8
Old PC: 070A Offset:-8 New PC: 0702
Instruction:BNE Addressing Mode:Relative - Operand (Value: "None", Address: "0x0702")
Instruction cycle count set to 2
A |X |Y |SP |PC   |T/MT |NV-BDIZC |CYCLE
----------------------------------------
00|00|00|FE |0702 |1/3  |10100100 |20534
00|00|00|FE |0702 |2/3  |10100100 |20535
00|00|00|FE |0702 |3/3  |10100100 |20536


---------------
Opcode: 8D
ll: 00 hh: A0
Instruction:STA Addressing Mode:Absolute - Operand (Value: "0x00", Address: "0xA000")
Writing value 0x00 to address: 0xA000
0xA000: 0x00
Instruction cycle count set to 4
A |X |Y |SP |PC   |T/MT |NV-BDIZC |CYCLE
----------------------------------------
00|00|00|FE |0705 |1/4  |10100100 |20537
00|00|00|FE |0705 |2/4  |10100100 |20538
00|00|00|FE |0705 |3/4  |10100100 |20539
00|00|00|FE |0705 |4/4  |10100100 |20540


---------------
Opcode: 4A
Instruction:LSR Addressing Mode:Accumulator - Operand (Value: "0x00", Address: "None")
Instruction cycle count set to 2
A |X |Y |SP |PC   |T/MT |NV-BDIZC |CYCLE
----------------------------------------
00|00|00|FE |0706 |1/2  |00100110 |20541
00|00|00|FE |0706 |2/2  |00100110 |20542


---------------
Opcode: C9
ll: 02
Instruction:CMP Addressing Mode:Immediate - Operand (Value: "0x02", Address: "None")
Instruction cycle count set to 2
A |X |Y |SP |PC   |T/MT |NV-BDIZC |CYCLE
----------------------------------------
00|00|00|FE |0708 |1/2  |10100100 |20543
00|00|00|FE |0708 |2/2  |10100100 |20544


---------------
Opcode: D0
ll: F8
Old PC: 070A Offset:-8 New PC: 0702
Instruction:BNE Addressing Mode:Relative - Operand (Value: "None", Address: "0x0702")
Instruction cycle count set to 2
A |X |Y |SP |PC   |T/MT |NV-BDIZC |CYCLE
----------------------------------------
00|00|00|FE |0702 |1/3  |10100100 |20545
00|00|00|FE |0702 |2/3  |10100100 |20546
00|00|00|FE |0702 |3/3  |10100100 |20547


---------------
Opcode: 8D
ll: 00 hh: A0
Instruction:STA Addressing Mode:Absolute - Operand (Value: "0x00", Address: "0xA000")
Writing value 0x00 to address: 0xA000
0xA000: 0x00
Instruction cycle count set to 4
A |X |Y |SP |PC   |T/MT |NV-BDIZC |CYCLE
----------------------------------------
00|00|00|FE |0705 |1/4  |10100100 |20548
00|00|00|FE |0705 |2/4  |10100100 |20549
00|00|00|FE |0705 |3/4  |10100100 |20550
00|00|00|FE |0705 |4/4  |10100100 |20551


---------------
Opcode: 4A
Instruction:LSR Addressing Mode:Accumulator - Operand (Value: "0x00", Address: "None")
Instruction cycle count set to 2
A |X |Y |SP |PC   |T/MT |NV-BDIZC |CYCLE
----------------------------------------
00|00|00|FE |0706 |1/2  |00100110 |20552
00|00|00|FE |0706 |2/2  |00100110 |20553


---------------
Opcode: C9
ll: 02
Instruction:CMP Addressing Mode:Immediate - Operand (Value: "0x02", Address: "None")
Instruction cycle count set to 2
A |X |Y |SP |PC   |T/MT |NV-BDIZC |CYCLE
----------------------------------------
00|00|00|FE |0708 |1/2  |10100100 |20554
00|00|00|FE |0708 |2/2  |10100100 |20555


---------------
Opcode: D0
ll: F8
Old PC: 070A Offset:-8 New PC: 0702
Instruction:BNE Addressing Mode:Relative - Operand (Value: "None", Address: "0x0702")
Instruction cycle count set to 2
A |X |Y |SP |PC   |T/MT |NV-BDIZC |CYCLE
----------------------------------------
00|00|00|FE |0702 |1/3  |10100100 |20556
00|00|00|FE |0702 |2/3  |10100100 |20557
00|00|00|FE |0702 |3/3  |10100100 |20558


---------------
Opcode: 8D
ll: 00 hh: A0
Instruction:STA Addressing Mode:Absolute - Operand (Value: "0x00", Address: "0xA000")
Writing value 0x00 to address: 0xA000
0xA000: 0x00
Instruction cycle count set to 4
A |X |Y |SP |PC   |T/MT |NV-BDIZC |CYCLE
----------------------------------------
00|00|00|FE |0705 |1/4  |10100100 |20559
00|00|00|FE |0705 |2/4  |10100100 |20560
00|00|00|FE |0705 |3/4  |10100100 |20561
00|00|00|FE |0705 |4/4  |10100100 |20562


---------------
Opcode: 4A
Instruction:LSR Addressing Mode:Accumulator - Operand (Value: "0x00", Address: "None")
Instruction cycle count set to 2
A |X |Y |SP |PC   |T/MT |NV-BDIZC |CYCLE
----------------------------------------
00|00|00|FE |0706 |1/2  |00100110 |20563
00|00|00|FE |0706 |2/2  |00100110 |20564


---------------
Opcode: C9
ll: 02
Instruction:CMP Addressing Mode:Immediate - Operand (Value: "0x02", Address: "None")
Instruction cycle count set to 2
A |X |Y |SP |PC   |T/MT |NV-BDIZC |CYCLE
----------------------------------------
00|00|00|FE |0708 |1/2  |10100100 |20565
00|00|00|FE |0708 |2/2  |10100100 |20566


---------------
Opcode: D0
ll: F8
Old PC: 070A Offset:-8 New PC: 0702
Instruction:BNE Addressing Mode:Relative - Operand (Value: "None", Address: "0x0702")
Instruction cycle count set to 2
A |X |Y |SP |PC   |T/MT |NV-BDIZC |CYCLE
----------------------------------------
00|00|00|FE |0702 |1/3  |10100100 |20567
00|00|00|FE |0702 |2/3  |10100100 |20568
00|00|00|FE |0702 |3/3  |10100100 |20569


---------------
Opcode: 8D
ll: 00 hh: A0
Instruction:STA Addressing Mode:Absolute - Operand (Value: "0x00", Address: "0xA000")
Writing value 0x00 to address: 0xA000
0xA000: 0x00
Instruction cycle count set to 4
A |X |Y |SP |PC   |T/MT |NV-BDIZC |CYCLE
----------------------------------------
00|00|00|FE |0705 |1/4  |10100100 |20570
00|00|00|FE |0705 |2/4  |10100100 |20571
00|00|00|FE |0705 |3/4  |10100100 |20572
00|00|00|FE |0705 |4/4  |10100100 |20573


---------------
Opcode: 4A
Instruction:LSR Addressing Mode:Accumulator - Operand (Value: "0x00", Address: "None")
Instruction cycle count set to 2
A |X |Y |SP |PC   |T/MT |NV-BDIZC |CYCLE
----------------------------------------
00|00|00|FE |0706 |1/2  |00100110 |20574
00|00|00|FE |0706 |2/2  |00100110 |20575


---------------
Opcode: C9
ll: 02
Instruction:CMP Addressing Mode:Immediate - Operand (Value: "0x02", Address: "None")
Instruction cycle count set to 2
A |X |Y |SP |PC   |T/MT |NV-BDIZC |CYCLE
----------------------------------------
00|00|00|FE |0708 |1/2  |10100100 |20576
00|00|00|FE |0708 |2/2  |10100100 |20577


---------------
Opcode: D0
ll: F8
Old PC: 070A Offset:-8 New PC: 0702
Instruction:BNE Addressing Mode:Relative - Operand (Value: "None", Address: "0x0702")
Instruction cycle count set to 2
A |X |Y |SP |PC   |T/MT |NV-BDIZC |CYCLE
----------------------------------------
00|00|00|FE |0702 |1/3  |10100100 |20578
00|00|00|FE |0702 |2/3  |10100100 |20579
00|00|00|FE |0702 |3/3  |10100100 |20580


---------------
Opcode: 8D
ll: 00 hh: A0
Instruction:STA Addressing Mode:Absolute - Operand (Value: "0x00", Address: "0xA000")
Writing value 0x00 to address: 0xA000
0xA000: 0x00
Instruction cycle count set to 4
A |X |Y |SP |PC   |T/MT |NV-BDIZC |CYCLE
----------------------------------------
00|00|00|FE |0705 |1/4  |10100100 |20581
00|00|00|FE |0705 |2/4  |10100100 |20582
00|00|00|FE |0705 |3/4  |10100100 |20583
00|00|00|FE |0705 |4/4  |10100100 |20584


---------------
Opcode: 4A
Instruction:LSR Addressing Mode:Accumulator - Operand (Value: "0x00", Address: "None")
Instruction cycle count set to 2
A |X |Y |SP |PC   |T/MT |NV-BDIZC |CYCLE
----------------------------------------
00|00|00|FE |0706 |1/2  |00100110 |20585
00|00|00|FE |0706 |2/2  |00100110 |20586


---------------
Opcode: C9
ll: 02
Instruction:CMP Addressing Mode:Immediate - Operand (Value: "0x02", Address: "None")
Instruction cycle count set to 2
A |X |Y |SP |PC   |T/MT |NV-BDIZC |CYCLE
----------------------------------------
00|00|00|FE |0708 |1/2  |10100100 |20587
00|00|00|FE |0708 |2/2  |10100100 |20588


---------------
Opcode: D0
ll: F8
Old PC: 070A Offset:-8 New PC: 0702
Instruction:BNE Addressing Mode:Relative - Operand (Value: "None", Address: "0x0702")
Instruction cycle count set to 2
A |X |Y |SP |PC   |T/MT |NV-BDIZC |CYCLE
----------------------------------------
00|00|00|FE |0702 |1/3  |10100100 |20589
00|00|00|FE |0702 |2/3  |10100100 |20590
00|00|00|FE |0702 |3/3  |10100100 |20591


---------------
Opcode: 8D
ll: 00 hh: A0
Instruction:STA Addressing Mode:Absolute - Operand (Value: "0x00", Address: "0xA000")
Writing value 0x00 to address: 0xA000
0xA000: 0x00
Instruction cycle count set to 4
A |X |Y |SP |PC   |T/MT |NV-BDIZC |CYCLE
----------------------------------------
00|00|00|FE |0705 |1/4  |10100100 |20592
00|00|00|FE |0705 |2/4  |10100100 |20593
00|00|00|FE |0705 |3/4  |10100100 |20594
00|00|00|FE |0705 |4/4  |10100100 |20595


---------------
Opcode: 4A
Instruction:LSR Addressing Mode:Accumulator - Operand (Value: "0x00", Address: "None")
Instruction cycle count set to 2
A |X |Y |SP |PC   |T/MT |NV-BDIZC |CYCLE
----------------------------------------
00|00|00|FE |0706 |1/2  |00100110 |20596
00|00|00|FE |0706 |2/2  |00100110 |20597


---------------
Opcode: C9
ll: 02
Instruction:CMP Addressing Mode:Immediate - Operand (Value: "0x02", Address: "None")
Instruction cycle count set to 2
A |X |Y |SP |PC   |T/MT |NV-BDIZC |CYCLE
----------------------------------------
00|00|00|FE |0708 |1/2  |10100100 |20598
00|00|00|FE |0708 |2/2  |10100100 |20599


---------------
Opcode: D0
ll: F8
Old PC: 070A Offset:-8 New PC: 0702
Instruction:BNE Addressing Mode:Relative - Operand (Value: "None", Address: "0x0702")
Instruction cycle count set to 2
A |X |Y |SP |PC   |T/MT |NV-BDIZC |CYCLE
----------------------------------------
00|00|00|FE |0702 |1/3  |10100100 |20600
00|00|00|FE |0702 |2/3  |10100100 |20601
00|00|00|FE |0702 |3/3  |10100100 |20602


---------------
Opcode: 8D
ll: 00 hh: A0
Instruction:STA Addressing Mode:Absolute - Operand (Value: "0x00", Address: "0xA000")
Writing value 0x00 to address: 0xA000
0xA000: 0x00
Instruction cycle count set to 4
A |X |Y |SP |PC   |T/MT |NV-BDIZC |CYCLE
----------------------------------------
00|00|00|FE |0705 |1/4  |10100100 |20603
00|00|00|FE |0705 |2/4  |10100100 |20604
00|00|00|FE |0705 |3/4  |10100100 |20605
00|00|00|FE |0705 |4/4  |10100100 |20606


---------------
Opcode: 4A
Instruction:LSR Addressing Mode:Accumulator - Operand (Value: "0x00", Address: "None")
Instruction cycle count set to 2
A |X |Y |SP |PC   |T/MT |NV-BDIZC |CYCLE
----------------------------------------
00|00|00|FE |0706 |1/2  |00100110 |20607
00|00|00|FE |0706 |2/2  |00100110 |20608


---------------
Opcode: C9
ll: 02
Instruction:CMP Addressing Mode:Immediate - Operand (Value: "0x02", Address: "None")
Instruction cycle count set to 2
A |X |Y |SP |PC   |T/MT |NV-BDIZC |CYCLE
----------------------------------------
00|00|00|FE |0708 |1/2  |10100100 |20609
00|00|00|FE |0708 |2/2  |10100100 |20610


---------------
Opcode: D0
ll: F8
Old PC: 070A Offset:-8 New PC: 0702
Instruction:BNE Addressing Mode:Relative - Operand (Value: "None", Address: "0x0702")
Instruction cycle count set to 2
A |X |Y |SP |PC   |T/MT |NV-BDIZC |CYCLE
----------------------------------------
00|00|00|FE |0702 |1/3  |10100100 |20611
00|00|00|FE |0702 |2/3  |10100100 |20612
00|00|00|FE |0702 |3/3  |10100100 |20613


---------------
Opcode: 8D
ll: 00 hh: A0
Instruction:STA Addressing Mode:Absolute - Operand (Value: "0x00", Address: "0xA000")
Writing value 0x00 to address: 0xA000
0xA000: 0x00
Instruction cycle count set to 4
A |X |Y |SP |PC   |T/MT |NV-BDIZC |CYCLE
----------------------------------------
00|00|00|FE |0705 |1/4  |10100100 |20614
00|00|00|FE |0705 |2/4  |10100100 |20615
00|00|00|FE |0705 |3/4  |10100100 |20616
00|00|00|FE |0705 |4/4  |10100100 |20617


---------------
Opcode: 4A
Instruction:LSR Addressing Mode:Accumulator - Operand (Value: "0x00", Address: "None")
Instruction cycle count set to 2
A |X |Y |SP |PC   |T/MT |NV-BDIZC |CYCLE
----------------------------------------
00|00|00|FE |0706 |1/2  |00100110 |20618
00|00|00|FE |0706 |2/2  |00100110 |20619


---------------
Opcode: C9
ll: 02
Instruction:CMP Addressing Mode:Immediate - Operand (Value: "0x02", Address: "None")
Instruction cycle count set to 2
A |X |Y |SP |PC   |T/MT |NV-BDIZC |CYCLE
----------------------------------------
00|00|00|FE |0708 |1/2  |10100100 |20620
00|00|00|FE |0708 |2/2  |10100100 |20621


---------------
Opcode: D0
ll: F8
Old PC: 070A Offset:-8 New PC: 0702
Instruction:BNE Addressing Mode:Relative - Operand (Value: "None", Address: "0x0702")
Instruction cycle count set to 2
A |X |Y |SP |PC   |T/MT |NV-BDIZC |CYCLE
----------------------------------------
00|00|00|FE |0702 |1/3  |10100100 |20622
00|00|00|FE |0702 |2/3  |10100100 |20623
00|00|00|FE |0702 |3/3  |10100100 |20624


---------------
Opcode: 8D
ll: 00 hh: A0
Instruction:STA Addressing Mode:Absolute - Operand (Value: "0x00", Address: "0xA000")
Writing value 0x00 to address: 0xA000
0xA000: 0x00
Instruction cycle count set to 4
A |X |Y |SP |PC   |T/MT |NV-BDIZC |CYCLE
----------------------------------------
00|00|00|FE |0705 |1/4  |10100100 |20625
00|00|00|FE |0705 |2/4  |10100100 |20626
00|00|00|FE |0705 |3/4  |10100100 |20627
00|00|00|FE |0705 |4/4  |10100100 |20628


---------------
Opcode: 4A
Instruction:LSR Addressing Mode:Accumulator - Operand (Value: "0x00", Address: "None")
Instruction cycle count set to 2
A |X |Y |SP |PC   |T/MT |NV-BDIZC |CYCLE
----------------------------------------
00|00|00|FE |0706 |1/2  |00100110 |20629
00|00|00|FE |0706 |2/2  |00100110 |20630


---------------
Opcode: C9
ll: 02
Instruction:CMP Addressing Mode:Immediate - Operand (Value: "0x02", Address: "None")
Instruction cycle count set to 2
A |X |Y |SP |PC   |T/MT |NV-BDIZC |CYCLE
----------------------------------------
00|00|00|FE |0708 |1/2  |10100100 |20631
00|00|00|FE |0708 |2/2  |10100100 |20632


---------------
Opcode: D0
ll: F8
Old PC: 070A Offset:-8 New PC: 0702
Instruction:BNE Addressing Mode:Relative - Operand (Value: "None", Address: "0x0702")
Instruction cycle count set to 2
A |X |Y |SP |PC   |T/MT |NV-BDIZC |CYCLE
----------------------------------------
00|00|00|FE |0702 |1/3  |10100100 |20633
00|00|00|FE |0702 |2/3  |10100100 |20634
00|00|00|FE |0702 |3/3  |10100100 |20635


---------------
Opcode: 8D
ll: 00 hh: A0
Instruction:STA Addressing Mode:Absolute - Operand (Value: "0x00", Address: "0xA000")
Writing value 0x00 to address: 0xA000
0xA000: 0x00
Instruction cycle count set to 4
A |X |Y |SP |PC   |T/MT |NV-BDIZC |CYCLE
----------------------------------------
00|00|00|FE |0705 |1/4  |10100100 |20636
00|00|00|FE |0705 |2/4  |10100100 |20637
00|00|00|FE |0705 |3/4  |10100100 |20638
00|00|00|FE |0705 |4/4  |10100100 |20639


---------------
Opcode: 4A
Instruction:LSR Addressing Mode:Accumulator - Operand (Value: "0x00", Address: "None")
Instruction cycle count set to 2
A |X |Y |SP |PC   |T/MT |NV-BDIZC |CYCLE
----------------------------------------
00|00|00|FE |0706 |1/2  |00100110 |20640
00|00|00|FE |0706 |2/2  |00100110 |20641


---------------
Opcode: C9
ll: 02
Instruction:CMP Addressing Mode:Immediate - Operand (Value: "0x02", Address: "None")
Instruction cycle count set to 2
A |X |Y |SP |PC   |T/MT |NV-BDIZC |CYCLE
----------------------------------------
00|00|00|FE |0708 |1/2  |10100100 |20642
00|00|00|FE |0708 |2/2  |10100100 |20643


---------------
Opcode: D0
ll: F8
Old PC: 070A Offset:-8 New PC: 0702
Instruction:BNE Addressing Mode:Relative - Operand (Value: "None", Address: "0x0702")
Instruction cycle count set to 2
A |X |Y |SP |PC   |T/MT |NV-BDIZC |CYCLE
----------------------------------------
00|00|00|FE |0702 |1/3  |10100100 |20644
00|00|00|FE |0702 |2/3  |10100100 |20645
00|00|00|FE |0702 |3/3  |10100100 |20646


---------------
Opcode: 8D
ll: 00 hh: A0
Instruction:STA Addressing Mode:Absolute - Operand (Value: "0x00", Address: "0xA000")
Writing value 0x00 to address: 0xA000
0xA000: 0x00
Instruction cycle count set to 4
A |X |Y |SP |PC   |T/MT |NV-BDIZC |CYCLE
----------------------------------------
00|00|00|FE |0705 |1/4  |10100100 |20647
00|00|00|FE |0705 |2/4  |10100100 |20648
00|00|00|FE |0705 |3/4  |10100100 |20649
00|00|00|FE |0705 |4/4  |10100100 |20650


---------------
Opcode: 4A
Instruction:LSR Addressing Mode:Accumulator - Operand (Value: "0x00", Address: "None")
Instruction cycle count set to 2
A |X |Y |SP |PC   |T/MT |NV-BDIZC |CYCLE
----------------------------------------
00|00|00|FE |0706 |1/2  |00100110 |20651
00|00|00|FE |0706 |2/2  |00100110 |20652


---------------
Opcode: C9
ll: 02
Instruction:CMP Addressing Mode:Immediate - Operand (Value: "0x02", Address: "None")
Instruction cycle count set to 2
A |X |Y |SP |PC   |T/MT |NV-BDIZC |CYCLE
----------------------------------------
00|00|00|FE |0708 |1/2  |10100100 |20653
00|00|00|FE |0708 |2/2  |10100100 |20654


---------------
Opcode: D0
ll: F8
Old PC: 070A Offset:-8 New PC: 0702
Instruction:BNE Addressing Mode:Relative - Operand (Value: "None", Address: "0x0702")
Instruction cycle count set to 2
A |X |Y |SP |PC   |T/MT |NV-BDIZC |CYCLE
----------------------------------------
00|00|00|FE |0702 |1/3  |10100100 |20655
00|00|00|FE |0702 |2/3  |10100100 |20656
00|00|00|FE |0702 |3/3  |10100100 |20657


---------------
Opcode: 8D
ll: 00 hh: A0
Instruction:STA Addressing Mode:Absolute - Operand (Value: "0x00", Address: "0xA000")
Writing value 0x00 to address: 0xA000
0xA000: 0x00
Instruction cycle count set to 4
A |X |Y |SP |PC   |T/MT |NV-BDIZC |CYCLE
----------------------------------------
00|00|00|FE |0705 |1/4  |10100100 |20658
00|00|00|FE |0705 |2/4  |10100100 |20659
00|00|00|FE |0705 |3/4  |10100100 |20660
00|00|00|FE |0705 |4/4  |10100100 |20661


---------------
Opcode: 4A
Instruction:LSR Addressing Mode:Accumulator - Operand (Value: "0x00", Address: "None")
Instruction cycle count set to 2
A |X |Y |SP |PC   |T/MT |NV-BDIZC |CYCLE
----------------------------------------
00|00|00|FE |0706 |1/2  |00100110 |20662
00|00|00|FE |0706 |2/2  |00100110 |20663


---------------
Opcode: C9
ll: 02
Instruction:CMP Addressing Mode:Immediate - Operand (Value: "0x02", Address: "None")
Instruction cycle count set to 2
A |X |Y |SP |PC   |T/MT |NV-BDIZC |CYCLE
----------------------------------------
00|00|00|FE |0708 |1/2  |10100100 |20664
00|00|00|FE |0708 |2/2  |10100100 |20665


---------------
Opcode: D0
ll: F8
Old PC: 070A Offset:-8 New PC: 0702
Instruction:BNE Addressing Mode:Relative - Operand (Value: "None", Address: "0x0702")
Instruction cycle count set to 2
A |X |Y |SP |PC   |T/MT |NV-BDIZC |CYCLE
----------------------------------------
00|00|00|FE |0702 |1/3  |10100100 |20666
00|00|00|FE |0702 |2/3  |10100100 |20667
00|00|00|FE |0702 |3/3  |10100100 |20668


---------------
Opcode: 8D
ll: 00 hh: A0
Instruction:STA Addressing Mode:Absolute - Operand (Value: "0x00", Address: "0xA000")
Writing value 0x00 to address: 0xA000
0xA000: 0x00
Instruction cycle count set to 4
A |X |Y |SP |PC   |T/MT |NV-BDIZC |CYCLE
----------------------------------------
00|00|00|FE |0705 |1/4  |10100100 |20669
00|00|00|FE |0705 |2/4  |10100100 |20670
00|00|00|FE |0705 |3/4  |10100100 |20671
00|00|00|FE |0705 |4/4  |10100100 |20672


---------------
Opcode: 4A
Instruction:LSR Addressing Mode:Accumulator - Operand (Value: "0x00", Address: "None")
Instruction cycle count set to 2
A |X |Y |SP |PC   |T/MT |NV-BDIZC |CYCLE
----------------------------------------
00|00|00|FE |0706 |1/2  |00100110 |20673
00|00|00|FE |0706 |2/2  |00100110 |20674


---------------
Opcode: C9
ll: 02
Instruction:CMP Addressing Mode:Immediate - Operand (Value: "0x02", Address: "None")
Instruction cycle count set to 2
A |X |Y |SP |PC   |T/MT |NV-BDIZC |CYCLE
----------------------------------------
00|00|00|FE |0708 |1/2  |10100100 |20675
00|00|00|FE |0708 |2/2  |10100100 |20676


---------------
Opcode: D0
ll: F8
Old PC: 070A Offset:-8 New PC: 0702
Instruction:BNE Addressing Mode:Relative - Operand (Value: "None", Address: "0x0702")
Instruction cycle count set to 2
A |X |Y |SP |PC   |T/MT |NV-BDIZC |CYCLE
----------------------------------------
00|00|00|FE |0702 |1/3  |10100100 |20677
00|00|00|FE |0702 |2/3  |10100100 |20678
00|00|00|FE |0702 |3/3  |10100100 |20679


---------------
Opcode: 8D
ll: 00 hh: A0
Instruction:STA Addressing Mode:Absolute - Operand (Value: "0x00", Address: "0xA000")
Writing value 0x00 to address: 0xA000
0xA000: 0x00
Instruction cycle count set to 4
A |X |Y |SP |PC   |T/MT |NV-BDIZC |CYCLE
----------------------------------------
00|00|00|FE |0705 |1/4  |10100100 |20680
00|00|00|FE |0705 |2/4  |10100100 |20681
00|00|00|FE |0705 |3/4  |10100100 |20682
00|00|00|FE |0705 |4/4  |10100100 |20683


---------------
Opcode: 4A
Instruction:LSR Addressing Mode:Accumulator - Operand (Value: "0x00", Address: "None")
Instruction cycle count set to 2
A |X |Y |SP |PC   |T/MT |NV-BDIZC |CYCLE
----------------------------------------
00|00|00|FE |0706 |1/2  |00100110 |20684
00|00|00|FE |0706 |2/2  |00100110 |20685


---------------
Opcode: C9
ll: 02
Instruction:CMP Addressing Mode:Immediate - Operand (Value: "0x02", Address: "None")
Instruction cycle count set to 2
A |X |Y |SP |PC   |T/MT |NV-BDIZC |CYCLE
----------------------------------------
00|00|00|FE |0708 |1/2  |10100100 |20686
00|00|00|FE |0708 |2/2  |10100100 |20687


---------------
Opcode: D0
ll: F8
Old PC: 070A Offset:-8 New PC: 0702
Instruction:BNE Addressing Mode:Relative - Operand (Value: "None", Address: "0x0702")
Instruction cycle count set to 2
A |X |Y |SP |PC   |T/MT |NV-BDIZC |CYCLE
----------------------------------------
00|00|00|FE |0702 |1/3  |10100100 |20688
00|00|00|FE |0702 |2/3  |10100100 |20689
00|00|00|FE |0702 |3/3  |10100100 |20690


---------------
Opcode: 8D
ll: 00 hh: A0
Instruction:STA Addressing Mode:Absolute - Operand (Value: "0x00", Address: "0xA000")
Writing value 0x00 to address: 0xA000
0xA000: 0x00
Instruction cycle count set to 4
A |X |Y |SP |PC   |T/MT |NV-BDIZC |CYCLE
----------------------------------------
00|00|00|FE |0705 |1/4  |10100100 |20691
00|00|00|FE |0705 |2/4  |10100100 |20692
00|00|00|FE |0705 |3/4  |10100100 |20693
00|00|00|FE |0705 |4/4  |10100100 |20694


---------------
Opcode: 4A
Instruction:LSR Addressing Mode:Accumulator - Operand (Value: "0x00", Address: "None")
Instruction cycle count set to 2
A |X |Y |SP |PC   |T/MT |NV-BDIZC |CYCLE
----------------------------------------
00|00|00|FE |0706 |1/2  |00100110 |20695
00|00|00|FE |0706 |2/2  |00100110 |20696


---------------
Opcode: C9
ll: 02
Instruction:CMP Addressing Mode:Immediate - Operand (Value: "0x02", Address: "None")
Instruction cycle count set to 2
A |X |Y |SP |PC   |T/MT |NV-BDIZC |CYCLE
----------------------------------------
00|00|00|FE |0708 |1/2  |10100100 |20697
00|00|00|FE |0708 |2/2  |10100100 |20698


---------------
Opcode: D0
ll: F8
Old PC: 070A Offset:-8 New PC: 0702
Instruction:BNE Addressing Mode:Relative - Operand (Value: "None", Address: "0x0702")
Instruction cycle count set to 2
A |X |Y |SP |PC   |T/MT |NV-BDIZC |CYCLE
----------------------------------------
00|00|00|FE |0702 |1/3  |10100100 |20699
00|00|00|FE |0702 |2/3  |10100100 |20700
00|00|00|FE |0702 |3/3  |10100100 |20701


---------------
Opcode: 8D
ll: 00 hh: A0
Instruction:STA Addressing Mode:Absolute - Operand (Value: "0x00", Address: "0xA000")
Writing value 0x00 to address: 0xA000
0xA000: 0x00
Instruction cycle count set to 4
A |X |Y |SP |PC   |T/MT |NV-BDIZC |CYCLE
----------------------------------------
00|00|00|FE |0705 |1/4  |10100100 |20702
00|00|00|FE |0705 |2/4  |10100100 |20703
00|00|00|FE |0705 |3/4  |10100100 |20704
00|00|00|FE |0705 |4/4  |10100100 |20705


---------------
Opcode: 4A
Instruction:LSR Addressing Mode:Accumulator - Operand (Value: "0x00", Address: "None")
Instruction cycle count set to 2
A |X |Y |SP |PC   |T/MT |NV-BDIZC |CYCLE
----------------------------------------
00|00|00|FE |0706 |1/2  |00100110 |20706
00|00|00|FE |0706 |2/2  |00100110 |20707


---------------
Opcode: C9
ll: 02
Instruction:CMP Addressing Mode:Immediate - Operand (Value: "0x02", Address: "None")
Instruction cycle count set to 2
A |X |Y |SP |PC   |T/MT |NV-BDIZC |CYCLE
----------------------------------------
00|00|00|FE |0708 |1/2  |10100100 |20708
00|00|00|FE |0708 |2/2  |10100100 |20709


---------------
Opcode: D0
ll: F8
Old PC: 070A Offset:-8 New PC: 0702
Instruction:BNE Addressing Mode:Relative - Operand (Value: "None", Address: "0x0702")
Instruction cycle count set to 2
A |X |Y |SP |PC   |T/MT |NV-BDIZC |CYCLE
----------------------------------------
00|00|00|FE |0702 |1/3  |10100100 |20710
00|00|00|FE |0702 |2/3  |10100100 |20711
00|00|00|FE |0702 |3/3  |10100100 |20712


---------------
Opcode: 8D
ll: 00 hh: A0
Instruction:STA Addressing Mode:Absolute - Operand (Value: "0x00", Address: "0xA000")
Writing value 0x00 to address: 0xA000
0xA000: 0x00
Instruction cycle count set to 4
A |X |Y |SP |PC   |T/MT |NV-BDIZC |CYCLE
----------------------------------------
00|00|00|FE |0705 |1/4  |10100100 |20713
00|00|00|FE |0705 |2/4  |10100100 |20714
00|00|00|FE |0705 |3/4  |10100100 |20715
00|00|00|FE |0705 |4/4  |10100100 |20716


---------------
Opcode: 4A
Instruction:LSR Addressing Mode:Accumulator - Operand (Value: "0x00", Address: "None")
Instruction cycle count set to 2
A |X |Y |SP |PC   |T/MT |NV-BDIZC |CYCLE
----------------------------------------
00|00|00|FE |0706 |1/2  |00100110 |20717
00|00|00|FE |0706 |2/2  |00100110 |20718


---------------
Opcode: C9
ll: 02
Instruction:CMP Addressing Mode:Immediate - Operand (Value: "0x02", Address: "None")
Instruction cycle count set to 2
A |X |Y |SP |PC   |T/MT |NV-BDIZC |CYCLE
----------------------------------------
00|00|00|FE |0708 |1/2  |10100100 |20719
00|00|00|FE |0708 |2/2  |10100100 |20720


---------------
Opcode: D0
ll: F8
Old PC: 070A Offset:-8 New PC: 0702
Instruction:BNE Addressing Mode:Relative - Operand (Value: "None", Address: "0x0702")
Instruction cycle count set to 2
A |X |Y |SP |PC   |T/MT |NV-BDIZC |CYCLE
----------------------------------------
00|00|00|FE |0702 |1/3  |10100100 |20721
00|00|00|FE |0702 |2/3  |10100100 |20722
00|00|00|FE |0702 |3/3  |10100100 |20723


---------------
Opcode: 8D
ll: 00 hh: A0
Instruction:STA Addressing Mode:Absolute - Operand (Value: "0x00", Address: "0xA000")
Writing value 0x00 to address: 0xA000
0xA000: 0x00
Instruction cycle count set to 4
A |X |Y |SP |PC   |T/MT |NV-BDIZC |CYCLE
----------------------------------------
00|00|00|FE |0705 |1/4  |10100100 |20724
00|00|00|FE |0705 |2/4  |10100100 |20725
00|00|00|FE |0705 |3/4  |10100100 |20726
00|00|00|FE |0705 |4/4  |10100100 |20727


---------------
Opcode: 4A
Instruction:LSR Addressing Mode:Accumulator - Operand (Value: "0x00", Address: "None")
Instruction cycle count set to 2
A |X |Y |SP |PC   |T/MT |NV-BDIZC |CYCLE
----------------------------------------
00|00|00|FE |0706 |1/2  |00100110 |20728
00|00|00|FE |0706 |2/2  |00100110 |20729


---------------
Opcode: C9
ll: 02
Instruction:CMP Addressing Mode:Immediate - Operand (Value: "0x02", Address: "None")
Instruction cycle count set to 2
A |X |Y |SP |PC   |T/MT |NV-BDIZC |CYCLE
----------------------------------------
00|00|00|FE |0708 |1/2  |10100100 |20730
00|00|00|FE |0708 |2/2  |10100100 |20731


---------------
Opcode: D0
ll: F8
Old PC: 070A Offset:-8 New PC: 0702
Instruction:BNE Addressing Mode:Relative - Operand (Value: "None", Address: "0x0702")
Instruction cycle count set to 2
A |X |Y |SP |PC   |T/MT |NV-BDIZC |CYCLE
----------------------------------------
00|00|00|FE |0702 |1/3  |10100100 |20732
00|00|00|FE |0702 |2/3  |10100100 |20733
00|00|00|FE |0702 |3/3  |10100100 |20734


---------------
Opcode: 8D
ll: 00 hh: A0
Instruction:STA Addressing Mode:Absolute - Operand (Value: "0x00", Address: "0xA000")
Writing value 0x00 to address: 0xA000
0xA000: 0x00
Instruction cycle count set to 4
A |X |Y |SP |PC   |T/MT |NV-BDIZC |CYCLE
----------------------------------------
00|00|00|FE |0705 |1/4  |10100100 |20735
00|00|00|FE |0705 |2/4  |10100100 |20736
00|00|00|FE |0705 |3/4  |10100100 |20737
00|00|00|FE |0705 |4/4  |10100100 |20738


---------------
Opcode: 4A
Instruction:LSR Addressing Mode:Accumulator - Operand (Value: "0x00", Address: "None")
Instruction cycle count set to 2
A |X |Y |SP |PC   |T/MT |NV-BDIZC |CYCLE
----------------------------------------
00|00|00|FE |0706 |1/2  |00100110 |20739
00|00|00|FE |0706 |2/2  |00100110 |20740


---------------
Opcode: C9
ll: 02
Instruction:CMP Addressing Mode:Immediate - Operand (Value: "0x02", Address: "None")
Instruction cycle count set to 2
A |X |Y |SP |PC   |T/MT |NV-BDIZC |CYCLE
----------------------------------------
00|00|00|FE |0708 |1/2  |10100100 |20741
00|00|00|FE |0708 |2/2  |10100100 |20742


---------------
Opcode: D0
ll: F8
Old PC: 070A Offset:-8 New PC: 0702
Instruction:BNE Addressing Mode:Relative - Operand (Value: "None", Address: "0x0702")
Instruction cycle count set to 2
A |X |Y |SP |PC   |T/MT |NV-BDIZC |CYCLE
----------------------------------------
00|00|00|FE |0702 |1/3  |10100100 |20743
00|00|00|FE |0702 |2/3  |10100100 |20744
00|00|00|FE |0702 |3/3  |10100100 |20745


---------------
Opcode: 8D
ll: 00 hh: A0
Instruction:STA Addressing Mode:Absolute - Operand (Value: "0x00", Address: "0xA000")
Writing value 0x00 to address: 0xA000
0xA000: 0x00
Instruction cycle count set to 4
A |X |Y |SP |PC   |T/MT |NV-BDIZC |CYCLE
----------------------------------------
00|00|00|FE |0705 |1/4  |10100100 |20746
00|00|00|FE |0705 |2/4  |10100100 |20747
00|00|00|FE |0705 |3/4  |10100100 |20748
00|00|00|FE |0705 |4/4  |10100100 |20749


---------------
Opcode: 4A
Instruction:LSR Addressing Mode:Accumulator - Operand (Value: "0x00", Address: "None")
Instruction cycle count set to 2
A |X |Y |SP |PC   |T/MT |NV-BDIZC |CYCLE
----------------------------------------
00|00|00|FE |0706 |1/2  |00100110 |20750
00|00|00|FE |0706 |2/2  |00100110 |20751


---------------
Opcode: C9
ll: 02
Instruction:CMP Addressing Mode:Immediate - Operand (Value: "0x02", Address: "None")
Instruction cycle count set to 2
A |X |Y |SP |PC   |T/MT |NV-BDIZC |CYCLE
----------------------------------------
00|00|00|FE |0708 |1/2  |10100100 |20752
00|00|00|FE |0708 |2/2  |10100100 |20753


---------------
Opcode: D0
ll: F8
Old PC: 070A Offset:-8 New PC: 0702
Instruction:BNE Addressing Mode:Relative - Operand (Value: "None", Address: "0x0702")
Instruction cycle count set to 2
A |X |Y |SP |PC   |T/MT |NV-BDIZC |CYCLE
----------------------------------------
00|00|00|FE |0702 |1/3  |10100100 |20754
00|00|00|FE |0702 |2/3  |10100100 |20755
00|00|00|FE |0702 |3/3  |10100100 |20756


---------------
Opcode: 8D
ll: 00 hh: A0
Instruction:STA Addressing Mode:Absolute - Operand (Value: "0x00", Address: "0xA000")
Writing value 0x00 to address: 0xA000
0xA000: 0x00
Instruction cycle count set to 4
A |X |Y |SP |PC   |T/MT |NV-BDIZC |CYCLE
----------------------------------------
00|00|00|FE |0705 |1/4  |10100100 |20757
00|00|00|FE |0705 |2/4  |10100100 |20758
00|00|00|FE |0705 |3/4  |10100100 |20759
00|00|00|FE |0705 |4/4  |10100100 |20760


---------------
Opcode: 4A
Instruction:LSR Addressing Mode:Accumulator - Operand (Value: "0x00", Address: "None")
Instruction cycle count set to 2
A |X |Y |SP |PC   |T/MT |NV-BDIZC |CYCLE
----------------------------------------
00|00|00|FE |0706 |1/2  |00100110 |20761
00|00|00|FE |0706 |2/2  |00100110 |20762


---------------
Opcode: C9
ll: 02
Instruction:CMP Addressing Mode:Immediate - Operand (Value: "0x02", Address: "None")
Instruction cycle count set to 2
A |X |Y |SP |PC   |T/MT |NV-BDIZC |CYCLE
----------------------------------------
00|00|00|FE |0708 |1/2  |10100100 |20763
00|00|00|FE |0708 |2/2  |10100100 |20764


---------------
Opcode: D0
ll: F8
Old PC: 070A Offset:-8 New PC: 0702
Instruction:BNE Addressing Mode:Relative - Operand (Value: "None", Address: "0x0702")
Instruction cycle count set to 2
A |X |Y |SP |PC   |T/MT |NV-BDIZC |CYCLE
----------------------------------------
00|00|00|FE |0702 |1/3  |10100100 |20765
00|00|00|FE |0702 |2/3  |10100100 |20766
00|00|00|FE |0702 |3/3  |10100100 |20767


---------------
Opcode: 8D
ll: 00 hh: A0
Instruction:STA Addressing Mode:Absolute - Operand (Value: "0x00", Address: "0xA000")
Writing value 0x00 to address: 0xA000
0xA000: 0x00
Instruction cycle count set to 4
A |X |Y |SP |PC   |T/MT |NV-BDIZC |CYCLE
----------------------------------------
00|00|00|FE |0705 |1/4  |10100100 |20768
00|00|00|FE |0705 |2/4  |10100100 |20769
00|00|00|FE |0705 |3/4  |10100100 |20770
00|00|00|FE |0705 |4/4  |10100100 |20771


---------------
Opcode: 4A
Instruction:LSR Addressing Mode:Accumulator - Operand (Value: "0x00", Address: "None")
Instruction cycle count set to 2
A |X |Y |SP |PC   |T/MT |NV-BDIZC |CYCLE
----------------------------------------
00|00|00|FE |0706 |1/2  |00100110 |20772
00|00|00|FE |0706 |2/2  |00100110 |20773


---------------
Opcode: C9
ll: 02
Instruction:CMP Addressing Mode:Immediate - Operand (Value: "0x02", Address: "None")
Instruction cycle count set to 2
A |X |Y |SP |PC   |T/MT |NV-BDIZC |CYCLE
----------------------------------------
00|00|00|FE |0708 |1/2  |10100100 |20774
00|00|00|FE |0708 |2/2  |10100100 |20775


---------------
Opcode: D0
ll: F8
Old PC: 070A Offset:-8 New PC: 0702
Instruction:BNE Addressing Mode:Relative - Operand (Value: "None", Address: "0x0702")
Instruction cycle count set to 2
A |X |Y |SP |PC   |T/MT |NV-BDIZC |CYCLE
----------------------------------------
00|00|00|FE |0702 |1/3  |10100100 |20776
00|00|00|FE |0702 |2/3  |10100100 |20777
00|00|00|FE |0702 |3/3  |10100100 |20778


---------------
Opcode: 8D
ll: 00 hh: A0
Instruction:STA Addressing Mode:Absolute - Operand (Value: "0x00", Address: "0xA000")
Writing value 0x00 to address: 0xA000
0xA000: 0x00
Instruction cycle count set to 4
A |X |Y |SP |PC   |T/MT |NV-BDIZC |CYCLE
----------------------------------------
00|00|00|FE |0705 |1/4  |10100100 |20779
00|00|00|FE |0705 |2/4  |10100100 |20780
00|00|00|FE |0705 |3/4  |10100100 |20781
00|00|00|FE |0705 |4/4  |10100100 |20782


---------------
Opcode: 4A
Instruction:LSR Addressing Mode:Accumulator - Operand (Value: "0x00", Address: "None")
Instruction cycle count set to 2
A |X |Y |SP |PC   |T/MT |NV-BDIZC |CYCLE
----------------------------------------
00|00|00|FE |0706 |1/2  |00100110 |20783
00|00|00|FE |0706 |2/2  |00100110 |20784


---------------
Opcode: C9
ll: 02
Instruction:CMP Addressing Mode:Immediate - Operand (Value: "0x02", Address: "None")
Instruction cycle count set to 2
A |X |Y |SP |PC   |T/MT |NV-BDIZC |CYCLE
----------------------------------------
00|00|00|FE |0708 |1/2  |10100100 |20785
00|00|00|FE |0708 |2/2  |10100100 |20786


---------------
Opcode: D0
ll: F8
Old PC: 070A Offset:-8 New PC: 0702
Instruction:BNE Addressing Mode:Relative - Operand (Value: "None", Address: "0x0702")
Instruction cycle count set to 2
A |X |Y |SP |PC   |T/MT |NV-BDIZC |CYCLE
----------------------------------------
00|00|00|FE |0702 |1/3  |10100100 |20787
00|00|00|FE |0702 |2/3  |10100100 |20788
00|00|00|FE |0702 |3/3  |10100100 |20789


---------------
Opcode: 8D
ll: 00 hh: A0
Instruction:STA Addressing Mode:Absolute - Operand (Value: "0x00", Address: "0xA000")
Writing value 0x00 to address: 0xA000
0xA000: 0x00
Instruction cycle count set to 4
A |X |Y |SP |PC   |T/MT |NV-BDIZC |CYCLE
----------------------------------------
00|00|00|FE |0705 |1/4  |10100100 |20790
00|00|00|FE |0705 |2/4  |10100100 |20791
00|00|00|FE |0705 |3/4  |10100100 |20792
00|00|00|FE |0705 |4/4  |10100100 |20793


---------------
Opcode: 4A
Instruction:LSR Addressing Mode:Accumulator - Operand (Value: "0x00", Address: "None")
Instruction cycle count set to 2
A |X |Y |SP |PC   |T/MT |NV-BDIZC |CYCLE
----------------------------------------
00|00|00|FE |0706 |1/2  |00100110 |20794
00|00|00|FE |0706 |2/2  |00100110 |20795


---------------
Opcode: C9
ll: 02
Instruction:CMP Addressing Mode:Immediate - Operand (Value: "0x02", Address: "None")
Instruction cycle count set to 2
A |X |Y |SP |PC   |T/MT |NV-BDIZC |CYCLE
----------------------------------------
00|00|00|FE |0708 |1/2  |10100100 |20796
00|00|00|FE |0708 |2/2  |10100100 |20797


---------------
Opcode: D0
ll: F8
Old PC: 070A Offset:-8 New PC: 0702
Instruction:BNE Addressing Mode:Relative - Operand (Value: "None", Address: "0x0702")
Instruction cycle count set to 2
A |X |Y |SP |PC   |T/MT |NV-BDIZC |CYCLE
----------------------------------------
00|00|00|FE |0702 |1/3  |10100100 |20798
00|00|00|FE |0702 |2/3  |10100100 |20799
00|00|00|FE |0702 |3/3  |10100100 |20800


---------------
Opcode: 8D
ll: 00 hh: A0
Instruction:STA Addressing Mode:Absolute - Operand (Value: "0x00", Address: "0xA000")
Writing value 0x00 to address: 0xA000
0xA000: 0x00
Instruction cycle count set to 4
A |X |Y |SP |PC   |T/MT |NV-BDIZC |CYCLE
----------------------------------------
00|00|00|FE |0705 |1/4  |10100100 |20801
00|00|00|FE |0705 |2/4  |10100100 |20802
00|00|00|FE |0705 |3/4  |10100100 |20803
00|00|00|FE |0705 |4/4  |10100100 |20804


---------------
Opcode: 4A
Instruction:LSR Addressing Mode:Accumulator - Operand (Value: "0x00", Address: "None")
Instruction cycle count set to 2
A |X |Y |SP |PC   |T/MT |NV-BDIZC |CYCLE
----------------------------------------
00|00|00|FE |0706 |1/2  |00100110 |20805
00|00|00|FE |0706 |2/2  |00100110 |20806


---------------
Opcode: C9
ll: 02
Instruction:CMP Addressing Mode:Immediate - Operand (Value: "0x02", Address: "None")
Instruction cycle count set to 2
A |X |Y |SP |PC   |T/MT |NV-BDIZC |CYCLE
----------------------------------------
00|00|00|FE |0708 |1/2  |10100100 |20807
00|00|00|FE |0708 |2/2  |10100100 |20808


---------------
Opcode: D0
ll: F8
Old PC: 070A Offset:-8 New PC: 0702
Instruction:BNE Addressing Mode:Relative - Operand (Value: "None", Address: "0x0702")
Instruction cycle count set to 2
A |X |Y |SP |PC   |T/MT |NV-BDIZC |CYCLE
----------------------------------------
00|00|00|FE |0702 |1/3  |10100100 |20809
00|00|00|FE |0702 |2/3  |10100100 |20810
00|00|00|FE |0702 |3/3  |10100100 |20811


---------------
Opcode: 8D
ll: 00 hh: A0
Instruction:STA Addressing Mode:Absolute - Operand (Value: "0x00", Address: "0xA000")
Writing value 0x00 to address: 0xA000
0xA000: 0x00
Instruction cycle count set to 4
A |X |Y |SP |PC   |T/MT |NV-BDIZC |CYCLE
----------------------------------------
00|00|00|FE |0705 |1/4  |10100100 |20812
00|00|00|FE |0705 |2/4  |10100100 |20813
00|00|00|FE |0705 |3/4  |10100100 |20814
00|00|00|FE |0705 |4/4  |10100100 |20815


---------------
Opcode: 4A
Instruction:LSR Addressing Mode:Accumulator - Operand (Value: "0x00", Address: "None")
Instruction cycle count set to 2
A |X |Y |SP |PC   |T/MT |NV-BDIZC |CYCLE
----------------------------------------
00|00|00|FE |0706 |1/2  |00100110 |20816
00|00|00|FE |0706 |2/2  |00100110 |20817


---------------
Opcode: C9
ll: 02
Instruction:CMP Addressing Mode:Immediate - Operand (Value: "0x02", Address: "None")
Instruction cycle count set to 2
A |X |Y |SP |PC   |T/MT |NV-BDIZC |CYCLE
----------------------------------------
00|00|00|FE |0708 |1/2  |10100100 |20818
00|00|00|FE |0708 |2/2  |10100100 |20819


---------------
Opcode: D0
ll: F8
Old PC: 070A Offset:-8 New PC: 0702
Instruction:BNE Addressing Mode:Relative - Operand (Value: "None", Address: "0x0702")
Instruction cycle count set to 2
A |X |Y |SP |PC   |T/MT |NV-BDIZC |CYCLE
----------------------------------------
00|00|00|FE |0702 |1/3  |10100100 |20820
00|00|00|FE |0702 |2/3  |10100100 |20821
00|00|00|FE |0702 |3/3  |10100100 |20822


---------------
Opcode: 8D
ll: 00 hh: A0
Instruction:STA Addressing Mode:Absolute - Operand (Value: "0x00", Address: "0xA000")
Writing value 0x00 to address: 0xA000
0xA000: 0x00
Instruction cycle count set to 4
A |X |Y |SP |PC   |T/MT |NV-BDIZC |CYCLE
----------------------------------------
00|00|00|FE |0705 |1/4  |10100100 |20823
00|00|00|FE |0705 |2/4  |10100100 |20824
00|00|00|FE |0705 |3/4  |10100100 |20825
00|00|00|FE |0705 |4/4  |10100100 |20826


---------------
Opcode: 4A
Instruction:LSR Addressing Mode:Accumulator - Operand (Value: "0x00", Address: "None")
Instruction cycle count set to 2
A |X |Y |SP |PC   |T/MT |NV-BDIZC |CYCLE
----------------------------------------
00|00|00|FE |0706 |1/2  |00100110 |20827
00|00|00|FE |0706 |2/2  |00100110 |20828


---------------
Opcode: C9
ll: 02
Instruction:CMP Addressing Mode:Immediate - Operand (Value: "0x02", Address: "None")
Instruction cycle count set to 2
A |X |Y |SP |PC   |T/MT |NV-BDIZC |CYCLE
----------------------------------------
00|00|00|FE |0708 |1/2  |10100100 |20829
00|00|00|FE |0708 |2/2  |10100100 |20830


---------------
Opcode: D0
ll: F8
Old PC: 070A Offset:-8 New PC: 0702
Instruction:BNE Addressing Mode:Relative - Operand (Value: "None", Address: "0x0702")
Instruction cycle count set to 2
A |X |Y |SP |PC   |T/MT |NV-BDIZC |CYCLE
----------------------------------------
00|00|00|FE |0702 |1/3  |10100100 |20831
00|00|00|FE |0702 |2/3  |10100100 |20832
00|00|00|FE |0702 |3/3  |10100100 |20833


---------------
Opcode: 8D
ll: 00 hh: A0
Instruction:STA Addressing Mode:Absolute - Operand (Value: "0x00", Address: "0xA000")
Writing value 0x00 to address: 0xA000
0xA000: 0x00
Instruction cycle count set to 4
A |X |Y |SP |PC   |T/MT |NV-BDIZC |CYCLE
----------------------------------------
00|00|00|FE |0705 |1/4  |10100100 |20834
00|00|00|FE |0705 |2/4  |10100100 |20835
00|00|00|FE |0705 |3/4  |10100100 |20836
00|00|00|FE |0705 |4/4  |10100100 |20837


---------------
Opcode: 4A
Instruction:LSR Addressing Mode:Accumulator - Operand (Value: "0x00", Address: "None")
Instruction cycle count set to 2
A |X |Y |SP |PC   |T/MT |NV-BDIZC |CYCLE
----------------------------------------
00|00|00|FE |0706 |1/2  |00100110 |20838
00|00|00|FE |0706 |2/2  |00100110 |20839


---------------
Opcode: C9
ll: 02
Instruction:CMP Addressing Mode:Immediate - Operand (Value: "0x02", Address: "None")
Instruction cycle count set to 2
A |X |Y |SP |PC   |T/MT |NV-BDIZC |CYCLE
----------------------------------------
00|00|00|FE |0708 |1/2  |10100100 |20840
00|00|00|FE |0708 |2/2  |10100100 |20841


---------------
Opcode: D0
ll: F8
Old PC: 070A Offset:-8 New PC: 0702
Instruction:BNE Addressing Mode:Relative - Operand (Value: "None", Address: "0x0702")
Instruction cycle count set to 2
A |X |Y |SP |PC   |T/MT |NV-BDIZC |CYCLE
----------------------------------------
00|00|00|FE |0702 |1/3  |10100100 |20842
00|00|00|FE |0702 |2/3  |10100100 |20843
00|00|00|FE |0702 |3/3  |10100100 |20844


---------------
Opcode: 8D
ll: 00 hh: A0
Instruction:STA Addressing Mode:Absolute - Operand (Value: "0x00", Address: "0xA000")
Writing value 0x00 to address: 0xA000
0xA000: 0x00
Instruction cycle count set to 4
A |X |Y |SP |PC   |T/MT |NV-BDIZC |CYCLE
----------------------------------------
00|00|00|FE |0705 |1/4  |10100100 |20845
00|00|00|FE |0705 |2/4  |10100100 |20846
00|00|00|FE |0705 |3/4  |10100100 |20847
00|00|00|FE |0705 |4/4  |10100100 |20848


---------------
Opcode: 4A
Instruction:LSR Addressing Mode:Accumulator - Operand (Value: "0x00", Address: "None")
Instruction cycle count set to 2
A |X |Y |SP |PC   |T/MT |NV-BDIZC |CYCLE
----------------------------------------
00|00|00|FE |0706 |1/2  |00100110 |20849
00|00|00|FE |0706 |2/2  |00100110 |20850


---------------
Opcode: C9
ll: 02
Instruction:CMP Addressing Mode:Immediate - Operand (Value: "0x02", Address: "None")
Instruction cycle count set to 2
A |X |Y |SP |PC   |T/MT |NV-BDIZC |CYCLE
----------------------------------------
00|00|00|FE |0708 |1/2  |10100100 |20851
00|00|00|FE |0708 |2/2  |10100100 |20852


---------------
Opcode: D0
ll: F8
Old PC: 070A Offset:-8 New PC: 0702
Instruction:BNE Addressing Mode:Relative - Operand (Value: "None", Address: "0x0702")
Instruction cycle count set to 2
A |X |Y |SP |PC   |T/MT |NV-BDIZC |CYCLE
----------------------------------------
00|00|00|FE |0702 |1/3  |10100100 |20853
00|00|00|FE |0702 |2/3  |10100100 |20854
00|00|00|FE |0702 |3/3  |10100100 |20855


---------------
Opcode: 8D
ll: 00 hh: A0
Instruction:STA Addressing Mode:Absolute - Operand (Value: "0x00", Address: "0xA000")
Writing value 0x00 to address: 0xA000
0xA000: 0x00
Instruction cycle count set to 4
A |X |Y |SP |PC   |T/MT |NV-BDIZC |CYCLE
----------------------------------------
00|00|00|FE |0705 |1/4  |10100100 |20856
00|00|00|FE |0705 |2/4  |10100100 |20857
00|00|00|FE |0705 |3/4  |10100100 |20858
00|00|00|FE |0705 |4/4  |10100100 |20859


---------------
Opcode: 4A
Instruction:LSR Addressing Mode:Accumulator - Operand (Value: "0x00", Address: "None")
Instruction cycle count set to 2
A |X |Y |SP |PC   |T/MT |NV-BDIZC |CYCLE
----------------------------------------
00|00|00|FE |0706 |1/2  |00100110 |20860
00|00|00|FE |0706 |2/2  |00100110 |20861


---------------
Opcode: C9
ll: 02
Instruction:CMP Addressing Mode:Immediate - Operand (Value: "0x02", Address: "None")
Instruction cycle count set to 2
A |X |Y |SP |PC   |T/MT |NV-BDIZC |CYCLE
----------------------------------------
00|00|00|FE |0708 |1/2  |10100100 |20862
00|00|00|FE |0708 |2/2  |10100100 |20863


---------------
Opcode: D0
ll: F8
Old PC: 070A Offset:-8 New PC: 0702
Instruction:BNE Addressing Mode:Relative - Operand (Value: "None", Address: "0x0702")
Instruction cycle count set to 2
A |X |Y |SP |PC   |T/MT |NV-BDIZC |CYCLE
----------------------------------------
00|00|00|FE |0702 |1/3  |10100100 |20864
00|00|00|FE |0702 |2/3  |10100100 |20865
00|00|00|FE |0702 |3/3  |10100100 |20866


---------------
Opcode: 8D
ll: 00 hh: A0
Instruction:STA Addressing Mode:Absolute - Operand (Value: "0x00", Address: "0xA000")
Writing value 0x00 to address: 0xA000
0xA000: 0x00
Instruction cycle count set to 4
A |X |Y |SP |PC   |T/MT |NV-BDIZC |CYCLE
----------------------------------------
00|00|00|FE |0705 |1/4  |10100100 |20867
00|00|00|FE |0705 |2/4  |10100100 |20868
00|00|00|FE |0705 |3/4  |10100100 |20869
00|00|00|FE |0705 |4/4  |10100100 |20870


---------------
Opcode: 4A
Instruction:LSR Addressing Mode:Accumulator - Operand (Value: "0x00", Address: "None")
Instruction cycle count set to 2
A |X |Y |SP |PC   |T/MT |NV-BDIZC |CYCLE
----------------------------------------
00|00|00|FE |0706 |1/2  |00100110 |20871
00|00|00|FE |0706 |2/2  |00100110 |20872


---------------
Opcode: C9
ll: 02
Instruction:CMP Addressing Mode:Immediate - Operand (Value: "0x02", Address: "None")
Instruction cycle count set to 2
A |X |Y |SP |PC   |T/MT |NV-BDIZC |CYCLE
----------------------------------------
00|00|00|FE |0708 |1/2  |10100100 |20873
00|00|00|FE |0708 |2/2  |10100100 |20874


---------------
Opcode: D0
ll: F8
Old PC: 070A Offset:-8 New PC: 0702
Instruction:BNE Addressing Mode:Relative - Operand (Value: "None", Address: "0x0702")
Instruction cycle count set to 2
A |X |Y |SP |PC   |T/MT |NV-BDIZC |CYCLE
----------------------------------------
00|00|00|FE |0702 |1/3  |10100100 |20875
00|00|00|FE |0702 |2/3  |10100100 |20876
00|00|00|FE |0702 |3/3  |10100100 |20877


---------------
Opcode: 8D
ll: 00 hh: A0
Instruction:STA Addressing Mode:Absolute - Operand (Value: "0x00", Address: "0xA000")
Writing value 0x00 to address: 0xA000
0xA000: 0x00
Instruction cycle count set to 4
A |X |Y |SP |PC   |T/MT |NV-BDIZC |CYCLE
----------------------------------------
00|00|00|FE |0705 |1/4  |10100100 |20878
00|00|00|FE |0705 |2/4  |10100100 |20879
00|00|00|FE |0705 |3/4  |10100100 |20880
00|00|00|FE |0705 |4/4  |10100100 |20881


---------------
Opcode: 4A
Instruction:LSR Addressing Mode:Accumulator - Operand (Value: "0x00", Address: "None")
Instruction cycle count set to 2
A |X |Y |SP |PC   |T/MT |NV-BDIZC |CYCLE
----------------------------------------
00|00|00|FE |0706 |1/2  |00100110 |20882
00|00|00|FE |0706 |2/2  |00100110 |20883


---------------
Opcode: C9
ll: 02
Instruction:CMP Addressing Mode:Immediate - Operand (Value: "0x02", Address: "None")
Instruction cycle count set to 2
A |X |Y |SP |PC   |T/MT |NV-BDIZC |CYCLE
----------------------------------------
00|00|00|FE |0708 |1/2  |10100100 |20884
00|00|00|FE |0708 |2/2  |10100100 |20885


---------------
Opcode: D0
ll: F8
Old PC: 070A Offset:-8 New PC: 0702
Instruction:BNE Addressing Mode:Relative - Operand (Value: "None", Address: "0x0702")
Instruction cycle count set to 2
A |X |Y |SP |PC   |T/MT |NV-BDIZC |CYCLE
----------------------------------------
00|00|00|FE |0702 |1/3  |10100100 |20886
00|00|00|FE |0702 |2/3  |10100100 |20887
00|00|00|FE |0702 |3/3  |10100100 |20888


---------------
Opcode: 8D
ll: 00 hh: A0
Instruction:STA Addressing Mode:Absolute - Operand (Value: "0x00", Address: "0xA000")
Writing value 0x00 to address: 0xA000
0xA000: 0x00
Instruction cycle count set to 4
A |X |Y |SP |PC   |T/MT |NV-BDIZC |CYCLE
----------------------------------------
00|00|00|FE |0705 |1/4  |10100100 |20889
00|00|00|FE |0705 |2/4  |10100100 |20890
00|00|00|FE |0705 |3/4  |10100100 |20891
00|00|00|FE |0705 |4/4  |10100100 |20892


---------------
Opcode: 4A
Instruction:LSR Addressing Mode:Accumulator - Operand (Value: "0x00", Address: "None")
Instruction cycle count set to 2
A |X |Y |SP |PC   |T/MT |NV-BDIZC |CYCLE
----------------------------------------
00|00|00|FE |0706 |1/2  |00100110 |20893
00|00|00|FE |0706 |2/2  |00100110 |20894


---------------
Opcode: C9
ll: 02
Instruction:CMP Addressing Mode:Immediate - Operand (Value: "0x02", Address: "None")
Instruction cycle count set to 2
A |X |Y |SP |PC   |T/MT |NV-BDIZC |CYCLE
----------------------------------------
00|00|00|FE |0708 |1/2  |10100100 |20895
00|00|00|FE |0708 |2/2  |10100100 |20896


---------------
Opcode: D0
ll: F8
Old PC: 070A Offset:-8 New PC: 0702
Instruction:BNE Addressing Mode:Relative - Operand (Value: "None", Address: "0x0702")
Instruction cycle count set to 2
A |X |Y |SP |PC   |T/MT |NV-BDIZC |CYCLE
----------------------------------------
00|00|00|FE |0702 |1/3  |10100100 |20897
00|00|00|FE |0702 |2/3  |10100100 |20898
00|00|00|FE |0702 |3/3  |10100100 |20899


---------------
Opcode: 8D
ll: 00 hh: A0
Instruction:STA Addressing Mode:Absolute - Operand (Value: "0x00", Address: "0xA000")
Writing value 0x00 to address: 0xA000
0xA000: 0x00
Instruction cycle count set to 4
A |X |Y |SP |PC   |T/MT |NV-BDIZC |CYCLE
----------------------------------------
00|00|00|FE |0705 |1/4  |10100100 |20900
00|00|00|FE |0705 |2/4  |10100100 |20901
00|00|00|FE |0705 |3/4  |10100100 |20902
00|00|00|FE |0705 |4/4  |10100100 |20903


---------------
Opcode: 4A
Instruction:LSR Addressing Mode:Accumulator - Operand (Value: "0x00", Address: "None")
Instruction cycle count set to 2
A |X |Y |SP |PC   |T/MT |NV-BDIZC |CYCLE
----------------------------------------
00|00|00|FE |0706 |1/2  |00100110 |20904
00|00|00|FE |0706 |2/2  |00100110 |20905


---------------
Opcode: C9
ll: 02
Instruction:CMP Addressing Mode:Immediate - Operand (Value: "0x02", Address: "None")
Instruction cycle count set to 2
A |X |Y |SP |PC   |T/MT |NV-BDIZC |CYCLE
----------------------------------------
00|00|00|FE |0708 |1/2  |10100100 |20906
00|00|00|FE |0708 |2/2  |10100100 |20907


---------------
Opcode: D0
ll: F8
Old PC: 070A Offset:-8 New PC: 0702
Instruction:BNE Addressing Mode:Relative - Operand (Value: "None", Address: "0x0702")
Instruction cycle count set to 2
A |X |Y |SP |PC   |T/MT |NV-BDIZC |CYCLE
----------------------------------------
00|00|00|FE |0702 |1/3  |10100100 |20908
00|00|00|FE |0702 |2/3  |10100100 |20909
00|00|00|FE |0702 |3/3  |10100100 |20910


---------------
Opcode: 8D
ll: 00 hh: A0
Instruction:STA Addressing Mode:Absolute - Operand (Value: "0x00", Address: "0xA000")
Writing value 0x00 to address: 0xA000
0xA000: 0x00
Instruction cycle count set to 4
A |X |Y |SP |PC   |T/MT |NV-BDIZC |CYCLE
----------------------------------------
00|00|00|FE |0705 |1/4  |10100100 |20911
00|00|00|FE |0705 |2/4  |10100100 |20912
00|00|00|FE |0705 |3/4  |10100100 |20913
00|00|00|FE |0705 |4/4  |10100100 |20914


---------------
Opcode: 4A
Instruction:LSR Addressing Mode:Accumulator - Operand (Value: "0x00", Address: "None")
Instruction cycle count set to 2
A |X |Y |SP |PC   |T/MT |NV-BDIZC |CYCLE
----------------------------------------
00|00|00|FE |0706 |1/2  |00100110 |20915
00|00|00|FE |0706 |2/2  |00100110 |20916


---------------
Opcode: C9
ll: 02
Instruction:CMP Addressing Mode:Immediate - Operand (Value: "0x02", Address: "None")
Instruction cycle count set to 2
A |X |Y |SP |PC   |T/MT |NV-BDIZC |CYCLE
----------------------------------------
00|00|00|FE |0708 |1/2  |10100100 |20917
00|00|00|FE |0708 |2/2  |10100100 |20918


---------------
Opcode: D0
ll: F8
Old PC: 070A Offset:-8 New PC: 0702
Instruction:BNE Addressing Mode:Relative - Operand (Value: "None", Address: "0x0702")
Instruction cycle count set to 2
A |X |Y |SP |PC   |T/MT |NV-BDIZC |CYCLE
----------------------------------------
00|00|00|FE |0702 |1/3  |10100100 |20919
00|00|00|FE |0702 |2/3  |10100100 |20920
00|00|00|FE |0702 |3/3  |10100100 |20921


---------------
Opcode: 8D
ll: 00 hh: A0
Instruction:STA Addressing Mode:Absolute - Operand (Value: "0x00", Address: "0xA000")
Writing value 0x00 to address: 0xA000
0xA000: 0x00
Instruction cycle count set to 4
A |X |Y |SP |PC   |T/MT |NV-BDIZC |CYCLE
----------------------------------------
00|00|00|FE |0705 |1/4  |10100100 |20922
00|00|00|FE |0705 |2/4  |10100100 |20923
00|00|00|FE |0705 |3/4  |10100100 |20924
00|00|00|FE |0705 |4/4  |10100100 |20925


---------------
Opcode: 4A
Instruction:LSR Addressing Mode:Accumulator - Operand (Value: "0x00", Address: "None")
Instruction cycle count set to 2
A |X |Y |SP |PC   |T/MT |NV-BDIZC |CYCLE
----------------------------------------
00|00|00|FE |0706 |1/2  |00100110 |20926
00|00|00|FE |0706 |2/2  |00100110 |20927


---------------
Opcode: C9
ll: 02
Instruction:CMP Addressing Mode:Immediate - Operand (Value: "0x02", Address: "None")
Instruction cycle count set to 2
A |X |Y |SP |PC   |T/MT |NV-BDIZC |CYCLE
----------------------------------------
00|00|00|FE |0708 |1/2  |10100100 |20928
00|00|00|FE |0708 |2/2  |10100100 |20929


---------------
Opcode: D0
ll: F8
Old PC: 070A Offset:-8 New PC: 0702
Instruction:BNE Addressing Mode:Relative - Operand (Value: "None", Address: "0x0702")
Instruction cycle count set to 2
A |X |Y |SP |PC   |T/MT |NV-BDIZC |CYCLE
----------------------------------------
00|00|00|FE |0702 |1/3  |10100100 |20930
00|00|00|FE |0702 |2/3  |10100100 |20931
00|00|00|FE |0702 |3/3  |10100100 |20932


---------------
Opcode: 8D
ll: 00 hh: A0
Instruction:STA Addressing Mode:Absolute - Operand (Value: "0x00", Address: "0xA000")
Writing value 0x00 to address: 0xA000
0xA000: 0x00
Instruction cycle count set to 4
A |X |Y |SP |PC   |T/MT |NV-BDIZC |CYCLE
----------------------------------------
00|00|00|FE |0705 |1/4  |10100100 |20933
00|00|00|FE |0705 |2/4  |10100100 |20934
00|00|00|FE |0705 |3/4  |10100100 |20935
00|00|00|FE |0705 |4/4  |10100100 |20936


---------------
Opcode: 4A
Instruction:LSR Addressing Mode:Accumulator - Operand (Value: "0x00", Address: "None")
Instruction cycle count set to 2
A |X |Y |SP |PC   |T/MT |NV-BDIZC |CYCLE
----------------------------------------
00|00|00|FE |0706 |1/2  |00100110 |20937
00|00|00|FE |0706 |2/2  |00100110 |20938


---------------
Opcode: C9
ll: 02
Instruction:CMP Addressing Mode:Immediate - Operand (Value: "0x02", Address: "None")
Instruction cycle count set to 2
A |X |Y |SP |PC   |T/MT |NV-BDIZC |CYCLE
----------------------------------------
00|00|00|FE |0708 |1/2  |10100100 |20939
00|00|00|FE |0708 |2/2  |10100100 |20940


---------------
Opcode: D0
ll: F8
Old PC: 070A Offset:-8 New PC: 0702
Instruction:BNE Addressing Mode:Relative - Operand (Value: "None", Address: "0x0702")
Instruction cycle count set to 2
A |X |Y |SP |PC   |T/MT |NV-BDIZC |CYCLE
----------------------------------------
00|00|00|FE |0702 |1/3  |10100100 |20941
00|00|00|FE |0702 |2/3  |10100100 |20942
00|00|00|FE |0702 |3/3  |10100100 |20943


---------------
Opcode: 8D
ll: 00 hh: A0
Instruction:STA Addressing Mode:Absolute - Operand (Value: "0x00", Address: "0xA000")
Writing value 0x00 to address: 0xA000
0xA000: 0x00
Instruction cycle count set to 4
A |X |Y |SP |PC   |T/MT |NV-BDIZC |CYCLE
----------------------------------------
00|00|00|FE |0705 |1/4  |10100100 |20944
00|00|00|FE |0705 |2/4  |10100100 |20945
00|00|00|FE |0705 |3/4  |10100100 |20946
00|00|00|FE |0705 |4/4  |10100100 |20947


---------------
Opcode: 4A
Instruction:LSR Addressing Mode:Accumulator - Operand (Value: "0x00", Address: "None")
Instruction cycle count set to 2
A |X |Y |SP |PC   |T/MT |NV-BDIZC |CYCLE
----------------------------------------
00|00|00|FE |0706 |1/2  |00100110 |20948
00|00|00|FE |0706 |2/2  |00100110 |20949


---------------
Opcode: C9
ll: 02
Instruction:CMP Addressing Mode:Immediate - Operand (Value: "0x02", Address: "None")
Instruction cycle count set to 2
A |X |Y |SP |PC   |T/MT |NV-BDIZC |CYCLE
----------------------------------------
00|00|00|FE |0708 |1/2  |10100100 |20950
00|00|00|FE |0708 |2/2  |10100100 |20951


---------------
Opcode: D0
ll: F8
Old PC: 070A Offset:-8 New PC: 0702
Instruction:BNE Addressing Mode:Relative - Operand (Value: "None", Address: "0x0702")
Instruction cycle count set to 2
A |X |Y |SP |PC   |T/MT |NV-BDIZC |CYCLE
----------------------------------------
00|00|00|FE |0702 |1/3  |10100100 |20952
00|00|00|FE |0702 |2/3  |10100100 |20953
00|00|00|FE |0702 |3/3  |10100100 |20954


---------------
Opcode: 8D
ll: 00 hh: A0
Instruction:STA Addressing Mode:Absolute - Operand (Value: "0x00", Address: "0xA000")
Writing value 0x00 to address: 0xA000
0xA000: 0x00
Instruction cycle count set to 4
A |X |Y |SP |PC   |T/MT |NV-BDIZC |CYCLE
----------------------------------------
00|00|00|FE |0705 |1/4  |10100100 |20955
00|00|00|FE |0705 |2/4  |10100100 |20956
00|00|00|FE |0705 |3/4  |10100100 |20957
00|00|00|FE |0705 |4/4  |10100100 |20958


---------------
Opcode: 4A
Instruction:LSR Addressing Mode:Accumulator - Operand (Value: "0x00", Address: "None")
Instruction cycle count set to 2
A |X |Y |SP |PC   |T/MT |NV-BDIZC |CYCLE
----------------------------------------
00|00|00|FE |0706 |1/2  |00100110 |20959
00|00|00|FE |0706 |2/2  |00100110 |20960


---------------
Opcode: C9
ll: 02
Instruction:CMP Addressing Mode:Immediate - Operand (Value: "0x02", Address: "None")
Instruction cycle count set to 2
A |X |Y |SP |PC   |T/MT |NV-BDIZC |CYCLE
----------------------------------------
00|00|00|FE |0708 |1/2  |10100100 |20961
00|00|00|FE |0708 |2/2  |10100100 |20962


---------------
Opcode: D0
ll: F8
Old PC: 070A Offset:-8 New PC: 0702
Instruction:BNE Addressing Mode:Relative - Operand (Value: "None", Address: "0x0702")
Instruction cycle count set to 2
A |X |Y |SP |PC   |T/MT |NV-BDIZC |CYCLE
----------------------------------------
00|00|00|FE |0702 |1/3  |10100100 |20963
00|00|00|FE |0702 |2/3  |10100100 |20964
00|00|00|FE |0702 |3/3  |10100100 |20965


---------------
Opcode: 8D
ll: 00 hh: A0
Instruction:STA Addressing Mode:Absolute - Operand (Value: "0x00", Address: "0xA000")
Writing value 0x00 to address: 0xA000
0xA000: 0x00
Instruction cycle count set to 4
A |X |Y |SP |PC   |T/MT |NV-BDIZC |CYCLE
----------------------------------------
00|00|00|FE |0705 |1/4  |10100100 |20966
00|00|00|FE |0705 |2/4  |10100100 |20967
00|00|00|FE |0705 |3/4  |10100100 |20968
00|00|00|FE |0705 |4/4  |10100100 |20969


---------------
Opcode: 4A
Instruction:LSR Addressing Mode:Accumulator - Operand (Value: "0x00", Address: "None")
Instruction cycle count set to 2
A |X |Y |SP |PC   |T/MT |NV-BDIZC |CYCLE
----------------------------------------
00|00|00|FE |0706 |1/2  |00100110 |20970
00|00|00|FE |0706 |2/2  |00100110 |20971


---------------
Opcode: C9
ll: 02
Instruction:CMP Addressing Mode:Immediate - Operand (Value: "0x02", Address: "None")
Instruction cycle count set to 2
A |X |Y |SP |PC   |T/MT |NV-BDIZC |CYCLE
----------------------------------------
00|00|00|FE |0708 |1/2  |10100100 |20972
00|00|00|FE |0708 |2/2  |10100100 |20973


---------------
Opcode: D0
ll: F8
Old PC: 070A Offset:-8 New PC: 0702
Instruction:BNE Addressing Mode:Relative - Operand (Value: "None", Address: "0x0702")
Instruction cycle count set to 2
A |X |Y |SP |PC   |T/MT |NV-BDIZC |CYCLE
----------------------------------------
00|00|00|FE |0702 |1/3  |10100100 |20974
00|00|00|FE |0702 |2/3  |10100100 |20975
00|00|00|FE |0702 |3/3  |10100100 |20976


---------------
Opcode: 8D
ll: 00 hh: A0
Instruction:STA Addressing Mode:Absolute - Operand (Value: "0x00", Address: "0xA000")
Writing value 0x00 to address: 0xA000
0xA000: 0x00
Instruction cycle count set to 4
A |X |Y |SP |PC   |T/MT |NV-BDIZC |CYCLE
----------------------------------------
00|00|00|FE |0705 |1/4  |10100100 |20977
00|00|00|FE |0705 |2/4  |10100100 |20978
00|00|00|FE |0705 |3/4  |10100100 |20979
00|00|00|FE |0705 |4/4  |10100100 |20980


---------------
Opcode: 4A
Instruction:LSR Addressing Mode:Accumulator - Operand (Value: "0x00", Address: "None")
Instruction cycle count set to 2
A |X |Y |SP |PC   |T/MT |NV-BDIZC |CYCLE
----------------------------------------
00|00|00|FE |0706 |1/2  |00100110 |20981
00|00|00|FE |0706 |2/2  |00100110 |20982


---------------
Opcode: C9
ll: 02
Instruction:CMP Addressing Mode:Immediate - Operand (Value: "0x02", Address: "None")
Instruction cycle count set to 2
A |X |Y |SP |PC   |T/MT |NV-BDIZC |CYCLE
----------------------------------------
00|00|00|FE |0708 |1/2  |10100100 |20983
00|00|00|FE |0708 |2/2  |10100100 |20984


---------------
Opcode: D0
ll: F8
Old PC: 070A Offset:-8 New PC: 0702
Instruction:BNE Addressing Mode:Relative - Operand (Value: "None", Address: "0x0702")
Instruction cycle count set to 2
A |X |Y |SP |PC   |T/MT |NV-BDIZC |CYCLE
----------------------------------------
00|00|00|FE |0702 |1/3  |10100100 |20985
00|00|00|FE |0702 |2/3  |10100100 |20986
00|00|00|FE |0702 |3/3  |10100100 |20987


---------------
Opcode: 8D
ll: 00 hh: A0
Instruction:STA Addressing Mode:Absolute - Operand (Value: "0x00", Address: "0xA000")
Writing value 0x00 to address: 0xA000
0xA000: 0x00
Instruction cycle count set to 4
A |X |Y |SP |PC   |T/MT |NV-BDIZC |CYCLE
----------------------------------------
00|00|00|FE |0705 |1/4  |10100100 |20988
00|00|00|FE |0705 |2/4  |10100100 |20989
00|00|00|FE |0705 |3/4  |10100100 |20990
00|00|00|FE |0705 |4/4  |10100100 |20991


---------------
Opcode: 4A
Instruction:LSR Addressing Mode:Accumulator - Operand (Value: "0x00", Address: "None")
Instruction cycle count set to 2
A |X |Y |SP |PC   |T/MT |NV-BDIZC |CYCLE
----------------------------------------
00|00|00|FE |0706 |1/2  |00100110 |20992
00|00|00|FE |0706 |2/2  |00100110 |20993


---------------
Opcode: C9
ll: 02
Instruction:CMP Addressing Mode:Immediate - Operand (Value: "0x02", Address: "None")
Instruction cycle count set to 2
A |X |Y |SP |PC   |T/MT |NV-BDIZC |CYCLE
----------------------------------------
00|00|00|FE |0708 |1/2  |10100100 |20994
00|00|00|FE |0708 |2/2  |10100100 |20995


---------------
Opcode: D0
ll: F8
Old PC: 070A Offset:-8 New PC: 0702
Instruction:BNE Addressing Mode:Relative - Operand (Value: "None", Address: "0x0702")
Instruction cycle count set to 2
A |X |Y |SP |PC   |T/MT |NV-BDIZC |CYCLE
----------------------------------------
00|00|00|FE |0702 |1/3  |10100100 |20996
00|00|00|FE |0702 |2/3  |10100100 |20997
00|00|00|FE |0702 |3/3  |10100100 |20998
emulation behind by 1.701887422s. trying to catch up...


---------------
Opcode: 8D
ll: 00 hh: A0
Instruction:STA Addressing Mode:Absolute - Operand (Value: "0x00", Address: "0xA000")
Writing value 0x00 to address: 0xA000
0xA000: 0x00
Instruction cycle count set to 4
A |X |Y |SP |PC   |T/MT |NV-BDIZC |CYCLE
----------------------------------------
00|00|00|FE |0705 |1/4  |10100100 |20999
00|00|00|FE |0705 |2/4  |10100100 |21000
00|00|00|FE |0705 |3/4  |10100100 |21001
00|00|00|FE |0705 |4/4  |10100100 |21002


---------------
Opcode: 4A
Instruction:LSR Addressing Mode:Accumulator - Operand (Value: "0x00", Address: "None")
Instruction cycle count set to 2
A |X |Y |SP |PC   |T/MT |NV-BDIZC |CYCLE
----------------------------------------
00|00|00|FE |0706 |1/2  |00100110 |21003
00|00|00|FE |0706 |2/2  |00100110 |21004


---------------
Opcode: C9
ll: 02
Instruction:CMP Addressing Mode:Immediate - Operand (Value: "0x02", Address: "None")
Instruction cycle count set to 2
A |X |Y |SP |PC   |T/MT |NV-BDIZC |CYCLE
----------------------------------------
00|00|00|FE |0708 |1/2  |10100100 |21005
00|00|00|FE |0708 |2/2  |10100100 |21006


---------------
Opcode: D0
ll: F8
Old PC: 070A Offset:-8 New PC: 0702
Instruction:BNE Addressing Mode:Relative - Operand (Value: "None", Address: "0x0702")
Instruction cycle count set to 2
A |X |Y |SP |PC   |T/MT |NV-BDIZC |CYCLE
----------------------------------------
00|00|00|FE |0702 |1/3  |10100100 |21007
00|00|00|FE |0702 |2/3  |10100100 |21008
00|00|00|FE |0702 |3/3  |10100100 |21009


---------------
Opcode: 8D
ll: 00 hh: A0
Instruction:STA Addressing Mode:Absolute - Operand (Value: "0x00", Address: "0xA000")
Writing value 0x00 to address: 0xA000
0xA000: 0x00
Instruction cycle count set to 4
A |X |Y |SP |PC   |T/MT |NV-BDIZC |CYCLE
----------------------------------------
00|00|00|FE |0705 |1/4  |10100100 |21010
00|00|00|FE |0705 |2/4  |10100100 |21011
00|00|00|FE |0705 |3/4  |10100100 |21012
00|00|00|FE |0705 |4/4  |10100100 |21013


---------------
Opcode: 4A
Instruction:LSR Addressing Mode:Accumulator - Operand (Value: "0x00", Address: "None")
Instruction cycle count set to 2
A |X |Y |SP |PC   |T/MT |NV-BDIZC |CYCLE
----------------------------------------
00|00|00|FE |0706 |1/2  |00100110 |21014
00|00|00|FE |0706 |2/2  |00100110 |21015


---------------
Opcode: C9
ll: 02
Instruction:CMP Addressing Mode:Immediate - Operand (Value: "0x02", Address: "None")
Instruction cycle count set to 2
A |X |Y |SP |PC   |T/MT |NV-BDIZC |CYCLE
----------------------------------------
00|00|00|FE |0708 |1/2  |10100100 |21016
00|00|00|FE |0708 |2/2  |10100100 |21017


---------------
Opcode: D0
ll: F8
Old PC: 070A Offset:-8 New PC: 0702
Instruction:BNE Addressing Mode:Relative - Operand (Value: "None", Address: "0x0702")
Instruction cycle count set to 2
A |X |Y |SP |PC   |T/MT |NV-BDIZC |CYCLE
----------------------------------------
00|00|00|FE |0702 |1/3  |10100100 |21018
00|00|00|FE |0702 |2/3  |10100100 |21019
00|00|00|FE |0702 |3/3  |10100100 |21020


---------------
Opcode: 8D
ll: 00 hh: A0
Instruction:STA Addressing Mode:Absolute - Operand (Value: "0x00", Address: "0xA000")
Writing value 0x00 to address: 0xA000
0xA000: 0x00
Instruction cycle count set to 4
A |X |Y |SP |PC   |T/MT |NV-BDIZC |CYCLE
----------------------------------------
00|00|00|FE |0705 |1/4  |10100100 |21021
00|00|00|FE |0705 |2/4  |10100100 |21022
00|00|00|FE |0705 |3/4  |10100100 |21023
00|00|00|FE |0705 |4/4  |10100100 |21024


---------------
Opcode: 4A
Instruction:LSR Addressing Mode:Accumulator - Operand (Value: "0x00", Address: "None")
Instruction cycle count set to 2
A |X |Y |SP |PC   |T/MT |NV-BDIZC |CYCLE
----------------------------------------
00|00|00|FE |0706 |1/2  |00100110 |21025
00|00|00|FE |0706 |2/2  |00100110 |21026


---------------
Opcode: C9
ll: 02
Instruction:CMP Addressing Mode:Immediate - Operand (Value: "0x02", Address: "None")
Instruction cycle count set to 2
A |X |Y |SP |PC   |T/MT |NV-BDIZC |CYCLE
----------------------------------------
00|00|00|FE |0708 |1/2  |10100100 |21027
00|00|00|FE |0708 |2/2  |10100100 |21028


---------------
Opcode: D0
ll: F8
Old PC: 070A Offset:-8 New PC: 0702
Instruction:BNE Addressing Mode:Relative - Operand (Value: "None", Address: "0x0702")
Instruction cycle count set to 2
A |X |Y |SP |PC   |T/MT |NV-BDIZC |CYCLE
----------------------------------------
00|00|00|FE |0702 |1/3  |10100100 |21029
00|00|00|FE |0702 |2/3  |10100100 |21030
00|00|00|FE |0702 |3/3  |10100100 |21031


---------------
Opcode: 8D
ll: 00 hh: A0
Instruction:STA Addressing Mode:Absolute - Operand (Value: "0x00", Address: "0xA000")
Writing value 0x00 to address: 0xA000
0xA000: 0x00
Instruction cycle count set to 4
A |X |Y |SP |PC   |T/MT |NV-BDIZC |CYCLE
----------------------------------------
00|00|00|FE |0705 |1/4  |10100100 |21032
00|00|00|FE |0705 |2/4  |10100100 |21033
00|00|00|FE |0705 |3/4  |10100100 |21034
00|00|00|FE |0705 |4/4  |10100100 |21035


---------------
Opcode: 4A
Instruction:LSR Addressing Mode:Accumulator - Operand (Value: "0x00", Address: "None")
Instruction cycle count set to 2
A |X |Y |SP |PC   |T/MT |NV-BDIZC |CYCLE
----------------------------------------
00|00|00|FE |0706 |1/2  |00100110 |21036
00|00|00|FE |0706 |2/2  |00100110 |21037


---------------
Opcode: C9
ll: 02
Instruction:CMP Addressing Mode:Immediate - Operand (Value: "0x02", Address: "None")
Instruction cycle count set to 2
A |X |Y |SP |PC   |T/MT |NV-BDIZC |CYCLE
----------------------------------------
00|00|00|FE |0708 |1/2  |10100100 |21038
00|00|00|FE |0708 |2/2  |10100100 |21039


---------------
Opcode: D0
ll: F8
Old PC: 070A Offset:-8 New PC: 0702
Instruction:BNE Addressing Mode:Relative - Operand (Value: "None", Address: "0x0702")
Instruction cycle count set to 2
A |X |Y |SP |PC   |T/MT |NV-BDIZC |CYCLE
----------------------------------------
00|00|00|FE |0702 |1/3  |10100100 |21040
00|00|00|FE |0702 |2/3  |10100100 |21041
00|00|00|FE |0702 |3/3  |10100100 |21042


---------------
Opcode: 8D
ll: 00 hh: A0
Instruction:STA Addressing Mode:Absolute - Operand (Value: "0x00", Address: "0xA000")
Writing value 0x00 to address: 0xA000
0xA000: 0x00
Instruction cycle count set to 4
A |X |Y |SP |PC   |T/MT |NV-BDIZC |CYCLE
----------------------------------------
00|00|00|FE |0705 |1/4  |10100100 |21043
00|00|00|FE |0705 |2/4  |10100100 |21044
00|00|00|FE |0705 |3/4  |10100100 |21045
00|00|00|FE |0705 |4/4  |10100100 |21046


---------------
Opcode: 4A
Instruction:LSR Addressing Mode:Accumulator - Operand (Value: "0x00", Address: "None")
Instruction cycle count set to 2
A |X |Y |SP |PC   |T/MT |NV-BDIZC |CYCLE
----------------------------------------
00|00|00|FE |0706 |1/2  |00100110 |21047
00|00|00|FE |0706 |2/2  |00100110 |21048


---------------
Opcode: C9
ll: 02
Instruction:CMP Addressing Mode:Immediate - Operand (Value: "0x02", Address: "None")
Instruction cycle count set to 2
A |X |Y |SP |PC   |T/MT |NV-BDIZC |CYCLE
----------------------------------------
00|00|00|FE |0708 |1/2  |10100100 |21049
00|00|00|FE |0708 |2/2  |10100100 |21050


---------------
Opcode: D0
ll: F8
Old PC: 070A Offset:-8 New PC: 0702
Instruction:BNE Addressing Mode:Relative - Operand (Value: "None", Address: "0x0702")
Instruction cycle count set to 2
A |X |Y |SP |PC   |T/MT |NV-BDIZC |CYCLE
----------------------------------------
00|00|00|FE |0702 |1/3  |10100100 |21051
00|00|00|FE |0702 |2/3  |10100100 |21052
00|00|00|FE |0702 |3/3  |10100100 |21053


---------------
Opcode: 8D
ll: 00 hh: A0
Instruction:STA Addressing Mode:Absolute - Operand (Value: "0x00", Address: "0xA000")
Writing value 0x00 to address: 0xA000
0xA000: 0x00
Instruction cycle count set to 4
A |X |Y |SP |PC   |T/MT |NV-BDIZC |CYCLE
----------------------------------------
00|00|00|FE |0705 |1/4  |10100100 |21054
00|00|00|FE |0705 |2/4  |10100100 |21055
00|00|00|FE |0705 |3/4  |10100100 |21056
00|00|00|FE |0705 |4/4  |10100100 |21057


---------------
Opcode: 4A
Instruction:LSR Addressing Mode:Accumulator - Operand (Value: "0x00", Address: "None")
Instruction cycle count set to 2
A |X |Y |SP |PC   |T/MT |NV-BDIZC |CYCLE
----------------------------------------
00|00|00|FE |0706 |1/2  |00100110 |21058
00|00|00|FE |0706 |2/2  |00100110 |21059


---------------
Opcode: C9
ll: 02
Instruction:CMP Addressing Mode:Immediate - Operand (Value: "0x02", Address: "None")
Instruction cycle count set to 2
A |X |Y |SP |PC   |T/MT |NV-BDIZC |CYCLE
----------------------------------------
00|00|00|FE |0708 |1/2  |10100100 |21060
00|00|00|FE |0708 |2/2  |10100100 |21061


---------------
Opcode: D0
ll: F8
Old PC: 070A Offset:-8 New PC: 0702
Instruction:BNE Addressing Mode:Relative - Operand (Value: "None", Address: "0x0702")
Instruction cycle count set to 2
A |X |Y |SP |PC   |T/MT |NV-BDIZC |CYCLE
----------------------------------------
00|00|00|FE |0702 |1/3  |10100100 |21062
00|00|00|FE |0702 |2/3  |10100100 |21063
00|00|00|FE |0702 |3/3  |10100100 |21064


---------------
Opcode: 8D
ll: 00 hh: A0
Instruction:STA Addressing Mode:Absolute - Operand (Value: "0x00", Address: "0xA000")
Writing value 0x00 to address: 0xA000
0xA000: 0x00
Instruction cycle count set to 4
A |X |Y |SP |PC   |T/MT |NV-BDIZC |CYCLE
-----------------